000 (8016168.000.000) 11/24 18:47:17 Job submitted from host: <137.138.44.55:9618?addrs=137.138.44.55-9618+[2001-1458-d00-1a--48]-9618&alias=bigbird17.cern.ch&noUDP&sock=schedd_2511_ea66>
...
040 (8016168.000.000) 11/24 18:47:52 Started transferring input files
	Transferring to host: <188.185.196.52:9618?addrs=188.185.196.52-9618+[2001-1458-303-23--100-30]-9618&alias=b9p16p0444.cern.ch&noUDP&sock=slot1_32_6490_8ac1_59172>
...
040 (8016168.000.000) 11/24 18:47:52 Finished transferring input files
...
001 (8016168.000.000) 11/24 18:47:53 Job executing on host: <188.185.196.52:9618?addrs=188.185.196.52-9618+[2001-1458-303-23--100-30]-9618&alias=b9p16p0444.cern.ch&noUDP&sock=startd_5243_d723>
	SlotName: slot1_32@b9p16p0444.cern.ch
	CondorScratchDir = "/pool/condor/dir_1986490"
	Cpus = 2
	Disk = 3827
	GPUs = 0
	Memory = 6000
...
006 (8016168.000.000) 11/24 18:48:06 Image size of job updated: 39660
	25  -  MemoryUsage of job (MB)
	24868  -  ResidentSetSize of job (KB)
...
006 (8016168.000.000) 11/24 18:48:15 Image size of job updated: 47044
	25  -  MemoryUsage of job (MB)
	24944  -  ResidentSetSize of job (KB)
...
040 (8016168.000.000) 11/24 18:48:15 Started transferring output files
...
040 (8016168.000.000) 11/24 18:48:15 Finished transferring output files
...
005 (8016168.000.000) 11/24 18:48:15 Job terminated.
	(1) Normal termination (return value 2)
		Usr 0 00:00:10, Sys 0 00:00:04  -  Run Remote Usage
		Usr 0 00:00:00, Sys 0 00:00:00  -  Run Local Usage
		Usr 0 00:00:10, Sys 0 00:00:04  -  Total Remote Usage
		Usr 0 00:00:00, Sys 0 00:00:00  -  Total Local Usage
	7450  -  Run Bytes Sent By Job
	1093  -  Run Bytes Received By Job
	7450  -  Total Bytes Sent By Job
	1093  -  Total Bytes Received By Job
	Partitionable Resources :    Usage  Request Allocated 
	   Cpus                 :        0        2         2 
	   Disk (KB)            :       62        2      3827 
	   GPUs                 :                           0 
	   Memory (MB)          :       25     6000      6000 
	   TimeExecute (s)      :       22                    
	   TimeSlotBusy (s)     :       24                    

	Job terminated of its own accord at 2025-11-24T17:48:15Z with exit-code 2.
...
