000 (8016128.000.000) 11/24 18:47:07 Job submitted from host: <137.138.44.55:9618?addrs=137.138.44.55-9618+[2001-1458-d00-1a--48]-9618&alias=bigbird17.cern.ch&noUDP&sock=schedd_2511_ea66>
...
040 (8016128.000.000) 11/24 18:47:34 Started transferring input files
	Transferring to host: <188.185.195.158:9618?addrs=188.185.195.158-9618+[2001-1458-303-22--100-9a]-9618&alias=b9p17p8528.cern.ch&noUDP&sock=slot1_39_7032_6e17_85924>
...
040 (8016128.000.000) 11/24 18:47:34 Finished transferring input files
...
001 (8016128.000.000) 11/24 18:47:35 Job executing on host: <188.185.195.158:9618?addrs=188.185.195.158-9618+[2001-1458-303-22--100-9a]-9618&alias=b9p17p8528.cern.ch&noUDP&sock=startd_6447_af2a>
	SlotName: slot1_39@b9p17p8528.cern.ch
	CondorScratchDir = "/pool/condor/dir_2435688"
	Cpus = 2
	Disk = 3930
	GPUs = 0
	Memory = 6000
...
006 (8016128.000.000) 11/24 18:47:48 Image size of job updated: 44192
	44  -  MemoryUsage of job (MB)
	44192  -  ResidentSetSize of job (KB)
...
040 (8016128.000.000) 11/24 18:47:59 Started transferring output files
...
040 (8016128.000.000) 11/24 18:47:59 Finished transferring output files
...
005 (8016128.000.000) 11/24 18:47:59 Job terminated.
	(1) Normal termination (return value 2)
		Usr 0 00:00:08, Sys 0 00:00:03  -  Run Remote Usage
		Usr 0 00:00:00, Sys 0 00:00:00  -  Run Local Usage
		Usr 0 00:00:08, Sys 0 00:00:03  -  Total Remote Usage
		Usr 0 00:00:00, Sys 0 00:00:00  -  Total Local Usage
	7450  -  Run Bytes Sent By Job
	1093  -  Run Bytes Received By Job
	7450  -  Total Bytes Sent By Job
	1093  -  Total Bytes Received By Job
	Partitionable Resources :    Usage  Request Allocated 
	   Cpus                 :                 2         2 
	   Disk (KB)            :       54        2      3930 
	   GPUs                 :                           0 
	   Memory (MB)          :       44     6000      6000 
	   TimeExecute (s)      :       24                    
	   TimeSlotBusy (s)     :       26                    

	Job terminated of its own accord at 2025-11-24T17:47:59Z with exit-code 2.
...
000 (8016431.000.000) 11/24 18:48:51 Job submitted from host: <137.138.44.55:9618?addrs=137.138.44.55-9618+[2001-1458-d00-1a--48]-9618&alias=bigbird17.cern.ch&noUDP&sock=schedd_2511_ea66>
...
040 (8016431.000.000) 11/24 18:49:51 Started transferring input files
	Transferring to host: <188.185.195.143:9618?addrs=188.185.195.143-9618+[2001-1458-303-22--100-8b]-9618&alias=b9p17p7191.cern.ch&noUDP&sock=slot1_8_6194_fbb5_61401>
...
040 (8016431.000.000) 11/24 18:49:51 Finished transferring input files
...
001 (8016431.000.000) 11/24 18:49:52 Job executing on host: <188.185.195.143:9618?addrs=188.185.195.143-9618+[2001-1458-303-22--100-8b]-9618&alias=b9p17p7191.cern.ch&noUDP&sock=startd_4951_8d7b>
	SlotName: slot1_8@b9p17p7191.cern.ch
	CondorScratchDir = "/pool/condor/dir_1981899"
	Cpus = 2
	Disk = 3814
	GPUs = 0
	Memory = 6000
...
006 (8016431.000.000) 11/24 18:50:06 Image size of job updated: 3328
	2  -  MemoryUsage of job (MB)
	1100  -  ResidentSetSize of job (KB)
...
006 (8016431.000.000) 11/24 18:50:42 Image size of job updated: 46212
	2  -  MemoryUsage of job (MB)
	1100  -  ResidentSetSize of job (KB)
...
040 (8016431.000.000) 11/24 18:50:42 Started transferring output files
...
040 (8016431.000.000) 11/24 18:50:42 Finished transferring output files
...
005 (8016431.000.000) 11/24 18:50:42 Job terminated.
	(1) Normal termination (return value 2)
		Usr 0 00:00:12, Sys 0 00:00:04  -  Run Remote Usage
		Usr 0 00:00:00, Sys 0 00:00:00  -  Run Local Usage
		Usr 0 00:00:12, Sys 0 00:00:04  -  Total Remote Usage
		Usr 0 00:00:00, Sys 0 00:00:00  -  Total Local Usage
	7450  -  Run Bytes Sent By Job
	1093  -  Run Bytes Received By Job
	7450  -  Total Bytes Sent By Job
	1093  -  Total Bytes Received By Job
	Partitionable Resources :    Usage  Request Allocated 
	   Cpus                 :     0.09        2         2 
	   Disk (KB)            :    62           2      3814 
	   GPUs                 :                           0 
	   Memory (MB)          :     2        6000      6000 
	   TimeExecute (s)      :    50                       
	   TimeSlotBusy (s)     :    60                       

	Job terminated of its own accord at 2025-11-24T17:50:42Z with exit-code 2.
...
