000 (8016185.000.000) 11/24 18:47:20 Job submitted from host: <137.138.44.55:9618?addrs=137.138.44.55-9618+[2001-1458-d00-1a--48]-9618&alias=bigbird17.cern.ch&noUDP&sock=schedd_2511_ea66>
...
040 (8016185.000.000) 11/24 18:47:53 Started transferring input files
	Transferring to host: <188.185.192.141:9618?addrs=188.185.192.141-9618+[2001-1458-303-1f--100-89]-9618&alias=b9p13p6301.cern.ch&noUDP&sock=slot1_45_193885_45a5_60472>
...
040 (8016185.000.000) 11/24 18:47:53 Finished transferring input files
...
001 (8016185.000.000) 11/24 18:47:54 Job executing on host: <188.185.192.141:9618?addrs=188.185.192.141-9618+[2001-1458-303-1f--100-89]-9618&alias=b9p13p6301.cern.ch&noUDP&sock=startd_4757_7c1c>
	SlotName: slot1_45@b9p13p6301.cern.ch
	CondorScratchDir = "/pool/condor/dir_2045533"
	Cpus = 2
	Disk = 3925
	GPUs = 0
	Memory = 6000
...
006 (8016185.000.000) 11/24 18:48:07 Image size of job updated: 32820
	33  -  MemoryUsage of job (MB)
	32820  -  ResidentSetSize of job (KB)
...
006 (8016185.000.000) 11/24 18:48:22 Image size of job updated: 45008
	33  -  MemoryUsage of job (MB)
	32844  -  ResidentSetSize of job (KB)
...
040 (8016185.000.000) 11/24 18:48:24 Started transferring output files
...
040 (8016185.000.000) 11/24 18:48:26 Finished transferring output files
...
005 (8016185.000.000) 11/24 18:48:37 Job terminated.
	(1) Normal termination (return value 2)
		Usr 0 00:00:12, Sys 0 00:00:04  -  Run Remote Usage
		Usr 0 00:00:00, Sys 0 00:00:00  -  Run Local Usage
		Usr 0 00:00:12, Sys 0 00:00:04  -  Total Remote Usage
		Usr 0 00:00:00, Sys 0 00:00:00  -  Total Local Usage
	7450  -  Run Bytes Sent By Job
	1093  -  Run Bytes Received By Job
	7450  -  Total Bytes Sent By Job
	1093  -  Total Bytes Received By Job
	Partitionable Resources :    Usage  Request Allocated 
	   Cpus                 :                 2         2 
	   Disk (KB)            :       54        2      3925 
	   GPUs                 :                           0 
	   Memory (MB)          :       33     6000      6000 
	   TimeExecute (s)      :       28                    
	   TimeSlotBusy (s)     :       35                    

	Job terminated of its own accord at 2025-11-24T17:48:22Z with exit-code 2.
...
