000 (8016124.000.000) 11/24 18:47:05 Job submitted from host: <137.138.44.55:9618?addrs=137.138.44.55-9618+[2001-1458-d00-1a--48]-9618&alias=bigbird17.cern.ch&noUDP&sock=schedd_2511_ea66>
...
040 (8016124.000.000) 11/24 18:47:33 Started transferring input files
	Transferring to host: <128.142.161.107:9618?addrs=128.142.161.107-9618+[2001-1458-301-b8--100-29]-9618&alias=b9g03p5993.cern.ch&noUDP&sock=slot1_29_1428452_6861_80143>
...
040 (8016124.000.000) 11/24 18:47:33 Finished transferring input files
...
001 (8016124.000.000) 11/24 18:47:34 Job executing on host: <128.142.161.107:9618?addrs=128.142.161.107-9618+[2001-1458-301-b8--100-29]-9618&alias=b9g03p5993.cern.ch&noUDP&sock=startd_3684_7efd>
	SlotName: slot1_29@b9g03p5993.cern.ch
	CondorScratchDir = "/pool/condor/dir_2664853"
	Cpus = 2
	Disk = 3988
	GPUs = 0
	Memory = 6000
...
006 (8016124.000.000) 11/24 18:47:48 Image size of job updated: 1492
	2  -  MemoryUsage of job (MB)
	1492  -  ResidentSetSize of job (KB)
...
006 (8016124.000.000) 11/24 18:48:15 Image size of job updated: 33236
	2  -  MemoryUsage of job (MB)
	1492  -  ResidentSetSize of job (KB)
...
040 (8016124.000.000) 11/24 18:48:16 Started transferring output files
...
040 (8016124.000.000) 11/24 18:48:16 Finished transferring output files
...
005 (8016124.000.000) 11/24 18:48:16 Job terminated.
	(1) Normal termination (return value 2)
		Usr 0 00:00:06, Sys 0 00:00:03  -  Run Remote Usage
		Usr 0 00:00:00, Sys 0 00:00:00  -  Run Local Usage
		Usr 0 00:00:06, Sys 0 00:00:03  -  Total Remote Usage
		Usr 0 00:00:00, Sys 0 00:00:00  -  Total Local Usage
	7450  -  Run Bytes Sent By Job
	1093  -  Run Bytes Received By Job
	7450  -  Total Bytes Sent By Job
	1093  -  Total Bytes Received By Job
	Partitionable Resources :    Usage  Request Allocated 
	   Cpus                 :        0        2         2 
	   Disk (KB)            :       62        2      3988 
	   GPUs                 :                           0 
	   Memory (MB)          :        2     6000      6000 
	   TimeExecute (s)      :       41                    
	   TimeSlotBusy (s)     :       44                    

	Job terminated of its own accord at 2025-11-24T17:48:15Z with exit-code 2.
...
000 (8016427.000.000) 11/24 18:48:27 Job submitted from host: <137.138.44.55:9618?addrs=137.138.44.55-9618+[2001-1458-d00-1a--48]-9618&alias=bigbird17.cern.ch&noUDP&sock=schedd_2511_ea66>
...
040 (8016427.000.000) 11/24 18:49:43 Started transferring input files
	Transferring to host: <188.185.193.167:9618?addrs=188.185.193.167-9618+[2001-1458-303-20--100-a3]-9618&alias=b9p19p1102.cern.ch&noUDP&sock=slot1_13_5340_4352_62634>
...
040 (8016427.000.000) 11/24 18:49:43 Finished transferring input files
...
001 (8016427.000.000) 11/24 18:49:44 Job executing on host: <188.185.193.167:9618?addrs=188.185.193.167-9618+[2001-1458-303-20--100-a3]-9618&alias=b9p19p1102.cern.ch&noUDP&sock=startd_4220_25c0>
	SlotName: slot1_13@b9p19p1102.cern.ch
	CondorScratchDir = "/pool/condor/dir_2452658"
	Cpus = 2
	Disk = 3807
	GPUs = 0
	Memory = 6000
...
006 (8016427.000.000) 11/24 18:49:58 Image size of job updated: 18304
	18  -  MemoryUsage of job (MB)
	18304  -  ResidentSetSize of job (KB)
...
006 (8016427.000.000) 11/24 18:50:12 Image size of job updated: 46212
	18  -  MemoryUsage of job (MB)
	18348  -  ResidentSetSize of job (KB)
...
040 (8016427.000.000) 11/24 18:50:12 Started transferring output files
...
040 (8016427.000.000) 11/24 18:50:12 Finished transferring output files
...
005 (8016427.000.000) 11/24 18:50:12 Job terminated.
	(1) Normal termination (return value 2)
		Usr 0 00:00:12, Sys 0 00:00:05  -  Run Remote Usage
		Usr 0 00:00:00, Sys 0 00:00:00  -  Run Local Usage
		Usr 0 00:00:12, Sys 0 00:00:05  -  Total Remote Usage
		Usr 0 00:00:00, Sys 0 00:00:00  -  Total Local Usage
	7450  -  Run Bytes Sent By Job
	1093  -  Run Bytes Received By Job
	7450  -  Total Bytes Sent By Job
	1093  -  Total Bytes Received By Job
	Partitionable Resources :    Usage  Request Allocated 
	   Cpus                 :        0        2         2 
	   Disk (KB)            :       62        2      3807 
	   GPUs                 :                           0 
	   Memory (MB)          :       18     6000      6000 
	   TimeExecute (s)      :       28                    
	   TimeSlotBusy (s)     :       30                    

	Job terminated of its own accord at 2025-11-24T17:50:12Z with exit-code 2.
...
