000 (8016180.000.000) 11/24 18:47:19 Job submitted from host: <137.138.44.55:9618?addrs=137.138.44.55-9618+[2001-1458-d00-1a--48]-9618&alias=bigbird17.cern.ch&noUDP&sock=schedd_2511_ea66>
...
040 (8016180.000.000) 11/24 18:47:50 Started transferring input files
	Transferring to host: <188.185.192.54:9618?addrs=188.185.192.54-9618+[2001-1458-303-1f--100-32]-9618&alias=b9p13p6922.cern.ch&noUDP&sock=slot1_21_7087_2eb9_60810>
...
040 (8016180.000.000) 11/24 18:47:50 Finished transferring input files
...
001 (8016180.000.000) 11/24 18:47:51 Job executing on host: <188.185.192.54:9618?addrs=188.185.192.54-9618+[2001-1458-303-1f--100-32]-9618&alias=b9p13p6922.cern.ch&noUDP&sock=startd_5728_8292>
	SlotName: slot1_21@b9p13p6922.cern.ch
	CondorScratchDir = "/pool/condor/dir_266773"
	Cpus = 2
	Disk = 3844
	GPUs = 0
	Memory = 6000
...
006 (8016180.000.000) 11/24 18:48:05 Image size of job updated: 24568
	3  -  MemoryUsage of job (MB)
	2732  -  ResidentSetSize of job (KB)
...
006 (8016180.000.000) 11/24 18:48:16 Image size of job updated: 47036
	3  -  MemoryUsage of job (MB)
	2732  -  ResidentSetSize of job (KB)
...
040 (8016180.000.000) 11/24 18:48:16 Started transferring output files
...
040 (8016180.000.000) 11/24 18:48:16 Finished transferring output files
...
005 (8016180.000.000) 11/24 18:48:16 Job terminated.
	(1) Normal termination (return value 2)
		Usr 0 00:00:11, Sys 0 00:00:04  -  Run Remote Usage
		Usr 0 00:00:00, Sys 0 00:00:00  -  Run Local Usage
		Usr 0 00:00:11, Sys 0 00:00:04  -  Total Remote Usage
		Usr 0 00:00:00, Sys 0 00:00:00  -  Total Local Usage
	7450  -  Run Bytes Sent By Job
	1093  -  Run Bytes Received By Job
	7450  -  Total Bytes Sent By Job
	1093  -  Total Bytes Received By Job
	Partitionable Resources :    Usage  Request Allocated 
	   Cpus                 :        0        2         2 
	   Disk (KB)            :       63        2      3844 
	   GPUs                 :                           0 
	   Memory (MB)          :        3     6000      6000 
	   TimeExecute (s)      :       25                    
	   TimeSlotBusy (s)     :       26                    

	Job terminated of its own accord at 2025-11-24T17:48:16Z with exit-code 2.
...
