000 (8016134.000.000) 11/24 18:47:09 Job submitted from host: <137.138.44.55:9618?addrs=137.138.44.55-9618+[2001-1458-d00-1a--48]-9618&alias=bigbird17.cern.ch&noUDP&sock=schedd_2511_ea66>
...
040 (8016134.000.000) 11/24 18:47:35 Started transferring input files
	Transferring to host: <128.142.161.142:9618?addrs=128.142.161.142-9618+[2001-1458-301-b9--100-b]-9618&alias=b9g03p5522.cern.ch&noUDP&sock=slot1_42_5929_444a_64320>
...
040 (8016134.000.000) 11/24 18:47:35 Finished transferring input files
...
001 (8016134.000.000) 11/24 18:47:36 Job executing on host: <128.142.161.142:9618?addrs=128.142.161.142-9618+[2001-1458-301-b9--100-b]-9618&alias=b9g03p5522.cern.ch&noUDP&sock=startd_4469_f0d5>
	SlotName: slot1_42@b9g03p5522.cern.ch
	CondorScratchDir = "/pool/condor/dir_2648276"
	Cpus = 2
	Disk = 3890
	GPUs = 0
	Memory = 6000
...
006 (8016134.000.000) 11/24 18:47:50 Image size of job updated: 42912
	42  -  MemoryUsage of job (MB)
	42912  -  ResidentSetSize of job (KB)
...
040 (8016134.000.000) 11/24 18:48:00 Started transferring output files
...
040 (8016134.000.000) 11/24 18:48:00 Finished transferring output files
...
005 (8016134.000.000) 11/24 18:48:00 Job terminated.
	(1) Normal termination (return value 2)
		Usr 0 00:00:10, Sys 0 00:00:04  -  Run Remote Usage
		Usr 0 00:00:00, Sys 0 00:00:00  -  Run Local Usage
		Usr 0 00:00:10, Sys 0 00:00:04  -  Total Remote Usage
		Usr 0 00:00:00, Sys 0 00:00:00  -  Total Local Usage
	7450  -  Run Bytes Sent By Job
	1093  -  Run Bytes Received By Job
	7450  -  Total Bytes Sent By Job
	1093  -  Total Bytes Received By Job
	Partitionable Resources :    Usage  Request Allocated 
	   Cpus                 :        0        2         2 
	   Disk (KB)            :       62        2      3890 
	   GPUs                 :                           0 
	   Memory (MB)          :       42     6000      6000 
	   TimeExecute (s)      :       24                    
	   TimeSlotBusy (s)     :       25                    

	Job terminated of its own accord at 2025-11-24T17:48:00Z with exit-code 2.
...
