000 (8016159.000.000) 11/24 18:47:15 Job submitted from host: <137.138.44.55:9618?addrs=137.138.44.55-9618+[2001-1458-d00-1a--48]-9618&alias=bigbird17.cern.ch&noUDP&sock=schedd_2511_ea66>
...
040 (8016159.000.000) 11/24 18:47:44 Started transferring input files
	Transferring to host: <188.185.195.36:9618?addrs=188.185.195.36-9618+[2001-1458-303-22--100-20]-9618&alias=b9p17p8636.cern.ch&noUDP&sock=slot1_39_3250_ab3d_61030>
...
040 (8016159.000.000) 11/24 18:47:44 Finished transferring input files
...
001 (8016159.000.000) 11/24 18:47:45 Job executing on host: <188.185.195.36:9618?addrs=188.185.195.36-9618+[2001-1458-303-22--100-20]-9618&alias=b9p17p8636.cern.ch&noUDP&sock=startd_2519_6728>
	SlotName: slot1_39@b9p17p8636.cern.ch
	CondorScratchDir = "/pool/condor/dir_3310484"
	Cpus = 2
	Disk = 3869
	GPUs = 0
	Memory = 6000
...
006 (8016159.000.000) 11/24 18:47:58 Image size of job updated: 572
	1  -  MemoryUsage of job (MB)
	572  -  ResidentSetSize of job (KB)
...
006 (8016159.000.000) 11/24 18:48:18 Image size of job updated: 46440
	1  -  MemoryUsage of job (MB)
	572  -  ResidentSetSize of job (KB)
...
040 (8016159.000.000) 11/24 18:48:18 Started transferring output files
...
040 (8016159.000.000) 11/24 18:48:18 Finished transferring output files
...
005 (8016159.000.000) 11/24 18:48:18 Job terminated.
	(1) Normal termination (return value 2)
		Usr 0 00:00:12, Sys 0 00:00:05  -  Run Remote Usage
		Usr 0 00:00:00, Sys 0 00:00:00  -  Run Local Usage
		Usr 0 00:00:12, Sys 0 00:00:05  -  Total Remote Usage
		Usr 0 00:00:00, Sys 0 00:00:00  -  Total Local Usage
	7450  -  Run Bytes Sent By Job
	1093  -  Run Bytes Received By Job
	7450  -  Total Bytes Sent By Job
	1093  -  Total Bytes Received By Job
	Partitionable Resources :    Usage  Request Allocated 
	   Cpus                 :        0        2         2 
	   Disk (KB)            :       62        2      3869 
	   GPUs                 :                           0 
	   Memory (MB)          :        1     6000      6000 
	   TimeExecute (s)      :       33                    
	   TimeSlotBusy (s)     :       34                    

	Job terminated of its own accord at 2025-11-24T17:48:18Z with exit-code 2.
...
