000 (8016165.000.000) 11/24 18:47:16 Job submitted from host: <137.138.44.55:9618?addrs=137.138.44.55-9618+[2001-1458-d00-1a--48]-9618&alias=bigbird17.cern.ch&noUDP&sock=schedd_2511_ea66>
...
040 (8016165.000.000) 11/24 18:47:47 Started transferring input files
	Transferring to host: <188.185.192.10:9618?addrs=188.185.192.10-9618+[2001-1458-303-1f--100-6]-9618&alias=b9p13p3697.cern.ch&noUDP&sock=slot1_47_7374_6665_67868>
...
040 (8016165.000.000) 11/24 18:47:47 Finished transferring input files
...
001 (8016165.000.000) 11/24 18:47:48 Job executing on host: <188.185.192.10:9618?addrs=188.185.192.10-9618+[2001-1458-303-1f--100-6]-9618&alias=b9p13p3697.cern.ch&noUDP&sock=startd_5913_6797>
	SlotName: slot1_47@b9p13p3697.cern.ch
	CondorScratchDir = "/pool/condor/dir_3647137"
	Cpus = 2
	Disk = 3795
	GPUs = 0
	Memory = 6000
...
006 (8016165.000.000) 11/24 18:48:01 Image size of job updated: 38056
	38  -  MemoryUsage of job (MB)
	38056  -  ResidentSetSize of job (KB)
...
006 (8016165.000.000) 11/24 18:48:15 Image size of job updated: 44020
	38  -  MemoryUsage of job (MB)
	38064  -  ResidentSetSize of job (KB)
...
040 (8016165.000.000) 11/24 18:48:15 Started transferring output files
...
040 (8016165.000.000) 11/24 18:48:15 Finished transferring output files
...
005 (8016165.000.000) 11/24 18:48:15 Job terminated.
	(1) Normal termination (return value 2)
		Usr 0 00:00:11, Sys 0 00:00:04  -  Run Remote Usage
		Usr 0 00:00:00, Sys 0 00:00:00  -  Run Local Usage
		Usr 0 00:00:11, Sys 0 00:00:04  -  Total Remote Usage
		Usr 0 00:00:00, Sys 0 00:00:00  -  Total Local Usage
	7450  -  Run Bytes Sent By Job
	1093  -  Run Bytes Received By Job
	7450  -  Total Bytes Sent By Job
	1093  -  Total Bytes Received By Job
	Partitionable Resources :    Usage  Request Allocated 
	   Cpus                 :        0        2         2 
	   Disk (KB)            :       63        2      3795 
	   GPUs                 :                           0 
	   Memory (MB)          :       38     6000      6000 
	   TimeExecute (s)      :       27                    
	   TimeSlotBusy (s)     :       29                    

	Job terminated of its own accord at 2025-11-24T17:48:15Z with exit-code 2.
...
