000 (8016136.000.000) 11/24 18:47:10 Job submitted from host: <137.138.44.55:9618?addrs=137.138.44.55-9618+[2001-1458-d00-1a--48]-9618&alias=bigbird17.cern.ch&noUDP&sock=schedd_2511_ea66>
...
040 (8016136.000.000) 11/24 18:47:37 Started transferring input files
	Transferring to host: <188.185.193.157:9618?addrs=188.185.193.157-9618+[2001-1458-303-20--100-99]-9618&alias=b9p19p8004.cern.ch&noUDP&sock=slot1_33_5393_9b34_62632>
...
040 (8016136.000.000) 11/24 18:47:37 Finished transferring input files
...
001 (8016136.000.000) 11/24 18:47:38 Job executing on host: <188.185.193.157:9618?addrs=188.185.193.157-9618+[2001-1458-303-20--100-99]-9618&alias=b9p19p8004.cern.ch&noUDP&sock=startd_4255_2791>
	SlotName: slot1_33@b9p19p8004.cern.ch
	CondorScratchDir = "/pool/condor/dir_2074657"
	Cpus = 2
	Disk = 3764
	GPUs = 0
	Memory = 6000
...
006 (8016136.000.000) 11/24 18:47:51 Image size of job updated: 43412
	43  -  MemoryUsage of job (MB)
	43412  -  ResidentSetSize of job (KB)
...
006 (8016136.000.000) 11/24 18:48:02 Image size of job updated: 47036
	43  -  MemoryUsage of job (MB)
	43512  -  ResidentSetSize of job (KB)
...
040 (8016136.000.000) 11/24 18:48:02 Started transferring output files
...
040 (8016136.000.000) 11/24 18:48:02 Finished transferring output files
...
005 (8016136.000.000) 11/24 18:48:02 Job terminated.
	(1) Normal termination (return value 2)
		Usr 0 00:00:11, Sys 0 00:00:04  -  Run Remote Usage
		Usr 0 00:00:00, Sys 0 00:00:00  -  Run Local Usage
		Usr 0 00:00:11, Sys 0 00:00:04  -  Total Remote Usage
		Usr 0 00:00:00, Sys 0 00:00:00  -  Total Local Usage
	7450  -  Run Bytes Sent By Job
	1093  -  Run Bytes Received By Job
	7450  -  Total Bytes Sent By Job
	1093  -  Total Bytes Received By Job
	Partitionable Resources :    Usage  Request Allocated 
	   Cpus                 :        0        2         2 
	   Disk (KB)            :       62        2      3764 
	   GPUs                 :                           0 
	   Memory (MB)          :       43     6000      6000 
	   TimeExecute (s)      :       24                    
	   TimeSlotBusy (s)     :       26                    

	Job terminated of its own accord at 2025-11-24T17:48:02Z with exit-code 2.
...
