000 (8016147.000.000) 11/24 18:47:12 Job submitted from host: <137.138.44.55:9618?addrs=137.138.44.55-9618+[2001-1458-d00-1a--48]-9618&alias=bigbird17.cern.ch&noUDP&sock=schedd_2511_ea66>
...
040 (8016147.000.000) 11/24 18:47:45 Started transferring input files
	Transferring to host: <188.185.196.175:9618?addrs=188.185.196.175-9618+[2001-1458-303-23--100-ab]-9618&alias=b9p16p3224.cern.ch&noUDP&sock=slot1_39_5919_388a_62751>
...
040 (8016147.000.000) 11/24 18:47:45 Finished transferring input files
...
001 (8016147.000.000) 11/24 18:47:46 Job executing on host: <188.185.196.175:9618?addrs=188.185.196.175-9618+[2001-1458-303-23--100-ab]-9618&alias=b9p16p3224.cern.ch&noUDP&sock=startd_4523_faf2>
	SlotName: slot1_39@b9p16p3224.cern.ch
	CondorScratchDir = "/pool/condor/dir_665070"
	Cpus = 2
	Disk = 3843
	GPUs = 0
	Memory = 6000
...
006 (8016147.000.000) 11/24 18:47:59 Image size of job updated: 33460
	20  -  MemoryUsage of job (MB)
	20168  -  ResidentSetSize of job (KB)
...
006 (8016147.000.000) 11/24 18:48:09 Image size of job updated: 43728
	20  -  MemoryUsage of job (MB)
	20220  -  ResidentSetSize of job (KB)
...
040 (8016147.000.000) 11/24 18:48:09 Started transferring output files
...
040 (8016147.000.000) 11/24 18:48:09 Finished transferring output files
...
005 (8016147.000.000) 11/24 18:48:09 Job terminated.
	(1) Normal termination (return value 2)
		Usr 0 00:00:10, Sys 0 00:00:04  -  Run Remote Usage
		Usr 0 00:00:00, Sys 0 00:00:00  -  Run Local Usage
		Usr 0 00:00:10, Sys 0 00:00:04  -  Total Remote Usage
		Usr 0 00:00:00, Sys 0 00:00:00  -  Total Local Usage
	7450  -  Run Bytes Sent By Job
	1093  -  Run Bytes Received By Job
	7450  -  Total Bytes Sent By Job
	1093  -  Total Bytes Received By Job
	Partitionable Resources :    Usage  Request Allocated 
	   Cpus                 :        0        2         2 
	   Disk (KB)            :       62        2      3843 
	   GPUs                 :                           0 
	   Memory (MB)          :       20     6000      6000 
	   TimeExecute (s)      :       23                    
	   TimeSlotBusy (s)     :       29                    

	Job terminated of its own accord at 2025-11-24T17:48:09Z with exit-code 2.
...
