000 (8016154.000.000) 11/24 18:47:14 Job submitted from host: <137.138.44.55:9618?addrs=137.138.44.55-9618+[2001-1458-d00-1a--48]-9618&alias=bigbird17.cern.ch&noUDP&sock=schedd_2511_ea66>
...
040 (8016154.000.000) 11/24 18:47:43 Started transferring input files
	Transferring to host: <188.185.194.9:9618?addrs=188.185.194.9-9618+[2001-1458-303-21--100-5]-9618&alias=b9p20p2920.cern.ch&noUDP&sock=slot1_35_10176_a997_61315>
...
040 (8016154.000.000) 11/24 18:47:43 Finished transferring input files
...
001 (8016154.000.000) 11/24 18:47:44 Job executing on host: <188.185.194.9:9618?addrs=188.185.194.9-9618+[2001-1458-303-21--100-5]-9618&alias=b9p20p2920.cern.ch&noUDP&sock=startd_8471_fad9>
	SlotName: slot1_35@b9p20p2920.cern.ch
	CondorScratchDir = "/pool/condor/dir_1286038"
	Cpus = 2
	Disk = 3873
	GPUs = 0
	Memory = 6000
...
006 (8016154.000.000) 11/24 18:47:58 Image size of job updated: 760
	1  -  MemoryUsage of job (MB)
	572  -  ResidentSetSize of job (KB)
...
006 (8016154.000.000) 11/24 18:48:34 Image size of job updated: 44196
	1  -  MemoryUsage of job (MB)
	572  -  ResidentSetSize of job (KB)
...
040 (8016154.000.000) 11/24 18:48:43 Started transferring output files
...
040 (8016154.000.000) 11/24 18:48:54 Finished transferring output files
...
005 (8016154.000.000) 11/24 18:49:00 Job terminated.
	(1) Normal termination (return value 2)
		Usr 0 00:00:11, Sys 0 00:00:04  -  Run Remote Usage
		Usr 0 00:00:00, Sys 0 00:00:00  -  Run Local Usage
		Usr 0 00:00:11, Sys 0 00:00:04  -  Total Remote Usage
		Usr 0 00:00:00, Sys 0 00:00:00  -  Total Local Usage
	7450  -  Run Bytes Sent By Job
	1093  -  Run Bytes Received By Job
	7450  -  Total Bytes Sent By Job
	1093  -  Total Bytes Received By Job
	Partitionable Resources :    Usage  Request Allocated 
	   Cpus                 :        0        2         2 
	   Disk (KB)            :       62        2      3873 
	   GPUs                 :                           0 
	   Memory (MB)          :        1     6000      6000 
	   TimeExecute (s)      :       50                    
	   TimeSlotBusy (s)     :       77                    

	Job terminated of its own accord at 2025-11-24T17:48:34Z with exit-code 2.
...
