000 (8016141.000.000) 11/24 18:47:11 Job submitted from host: <137.138.44.55:9618?addrs=137.138.44.55-9618+[2001-1458-d00-1a--48]-9618&alias=bigbird17.cern.ch&noUDP&sock=schedd_2511_ea66>
...
040 (8016141.000.000) 11/24 18:47:38 Started transferring input files
	Transferring to host: <188.185.196.126:9618?addrs=188.185.196.126-9618+[2001-1458-303-23--100-7a]-9618&alias=b9p16p1240.cern.ch&noUDP&sock=slot1_39_3066_0636_11395>
...
040 (8016141.000.000) 11/24 18:47:38 Finished transferring input files
...
001 (8016141.000.000) 11/24 18:47:39 Job executing on host: <188.185.196.126:9618?addrs=188.185.196.126-9618+[2001-1458-303-23--100-7a]-9618&alias=b9p16p1240.cern.ch&noUDP&sock=startd_2581_ee07>
	SlotName: slot1_39@b9p16p1240.cern.ch
	CondorScratchDir = "/pool/condor/dir_452277"
	Cpus = 2
	Disk = 3897
	GPUs = 0
	Memory = 6000
...
006 (8016141.000.000) 11/24 18:47:53 Image size of job updated: 36848
	36  -  MemoryUsage of job (MB)
	36848  -  ResidentSetSize of job (KB)
...
006 (8016141.000.000) 11/24 18:48:03 Image size of job updated: 36872
	37  -  MemoryUsage of job (MB)
	36872  -  ResidentSetSize of job (KB)
...
040 (8016141.000.000) 11/24 18:48:03 Started transferring output files
...
040 (8016141.000.000) 11/24 18:48:03 Finished transferring output files
...
005 (8016141.000.000) 11/24 18:48:03 Job terminated.
	(1) Normal termination (return value 2)
		Usr 0 00:00:11, Sys 0 00:00:04  -  Run Remote Usage
		Usr 0 00:00:00, Sys 0 00:00:00  -  Run Local Usage
		Usr 0 00:00:11, Sys 0 00:00:04  -  Total Remote Usage
		Usr 0 00:00:00, Sys 0 00:00:00  -  Total Local Usage
	7450  -  Run Bytes Sent By Job
	1093  -  Run Bytes Received By Job
	7450  -  Total Bytes Sent By Job
	1093  -  Total Bytes Received By Job
	Partitionable Resources :    Usage  Request Allocated 
	   Cpus                 :     0.08        2         2 
	   Disk (KB)            :    62           2      3897 
	   GPUs                 :                           0 
	   Memory (MB)          :    37        6000      6000 
	   TimeExecute (s)      :    24                       
	   TimeSlotBusy (s)     :    25                       

	Job terminated of its own accord at 2025-11-24T17:48:03Z with exit-code 2.
...
