000 (8016241.000.000) 11/24 18:47:33 Job submitted from host: <137.138.44.55:9618?addrs=137.138.44.55-9618+[2001-1458-d00-1a--48]-9618&alias=bigbird17.cern.ch&noUDP&sock=schedd_2511_ea66>
...
040 (8016241.000.000) 11/24 18:48:11 Started transferring input files
	Transferring to host: <128.142.161.142:9618?addrs=128.142.161.142-9618+[2001-1458-301-b9--100-b]-9618&alias=b9g03p5522.cern.ch&noUDP&sock=slot1_42_5929_444a_64322>
...
040 (8016241.000.000) 11/24 18:48:11 Finished transferring input files
...
001 (8016241.000.000) 11/24 18:48:12 Job executing on host: <128.142.161.142:9618?addrs=128.142.161.142-9618+[2001-1458-301-b9--100-b]-9618&alias=b9g03p5522.cern.ch&noUDP&sock=startd_4469_f0d5>
	SlotName: slot1_42@b9g03p5522.cern.ch
	CondorScratchDir = "/pool/condor/dir_2650016"
	Cpus = 2
	Disk = 3890
	GPUs = 0
	Memory = 6000
...
006 (8016241.000.000) 11/24 18:48:25 Image size of job updated: 42904
	42  -  MemoryUsage of job (MB)
	42904  -  ResidentSetSize of job (KB)
...
006 (8016241.000.000) 11/24 18:48:33 Image size of job updated: 47036
	42  -  MemoryUsage of job (MB)
	42932  -  ResidentSetSize of job (KB)
...
040 (8016241.000.000) 11/24 18:48:43 Started transferring output files
...
040 (8016241.000.000) 11/24 18:48:52 Finished transferring output files
...
005 (8016241.000.000) 11/24 18:49:00 Job terminated.
	(1) Normal termination (return value 2)
		Usr 0 00:00:11, Sys 0 00:00:04  -  Run Remote Usage
		Usr 0 00:00:00, Sys 0 00:00:00  -  Run Local Usage
		Usr 0 00:00:11, Sys 0 00:00:04  -  Total Remote Usage
		Usr 0 00:00:00, Sys 0 00:00:00  -  Total Local Usage
	7490  -  Run Bytes Sent By Job
	1101  -  Run Bytes Received By Job
	7490  -  Total Bytes Sent By Job
	1101  -  Total Bytes Received By Job
	Partitionable Resources :    Usage  Request Allocated 
	   Cpus                 :        0        2         2 
	   Disk (KB)            :       63        2      3890 
	   GPUs                 :                           0 
	   Memory (MB)          :       42     6000      6000 
	   TimeExecute (s)      :       21                    
	   TimeSlotBusy (s)     :       48                    

	Job terminated of its own accord at 2025-11-24T17:48:33Z with exit-code 2.
...
