000 (8016195.000.000) 11/24 18:47:23 Job submitted from host: <137.138.44.55:9618?addrs=137.138.44.55-9618+[2001-1458-d00-1a--48]-9618&alias=bigbird17.cern.ch&noUDP&sock=schedd_2511_ea66>
...
040 (8016195.000.000) 11/24 18:47:59 Started transferring input files
	Transferring to host: <188.185.192.63:9618?addrs=188.185.192.63-9618+[2001-1458-303-1f--100-3b]-9618&alias=b9p13p3720.cern.ch&noUDP&sock=slot1_46_6644_0c87_64878>
...
040 (8016195.000.000) 11/24 18:47:59 Finished transferring input files
...
001 (8016195.000.000) 11/24 18:48:00 Job executing on host: <188.185.192.63:9618?addrs=188.185.192.63-9618+[2001-1458-303-1f--100-3b]-9618&alias=b9p13p3720.cern.ch&noUDP&sock=startd_4985_dfb4>
	SlotName: slot1_46@b9p13p3720.cern.ch
	CondorScratchDir = "/pool/condor/dir_514050"
	Cpus = 2
	Disk = 3958
	GPUs = 0
	Memory = 6000
...
006 (8016195.000.000) 11/24 18:48:13 Image size of job updated: 47032
	46  -  MemoryUsage of job (MB)
	47032  -  ResidentSetSize of job (KB)
...
040 (8016195.000.000) 11/24 18:48:26 Started transferring output files
...
040 (8016195.000.000) 11/24 18:48:27 Finished transferring output files
...
005 (8016195.000.000) 11/24 18:48:51 Job terminated.
	(1) Normal termination (return value 2)
		Usr 0 00:00:11, Sys 0 00:00:04  -  Run Remote Usage
		Usr 0 00:00:00, Sys 0 00:00:00  -  Run Local Usage
		Usr 0 00:00:11, Sys 0 00:00:04  -  Total Remote Usage
		Usr 0 00:00:00, Sys 0 00:00:00  -  Total Local Usage
	7490  -  Run Bytes Sent By Job
	1101  -  Run Bytes Received By Job
	7490  -  Total Bytes Sent By Job
	1101  -  Total Bytes Received By Job
	Partitionable Resources :    Usage  Request Allocated 
	   Cpus                 :        0        2         2 
	   Disk (KB)            :       63        2      3958 
	   GPUs                 :                           0 
	   Memory (MB)          :       46     6000      6000 
	   TimeExecute (s)      :       24                    
	   TimeSlotBusy (s)     :       30                    

	Job terminated of its own accord at 2025-11-24T17:48:24Z with exit-code 2.
...
