000 (8016245.000.000) 11/24 18:47:34 Job submitted from host: <137.138.44.55:9618?addrs=137.138.44.55-9618+[2001-1458-d00-1a--48]-9618&alias=bigbird17.cern.ch&noUDP&sock=schedd_2511_ea66>
...
040 (8016245.000.000) 11/24 18:48:13 Started transferring input files
	Transferring to host: <188.185.193.157:9618?addrs=188.185.193.157-9618+[2001-1458-303-20--100-99]-9618&alias=b9p19p8004.cern.ch&noUDP&sock=slot1_33_5393_9b34_62635>
...
040 (8016245.000.000) 11/24 18:48:13 Finished transferring input files
...
001 (8016245.000.000) 11/24 18:48:14 Job executing on host: <188.185.193.157:9618?addrs=188.185.193.157-9618+[2001-1458-303-20--100-99]-9618&alias=b9p19p8004.cern.ch&noUDP&sock=startd_4255_2791>
	SlotName: slot1_33@b9p19p8004.cern.ch
	CondorScratchDir = "/pool/condor/dir_2075920"
	Cpus = 2
	Disk = 3764
	GPUs = 0
	Memory = 6000
...
006 (8016245.000.000) 11/24 18:48:27 Image size of job updated: 17504
	18  -  MemoryUsage of job (MB)
	17504  -  ResidentSetSize of job (KB)
...
006 (8016245.000.000) 11/24 18:48:36 Image size of job updated: 39716
	18  -  MemoryUsage of job (MB)
	17728  -  ResidentSetSize of job (KB)
...
040 (8016245.000.000) 11/24 18:48:48 Started transferring output files
...
040 (8016245.000.000) 11/24 18:48:59 Finished transferring output files
...
005 (8016245.000.000) 11/24 18:49:01 Job terminated.
	(1) Normal termination (return value 2)
		Usr 0 00:00:11, Sys 0 00:00:04  -  Run Remote Usage
		Usr 0 00:00:00, Sys 0 00:00:00  -  Run Local Usage
		Usr 0 00:00:11, Sys 0 00:00:04  -  Total Remote Usage
		Usr 0 00:00:00, Sys 0 00:00:00  -  Total Local Usage
	7490  -  Run Bytes Sent By Job
	1101  -  Run Bytes Received By Job
	7490  -  Total Bytes Sent By Job
	1101  -  Total Bytes Received By Job
	Partitionable Resources :    Usage  Request Allocated 
	   Cpus                 :        0        2         2 
	   Disk (KB)            :       63        2      3764 
	   GPUs                 :                           0 
	   Memory (MB)          :       18     6000      6000 
	   TimeExecute (s)      :       22                    
	   TimeSlotBusy (s)     :       46                    

	Job terminated of its own accord at 2025-11-24T17:48:36Z with exit-code 2.
...
