000 (8016187.000.000) 11/24 18:47:21 Job submitted from host: <137.138.44.55:9618?addrs=137.138.44.55-9618+[2001-1458-d00-1a--48]-9618&alias=bigbird17.cern.ch&noUDP&sock=schedd_2511_ea66>
...
040 (8016187.000.000) 11/24 18:47:54 Started transferring input files
	Transferring to host: <188.185.193.17:9618?addrs=188.185.193.17-9618+[2001-1458-303-20--100-d]-9618&alias=b9p19p8874.cern.ch&noUDP&sock=slot1_8_6528_5103_60487>
...
040 (8016187.000.000) 11/24 18:47:54 Finished transferring input files
...
001 (8016187.000.000) 11/24 18:47:55 Job executing on host: <188.185.193.17:9618?addrs=188.185.193.17-9618+[2001-1458-303-20--100-d]-9618&alias=b9p19p8874.cern.ch&noUDP&sock=startd_5397_78b9>
	SlotName: slot1_8@b9p19p8874.cern.ch
	CondorScratchDir = "/pool/condor/dir_1917925"
	Cpus = 2
	Disk = 3765
	GPUs = 0
	Memory = 6000
...
006 (8016187.000.000) 11/24 18:48:08 Image size of job updated: 35160
	35  -  MemoryUsage of job (MB)
	35160  -  ResidentSetSize of job (KB)
...
006 (8016187.000.000) 11/24 18:48:19 Image size of job updated: 47040
	35  -  MemoryUsage of job (MB)
	35172  -  ResidentSetSize of job (KB)
...
040 (8016187.000.000) 11/24 18:48:19 Started transferring output files
...
040 (8016187.000.000) 11/24 18:48:19 Finished transferring output files
...
005 (8016187.000.000) 11/24 18:48:19 Job terminated.
	(1) Normal termination (return value 2)
		Usr 0 00:00:11, Sys 0 00:00:04  -  Run Remote Usage
		Usr 0 00:00:00, Sys 0 00:00:00  -  Run Local Usage
		Usr 0 00:00:11, Sys 0 00:00:04  -  Total Remote Usage
		Usr 0 00:00:00, Sys 0 00:00:00  -  Total Local Usage
	7490  -  Run Bytes Sent By Job
	1101  -  Run Bytes Received By Job
	7490  -  Total Bytes Sent By Job
	1101  -  Total Bytes Received By Job
	Partitionable Resources :    Usage  Request Allocated 
	   Cpus                 :        0        2         2 
	   Disk (KB)            :       62        2      3765 
	   GPUs                 :                           0 
	   Memory (MB)          :       35     6000      6000 
	   TimeExecute (s)      :       24                    
	   TimeSlotBusy (s)     :       26                    

	Job terminated of its own accord at 2025-11-24T17:48:19Z with exit-code 2.
...
