000 (8016209.000.000) 11/24 18:47:26 Job submitted from host: <137.138.44.55:9618?addrs=137.138.44.55-9618+[2001-1458-d00-1a--48]-9618&alias=bigbird17.cern.ch&noUDP&sock=schedd_2511_ea66>
...
040 (8016209.000.000) 11/24 18:48:00 Started transferring input files
	Transferring to host: <188.185.194.56:9618?addrs=188.185.194.56-9618+[2001-1458-303-21--100-34]-9618&alias=b9p20p9384.cern.ch&noUDP&sock=slot1_36_5755_ab03_60802>
...
040 (8016209.000.000) 11/24 18:48:00 Finished transferring input files
...
001 (8016209.000.000) 11/24 18:48:01 Job executing on host: <188.185.194.56:9618?addrs=188.185.194.56-9618+[2001-1458-303-21--100-34]-9618&alias=b9p20p9384.cern.ch&noUDP&sock=startd_4501_e3dd>
	SlotName: slot1_36@b9p20p9384.cern.ch
	CondorScratchDir = "/pool/condor/dir_874180"
	Cpus = 2
	Disk = 3843
	GPUs = 0
	Memory = 6000
...
006 (8016209.000.000) 11/24 18:48:15 Image size of job updated: 37608
	1  -  MemoryUsage of job (MB)
	680  -  ResidentSetSize of job (KB)
...
006 (8016209.000.000) 11/24 18:49:15 Image size of job updated: 43348
	1  -  MemoryUsage of job (MB)
	680  -  ResidentSetSize of job (KB)
...
040 (8016209.000.000) 11/24 18:49:15 Started transferring output files
...
040 (8016209.000.000) 11/24 18:49:15 Finished transferring output files
...
005 (8016209.000.000) 11/24 18:49:15 Job terminated.
	(1) Normal termination (return value 2)
		Usr 0 00:00:14, Sys 0 00:00:05  -  Run Remote Usage
		Usr 0 00:00:00, Sys 0 00:00:00  -  Run Local Usage
		Usr 0 00:00:14, Sys 0 00:00:05  -  Total Remote Usage
		Usr 0 00:00:00, Sys 0 00:00:00  -  Total Local Usage
	7490  -  Run Bytes Sent By Job
	1101  -  Run Bytes Received By Job
	7490  -  Total Bytes Sent By Job
	1101  -  Total Bytes Received By Job
	Partitionable Resources :    Usage  Request Allocated 
	   Cpus                 :        0        2         2 
	   Disk (KB)            :       62        2      3843 
	   GPUs                 :                           0 
	   Memory (MB)          :        1     6000      6000 
	   TimeExecute (s)      :       74                    
	   TimeSlotBusy (s)     :       76                    

	Job terminated of its own accord at 2025-11-24T17:49:15Z with exit-code 2.
...
