000 (8016228.000.000) 11/24 18:47:30 Job submitted from host: <137.138.44.55:9618?addrs=137.138.44.55-9618+[2001-1458-d00-1a--48]-9618&alias=bigbird17.cern.ch&noUDP&sock=schedd_2511_ea66>
...
040 (8016228.000.000) 11/24 18:48:07 Started transferring input files
	Transferring to host: <188.185.213.221:9618?addrs=188.185.213.221-9618+[2001-1458-303-1b--100-59]-9618&alias=b9p28p6440.cern.ch&noUDP&sock=slot1_21_4461_ed8e_80270>
...
040 (8016228.000.000) 11/24 18:48:07 Finished transferring input files
...
001 (8016228.000.000) 11/24 18:48:08 Job executing on host: <188.185.213.221:9618?addrs=188.185.213.221-9618+[2001-1458-303-1b--100-59]-9618&alias=b9p28p6440.cern.ch&noUDP&sock=startd_3792_9337>
	SlotName: slot1_21@b9p28p6440.cern.ch
	CondorScratchDir = "/pool/condor/dir_3188664"
	Cpus = 2
	Disk = 3786
	GPUs = 0
	Memory = 6000
...
006 (8016228.000.000) 11/24 18:48:21 Image size of job updated: 47044
	26  -  MemoryUsage of job (MB)
	26440  -  ResidentSetSize of job (KB)
...
040 (8016228.000.000) 11/24 18:48:26 Started transferring output files
...
040 (8016228.000.000) 11/24 18:48:27 Finished transferring output files
...
005 (8016228.000.000) 11/24 18:48:58 Job terminated.
	(1) Normal termination (return value 2)
		Usr 0 00:00:06, Sys 0 00:00:03  -  Run Remote Usage
		Usr 0 00:00:00, Sys 0 00:00:00  -  Run Local Usage
		Usr 0 00:00:06, Sys 0 00:00:03  -  Total Remote Usage
		Usr 0 00:00:00, Sys 0 00:00:00  -  Total Local Usage
	7490  -  Run Bytes Sent By Job
	1101  -  Run Bytes Received By Job
	7490  -  Total Bytes Sent By Job
	1101  -  Total Bytes Received By Job
	Partitionable Resources :    Usage  Request Allocated 
	   Cpus                 :        0        2         2 
	   Disk (KB)            :       62        2      3786 
	   GPUs                 :                           0 
	   Memory (MB)          :       26     6000      6000 
	   TimeExecute (s)      :       18                    
	   TimeSlotBusy (s)     :       25                    

	Job terminated of its own accord at 2025-11-24T17:48:26Z with exit-code 2.
...
