000 (8016213.000.000) 11/24 18:47:27 Job submitted from host: <137.138.44.55:9618?addrs=137.138.44.55-9618+[2001-1458-d00-1a--48]-9618&alias=bigbird17.cern.ch&noUDP&sock=schedd_2511_ea66>
...
040 (8016213.000.000) 11/24 18:48:02 Started transferring input files
	Transferring to host: <188.185.195.33:9618?addrs=188.185.195.33-9618+[2001-1458-303-22--100-1d]-9618&alias=b9p17p8678.cern.ch&noUDP&sock=slot1_14_6789_36ed_62152>
...
040 (8016213.000.000) 11/24 18:48:02 Finished transferring input files
...
001 (8016213.000.000) 11/24 18:48:03 Job executing on host: <188.185.195.33:9618?addrs=188.185.195.33-9618+[2001-1458-303-22--100-1d]-9618&alias=b9p17p8678.cern.ch&noUDP&sock=startd_5985_ca69>
	SlotName: slot1_14@b9p17p8678.cern.ch
	CondorScratchDir = "/pool/condor/dir_567229"
	Cpus = 2
	Disk = 3892
	GPUs = 0
	Memory = 6000
...
006 (8016213.000.000) 11/24 18:48:17 Image size of job updated: 42176
	42  -  MemoryUsage of job (MB)
	42176  -  ResidentSetSize of job (KB)
...
006 (8016213.000.000) 11/24 18:48:33 Image size of job updated: 42180
	42  -  MemoryUsage of job (MB)
	42180  -  ResidentSetSize of job (KB)
...
040 (8016213.000.000) 11/24 18:48:42 Started transferring output files
...
040 (8016213.000.000) 11/24 18:48:51 Finished transferring output files
...
005 (8016213.000.000) 11/24 18:49:00 Job terminated.
	(1) Normal termination (return value 2)
		Usr 0 00:00:12, Sys 0 00:00:04  -  Run Remote Usage
		Usr 0 00:00:00, Sys 0 00:00:00  -  Run Local Usage
		Usr 0 00:00:12, Sys 0 00:00:04  -  Total Remote Usage
		Usr 0 00:00:00, Sys 0 00:00:00  -  Total Local Usage
	7490  -  Run Bytes Sent By Job
	1101  -  Run Bytes Received By Job
	7490  -  Total Bytes Sent By Job
	1101  -  Total Bytes Received By Job
	Partitionable Resources :    Usage  Request Allocated 
	   Cpus                 :        0        2         2 
	   Disk (KB)            :       63        2      3892 
	   GPUs                 :                           0 
	   Memory (MB)          :       42     6000      6000 
	   TimeExecute (s)      :       30                    
	   TimeSlotBusy (s)     :       58                    

	Job terminated of its own accord at 2025-11-24T17:48:33Z with exit-code 2.
...
