000 (8016222.000.000) 11/24 18:47:29 Job submitted from host: <137.138.44.55:9618?addrs=137.138.44.55-9618+[2001-1458-d00-1a--48]-9618&alias=bigbird17.cern.ch&noUDP&sock=schedd_2511_ea66>
...
040 (8016222.000.000) 11/24 18:48:05 Started transferring input files
	Transferring to host: <188.185.208.229:9618?addrs=188.185.208.229-9618+[2001-1458-303-10--100-62]-9618&alias=b9p10p0621.cern.ch&noUDP&sock=slot1_21_4900_3e40_57249>
...
040 (8016222.000.000) 11/24 18:48:05 Finished transferring input files
...
001 (8016222.000.000) 11/24 18:48:06 Job executing on host: <188.185.208.229:9618?addrs=188.185.208.229-9618+[2001-1458-303-10--100-62]-9618&alias=b9p10p0621.cern.ch&noUDP&sock=startd_4101_85fb>
	SlotName: slot1_21@b9p10p0621.cern.ch
	CondorScratchDir = "/pool/condor/dir_3576582"
	Cpus = 2
	Disk = 3633
	GPUs = 0
	Memory = 6000
...
006 (8016222.000.000) 11/24 18:48:20 Image size of job updated: 27328
	27  -  MemoryUsage of job (MB)
	27328  -  ResidentSetSize of job (KB)
...
006 (8016222.000.000) 11/24 18:48:33 Image size of job updated: 43288
	27  -  MemoryUsage of job (MB)
	27376  -  ResidentSetSize of job (KB)
...
040 (8016222.000.000) 11/24 18:48:41 Started transferring output files
...
040 (8016222.000.000) 11/24 18:48:51 Finished transferring output files
...
005 (8016222.000.000) 11/24 18:49:00 Job terminated.
	(1) Normal termination (return value 2)
		Usr 0 00:00:07, Sys 0 00:00:04  -  Run Remote Usage
		Usr 0 00:00:00, Sys 0 00:00:00  -  Run Local Usage
		Usr 0 00:00:07, Sys 0 00:00:04  -  Total Remote Usage
		Usr 0 00:00:00, Sys 0 00:00:00  -  Total Local Usage
	7490  -  Run Bytes Sent By Job
	1101  -  Run Bytes Received By Job
	7490  -  Total Bytes Sent By Job
	1101  -  Total Bytes Received By Job
	Partitionable Resources :    Usage  Request Allocated 
	   Cpus                 :        0        2         2 
	   Disk (KB)            :       65        2      3633 
	   GPUs                 :                           0 
	   Memory (MB)          :       27     6000      6000 
	   TimeExecute (s)      :       27                    
	   TimeSlotBusy (s)     :       55                    

	Job terminated of its own accord at 2025-11-24T17:48:33Z with exit-code 2.
...
