000 (8016214.000.000) 11/24 18:47:27 Job submitted from host: <137.138.44.55:9618?addrs=137.138.44.55-9618+[2001-1458-d00-1a--48]-9618&alias=bigbird17.cern.ch&noUDP&sock=schedd_2511_ea66>
...
040 (8016214.000.000) 11/24 18:48:03 Started transferring input files
	Transferring to host: <188.185.196.180:9618?addrs=188.185.196.180-9618+[2001-1458-303-23--100-b0]-9618&alias=b9p16p8930.cern.ch&noUDP&sock=slot1_39_3239_eb1d_63317>
...
040 (8016214.000.000) 11/24 18:48:03 Finished transferring input files
...
001 (8016214.000.000) 11/24 18:48:04 Job executing on host: <188.185.196.180:9618?addrs=188.185.196.180-9618+[2001-1458-303-23--100-b0]-9618&alias=b9p16p8930.cern.ch&noUDP&sock=startd_2535_60ab>
	SlotName: slot1_39@b9p16p8930.cern.ch
	CondorScratchDir = "/pool/condor/dir_1646348"
	Cpus = 2
	Disk = 3852
	GPUs = 0
	Memory = 6000
...
006 (8016214.000.000) 11/24 18:48:18 Image size of job updated: 34048
	34  -  MemoryUsage of job (MB)
	34048  -  ResidentSetSize of job (KB)
...
006 (8016214.000.000) 11/24 18:48:29 Image size of job updated: 44304
	35  -  MemoryUsage of job (MB)
	34832  -  ResidentSetSize of job (KB)
...
040 (8016214.000.000) 11/24 18:48:33 Started transferring output files
...
040 (8016214.000.000) 11/24 18:48:41 Finished transferring output files
...
005 (8016214.000.000) 11/24 18:49:00 Job terminated.
	(1) Normal termination (return value 2)
		Usr 0 00:00:11, Sys 0 00:00:04  -  Run Remote Usage
		Usr 0 00:00:00, Sys 0 00:00:00  -  Run Local Usage
		Usr 0 00:00:11, Sys 0 00:00:04  -  Total Remote Usage
		Usr 0 00:00:00, Sys 0 00:00:00  -  Total Local Usage
	7490  -  Run Bytes Sent By Job
	1101  -  Run Bytes Received By Job
	7490  -  Total Bytes Sent By Job
	1101  -  Total Bytes Received By Job
	Partitionable Resources :    Usage  Request Allocated 
	   Cpus                 :        0        2         2 
	   Disk (KB)            :       63        2      3852 
	   GPUs                 :                           0 
	   Memory (MB)          :       35     6000      6000 
	   TimeExecute (s)      :       25                    
	   TimeSlotBusy (s)     :       49                    

	Job terminated of its own accord at 2025-11-24T17:48:29Z with exit-code 2.
...
