000 (8016210.000.000) 11/24 18:47:26 Job submitted from host: <137.138.44.55:9618?addrs=137.138.44.55-9618+[2001-1458-d00-1a--48]-9618&alias=bigbird17.cern.ch&noUDP&sock=schedd_2511_ea66>
...
040 (8016210.000.000) 11/24 18:48:01 Started transferring input files
	Transferring to host: <188.185.195.172:9618?addrs=188.185.195.172-9618+[2001-1458-303-22--100-a8]-9618&alias=b9p17p8603.cern.ch&noUDP&sock=slot1_26_9414_c3b8_60765>
...
040 (8016210.000.000) 11/24 18:48:01 Finished transferring input files
...
001 (8016210.000.000) 11/24 18:48:02 Job executing on host: <188.185.195.172:9618?addrs=188.185.195.172-9618+[2001-1458-303-22--100-a8]-9618&alias=b9p17p8603.cern.ch&noUDP&sock=startd_8024_6004>
	SlotName: slot1_26@b9p17p8603.cern.ch
	CondorScratchDir = "/pool/condor/dir_392056"
	Cpus = 2
	Disk = 3807
	GPUs = 0
	Memory = 6000
...
006 (8016210.000.000) 11/24 18:48:16 Image size of job updated: 44844
	44  -  MemoryUsage of job (MB)
	44844  -  ResidentSetSize of job (KB)
...
040 (8016210.000.000) 11/24 18:48:38 Started transferring output files
...
040 (8016210.000.000) 11/24 18:48:50 Finished transferring output files
...
005 (8016210.000.000) 11/24 18:49:00 Job terminated.
	(1) Normal termination (return value 2)
		Usr 0 00:00:11, Sys 0 00:00:04  -  Run Remote Usage
		Usr 0 00:00:00, Sys 0 00:00:00  -  Run Local Usage
		Usr 0 00:00:11, Sys 0 00:00:04  -  Total Remote Usage
		Usr 0 00:00:00, Sys 0 00:00:00  -  Total Local Usage
	7490  -  Run Bytes Sent By Job
	1101  -  Run Bytes Received By Job
	7490  -  Total Bytes Sent By Job
	1101  -  Total Bytes Received By Job
	Partitionable Resources :    Usage  Request Allocated 
	   Cpus                 :        0        2         2 
	   Disk (KB)            :       62        2      3807 
	   GPUs                 :                           0 
	   Memory (MB)          :       44     6000      6000 
	   TimeExecute (s)      :       30                    
	   TimeSlotBusy (s)     :       59                    

	Job terminated of its own accord at 2025-11-24T17:48:32Z with exit-code 2.
...
