000 (8016217.000.000) 11/24 18:47:28 Job submitted from host: <137.138.44.55:9618?addrs=137.138.44.55-9618+[2001-1458-d00-1a--48]-9618&alias=bigbird17.cern.ch&noUDP&sock=schedd_2511_ea66>
...
040 (8016217.000.000) 11/24 18:48:04 Started transferring input files
	Transferring to host: <128.142.161.84:9618?addrs=128.142.161.84-9618+[2001-1458-301-b8--100-12]-9618&alias=b9g03p7286.cern.ch&noUDP&sock=slot1_7_11752_18d7_61780>
...
040 (8016217.000.000) 11/24 18:48:04 Finished transferring input files
...
001 (8016217.000.000) 11/24 18:48:05 Job executing on host: <128.142.161.84:9618?addrs=128.142.161.84-9618+[2001-1458-301-b8--100-12]-9618&alias=b9g03p7286.cern.ch&noUDP&sock=startd_11706_ebba>
	SlotName: slot1_7@b9g03p7286.cern.ch
	CondorScratchDir = "/pool/condor/dir_283831"
	Cpus = 2
	Disk = 3805
	GPUs = 0
	Memory = 6000
...
006 (8016217.000.000) 11/24 18:48:18 Image size of job updated: 23116
	20  -  MemoryUsage of job (MB)
	19784  -  ResidentSetSize of job (KB)
...
006 (8016217.000.000) 11/24 18:48:38 Image size of job updated: 44140
	20  -  MemoryUsage of job (MB)
	19888  -  ResidentSetSize of job (KB)
...
040 (8016217.000.000) 11/24 18:48:49 Started transferring output files
...
040 (8016217.000.000) 11/24 18:48:59 Finished transferring output files
...
005 (8016217.000.000) 11/24 18:49:01 Job terminated.
	(1) Normal termination (return value 2)
		Usr 0 00:00:12, Sys 0 00:00:04  -  Run Remote Usage
		Usr 0 00:00:00, Sys 0 00:00:00  -  Run Local Usage
		Usr 0 00:00:12, Sys 0 00:00:04  -  Total Remote Usage
		Usr 0 00:00:00, Sys 0 00:00:00  -  Total Local Usage
	7490  -  Run Bytes Sent By Job
	1101  -  Run Bytes Received By Job
	7490  -  Total Bytes Sent By Job
	1101  -  Total Bytes Received By Job
	Partitionable Resources :    Usage  Request Allocated 
	   Cpus                 :        0        2         2 
	   Disk (KB)            :       62        2      3805 
	   GPUs                 :                           0 
	   Memory (MB)          :       20     6000      6000 
	   TimeExecute (s)      :       33                    
	   TimeSlotBusy (s)     :       56                    

	Job terminated of its own accord at 2025-11-24T17:48:38Z with exit-code 2.
...
