000 (8016242.000.000) 11/24 18:47:33 Job submitted from host: <137.138.44.55:9618?addrs=137.138.44.55-9618+[2001-1458-d00-1a--48]-9618&alias=bigbird17.cern.ch&noUDP&sock=schedd_2511_ea66>
...
040 (8016242.000.000) 11/24 18:48:11 Started transferring input files
	Transferring to host: <188.185.195.128:9618?addrs=188.185.195.128-9618+[2001-1458-303-22--100-7c]-9618&alias=b9p17p8721.cern.ch&noUDP&sock=slot1_52_4998_4b04_62554>
...
040 (8016242.000.000) 11/24 18:48:11 Finished transferring input files
...
001 (8016242.000.000) 11/24 18:48:12 Job executing on host: <188.185.195.128:9618?addrs=188.185.195.128-9618+[2001-1458-303-22--100-7c]-9618&alias=b9p17p8721.cern.ch&noUDP&sock=startd_3937_0873>
	SlotName: slot1_52@b9p17p8721.cern.ch
	CondorScratchDir = "/pool/condor/dir_238323"
	Cpus = 2
	Disk = 3880
	GPUs = 0
	Memory = 6000
...
006 (8016242.000.000) 11/24 18:48:25 Image size of job updated: 12996
	10  -  MemoryUsage of job (MB)
	9380  -  ResidentSetSize of job (KB)
...
006 (8016242.000.000) 11/24 18:48:36 Image size of job updated: 34968
	10  -  MemoryUsage of job (MB)
	9460  -  ResidentSetSize of job (KB)
...
040 (8016242.000.000) 11/24 18:48:47 Started transferring output files
...
040 (8016242.000.000) 11/24 18:48:57 Finished transferring output files
...
005 (8016242.000.000) 11/24 18:49:01 Job terminated.
	(1) Normal termination (return value 2)
		Usr 0 00:00:12, Sys 0 00:00:04  -  Run Remote Usage
		Usr 0 00:00:00, Sys 0 00:00:00  -  Run Local Usage
		Usr 0 00:00:12, Sys 0 00:00:04  -  Total Remote Usage
		Usr 0 00:00:00, Sys 0 00:00:00  -  Total Local Usage
	7490  -  Run Bytes Sent By Job
	1101  -  Run Bytes Received By Job
	7490  -  Total Bytes Sent By Job
	1101  -  Total Bytes Received By Job
	Partitionable Resources :    Usage  Request Allocated 
	   Cpus                 :        0        2         2 
	   Disk (KB)            :       64        2      3880 
	   GPUs                 :                           0 
	   Memory (MB)          :       10     6000      6000 
	   TimeExecute (s)      :       24                    
	   TimeSlotBusy (s)     :       48                    

	Job terminated of its own accord at 2025-11-24T17:48:36Z with exit-code 2.
...
