000 (8016234.000.000) 11/24 18:47:32 Job submitted from host: <137.138.44.55:9618?addrs=137.138.44.55-9618+[2001-1458-d00-1a--48]-9618&alias=bigbird17.cern.ch&noUDP&sock=schedd_2511_ea66>
...
040 (8016234.000.000) 11/24 18:48:09 Started transferring input files
	Transferring to host: <188.185.213.142:9618?addrs=188.185.213.142-9618+[2001-1458-303-1b--100-a]-9618&alias=b9p28p1864.cern.ch&noUDP&sock=slot1_24_4663_4157_82390>
...
040 (8016234.000.000) 11/24 18:48:09 Finished transferring input files
...
001 (8016234.000.000) 11/24 18:48:10 Job executing on host: <188.185.213.142:9618?addrs=188.185.213.142-9618+[2001-1458-303-1b--100-a]-9618&alias=b9p28p1864.cern.ch&noUDP&sock=startd_3914_41c5>
	SlotName: slot1_24@b9p28p1864.cern.ch
	CondorScratchDir = "/pool/condor/dir_2387689"
	Cpus = 2
	Disk = 3835
	GPUs = 0
	Memory = 6000
...
006 (8016234.000.000) 11/24 18:48:23 Image size of job updated: 2732
	3  -  MemoryUsage of job (MB)
	2732  -  ResidentSetSize of job (KB)
...
006 (8016234.000.000) 11/24 18:48:31 Image size of job updated: 47048
	3  -  MemoryUsage of job (MB)
	2732  -  ResidentSetSize of job (KB)
...
040 (8016234.000.000) 11/24 18:48:38 Started transferring output files
...
040 (8016234.000.000) 11/24 18:48:49 Finished transferring output files
...
005 (8016234.000.000) 11/24 18:49:00 Job terminated.
	(1) Normal termination (return value 2)
		Usr 0 00:00:06, Sys 0 00:00:03  -  Run Remote Usage
		Usr 0 00:00:00, Sys 0 00:00:00  -  Run Local Usage
		Usr 0 00:00:06, Sys 0 00:00:03  -  Total Remote Usage
		Usr 0 00:00:00, Sys 0 00:00:00  -  Total Local Usage
	7490  -  Run Bytes Sent By Job
	1101  -  Run Bytes Received By Job
	7490  -  Total Bytes Sent By Job
	1101  -  Total Bytes Received By Job
	Partitionable Resources :    Usage  Request Allocated 
	   Cpus                 :        0        2         2 
	   Disk (KB)            :       62        2      3835 
	   GPUs                 :                           0 
	   Memory (MB)          :        3     6000      6000 
	   TimeExecute (s)      :       21                    
	   TimeSlotBusy (s)     :       51                    

	Job terminated of its own accord at 2025-11-24T17:48:31Z with exit-code 2.
...
