000 (8016237.000.000) 11/24 18:47:32 Job submitted from host: <137.138.44.55:9618?addrs=137.138.44.55-9618+[2001-1458-d00-1a--48]-9618&alias=bigbird17.cern.ch&noUDP&sock=schedd_2511_ea66>
...
040 (8016237.000.000) 11/24 18:48:10 Started transferring input files
	Transferring to host: <188.185.195.158:9618?addrs=188.185.195.158-9618+[2001-1458-303-22--100-9a]-9618&alias=b9p17p8528.cern.ch&noUDP&sock=slot1_39_7032_6e17_85926>
...
040 (8016237.000.000) 11/24 18:48:10 Finished transferring input files
...
001 (8016237.000.000) 11/24 18:48:11 Job executing on host: <188.185.195.158:9618?addrs=188.185.195.158-9618+[2001-1458-303-22--100-9a]-9618&alias=b9p17p8528.cern.ch&noUDP&sock=startd_6447_af2a>
	SlotName: slot1_39@b9p17p8528.cern.ch
	CondorScratchDir = "/pool/condor/dir_2436627"
	Cpus = 2
	Disk = 3930
	GPUs = 0
	Memory = 6000
...
006 (8016237.000.000) 11/24 18:48:25 Image size of job updated: 30796
	27  -  MemoryUsage of job (MB)
	26864  -  ResidentSetSize of job (KB)
...
006 (8016237.000.000) 11/24 18:48:29 Image size of job updated: 30796
	27  -  MemoryUsage of job (MB)
	26988  -  ResidentSetSize of job (KB)
...
040 (8016237.000.000) 11/24 18:48:34 Started transferring output files
...
040 (8016237.000.000) 11/24 18:48:44 Finished transferring output files
...
005 (8016237.000.000) 11/24 18:49:00 Job terminated.
	(1) Normal termination (return value 2)
		Usr 0 00:00:08, Sys 0 00:00:03  -  Run Remote Usage
		Usr 0 00:00:00, Sys 0 00:00:00  -  Run Local Usage
		Usr 0 00:00:08, Sys 0 00:00:03  -  Total Remote Usage
		Usr 0 00:00:00, Sys 0 00:00:00  -  Total Local Usage
	7490  -  Run Bytes Sent By Job
	1101  -  Run Bytes Received By Job
	7490  -  Total Bytes Sent By Job
	1101  -  Total Bytes Received By Job
	Partitionable Resources :    Usage  Request Allocated 
	   Cpus                 :        0        2         2 
	   Disk (KB)            :       63        2      3930 
	   GPUs                 :                           0 
	   Memory (MB)          :       27     6000      6000 
	   TimeExecute (s)      :       18                    
	   TimeSlotBusy (s)     :       45                    

	Job terminated of its own accord at 2025-11-24T17:48:29Z with exit-code 2.
...
