000 (8016207.000.000) 11/24 18:47:26 Job submitted from host: <137.138.44.55:9618?addrs=137.138.44.55-9618+[2001-1458-d00-1a--48]-9618&alias=bigbird17.cern.ch&noUDP&sock=schedd_2511_ea66>
...
040 (8016207.000.000) 11/24 18:47:58 Started transferring input files
	Transferring to host: <188.185.194.72:9618?addrs=188.185.194.72-9618+[2001-1458-303-21--100-44]-9618&alias=b9p20p6493.cern.ch&noUDP&sock=slot1_24_3288559_0ff9_914>
...
040 (8016207.000.000) 11/24 18:47:58 Finished transferring input files
...
001 (8016207.000.000) 11/24 18:47:59 Job executing on host: <188.185.194.72:9618?addrs=188.185.194.72-9618+[2001-1458-303-21--100-44]-9618&alias=b9p20p6493.cern.ch&noUDP&sock=startd_3257_9c0c>
	SlotName: slot1_24@b9p20p6493.cern.ch
	CondorScratchDir = "/pool/condor/dir_3379350"
	Cpus = 2
	Disk = 3753
	GPUs = 0
	Memory = 6000
...
006 (8016207.000.000) 11/24 18:48:12 Image size of job updated: 568
	1  -  MemoryUsage of job (MB)
	568  -  ResidentSetSize of job (KB)
...
006 (8016207.000.000) 11/24 18:48:29 Image size of job updated: 45416
	1  -  MemoryUsage of job (MB)
	568  -  ResidentSetSize of job (KB)
...
040 (8016207.000.000) 11/24 18:48:34 Started transferring output files
...
040 (8016207.000.000) 11/24 18:48:44 Finished transferring output files
...
005 (8016207.000.000) 11/24 18:49:00 Job terminated.
	(1) Normal termination (return value 2)
		Usr 0 00:00:11, Sys 0 00:00:04  -  Run Remote Usage
		Usr 0 00:00:00, Sys 0 00:00:00  -  Run Local Usage
		Usr 0 00:00:11, Sys 0 00:00:04  -  Total Remote Usage
		Usr 0 00:00:00, Sys 0 00:00:00  -  Total Local Usage
	7490  -  Run Bytes Sent By Job
	1101  -  Run Bytes Received By Job
	7490  -  Total Bytes Sent By Job
	1101  -  Total Bytes Received By Job
	Partitionable Resources :    Usage  Request Allocated 
	   Cpus                 :        0        2         2 
	   Disk (KB)            :       62        2      3753 
	   GPUs                 :                           0 
	   Memory (MB)          :        1     6000      6000 
	   TimeExecute (s)      :       30                    
	   TimeSlotBusy (s)     :       57                    

	Job terminated of its own accord at 2025-11-24T17:48:29Z with exit-code 2.
...
