000 (8016212.000.000) 11/24 18:47:27 Job submitted from host: <137.138.44.55:9618?addrs=137.138.44.55-9618+[2001-1458-d00-1a--48]-9618&alias=bigbird17.cern.ch&noUDP&sock=schedd_2511_ea66>
...
040 (8016212.000.000) 11/24 18:48:02 Started transferring input files
	Transferring to host: <128.142.51.209:9618?addrs=128.142.51.209-9618+[2001-1458-301-3--100-e]-9618&alias=b9g02p0891.cern.ch&noUDP&sock=slot1_2_7315_d443_66835>
...
040 (8016212.000.000) 11/24 18:48:02 Finished transferring input files
...
001 (8016212.000.000) 11/24 18:48:03 Job executing on host: <128.142.51.209:9618?addrs=128.142.51.209-9618+[2001-1458-301-3--100-e]-9618&alias=b9g02p0891.cern.ch&noUDP&sock=startd_5622_cd88>
	SlotName: slot1_2@b9g02p0891.cern.ch
	CondorScratchDir = "/pool/condor/dir_3560531"
	Cpus = 2
	Disk = 3907
	GPUs = 0
	Memory = 6000
...
006 (8016212.000.000) 11/24 18:48:17 Image size of job updated: 26612
	15  -  MemoryUsage of job (MB)
	14352  -  ResidentSetSize of job (KB)
...
006 (8016212.000.000) 11/24 18:48:29 Image size of job updated: 42368
	15  -  MemoryUsage of job (MB)
	14360  -  ResidentSetSize of job (KB)
...
040 (8016212.000.000) 11/24 18:48:33 Started transferring output files
...
040 (8016212.000.000) 11/24 18:48:41 Finished transferring output files
...
005 (8016212.000.000) 11/24 18:49:00 Job terminated.
	(1) Normal termination (return value 2)
		Usr 0 00:00:11, Sys 0 00:00:04  -  Run Remote Usage
		Usr 0 00:00:00, Sys 0 00:00:00  -  Run Local Usage
		Usr 0 00:00:11, Sys 0 00:00:04  -  Total Remote Usage
		Usr 0 00:00:00, Sys 0 00:00:00  -  Total Local Usage
	7490  -  Run Bytes Sent By Job
	1101  -  Run Bytes Received By Job
	7490  -  Total Bytes Sent By Job
	1101  -  Total Bytes Received By Job
	Partitionable Resources :    Usage  Request Allocated 
	   Cpus                 :        0        2         2 
	   Disk (KB)            :       63        2      3907 
	   GPUs                 :                           0 
	   Memory (MB)          :       15     6000      6000 
	   TimeExecute (s)      :       26                    
	   TimeSlotBusy (s)     :       50                    

	Job terminated of its own accord at 2025-11-24T17:48:28Z with exit-code 2.
...
