000 (8016244.000.000) 11/24 18:47:34 Job submitted from host: <137.138.44.55:9618?addrs=137.138.44.55-9618+[2001-1458-d00-1a--48]-9618&alias=bigbird17.cern.ch&noUDP&sock=schedd_2511_ea66>
...
040 (8016244.000.000) 11/24 18:48:12 Started transferring input files
	Transferring to host: <188.185.192.123:9618?addrs=188.185.192.123-9618+[2001-1458-303-1f--100-77]-9618&alias=b9p13p6073.cern.ch&noUDP&sock=slot1_20_3582129_af5b_5407>
...
040 (8016244.000.000) 11/24 18:48:12 Finished transferring input files
...
001 (8016244.000.000) 11/24 18:48:13 Job executing on host: <188.185.192.123:9618?addrs=188.185.192.123-9618+[2001-1458-303-1f--100-77]-9618&alias=b9p13p6073.cern.ch&noUDP&sock=startd_3885_5d86>
	SlotName: slot1_20@b9p13p6073.cern.ch
	CondorScratchDir = "/pool/condor/dir_1504614"
	Cpus = 2
	Disk = 3901
	GPUs = 0
	Memory = 6000
...
006 (8016244.000.000) 11/24 18:48:26 Image size of job updated: 42044
	32  -  MemoryUsage of job (MB)
	31972  -  ResidentSetSize of job (KB)
...
006 (8016244.000.000) 11/24 18:48:33 Image size of job updated: 47036
	32  -  MemoryUsage of job (MB)
	32000  -  ResidentSetSize of job (KB)
...
040 (8016244.000.000) 11/24 18:48:41 Started transferring output files
...
040 (8016244.000.000) 11/24 18:48:51 Finished transferring output files
...
005 (8016244.000.000) 11/24 18:49:00 Job terminated.
	(1) Normal termination (return value 2)
		Usr 0 00:00:10, Sys 0 00:00:04  -  Run Remote Usage
		Usr 0 00:00:00, Sys 0 00:00:00  -  Run Local Usage
		Usr 0 00:00:10, Sys 0 00:00:04  -  Total Remote Usage
		Usr 0 00:00:00, Sys 0 00:00:00  -  Total Local Usage
	7490  -  Run Bytes Sent By Job
	1101  -  Run Bytes Received By Job
	7490  -  Total Bytes Sent By Job
	1101  -  Total Bytes Received By Job
	Partitionable Resources :    Usage  Request Allocated 
	   Cpus                 :        0        2         2 
	   Disk (KB)            :       63        2      3901 
	   GPUs                 :                           0 
	   Memory (MB)          :       32     6000      6000 
	   TimeExecute (s)      :       20                    
	   TimeSlotBusy (s)     :       47                    

	Job terminated of its own accord at 2025-11-24T17:48:33Z with exit-code 2.
...
