000 (8016199.000.000) 11/24 18:47:24 Job submitted from host: <137.138.44.55:9618?addrs=137.138.44.55-9618+[2001-1458-d00-1a--48]-9618&alias=bigbird17.cern.ch&noUDP&sock=schedd_2511_ea66>
...
040 (8016199.000.000) 11/24 18:47:55 Started transferring input files
	Transferring to host: <188.185.193.21:9618?addrs=188.185.193.21-9618+[2001-1458-303-20--100-11]-9618&alias=b9p19p0571.cern.ch&noUDP&sock=slot1_16_7176_e41d_59574>
...
040 (8016199.000.000) 11/24 18:47:55 Finished transferring input files
...
001 (8016199.000.000) 11/24 18:47:56 Job executing on host: <188.185.193.21:9618?addrs=188.185.193.21-9618+[2001-1458-303-20--100-11]-9618&alias=b9p19p0571.cern.ch&noUDP&sock=startd_5999_64bc>
	SlotName: slot1_16@b9p19p0571.cern.ch
	CondorScratchDir = "/pool/condor/dir_841154"
	Cpus = 2
	Disk = 3893
	GPUs = 0
	Memory = 6000
...
006 (8016199.000.000) 11/24 18:48:09 Image size of job updated: 42900
	41  -  MemoryUsage of job (MB)
	41276  -  ResidentSetSize of job (KB)
...
006 (8016199.000.000) 11/24 18:48:17 Image size of job updated: 42900
	41  -  MemoryUsage of job (MB)
	41388  -  ResidentSetSize of job (KB)
...
040 (8016199.000.000) 11/24 18:48:17 Started transferring output files
...
040 (8016199.000.000) 11/24 18:48:17 Finished transferring output files
...
005 (8016199.000.000) 11/24 18:48:17 Job terminated.
	(1) Normal termination (return value 2)
		Usr 0 00:00:08, Sys 0 00:00:03  -  Run Remote Usage
		Usr 0 00:00:00, Sys 0 00:00:00  -  Run Local Usage
		Usr 0 00:00:08, Sys 0 00:00:03  -  Total Remote Usage
		Usr 0 00:00:00, Sys 0 00:00:00  -  Total Local Usage
	7490  -  Run Bytes Sent By Job
	1101  -  Run Bytes Received By Job
	7490  -  Total Bytes Sent By Job
	1101  -  Total Bytes Received By Job
	Partitionable Resources :    Usage  Request Allocated 
	   Cpus                 :        0        2         2 
	   Disk (KB)            :       62        2      3893 
	   GPUs                 :                           0 
	   Memory (MB)          :       41     6000      6000 
	   TimeExecute (s)      :       21                    
	   TimeSlotBusy (s)     :       22                    

	Job terminated of its own accord at 2025-11-24T17:48:17Z with exit-code 2.
...
