000 (8016275.000.000) 11/24 18:47:42 Job submitted from host: <137.138.44.55:9618?addrs=137.138.44.55-9618+[2001-1458-d00-1a--48]-9618&alias=bigbird17.cern.ch&noUDP&sock=schedd_2511_ea66>
...
040 (8016275.000.000) 11/24 18:48:28 Started transferring input files
	Transferring to host: <188.185.196.116:9618?addrs=188.185.196.116-9618+[2001-1458-303-23--100-70]-9618&alias=b9p16p8594.cern.ch&noUDP&sock=slot1_26_7541_110c_66615>
...
001 (8016275.000.000) 11/24 18:48:40 Job executing on host: <188.185.196.116:9618?addrs=188.185.196.116-9618+[2001-1458-303-23--100-70]-9618&alias=b9p16p8594.cern.ch&noUDP&sock=startd_6826_a58f>
	SlotName: slot1_26@b9p16p8594.cern.ch
	CondorScratchDir = "/pool/condor/dir_2731991"
	Cpus = 2
	Disk = 3904
	GPUs = 0
	Memory = 6000
...
040 (8016275.000.000) 11/24 18:48:40 Finished transferring input files
...
006 (8016275.000.000) 11/24 18:48:54 Image size of job updated: 24452
	17  -  MemoryUsage of job (MB)
	16884  -  ResidentSetSize of job (KB)
...
006 (8016275.000.000) 11/24 18:49:02 Image size of job updated: 41504
	17  -  MemoryUsage of job (MB)
	16908  -  ResidentSetSize of job (KB)
...
040 (8016275.000.000) 11/24 18:49:02 Started transferring output files
...
040 (8016275.000.000) 11/24 18:49:02 Finished transferring output files
...
005 (8016275.000.000) 11/24 18:49:02 Job terminated.
	(1) Normal termination (return value 2)
		Usr 0 00:00:11, Sys 0 00:00:04  -  Run Remote Usage
		Usr 0 00:00:00, Sys 0 00:00:00  -  Run Local Usage
		Usr 0 00:00:11, Sys 0 00:00:04  -  Total Remote Usage
		Usr 0 00:00:00, Sys 0 00:00:00  -  Total Local Usage
	7570  -  Run Bytes Sent By Job
	1117  -  Run Bytes Received By Job
	7570  -  Total Bytes Sent By Job
	1117  -  Total Bytes Received By Job
	Partitionable Resources :    Usage  Request Allocated 
	   Cpus                 :                 2         2 
	   Disk (KB)            :       56        2      3904 
	   GPUs                 :                           0 
	   Memory (MB)          :       17     6000      6000 
	   TimeExecute (s)      :       30                    
	   TimeSlotBusy (s)     :       35                    

	Job terminated of its own accord at 2025-11-24T17:49:02Z with exit-code 2.
...
