000 (8016252.000.000) 11/24 18:47:36 Job submitted from host: <137.138.44.55:9618?addrs=137.138.44.55-9618+[2001-1458-d00-1a--48]-9618&alias=bigbird17.cern.ch&noUDP&sock=schedd_2511_ea66>
...
040 (8016252.000.000) 11/24 18:48:17 Started transferring input files
	Transferring to host: <188.185.196.17:9618?addrs=188.185.196.17-9618+[2001-1458-303-23--100-d]-9618&alias=b9p16p1698.cern.ch&noUDP&sock=slot1_49_4016_629c_63492>
...
040 (8016252.000.000) 11/24 18:48:17 Finished transferring input files
...
001 (8016252.000.000) 11/24 18:48:18 Job executing on host: <188.185.196.17:9618?addrs=188.185.196.17-9618+[2001-1458-303-23--100-d]-9618&alias=b9p16p1698.cern.ch&noUDP&sock=startd_2960_e46c>
	SlotName: slot1_49@b9p16p1698.cern.ch
	CondorScratchDir = "/pool/condor/dir_1096814"
	Cpus = 2
	Disk = 3786
	GPUs = 0
	Memory = 6000
...
006 (8016252.000.000) 11/24 18:48:32 Image size of job updated: 45020
	44  -  MemoryUsage of job (MB)
	45020  -  ResidentSetSize of job (KB)
...
040 (8016252.000.000) 11/24 18:48:55 Started transferring output files
...
040 (8016252.000.000) 11/24 18:48:59 Finished transferring output files
...
005 (8016252.000.000) 11/24 18:49:01 Job terminated.
	(1) Normal termination (return value 2)
		Usr 0 00:00:12, Sys 0 00:00:04  -  Run Remote Usage
		Usr 0 00:00:00, Sys 0 00:00:00  -  Run Local Usage
		Usr 0 00:00:12, Sys 0 00:00:04  -  Total Remote Usage
		Usr 0 00:00:00, Sys 0 00:00:00  -  Total Local Usage
	7570  -  Run Bytes Sent By Job
	1117  -  Run Bytes Received By Job
	7570  -  Total Bytes Sent By Job
	1117  -  Total Bytes Received By Job
	Partitionable Resources :    Usage  Request Allocated 
	   Cpus                 :        0        2         2 
	   Disk (KB)            :       64        2      3786 
	   GPUs                 :                           0 
	   Memory (MB)          :       44     6000      6000 
	   TimeExecute (s)      :       26                    
	   TimeSlotBusy (s)     :       43                    

	Job terminated of its own accord at 2025-11-24T17:48:44Z with exit-code 2.
...
