000 (8016397.000.000) 11/24 18:48:10 Job submitted from host: <137.138.44.55:9618?addrs=137.138.44.55-9618+[2001-1458-d00-1a--48]-9618&alias=bigbird17.cern.ch&noUDP&sock=schedd_2511_ea66>
...
040 (8016397.000.000) 11/24 18:49:31 Started transferring input files
	Transferring to host: <188.185.193.137:9618?addrs=188.185.193.137-9618+[2001-1458-303-20--100-85]-9618&alias=b9p19p6393.cern.ch&noUDP&sock=slot1_9_5175_016c_64159>
...
040 (8016397.000.000) 11/24 18:49:31 Finished transferring input files
...
001 (8016397.000.000) 11/24 18:49:32 Job executing on host: <188.185.193.137:9618?addrs=188.185.193.137-9618+[2001-1458-303-20--100-85]-9618&alias=b9p19p6393.cern.ch&noUDP&sock=startd_4119_deaf>
	SlotName: slot1_9@b9p19p6393.cern.ch
	CondorScratchDir = "/pool/condor/dir_438596"
	Cpus = 2
	Disk = 3820
	GPUs = 0
	Memory = 6000
...
006 (8016397.000.000) 11/24 18:49:45 Image size of job updated: 576
	1  -  MemoryUsage of job (MB)
	576  -  ResidentSetSize of job (KB)
...
006 (8016397.000.000) 11/24 18:50:03 Image size of job updated: 42908
	1  -  MemoryUsage of job (MB)
	576  -  ResidentSetSize of job (KB)
...
040 (8016397.000.000) 11/24 18:50:03 Started transferring output files
...
040 (8016397.000.000) 11/24 18:50:03 Finished transferring output files
...
005 (8016397.000.000) 11/24 18:50:03 Job terminated.
	(1) Normal termination (return value 2)
		Usr 0 00:00:11, Sys 0 00:00:04  -  Run Remote Usage
		Usr 0 00:00:00, Sys 0 00:00:00  -  Run Local Usage
		Usr 0 00:00:11, Sys 0 00:00:04  -  Total Remote Usage
		Usr 0 00:00:00, Sys 0 00:00:00  -  Total Local Usage
	7460  -  Run Bytes Sent By Job
	1095  -  Run Bytes Received By Job
	7460  -  Total Bytes Sent By Job
	1095  -  Total Bytes Received By Job
	Partitionable Resources :    Usage  Request Allocated 
	   Cpus                 :        0        2         2 
	   Disk (KB)            :       62        2      3820 
	   GPUs                 :                           0 
	   Memory (MB)          :        1     6000      6000 
	   TimeExecute (s)      :       31                    
	   TimeSlotBusy (s)     :       32                    

	Job terminated of its own accord at 2025-11-24T17:50:03Z with exit-code 2.
...
