000 (8016312.000.000) 11/24 18:47:50 Job submitted from host: <137.138.44.55:9618?addrs=137.138.44.55-9618+[2001-1458-d00-1a--48]-9618&alias=bigbird17.cern.ch&noUDP&sock=schedd_2511_ea66>
...
040 (8016312.000.000) 11/24 18:49:14 Started transferring input files
	Transferring to host: <128.142.161.107:9618?addrs=128.142.161.107-9618+[2001-1458-301-b8--100-29]-9618&alias=b9g03p5993.cern.ch&noUDP&sock=slot1_3_1428452_6861_80149>
...
040 (8016312.000.000) 11/24 18:49:14 Finished transferring input files
...
001 (8016312.000.000) 11/24 18:49:15 Job executing on host: <128.142.161.107:9618?addrs=128.142.161.107-9618+[2001-1458-301-b8--100-29]-9618&alias=b9g03p5993.cern.ch&noUDP&sock=startd_3684_7efd>
	SlotName: slot1_3@b9g03p5993.cern.ch
	CondorScratchDir = "/pool/condor/dir_2667169"
	Cpus = 2
	Disk = 3989
	GPUs = 0
	Memory = 6000
...
006 (8016312.000.000) 11/24 18:49:29 Image size of job updated: 1496
	2  -  MemoryUsage of job (MB)
	1496  -  ResidentSetSize of job (KB)
...
006 (8016312.000.000) 11/24 18:49:55 Image size of job updated: 42936
	2  -  MemoryUsage of job (MB)
	1496  -  ResidentSetSize of job (KB)
...
040 (8016312.000.000) 11/24 18:49:56 Started transferring output files
...
040 (8016312.000.000) 11/24 18:49:56 Finished transferring output files
...
005 (8016312.000.000) 11/24 18:49:56 Job terminated.
	(1) Normal termination (return value 2)
		Usr 0 00:00:06, Sys 0 00:00:03  -  Run Remote Usage
		Usr 0 00:00:00, Sys 0 00:00:00  -  Run Local Usage
		Usr 0 00:00:06, Sys 0 00:00:03  -  Total Remote Usage
		Usr 0 00:00:00, Sys 0 00:00:00  -  Total Local Usage
	7560  -  Run Bytes Sent By Job
	1115  -  Run Bytes Received By Job
	7560  -  Total Bytes Sent By Job
	1115  -  Total Bytes Received By Job
	Partitionable Resources :    Usage  Request Allocated 
	   Cpus                 :        0        2         2 
	   Disk (KB)            :       63        2      3989 
	   GPUs                 :                           0 
	   Memory (MB)          :        2     6000      6000 
	   TimeExecute (s)      :       40                    
	   TimeSlotBusy (s)     :       42                    

	Job terminated of its own accord at 2025-11-24T17:49:55Z with exit-code 2.
...
