000 (8016422.000.000) 11/24 18:48:15 Job submitted from host: <137.138.44.55:9618?addrs=137.138.44.55-9618+[2001-1458-d00-1a--48]-9618&alias=bigbird17.cern.ch&noUDP&sock=schedd_2511_ea66>
...
040 (8016422.000.000) 11/24 18:49:43 Started transferring input files
	Transferring to host: <188.185.195.73:9618?addrs=188.185.195.73-9618+[2001-1458-303-22--100-45]-9618&alias=b9p17p1998.cern.ch&noUDP&sock=slot1_15_4939_b8e2_65466>
...
040 (8016422.000.000) 11/24 18:49:43 Finished transferring input files
...
001 (8016422.000.000) 11/24 18:49:44 Job executing on host: <188.185.195.73:9618?addrs=188.185.195.73-9618+[2001-1458-303-22--100-45]-9618&alias=b9p17p1998.cern.ch&noUDP&sock=startd_3959_1f88>
	SlotName: slot1_15@b9p17p1998.cern.ch
	CondorScratchDir = "/pool/condor/dir_527148"
	Cpus = 2
	Disk = 3802
	GPUs = 0
	Memory = 6000
...
006 (8016422.000.000) 11/24 18:49:58 Image size of job updated: 34388
	26  -  MemoryUsage of job (MB)
	26360  -  ResidentSetSize of job (KB)
...
006 (8016422.000.000) 11/24 18:50:18 Image size of job updated: 45748
	26  -  MemoryUsage of job (MB)
	26364  -  ResidentSetSize of job (KB)
...
040 (8016422.000.000) 11/24 18:50:18 Started transferring output files
...
040 (8016422.000.000) 11/24 18:50:18 Finished transferring output files
...
005 (8016422.000.000) 11/24 18:50:18 Job terminated.
	(1) Normal termination (return value 2)
		Usr 0 00:00:12, Sys 0 00:00:04  -  Run Remote Usage
		Usr 0 00:00:00, Sys 0 00:00:00  -  Run Local Usage
		Usr 0 00:00:12, Sys 0 00:00:04  -  Total Remote Usage
		Usr 0 00:00:00, Sys 0 00:00:00  -  Total Local Usage
	7460  -  Run Bytes Sent By Job
	1095  -  Run Bytes Received By Job
	7460  -  Total Bytes Sent By Job
	1095  -  Total Bytes Received By Job
	Partitionable Resources :    Usage  Request Allocated 
	   Cpus                 :        0        2         2 
	   Disk (KB)            :       63        2      3802 
	   GPUs                 :                           0 
	   Memory (MB)          :       26     6000      6000 
	   TimeExecute (s)      :       34                    
	   TimeSlotBusy (s)     :       36                    

	Job terminated of its own accord at 2025-11-24T17:50:18Z with exit-code 2.
...
