000 (8016404.000.000) 11/24 18:48:11 Job submitted from host: <137.138.44.55:9618?addrs=137.138.44.55-9618+[2001-1458-d00-1a--48]-9618&alias=bigbird17.cern.ch&noUDP&sock=schedd_2511_ea66>
...
040 (8016404.000.000) 11/24 18:49:32 Started transferring input files
	Transferring to host: <188.185.193.150:9618?addrs=188.185.193.150-9618+[2001-1458-303-20--100-92]-9618&alias=b9p19p1485.cern.ch&noUDP&sock=slot1_4_4993_c524_62048>
...
040 (8016404.000.000) 11/24 18:49:32 Finished transferring input files
...
001 (8016404.000.000) 11/24 18:49:33 Job executing on host: <188.185.193.150:9618?addrs=188.185.193.150-9618+[2001-1458-303-20--100-92]-9618&alias=b9p19p1485.cern.ch&noUDP&sock=startd_4013_29a5>
	SlotName: slot1_4@b9p19p1485.cern.ch
	CondorScratchDir = "/pool/condor/dir_2895563"
	Cpus = 2
	Disk = 3869
	GPUs = 0
	Memory = 6000
...
006 (8016404.000.000) 11/24 18:49:46 Image size of job updated: 39284
	39  -  MemoryUsage of job (MB)
	39284  -  ResidentSetSize of job (KB)
...
006 (8016404.000.000) 11/24 18:49:58 Image size of job updated: 45796
	39  -  MemoryUsage of job (MB)
	39308  -  ResidentSetSize of job (KB)
...
040 (8016404.000.000) 11/24 18:49:58 Started transferring output files
...
040 (8016404.000.000) 11/24 18:49:58 Finished transferring output files
...
005 (8016404.000.000) 11/24 18:49:58 Job terminated.
	(1) Normal termination (return value 2)
		Usr 0 00:00:11, Sys 0 00:00:04  -  Run Remote Usage
		Usr 0 00:00:00, Sys 0 00:00:00  -  Run Local Usage
		Usr 0 00:00:11, Sys 0 00:00:04  -  Total Remote Usage
		Usr 0 00:00:00, Sys 0 00:00:00  -  Total Local Usage
	7460  -  Run Bytes Sent By Job
	1095  -  Run Bytes Received By Job
	7460  -  Total Bytes Sent By Job
	1095  -  Total Bytes Received By Job
	Partitionable Resources :    Usage  Request Allocated 
	   Cpus                 :        0        2         2 
	   Disk (KB)            :       62        2      3869 
	   GPUs                 :                           0 
	   Memory (MB)          :       39     6000      6000 
	   TimeExecute (s)      :       25                    
	   TimeSlotBusy (s)     :       26                    

	Job terminated of its own accord at 2025-11-24T17:49:58Z with exit-code 2.
...
