000 (8016411.000.000) 11/24 18:48:13 Job submitted from host: <137.138.44.55:9618?addrs=137.138.44.55-9618+[2001-1458-d00-1a--48]-9618&alias=bigbird17.cern.ch&noUDP&sock=schedd_2511_ea66>
...
040 (8016411.000.000) 11/24 18:49:36 Started transferring input files
	Transferring to host: <188.185.192.70:9618?addrs=188.185.192.70-9618+[2001-1458-303-1f--100-42]-9618&alias=b9p13p3947.cern.ch&noUDP&sock=slot1_27_7898_9afa_67079>
...
040 (8016411.000.000) 11/24 18:49:36 Finished transferring input files
...
001 (8016411.000.000) 11/24 18:49:37 Job executing on host: <188.185.192.70:9618?addrs=188.185.192.70-9618+[2001-1458-303-1f--100-42]-9618&alias=b9p13p3947.cern.ch&noUDP&sock=startd_6740_a869>
	SlotName: slot1_27@b9p13p3947.cern.ch
	CondorScratchDir = "/pool/condor/dir_3565328"
	Cpus = 2
	Disk = 3786
	GPUs = 0
	Memory = 6000
...
006 (8016411.000.000) 11/24 18:49:50 Image size of job updated: 29844
	10  -  MemoryUsage of job (MB)
	9384  -  ResidentSetSize of job (KB)
...
006 (8016411.000.000) 11/24 18:50:00 Image size of job updated: 33132
	10  -  MemoryUsage of job (MB)
	9496  -  ResidentSetSize of job (KB)
...
040 (8016411.000.000) 11/24 18:50:00 Started transferring output files
...
040 (8016411.000.000) 11/24 18:50:00 Finished transferring output files
...
005 (8016411.000.000) 11/24 18:50:00 Job terminated.
	(1) Normal termination (return value 2)
		Usr 0 00:00:10, Sys 0 00:00:04  -  Run Remote Usage
		Usr 0 00:00:00, Sys 0 00:00:00  -  Run Local Usage
		Usr 0 00:00:10, Sys 0 00:00:04  -  Total Remote Usage
		Usr 0 00:00:00, Sys 0 00:00:00  -  Total Local Usage
	7460  -  Run Bytes Sent By Job
	1095  -  Run Bytes Received By Job
	7460  -  Total Bytes Sent By Job
	1095  -  Total Bytes Received By Job
	Partitionable Resources :    Usage  Request Allocated 
	   Cpus                 :        0        2         2 
	   Disk (KB)            :       63        2      3786 
	   GPUs                 :                           0 
	   Memory (MB)          :       10     6000      6000 
	   TimeExecute (s)      :       23                    
	   TimeSlotBusy (s)     :       25                    

	Job terminated of its own accord at 2025-11-24T17:50:00Z with exit-code 2.
...
