000 (8016372.000.000) 11/24 18:48:04 Job submitted from host: <137.138.44.55:9618?addrs=137.138.44.55-9618+[2001-1458-d00-1a--48]-9618&alias=bigbird17.cern.ch&noUDP&sock=schedd_2511_ea66>
...
040 (8016372.000.000) 11/24 18:49:23 Started transferring input files
	Transferring to host: <128.142.52.11:9618?addrs=128.142.52.11-9618+[2001-1458-301-1b--100-8]-9618&alias=b9g02p1359.cern.ch&noUDP&sock=slot1_3_1610033_a619_61268>
...
040 (8016372.000.000) 11/24 18:49:23 Finished transferring input files
...
001 (8016372.000.000) 11/24 18:49:24 Job executing on host: <128.142.52.11:9618?addrs=128.142.52.11-9618+[2001-1458-301-1b--100-8]-9618&alias=b9g02p1359.cern.ch&noUDP&sock=startd_4276_8f0e>
	SlotName: slot1_3@b9g02p1359.cern.ch
	CondorScratchDir = "/pool/condor/dir_880654"
	Cpus = 2
	Disk = 3921
	GPUs = 0
	Memory = 6000
...
006 (8016372.000.000) 11/24 18:49:38 Image size of job updated: 27096
	9  -  MemoryUsage of job (MB)
	9096  -  ResidentSetSize of job (KB)
...
006 (8016372.000.000) 11/24 18:49:47 Image size of job updated: 44836
	9  -  MemoryUsage of job (MB)
	9124  -  ResidentSetSize of job (KB)
...
040 (8016372.000.000) 11/24 18:49:47 Started transferring output files
...
040 (8016372.000.000) 11/24 18:49:47 Finished transferring output files
...
005 (8016372.000.000) 11/24 18:49:47 Job terminated.
	(1) Normal termination (return value 2)
		Usr 0 00:00:09, Sys 0 00:00:04  -  Run Remote Usage
		Usr 0 00:00:00, Sys 0 00:00:00  -  Run Local Usage
		Usr 0 00:00:09, Sys 0 00:00:04  -  Total Remote Usage
		Usr 0 00:00:00, Sys 0 00:00:00  -  Total Local Usage
	6048  -  Run Bytes Sent By Job
	1095  -  Run Bytes Received By Job
	6048  -  Total Bytes Sent By Job
	1095  -  Total Bytes Received By Job
	Partitionable Resources :    Usage  Request Allocated 
	   Cpus                 :        0        2         2 
	   Disk (KB)            :       61        2      3921 
	   GPUs                 :                           0 
	   Memory (MB)          :        9     6000      6000 
	   TimeExecute (s)      :       23                    
	   TimeSlotBusy (s)     :       24                    

	Job terminated of its own accord at 2025-11-24T17:49:47Z with exit-code 2.
...
