000 (8016308.000.000) 11/24 18:47:49 Job submitted from host: <137.138.44.55:9618?addrs=137.138.44.55-9618+[2001-1458-d00-1a--48]-9618&alias=bigbird17.cern.ch&noUDP&sock=schedd_2511_ea66>
...
040 (8016308.000.000) 11/24 18:49:00 Started transferring input files
	Transferring to host: <188.185.192.63:9618?addrs=188.185.192.63-9618+[2001-1458-303-1f--100-3b]-9618&alias=b9p13p3720.cern.ch&noUDP&sock=slot1_46_6644_0c87_64879>
...
040 (8016308.000.000) 11/24 18:49:00 Finished transferring input files
...
001 (8016308.000.000) 11/24 18:49:02 Job executing on host: <188.185.192.63:9618?addrs=188.185.192.63-9618+[2001-1458-303-1f--100-3b]-9618&alias=b9p13p3720.cern.ch&noUDP&sock=startd_4985_dfb4>
	SlotName: slot1_46@b9p13p3720.cern.ch
	CondorScratchDir = "/pool/condor/dir_515062"
	Cpus = 2
	Disk = 3959
	GPUs = 0
	Memory = 6000
...
006 (8016308.000.000) 11/24 18:49:16 Image size of job updated: 36620
	27  -  MemoryUsage of job (MB)
	27424  -  ResidentSetSize of job (KB)
...
006 (8016308.000.000) 11/24 18:49:24 Image size of job updated: 39044
	27  -  MemoryUsage of job (MB)
	27456  -  ResidentSetSize of job (KB)
...
040 (8016308.000.000) 11/24 18:49:24 Started transferring output files
...
040 (8016308.000.000) 11/24 18:49:24 Finished transferring output files
...
005 (8016308.000.000) 11/24 18:49:24 Job terminated.
	(1) Normal termination (return value 2)
		Usr 0 00:00:11, Sys 0 00:00:04  -  Run Remote Usage
		Usr 0 00:00:00, Sys 0 00:00:00  -  Run Local Usage
		Usr 0 00:00:11, Sys 0 00:00:04  -  Total Remote Usage
		Usr 0 00:00:00, Sys 0 00:00:00  -  Total Local Usage
	7570  -  Run Bytes Sent By Job
	1117  -  Run Bytes Received By Job
	7570  -  Total Bytes Sent By Job
	1117  -  Total Bytes Received By Job
	Partitionable Resources :    Usage  Request Allocated 
	   Cpus                 :        0        2         2 
	   Disk (KB)            :       63        2      3959 
	   GPUs                 :                           0 
	   Memory (MB)          :       27     6000      6000 
	   TimeExecute (s)      :       23                    
	   TimeSlotBusy (s)     :       24                    

	Job terminated of its own accord at 2025-11-24T17:49:24Z with exit-code 2.
...
