000 (8016402.000.000) 11/24 18:48:11 Job submitted from host: <137.138.44.55:9618?addrs=137.138.44.55-9618+[2001-1458-d00-1a--48]-9618&alias=bigbird17.cern.ch&noUDP&sock=schedd_2511_ea66>
...
040 (8016402.000.000) 11/24 18:49:39 Started transferring input files
	Transferring to host: <188.185.193.45:9618?addrs=188.185.193.45-9618+[2001-1458-303-20--100-29]-9618&alias=b9p19p5534.cern.ch&noUDP&sock=slot1_6_7273_3c81_22981>
...
040 (8016402.000.000) 11/24 18:49:39 Finished transferring input files
...
001 (8016402.000.000) 11/24 18:49:40 Job executing on host: <188.185.193.45:9618?addrs=188.185.193.45-9618+[2001-1458-303-20--100-29]-9618&alias=b9p19p5534.cern.ch&noUDP&sock=startd_6704_f701>
	SlotName: slot1_6@b9p19p5534.cern.ch
	CondorScratchDir = "/pool/condor/dir_1711443"
	Cpus = 2
	Disk = 3773
	GPUs = 0
	Memory = 6000
...
006 (8016402.000.000) 11/24 18:49:54 Image size of job updated: 41468
	23  -  MemoryUsage of job (MB)
	23436  -  ResidentSetSize of job (KB)
...
006 (8016402.000.000) 11/24 18:50:03 Image size of job updated: 41468
	24  -  MemoryUsage of job (MB)
	23560  -  ResidentSetSize of job (KB)
...
040 (8016402.000.000) 11/24 18:50:03 Started transferring output files
...
040 (8016402.000.000) 11/24 18:50:04 Finished transferring output files
...
005 (8016402.000.000) 11/24 18:50:04 Job terminated.
	(1) Normal termination (return value 2)
		Usr 0 00:00:11, Sys 0 00:00:04  -  Run Remote Usage
		Usr 0 00:00:00, Sys 0 00:00:00  -  Run Local Usage
		Usr 0 00:00:11, Sys 0 00:00:04  -  Total Remote Usage
		Usr 0 00:00:00, Sys 0 00:00:00  -  Total Local Usage
	7460  -  Run Bytes Sent By Job
	1095  -  Run Bytes Received By Job
	7460  -  Total Bytes Sent By Job
	1095  -  Total Bytes Received By Job
	Partitionable Resources :    Usage  Request Allocated 
	   Cpus                 :        0        2         2 
	   Disk (KB)            :       62        2      3773 
	   GPUs                 :                           0 
	   Memory (MB)          :       24     6000      6000 
	   TimeExecute (s)      :       23                    
	   TimeSlotBusy (s)     :       25                    

	Job terminated of its own accord at 2025-11-24T17:50:03Z with exit-code 2.
...
