000 (8016374.000.000) 11/24 18:48:05 Job submitted from host: <137.138.44.55:9618?addrs=137.138.44.55-9618+[2001-1458-d00-1a--48]-9618&alias=bigbird17.cern.ch&noUDP&sock=schedd_2511_ea66>
...
040 (8016374.000.000) 11/24 18:49:23 Started transferring input files
	Transferring to host: <188.185.192.118:9618?addrs=188.185.192.118-9618+[2001-1458-303-1f--100-72]-9618&alias=b9p13p2443.cern.ch&noUDP&sock=slot1_22_9286_93b3_65570>
...
040 (8016374.000.000) 11/24 18:49:23 Finished transferring input files
...
001 (8016374.000.000) 11/24 18:49:24 Job executing on host: <188.185.192.118:9618?addrs=188.185.192.118-9618+[2001-1458-303-1f--100-72]-9618&alias=b9p13p2443.cern.ch&noUDP&sock=startd_8186_7e5c>
	SlotName: slot1_22@b9p13p2443.cern.ch
	CondorScratchDir = "/pool/condor/dir_3806796"
	Cpus = 2
	Disk = 3846
	GPUs = 0
	Memory = 6000
...
006 (8016374.000.000) 11/24 18:49:38 Image size of job updated: 31184
	23  -  MemoryUsage of job (MB)
	23044  -  ResidentSetSize of job (KB)
...
006 (8016374.000.000) 11/24 18:49:46 Image size of job updated: 39444
	23  -  MemoryUsage of job (MB)
	23152  -  ResidentSetSize of job (KB)
...
040 (8016374.000.000) 11/24 18:49:46 Started transferring output files
...
040 (8016374.000.000) 11/24 18:49:46 Finished transferring output files
...
005 (8016374.000.000) 11/24 18:49:46 Job terminated.
	(1) Normal termination (return value 2)
		Usr 0 00:00:11, Sys 0 00:00:04  -  Run Remote Usage
		Usr 0 00:00:00, Sys 0 00:00:00  -  Run Local Usage
		Usr 0 00:00:11, Sys 0 00:00:04  -  Total Remote Usage
		Usr 0 00:00:00, Sys 0 00:00:00  -  Total Local Usage
	7460  -  Run Bytes Sent By Job
	1095  -  Run Bytes Received By Job
	7460  -  Total Bytes Sent By Job
	1095  -  Total Bytes Received By Job
	Partitionable Resources :    Usage  Request Allocated 
	   Cpus                 :        0        2         2 
	   Disk (KB)            :       63        2      3846 
	   GPUs                 :                           0 
	   Memory (MB)          :       23     6000      6000 
	   TimeExecute (s)      :       22                    
	   TimeSlotBusy (s)     :       23                    

	Job terminated of its own accord at 2025-11-24T17:49:46Z with exit-code 2.
...
