000 (8016414.000.000) 11/24 18:48:14 Job submitted from host: <137.138.44.55:9618?addrs=137.138.44.55-9618+[2001-1458-d00-1a--48]-9618&alias=bigbird17.cern.ch&noUDP&sock=schedd_2511_ea66>
...
040 (8016414.000.000) 11/24 18:49:36 Started transferring input files
	Transferring to host: <188.185.195.127:9618?addrs=188.185.195.127-9618+[2001-1458-303-22--100-7b]-9618&alias=b9p17p7452.cern.ch&noUDP&sock=slot1_17_4821_949d_60868>
...
040 (8016414.000.000) 11/24 18:49:36 Finished transferring input files
...
001 (8016414.000.000) 11/24 18:49:37 Job executing on host: <188.185.195.127:9618?addrs=188.185.195.127-9618+[2001-1458-303-22--100-7b]-9618&alias=b9p17p7452.cern.ch&noUDP&sock=startd_3845_edbc>
	SlotName: slot1_17@b9p17p7452.cern.ch
	CondorScratchDir = "/pool/condor/dir_767418"
	Cpus = 2
	Disk = 3800
	GPUs = 0
	Memory = 6000
...
006 (8016414.000.000) 11/24 18:49:50 Image size of job updated: 42912
	37  -  MemoryUsage of job (MB)
	37132  -  ResidentSetSize of job (KB)
...
006 (8016414.000.000) 11/24 18:50:02 Image size of job updated: 44020
	37  -  MemoryUsage of job (MB)
	37164  -  ResidentSetSize of job (KB)
...
040 (8016414.000.000) 11/24 18:50:02 Started transferring output files
...
040 (8016414.000.000) 11/24 18:50:02 Finished transferring output files
...
005 (8016414.000.000) 11/24 18:50:03 Job terminated.
	(1) Normal termination (return value 2)
		Usr 0 00:00:13, Sys 0 00:00:05  -  Run Remote Usage
		Usr 0 00:00:00, Sys 0 00:00:00  -  Run Local Usage
		Usr 0 00:00:13, Sys 0 00:00:05  -  Total Remote Usage
		Usr 0 00:00:00, Sys 0 00:00:00  -  Total Local Usage
	7460  -  Run Bytes Sent By Job
	1095  -  Run Bytes Received By Job
	7460  -  Total Bytes Sent By Job
	1095  -  Total Bytes Received By Job
	Partitionable Resources :    Usage  Request Allocated 
	   Cpus                 :        0        2         2 
	   Disk (KB)            :       63        2      3800 
	   GPUs                 :                           0 
	   Memory (MB)          :       37     6000      6000 
	   TimeExecute (s)      :       25                    
	   TimeSlotBusy (s)     :       26                    

	Job terminated of its own accord at 2025-11-24T17:50:02Z with exit-code 2.
...
