000 (8016290.000.000) 11/24 18:47:45 Job submitted from host: <137.138.44.55:9618?addrs=137.138.44.55-9618+[2001-1458-d00-1a--48]-9618&alias=bigbird17.cern.ch&noUDP&sock=schedd_2511_ea66>
...
040 (8016290.000.000) 11/24 18:48:56 Started transferring input files
	Transferring to host: <188.185.192.14:9618?addrs=188.185.192.14-9618+[2001-1458-303-1f--100-a]-9618&alias=b9p13p3501.cern.ch&noUDP&sock=slot1_23_6385_8f5d_65659>
...
001 (8016290.000.000) 11/24 18:49:00 Job executing on host: <188.185.192.14:9618?addrs=188.185.192.14-9618+[2001-1458-303-1f--100-a]-9618&alias=b9p13p3501.cern.ch&noUDP&sock=startd_4589_4033>
	SlotName: slot1_23@b9p13p3501.cern.ch
	CondorScratchDir = "/pool/condor/dir_1528288"
	Cpus = 2
	Disk = 3826
	GPUs = 0
	Memory = 6000
...
040 (8016290.000.000) 11/24 18:49:00 Finished transferring input files
...
006 (8016290.000.000) 11/24 18:49:13 Image size of job updated: 45024
	44  -  MemoryUsage of job (MB)
	45024  -  ResidentSetSize of job (KB)
...
006 (8016290.000.000) 11/24 18:49:21 Image size of job updated: 47056
	44  -  MemoryUsage of job (MB)
	45024  -  ResidentSetSize of job (KB)
...
040 (8016290.000.000) 11/24 18:49:21 Started transferring output files
...
040 (8016290.000.000) 11/24 18:49:21 Finished transferring output files
...
005 (8016290.000.000) 11/24 18:49:21 Job terminated.
	(1) Normal termination (return value 2)
		Usr 0 00:00:11, Sys 0 00:00:04  -  Run Remote Usage
		Usr 0 00:00:00, Sys 0 00:00:00  -  Run Local Usage
		Usr 0 00:00:11, Sys 0 00:00:04  -  Total Remote Usage
		Usr 0 00:00:00, Sys 0 00:00:00  -  Total Local Usage
	7570  -  Run Bytes Sent By Job
	1117  -  Run Bytes Received By Job
	7570  -  Total Bytes Sent By Job
	1117  -  Total Bytes Received By Job
	Partitionable Resources :    Usage  Request Allocated 
	   Cpus                 :                 2         2 
	   Disk (KB)            :       56        2      3826 
	   GPUs                 :                           0 
	   Memory (MB)          :       44     6000      6000 
	   TimeExecute (s)      :       22                    
	   TimeSlotBusy (s)     :       35                    

	Job terminated of its own accord at 2025-11-24T17:49:21Z with exit-code 2.
...
