000 (8016345.000.000) 11/24 18:47:57 Job submitted from host: <137.138.44.55:9618?addrs=137.138.44.55-9618+[2001-1458-d00-1a--48]-9618&alias=bigbird17.cern.ch&noUDP&sock=schedd_2511_ea66>
...
040 (8016345.000.000) 11/24 18:49:17 Started transferring input files
	Transferring to host: <188.185.192.137:9618?addrs=188.185.192.137-9618+[2001-1458-303-1f--100-85]-9618&alias=b9p13p0967.cern.ch&noUDP&sock=slot1_21_4757_7c9b_66510>
...
040 (8016345.000.000) 11/24 18:49:17 Finished transferring input files
...
001 (8016345.000.000) 11/24 18:49:18 Job executing on host: <188.185.192.137:9618?addrs=188.185.192.137-9618+[2001-1458-303-1f--100-85]-9618&alias=b9p13p0967.cern.ch&noUDP&sock=startd_3870_139a>
	SlotName: slot1_21@b9p13p0967.cern.ch
	CondorScratchDir = "/pool/condor/dir_95344"
	Cpus = 2
	Disk = 3818
	GPUs = 0
	Memory = 6000
...
006 (8016345.000.000) 11/24 18:49:31 Image size of job updated: 41144
	41  -  MemoryUsage of job (MB)
	41144  -  ResidentSetSize of job (KB)
...
006 (8016345.000.000) 11/24 18:49:36 Image size of job updated: 47040
	41  -  MemoryUsage of job (MB)
	41180  -  ResidentSetSize of job (KB)
...
040 (8016345.000.000) 11/24 18:49:36 Started transferring output files
...
040 (8016345.000.000) 11/24 18:49:36 Finished transferring output files
...
005 (8016345.000.000) 11/24 18:49:36 Job terminated.
	(1) Normal termination (return value 2)
		Usr 0 00:00:07, Sys 0 00:00:03  -  Run Remote Usage
		Usr 0 00:00:00, Sys 0 00:00:00  -  Run Local Usage
		Usr 0 00:00:07, Sys 0 00:00:03  -  Total Remote Usage
		Usr 0 00:00:00, Sys 0 00:00:00  -  Total Local Usage
	7560  -  Run Bytes Sent By Job
	1115  -  Run Bytes Received By Job
	7560  -  Total Bytes Sent By Job
	1115  -  Total Bytes Received By Job
	Partitionable Resources :    Usage  Request Allocated 
	   Cpus                 :        0        2         2 
	   Disk (KB)            :       63        2      3818 
	   GPUs                 :                           0 
	   Memory (MB)          :       41     6000      6000 
	   TimeExecute (s)      :       18                    
	   TimeSlotBusy (s)     :       19                    

	Job terminated of its own accord at 2025-11-24T17:49:36Z with exit-code 2.
...
