000 (8016282.000.000) 11/24 18:47:43 Job submitted from host: <137.138.44.55:9618?addrs=137.138.44.55-9618+[2001-1458-d00-1a--48]-9618&alias=bigbird17.cern.ch&noUDP&sock=schedd_2511_ea66>
...
040 (8016282.000.000) 11/24 18:48:41 Started transferring input files
	Transferring to host: <188.185.192.154:9618?addrs=188.185.192.154-9618+[2001-1458-303-1f--100-96]-9618&alias=b9p13p4549.cern.ch&noUDP&sock=slot1_45_10495_6d44_63232>
...
001 (8016282.000.000) 11/24 18:48:59 Job executing on host: <188.185.192.154:9618?addrs=188.185.192.154-9618+[2001-1458-303-1f--100-96]-9618&alias=b9p13p4549.cern.ch&noUDP&sock=startd_8950_88b7>
	SlotName: slot1_45@b9p13p4549.cern.ch
	CondorScratchDir = "/pool/condor/dir_3887539"
	Cpus = 2
	Disk = 3843
	GPUs = 0
	Memory = 6000
...
040 (8016282.000.000) 11/24 18:48:59 Finished transferring input files
...
006 (8016282.000.000) 11/24 18:49:13 Image size of job updated: 40704
	40  -  MemoryUsage of job (MB)
	40704  -  ResidentSetSize of job (KB)
...
006 (8016282.000.000) 11/24 18:49:25 Image size of job updated: 40748
	40  -  MemoryUsage of job (MB)
	40748  -  ResidentSetSize of job (KB)
...
040 (8016282.000.000) 11/24 18:49:25 Started transferring output files
...
040 (8016282.000.000) 11/24 18:49:25 Finished transferring output files
...
005 (8016282.000.000) 11/24 18:49:25 Job terminated.
	(1) Normal termination (return value 2)
		Usr 0 00:00:12, Sys 0 00:00:04  -  Run Remote Usage
		Usr 0 00:00:00, Sys 0 00:00:00  -  Run Local Usage
		Usr 0 00:00:12, Sys 0 00:00:04  -  Total Remote Usage
		Usr 0 00:00:00, Sys 0 00:00:00  -  Total Local Usage
	7570  -  Run Bytes Sent By Job
	1117  -  Run Bytes Received By Job
	7570  -  Total Bytes Sent By Job
	1117  -  Total Bytes Received By Job
	Partitionable Resources :    Usage  Request Allocated 
	   Cpus                 :                 2         2 
	   Disk (KB)            :       55        2      3843 
	   GPUs                 :                           0 
	   Memory (MB)          :       40     6000      6000 
	   TimeExecute (s)      :       34                    
	   TimeSlotBusy (s)     :       51                    

	Job terminated of its own accord at 2025-11-24T17:49:25Z with exit-code 2.
...
