000 (8016367.000.000) 11/24 18:48:02 Job submitted from host: <137.138.44.55:9618?addrs=137.138.44.55-9618+[2001-1458-d00-1a--48]-9618&alias=bigbird17.cern.ch&noUDP&sock=schedd_2511_ea66>
...
040 (8016367.000.000) 11/24 18:49:21 Started transferring input files
	Transferring to host: <188.185.195.115:9618?addrs=188.185.195.115-9618+[2001-1458-303-22--100-6f]-9618&alias=b9p17p9555.cern.ch&noUDP&sock=slot1_2_6911_2cb2_61338>
...
040 (8016367.000.000) 11/24 18:49:21 Finished transferring input files
...
001 (8016367.000.000) 11/24 18:49:22 Job executing on host: <188.185.195.115:9618?addrs=188.185.195.115-9618+[2001-1458-303-22--100-6f]-9618&alias=b9p17p9555.cern.ch&noUDP&sock=startd_6067_092d>
	SlotName: slot1_2@b9p17p9555.cern.ch
	CondorScratchDir = "/pool/condor/dir_1018741"
	Cpus = 2
	Disk = 3888
	GPUs = 0
	Memory = 6000
...
006 (8016367.000.000) 11/24 18:49:35 Image size of job updated: 26732
	27  -  MemoryUsage of job (MB)
	26732  -  ResidentSetSize of job (KB)
...
006 (8016367.000.000) 11/24 18:49:54 Image size of job updated: 43980
	27  -  MemoryUsage of job (MB)
	26732  -  ResidentSetSize of job (KB)
...
040 (8016367.000.000) 11/24 18:49:54 Started transferring output files
...
040 (8016367.000.000) 11/24 18:49:54 Finished transferring output files
...
005 (8016367.000.000) 11/24 18:49:54 Job terminated.
	(1) Normal termination (return value 2)
		Usr 0 00:00:11, Sys 0 00:00:04  -  Run Remote Usage
		Usr 0 00:00:00, Sys 0 00:00:00  -  Run Local Usage
		Usr 0 00:00:11, Sys 0 00:00:04  -  Total Remote Usage
		Usr 0 00:00:00, Sys 0 00:00:00  -  Total Local Usage
	7560  -  Run Bytes Sent By Job
	1115  -  Run Bytes Received By Job
	7560  -  Total Bytes Sent By Job
	1115  -  Total Bytes Received By Job
	Partitionable Resources :    Usage  Request Allocated 
	   Cpus                 :        0        2         2 
	   Disk (KB)            :       63        2      3888 
	   GPUs                 :                           0 
	   Memory (MB)          :       27     6000      6000 
	   TimeExecute (s)      :       32                    
	   TimeSlotBusy (s)     :       33                    

	Job terminated of its own accord at 2025-11-24T17:49:54Z with exit-code 2.
...
