000 (8016395.000.000) 11/24 18:48:09 Job submitted from host: <137.138.44.55:9618?addrs=137.138.44.55-9618+[2001-1458-d00-1a--48]-9618&alias=bigbird17.cern.ch&noUDP&sock=schedd_2511_ea66>
...
040 (8016395.000.000) 11/24 18:49:30 Started transferring input files
	Transferring to host: <128.142.161.92:9618?addrs=128.142.161.92-9618+[2001-1458-301-b8--100-1a]-9618&alias=b9g03p4168.cern.ch&noUDP&sock=slot1_15_9866_3d4a_66693>
...
040 (8016395.000.000) 11/24 18:49:30 Finished transferring input files
...
001 (8016395.000.000) 11/24 18:49:31 Job executing on host: <128.142.161.92:9618?addrs=128.142.161.92-9618+[2001-1458-301-b8--100-1a]-9618&alias=b9g03p4168.cern.ch&noUDP&sock=startd_8228_4d56>
	SlotName: slot1_15@b9g03p4168.cern.ch
	CondorScratchDir = "/pool/condor/dir_3601934"
	Cpus = 2
	Disk = 3984
	GPUs = 0
	Memory = 6000
...
006 (8016395.000.000) 11/24 18:49:45 Image size of job updated: 44608
	40  -  MemoryUsage of job (MB)
	40004  -  ResidentSetSize of job (KB)
...
006 (8016395.000.000) 11/24 18:49:54 Image size of job updated: 47040
	40  -  MemoryUsage of job (MB)
	40096  -  ResidentSetSize of job (KB)
...
040 (8016395.000.000) 11/24 18:49:54 Started transferring output files
...
040 (8016395.000.000) 11/24 18:49:54 Finished transferring output files
...
005 (8016395.000.000) 11/24 18:49:54 Job terminated.
	(1) Normal termination (return value 2)
		Usr 0 00:00:10, Sys 0 00:00:04  -  Run Remote Usage
		Usr 0 00:00:00, Sys 0 00:00:00  -  Run Local Usage
		Usr 0 00:00:10, Sys 0 00:00:04  -  Total Remote Usage
		Usr 0 00:00:00, Sys 0 00:00:00  -  Total Local Usage
	7460  -  Run Bytes Sent By Job
	1095  -  Run Bytes Received By Job
	7460  -  Total Bytes Sent By Job
	1095  -  Total Bytes Received By Job
	Partitionable Resources :    Usage  Request Allocated 
	   Cpus                 :        0        2         2 
	   Disk (KB)            :       62        2      3984 
	   GPUs                 :                           0 
	   Memory (MB)          :       40     6000      6000 
	   TimeExecute (s)      :       23                    
	   TimeSlotBusy (s)     :       24                    

	Job terminated of its own accord at 2025-11-24T17:49:54Z with exit-code 2.
...
