000 (8016327.000.000) 11/24 18:47:53 Job submitted from host: <137.138.44.55:9618?addrs=137.138.44.55-9618+[2001-1458-d00-1a--48]-9618&alias=bigbird17.cern.ch&noUDP&sock=schedd_2511_ea66>
...
040 (8016327.000.000) 11/24 18:49:05 Started transferring input files
	Transferring to host: <128.142.161.95:9618?addrs=128.142.161.95-9618+[2001-1458-301-b8--100-1d]-9618&alias=b9g03p2625.cern.ch&noUDP&sock=slot1_15_3718158_6bd7_80824>
...
040 (8016327.000.000) 11/24 18:49:05 Finished transferring input files
...
001 (8016327.000.000) 11/24 18:49:06 Job executing on host: <128.142.161.95:9618?addrs=128.142.161.95-9618+[2001-1458-301-b8--100-1d]-9618&alias=b9g03p2625.cern.ch&noUDP&sock=startd_7743_a1e7>
	SlotName: slot1_15@b9g03p2625.cern.ch
	CondorScratchDir = "/pool/condor/dir_133774"
	Cpus = 2
	Disk = 3810
	GPUs = 0
	Memory = 6000
...
006 (8016327.000.000) 11/24 18:49:19 Image size of job updated: 47064
	46  -  MemoryUsage of job (MB)
	47064  -  ResidentSetSize of job (KB)
...
040 (8016327.000.000) 11/24 18:49:27 Started transferring output files
...
040 (8016327.000.000) 11/24 18:49:27 Finished transferring output files
...
005 (8016327.000.000) 11/24 18:49:27 Job terminated.
	(1) Normal termination (return value 2)
		Usr 0 00:00:10, Sys 0 00:00:04  -  Run Remote Usage
		Usr 0 00:00:00, Sys 0 00:00:00  -  Run Local Usage
		Usr 0 00:00:10, Sys 0 00:00:04  -  Total Remote Usage
		Usr 0 00:00:00, Sys 0 00:00:00  -  Total Local Usage
	7560  -  Run Bytes Sent By Job
	1115  -  Run Bytes Received By Job
	7560  -  Total Bytes Sent By Job
	1115  -  Total Bytes Received By Job
	Partitionable Resources :    Usage  Request Allocated 
	   Cpus                 :        0        2         2 
	   Disk (KB)            :       63        2      3810 
	   GPUs                 :                           0 
	   Memory (MB)          :       46     6000      6000 
	   TimeExecute (s)      :       21                    
	   TimeSlotBusy (s)     :       22                    

	Job terminated of its own accord at 2025-11-24T17:49:27Z with exit-code 2.
...
