000 (8016377.000.000) 11/24 18:48:06 Job submitted from host: <137.138.44.55:9618?addrs=137.138.44.55-9618+[2001-1458-d00-1a--48]-9618&alias=bigbird17.cern.ch&noUDP&sock=schedd_2511_ea66>
...
040 (8016377.000.000) 11/24 18:49:25 Started transferring input files
	Transferring to host: <188.185.196.29:9618?addrs=188.185.196.29-9618+[2001-1458-303-23--100-19]-9618&alias=b9p16p9571.cern.ch&noUDP&sock=slot1_8_9305_f6d3_61366>
...
040 (8016377.000.000) 11/24 18:49:25 Finished transferring input files
...
001 (8016377.000.000) 11/24 18:49:26 Job executing on host: <188.185.196.29:9618?addrs=188.185.196.29-9618+[2001-1458-303-23--100-19]-9618&alias=b9p16p9571.cern.ch&noUDP&sock=startd_7586_f189>
	SlotName: slot1_8@b9p16p9571.cern.ch
	CondorScratchDir = "/pool/condor/dir_1649898"
	Cpus = 2
	Disk = 3790
	GPUs = 0
	Memory = 6000
...
006 (8016377.000.000) 11/24 18:49:40 Image size of job updated: 44884
	44  -  MemoryUsage of job (MB)
	44884  -  ResidentSetSize of job (KB)
...
006 (8016377.000.000) 11/24 18:49:59 Image size of job updated: 45004
	44  -  MemoryUsage of job (MB)
	44884  -  ResidentSetSize of job (KB)
...
040 (8016377.000.000) 11/24 18:49:59 Started transferring output files
...
040 (8016377.000.000) 11/24 18:49:59 Finished transferring output files
...
005 (8016377.000.000) 11/24 18:49:59 Job terminated.
	(1) Normal termination (return value 2)
		Usr 0 00:00:12, Sys 0 00:00:04  -  Run Remote Usage
		Usr 0 00:00:00, Sys 0 00:00:00  -  Run Local Usage
		Usr 0 00:00:12, Sys 0 00:00:04  -  Total Remote Usage
		Usr 0 00:00:00, Sys 0 00:00:00  -  Total Local Usage
	7460  -  Run Bytes Sent By Job
	1095  -  Run Bytes Received By Job
	7460  -  Total Bytes Sent By Job
	1095  -  Total Bytes Received By Job
	Partitionable Resources :    Usage  Request Allocated 
	   Cpus                 :        0        2         2 
	   Disk (KB)            :       63        2      3790 
	   GPUs                 :                           0 
	   Memory (MB)          :       44     6000      6000 
	   TimeExecute (s)      :       33                    
	   TimeSlotBusy (s)     :       35                    

	Job terminated of its own accord at 2025-11-24T17:49:59Z with exit-code 2.
...
