000 (8016309.000.000) 11/24 18:47:49 Job submitted from host: <137.138.44.55:9618?addrs=137.138.44.55-9618+[2001-1458-d00-1a--48]-9618&alias=bigbird17.cern.ch&noUDP&sock=schedd_2511_ea66>
...
040 (8016309.000.000) 11/24 18:49:01 Started transferring input files
	Transferring to host: <188.185.210.173:9618?addrs=188.185.210.173-9618+[2001-1458-303-15--100-29]-9618&alias=b9p22p6887.cern.ch&noUDP&sock=slot1_27_6060_9170_86634>
...
040 (8016309.000.000) 11/24 18:49:02 Finished transferring input files
...
001 (8016309.000.000) 11/24 18:49:02 Job executing on host: <188.185.210.173:9618?addrs=188.185.210.173-9618+[2001-1458-303-15--100-29]-9618&alias=b9p22p6887.cern.ch&noUDP&sock=startd_5249_f4b4>
	SlotName: slot1_27@b9p22p6887.cern.ch
	CondorScratchDir = "/pool/condor/dir_488942"
	Cpus = 2
	Disk = 3754
	GPUs = 0
	Memory = 6000
...
006 (8016309.000.000) 11/24 18:49:16 Image size of job updated: 47060
	10  -  MemoryUsage of job (MB)
	9912  -  ResidentSetSize of job (KB)
...
006 (8016309.000.000) 11/24 18:49:19 Image size of job updated: 47060
	10  -  MemoryUsage of job (MB)
	9992  -  ResidentSetSize of job (KB)
...
040 (8016309.000.000) 11/24 18:49:19 Started transferring output files
...
040 (8016309.000.000) 11/24 18:49:19 Finished transferring output files
...
005 (8016309.000.000) 11/24 18:49:19 Job terminated.
	(1) Normal termination (return value 2)
		Usr 0 00:00:06, Sys 0 00:00:03  -  Run Remote Usage
		Usr 0 00:00:00, Sys 0 00:00:00  -  Run Local Usage
		Usr 0 00:00:06, Sys 0 00:00:03  -  Total Remote Usage
		Usr 0 00:00:00, Sys 0 00:00:00  -  Total Local Usage
	7570  -  Run Bytes Sent By Job
	1117  -  Run Bytes Received By Job
	7570  -  Total Bytes Sent By Job
	1117  -  Total Bytes Received By Job
	Partitionable Resources :    Usage  Request Allocated 
	   Cpus                 :        0        2         2 
	   Disk (KB)            :       63        2      3754 
	   GPUs                 :                           0 
	   Memory (MB)          :       10     6000      6000 
	   TimeExecute (s)      :       17                    
	   TimeSlotBusy (s)     :       18                    

	Job terminated of its own accord at 2025-11-24T17:49:19Z with exit-code 2.
...
