000 (8016260.000.000) 11/24 18:47:38 Job submitted from host: <137.138.44.55:9618?addrs=137.138.44.55-9618+[2001-1458-d00-1a--48]-9618&alias=bigbird17.cern.ch&noUDP&sock=schedd_2511_ea66>
...
040 (8016260.000.000) 11/24 18:48:18 Started transferring input files
	Transferring to host: <188.185.196.175:9618?addrs=188.185.196.175-9618+[2001-1458-303-23--100-ab]-9618&alias=b9p16p3224.cern.ch&noUDP&sock=slot1_39_5919_388a_62754>
...
040 (8016260.000.000) 11/24 18:48:18 Finished transferring input files
...
001 (8016260.000.000) 11/24 18:48:19 Job executing on host: <188.185.196.175:9618?addrs=188.185.196.175-9618+[2001-1458-303-23--100-ab]-9618&alias=b9p16p3224.cern.ch&noUDP&sock=startd_4523_faf2>
	SlotName: slot1_39@b9p16p3224.cern.ch
	CondorScratchDir = "/pool/condor/dir_666451"
	Cpus = 2
	Disk = 3845
	GPUs = 0
	Memory = 6000
...
006 (8016260.000.000) 11/24 18:48:33 Image size of job updated: 47052
	46  -  MemoryUsage of job (MB)
	47052  -  ResidentSetSize of job (KB)
...
040 (8016260.000.000) 11/24 18:48:51 Started transferring output files
...
040 (8016260.000.000) 11/24 18:48:59 Finished transferring output files
...
005 (8016260.000.000) 11/24 18:49:01 Job terminated.
	(1) Normal termination (return value 2)
		Usr 0 00:00:11, Sys 0 00:00:03  -  Run Remote Usage
		Usr 0 00:00:00, Sys 0 00:00:00  -  Run Local Usage
		Usr 0 00:00:11, Sys 0 00:00:03  -  Total Remote Usage
		Usr 0 00:00:00, Sys 0 00:00:00  -  Total Local Usage
	7570  -  Run Bytes Sent By Job
	1117  -  Run Bytes Received By Job
	7570  -  Total Bytes Sent By Job
	1117  -  Total Bytes Received By Job
	Partitionable Resources :    Usage  Request Allocated 
	   Cpus                 :        0        2         2 
	   Disk (KB)            :       64        2      3845 
	   GPUs                 :                           0 
	   Memory (MB)          :       46     6000      6000 
	   TimeExecute (s)      :       21                    
	   TimeSlotBusy (s)     :       41                    

	Job terminated of its own accord at 2025-11-24T17:48:40Z with exit-code 2.
...
