000 (8016371.000.000) 11/24 18:48:03 Job submitted from host: <137.138.44.55:9618?addrs=137.138.44.55-9618+[2001-1458-d00-1a--48]-9618&alias=bigbird17.cern.ch&noUDP&sock=schedd_2511_ea66>
...
040 (8016371.000.000) 11/24 18:49:13 Started transferring input files
	Transferring to host: <188.185.194.120:9618?addrs=188.185.194.120-9618+[2001-1458-303-21--100-74]-9618&alias=b9p20p3709.cern.ch&noUDP&sock=slot1_33_8338_a00c_61964>
...
040 (8016371.000.000) 11/24 18:49:13 Finished transferring input files
...
001 (8016371.000.000) 11/24 18:49:14 Job executing on host: <188.185.194.120:9618?addrs=188.185.194.120-9618+[2001-1458-303-21--100-74]-9618&alias=b9p20p3709.cern.ch&noUDP&sock=startd_7260_55a9>
	SlotName: slot1_33@b9p20p3709.cern.ch
	CondorScratchDir = "/pool/condor/dir_2344210"
	Cpus = 2
	Disk = 3800
	GPUs = 0
	Memory = 6000
...
006 (8016371.000.000) 11/24 18:49:28 Image size of job updated: 34032
	33  -  MemoryUsage of job (MB)
	33764  -  ResidentSetSize of job (KB)
...
006 (8016371.000.000) 11/24 18:49:56 Image size of job updated: 39900
	33  -  MemoryUsage of job (MB)
	33764  -  ResidentSetSize of job (KB)
...
040 (8016371.000.000) 11/24 18:49:56 Started transferring output files
...
040 (8016371.000.000) 11/24 18:49:56 Finished transferring output files
...
005 (8016371.000.000) 11/24 18:49:56 Job terminated.
	(1) Normal termination (return value 2)
		Usr 0 00:00:11, Sys 0 00:00:04  -  Run Remote Usage
		Usr 0 00:00:00, Sys 0 00:00:00  -  Run Local Usage
		Usr 0 00:00:11, Sys 0 00:00:04  -  Total Remote Usage
		Usr 0 00:00:00, Sys 0 00:00:00  -  Total Local Usage
	7560  -  Run Bytes Sent By Job
	1115  -  Run Bytes Received By Job
	7560  -  Total Bytes Sent By Job
	1115  -  Total Bytes Received By Job
	Partitionable Resources :    Usage  Request Allocated 
	   Cpus                 :        0        2         2 
	   Disk (KB)            :       63        2      3800 
	   GPUs                 :                           0 
	   Memory (MB)          :       33     6000      6000 
	   TimeExecute (s)      :       42                    
	   TimeSlotBusy (s)     :       43                    

	Job terminated of its own accord at 2025-11-24T17:49:56Z with exit-code 2.
...
