000 (8016279.000.000) 11/24 18:47:43 Job submitted from host: <137.138.44.55:9618?addrs=137.138.44.55-9618+[2001-1458-d00-1a--48]-9618&alias=bigbird17.cern.ch&noUDP&sock=schedd_2511_ea66>
...
040 (8016279.000.000) 11/24 18:48:34 Started transferring input files
	Transferring to host: <188.185.195.183:9618?addrs=188.185.195.183-9618+[2001-1458-303-22--100-b3]-9618&alias=b9p17p7753.cern.ch&noUDP&sock=slot1_39_3176_877a_63575>
...
001 (8016279.000.000) 11/24 18:48:54 Job executing on host: <188.185.195.183:9618?addrs=188.185.195.183-9618+[2001-1458-303-22--100-b3]-9618&alias=b9p17p7753.cern.ch&noUDP&sock=startd_2540_cea5>
	SlotName: slot1_39@b9p17p7753.cern.ch
	CondorScratchDir = "/pool/condor/dir_912287"
	Cpus = 2
	Disk = 3940
	GPUs = 0
	Memory = 6000
...
040 (8016279.000.000) 11/24 18:48:54 Finished transferring input files
...
006 (8016279.000.000) 11/24 18:49:08 Image size of job updated: 45024
	44  -  MemoryUsage of job (MB)
	45024  -  ResidentSetSize of job (KB)
...
040 (8016279.000.000) 11/24 18:49:20 Started transferring output files
...
040 (8016279.000.000) 11/24 18:49:20 Finished transferring output files
...
005 (8016279.000.000) 11/24 18:49:20 Job terminated.
	(1) Normal termination (return value 2)
		Usr 0 00:00:12, Sys 0 00:00:04  -  Run Remote Usage
		Usr 0 00:00:00, Sys 0 00:00:00  -  Run Local Usage
		Usr 0 00:00:12, Sys 0 00:00:04  -  Total Remote Usage
		Usr 0 00:00:00, Sys 0 00:00:00  -  Total Local Usage
	7570  -  Run Bytes Sent By Job
	1117  -  Run Bytes Received By Job
	7570  -  Total Bytes Sent By Job
	1117  -  Total Bytes Received By Job
	Partitionable Resources :    Usage  Request Allocated 
	   Cpus                 :                 2         2 
	   Disk (KB)            :       55        2      3940 
	   GPUs                 :                           0 
	   Memory (MB)          :       44     6000      6000 
	   TimeExecute (s)      :       37                    
	   TimeSlotBusy (s)     :       50                    

	Job terminated of its own accord at 2025-11-24T17:49:20Z with exit-code 2.
...
