000 (8016329.000.000) 11/24 18:47:53 Job submitted from host: <137.138.44.55:9618?addrs=137.138.44.55-9618+[2001-1458-d00-1a--48]-9618&alias=bigbird17.cern.ch&noUDP&sock=schedd_2511_ea66>
...
040 (8016329.000.000) 11/24 18:49:15 Started transferring input files
	Transferring to host: <188.185.192.42:9618?addrs=188.185.192.42-9618+[2001-1458-303-1f--100-26]-9618&alias=b9p13p8723.cern.ch&noUDP&sock=slot1_26_4196_3624_61473>
...
040 (8016329.000.000) 11/24 18:49:15 Finished transferring input files
...
001 (8016329.000.000) 11/24 18:49:16 Job executing on host: <188.185.192.42:9618?addrs=188.185.192.42-9618+[2001-1458-303-1f--100-26]-9618&alias=b9p13p8723.cern.ch&noUDP&sock=startd_3127_70bc>
	SlotName: slot1_26@b9p13p8723.cern.ch
	CondorScratchDir = "/pool/condor/dir_4080305"
	Cpus = 2
	Disk = 3980
	GPUs = 0
	Memory = 6000
...
006 (8016329.000.000) 11/24 18:49:29 Image size of job updated: 12600
	10  -  MemoryUsage of job (MB)
	9384  -  ResidentSetSize of job (KB)
...
006 (8016329.000.000) 11/24 18:49:34 Image size of job updated: 47060
	10  -  MemoryUsage of job (MB)
	9484  -  ResidentSetSize of job (KB)
...
040 (8016329.000.000) 11/24 18:49:34 Started transferring output files
...
040 (8016329.000.000) 11/24 18:49:34 Finished transferring output files
...
005 (8016329.000.000) 11/24 18:49:35 Job terminated.
	(1) Normal termination (return value 2)
		Usr 0 00:00:09, Sys 0 00:00:03  -  Run Remote Usage
		Usr 0 00:00:00, Sys 0 00:00:00  -  Run Local Usage
		Usr 0 00:00:09, Sys 0 00:00:03  -  Total Remote Usage
		Usr 0 00:00:00, Sys 0 00:00:00  -  Total Local Usage
	7560  -  Run Bytes Sent By Job
	1115  -  Run Bytes Received By Job
	7560  -  Total Bytes Sent By Job
	1115  -  Total Bytes Received By Job
	Partitionable Resources :    Usage  Request Allocated 
	   Cpus                 :        0        2         2 
	   Disk (KB)            :       64        2      3980 
	   GPUs                 :                           0 
	   Memory (MB)          :       10     6000      6000 
	   TimeExecute (s)      :       18                    
	   TimeSlotBusy (s)     :       19                    

	Job terminated of its own accord at 2025-11-24T17:49:34Z with exit-code 2.
...
