000 (8016314.000.000) 11/24 18:47:50 Job submitted from host: <137.138.44.55:9618?addrs=137.138.44.55-9618+[2001-1458-d00-1a--48]-9618&alias=bigbird17.cern.ch&noUDP&sock=schedd_2511_ea66>
...
040 (8016314.000.000) 11/24 18:49:15 Started transferring input files
	Transferring to host: <128.142.161.140:9618?addrs=128.142.161.140-9618+[2001-1458-301-b9--100-9]-9618&alias=b9g03p3557.cern.ch&noUDP&sock=slot1_24_85416_0c8a_81855>
...
040 (8016314.000.000) 11/24 18:49:15 Finished transferring input files
...
001 (8016314.000.000) 11/24 18:49:16 Job executing on host: <128.142.161.140:9618?addrs=128.142.161.140-9618+[2001-1458-301-b9--100-9]-9618&alias=b9g03p3557.cern.ch&noUDP&sock=startd_4176_f795>
	SlotName: slot1_24@b9g03p3557.cern.ch
	CondorScratchDir = "/pool/condor/dir_3824849"
	Cpus = 2
	Disk = 3910
	GPUs = 0
	Memory = 6000
...
006 (8016314.000.000) 11/24 18:49:30 Image size of job updated: 24440
	4  -  MemoryUsage of job (MB)
	3660  -  ResidentSetSize of job (KB)
...
006 (8016314.000.000) 11/24 18:49:57 Image size of job updated: 47064
	4  -  MemoryUsage of job (MB)
	3664  -  ResidentSetSize of job (KB)
...
040 (8016314.000.000) 11/24 18:49:57 Started transferring output files
...
040 (8016314.000.000) 11/24 18:49:57 Finished transferring output files
...
005 (8016314.000.000) 11/24 18:49:57 Job terminated.
	(1) Normal termination (return value 2)
		Usr 0 00:00:08, Sys 0 00:00:03  -  Run Remote Usage
		Usr 0 00:00:00, Sys 0 00:00:00  -  Run Local Usage
		Usr 0 00:00:08, Sys 0 00:00:03  -  Total Remote Usage
		Usr 0 00:00:00, Sys 0 00:00:00  -  Total Local Usage
	7560  -  Run Bytes Sent By Job
	1115  -  Run Bytes Received By Job
	7560  -  Total Bytes Sent By Job
	1115  -  Total Bytes Received By Job
	Partitionable Resources :    Usage  Request Allocated 
	   Cpus                 :        0        2         2 
	   Disk (KB)            :       63        2      3910 
	   GPUs                 :                           0 
	   Memory (MB)          :        4     6000      6000 
	   TimeExecute (s)      :       41                    
	   TimeSlotBusy (s)     :       43                    

	Job terminated of its own accord at 2025-11-24T17:49:57Z with exit-code 2.
...
