000 (8016355.000.000) 11/24 18:47:59 Job submitted from host: <137.138.44.55:9618?addrs=137.138.44.55-9618+[2001-1458-d00-1a--48]-9618&alias=bigbird17.cern.ch&noUDP&sock=schedd_2511_ea66>
...
040 (8016355.000.000) 11/24 18:49:11 Started transferring input files
	Transferring to host: <188.185.195.33:9618?addrs=188.185.195.33-9618+[2001-1458-303-22--100-1d]-9618&alias=b9p17p8678.cern.ch&noUDP&sock=slot1_14_6789_36ed_62154>
...
040 (8016355.000.000) 11/24 18:49:11 Finished transferring input files
...
001 (8016355.000.000) 11/24 18:49:12 Job executing on host: <188.185.195.33:9618?addrs=188.185.195.33-9618+[2001-1458-303-22--100-1d]-9618&alias=b9p17p8678.cern.ch&noUDP&sock=startd_5985_ca69>
	SlotName: slot1_14@b9p17p8678.cern.ch
	CondorScratchDir = "/pool/condor/dir_568490"
	Cpus = 2
	Disk = 3891
	GPUs = 0
	Memory = 6000
...
006 (8016355.000.000) 11/24 18:49:26 Image size of job updated: 27392
	26  -  MemoryUsage of job (MB)
	26516  -  ResidentSetSize of job (KB)
...
006 (8016355.000.000) 11/24 18:49:41 Image size of job updated: 38728
	26  -  MemoryUsage of job (MB)
	26544  -  ResidentSetSize of job (KB)
...
040 (8016355.000.000) 11/24 18:49:41 Started transferring output files
...
040 (8016355.000.000) 11/24 18:49:41 Finished transferring output files
...
005 (8016355.000.000) 11/24 18:49:41 Job terminated.
	(1) Normal termination (return value 2)
		Usr 0 00:00:12, Sys 0 00:00:04  -  Run Remote Usage
		Usr 0 00:00:00, Sys 0 00:00:00  -  Run Local Usage
		Usr 0 00:00:12, Sys 0 00:00:04  -  Total Remote Usage
		Usr 0 00:00:00, Sys 0 00:00:00  -  Total Local Usage
	7560  -  Run Bytes Sent By Job
	1115  -  Run Bytes Received By Job
	7560  -  Total Bytes Sent By Job
	1115  -  Total Bytes Received By Job
	Partitionable Resources :    Usage  Request Allocated 
	   Cpus                 :        0        2         2 
	   Disk (KB)            :       63        2      3891 
	   GPUs                 :                           0 
	   Memory (MB)          :       26     6000      6000 
	   TimeExecute (s)      :       29                    
	   TimeSlotBusy (s)     :       30                    

	Job terminated of its own accord at 2025-11-24T17:49:41Z with exit-code 2.
...
