000 (8016266.000.000) 11/24 18:47:39 Job submitted from host: <137.138.44.55:9618?addrs=137.138.44.55-9618+[2001-1458-d00-1a--48]-9618&alias=bigbird17.cern.ch&noUDP&sock=schedd_2511_ea66>
...
040 (8016266.000.000) 11/24 18:48:21 Started transferring input files
	Transferring to host: <188.185.193.54:9618?addrs=188.185.193.54-9618+[2001-1458-303-20--100-32]-9618&alias=b9p19p9927.cern.ch&noUDP&sock=slot1_52_10393_8f00_61964>
...
001 (8016266.000.000) 11/24 18:48:26 Job executing on host: <188.185.193.54:9618?addrs=188.185.193.54-9618+[2001-1458-303-20--100-32]-9618&alias=b9p19p9927.cern.ch&noUDP&sock=startd_8509_0b73>
	SlotName: slot1_52@b9p19p9927.cern.ch
	CondorScratchDir = "/pool/condor/dir_66760"
	Cpus = 2
	Disk = 3917
	GPUs = 0
	Memory = 6000
...
040 (8016266.000.000) 11/24 18:48:26 Finished transferring input files
...
006 (8016266.000.000) 11/24 18:48:39 Image size of job updated: 13508
	14  -  MemoryUsage of job (MB)
	13508  -  ResidentSetSize of job (KB)
...
006 (8016266.000.000) 11/24 18:48:49 Image size of job updated: 47076
	14  -  MemoryUsage of job (MB)
	13644  -  ResidentSetSize of job (KB)
...
040 (8016266.000.000) 11/24 18:48:59 Started transferring output files
...
040 (8016266.000.000) 11/24 18:48:59 Finished transferring output files
...
005 (8016266.000.000) 11/24 18:49:02 Job terminated.
	(1) Normal termination (return value 2)
		Usr 0 00:00:11, Sys 0 00:00:04  -  Run Remote Usage
		Usr 0 00:00:00, Sys 0 00:00:00  -  Run Local Usage
		Usr 0 00:00:11, Sys 0 00:00:04  -  Total Remote Usage
		Usr 0 00:00:00, Sys 0 00:00:00  -  Total Local Usage
	7570  -  Run Bytes Sent By Job
	1117  -  Run Bytes Received By Job
	7570  -  Total Bytes Sent By Job
	1117  -  Total Bytes Received By Job
	Partitionable Resources :    Usage  Request Allocated 
	   Cpus                 :        0        2         2 
	   Disk (KB)            :       64        2      3917 
	   GPUs                 :                           0 
	   Memory (MB)          :       14     6000      6000 
	   TimeExecute (s)      :       25                    
	   TimeSlotBusy (s)     :       40                    

	Job terminated of its own accord at 2025-11-24T17:48:49Z with exit-code 2.
...
