000 (8016300.000.000) 11/24 18:47:47 Job submitted from host: <137.138.44.55:9618?addrs=137.138.44.55-9618+[2001-1458-d00-1a--48]-9618&alias=bigbird17.cern.ch&noUDP&sock=schedd_2511_ea66>
...
040 (8016300.000.000) 11/24 18:49:03 Started transferring input files
	Transferring to host: <188.185.193.57:9618?addrs=188.185.193.57-9618+[2001-1458-303-20--100-35]-9618&alias=b9p19p4256.cern.ch&noUDP&sock=slot1_16_6204_0775_64129>
...
040 (8016300.000.000) 11/24 18:49:03 Finished transferring input files
...
001 (8016300.000.000) 11/24 18:49:04 Job executing on host: <188.185.193.57:9618?addrs=188.185.193.57-9618+[2001-1458-303-20--100-35]-9618&alias=b9p19p4256.cern.ch&noUDP&sock=startd_5000_299f>
	SlotName: slot1_16@b9p19p4256.cern.ch
	CondorScratchDir = "/pool/condor/dir_461533"
	Cpus = 2
	Disk = 3883
	GPUs = 0
	Memory = 6000
...
006 (8016300.000.000) 11/24 18:49:17 Image size of job updated: 40704
	19  -  MemoryUsage of job (MB)
	18980  -  ResidentSetSize of job (KB)
...
006 (8016300.000.000) 11/24 18:49:20 Image size of job updated: 40704
	19  -  MemoryUsage of job (MB)
	19192  -  ResidentSetSize of job (KB)
...
040 (8016300.000.000) 11/24 18:49:20 Started transferring output files
...
040 (8016300.000.000) 11/24 18:49:20 Finished transferring output files
...
005 (8016300.000.000) 11/24 18:49:20 Job terminated.
	(1) Normal termination (return value 2)
		Usr 0 00:00:07, Sys 0 00:00:03  -  Run Remote Usage
		Usr 0 00:00:00, Sys 0 00:00:00  -  Run Local Usage
		Usr 0 00:00:07, Sys 0 00:00:03  -  Total Remote Usage
		Usr 0 00:00:00, Sys 0 00:00:00  -  Total Local Usage
	7570  -  Run Bytes Sent By Job
	1117  -  Run Bytes Received By Job
	7570  -  Total Bytes Sent By Job
	1117  -  Total Bytes Received By Job
	Partitionable Resources :    Usage  Request Allocated 
	   Cpus                 :        0        2         2 
	   Disk (KB)            :       36        2      3883 
	   GPUs                 :                           0 
	   Memory (MB)          :       19     6000      6000 
	   TimeExecute (s)      :       16                    
	   TimeSlotBusy (s)     :       17                    

	Job terminated of its own accord at 2025-11-24T17:49:20Z with exit-code 2.
...
