000 (8016409.000.000) 11/24 18:48:12 Job submitted from host: <137.138.44.55:9618?addrs=137.138.44.55-9618+[2001-1458-d00-1a--48]-9618&alias=bigbird17.cern.ch&noUDP&sock=schedd_2511_ea66>
...
040 (8016409.000.000) 11/24 18:49:34 Started transferring input files
	Transferring to host: <188.185.192.65:9618?addrs=188.185.192.65-9618+[2001-1458-303-1f--100-3d]-9618&alias=b9p13p5106.cern.ch&noUDP&sock=slot1_15_8693_c13b_64150>
...
040 (8016409.000.000) 11/24 18:49:34 Finished transferring input files
...
001 (8016409.000.000) 11/24 18:49:35 Job executing on host: <188.185.192.65:9618?addrs=188.185.192.65-9618+[2001-1458-303-1f--100-3d]-9618&alias=b9p13p5106.cern.ch&noUDP&sock=startd_7213_18b5>
	SlotName: slot1_15@b9p13p5106.cern.ch
	CondorScratchDir = "/pool/condor/dir_2545792"
	Cpus = 2
	Disk = 3852
	GPUs = 0
	Memory = 6000
...
006 (8016409.000.000) 11/24 18:49:49 Image size of job updated: 15100
	15  -  MemoryUsage of job (MB)
	15100  -  ResidentSetSize of job (KB)
...
006 (8016409.000.000) 11/24 18:50:07 Image size of job updated: 45972
	15  -  MemoryUsage of job (MB)
	15128  -  ResidentSetSize of job (KB)
...
040 (8016409.000.000) 11/24 18:50:07 Started transferring output files
...
040 (8016409.000.000) 11/24 18:50:07 Finished transferring output files
...
005 (8016409.000.000) 11/24 18:50:07 Job terminated.
	(1) Normal termination (return value 2)
		Usr 0 00:00:12, Sys 0 00:00:04  -  Run Remote Usage
		Usr 0 00:00:00, Sys 0 00:00:00  -  Run Local Usage
		Usr 0 00:00:12, Sys 0 00:00:04  -  Total Remote Usage
		Usr 0 00:00:00, Sys 0 00:00:00  -  Total Local Usage
	7460  -  Run Bytes Sent By Job
	1095  -  Run Bytes Received By Job
	7460  -  Total Bytes Sent By Job
	1095  -  Total Bytes Received By Job
	Partitionable Resources :    Usage  Request Allocated 
	   Cpus                 :        0        2         2 
	   Disk (KB)            :       63        2      3852 
	   GPUs                 :                           0 
	   Memory (MB)          :       15     6000      6000 
	   TimeExecute (s)      :       32                    
	   TimeSlotBusy (s)     :       33                    

	Job terminated of its own accord at 2025-11-24T17:50:07Z with exit-code 2.
...
