000 (8016359.000.000) 11/24 18:48:00 Job submitted from host: <137.138.44.55:9618?addrs=137.138.44.55-9618+[2001-1458-d00-1a--48]-9618&alias=bigbird17.cern.ch&noUDP&sock=schedd_2511_ea66>
...
040 (8016359.000.000) 11/24 18:49:19 Started transferring input files
	Transferring to host: <188.185.194.73:9618?addrs=188.185.194.73-9618+[2001-1458-303-21--100-45]-9618&alias=b9p20p5710.cern.ch&noUDP&sock=slot1_1_7027_e837_63772>
...
040 (8016359.000.000) 11/24 18:49:19 Finished transferring input files
...
001 (8016359.000.000) 11/24 18:49:20 Job executing on host: <188.185.194.73:9618?addrs=188.185.194.73-9618+[2001-1458-303-21--100-45]-9618&alias=b9p20p5710.cern.ch&noUDP&sock=startd_5925_a2ba>
	SlotName: slot1_1@b9p20p5710.cern.ch
	CondorScratchDir = "/pool/condor/dir_980724"
	Cpus = 2
	Disk = 3780
	GPUs = 0
	Memory = 6000
...
006 (8016359.000.000) 11/24 18:49:34 Image size of job updated: 47056
	46  -  MemoryUsage of job (MB)
	47056  -  ResidentSetSize of job (KB)
...
040 (8016359.000.000) 11/24 18:49:43 Started transferring output files
...
040 (8016359.000.000) 11/24 18:49:43 Finished transferring output files
...
005 (8016359.000.000) 11/24 18:49:43 Job terminated.
	(1) Normal termination (return value 2)
		Usr 0 00:00:10, Sys 0 00:00:04  -  Run Remote Usage
		Usr 0 00:00:00, Sys 0 00:00:00  -  Run Local Usage
		Usr 0 00:00:10, Sys 0 00:00:04  -  Total Remote Usage
		Usr 0 00:00:00, Sys 0 00:00:00  -  Total Local Usage
	7560  -  Run Bytes Sent By Job
	1115  -  Run Bytes Received By Job
	7560  -  Total Bytes Sent By Job
	1115  -  Total Bytes Received By Job
	Partitionable Resources :    Usage  Request Allocated 
	   Cpus                 :        0        2         2 
	   Disk (KB)            :       63        2      3780 
	   GPUs                 :                           0 
	   Memory (MB)          :       46     6000      6000 
	   TimeExecute (s)      :       23                    
	   TimeSlotBusy (s)     :       24                    

	Job terminated of its own accord at 2025-11-24T17:49:43Z with exit-code 2.
...
