000 (8016258.000.000) 11/24 18:47:37 Job submitted from host: <137.138.44.55:9618?addrs=137.138.44.55-9618+[2001-1458-d00-1a--48]-9618&alias=bigbird17.cern.ch&noUDP&sock=schedd_2511_ea66>
...
040 (8016258.000.000) 11/24 18:48:16 Started transferring input files
	Transferring to host: <188.185.196.176:9618?addrs=188.185.196.176-9618+[2001-1458-303-23--100-ac]-9618&alias=b9p16p5804.cern.ch&noUDP&sock=slot1_13_5203_bbed_56109>
...
040 (8016258.000.000) 11/24 18:48:16 Finished transferring input files
...
001 (8016258.000.000) 11/24 18:48:17 Job executing on host: <188.185.196.176:9618?addrs=188.185.196.176-9618+[2001-1458-303-23--100-ac]-9618&alias=b9p16p5804.cern.ch&noUDP&sock=startd_4056_a838>
	SlotName: slot1_13@b9p16p5804.cern.ch
	CondorScratchDir = "/pool/condor/dir_821823"
	Cpus = 2
	Disk = 3812
	GPUs = 0
	Memory = 6000
...
006 (8016258.000.000) 11/24 18:48:30 Image size of job updated: 29408
	29  -  MemoryUsage of job (MB)
	29408  -  ResidentSetSize of job (KB)
...
006 (8016258.000.000) 11/24 18:48:45 Image size of job updated: 47064
	29  -  MemoryUsage of job (MB)
	29468  -  ResidentSetSize of job (KB)
...
040 (8016258.000.000) 11/24 18:48:56 Started transferring output files
...
040 (8016258.000.000) 11/24 18:48:59 Finished transferring output files
...
005 (8016258.000.000) 11/24 18:49:01 Job terminated.
	(1) Normal termination (return value 2)
		Usr 0 00:00:11, Sys 0 00:00:04  -  Run Remote Usage
		Usr 0 00:00:00, Sys 0 00:00:00  -  Run Local Usage
		Usr 0 00:00:11, Sys 0 00:00:04  -  Total Remote Usage
		Usr 0 00:00:00, Sys 0 00:00:00  -  Total Local Usage
	7570  -  Run Bytes Sent By Job
	1117  -  Run Bytes Received By Job
	7570  -  Total Bytes Sent By Job
	1117  -  Total Bytes Received By Job
	Partitionable Resources :    Usage  Request Allocated 
	   Cpus                 :        0        2         2 
	   Disk (KB)            :       36        2      3812 
	   GPUs                 :                           0 
	   Memory (MB)          :       29     6000      6000 
	   TimeExecute (s)      :       28                    
	   TimeSlotBusy (s)     :       44                    

	Job terminated of its own accord at 2025-11-24T17:48:45Z with exit-code 2.
...
