000 (8016278.000.000) 11/24 18:47:42 Job submitted from host: <137.138.44.55:9618?addrs=137.138.44.55-9618+[2001-1458-d00-1a--48]-9618&alias=bigbird17.cern.ch&noUDP&sock=schedd_2511_ea66>
...
040 (8016278.000.000) 11/24 18:48:31 Started transferring input files
	Transferring to host: <188.185.196.44:9618?addrs=188.185.196.44-9618+[2001-1458-303-23--100-28]-9618&alias=b9p16p6930.cern.ch&noUDP&sock=slot1_30_3340_1501_61556>
...
001 (8016278.000.000) 11/24 18:48:50 Job executing on host: <188.185.196.44:9618?addrs=188.185.196.44-9618+[2001-1458-303-23--100-28]-9618&alias=b9p16p6930.cern.ch&noUDP&sock=startd_3182_2a72>
	SlotName: slot1_30@b9p16p6930.cern.ch
	CondorScratchDir = "/pool/condor/dir_1726003"
	Cpus = 2
	Disk = 3805
	GPUs = 0
	Memory = 6000
...
040 (8016278.000.000) 11/24 18:48:50 Finished transferring input files
...
006 (8016278.000.000) 11/24 18:49:03 Image size of job updated: 35648
	35  -  MemoryUsage of job (MB)
	35648  -  ResidentSetSize of job (KB)
...
006 (8016278.000.000) 11/24 18:49:16 Image size of job updated: 47064
	35  -  MemoryUsage of job (MB)
	35716  -  ResidentSetSize of job (KB)
...
040 (8016278.000.000) 11/24 18:49:16 Started transferring output files
...
040 (8016278.000.000) 11/24 18:49:16 Finished transferring output files
...
005 (8016278.000.000) 11/24 18:49:16 Job terminated.
	(1) Normal termination (return value 2)
		Usr 0 00:00:12, Sys 0 00:00:04  -  Run Remote Usage
		Usr 0 00:00:00, Sys 0 00:00:00  -  Run Local Usage
		Usr 0 00:00:12, Sys 0 00:00:04  -  Total Remote Usage
		Usr 0 00:00:00, Sys 0 00:00:00  -  Total Local Usage
	7570  -  Run Bytes Sent By Job
	1117  -  Run Bytes Received By Job
	7570  -  Total Bytes Sent By Job
	1117  -  Total Bytes Received By Job
	Partitionable Resources :    Usage  Request Allocated 
	   Cpus                 :                 2         2 
	   Disk (KB)            :       55        2      3805 
	   GPUs                 :                           0 
	   Memory (MB)          :       35     6000      6000 
	   TimeExecute (s)      :       38                    
	   TimeSlotBusy (s)     :       48                    

	Job terminated of its own accord at 2025-11-24T17:49:16Z with exit-code 2.
...
