000 (8016288.000.000) 11/24 18:47:44 Job submitted from host: <137.138.44.55:9618?addrs=137.138.44.55-9618+[2001-1458-d00-1a--48]-9618&alias=bigbird17.cern.ch&noUDP&sock=schedd_2511_ea66>
...
040 (8016288.000.000) 11/24 18:48:51 Started transferring input files
	Transferring to host: <188.185.192.54:9618?addrs=188.185.192.54-9618+[2001-1458-303-1f--100-32]-9618&alias=b9p13p6922.cern.ch&noUDP&sock=slot1_21_7087_2eb9_60812>
...
001 (8016288.000.000) 11/24 18:48:59 Job executing on host: <188.185.192.54:9618?addrs=188.185.192.54-9618+[2001-1458-303-1f--100-32]-9618&alias=b9p13p6922.cern.ch&noUDP&sock=startd_5728_8292>
	SlotName: slot1_21@b9p13p6922.cern.ch
	CondorScratchDir = "/pool/condor/dir_268184"
	Cpus = 2
	Disk = 3843
	GPUs = 0
	Memory = 6000
...
040 (8016288.000.000) 11/24 18:48:59 Finished transferring input files
...
006 (8016288.000.000) 11/24 18:49:12 Image size of job updated: 47068
	11  -  MemoryUsage of job (MB)
	10328  -  ResidentSetSize of job (KB)
...
006 (8016288.000.000) 11/24 18:49:22 Image size of job updated: 47068
	11  -  MemoryUsage of job (MB)
	10428  -  ResidentSetSize of job (KB)
...
040 (8016288.000.000) 11/24 18:49:22 Started transferring output files
...
040 (8016288.000.000) 11/24 18:49:22 Finished transferring output files
...
005 (8016288.000.000) 11/24 18:49:22 Job terminated.
	(1) Normal termination (return value 2)
		Usr 0 00:00:11, Sys 0 00:00:04  -  Run Remote Usage
		Usr 0 00:00:00, Sys 0 00:00:00  -  Run Local Usage
		Usr 0 00:00:11, Sys 0 00:00:04  -  Total Remote Usage
		Usr 0 00:00:00, Sys 0 00:00:00  -  Total Local Usage
	7570  -  Run Bytes Sent By Job
	1117  -  Run Bytes Received By Job
	7570  -  Total Bytes Sent By Job
	1117  -  Total Bytes Received By Job
	Partitionable Resources :    Usage  Request Allocated 
	   Cpus                 :                 2         2 
	   Disk (KB)            :       56        2      3843 
	   GPUs                 :                           0 
	   Memory (MB)          :       11     6000      6000 
	   TimeExecute (s)      :       23                    
	   TimeSlotBusy (s)     :       41                    

	Job terminated of its own accord at 2025-11-24T17:49:22Z with exit-code 2.
...
