000 (8016390.000.000) 11/24 18:48:08 Job submitted from host: <137.138.44.55:9618?addrs=137.138.44.55-9618+[2001-1458-d00-1a--48]-9618&alias=bigbird17.cern.ch&noUDP&sock=schedd_2511_ea66>
...
040 (8016390.000.000) 11/24 18:49:28 Started transferring input files
	Transferring to host: <188.185.196.78:9618?addrs=188.185.196.78-9618+[2001-1458-303-23--100-4a]-9618&alias=b9p16p7600.cern.ch&noUDP&sock=slot1_46_3742692_d7fc_6123>
...
040 (8016390.000.000) 11/24 18:49:28 Finished transferring input files
...
001 (8016390.000.000) 11/24 18:49:29 Job executing on host: <188.185.196.78:9618?addrs=188.185.196.78-9618+[2001-1458-303-23--100-4a]-9618&alias=b9p16p7600.cern.ch&noUDP&sock=startd_6386_d7e3>
	SlotName: slot1_46@b9p16p7600.cern.ch
	CondorScratchDir = "/pool/condor/dir_3330314"
	Cpus = 2
	Disk = 3916
	GPUs = 0
	Memory = 6000
...
006 (8016390.000.000) 11/24 18:49:42 Image size of job updated: 38844
	38  -  MemoryUsage of job (MB)
	38844  -  ResidentSetSize of job (KB)
...
006 (8016390.000.000) 11/24 18:49:59 Image size of job updated: 47032
	38  -  MemoryUsage of job (MB)
	38872  -  ResidentSetSize of job (KB)
...
040 (8016390.000.000) 11/24 18:49:59 Started transferring output files
...
040 (8016390.000.000) 11/24 18:49:59 Finished transferring output files
...
005 (8016390.000.000) 11/24 18:49:59 Job terminated.
	(1) Normal termination (return value 2)
		Usr 0 00:00:12, Sys 0 00:00:05  -  Run Remote Usage
		Usr 0 00:00:00, Sys 0 00:00:00  -  Run Local Usage
		Usr 0 00:00:12, Sys 0 00:00:05  -  Total Remote Usage
		Usr 0 00:00:00, Sys 0 00:00:00  -  Total Local Usage
	7460  -  Run Bytes Sent By Job
	1095  -  Run Bytes Received By Job
	7460  -  Total Bytes Sent By Job
	1095  -  Total Bytes Received By Job
	Partitionable Resources :    Usage  Request Allocated 
	   Cpus                 :        0        2         2 
	   Disk (KB)            :       62        2      3916 
	   GPUs                 :                           0 
	   Memory (MB)          :       38     6000      6000 
	   TimeExecute (s)      :       30                    
	   TimeSlotBusy (s)     :       31                    

	Job terminated of its own accord at 2025-11-24T17:49:59Z with exit-code 2.
...
