000 (8016387.000.000) 11/24 18:48:08 Job submitted from host: <137.138.44.55:9618?addrs=137.138.44.55-9618+[2001-1458-d00-1a--48]-9618&alias=bigbird17.cern.ch&noUDP&sock=schedd_2511_ea66>
...
040 (8016387.000.000) 11/24 18:49:28 Started transferring input files
	Transferring to host: <188.185.193.181:9618?addrs=188.185.193.181-9618+[2001-1458-303-20--100-b1]-9618&alias=b9p19p7455.cern.ch&noUDP&sock=slot1_8_7009_3976_62268>
...
040 (8016387.000.000) 11/24 18:49:28 Finished transferring input files
...
001 (8016387.000.000) 11/24 18:49:29 Job executing on host: <188.185.193.181:9618?addrs=188.185.193.181-9618+[2001-1458-303-20--100-b1]-9618&alias=b9p19p7455.cern.ch&noUDP&sock=startd_5784_ebdf>
	SlotName: slot1_8@b9p19p7455.cern.ch
	CondorScratchDir = "/pool/condor/dir_2750244"
	Cpus = 2
	Disk = 3848
	GPUs = 0
	Memory = 6000
...
006 (8016387.000.000) 11/24 18:49:42 Image size of job updated: 39516
	39  -  MemoryUsage of job (MB)
	39516  -  ResidentSetSize of job (KB)
...
006 (8016387.000.000) 11/24 18:49:50 Image size of job updated: 39560
	39  -  MemoryUsage of job (MB)
	39560  -  ResidentSetSize of job (KB)
...
040 (8016387.000.000) 11/24 18:49:50 Started transferring output files
...
040 (8016387.000.000) 11/24 18:49:50 Finished transferring output files
...
005 (8016387.000.000) 11/24 18:49:50 Job terminated.
	(1) Normal termination (return value 2)
		Usr 0 00:00:09, Sys 0 00:00:03  -  Run Remote Usage
		Usr 0 00:00:00, Sys 0 00:00:00  -  Run Local Usage
		Usr 0 00:00:09, Sys 0 00:00:03  -  Total Remote Usage
		Usr 0 00:00:00, Sys 0 00:00:00  -  Total Local Usage
	7460  -  Run Bytes Sent By Job
	1095  -  Run Bytes Received By Job
	7460  -  Total Bytes Sent By Job
	1095  -  Total Bytes Received By Job
	Partitionable Resources :    Usage  Request Allocated 
	   Cpus                 :        0        2         2 
	   Disk (KB)            :       62        2      3848 
	   GPUs                 :                           0 
	   Memory (MB)          :       39     6000      6000 
	   TimeExecute (s)      :       21                    
	   TimeSlotBusy (s)     :       23                    

	Job terminated of its own accord at 2025-11-24T17:49:50Z with exit-code 2.
...
