000 (8016336.000.000) 11/24 18:47:55 Job submitted from host: <137.138.44.55:9618?addrs=137.138.44.55-9618+[2001-1458-d00-1a--48]-9618&alias=bigbird17.cern.ch&noUDP&sock=schedd_2511_ea66>
...
040 (8016336.000.000) 11/24 18:49:06 Started transferring input files
	Transferring to host: <128.142.51.209:9618?addrs=128.142.51.209-9618+[2001-1458-301-3--100-e]-9618&alias=b9g02p0891.cern.ch&noUDP&sock=slot1_2_7315_d443_66836>
...
040 (8016336.000.000) 11/24 18:49:06 Finished transferring input files
...
001 (8016336.000.000) 11/24 18:49:07 Job executing on host: <128.142.51.209:9618?addrs=128.142.51.209-9618+[2001-1458-301-3--100-e]-9618&alias=b9g02p0891.cern.ch&noUDP&sock=startd_5622_cd88>
	SlotName: slot1_2@b9g02p0891.cern.ch
	CondorScratchDir = "/pool/condor/dir_3561725"
	Cpus = 2
	Disk = 3907
	GPUs = 0
	Memory = 6000
...
006 (8016336.000.000) 11/24 18:49:21 Image size of job updated: 31116
	29  -  MemoryUsage of job (MB)
	29108  -  ResidentSetSize of job (KB)
...
006 (8016336.000.000) 11/24 18:49:28 Image size of job updated: 46844
	29  -  MemoryUsage of job (MB)
	29224  -  ResidentSetSize of job (KB)
...
040 (8016336.000.000) 11/24 18:49:29 Started transferring output files
...
040 (8016336.000.000) 11/24 18:49:29 Finished transferring output files
...
005 (8016336.000.000) 11/24 18:49:29 Job terminated.
	(1) Normal termination (return value 2)
		Usr 0 00:00:10, Sys 0 00:00:04  -  Run Remote Usage
		Usr 0 00:00:00, Sys 0 00:00:00  -  Run Local Usage
		Usr 0 00:00:10, Sys 0 00:00:04  -  Total Remote Usage
		Usr 0 00:00:00, Sys 0 00:00:00  -  Total Local Usage
	7560  -  Run Bytes Sent By Job
	1115  -  Run Bytes Received By Job
	7560  -  Total Bytes Sent By Job
	1115  -  Total Bytes Received By Job
	Partitionable Resources :    Usage  Request Allocated 
	   Cpus                 :        0        2         2 
	   Disk (KB)            :       63        2      3907 
	   GPUs                 :                           0 
	   Memory (MB)          :       29     6000      6000 
	   TimeExecute (s)      :       21                    
	   TimeSlotBusy (s)     :       23                    

	Job terminated of its own accord at 2025-11-24T17:49:28Z with exit-code 2.
...
