==========================================
Processing: cat000144
==========================================
Category directory: /eos/project-e/ep-nu/evilla/sn-pointing/cat000144
PDF path: /eos/home-e/evilla/dune/sn-tps/neural_networks/electron_direction/three_plane_three_plane_v58_200k_lr_schedule_20251118_110931/cosine_energy_pdf.npz
Script directory: /afs/cern.ch/work/e/evilla/private/dune/data-selection-pipeline


Running all 5 scenarios...


Loading energy-cosine PDF from: /eos/home-e/evilla/dune/sn-tps/neural_networks/electron_direction/three_plane_three_plane_v58_200k_lr_schedule_20251118_110931/cosine_energy_pdf.npz
PDF loaded: 18 energy bins, 100 cosine bins

======================================================================
SCENARIO 1: BEST CASE (True Electron Directions)
======================================================================

Loaded 7185 total clusters
ES main tracks: 321
Valid directions: 321 / 321
After 3 MeV cut: 321 clusters

True neutrino direction: [-0.6738, 0.2797, -0.6839]
Using 321 electron directions for MCMC
  MCMC: 50 initial trials, then 10001 chain steps
  Best log-likelihood: 235.00, final proposal_scale: 0.0030

Reconstructed direction: [-0.3206, 0.3714, -0.8714]
Angular error: 23.67°

======================================================================
SCENARIO 2: PERFECT CT (ES Main Tracks + ED Network)
======================================================================

Files found: 10 ES, 98 CC

Loaded 3793 matched main-track clusters across U, V, X planes
ES main tracks: 289 (expected ~400 from 10 ES files × 40 events)
  Matched main tracks across all planes: 3793
  ES main tracks: 289

Loading ED model from: /eos/home-e/evilla/dune/sn-tps/neural_networks/electron_direction/three_plane_three_plane_v58_200k_lr_schedule_20251118_110931/checkpoints/model_epoch_12_val_loss_0.8898.keras
ED model input shape: [(None, 128, 32, 1), (None, 128, 32, 1), (None, 128, 32, 1)]
ED model output shape: (None, 3)

Running ED inference on 289 clusters...
ED predictions shape: (289, 3)
After 3 MeV cut: 289 clusters

True neutrino direction: [-0.6738, 0.2797, -0.6839]
Using 289 ED-predicted directions for MCMC
  MCMC: 50 initial trials, then 10001 chain steps
  Best log-likelihood: 27.23, final proposal_scale: 0.0077

Reconstructed direction: [-0.8354, 0.3032, -0.4584]
Angular error: 16.01°

======================================================================
SCENARIO 3: FULL PIPELINE (CT → ED → MCMC)
======================================================================

Loaded 4107 volumes

Loading CT model from: /eos/user/e/evilla/dune/sn-tps/neural_networks/channel_tagging/ct_volume_v52_batch_reload_20251116_101125/best_model.keras
CT model input shape: (None, 208, 1242, 1)
CT model output shape: (None, 2)

Running CT inference...
Volume input shape: (4107, 208, 1242, 1), dtype: float32
CT selected 355 ES candidates from 4107 volumes
  True ES volumes: 354
  ES prob range: [0.000, 1.000]

Matched 3793 3-plane clusters for ED inference

Loading ED model from: /eos/home-e/evilla/dune/sn-tps/neural_networks/electron_direction/three_plane_three_plane_v58_200k_lr_schedule_20251118_110931/checkpoints/model_epoch_12_val_loss_0.8898.keras
Running ED inference on 3793 clusters...
After 3 MeV cut: 3779 clusters

True neutrino direction: [-0.6738, 0.2797, -0.6839]
Using 3779 ED-predicted directions for MCMC
  MCMC: 50 initial trials, then 10001 chain steps
  Best log-likelihood: -4999.02, final proposal_scale: 0.0051

Reconstructed direction: [-0.2848, 0.4463, -0.8484]
Angular error: 26.24°

======================================================================
SCENARIO 3: FULL PIPELINE (CT → ED → MCMC)
======================================================================

Loaded 4107 volumes

Loading CT model from: /eos/user/e/evilla/dune/sn-tps/neural_networks/channel_tagging/ct_volume_v52_batch_reload_20251116_101125/best_model.keras
CT model input shape: (None, 208, 1242, 1)
CT model output shape: (None, 2)

Running CT inference...
Volume input shape: (4107, 208, 1242, 1), dtype: float32
CT selected 355 ES candidates from 4107 volumes
  True ES volumes: 354
  ES prob range: [0.000, 1.000]

Matched 3793 3-plane clusters for ED inference

Loading ED model from: /eos/home-e/evilla/dune/sn-tps/neural_networks/electron_direction/three_plane_three_plane_v58_200k_lr_schedule_20251118_110931/checkpoints/model_epoch_12_val_loss_0.8898.keras
Running ED inference on 3793 clusters...
After 3 MeV cut: 3779 clusters
Using CT weights^1: range [0.575, 1.000]

True neutrino direction: [-0.6738, 0.2797, -0.6839]
Using 3779 ED-predicted directions for MCMC
  MCMC: 50 initial trials, then 10001 chain steps
  Best log-likelihood: -4742.29, final proposal_scale: 0.0022

Reconstructed direction: [-0.3850, 0.4157, -0.8240]
Angular error: 20.07°

======================================================================
SCENARIO 3: FULL PIPELINE (CT → ED → MCMC)
======================================================================

Loaded 4107 volumes

Loading CT model from: /eos/user/e/evilla/dune/sn-tps/neural_networks/channel_tagging/ct_volume_v52_batch_reload_20251116_101125/best_model.keras
CT model input shape: (None, 208, 1242, 1)
CT model output shape: (None, 2)

Running CT inference...
Volume input shape: (4107, 208, 1242, 1), dtype: float32
CT selected 355 ES candidates from 4107 volumes
  True ES volumes: 354
  ES prob range: [0.000, 1.000]

Matched 3793 3-plane clusters for ED inference

Loading ED model from: /eos/home-e/evilla/dune/sn-tps/neural_networks/electron_direction/three_plane_three_plane_v58_200k_lr_schedule_20251118_110931/checkpoints/model_epoch_12_val_loss_0.8898.keras
Running ED inference on 3793 clusters...
After 3 MeV cut: 3779 clusters
Using CT weights^2: range [0.331, 1.000]

True neutrino direction: [-0.6738, 0.2797, -0.6839]
Using 3779 ED-predicted directions for MCMC
  MCMC: 50 initial trials, then 10001 chain steps
  Best log-likelihood: -4549.26, final proposal_scale: 0.0022

Reconstructed direction: [-0.3850, 0.4157, -0.8240]
Angular error: 20.07°

======================================================================
Using EOS structure: /eos/project-e/ep-nu/evilla/sn-pointing/cat000144/pipeline
======================================================================
Saved best_case: /eos/project-e/ep-nu/evilla/sn-pointing/cat000144/pipeline/cat000144_scenario_best_case.npz
Saved perfect_ct: /eos/project-e/ep-nu/evilla/sn-pointing/cat000144/pipeline/cat000144_scenario_perfect_ct.npz
Saved full_pipeline: /eos/project-e/ep-nu/evilla/sn-pointing/cat000144/pipeline/cat000144_scenario_full_pipeline.npz
Saved weighted_linear: /eos/project-e/ep-nu/evilla/sn-pointing/cat000144/pipeline/cat000144_scenario_weighted_linear.npz
Saved weighted_squared: /eos/project-e/ep-nu/evilla/sn-pointing/cat000144/pipeline/cat000144_scenario_weighted_squared.npz

======================================================================
SUMMARY
======================================================================

BEST_CASE:
  Clusters used: 321
  Angular error: 23.67°
  Log-likelihood: 235.00

PERFECT_CT:
  Clusters used: 289
  Angular error: 16.01°
  Log-likelihood: 27.23

FULL_PIPELINE:
  Clusters used: 3779
  Angular error: 26.24°
  Log-likelihood: -4999.02

WEIGHTED_LINEAR:
  Clusters used: 3779
  Angular error: 20.07°
  Log-likelihood: -4742.29

WEIGHTED_SQUARED:
  Clusters used: 3779
  Angular error: 20.07°
  Log-likelihood: -4549.26

==========================================
SUCCESS: cat000144 completed
==========================================
