000 (8782603.002.000) 11/20 00:44:09 Job submitted from host: <188.185.6.50:9618?addrs=188.185.6.50-9618+[2001-1458-d00-62--100-2b1]-9618&alias=bigbird25.cern.ch&noUDP&sock=schedd_1627_90ad>
...
000 (8782605.002.000) 11/20 00:44:34 Job submitted from host: <188.185.6.50:9618?addrs=188.185.6.50-9618+[2001-1458-d00-62--100-2b1]-9618&alias=bigbird25.cern.ch&noUDP&sock=schedd_1627_90ad>
...
040 (8782603.002.000) 11/20 00:45:02 Started transferring input files
	Transferring to host: <188.185.190.22:9618?addrs=188.185.190.22-9618+[2001-1458-d03-b--100-82]-9618&alias=b9pgpun032.cern.ch&noUDP&sock=slot1_1_260364_bdd5_8903>
...
040 (8782603.002.000) 11/20 00:45:02 Finished transferring input files
...
001 (8782603.002.000) 11/20 00:45:03 Job executing on host: <188.185.190.22:9618?addrs=188.185.190.22-9618+[2001-1458-d03-b--100-82]-9618&alias=b9pgpun032.cern.ch&noUDP&sock=startd_254650_4c2f>
	SlotName: slot1_1@b9pgpun032.cern.ch
	AvailableGPUs = { GPUs_MIG_10819267_cb2b_50db_8d37_3de01d2f3533 }
	CondorScratchDir = "/pool/condor/dir_2960507"
	Cpus = 11
	Disk = 2048
	GPUs = 1
	GPUs_MIG_10819267_cb2b_50db_8d37_3de01d2f3533 = [ Id = "MIG-10819267-cb2b-50db-8d37-3de01d2f3533"; DeviceName = "NVIDIA H100L-2-24C MIG 2g.24gb"; DeviceUuid = "MIG-10819267-cb2b-50db-8d37-3de01d2f3533"; ComputeUnits = 32; GlobalMemoryMb = 21547 ]
	Memory = 33000
...
006 (8782603.002.000) 11/20 00:45:16 Image size of job updated: 149092
	146  -  MemoryUsage of job (MB)
	149092  -  ResidentSetSize of job (KB)
...
006 (8782603.002.000) 11/20 00:46:15 Image size of job updated: 5834476
	146  -  MemoryUsage of job (MB)
	149104  -  ResidentSetSize of job (KB)
...
040 (8782603.002.000) 11/20 00:46:15 Started transferring output files
...
040 (8782603.002.000) 11/20 00:46:15 Finished transferring output files
...
005 (8782603.002.000) 11/20 00:46:15 Job terminated.
	(1) Normal termination (return value 0)
		Usr 0 00:01:17, Sys 0 00:00:10  -  Run Remote Usage
		Usr 0 00:00:00, Sys 0 00:00:00  -  Run Local Usage
		Usr 0 00:01:17, Sys 0 00:00:10  -  Total Remote Usage
		Usr 0 00:00:00, Sys 0 00:00:00  -  Total Local Usage
	19485  -  Run Bytes Sent By Job
	1959  -  Run Bytes Received By Job
	19485  -  Total Bytes Sent By Job
	1959  -  Total Bytes Received By Job
	Partitionable Resources :    Usage  Request Allocated Assigned
	   Cpus                 :        0       11        11 
	   Disk (KB)            :       44        2      2048 
	   GPUs                 :                 1         1 "MIG-10819267-cb2b-50db-8d37-3de01d2f3533"
	   Memory (MB)          :      146    33000     33000 
	   TimeExecute (s)      :       72                    
	   TimeSlotBusy (s)     :       73                    

	Job terminated of its own accord at 2025-11-19T23:46:15Z with exit-code 0.
...
000 (13791364.002.000) 11/20 01:08:49 Job submitted from host: <188.184.90.62:9618?addrs=188.184.90.62-9618+[2001-1458-201-e4--100-238]-9618&alias=bigbird16.cern.ch&noUDP&sock=schedd_5196_9a2f>
...
009 (8782605.002.000) 11/20 01:10:27 Job was aborted.
	via condor_rm (by user evilla)
...
040 (13791364.002.000) 11/20 01:16:36 Started transferring input files
	Transferring to host: <188.185.92.187:9618?addrs=188.185.92.187-9618+[2001-1458-d00-6c--100-187]-9618&alias=b9g57n1627.cern.ch&noUDP&sock=slot1_1_15549_6d51_8826>
...
040 (13791364.002.000) 11/20 01:16:36 Finished transferring input files
...
001 (13791364.002.000) 11/20 01:16:37 Job executing on host: <188.185.92.187:9618?addrs=188.185.92.187-9618+[2001-1458-d00-6c--100-187]-9618&alias=b9g57n1627.cern.ch&noUDP&sock=startd_14708_0b09>
	SlotName: slot1_1@b9g57n1627.cern.ch
	AvailableGPUs = { GPUs_GPU_17f035a0 }
	CondorScratchDir = "/pool/condor/dir_313854"
	Cpus = 11
	Disk = 2049
	GPUs = 1
	GPUs_GPU_17f035a0 = [ Id = "GPU-17f035a0"; ClockMhz = 1410.0; Capability = 8.0; CoresPerCU = 64; DeviceName = "NVIDIA A100-PCIE-40GB"; DeviceUuid = "17f035a0-2803-bbec-2357-4944e9cca222"; ECCEnabled = true; ComputeUnits = 108; DriverVersion = 13.0; DevicePciBusId = "0000:06:00.0"; GlobalMemoryMb = 40441; MaxSupportedVersion = 13000 ]
	Memory = 33000
...
006 (13791364.002.000) 11/20 01:16:50 Image size of job updated: 445960
	436  -  MemoryUsage of job (MB)
	445960  -  ResidentSetSize of job (KB)
...
006 (13791364.002.000) 11/20 01:21:50 Image size of job updated: 49069596
	46912  -  MemoryUsage of job (MB)
	48036868  -  ResidentSetSize of job (KB)
...
006 (13791364.002.000) 11/20 01:25:48 Image size of job updated: 49686624
	46912  -  MemoryUsage of job (MB)
	48036868  -  ResidentSetSize of job (KB)
...
040 (13791364.002.000) 11/20 01:25:48 Started transferring output files
...
040 (13791364.002.000) 11/20 01:25:48 Finished transferring output files
...
005 (13791364.002.000) 11/20 01:25:48 Job terminated.
	(1) Normal termination (return value 0)
		Usr 0 00:21:22, Sys 0 00:03:46  -  Run Remote Usage
		Usr 0 00:00:00, Sys 0 00:00:00  -  Run Local Usage
		Usr 0 00:21:22, Sys 0 00:03:46  -  Total Remote Usage
		Usr 0 00:00:00, Sys 0 00:00:00  -  Total Local Usage
	18095  -  Run Bytes Sent By Job
	1959  -  Run Bytes Received By Job
	18095  -  Total Bytes Sent By Job
	1959  -  Total Bytes Received By Job
	Partitionable Resources :    Usage  Request Allocated Assigned
	   Cpus                 :    10.94       11        11 
	   Disk (KB)            :    44           2      2049 
	   GPUs                 :     0           1         1 "GPU-17f035a0"
	   GpusMemory (MB)      :   530                       
	   Memory (MB)          : 46912       33000     33000 
	   TimeExecute (s)      :   551                       
	   TimeSlotBusy (s)     :   552                       

	Job terminated of its own accord at 2025-11-20T00:25:48Z with exit-code 0.
...
