==========================================
Processing: cat000079
==========================================
Category directory: /eos/project-e/ep-nu/evilla/sn-pointing/cat000079
PDF path: /eos/home-e/evilla/dune/sn-tps/neural_networks/electron_direction/three_plane_three_plane_v58_200k_lr_schedule_20251118_110931/cosine_energy_pdf.npz
Script directory: /afs/cern.ch/work/e/evilla/private/dune/data-selection-pipeline


Running all 5 scenarios...


Loading energy-cosine PDF from: /eos/home-e/evilla/dune/sn-tps/neural_networks/electron_direction/three_plane_three_plane_v58_200k_lr_schedule_20251118_110931/cosine_energy_pdf.npz
PDF loaded: 18 energy bins, 100 cosine bins

======================================================================
SCENARIO 1: BEST CASE (True Electron Directions)
======================================================================

Loaded 7044 total clusters
ES main tracks: 314
Valid directions: 314 / 314
After 3 MeV cut: 314 clusters

True neutrino direction: [0.3159, 0.7178, -0.6205]
Using 314 electron directions for MCMC
  MCMC: 50 initial trials, then 10001 chain steps
  Best log-likelihood: 169.71, final proposal_scale: 0.0038

Reconstructed direction: [0.2735, 0.9383, -0.2117]
Angular error: 26.97°

======================================================================
SCENARIO 2: PERFECT CT (ES Main Tracks + ED Network)
======================================================================

Files found: 10 ES, 98 CC

Loaded 3821 matched main-track clusters across U, V, X planes
ES main tracks: 292 (expected ~400 from 10 ES files × 40 events)
  Matched main tracks across all planes: 3821
  ES main tracks: 292

Loading ED model from: /eos/home-e/evilla/dune/sn-tps/neural_networks/electron_direction/three_plane_three_plane_v58_200k_lr_schedule_20251118_110931/checkpoints/model_epoch_12_val_loss_0.8898.keras
ED model input shape: [(None, 128, 32, 1), (None, 128, 32, 1), (None, 128, 32, 1)]
ED model output shape: (None, 3)

Running ED inference on 292 clusters...
ED predictions shape: (292, 3)
After 3 MeV cut: 292 clusters

True neutrino direction: [0.3159, 0.7178, -0.6205]
Using 292 ED-predicted directions for MCMC
  MCMC: 50 initial trials, then 10001 chain steps
  Best log-likelihood: -115.32, final proposal_scale: 0.0114

Reconstructed direction: [0.1484, 0.6906, -0.7079]
Angular error: 10.95°

======================================================================
SCENARIO 3: FULL PIPELINE (CT → ED → MCMC)
======================================================================

Loaded 4132 volumes

Loading CT model from: /eos/user/e/evilla/dune/sn-tps/neural_networks/channel_tagging/ct_volume_v52_batch_reload_20251116_101125/best_model.keras
CT model input shape: (None, 208, 1242, 1)
CT model output shape: (None, 2)

Running CT inference...
Volume input shape: (4132, 208, 1242, 1), dtype: float32
CT selected 388 ES candidates from 4132 volumes
  True ES volumes: 356
  ES prob range: [0.000, 1.000]

Matched 3821 3-plane clusters for ED inference

Loading ED model from: /eos/home-e/evilla/dune/sn-tps/neural_networks/electron_direction/three_plane_three_plane_v58_200k_lr_schedule_20251118_110931/checkpoints/model_epoch_12_val_loss_0.8898.keras
Running ED inference on 3821 clusters...
After 3 MeV cut: 3798 clusters

True neutrino direction: [0.3159, 0.7178, -0.6205]
Using 3798 ED-predicted directions for MCMC
  MCMC: 50 initial trials, then 10001 chain steps
  Best log-likelihood: -5318.46, final proposal_scale: 0.0015

Reconstructed direction: [-0.3501, 0.4277, -0.8334]
Angular error: 44.48°

======================================================================
SCENARIO 3: FULL PIPELINE (CT → ED → MCMC)
======================================================================

Loaded 4132 volumes

Loading CT model from: /eos/user/e/evilla/dune/sn-tps/neural_networks/channel_tagging/ct_volume_v52_batch_reload_20251116_101125/best_model.keras
CT model input shape: (None, 208, 1242, 1)
CT model output shape: (None, 2)

Running CT inference...
Volume input shape: (4132, 208, 1242, 1), dtype: float32
CT selected 388 ES candidates from 4132 volumes
  True ES volumes: 356
  ES prob range: [0.000, 1.000]

Matched 3821 3-plane clusters for ED inference

Loading ED model from: /eos/home-e/evilla/dune/sn-tps/neural_networks/electron_direction/three_plane_three_plane_v58_200k_lr_schedule_20251118_110931/checkpoints/model_epoch_12_val_loss_0.8898.keras
Running ED inference on 3821 clusters...
After 3 MeV cut: 3798 clusters
Using CT weights^1: range [0.515, 1.000]

True neutrino direction: [0.3159, 0.7178, -0.6205]
Using 3798 ED-predicted directions for MCMC
  MCMC: 50 initial trials, then 10001 chain steps
  Best log-likelihood: -5150.07, final proposal_scale: 0.0014

Reconstructed direction: [-0.3501, 0.4277, -0.8334]
Angular error: 44.48°

======================================================================
SCENARIO 3: FULL PIPELINE (CT → ED → MCMC)
======================================================================

Loaded 4132 volumes

Loading CT model from: /eos/user/e/evilla/dune/sn-tps/neural_networks/channel_tagging/ct_volume_v52_batch_reload_20251116_101125/best_model.keras
CT model input shape: (None, 208, 1242, 1)
CT model output shape: (None, 2)

Running CT inference...
Volume input shape: (4132, 208, 1242, 1), dtype: float32
CT selected 388 ES candidates from 4132 volumes
  True ES volumes: 356
  ES prob range: [0.000, 1.000]

Matched 3821 3-plane clusters for ED inference

Loading ED model from: /eos/home-e/evilla/dune/sn-tps/neural_networks/electron_direction/three_plane_three_plane_v58_200k_lr_schedule_20251118_110931/checkpoints/model_epoch_12_val_loss_0.8898.keras
Running ED inference on 3821 clusters...
After 3 MeV cut: 3798 clusters
Using CT weights^2: range [0.266, 1.000]

True neutrino direction: [0.3159, 0.7178, -0.6205]
Using 3798 ED-predicted directions for MCMC
  MCMC: 50 initial trials, then 10001 chain steps
  Best log-likelihood: -5054.83, final proposal_scale: 0.0047

Reconstructed direction: [-0.3464, 0.6747, -0.6518]
Angular error: 38.80°

======================================================================
Using EOS structure: /eos/project-e/ep-nu/evilla/sn-pointing/cat000079/pipeline
======================================================================
Saved best_case: /eos/project-e/ep-nu/evilla/sn-pointing/cat000079/pipeline/cat000079_scenario_best_case.npz
Saved perfect_ct: /eos/project-e/ep-nu/evilla/sn-pointing/cat000079/pipeline/cat000079_scenario_perfect_ct.npz
Saved full_pipeline: /eos/project-e/ep-nu/evilla/sn-pointing/cat000079/pipeline/cat000079_scenario_full_pipeline.npz
Saved weighted_linear: /eos/project-e/ep-nu/evilla/sn-pointing/cat000079/pipeline/cat000079_scenario_weighted_linear.npz
Saved weighted_squared: /eos/project-e/ep-nu/evilla/sn-pointing/cat000079/pipeline/cat000079_scenario_weighted_squared.npz

======================================================================
SUMMARY
======================================================================

BEST_CASE:
  Clusters used: 314
  Angular error: 26.97°
  Log-likelihood: 169.71

PERFECT_CT:
  Clusters used: 292
  Angular error: 10.95°
  Log-likelihood: -115.32

FULL_PIPELINE:
  Clusters used: 3798
  Angular error: 44.48°
  Log-likelihood: -5318.46

WEIGHTED_LINEAR:
  Clusters used: 3798
  Angular error: 44.48°
  Log-likelihood: -5150.07

WEIGHTED_SQUARED:
  Clusters used: 3798
  Angular error: 38.80°
  Log-likelihood: -5054.83

==========================================
SUCCESS: cat000079 completed
==========================================
