==========================================
Processing: cat000107
==========================================
Category directory: /eos/project-e/ep-nu/evilla/sn-pointing/cat000107
PDF path: /eos/home-e/evilla/dune/sn-tps/neural_networks/electron_direction/three_plane_three_plane_v58_200k_lr_schedule_20251118_110931/cosine_energy_pdf.npz
Script directory: /afs/cern.ch/work/e/evilla/private/dune/data-selection-pipeline


Running all 5 scenarios...


Loading energy-cosine PDF from: /eos/home-e/evilla/dune/sn-tps/neural_networks/electron_direction/three_plane_three_plane_v58_200k_lr_schedule_20251118_110931/cosine_energy_pdf.npz
PDF loaded: 18 energy bins, 100 cosine bins

======================================================================
SCENARIO 1: BEST CASE (True Electron Directions)
======================================================================

Loaded 6485 total clusters
ES main tracks: 308
Valid directions: 308 / 308
After 3 MeV cut: 307 clusters

True neutrino direction: [0.7150, 0.3111, 0.6261]
Using 307 electron directions for MCMC
  MCMC: 50 initial trials, then 10001 chain steps
  Best log-likelihood: 181.36, final proposal_scale: 0.0037

Reconstructed direction: [0.9033, -0.0488, 0.4262]
Angular error: 26.16°

======================================================================
SCENARIO 2: PERFECT CT (ES Main Tracks + ED Network)
======================================================================

Files found: 10 ES, 91 CC

Loaded 3510 matched main-track clusters across U, V, X planes
ES main tracks: 256 (expected ~400 from 10 ES files × 40 events)
  Matched main tracks across all planes: 3510
  ES main tracks: 256

Loading ED model from: /eos/home-e/evilla/dune/sn-tps/neural_networks/electron_direction/three_plane_three_plane_v58_200k_lr_schedule_20251118_110931/checkpoints/model_epoch_12_val_loss_0.8898.keras
ED model input shape: [(None, 128, 32, 1), (None, 128, 32, 1), (None, 128, 32, 1)]
ED model output shape: (None, 3)

Running ED inference on 256 clusters...
ED predictions shape: (256, 3)
After 3 MeV cut: 256 clusters

True neutrino direction: [0.7150, 0.3111, 0.6261]
Using 256 ED-predicted directions for MCMC
  MCMC: 50 initial trials, then 10001 chain steps
  Best log-likelihood: -31.05, final proposal_scale: 0.0081

Reconstructed direction: [0.4885, 0.1670, 0.8564]
Angular error: 20.38°

======================================================================
SCENARIO 3: FULL PIPELINE (CT → ED → MCMC)
======================================================================

Loaded 3839 volumes

Loading CT model from: /eos/user/e/evilla/dune/sn-tps/neural_networks/channel_tagging/ct_volume_v52_batch_reload_20251116_101125/best_model.keras
CT model input shape: (None, 208, 1242, 1)
CT model output shape: (None, 2)

Running CT inference...
Volume input shape: (3839, 208, 1242, 1), dtype: float32
CT selected 350 ES candidates from 3839 volumes
  True ES volumes: 353
  ES prob range: [0.000, 1.000]

Matched 3510 3-plane clusters for ED inference

Loading ED model from: /eos/home-e/evilla/dune/sn-tps/neural_networks/electron_direction/three_plane_three_plane_v58_200k_lr_schedule_20251118_110931/checkpoints/model_epoch_12_val_loss_0.8898.keras
Running ED inference on 3510 clusters...
After 3 MeV cut: 3491 clusters

True neutrino direction: [0.7150, 0.3111, 0.6261]
Using 3491 ED-predicted directions for MCMC
  MCMC: 50 initial trials, then 10001 chain steps
  Best log-likelihood: -4903.84, final proposal_scale: 0.0012

Reconstructed direction: [0.5485, -0.3697, 0.7500]
Angular error: 41.70°

======================================================================
SCENARIO 3: FULL PIPELINE (CT → ED → MCMC)
======================================================================

Loaded 3839 volumes

Loading CT model from: /eos/user/e/evilla/dune/sn-tps/neural_networks/channel_tagging/ct_volume_v52_batch_reload_20251116_101125/best_model.keras
CT model input shape: (None, 208, 1242, 1)
CT model output shape: (None, 2)

Running CT inference...
Volume input shape: (3839, 208, 1242, 1), dtype: float32
CT selected 350 ES candidates from 3839 volumes
  True ES volumes: 353
  ES prob range: [0.000, 1.000]

Matched 3510 3-plane clusters for ED inference

Loading ED model from: /eos/home-e/evilla/dune/sn-tps/neural_networks/electron_direction/three_plane_three_plane_v58_200k_lr_schedule_20251118_110931/checkpoints/model_epoch_12_val_loss_0.8898.keras
Running ED inference on 3510 clusters...
After 3 MeV cut: 3491 clusters
Using CT weights^1: range [0.654, 1.000]

True neutrino direction: [0.7150, 0.3111, 0.6261]
Using 3491 ED-predicted directions for MCMC
  MCMC: 50 initial trials, then 10001 chain steps
  Best log-likelihood: -4797.59, final proposal_scale: 0.0087

Reconstructed direction: [-0.2427, -0.7633, 0.5988]
Angular error: 92.07°

======================================================================
SCENARIO 3: FULL PIPELINE (CT → ED → MCMC)
======================================================================

Loaded 3839 volumes

Loading CT model from: /eos/user/e/evilla/dune/sn-tps/neural_networks/channel_tagging/ct_volume_v52_batch_reload_20251116_101125/best_model.keras
CT model input shape: (None, 208, 1242, 1)
CT model output shape: (None, 2)

Running CT inference...
Volume input shape: (3839, 208, 1242, 1), dtype: float32
CT selected 350 ES candidates from 3839 volumes
  True ES volumes: 353
  ES prob range: [0.000, 1.000]

Matched 3510 3-plane clusters for ED inference

Loading ED model from: /eos/home-e/evilla/dune/sn-tps/neural_networks/electron_direction/three_plane_three_plane_v58_200k_lr_schedule_20251118_110931/checkpoints/model_epoch_12_val_loss_0.8898.keras
Running ED inference on 3510 clusters...
After 3 MeV cut: 3491 clusters
Using CT weights^2: range [0.428, 1.000]

True neutrino direction: [0.7150, 0.3111, 0.6261]
Using 3491 ED-predicted directions for MCMC
  MCMC: 50 initial trials, then 10001 chain steps
  Best log-likelihood: -4671.44, final proposal_scale: 0.0027

Reconstructed direction: [0.2407, 0.7005, 0.6718]
Angular error: 35.84°

======================================================================
Using EOS structure: /eos/project-e/ep-nu/evilla/sn-pointing/cat000107/pipeline
======================================================================
Saved best_case: /eos/project-e/ep-nu/evilla/sn-pointing/cat000107/pipeline/cat000107_scenario_best_case.npz
Saved perfect_ct: /eos/project-e/ep-nu/evilla/sn-pointing/cat000107/pipeline/cat000107_scenario_perfect_ct.npz
Saved full_pipeline: /eos/project-e/ep-nu/evilla/sn-pointing/cat000107/pipeline/cat000107_scenario_full_pipeline.npz
Saved weighted_linear: /eos/project-e/ep-nu/evilla/sn-pointing/cat000107/pipeline/cat000107_scenario_weighted_linear.npz
Saved weighted_squared: /eos/project-e/ep-nu/evilla/sn-pointing/cat000107/pipeline/cat000107_scenario_weighted_squared.npz

======================================================================
SUMMARY
======================================================================

BEST_CASE:
  Clusters used: 307
  Angular error: 26.16°
  Log-likelihood: 181.36

PERFECT_CT:
  Clusters used: 256
  Angular error: 20.38°
  Log-likelihood: -31.05

FULL_PIPELINE:
  Clusters used: 3491
  Angular error: 41.70°
  Log-likelihood: -4903.84

WEIGHTED_LINEAR:
  Clusters used: 3491
  Angular error: 92.07°
  Log-likelihood: -4797.59

WEIGHTED_SQUARED:
  Clusters used: 3491
  Angular error: 35.84°
  Log-likelihood: -4671.44

==========================================
SUCCESS: cat000107 completed
==========================================
