==========================================
Processing: cat000036
==========================================
Category directory: /eos/project-e/ep-nu/evilla/sn-pointing/cat000036
PDF path: /eos/home-e/evilla/dune/sn-tps/neural_networks/electron_direction/three_plane_three_plane_v58_200k_lr_schedule_20251118_110931/cosine_energy_pdf.npz
Script directory: /afs/cern.ch/work/e/evilla/private/dune/data-selection-pipeline


Running all 5 scenarios...


Loading energy-cosine PDF from: /eos/home-e/evilla/dune/sn-tps/neural_networks/electron_direction/three_plane_three_plane_v58_200k_lr_schedule_20251118_110931/cosine_energy_pdf.npz
PDF loaded: 18 energy bins, 100 cosine bins

======================================================================
SCENARIO 1: BEST CASE (True Electron Directions)
======================================================================

Loaded 6689 total clusters
ES main tracks: 306
Valid directions: 306 / 306
After 3 MeV cut: 306 clusters

True neutrino direction: [0.1268, 0.4330, 0.8924]
Using 306 electron directions for MCMC
  MCMC: 50 initial trials, then 10001 chain steps
  Best log-likelihood: 148.40, final proposal_scale: 0.0023

Reconstructed direction: [0.1834, -0.0261, 0.9827]
Angular error: 27.26°

======================================================================
SCENARIO 2: PERFECT CT (ES Main Tracks + ED Network)
======================================================================

Loaded 3704 matched main-track clusters across U, V, X planes
ES main tracks: 288 (expected ~320 from 8 ES files × 40 events)
  Matched main tracks across all planes: 3704
  ES main tracks: 288

Loading ED model from: /eos/home-e/evilla/dune/sn-tps/neural_networks/electron_direction/three_plane_three_plane_v58_200k_lr_schedule_20251118_110931/checkpoints/model_epoch_12_val_loss_0.8898.keras
ED model input shape: [(None, 128, 32, 1), (None, 128, 32, 1), (None, 128, 32, 1)]
ED model output shape: (None, 3)

Running ED inference on 288 clusters...
ED predictions shape: (288, 3)
After 3 MeV cut: 288 clusters

True neutrino direction: [0.1268, 0.4330, 0.8924]
Using 288 ED-predicted directions for MCMC
  MCMC: 50 initial trials, then 10001 chain steps
  Best log-likelihood: -38.19, final proposal_scale: 0.0056

Reconstructed direction: [0.2770, -0.0599, 0.9590]
Angular error: 30.12°

======================================================================
SCENARIO 3: FULL PIPELINE (CT → ED → MCMC)
======================================================================

Loaded 4016 volumes

Loading CT model from: /eos/user/e/evilla/dune/sn-tps/neural_networks/channel_tagging/ct_volume_v52_batch_reload_20251116_101125/best_model.keras
CT model input shape: (None, 208, 1242, 1)
CT model output shape: (None, 2)

Running CT inference...
Volume input shape: (4016, 208, 1242, 1), dtype: float32
CT selected 379 ES candidates from 4016 volumes
  True ES volumes: 360
  ES prob range: [0.000, 1.000]

Matched 3704 3-plane clusters for ED inference

Loading ED model from: /eos/home-e/evilla/dune/sn-tps/neural_networks/electron_direction/three_plane_three_plane_v58_200k_lr_schedule_20251118_110931/checkpoints/model_epoch_12_val_loss_0.8898.keras
Running ED inference on 3704 clusters...
After 3 MeV cut: 3684 clusters

True neutrino direction: [0.1268, 0.4330, 0.8924]
Using 3684 ED-predicted directions for MCMC
  MCMC: 50 initial trials, then 10001 chain steps
  Best log-likelihood: -5129.65, final proposal_scale: 0.0009

Reconstructed direction: [-0.2176, -0.6481, 0.7298]
Angular error: 69.94°

======================================================================
SCENARIO 3: FULL PIPELINE (CT → ED → MCMC)
======================================================================

Loaded 4016 volumes

Loading CT model from: /eos/user/e/evilla/dune/sn-tps/neural_networks/channel_tagging/ct_volume_v52_batch_reload_20251116_101125/best_model.keras
CT model input shape: (None, 208, 1242, 1)
CT model output shape: (None, 2)

Running CT inference...
Volume input shape: (4016, 208, 1242, 1), dtype: float32
CT selected 379 ES candidates from 4016 volumes
  True ES volumes: 360
  ES prob range: [0.000, 1.000]

Matched 3704 3-plane clusters for ED inference

Loading ED model from: /eos/home-e/evilla/dune/sn-tps/neural_networks/electron_direction/three_plane_three_plane_v58_200k_lr_schedule_20251118_110931/checkpoints/model_epoch_12_val_loss_0.8898.keras
Running ED inference on 3704 clusters...
After 3 MeV cut: 3684 clusters
Using CT weights^1: range [0.558, 1.000]

True neutrino direction: [0.1268, 0.4330, 0.8924]
Using 3684 ED-predicted directions for MCMC
  MCMC: 50 initial trials, then 10001 chain steps
  Best log-likelihood: -4995.94, final proposal_scale: 0.0009

Reconstructed direction: [-0.2174, -0.6482, 0.7298]
Angular error: 69.94°

======================================================================
SCENARIO 3: FULL PIPELINE (CT → ED → MCMC)
======================================================================

Loaded 4016 volumes

Loading CT model from: /eos/user/e/evilla/dune/sn-tps/neural_networks/channel_tagging/ct_volume_v52_batch_reload_20251116_101125/best_model.keras
CT model input shape: (None, 208, 1242, 1)
CT model output shape: (None, 2)

Running CT inference...
Volume input shape: (4016, 208, 1242, 1), dtype: float32
CT selected 379 ES candidates from 4016 volumes
  True ES volumes: 360
  ES prob range: [0.000, 1.000]

Matched 3704 3-plane clusters for ED inference

Loading ED model from: /eos/home-e/evilla/dune/sn-tps/neural_networks/electron_direction/three_plane_three_plane_v58_200k_lr_schedule_20251118_110931/checkpoints/model_epoch_12_val_loss_0.8898.keras
Running ED inference on 3704 clusters...
After 3 MeV cut: 3684 clusters
Using CT weights^2: range [0.312, 1.000]

True neutrino direction: [0.1268, 0.4330, 0.8924]
Using 3684 ED-predicted directions for MCMC
  MCMC: 50 initial trials, then 10001 chain steps
  Best log-likelihood: -4895.42, final proposal_scale: 0.0010

Reconstructed direction: [-0.2176, -0.6481, 0.7298]
Angular error: 69.94°

======================================================================
Using EOS structure: /eos/project-e/ep-nu/evilla/sn-pointing/cat000036/pipeline
======================================================================
Saved best_case: /eos/project-e/ep-nu/evilla/sn-pointing/cat000036/pipeline/cat000036_scenario_best_case.npz
Saved perfect_ct: /eos/project-e/ep-nu/evilla/sn-pointing/cat000036/pipeline/cat000036_scenario_perfect_ct.npz
Saved full_pipeline: /eos/project-e/ep-nu/evilla/sn-pointing/cat000036/pipeline/cat000036_scenario_full_pipeline.npz
Saved weighted_linear: /eos/project-e/ep-nu/evilla/sn-pointing/cat000036/pipeline/cat000036_scenario_weighted_linear.npz
Saved weighted_squared: /eos/project-e/ep-nu/evilla/sn-pointing/cat000036/pipeline/cat000036_scenario_weighted_squared.npz

======================================================================
SUMMARY
======================================================================

BEST_CASE:
  Clusters used: 306
  Angular error: 27.26°
  Log-likelihood: 148.40

PERFECT_CT:
  Clusters used: 288
  Angular error: 30.12°
  Log-likelihood: -38.19

FULL_PIPELINE:
  Clusters used: 3684
  Angular error: 69.94°
  Log-likelihood: -5129.65

WEIGHTED_LINEAR:
  Clusters used: 3684
  Angular error: 69.94°
  Log-likelihood: -4995.94

WEIGHTED_SQUARED:
  Clusters used: 3684
  Angular error: 69.94°
  Log-likelihood: -4895.42

==========================================
SUCCESS: cat000036 completed
==========================================
