==========================================
Processing: cat000029
==========================================
Category directory: /eos/project-e/ep-nu/evilla/sn-pointing/cat000029
PDF path: /eos/home-e/evilla/dune/sn-tps/neural_networks/electron_direction/three_plane_three_plane_v58_200k_lr_schedule_20251118_110931/cosine_energy_pdf.npz
Script directory: /afs/cern.ch/work/e/evilla/private/dune/data-selection-pipeline


Running all 5 scenarios...


Loading energy-cosine PDF from: /eos/home-e/evilla/dune/sn-tps/neural_networks/electron_direction/three_plane_three_plane_v58_200k_lr_schedule_20251118_110931/cosine_energy_pdf.npz
PDF loaded: 18 energy bins, 100 cosine bins

======================================================================
SCENARIO 1: BEST CASE (True Electron Directions)
======================================================================

Loaded 7069 total clusters
ES main tracks: 310
Valid directions: 310 / 310
After 3 MeV cut: 310 clusters

True neutrino direction: [0.8854, 0.3847, 0.2608]
Using 310 electron directions for MCMC
  MCMC: 50 initial trials, then 10001 chain steps
  Best log-likelihood: 189.74, final proposal_scale: 0.0016

Reconstructed direction: [0.7980, 0.5880, -0.1323]
Angular error: 26.08°

======================================================================
SCENARIO 2: PERFECT CT (ES Main Tracks + ED Network)
======================================================================

Loaded 3821 matched main-track clusters across U, V, X planes
ES main tracks: 241 (expected ~320 from 8 ES files × 40 events)
  Matched main tracks across all planes: 3821
  ES main tracks: 241

Loading ED model from: /eos/home-e/evilla/dune/sn-tps/neural_networks/electron_direction/three_plane_three_plane_v58_200k_lr_schedule_20251118_110931/checkpoints/model_epoch_12_val_loss_0.8898.keras
ED model input shape: [(None, 128, 32, 1), (None, 128, 32, 1), (None, 128, 32, 1)]
ED model output shape: (None, 3)

Running ED inference on 241 clusters...
ED predictions shape: (241, 3)
After 3 MeV cut: 241 clusters

True neutrino direction: [0.8854, 0.3847, 0.2608]
Using 241 ED-predicted directions for MCMC
  MCMC: 50 initial trials, then 10001 chain steps
  Best log-likelihood: -104.22, final proposal_scale: 0.0069

Reconstructed direction: [0.9477, 0.2769, 0.1590]
Angular error: 9.23°

======================================================================
SCENARIO 3: FULL PIPELINE (CT → ED → MCMC)
======================================================================

Loaded 4197 volumes

Loading CT model from: /eos/user/e/evilla/dune/sn-tps/neural_networks/channel_tagging/ct_volume_v52_batch_reload_20251116_101125/best_model.keras
CT model input shape: (None, 208, 1242, 1)
CT model output shape: (None, 2)

Running CT inference...
Volume input shape: (4197, 208, 1242, 1), dtype: float32
CT selected 406 ES candidates from 4197 volumes
  True ES volumes: 352
  ES prob range: [0.000, 1.000]

Matched 3821 3-plane clusters for ED inference

Loading ED model from: /eos/home-e/evilla/dune/sn-tps/neural_networks/electron_direction/three_plane_three_plane_v58_200k_lr_schedule_20251118_110931/checkpoints/model_epoch_12_val_loss_0.8898.keras
Running ED inference on 3821 clusters...
After 3 MeV cut: 3803 clusters

True neutrino direction: [0.8854, 0.3847, 0.2608]
Using 3803 ED-predicted directions for MCMC
  MCMC: 50 initial trials, then 10001 chain steps
  Best log-likelihood: -5294.00, final proposal_scale: 0.0011

Reconstructed direction: [0.2741, -0.6362, 0.7212]
Angular error: 79.28°

======================================================================
SCENARIO 3: FULL PIPELINE (CT → ED → MCMC)
======================================================================

Loaded 4197 volumes

Loading CT model from: /eos/user/e/evilla/dune/sn-tps/neural_networks/channel_tagging/ct_volume_v52_batch_reload_20251116_101125/best_model.keras
CT model input shape: (None, 208, 1242, 1)
CT model output shape: (None, 2)

Running CT inference...
Volume input shape: (4197, 208, 1242, 1), dtype: float32
CT selected 406 ES candidates from 4197 volumes
  True ES volumes: 352
  ES prob range: [0.000, 1.000]

Matched 3821 3-plane clusters for ED inference

Loading ED model from: /eos/home-e/evilla/dune/sn-tps/neural_networks/electron_direction/three_plane_three_plane_v58_200k_lr_schedule_20251118_110931/checkpoints/model_epoch_12_val_loss_0.8898.keras
Running ED inference on 3821 clusters...
After 3 MeV cut: 3803 clusters
Using CT weights^1: range [0.524, 1.000]

True neutrino direction: [0.8854, 0.3847, 0.2608]
Using 3803 ED-predicted directions for MCMC
  MCMC: 50 initial trials, then 10001 chain steps
  Best log-likelihood: -4946.50, final proposal_scale: 0.0009

Reconstructed direction: [0.6213, -0.7683, 0.1539]
Angular error: 72.86°

======================================================================
SCENARIO 3: FULL PIPELINE (CT → ED → MCMC)
======================================================================

Loaded 4197 volumes

Loading CT model from: /eos/user/e/evilla/dune/sn-tps/neural_networks/channel_tagging/ct_volume_v52_batch_reload_20251116_101125/best_model.keras
CT model input shape: (None, 208, 1242, 1)
CT model output shape: (None, 2)

Running CT inference...
Volume input shape: (4197, 208, 1242, 1), dtype: float32
CT selected 406 ES candidates from 4197 volumes
  True ES volumes: 352
  ES prob range: [0.000, 1.000]

Matched 3821 3-plane clusters for ED inference

Loading ED model from: /eos/home-e/evilla/dune/sn-tps/neural_networks/electron_direction/three_plane_three_plane_v58_200k_lr_schedule_20251118_110931/checkpoints/model_epoch_12_val_loss_0.8898.keras
Running ED inference on 3821 clusters...
After 3 MeV cut: 3803 clusters
Using CT weights^2: range [0.275, 1.000]

True neutrino direction: [0.8854, 0.3847, 0.2608]
Using 3803 ED-predicted directions for MCMC
  MCMC: 50 initial trials, then 10001 chain steps
  Best log-likelihood: -4792.67, final proposal_scale: 0.0009

Reconstructed direction: [0.6213, -0.7683, 0.1538]
Angular error: 72.86°

======================================================================
Using EOS structure: /eos/project-e/ep-nu/evilla/sn-pointing/cat000029/pipeline
======================================================================
Saved best_case: /eos/project-e/ep-nu/evilla/sn-pointing/cat000029/pipeline/cat000029_scenario_best_case.npz
Saved perfect_ct: /eos/project-e/ep-nu/evilla/sn-pointing/cat000029/pipeline/cat000029_scenario_perfect_ct.npz
Saved full_pipeline: /eos/project-e/ep-nu/evilla/sn-pointing/cat000029/pipeline/cat000029_scenario_full_pipeline.npz
Saved weighted_linear: /eos/project-e/ep-nu/evilla/sn-pointing/cat000029/pipeline/cat000029_scenario_weighted_linear.npz
Saved weighted_squared: /eos/project-e/ep-nu/evilla/sn-pointing/cat000029/pipeline/cat000029_scenario_weighted_squared.npz

======================================================================
SUMMARY
======================================================================

BEST_CASE:
  Clusters used: 310
  Angular error: 26.08°
  Log-likelihood: 189.74

PERFECT_CT:
  Clusters used: 241
  Angular error: 9.23°
  Log-likelihood: -104.22

FULL_PIPELINE:
  Clusters used: 3803
  Angular error: 79.28°
  Log-likelihood: -5294.00

WEIGHTED_LINEAR:
  Clusters used: 3803
  Angular error: 72.86°
  Log-likelihood: -4946.50

WEIGHTED_SQUARED:
  Clusters used: 3803
  Angular error: 72.86°
  Log-likelihood: -4792.67

==========================================
SUCCESS: cat000029 completed
==========================================
