==========================================
Processing: cat000149
==========================================
Category directory: /eos/project-e/ep-nu/evilla/sn-pointing/cat000149
PDF path: /eos/home-e/evilla/dune/sn-tps/neural_networks/electron_direction/three_plane_three_plane_v58_200k_lr_schedule_20251118_110931/cosine_energy_pdf.npz
Script directory: /afs/cern.ch/work/e/evilla/private/dune/data-selection-pipeline


Running all 5 scenarios...


Loading energy-cosine PDF from: /eos/home-e/evilla/dune/sn-tps/neural_networks/electron_direction/three_plane_three_plane_v58_200k_lr_schedule_20251118_110931/cosine_energy_pdf.npz
PDF loaded: 18 energy bins, 100 cosine bins

======================================================================
SCENARIO 1: BEST CASE (True Electron Directions)
======================================================================

Loaded 6960 total clusters
ES main tracks: 307
Valid directions: 307 / 307
After 3 MeV cut: 307 clusters

True neutrino direction: [-0.5586, -0.2382, -0.7945]
Using 307 electron directions for MCMC
  MCMC: 50 initial trials, then 10001 chain steps
  Best log-likelihood: 177.35, final proposal_scale: 0.0041

Reconstructed direction: [-0.8628, -0.1655, -0.4778]
Angular error: 25.72°

======================================================================
SCENARIO 2: PERFECT CT (ES Main Tracks + ED Network)
======================================================================

Files found: 10 ES, 98 CC

Loaded 3776 matched main-track clusters across U, V, X planes
ES main tracks: 278 (expected ~400 from 10 ES files × 40 events)
  Matched main tracks across all planes: 3776
  ES main tracks: 278

Loading ED model from: /eos/home-e/evilla/dune/sn-tps/neural_networks/electron_direction/three_plane_three_plane_v58_200k_lr_schedule_20251118_110931/checkpoints/model_epoch_12_val_loss_0.8898.keras
ED model input shape: [(None, 128, 32, 1), (None, 128, 32, 1), (None, 128, 32, 1)]
ED model output shape: (None, 3)

Running ED inference on 278 clusters...
ED predictions shape: (278, 3)
After 3 MeV cut: 278 clusters

True neutrino direction: [-0.5586, -0.2382, -0.7945]
Using 278 ED-predicted directions for MCMC
  MCMC: 50 initial trials, then 10001 chain steps
  Best log-likelihood: -9.07, final proposal_scale: 0.0027

Reconstructed direction: [-0.3392, -0.4763, -0.8112]
Angular error: 18.66°

======================================================================
SCENARIO 3: FULL PIPELINE (CT → ED → MCMC)
======================================================================

Loaded 4128 volumes

Loading CT model from: /eos/user/e/evilla/dune/sn-tps/neural_networks/channel_tagging/ct_volume_v52_batch_reload_20251116_101125/best_model.keras
CT model input shape: (None, 208, 1242, 1)
CT model output shape: (None, 2)

Running CT inference...
Volume input shape: (4128, 208, 1242, 1), dtype: float32
CT selected 373 ES candidates from 4128 volumes
  True ES volumes: 362
  ES prob range: [0.000, 1.000]

Matched 3776 3-plane clusters for ED inference

Loading ED model from: /eos/home-e/evilla/dune/sn-tps/neural_networks/electron_direction/three_plane_three_plane_v58_200k_lr_schedule_20251118_110931/checkpoints/model_epoch_12_val_loss_0.8898.keras
Running ED inference on 3776 clusters...
After 3 MeV cut: 3753 clusters

True neutrino direction: [-0.5586, -0.2382, -0.7945]
Using 3753 ED-predicted directions for MCMC
  MCMC: 50 initial trials, then 10001 chain steps
  Best log-likelihood: -5060.66, final proposal_scale: 0.0008

Reconstructed direction: [-0.4046, 0.4915, -0.7712]
Angular error: 43.81°

======================================================================
SCENARIO 3: FULL PIPELINE (CT → ED → MCMC)
======================================================================

Loaded 4128 volumes

Loading CT model from: /eos/user/e/evilla/dune/sn-tps/neural_networks/channel_tagging/ct_volume_v52_batch_reload_20251116_101125/best_model.keras
CT model input shape: (None, 208, 1242, 1)
CT model output shape: (None, 2)

Running CT inference...
Volume input shape: (4128, 208, 1242, 1), dtype: float32
CT selected 373 ES candidates from 4128 volumes
  True ES volumes: 362
  ES prob range: [0.000, 1.000]

Matched 3776 3-plane clusters for ED inference

Loading ED model from: /eos/home-e/evilla/dune/sn-tps/neural_networks/electron_direction/three_plane_three_plane_v58_200k_lr_schedule_20251118_110931/checkpoints/model_epoch_12_val_loss_0.8898.keras
Running ED inference on 3776 clusters...
After 3 MeV cut: 3753 clusters
Using CT weights^1: range [0.549, 1.000]

True neutrino direction: [-0.5586, -0.2382, -0.7945]
Using 3753 ED-predicted directions for MCMC
  MCMC: 50 initial trials, then 10001 chain steps
  Best log-likelihood: -4755.83, final proposal_scale: 0.0033

Reconstructed direction: [-0.4046, 0.4679, -0.7857]
Angular error: 42.36°

======================================================================
SCENARIO 3: FULL PIPELINE (CT → ED → MCMC)
======================================================================

Loaded 4128 volumes

Loading CT model from: /eos/user/e/evilla/dune/sn-tps/neural_networks/channel_tagging/ct_volume_v52_batch_reload_20251116_101125/best_model.keras
CT model input shape: (None, 208, 1242, 1)
CT model output shape: (None, 2)

Running CT inference...
Volume input shape: (4128, 208, 1242, 1), dtype: float32
CT selected 373 ES candidates from 4128 volumes
  True ES volumes: 362
  ES prob range: [0.000, 1.000]

Matched 3776 3-plane clusters for ED inference

Loading ED model from: /eos/home-e/evilla/dune/sn-tps/neural_networks/electron_direction/three_plane_three_plane_v58_200k_lr_schedule_20251118_110931/checkpoints/model_epoch_12_val_loss_0.8898.keras
Running ED inference on 3776 clusters...
After 3 MeV cut: 3753 clusters
Using CT weights^2: range [0.302, 1.000]

True neutrino direction: [-0.5586, -0.2382, -0.7945]
Using 3753 ED-predicted directions for MCMC
  MCMC: 50 initial trials, then 10001 chain steps
  Best log-likelihood: -4505.71, final proposal_scale: 0.0030

Reconstructed direction: [-0.4047, 0.4679, -0.7857]
Angular error: 42.37°

======================================================================
Using EOS structure: /eos/project-e/ep-nu/evilla/sn-pointing/cat000149/pipeline
======================================================================
Saved best_case: /eos/project-e/ep-nu/evilla/sn-pointing/cat000149/pipeline/cat000149_scenario_best_case.npz
Saved perfect_ct: /eos/project-e/ep-nu/evilla/sn-pointing/cat000149/pipeline/cat000149_scenario_perfect_ct.npz
Saved full_pipeline: /eos/project-e/ep-nu/evilla/sn-pointing/cat000149/pipeline/cat000149_scenario_full_pipeline.npz
Saved weighted_linear: /eos/project-e/ep-nu/evilla/sn-pointing/cat000149/pipeline/cat000149_scenario_weighted_linear.npz
Saved weighted_squared: /eos/project-e/ep-nu/evilla/sn-pointing/cat000149/pipeline/cat000149_scenario_weighted_squared.npz

======================================================================
SUMMARY
======================================================================

BEST_CASE:
  Clusters used: 307
  Angular error: 25.72°
  Log-likelihood: 177.35

PERFECT_CT:
  Clusters used: 278
  Angular error: 18.66°
  Log-likelihood: -9.07

FULL_PIPELINE:
  Clusters used: 3753
  Angular error: 43.81°
  Log-likelihood: -5060.66

WEIGHTED_LINEAR:
  Clusters used: 3753
  Angular error: 42.36°
  Log-likelihood: -4755.83

WEIGHTED_SQUARED:
  Clusters used: 3753
  Angular error: 42.37°
  Log-likelihood: -4505.71

==========================================
SUCCESS: cat000149 completed
==========================================
