==========================================
Processing: cat000105
==========================================
Category directory: /eos/project-e/ep-nu/evilla/sn-pointing/cat000105
PDF path: /eos/home-e/evilla/dune/sn-tps/neural_networks/electron_direction/three_plane_three_plane_v58_200k_lr_schedule_20251118_110931/cosine_energy_pdf.npz
Script directory: /afs/cern.ch/work/e/evilla/private/dune/data-selection-pipeline


Running all 5 scenarios...


Loading energy-cosine PDF from: /eos/home-e/evilla/dune/sn-tps/neural_networks/electron_direction/three_plane_three_plane_v58_200k_lr_schedule_20251118_110931/cosine_energy_pdf.npz
PDF loaded: 18 energy bins, 100 cosine bins

======================================================================
SCENARIO 1: BEST CASE (True Electron Directions)
======================================================================

Loaded 6981 total clusters
ES main tracks: 317
Valid directions: 317 / 317
After 3 MeV cut: 317 clusters

True neutrino direction: [-0.0686, 0.3991, -0.9143]
Using 317 electron directions for MCMC
  MCMC: 50 initial trials, then 10001 chain steps
  Best log-likelihood: 190.05, final proposal_scale: 0.0034

Reconstructed direction: [-0.1785, 0.0773, -0.9809]
Angular error: 19.95°

======================================================================
SCENARIO 2: PERFECT CT (ES Main Tracks + ED Network)
======================================================================

Files found: 10 ES, 98 CC

Loaded 3839 matched main-track clusters across U, V, X planes
ES main tracks: 306 (expected ~400 from 10 ES files × 40 events)
  Matched main tracks across all planes: 3839
  ES main tracks: 306

Loading ED model from: /eos/home-e/evilla/dune/sn-tps/neural_networks/electron_direction/three_plane_three_plane_v58_200k_lr_schedule_20251118_110931/checkpoints/model_epoch_12_val_loss_0.8898.keras
ED model input shape: [(None, 128, 32, 1), (None, 128, 32, 1), (None, 128, 32, 1)]
ED model output shape: (None, 3)

Running ED inference on 306 clusters...
ED predictions shape: (306, 3)
After 3 MeV cut: 306 clusters

True neutrino direction: [-0.0686, 0.3991, -0.9143]
Using 306 ED-predicted directions for MCMC
  MCMC: 50 initial trials, then 10001 chain steps
  Best log-likelihood: -18.25, final proposal_scale: 0.0038

Reconstructed direction: [-0.2602, 0.5608, -0.7860]
Angular error: 16.20°

======================================================================
SCENARIO 3: FULL PIPELINE (CT → ED → MCMC)
======================================================================

Loaded 4122 volumes

Loading CT model from: /eos/user/e/evilla/dune/sn-tps/neural_networks/channel_tagging/ct_volume_v52_batch_reload_20251116_101125/best_model.keras
CT model input shape: (None, 208, 1242, 1)
CT model output shape: (None, 2)

Running CT inference...
Volume input shape: (4122, 208, 1242, 1), dtype: float32
CT selected 392 ES candidates from 4122 volumes
  True ES volumes: 365
  ES prob range: [0.000, 1.000]

Matched 3839 3-plane clusters for ED inference

Loading ED model from: /eos/home-e/evilla/dune/sn-tps/neural_networks/electron_direction/three_plane_three_plane_v58_200k_lr_schedule_20251118_110931/checkpoints/model_epoch_12_val_loss_0.8898.keras
Running ED inference on 3839 clusters...
After 3 MeV cut: 3822 clusters

True neutrino direction: [-0.0686, 0.3991, -0.9143]
Using 3822 ED-predicted directions for MCMC
  MCMC: 50 initial trials, then 10001 chain steps
  Best log-likelihood: -5140.06, final proposal_scale: 0.0008

Reconstructed direction: [-0.2695, 0.6596, -0.7016]
Angular error: 22.60°

======================================================================
SCENARIO 3: FULL PIPELINE (CT → ED → MCMC)
======================================================================

Loaded 4122 volumes

Loading CT model from: /eos/user/e/evilla/dune/sn-tps/neural_networks/channel_tagging/ct_volume_v52_batch_reload_20251116_101125/best_model.keras
CT model input shape: (None, 208, 1242, 1)
CT model output shape: (None, 2)

Running CT inference...
Volume input shape: (4122, 208, 1242, 1), dtype: float32
CT selected 392 ES candidates from 4122 volumes
  True ES volumes: 365
  ES prob range: [0.000, 1.000]

Matched 3839 3-plane clusters for ED inference

Loading ED model from: /eos/home-e/evilla/dune/sn-tps/neural_networks/electron_direction/three_plane_three_plane_v58_200k_lr_schedule_20251118_110931/checkpoints/model_epoch_12_val_loss_0.8898.keras
Running ED inference on 3839 clusters...
After 3 MeV cut: 3822 clusters
Using CT weights^1: range [0.545, 1.000]

True neutrino direction: [-0.0686, 0.3991, -0.9143]
Using 3822 ED-predicted directions for MCMC
  MCMC: 50 initial trials, then 10001 chain steps
  Best log-likelihood: -4965.71, final proposal_scale: 0.0010

Reconstructed direction: [-0.2696, 0.6596, -0.7016]
Angular error: 22.60°

======================================================================
SCENARIO 3: FULL PIPELINE (CT → ED → MCMC)
======================================================================

Loaded 4122 volumes

Loading CT model from: /eos/user/e/evilla/dune/sn-tps/neural_networks/channel_tagging/ct_volume_v52_batch_reload_20251116_101125/best_model.keras
CT model input shape: (None, 208, 1242, 1)
CT model output shape: (None, 2)

Running CT inference...
Volume input shape: (4122, 208, 1242, 1), dtype: float32
CT selected 392 ES candidates from 4122 volumes
  True ES volumes: 365
  ES prob range: [0.000, 1.000]

Matched 3839 3-plane clusters for ED inference

Loading ED model from: /eos/home-e/evilla/dune/sn-tps/neural_networks/electron_direction/three_plane_three_plane_v58_200k_lr_schedule_20251118_110931/checkpoints/model_epoch_12_val_loss_0.8898.keras
Running ED inference on 3839 clusters...
After 3 MeV cut: 3822 clusters
Using CT weights^2: range [0.297, 1.000]

True neutrino direction: [-0.0686, 0.3991, -0.9143]
Using 3822 ED-predicted directions for MCMC
  MCMC: 50 initial trials, then 10001 chain steps
  Best log-likelihood: -4838.27, final proposal_scale: 0.0008

Reconstructed direction: [-0.2696, 0.6596, -0.7016]
Angular error: 22.60°

======================================================================
Using EOS structure: /eos/project-e/ep-nu/evilla/sn-pointing/cat000105/pipeline
======================================================================
Saved best_case: /eos/project-e/ep-nu/evilla/sn-pointing/cat000105/pipeline/cat000105_scenario_best_case.npz
Saved perfect_ct: /eos/project-e/ep-nu/evilla/sn-pointing/cat000105/pipeline/cat000105_scenario_perfect_ct.npz
Saved full_pipeline: /eos/project-e/ep-nu/evilla/sn-pointing/cat000105/pipeline/cat000105_scenario_full_pipeline.npz
Saved weighted_linear: /eos/project-e/ep-nu/evilla/sn-pointing/cat000105/pipeline/cat000105_scenario_weighted_linear.npz
Saved weighted_squared: /eos/project-e/ep-nu/evilla/sn-pointing/cat000105/pipeline/cat000105_scenario_weighted_squared.npz

======================================================================
SUMMARY
======================================================================

BEST_CASE:
  Clusters used: 317
  Angular error: 19.95°
  Log-likelihood: 190.05

PERFECT_CT:
  Clusters used: 306
  Angular error: 16.20°
  Log-likelihood: -18.25

FULL_PIPELINE:
  Clusters used: 3822
  Angular error: 22.60°
  Log-likelihood: -5140.06

WEIGHTED_LINEAR:
  Clusters used: 3822
  Angular error: 22.60°
  Log-likelihood: -4965.71

WEIGHTED_SQUARED:
  Clusters used: 3822
  Angular error: 22.60°
  Log-likelihood: -4838.27

==========================================
SUCCESS: cat000105 completed
==========================================
