000 (8782606.004.000) 11/20 00:44:34 Job submitted from host: <188.185.6.50:9618?addrs=188.185.6.50-9618+[2001-1458-d00-62--100-2b1]-9618&alias=bigbird25.cern.ch&noUDP&sock=schedd_1627_90ad>
...
000 (13791365.004.000) 11/20 01:08:49 Job submitted from host: <188.184.90.62:9618?addrs=188.184.90.62-9618+[2001-1458-201-e4--100-238]-9618&alias=bigbird16.cern.ch&noUDP&sock=schedd_5196_9a2f>
...
009 (8782606.004.000) 11/20 01:10:42 Job was aborted.
	via condor_rm (by user evilla)
...
040 (13791365.004.000) 11/20 01:57:30 Started transferring input files
	Transferring to host: <188.185.190.45:9618?addrs=188.185.190.45-9618+[2001-1458-d03-b--100-3]-9618&alias=b9pgpun039.cern.ch&noUDP&sock=slot1_1_9018_bf28_2194>
...
040 (13791365.004.000) 11/20 01:57:30 Finished transferring input files
...
001 (13791365.004.000) 11/20 01:57:31 Job executing on host: <188.185.190.45:9618?addrs=188.185.190.45-9618+[2001-1458-d03-b--100-3]-9618&alias=b9pgpun039.cern.ch&noUDP&sock=startd_8971_f034>
	SlotName: slot1_1@b9pgpun039.cern.ch
	AvailableGPUs = { GPUs_MIG_c4c8740b_3bd8_539e_820b_5c5c83032322 }
	CondorScratchDir = "/pool/condor/dir_2293289"
	Cpus = 11
	Disk = 2048
	GPUs = 1
	GPUs_MIG_c4c8740b_3bd8_539e_820b_5c5c83032322 = [ Id = "MIG-c4c8740b-3bd8-539e-820b-5c5c83032322"; DeviceName = "NVIDIA H100L-2-24C MIG 2g.24gb"; DeviceUuid = "MIG-c4c8740b-3bd8-539e-820b-5c5c83032322"; ComputeUnits = 32; GlobalMemoryMb = 21547 ]
	Memory = 33000
...
006 (13791365.004.000) 11/20 01:57:45 Image size of job updated: 240608
	235  -  MemoryUsage of job (MB)
	240608  -  ResidentSetSize of job (KB)
...
006 (13791365.004.000) 11/20 02:02:46 Image size of job updated: 37930920
	35989  -  MemoryUsage of job (MB)
	36852460  -  ResidentSetSize of job (KB)
...
006 (13791365.004.000) 11/20 02:07:46 Image size of job updated: 37951872
	36878  -  MemoryUsage of job (MB)
	37762552  -  ResidentSetSize of job (KB)
...
006 (13791365.004.000) 11/20 02:12:46 Image size of job updated: 38052716
	36878  -  MemoryUsage of job (MB)
	37762552  -  ResidentSetSize of job (KB)
...
006 (13791365.004.000) 11/20 02:32:48 Image size of job updated: 38148784
	37114  -  MemoryUsage of job (MB)
	38003804  -  ResidentSetSize of job (KB)
...
006 (13791365.004.000) 11/20 02:37:48 Image size of job updated: 38148784
	37114  -  MemoryUsage of job (MB)
	38004384  -  ResidentSetSize of job (KB)
...
006 (13791365.004.000) 11/20 03:12:51 Image size of job updated: 38196532
	37114  -  MemoryUsage of job (MB)
	38004384  -  ResidentSetSize of job (KB)
...
040 (13791365.004.000) 11/20 03:34:15 Started transferring output files
...
040 (13791365.004.000) 11/20 03:34:15 Finished transferring output files
...
005 (13791365.004.000) 11/20 03:34:15 Job terminated.
	(1) Normal termination (return value 0)
		Usr 0 00:14:47, Sys 0 00:13:32  -  Run Remote Usage
		Usr 0 00:00:00, Sys 0 00:00:00  -  Run Local Usage
		Usr 0 00:14:47, Sys 0 00:13:32  -  Total Remote Usage
		Usr 0 00:00:00, Sys 0 00:00:00  -  Total Local Usage
	18094  -  Run Bytes Sent By Job
	1959  -  Run Bytes Received By Job
	18094  -  Total Bytes Sent By Job
	1959  -  Total Bytes Received By Job
	Partitionable Resources :    Usage  Request Allocated Assigned
	   Cpus                 :     0.13       11        11 
	   Disk (KB)            :    43           2      2048 
	   GPUs                 :                 1         1 "MIG-c4c8740b-3bd8-539e-820b-5c5c83032322"
	   Memory (MB)          : 37114       33000     33000 
	   TimeExecute (s)      :  5804                       
	   TimeSlotBusy (s)     :  5805                       

	Job terminated of its own accord at 2025-11-20T02:34:15Z with exit-code 0.
...
