==========================================
Processing: cat000059
==========================================
Category directory: /eos/project-e/ep-nu/evilla/sn-pointing/cat000059
PDF path: /eos/home-e/evilla/dune/sn-tps/neural_networks/electron_direction/three_plane_three_plane_v58_200k_lr_schedule_20251118_110931/cosine_energy_pdf.npz
Script directory: /afs/cern.ch/work/e/evilla/private/dune/data-selection-pipeline


Running all 5 scenarios...


Loading energy-cosine PDF from: /eos/home-e/evilla/dune/sn-tps/neural_networks/electron_direction/three_plane_three_plane_v58_200k_lr_schedule_20251118_110931/cosine_energy_pdf.npz
PDF loaded: 18 energy bins, 100 cosine bins

======================================================================
SCENARIO 1: BEST CASE (True Electron Directions)
======================================================================

Loaded 6792 total clusters
ES main tracks: 316
Valid directions: 316 / 316
After 3 MeV cut: 316 clusters

True neutrino direction: [0.6401, 0.7015, -0.3133]
Using 316 electron directions for MCMC
  MCMC: 50 initial trials, then 10001 chain steps
  Best log-likelihood: 177.55, final proposal_scale: 0.0016

Reconstructed direction: [0.3450, 0.6913, -0.6349]
Angular error: 25.22°

======================================================================
SCENARIO 2: PERFECT CT (ES Main Tracks + ED Network)
======================================================================

Files found: 10 ES, 94 CC

Loaded 3648 matched main-track clusters across U, V, X planes
ES main tracks: 270 (expected ~400 from 10 ES files × 40 events)
  Matched main tracks across all planes: 3648
  ES main tracks: 270

Loading ED model from: /eos/home-e/evilla/dune/sn-tps/neural_networks/electron_direction/three_plane_three_plane_v58_200k_lr_schedule_20251118_110931/checkpoints/model_epoch_12_val_loss_0.8898.keras
ED model input shape: [(None, 128, 32, 1), (None, 128, 32, 1), (None, 128, 32, 1)]
ED model output shape: (None, 3)

Running ED inference on 270 clusters...
ED predictions shape: (270, 3)
After 3 MeV cut: 270 clusters

True neutrino direction: [0.6401, 0.7015, -0.3133]
Using 270 ED-predicted directions for MCMC
  MCMC: 50 initial trials, then 10001 chain steps
  Best log-likelihood: -166.85, final proposal_scale: 0.0052

Reconstructed direction: [0.4188, 0.8424, -0.3390]
Angular error: 15.15°

======================================================================
SCENARIO 3: FULL PIPELINE (CT → ED → MCMC)
======================================================================

Loaded 3980 volumes

Loading CT model from: /eos/user/e/evilla/dune/sn-tps/neural_networks/channel_tagging/ct_volume_v52_batch_reload_20251116_101125/best_model.keras
CT model input shape: (None, 208, 1242, 1)
CT model output shape: (None, 2)

Running CT inference...
Volume input shape: (3980, 208, 1242, 1), dtype: float32
CT selected 370 ES candidates from 3980 volumes
  True ES volumes: 368
  ES prob range: [0.000, 1.000]

Matched 3648 3-plane clusters for ED inference

Loading ED model from: /eos/home-e/evilla/dune/sn-tps/neural_networks/electron_direction/three_plane_three_plane_v58_200k_lr_schedule_20251118_110931/checkpoints/model_epoch_12_val_loss_0.8898.keras
Running ED inference on 3648 clusters...
After 3 MeV cut: 3624 clusters

True neutrino direction: [0.6401, 0.7015, -0.3133]
Using 3624 ED-predicted directions for MCMC
  MCMC: 50 initial trials, then 10001 chain steps
  Best log-likelihood: -5184.26, final proposal_scale: 0.0023

Reconstructed direction: [-0.6890, -0.7210, 0.0738]
Angular error: 165.91°

======================================================================
SCENARIO 3: FULL PIPELINE (CT → ED → MCMC)
======================================================================

Loaded 3980 volumes

Loading CT model from: /eos/user/e/evilla/dune/sn-tps/neural_networks/channel_tagging/ct_volume_v52_batch_reload_20251116_101125/best_model.keras
CT model input shape: (None, 208, 1242, 1)
CT model output shape: (None, 2)

Running CT inference...
Volume input shape: (3980, 208, 1242, 1), dtype: float32
CT selected 370 ES candidates from 3980 volumes
  True ES volumes: 368
  ES prob range: [0.000, 1.000]

Matched 3685 3-plane clusters for ED inference

Loading ED model from: /eos/home-e/evilla/dune/sn-tps/neural_networks/electron_direction/three_plane_three_plane_v58_200k_lr_schedule_20251118_110931/checkpoints/model_epoch_12_val_loss_0.8898.keras
Running ED inference on 3685 clusters...
After 3 MeV cut: 3661 clusters
Using CT weights^1: range [0.562, 1.000]

True neutrino direction: [0.6401, 0.7015, -0.3133]
Using 3661 ED-predicted directions for MCMC
  MCMC: 50 initial trials, then 10001 chain steps
  Best log-likelihood: -5124.74, final proposal_scale: 0.0015

Reconstructed direction: [-0.2770, 0.3935, -0.8766]
Angular error: 68.07°

======================================================================
SCENARIO 3: FULL PIPELINE (CT → ED → MCMC)
======================================================================

Loaded 4019 volumes

Loading CT model from: /eos/user/e/evilla/dune/sn-tps/neural_networks/channel_tagging/ct_volume_v52_batch_reload_20251116_101125/best_model.keras
CT model input shape: (None, 208, 1242, 1)
CT model output shape: (None, 2)

Running CT inference...
Volume input shape: (4019, 208, 1242, 1), dtype: float32
CT selected 371 ES candidates from 4019 volumes
  True ES volumes: 368
  ES prob range: [0.000, 1.000]

Matched 3685 3-plane clusters for ED inference

Loading ED model from: /eos/home-e/evilla/dune/sn-tps/neural_networks/electron_direction/three_plane_three_plane_v58_200k_lr_schedule_20251118_110931/checkpoints/model_epoch_12_val_loss_0.8898.keras
Running ED inference on 3685 clusters...
After 3 MeV cut: 3661 clusters
Using CT weights^2: range [0.316, 1.000]

True neutrino direction: [0.6401, 0.7015, -0.3133]
Using 3661 ED-predicted directions for MCMC
  MCMC: 50 initial trials, then 10001 chain steps
  Best log-likelihood: -4996.64, final proposal_scale: 0.0018

Reconstructed direction: [-0.6890, -0.7210, 0.0738]
Angular error: 165.91°

======================================================================
Using EOS structure: /eos/project-e/ep-nu/evilla/sn-pointing/cat000059/pipeline
======================================================================
Saved best_case: /eos/project-e/ep-nu/evilla/sn-pointing/cat000059/pipeline/cat000059_scenario_best_case.npz
Saved perfect_ct: /eos/project-e/ep-nu/evilla/sn-pointing/cat000059/pipeline/cat000059_scenario_perfect_ct.npz
Saved full_pipeline: /eos/project-e/ep-nu/evilla/sn-pointing/cat000059/pipeline/cat000059_scenario_full_pipeline.npz
Saved weighted_linear: /eos/project-e/ep-nu/evilla/sn-pointing/cat000059/pipeline/cat000059_scenario_weighted_linear.npz
Saved weighted_squared: /eos/project-e/ep-nu/evilla/sn-pointing/cat000059/pipeline/cat000059_scenario_weighted_squared.npz

======================================================================
SUMMARY
======================================================================

BEST_CASE:
  Clusters used: 316
  Angular error: 25.22°
  Log-likelihood: 177.55

PERFECT_CT:
  Clusters used: 270
  Angular error: 15.15°
  Log-likelihood: -166.85

FULL_PIPELINE:
  Clusters used: 3624
  Angular error: 165.91°
  Log-likelihood: -5184.26

WEIGHTED_LINEAR:
  Clusters used: 3661
  Angular error: 68.07°
  Log-likelihood: -5124.74

WEIGHTED_SQUARED:
  Clusters used: 3661
  Angular error: 165.91°
  Log-likelihood: -4996.64

==========================================
SUCCESS: cat000059 completed
==========================================
