==========================================
Processing: cat000135
==========================================
Category directory: /eos/project-e/ep-nu/evilla/sn-pointing/cat000135
PDF path: /eos/home-e/evilla/dune/sn-tps/neural_networks/electron_direction/three_plane_three_plane_v58_200k_lr_schedule_20251118_110931/cosine_energy_pdf.npz
Script directory: /afs/cern.ch/work/e/evilla/private/dune/data-selection-pipeline


Running all 5 scenarios...


Loading energy-cosine PDF from: /eos/home-e/evilla/dune/sn-tps/neural_networks/electron_direction/three_plane_three_plane_v58_200k_lr_schedule_20251118_110931/cosine_energy_pdf.npz
PDF loaded: 18 energy bins, 100 cosine bins

======================================================================
SCENARIO 1: BEST CASE (True Electron Directions)
======================================================================

Loaded 7145 total clusters
ES main tracks: 318
Valid directions: 318 / 318
After 3 MeV cut: 317 clusters

True neutrino direction: [0.0220, 0.5305, -0.8474]
Using 317 electron directions for MCMC
  MCMC: 50 initial trials, then 10001 chain steps
  Best log-likelihood: 139.99, final proposal_scale: 0.0037

Reconstructed direction: [-0.3129, 0.7425, -0.5923]
Angular error: 27.26°

======================================================================
SCENARIO 2: PERFECT CT (ES Main Tracks + ED Network)
======================================================================

Files found: 10 ES, 100 CC

Loaded 3898 matched main-track clusters across U, V, X planes
ES main tracks: 301 (expected ~400 from 10 ES files × 40 events)
  Matched main tracks across all planes: 3898
  ES main tracks: 301

Loading ED model from: /eos/home-e/evilla/dune/sn-tps/neural_networks/electron_direction/three_plane_three_plane_v58_200k_lr_schedule_20251118_110931/checkpoints/model_epoch_12_val_loss_0.8898.keras
ED model input shape: [(None, 128, 32, 1), (None, 128, 32, 1), (None, 128, 32, 1)]
ED model output shape: (None, 3)

Running ED inference on 301 clusters...
ED predictions shape: (301, 3)
After 3 MeV cut: 301 clusters

True neutrino direction: [0.0220, 0.5305, -0.8474]
Using 301 ED-predicted directions for MCMC
  MCMC: 50 initial trials, then 10001 chain steps
  Best log-likelihood: -63.65, final proposal_scale: 0.0066

Reconstructed direction: [-0.2047, 0.5190, -0.8299]
Angular error: 13.07°

======================================================================
SCENARIO 3: FULL PIPELINE (CT → ED → MCMC)
======================================================================

Loaded 4221 volumes

Loading CT model from: /eos/user/e/evilla/dune/sn-tps/neural_networks/channel_tagging/ct_volume_v52_batch_reload_20251116_101125/best_model.keras
CT model input shape: (None, 208, 1242, 1)
CT model output shape: (None, 2)

Running CT inference...
Volume input shape: (4221, 208, 1242, 1), dtype: float32
CT selected 404 ES candidates from 4221 volumes
  True ES volumes: 363
  ES prob range: [0.000, 1.000]

Matched 3898 3-plane clusters for ED inference

Loading ED model from: /eos/home-e/evilla/dune/sn-tps/neural_networks/electron_direction/three_plane_three_plane_v58_200k_lr_schedule_20251118_110931/checkpoints/model_epoch_12_val_loss_0.8898.keras
Running ED inference on 3898 clusters...
After 3 MeV cut: 3872 clusters

True neutrino direction: [0.0220, 0.5305, -0.8474]
Using 3872 ED-predicted directions for MCMC
  MCMC: 50 initial trials, then 10001 chain steps
  Best log-likelihood: -5180.22, final proposal_scale: 0.0029

Reconstructed direction: [-0.3253, 0.4860, -0.8111]
Angular error: 20.27°

======================================================================
SCENARIO 3: FULL PIPELINE (CT → ED → MCMC)
======================================================================

Loaded 4221 volumes

Loading CT model from: /eos/user/e/evilla/dune/sn-tps/neural_networks/channel_tagging/ct_volume_v52_batch_reload_20251116_101125/best_model.keras
CT model input shape: (None, 208, 1242, 1)
CT model output shape: (None, 2)

Running CT inference...
Volume input shape: (4221, 208, 1242, 1), dtype: float32
CT selected 404 ES candidates from 4221 volumes
  True ES volumes: 363
  ES prob range: [0.000, 1.000]

Matched 3898 3-plane clusters for ED inference

Loading ED model from: /eos/home-e/evilla/dune/sn-tps/neural_networks/electron_direction/three_plane_three_plane_v58_200k_lr_schedule_20251118_110931/checkpoints/model_epoch_12_val_loss_0.8898.keras
Running ED inference on 3898 clusters...
After 3 MeV cut: 3872 clusters
Using CT weights^1: range [0.639, 1.000]

True neutrino direction: [0.0220, 0.5305, -0.8474]
Using 3872 ED-predicted directions for MCMC
  MCMC: 50 initial trials, then 10001 chain steps
  Best log-likelihood: -4806.92, final proposal_scale: 0.0002

Reconstructed direction: [-0.3201, 0.4712, -0.8219]
Angular error: 20.05°

======================================================================
SCENARIO 3: FULL PIPELINE (CT → ED → MCMC)
======================================================================

Loaded 4221 volumes

Loading CT model from: /eos/user/e/evilla/dune/sn-tps/neural_networks/channel_tagging/ct_volume_v52_batch_reload_20251116_101125/best_model.keras
CT model input shape: (None, 208, 1242, 1)
CT model output shape: (None, 2)

Running CT inference...
Volume input shape: (4221, 208, 1242, 1), dtype: float32
CT selected 404 ES candidates from 4221 volumes
  True ES volumes: 363
  ES prob range: [0.000, 1.000]

Matched 3898 3-plane clusters for ED inference

Loading ED model from: /eos/home-e/evilla/dune/sn-tps/neural_networks/electron_direction/three_plane_three_plane_v58_200k_lr_schedule_20251118_110931/checkpoints/model_epoch_12_val_loss_0.8898.keras
Running ED inference on 3898 clusters...
After 3 MeV cut: 3872 clusters
Using CT weights^2: range [0.409, 1.000]

True neutrino direction: [0.0220, 0.5305, -0.8474]
Using 3872 ED-predicted directions for MCMC
  MCMC: 50 initial trials, then 10001 chain steps
  Best log-likelihood: -4511.74, final proposal_scale: 0.0022

Reconstructed direction: [-0.3401, 0.5425, -0.7681]
Angular error: 21.37°

======================================================================
Using EOS structure: /eos/project-e/ep-nu/evilla/sn-pointing/cat000135/pipeline
======================================================================
Saved best_case: /eos/project-e/ep-nu/evilla/sn-pointing/cat000135/pipeline/cat000135_scenario_best_case.npz
Saved perfect_ct: /eos/project-e/ep-nu/evilla/sn-pointing/cat000135/pipeline/cat000135_scenario_perfect_ct.npz
Saved full_pipeline: /eos/project-e/ep-nu/evilla/sn-pointing/cat000135/pipeline/cat000135_scenario_full_pipeline.npz
Saved weighted_linear: /eos/project-e/ep-nu/evilla/sn-pointing/cat000135/pipeline/cat000135_scenario_weighted_linear.npz
Saved weighted_squared: /eos/project-e/ep-nu/evilla/sn-pointing/cat000135/pipeline/cat000135_scenario_weighted_squared.npz

======================================================================
SUMMARY
======================================================================

BEST_CASE:
  Clusters used: 317
  Angular error: 27.26°
  Log-likelihood: 139.99

PERFECT_CT:
  Clusters used: 301
  Angular error: 13.07°
  Log-likelihood: -63.65

FULL_PIPELINE:
  Clusters used: 3872
  Angular error: 20.27°
  Log-likelihood: -5180.22

WEIGHTED_LINEAR:
  Clusters used: 3872
  Angular error: 20.05°
  Log-likelihood: -4806.92

WEIGHTED_SQUARED:
  Clusters used: 3872
  Angular error: 21.37°
  Log-likelihood: -4511.74

==========================================
SUCCESS: cat000135 completed
==========================================
