==========================================
Processing: cat000096
==========================================
Category directory: /eos/project-e/ep-nu/evilla/sn-pointing/cat000096
PDF path: /eos/home-e/evilla/dune/sn-tps/neural_networks/electron_direction/three_plane_three_plane_v58_200k_lr_schedule_20251118_110931/cosine_energy_pdf.npz
Script directory: /afs/cern.ch/work/e/evilla/private/dune/data-selection-pipeline


Running all 5 scenarios...


Loading energy-cosine PDF from: /eos/home-e/evilla/dune/sn-tps/neural_networks/electron_direction/three_plane_three_plane_v58_200k_lr_schedule_20251118_110931/cosine_energy_pdf.npz
PDF loaded: 18 energy bins, 100 cosine bins

======================================================================
SCENARIO 1: BEST CASE (True Electron Directions)
======================================================================

Loaded 7030 total clusters
ES main tracks: 314
Valid directions: 314 / 314
After 3 MeV cut: 314 clusters

True neutrino direction: [-0.1979, -0.9413, 0.2734]
Using 314 electron directions for MCMC
  MCMC: 50 initial trials, then 10001 chain steps
  Best log-likelihood: 180.53, final proposal_scale: 0.0034

Reconstructed direction: [-0.4818, -0.7709, 0.4167]
Angular error: 20.78°

======================================================================
SCENARIO 2: PERFECT CT (ES Main Tracks + ED Network)
======================================================================

Files found: 10 ES, 98 CC

Loaded 3833 matched main-track clusters across U, V, X planes
ES main tracks: 299 (expected ~400 from 10 ES files × 40 events)
  Matched main tracks across all planes: 3833
  ES main tracks: 299

Loading ED model from: /eos/home-e/evilla/dune/sn-tps/neural_networks/electron_direction/three_plane_three_plane_v58_200k_lr_schedule_20251118_110931/checkpoints/model_epoch_12_val_loss_0.8898.keras
ED model input shape: [(None, 128, 32, 1), (None, 128, 32, 1), (None, 128, 32, 1)]
ED model output shape: (None, 3)

Running ED inference on 299 clusters...
ED predictions shape: (299, 3)
After 3 MeV cut: 299 clusters

True neutrino direction: [-0.1979, -0.9413, 0.2734]
Using 299 ED-predicted directions for MCMC
  MCMC: 50 initial trials, then 10001 chain steps
  Best log-likelihood: -174.28, final proposal_scale: 0.0247

Reconstructed direction: [-0.3589, -0.9257, 0.1196]
Angular error: 12.82°

======================================================================
SCENARIO 3: FULL PIPELINE (CT → ED → MCMC)
======================================================================

Loaded 4164 volumes

Loading CT model from: /eos/user/e/evilla/dune/sn-tps/neural_networks/channel_tagging/ct_volume_v52_batch_reload_20251116_101125/best_model.keras
CT model input shape: (None, 208, 1242, 1)
CT model output shape: (None, 2)

Running CT inference...
Volume input shape: (4164, 208, 1242, 1), dtype: float32
CT selected 401 ES candidates from 4164 volumes
  True ES volumes: 377
  ES prob range: [0.000, 1.000]

Matched 3833 3-plane clusters for ED inference

Loading ED model from: /eos/home-e/evilla/dune/sn-tps/neural_networks/electron_direction/three_plane_three_plane_v58_200k_lr_schedule_20251118_110931/checkpoints/model_epoch_12_val_loss_0.8898.keras
Running ED inference on 3833 clusters...
After 3 MeV cut: 3813 clusters

True neutrino direction: [-0.1979, -0.9413, 0.2734]
Using 3813 ED-predicted directions for MCMC
  MCMC: 50 initial trials, then 10001 chain steps
  Best log-likelihood: -5167.32, final proposal_scale: 0.0063

Reconstructed direction: [-0.3186, 0.5863, -0.7448]
Angular error: 133.83°

======================================================================
SCENARIO 3: FULL PIPELINE (CT → ED → MCMC)
======================================================================

Loaded 4164 volumes

Loading CT model from: /eos/user/e/evilla/dune/sn-tps/neural_networks/channel_tagging/ct_volume_v52_batch_reload_20251116_101125/best_model.keras
CT model input shape: (None, 208, 1242, 1)
CT model output shape: (None, 2)

Running CT inference...
Volume input shape: (4164, 208, 1242, 1), dtype: float32
CT selected 401 ES candidates from 4164 volumes
  True ES volumes: 377
  ES prob range: [0.000, 1.000]

Matched 3833 3-plane clusters for ED inference

Loading ED model from: /eos/home-e/evilla/dune/sn-tps/neural_networks/electron_direction/three_plane_three_plane_v58_200k_lr_schedule_20251118_110931/checkpoints/model_epoch_12_val_loss_0.8898.keras
Running ED inference on 3833 clusters...
After 3 MeV cut: 3813 clusters
Using CT weights^1: range [0.701, 1.000]

True neutrino direction: [-0.1979, -0.9413, 0.2734]
Using 3813 ED-predicted directions for MCMC
  MCMC: 50 initial trials, then 10001 chain steps
  Best log-likelihood: -5064.47, final proposal_scale: 0.0063

Reconstructed direction: [-0.3185, 0.5864, -0.7448]
Angular error: 133.83°

======================================================================
SCENARIO 3: FULL PIPELINE (CT → ED → MCMC)
======================================================================

Loaded 4164 volumes

Loading CT model from: /eos/user/e/evilla/dune/sn-tps/neural_networks/channel_tagging/ct_volume_v52_batch_reload_20251116_101125/best_model.keras
CT model input shape: (None, 208, 1242, 1)
CT model output shape: (None, 2)

Running CT inference...
Volume input shape: (4164, 208, 1242, 1), dtype: float32
CT selected 401 ES candidates from 4164 volumes
  True ES volumes: 377
  ES prob range: [0.000, 1.000]

Matched 3833 3-plane clusters for ED inference

Loading ED model from: /eos/home-e/evilla/dune/sn-tps/neural_networks/electron_direction/three_plane_three_plane_v58_200k_lr_schedule_20251118_110931/checkpoints/model_epoch_12_val_loss_0.8898.keras
Running ED inference on 3833 clusters...
After 3 MeV cut: 3813 clusters
Using CT weights^2: range [0.491, 1.000]

True neutrino direction: [-0.1979, -0.9413, 0.2734]
Using 3813 ED-predicted directions for MCMC
  MCMC: 50 initial trials, then 10001 chain steps
  Best log-likelihood: -4962.88, final proposal_scale: 0.0042

Reconstructed direction: [-0.2469, -0.8429, -0.4781]
Angular error: 44.64°

======================================================================
Using EOS structure: /eos/project-e/ep-nu/evilla/sn-pointing/cat000096/pipeline
======================================================================
Saved best_case: /eos/project-e/ep-nu/evilla/sn-pointing/cat000096/pipeline/cat000096_scenario_best_case.npz
Saved perfect_ct: /eos/project-e/ep-nu/evilla/sn-pointing/cat000096/pipeline/cat000096_scenario_perfect_ct.npz
Saved full_pipeline: /eos/project-e/ep-nu/evilla/sn-pointing/cat000096/pipeline/cat000096_scenario_full_pipeline.npz
Saved weighted_linear: /eos/project-e/ep-nu/evilla/sn-pointing/cat000096/pipeline/cat000096_scenario_weighted_linear.npz
Saved weighted_squared: /eos/project-e/ep-nu/evilla/sn-pointing/cat000096/pipeline/cat000096_scenario_weighted_squared.npz

======================================================================
SUMMARY
======================================================================

BEST_CASE:
  Clusters used: 314
  Angular error: 20.78°
  Log-likelihood: 180.53

PERFECT_CT:
  Clusters used: 299
  Angular error: 12.82°
  Log-likelihood: -174.28

FULL_PIPELINE:
  Clusters used: 3813
  Angular error: 133.83°
  Log-likelihood: -5167.32

WEIGHTED_LINEAR:
  Clusters used: 3813
  Angular error: 133.83°
  Log-likelihood: -5064.47

WEIGHTED_SQUARED:
  Clusters used: 3813
  Angular error: 44.64°
  Log-likelihood: -4962.88

==========================================
SUCCESS: cat000096 completed
==========================================
