==========================================
Processing: cat000076
==========================================
Category directory: /eos/project-e/ep-nu/evilla/sn-pointing/cat000076
PDF path: /eos/home-e/evilla/dune/sn-tps/neural_networks/electron_direction/three_plane_three_plane_v58_200k_lr_schedule_20251118_110931/cosine_energy_pdf.npz
Script directory: /afs/cern.ch/work/e/evilla/private/dune/data-selection-pipeline


Running all 5 scenarios...


Loading energy-cosine PDF from: /eos/home-e/evilla/dune/sn-tps/neural_networks/electron_direction/three_plane_three_plane_v58_200k_lr_schedule_20251118_110931/cosine_energy_pdf.npz
PDF loaded: 18 energy bins, 100 cosine bins

======================================================================
SCENARIO 1: BEST CASE (True Electron Directions)
======================================================================

Loaded 7090 total clusters
ES main tracks: 322
Valid directions: 322 / 322
After 3 MeV cut: 321 clusters

True neutrino direction: [0.5805, -0.8139, -0.0251]
Using 321 electron directions for MCMC
  MCMC: 50 initial trials, then 10001 chain steps
  Best log-likelihood: 212.42, final proposal_scale: 0.0026

Reconstructed direction: [0.8239, -0.5504, 0.1353]
Angular error: 22.66°

======================================================================
SCENARIO 2: PERFECT CT (ES Main Tracks + ED Network)
======================================================================

Files found: 10 ES, 99 CC

Loaded 3823 matched main-track clusters across U, V, X planes
ES main tracks: 293 (expected ~400 from 10 ES files × 40 events)
  Matched main tracks across all planes: 3823
  ES main tracks: 293

Loading ED model from: /eos/home-e/evilla/dune/sn-tps/neural_networks/electron_direction/three_plane_three_plane_v58_200k_lr_schedule_20251118_110931/checkpoints/model_epoch_12_val_loss_0.8898.keras
ED model input shape: [(None, 128, 32, 1), (None, 128, 32, 1), (None, 128, 32, 1)]
ED model output shape: (None, 3)

Running ED inference on 293 clusters...
ED predictions shape: (293, 3)
After 3 MeV cut: 292 clusters

True neutrino direction: [0.5805, -0.8139, -0.0251]
Using 292 ED-predicted directions for MCMC
  MCMC: 50 initial trials, then 10001 chain steps
  Best log-likelihood: -215.43, final proposal_scale: 0.0116

Reconstructed direction: [0.5011, -0.8021, 0.3249]
Angular error: 20.69°

======================================================================
SCENARIO 3: FULL PIPELINE (CT → ED → MCMC)
======================================================================

Loaded 4173 volumes

Loading CT model from: /eos/user/e/evilla/dune/sn-tps/neural_networks/channel_tagging/ct_volume_v52_batch_reload_20251116_101125/best_model.keras
CT model input shape: (None, 208, 1242, 1)
CT model output shape: (None, 2)

Running CT inference...
Volume input shape: (4173, 208, 1242, 1), dtype: float32
CT selected 417 ES candidates from 4173 volumes
  True ES volumes: 362
  ES prob range: [0.000, 1.000]

Matched 3823 3-plane clusters for ED inference

Loading ED model from: /eos/home-e/evilla/dune/sn-tps/neural_networks/electron_direction/three_plane_three_plane_v58_200k_lr_schedule_20251118_110931/checkpoints/model_epoch_12_val_loss_0.8898.keras
Running ED inference on 3823 clusters...
After 3 MeV cut: 3801 clusters

True neutrino direction: [0.5805, -0.8139, -0.0251]
Using 3801 ED-predicted directions for MCMC
  MCMC: 50 initial trials, then 10001 chain steps
  Best log-likelihood: -5345.21, final proposal_scale: 0.0025

Reconstructed direction: [0.1945, -0.4766, 0.8573]
Angular error: 61.36°

======================================================================
SCENARIO 3: FULL PIPELINE (CT → ED → MCMC)
======================================================================

Loaded 4173 volumes

Loading CT model from: /eos/user/e/evilla/dune/sn-tps/neural_networks/channel_tagging/ct_volume_v52_batch_reload_20251116_101125/best_model.keras
CT model input shape: (None, 208, 1242, 1)
CT model output shape: (None, 2)

Running CT inference...
Volume input shape: (4173, 208, 1242, 1), dtype: float32
CT selected 417 ES candidates from 4173 volumes
  True ES volumes: 362
  ES prob range: [0.000, 1.000]

Matched 3823 3-plane clusters for ED inference

Loading ED model from: /eos/home-e/evilla/dune/sn-tps/neural_networks/electron_direction/three_plane_three_plane_v58_200k_lr_schedule_20251118_110931/checkpoints/model_epoch_12_val_loss_0.8898.keras
Running ED inference on 3823 clusters...
After 3 MeV cut: 3801 clusters
Using CT weights^1: range [0.512, 1.000]

True neutrino direction: [0.5805, -0.8139, -0.0251]
Using 3801 ED-predicted directions for MCMC
  MCMC: 50 initial trials, then 10001 chain steps
  Best log-likelihood: -4954.69, final proposal_scale: 0.0037

Reconstructed direction: [-0.1915, 0.4671, -0.8632]
Angular error: 118.01°

======================================================================
SCENARIO 3: FULL PIPELINE (CT → ED → MCMC)
======================================================================

Loaded 4173 volumes

Loading CT model from: /eos/user/e/evilla/dune/sn-tps/neural_networks/channel_tagging/ct_volume_v52_batch_reload_20251116_101125/best_model.keras
CT model input shape: (None, 208, 1242, 1)
CT model output shape: (None, 2)

Running CT inference...
Volume input shape: (4173, 208, 1242, 1), dtype: float32
CT selected 417 ES candidates from 4173 volumes
  True ES volumes: 362
  ES prob range: [0.000, 1.000]

Matched 3823 3-plane clusters for ED inference

Loading ED model from: /eos/home-e/evilla/dune/sn-tps/neural_networks/electron_direction/three_plane_three_plane_v58_200k_lr_schedule_20251118_110931/checkpoints/model_epoch_12_val_loss_0.8898.keras
Running ED inference on 3823 clusters...
After 3 MeV cut: 3801 clusters
Using CT weights^2: range [0.262, 1.000]

True neutrino direction: [0.5805, -0.8139, -0.0251]
Using 3801 ED-predicted directions for MCMC
  MCMC: 50 initial trials, then 10001 chain steps
  Best log-likelihood: -4672.90, final proposal_scale: 0.0037

Reconstructed direction: [0.1915, -0.4717, 0.8607]
Angular error: 61.74°

======================================================================
Using EOS structure: /eos/project-e/ep-nu/evilla/sn-pointing/cat000076/pipeline
======================================================================
Saved best_case: /eos/project-e/ep-nu/evilla/sn-pointing/cat000076/pipeline/cat000076_scenario_best_case.npz
Saved perfect_ct: /eos/project-e/ep-nu/evilla/sn-pointing/cat000076/pipeline/cat000076_scenario_perfect_ct.npz
Saved full_pipeline: /eos/project-e/ep-nu/evilla/sn-pointing/cat000076/pipeline/cat000076_scenario_full_pipeline.npz
Saved weighted_linear: /eos/project-e/ep-nu/evilla/sn-pointing/cat000076/pipeline/cat000076_scenario_weighted_linear.npz
Saved weighted_squared: /eos/project-e/ep-nu/evilla/sn-pointing/cat000076/pipeline/cat000076_scenario_weighted_squared.npz

======================================================================
SUMMARY
======================================================================

BEST_CASE:
  Clusters used: 321
  Angular error: 22.66°
  Log-likelihood: 212.42

PERFECT_CT:
  Clusters used: 292
  Angular error: 20.69°
  Log-likelihood: -215.43

FULL_PIPELINE:
  Clusters used: 3801
  Angular error: 61.36°
  Log-likelihood: -5345.21

WEIGHTED_LINEAR:
  Clusters used: 3801
  Angular error: 118.01°
  Log-likelihood: -4954.69

WEIGHTED_SQUARED:
  Clusters used: 3801
  Angular error: 61.74°
  Log-likelihood: -4672.90

==========================================
SUCCESS: cat000076 completed
==========================================
