==========================================
Processing: cat000048
==========================================
Category directory: /eos/project-e/ep-nu/evilla/sn-pointing/cat000048
PDF path: /eos/home-e/evilla/dune/sn-tps/neural_networks/electron_direction/three_plane_three_plane_v58_200k_lr_schedule_20251118_110931/cosine_energy_pdf.npz
Script directory: /afs/cern.ch/work/e/evilla/private/dune/data-selection-pipeline


Running all 5 scenarios...


Loading energy-cosine PDF from: /eos/home-e/evilla/dune/sn-tps/neural_networks/electron_direction/three_plane_three_plane_v58_200k_lr_schedule_20251118_110931/cosine_energy_pdf.npz
PDF loaded: 18 energy bins, 100 cosine bins

======================================================================
SCENARIO 1: BEST CASE (True Electron Directions)
======================================================================

Loaded 3687 total clusters
ES main tracks: 303
Valid directions: 303 / 303
After 3 MeV cut: 303 clusters

True neutrino direction: [-0.3063, 0.9069, -0.2894]
Using 303 electron directions for MCMC
  MCMC: 50 initial trials, then 10001 chain steps
  Best log-likelihood: 169.86, final proposal_scale: 0.0018

Reconstructed direction: [0.1277, 0.9802, -0.1513]
Angular error: 26.67°

======================================================================
SCENARIO 2: PERFECT CT (ES Main Tracks + ED Network)
======================================================================

Loaded 2060 matched main-track clusters across U, V, X planes
ES main tracks: 285 (expected ~320 from 8 ES files × 40 events)
  Matched main tracks across all planes: 2060
  ES main tracks: 285

Loading ED model from: /eos/home-e/evilla/dune/sn-tps/neural_networks/electron_direction/three_plane_three_plane_v58_200k_lr_schedule_20251118_110931/checkpoints/model_epoch_12_val_loss_0.8898.keras
ED model input shape: [(None, 128, 32, 1), (None, 128, 32, 1), (None, 128, 32, 1)]
ED model output shape: (None, 3)

Running ED inference on 285 clusters...
ED predictions shape: (285, 3)
After 3 MeV cut: 285 clusters

True neutrino direction: [-0.3063, 0.9069, -0.2894]
Using 285 ED-predicted directions for MCMC
  MCMC: 50 initial trials, then 10001 chain steps
  Best log-likelihood: -129.11, final proposal_scale: 0.0066

Reconstructed direction: [-0.4882, 0.8663, -0.1058]
Angular error: 15.03°

======================================================================
SCENARIO 3: FULL PIPELINE (CT → ED → MCMC)
======================================================================

Loaded 2240 volumes

Loading CT model from: /eos/user/e/evilla/dune/sn-tps/neural_networks/channel_tagging/ct_volume_v52_batch_reload_20251116_101125/best_model.keras
CT model input shape: (None, 208, 1242, 1)
CT model output shape: (None, 2)

Running CT inference...
Volume input shape: (2240, 208, 1242, 1), dtype: float32
CT selected 231 ES candidates from 2240 volumes
  True ES volumes: 349
  ES prob range: [0.000, 1.000]

Matched 2060 3-plane clusters for ED inference

Loading ED model from: /eos/home-e/evilla/dune/sn-tps/neural_networks/electron_direction/three_plane_three_plane_v58_200k_lr_schedule_20251118_110931/checkpoints/model_epoch_12_val_loss_0.8898.keras
Running ED inference on 2060 clusters...
After 3 MeV cut: 2043 clusters

True neutrino direction: [-0.3063, 0.9069, -0.2894]
Using 2043 ED-predicted directions for MCMC
  MCMC: 50 initial trials, then 10001 chain steps
  Best log-likelihood: -2722.78, final proposal_scale: 0.0052

Reconstructed direction: [-0.4432, 0.4480, -0.7764]
Angular error: 39.94°

======================================================================
SCENARIO 3: FULL PIPELINE (CT → ED → MCMC)
======================================================================

Loaded 2240 volumes

Loading CT model from: /eos/user/e/evilla/dune/sn-tps/neural_networks/channel_tagging/ct_volume_v52_batch_reload_20251116_101125/best_model.keras
CT model input shape: (None, 208, 1242, 1)
CT model output shape: (None, 2)

Running CT inference...
Volume input shape: (2240, 208, 1242, 1), dtype: float32
CT selected 231 ES candidates from 2240 volumes
  True ES volumes: 349
  ES prob range: [0.000, 1.000]

Matched 2060 3-plane clusters for ED inference

Loading ED model from: /eos/home-e/evilla/dune/sn-tps/neural_networks/electron_direction/three_plane_three_plane_v58_200k_lr_schedule_20251118_110931/checkpoints/model_epoch_12_val_loss_0.8898.keras
Running ED inference on 2060 clusters...
After 3 MeV cut: 2043 clusters
Using CT weights^1: range [0.553, 1.000]

True neutrino direction: [-0.3063, 0.9069, -0.2894]
Using 2043 ED-predicted directions for MCMC
  MCMC: 50 initial trials, then 10001 chain steps
  Best log-likelihood: -2536.96, final proposal_scale: 0.0052

Reconstructed direction: [-0.4433, 0.4480, -0.7764]
Angular error: 39.94°

======================================================================
SCENARIO 3: FULL PIPELINE (CT → ED → MCMC)
======================================================================

Loaded 2240 volumes

Loading CT model from: /eos/user/e/evilla/dune/sn-tps/neural_networks/channel_tagging/ct_volume_v52_batch_reload_20251116_101125/best_model.keras
CT model input shape: (None, 208, 1242, 1)
CT model output shape: (None, 2)

Running CT inference...
Volume input shape: (2240, 208, 1242, 1), dtype: float32
CT selected 231 ES candidates from 2240 volumes
  True ES volumes: 349
  ES prob range: [0.000, 1.000]

Matched 2060 3-plane clusters for ED inference

Loading ED model from: /eos/home-e/evilla/dune/sn-tps/neural_networks/electron_direction/three_plane_three_plane_v58_200k_lr_schedule_20251118_110931/checkpoints/model_epoch_12_val_loss_0.8898.keras
Running ED inference on 2060 clusters...
After 3 MeV cut: 2043 clusters
Using CT weights^2: range [0.306, 1.000]

True neutrino direction: [-0.3063, 0.9069, -0.2894]
Using 2043 ED-predicted directions for MCMC
  MCMC: 50 initial trials, then 10001 chain steps
  Best log-likelihood: -2399.82, final proposal_scale: 0.0058

Reconstructed direction: [-0.4432, 0.4481, -0.7764]
Angular error: 39.93°

======================================================================
Using EOS structure: /eos/project-e/ep-nu/evilla/sn-pointing/cat000048/pipeline
======================================================================
Saved best_case: /eos/project-e/ep-nu/evilla/sn-pointing/cat000048/pipeline/cat000048_scenario_best_case.npz
Saved perfect_ct: /eos/project-e/ep-nu/evilla/sn-pointing/cat000048/pipeline/cat000048_scenario_perfect_ct.npz
Saved full_pipeline: /eos/project-e/ep-nu/evilla/sn-pointing/cat000048/pipeline/cat000048_scenario_full_pipeline.npz
Saved weighted_linear: /eos/project-e/ep-nu/evilla/sn-pointing/cat000048/pipeline/cat000048_scenario_weighted_linear.npz
Saved weighted_squared: /eos/project-e/ep-nu/evilla/sn-pointing/cat000048/pipeline/cat000048_scenario_weighted_squared.npz

======================================================================
SUMMARY
======================================================================

BEST_CASE:
  Clusters used: 303
  Angular error: 26.67°
  Log-likelihood: 169.86

PERFECT_CT:
  Clusters used: 285
  Angular error: 15.03°
  Log-likelihood: -129.11

FULL_PIPELINE:
  Clusters used: 2043
  Angular error: 39.94°
  Log-likelihood: -2722.78

WEIGHTED_LINEAR:
  Clusters used: 2043
  Angular error: 39.94°
  Log-likelihood: -2536.96

WEIGHTED_SQUARED:
  Clusters used: 2043
  Angular error: 39.93°
  Log-likelihood: -2399.82

==========================================
SUCCESS: cat000048 completed
==========================================
