000 (8782603.014.000) 11/20 00:44:09 Job submitted from host: <188.185.6.50:9618?addrs=188.185.6.50-9618+[2001-1458-d00-62--100-2b1]-9618&alias=bigbird25.cern.ch&noUDP&sock=schedd_1627_90ad>
...
000 (8782605.014.000) 11/20 00:44:34 Job submitted from host: <188.185.6.50:9618?addrs=188.185.6.50-9618+[2001-1458-d00-62--100-2b1]-9618&alias=bigbird25.cern.ch&noUDP&sock=schedd_1627_90ad>
...
040 (8782603.014.000) 11/20 00:44:55 Started transferring input files
	Transferring to host: <188.185.93.129:9618?addrs=188.185.93.129-9618+[2001-1458-d00-6c--100-68]-9618&alias=b9g57n0854.cern.ch&noUDP&sock=slot1_1_16690_5d60_8839>
...
040 (8782603.014.000) 11/20 00:44:55 Finished transferring input files
...
001 (8782603.014.000) 11/20 00:44:56 Job executing on host: <188.185.93.129:9618?addrs=188.185.93.129-9618+[2001-1458-d00-6c--100-68]-9618&alias=b9g57n0854.cern.ch&noUDP&sock=startd_15797_01ac>
	SlotName: slot1_1@b9g57n0854.cern.ch
	AvailableGPUs = { GPUs_GPU_ba6c27ee }
	CondorScratchDir = "/pool/condor/dir_1153487"
	Cpus = 11
	Disk = 2048
	GPUs = 1
	GPUs_GPU_ba6c27ee = [ Id = "GPU-ba6c27ee"; ClockMhz = 1410.0; Capability = 8.0; CoresPerCU = 64; DeviceName = "NVIDIA A100-PCIE-40GB"; DeviceUuid = "ba6c27ee-83b9-8c1a-8580-9009ce83a62d"; ECCEnabled = true; ComputeUnits = 108; DriverVersion = 13.0; DevicePciBusId = "0000:06:00.0"; GlobalMemoryMb = 40441; MaxSupportedVersion = 13000 ]
	Memory = 33000
...
006 (8782603.014.000) 11/20 00:45:09 Image size of job updated: 178576
	175  -  MemoryUsage of job (MB)
	178576  -  ResidentSetSize of job (KB)
...
006 (8782603.014.000) 11/20 00:50:09 Image size of job updated: 54260172
	25904  -  MemoryUsage of job (MB)
	26525664  -  ResidentSetSize of job (KB)
...
006 (8782603.014.000) 11/20 00:55:10 Image size of job updated: 54509276
	25905  -  MemoryUsage of job (MB)
	26526516  -  ResidentSetSize of job (KB)
...
040 (8782603.014.000) 11/20 00:55:33 Started transferring output files
...
040 (8782603.014.000) 11/20 00:55:33 Finished transferring output files
...
005 (8782603.014.000) 11/20 00:55:33 Job terminated.
	(1) Normal termination (return value 0)
		Usr 0 00:23:17, Sys 0 00:03:50  -  Run Remote Usage
		Usr 0 00:00:00, Sys 0 00:00:00  -  Run Local Usage
		Usr 0 00:23:17, Sys 0 00:03:50  -  Total Remote Usage
		Usr 0 00:00:00, Sys 0 00:00:00  -  Total Local Usage
	18081  -  Run Bytes Sent By Job
	1959  -  Run Bytes Received By Job
	18081  -  Total Bytes Sent By Job
	1959  -  Total Bytes Received By Job
	Partitionable Resources :    Usage  Request Allocated Assigned
	   Cpus                 :     0.97       11        11 
	   Disk (KB)            :    43           2      2048 
	   GPUs                 :     0           1         1 "GPU-ba6c27ee"
	   GpusMemory (MB)      :   522                       
	   Memory (MB)          : 25905       33000     33000 
	   TimeExecute (s)      :   637                       
	   TimeSlotBusy (s)     :   638                       

	Job terminated of its own accord at 2025-11-19T23:55:33Z with exit-code 0.
...
000 (13791364.014.000) 11/20 01:08:49 Job submitted from host: <188.184.90.62:9618?addrs=188.184.90.62-9618+[2001-1458-201-e4--100-238]-9618&alias=bigbird16.cern.ch&noUDP&sock=schedd_5196_9a2f>
...
009 (8782605.014.000) 11/20 01:10:27 Job was aborted.
	via condor_rm (by user evilla)
...
040 (13791364.014.000) 11/20 01:21:06 Started transferring input files
	Transferring to host: <188.185.190.108:9618?addrs=188.185.190.108-9618+[2001-1458-d03-b--100-2ff]-9618&alias=b9pgpun015.cern.ch&noUDP&sock=slot1_3_1615979_24ca_2592>
...
040 (13791364.014.000) 11/20 01:21:06 Finished transferring input files
...
001 (13791364.014.000) 11/20 01:21:07 Job executing on host: <188.185.190.108:9618?addrs=188.185.190.108-9618+[2001-1458-d03-b--100-2ff]-9618&alias=b9pgpun015.cern.ch&noUDP&sock=startd_16497_25f7>
	SlotName: slot1_3@b9pgpun015.cern.ch
	AvailableGPUs = { GPUs_GPU_6c758778 }
	CondorScratchDir = "/pool/condor/dir_618171"
	Cpus = 11
	Disk = 7159
	GPUs = 1
	GPUs_GPU_6c758778 = [ Id = "GPU-6c758778"; ClockMhz = 1785.0; Capability = 9.0; CoresPerCU = 128; DeviceName = "NVIDIA H100 NVL"; DeviceUuid = "6c758778-f190-832d-194b-c3fac08a8c33"; ECCEnabled = true; ComputeUnits = 132; DriverVersion = 13.0; DevicePciBusId = "0000:AE:00.0"; GlobalMemoryMb = 95320; MaxSupportedVersion = 13000 ]
	Memory = 33000
...
006 (13791364.014.000) 11/20 01:21:20 Image size of job updated: 354596
	347  -  MemoryUsage of job (MB)
	354596  -  ResidentSetSize of job (KB)
...
006 (13791364.014.000) 11/20 01:26:20 Image size of job updated: 62008612
	11291  -  MemoryUsage of job (MB)
	11561120  -  ResidentSetSize of job (KB)
...
006 (13791364.014.000) 11/20 01:28:37 Image size of job updated: 62793380
	11292  -  MemoryUsage of job (MB)
	11562100  -  ResidentSetSize of job (KB)
...
040 (13791364.014.000) 11/20 01:28:37 Started transferring output files
...
040 (13791364.014.000) 11/20 01:28:37 Finished transferring output files
...
005 (13791364.014.000) 11/20 01:28:37 Job terminated.
	(1) Normal termination (return value 0)
		Usr 0 00:35:33, Sys 0 00:02:15  -  Run Remote Usage
		Usr 0 00:00:00, Sys 0 00:00:00  -  Run Local Usage
		Usr 0 00:35:33, Sys 0 00:02:15  -  Total Remote Usage
		Usr 0 00:00:00, Sys 0 00:00:00  -  Total Local Usage
	18081  -  Run Bytes Sent By Job
	1959  -  Run Bytes Received By Job
	18081  -  Total Bytes Sent By Job
	1959  -  Total Bytes Received By Job
	Partitionable Resources :    Usage  Request Allocated Assigned
	   Cpus                 :        0       11        11 
	   Disk (KB)            :       44        2      7159 
	   GPUs                 :                 1         1 "GPU-6c758778"
	   Memory (MB)          :    11292    33000     33000 
	   TimeExecute (s)      :      450                    
	   TimeSlotBusy (s)     :      451                    

	Job terminated of its own accord at 2025-11-20T00:28:37Z with exit-code 0.
...
