000 (8782603.012.000) 11/20 00:44:09 Job submitted from host: <188.185.6.50:9618?addrs=188.185.6.50-9618+[2001-1458-d00-62--100-2b1]-9618&alias=bigbird25.cern.ch&noUDP&sock=schedd_1627_90ad>
...
000 (8782605.012.000) 11/20 00:44:34 Job submitted from host: <188.185.6.50:9618?addrs=188.185.6.50-9618+[2001-1458-d00-62--100-2b1]-9618&alias=bigbird25.cern.ch&noUDP&sock=schedd_1627_90ad>
...
040 (8782603.012.000) 11/20 00:44:56 Started transferring input files
	Transferring to host: <188.185.93.169:9618?addrs=188.185.93.169-9618+[2001-1458-d00-6c--100-19e]-9618&alias=b9g57n2934.cern.ch&noUDP&sock=slot1_1_20491_835a_8896>
...
040 (8782603.012.000) 11/20 00:44:56 Finished transferring input files
...
001 (8782603.012.000) 11/20 00:44:57 Job executing on host: <188.185.93.169:9618?addrs=188.185.93.169-9618+[2001-1458-d00-6c--100-19e]-9618&alias=b9g57n2934.cern.ch&noUDP&sock=startd_20444_7646>
	SlotName: slot1_1@b9g57n2934.cern.ch
	AvailableGPUs = { GPUs_GPU_1d17f189 }
	CondorScratchDir = "/pool/condor/dir_2209699"
	Cpus = 11
	Disk = 2049
	GPUs = 1
	GPUs_GPU_1d17f189 = [ Id = "GPU-1d17f189"; ClockMhz = 1410.0; Capability = 8.0; CoresPerCU = 64; DeviceName = "NVIDIA A100-PCIE-40GB"; DeviceUuid = "1d17f189-4819-0334-33fe-0cacfb19687c"; ECCEnabled = true; ComputeUnits = 108; DriverVersion = 13.0; DevicePciBusId = "0000:06:00.0"; GlobalMemoryMb = 40441; MaxSupportedVersion = 13000 ]
	Memory = 33000
...
006 (8782603.012.000) 11/20 00:45:10 Image size of job updated: 193364
	189  -  MemoryUsage of job (MB)
	193364  -  ResidentSetSize of job (KB)
...
006 (8782603.012.000) 11/20 00:50:10 Image size of job updated: 55834652
	31121  -  MemoryUsage of job (MB)
	31867472  -  ResidentSetSize of job (KB)
...
006 (8782603.012.000) 11/20 00:55:12 Image size of job updated: 56790796
	31122  -  MemoryUsage of job (MB)
	31868512  -  ResidentSetSize of job (KB)
...
040 (8782603.012.000) 11/20 00:55:19 Started transferring output files
...
040 (8782603.012.000) 11/20 00:55:19 Finished transferring output files
...
005 (8782603.012.000) 11/20 00:55:19 Job terminated.
	(1) Normal termination (return value 0)
		Usr 0 00:23:30, Sys 0 00:03:46  -  Run Remote Usage
		Usr 0 00:00:00, Sys 0 00:00:00  -  Run Local Usage
		Usr 0 00:23:30, Sys 0 00:03:46  -  Total Remote Usage
		Usr 0 00:00:00, Sys 0 00:00:00  -  Total Local Usage
	18101  -  Run Bytes Sent By Job
	1959  -  Run Bytes Received By Job
	18101  -  Total Bytes Sent By Job
	1959  -  Total Bytes Received By Job
	Partitionable Resources :    Usage  Request Allocated Assigned
	   Cpus                 :     0.99       11        11 
	   Disk (KB)            :    44           2      2049 
	   GPUs                 :     0           1         1 "GPU-1d17f189"
	   GpusMemory (MB)      :   624                       
	   Memory (MB)          : 31122       33000     33000 
	   TimeExecute (s)      :   622                       
	   TimeSlotBusy (s)     :   624                       

	Job terminated of its own accord at 2025-11-19T23:55:19Z with exit-code 0.
...
000 (13791364.012.000) 11/20 01:08:49 Job submitted from host: <188.184.90.62:9618?addrs=188.184.90.62-9618+[2001-1458-201-e4--100-238]-9618&alias=bigbird16.cern.ch&noUDP&sock=schedd_5196_9a2f>
...
009 (8782605.012.000) 11/20 01:10:27 Job was aborted.
	via condor_rm (by user evilla)
...
040 (13791364.012.000) 11/20 01:19:03 Started transferring input files
	Transferring to host: <188.185.93.218:9618?addrs=188.185.93.218-9618+[2001-1458-d00-6c--100-34c]-9618&alias=b9g57n0991.cern.ch&noUDP&sock=slot1_1_4005_a27c_9520>
...
040 (13791364.012.000) 11/20 01:19:03 Finished transferring input files
...
001 (13791364.012.000) 11/20 01:19:04 Job executing on host: <188.185.93.218:9618?addrs=188.185.93.218-9618+[2001-1458-d00-6c--100-34c]-9618&alias=b9g57n0991.cern.ch&noUDP&sock=startd_3640_50d2>
	SlotName: slot1_1@b9g57n0991.cern.ch
	AvailableGPUs = { GPUs_GPU_481212f1 }
	CondorScratchDir = "/pool/condor/dir_3018850"
	Cpus = 11
	Disk = 2048
	GPUs = 1
	GPUs_GPU_481212f1 = [ Id = "GPU-481212f1"; ClockMhz = 1410.0; Capability = 8.0; CoresPerCU = 64; DeviceName = "NVIDIA A100-PCIE-40GB"; DeviceUuid = "481212f1-d5bc-e456-f450-346df9467bda"; ECCEnabled = true; ComputeUnits = 108; DriverVersion = 13.0; DevicePciBusId = "0000:06:00.0"; GlobalMemoryMb = 40441; MaxSupportedVersion = 13000 ]
	Memory = 33000
...
006 (13791364.012.000) 11/20 01:19:17 Image size of job updated: 249016
	244  -  MemoryUsage of job (MB)
	249016  -  ResidentSetSize of job (KB)
...
006 (13791364.012.000) 11/20 01:24:17 Image size of job updated: 56217744
	31424  -  MemoryUsage of job (MB)
	32177308  -  ResidentSetSize of job (KB)
...
006 (13791364.012.000) 11/20 01:29:18 Image size of job updated: 56824972
	31425  -  MemoryUsage of job (MB)
	32178436  -  ResidentSetSize of job (KB)
...
040 (13791364.012.000) 11/20 01:29:27 Started transferring output files
...
040 (13791364.012.000) 11/20 01:29:27 Finished transferring output files
...
005 (13791364.012.000) 11/20 01:29:27 Job terminated.
	(1) Normal termination (return value 0)
		Usr 0 00:23:18, Sys 0 00:03:55  -  Run Remote Usage
		Usr 0 00:00:00, Sys 0 00:00:00  -  Run Local Usage
		Usr 0 00:23:18, Sys 0 00:03:55  -  Total Remote Usage
		Usr 0 00:00:00, Sys 0 00:00:00  -  Total Local Usage
	18102  -  Run Bytes Sent By Job
	1959  -  Run Bytes Received By Job
	18102  -  Total Bytes Sent By Job
	1959  -  Total Bytes Received By Job
	Partitionable Resources :    Usage  Request Allocated Assigned
	   Cpus                 :     1.00       11        11 
	   Disk (KB)            :    44           2      2048 
	   GPUs                 :     0           1         1 "GPU-481212f1"
	   GpusMemory (MB)      :   644                       
	   Memory (MB)          : 31425       33000     33000 
	   TimeExecute (s)      :   623                       
	   TimeSlotBusy (s)     :   624                       

	Job terminated of its own accord at 2025-11-20T00:29:27Z with exit-code 0.
...
