==========================================
Processing: cat000042
==========================================
Category directory: /eos/project-e/ep-nu/evilla/sn-pointing/cat000042
PDF path: /eos/home-e/evilla/dune/sn-tps/neural_networks/electron_direction/three_plane_three_plane_v58_200k_lr_schedule_20251118_110931/cosine_energy_pdf.npz
Script directory: /afs/cern.ch/work/e/evilla/private/dune/data-selection-pipeline


Running all 5 scenarios...


Loading energy-cosine PDF from: /eos/home-e/evilla/dune/sn-tps/neural_networks/electron_direction/three_plane_three_plane_v58_200k_lr_schedule_20251118_110931/cosine_energy_pdf.npz
PDF loaded: 18 energy bins, 100 cosine bins

======================================================================
SCENARIO 1: BEST CASE (True Electron Directions)
======================================================================

Loaded 6757 total clusters
ES main tracks: 282
Valid directions: 282 / 282
After 3 MeV cut: 282 clusters

True neutrino direction: [0.9033, -0.0985, 0.4175]
Using 282 electron directions for MCMC
  MCMC: 50 initial trials, then 10001 chain steps
  Best log-likelihood: 166.35, final proposal_scale: 0.0018

Reconstructed direction: [0.6634, -0.0122, 0.7481]
Angular error: 24.10°

======================================================================
SCENARIO 2: PERFECT CT (ES Main Tracks + ED Network)
======================================================================

Loaded 3650 matched main-track clusters across U, V, X planes
ES main tracks: 225 (expected ~320 from 8 ES files × 40 events)
  Matched main tracks across all planes: 3650
  ES main tracks: 225

Loading ED model from: /eos/home-e/evilla/dune/sn-tps/neural_networks/electron_direction/three_plane_three_plane_v58_200k_lr_schedule_20251118_110931/checkpoints/model_epoch_12_val_loss_0.8898.keras
ED model input shape: [(None, 128, 32, 1), (None, 128, 32, 1), (None, 128, 32, 1)]
ED model output shape: (None, 3)

Running ED inference on 225 clusters...
ED predictions shape: (225, 3)
After 3 MeV cut: 225 clusters

True neutrino direction: [0.9033, -0.0985, 0.4175]
Using 225 ED-predicted directions for MCMC
  MCMC: 50 initial trials, then 10001 chain steps
  Best log-likelihood: -66.76, final proposal_scale: 0.0052

Reconstructed direction: [0.6836, -0.4961, 0.5353]
Angular error: 27.14°

======================================================================
SCENARIO 3: FULL PIPELINE (CT → ED → MCMC)
======================================================================

Loaded 3982 volumes

Loading CT model from: /eos/user/e/evilla/dune/sn-tps/neural_networks/channel_tagging/ct_volume_v52_batch_reload_20251116_101125/best_model.keras
CT model input shape: (None, 208, 1242, 1)
CT model output shape: (None, 2)

Running CT inference...
Volume input shape: (3982, 208, 1242, 1), dtype: float32
CT selected 365 ES candidates from 3982 volumes
  True ES volumes: 326
  ES prob range: [0.000, 1.000]

Matched 3650 3-plane clusters for ED inference

Loading ED model from: /eos/home-e/evilla/dune/sn-tps/neural_networks/electron_direction/three_plane_three_plane_v58_200k_lr_schedule_20251118_110931/checkpoints/model_epoch_12_val_loss_0.8898.keras
Running ED inference on 3650 clusters...
After 3 MeV cut: 3630 clusters

True neutrino direction: [0.9033, -0.0985, 0.4175]
Using 3630 ED-predicted directions for MCMC
  MCMC: 50 initial trials, then 10001 chain steps
  Best log-likelihood: -5056.16, final proposal_scale: 0.0031

Reconstructed direction: [0.5493, -0.5368, 0.6404]
Angular error: 35.27°

======================================================================
SCENARIO 3: FULL PIPELINE (CT → ED → MCMC)
======================================================================

Loaded 3982 volumes

Loading CT model from: /eos/user/e/evilla/dune/sn-tps/neural_networks/channel_tagging/ct_volume_v52_batch_reload_20251116_101125/best_model.keras
CT model input shape: (None, 208, 1242, 1)
CT model output shape: (None, 2)

Running CT inference...
Volume input shape: (3982, 208, 1242, 1), dtype: float32
CT selected 365 ES candidates from 3982 volumes
  True ES volumes: 326
  ES prob range: [0.000, 1.000]

Matched 3650 3-plane clusters for ED inference

Loading ED model from: /eos/home-e/evilla/dune/sn-tps/neural_networks/electron_direction/three_plane_three_plane_v58_200k_lr_schedule_20251118_110931/checkpoints/model_epoch_12_val_loss_0.8898.keras
Running ED inference on 3650 clusters...
After 3 MeV cut: 3630 clusters
Using CT weights^1: range [0.598, 1.000]

True neutrino direction: [0.9033, -0.0985, 0.4175]
Using 3630 ED-predicted directions for MCMC
  MCMC: 50 initial trials, then 10001 chain steps
  Best log-likelihood: -4819.50, final proposal_scale: 0.0016

Reconstructed direction: [0.3247, -0.6685, 0.6691]
Angular error: 50.32°

======================================================================
SCENARIO 3: FULL PIPELINE (CT → ED → MCMC)
======================================================================

Loaded 3982 volumes

Loading CT model from: /eos/user/e/evilla/dune/sn-tps/neural_networks/channel_tagging/ct_volume_v52_batch_reload_20251116_101125/best_model.keras
CT model input shape: (None, 208, 1242, 1)
CT model output shape: (None, 2)

Running CT inference...
Volume input shape: (3982, 208, 1242, 1), dtype: float32
CT selected 365 ES candidates from 3982 volumes
  True ES volumes: 326
  ES prob range: [0.000, 1.000]

Matched 3650 3-plane clusters for ED inference

Loading ED model from: /eos/home-e/evilla/dune/sn-tps/neural_networks/electron_direction/three_plane_three_plane_v58_200k_lr_schedule_20251118_110931/checkpoints/model_epoch_12_val_loss_0.8898.keras
Running ED inference on 3650 clusters...
After 3 MeV cut: 3630 clusters
Using CT weights^2: range [0.358, 1.000]

True neutrino direction: [0.9033, -0.0985, 0.4175]
Using 3630 ED-predicted directions for MCMC
  MCMC: 50 initial trials, then 10001 chain steps
  Best log-likelihood: -4646.34, final proposal_scale: 0.0038

Reconstructed direction: [0.5493, -0.5366, 0.6406]
Angular error: 35.27°

======================================================================
Using EOS structure: /eos/project-e/ep-nu/evilla/sn-pointing/cat000042/pipeline
======================================================================
Saved best_case: /eos/project-e/ep-nu/evilla/sn-pointing/cat000042/pipeline/cat000042_scenario_best_case.npz
Saved perfect_ct: /eos/project-e/ep-nu/evilla/sn-pointing/cat000042/pipeline/cat000042_scenario_perfect_ct.npz
Saved full_pipeline: /eos/project-e/ep-nu/evilla/sn-pointing/cat000042/pipeline/cat000042_scenario_full_pipeline.npz
Saved weighted_linear: /eos/project-e/ep-nu/evilla/sn-pointing/cat000042/pipeline/cat000042_scenario_weighted_linear.npz
Saved weighted_squared: /eos/project-e/ep-nu/evilla/sn-pointing/cat000042/pipeline/cat000042_scenario_weighted_squared.npz

======================================================================
SUMMARY
======================================================================

BEST_CASE:
  Clusters used: 282
  Angular error: 24.10°
  Log-likelihood: 166.35

PERFECT_CT:
  Clusters used: 225
  Angular error: 27.14°
  Log-likelihood: -66.76

FULL_PIPELINE:
  Clusters used: 3630
  Angular error: 35.27°
  Log-likelihood: -5056.16

WEIGHTED_LINEAR:
  Clusters used: 3630
  Angular error: 50.32°
  Log-likelihood: -4819.50

WEIGHTED_SQUARED:
  Clusters used: 3630
  Angular error: 35.27°
  Log-likelihood: -4646.34

==========================================
SUCCESS: cat000042 completed
==========================================
