==========================================
Processing: cat000064
==========================================
Category directory: /eos/project-e/ep-nu/evilla/sn-pointing/cat000064
PDF path: /eos/home-e/evilla/dune/sn-tps/neural_networks/electron_direction/three_plane_three_plane_v58_200k_lr_schedule_20251118_110931/cosine_energy_pdf.npz
Script directory: /afs/cern.ch/work/e/evilla/private/dune/data-selection-pipeline


Running all 5 scenarios...


Loading energy-cosine PDF from: /eos/home-e/evilla/dune/sn-tps/neural_networks/electron_direction/three_plane_three_plane_v58_200k_lr_schedule_20251118_110931/cosine_energy_pdf.npz
PDF loaded: 18 energy bins, 100 cosine bins

======================================================================
SCENARIO 1: BEST CASE (True Electron Directions)
======================================================================

Loaded 6938 total clusters
ES main tracks: 309
Valid directions: 309 / 309
After 3 MeV cut: 308 clusters

True neutrino direction: [-0.6482, 0.5125, 0.5633]
Using 308 electron directions for MCMC
  MCMC: 50 initial trials, then 10001 chain steps
  Best log-likelihood: 169.33, final proposal_scale: 0.0015

Reconstructed direction: [-0.3678, 0.5174, 0.7727]
Angular error: 20.16°

======================================================================
SCENARIO 2: PERFECT CT (ES Main Tracks + ED Network)
======================================================================

Files found: 10 ES, 97 CC

Loaded 3717 matched main-track clusters across U, V, X planes
ES main tracks: 265 (expected ~400 from 10 ES files × 40 events)
  Matched main tracks across all planes: 3717
  ES main tracks: 265

Loading ED model from: /eos/home-e/evilla/dune/sn-tps/neural_networks/electron_direction/three_plane_three_plane_v58_200k_lr_schedule_20251118_110931/checkpoints/model_epoch_12_val_loss_0.8898.keras
ED model input shape: [(None, 128, 32, 1), (None, 128, 32, 1), (None, 128, 32, 1)]
ED model output shape: (None, 3)

Running ED inference on 265 clusters...
ED predictions shape: (265, 3)
After 3 MeV cut: 265 clusters

True neutrino direction: [-0.6482, 0.5125, 0.5633]
Using 265 ED-predicted directions for MCMC
  MCMC: 50 initial trials, then 10001 chain steps
  Best log-likelihood: -99.62, final proposal_scale: 0.0057

Reconstructed direction: [-0.4467, 0.6368, 0.6284]
Angular error: 14.10°

======================================================================
SCENARIO 3: FULL PIPELINE (CT → ED → MCMC)
======================================================================

Loaded 4065 volumes

Loading CT model from: /eos/user/e/evilla/dune/sn-tps/neural_networks/channel_tagging/ct_volume_v52_batch_reload_20251116_101125/best_model.keras
CT model input shape: (None, 208, 1242, 1)
CT model output shape: (None, 2)

Running CT inference...
Volume input shape: (4065, 208, 1242, 1), dtype: float32
CT selected 387 ES candidates from 4065 volumes
  True ES volumes: 357
  ES prob range: [0.000, 1.000]

Matched 3717 3-plane clusters for ED inference

Loading ED model from: /eos/home-e/evilla/dune/sn-tps/neural_networks/electron_direction/three_plane_three_plane_v58_200k_lr_schedule_20251118_110931/checkpoints/model_epoch_12_val_loss_0.8898.keras
Running ED inference on 3717 clusters...
After 3 MeV cut: 3693 clusters

True neutrino direction: [-0.6482, 0.5125, 0.5633]
Using 3693 ED-predicted directions for MCMC
  MCMC: 50 initial trials, then 10001 chain steps
  Best log-likelihood: -5142.49, final proposal_scale: 0.0012

Reconstructed direction: [-0.3051, -0.2827, -0.9094]
Angular error: 117.34°

======================================================================
SCENARIO 3: FULL PIPELINE (CT → ED → MCMC)
======================================================================

Loaded 4065 volumes

Loading CT model from: /eos/user/e/evilla/dune/sn-tps/neural_networks/channel_tagging/ct_volume_v52_batch_reload_20251116_101125/best_model.keras
CT model input shape: (None, 208, 1242, 1)
CT model output shape: (None, 2)

Running CT inference...
Volume input shape: (4065, 208, 1242, 1), dtype: float32
CT selected 387 ES candidates from 4065 volumes
  True ES volumes: 357
  ES prob range: [0.000, 1.000]

Matched 3717 3-plane clusters for ED inference

Loading ED model from: /eos/home-e/evilla/dune/sn-tps/neural_networks/electron_direction/three_plane_three_plane_v58_200k_lr_schedule_20251118_110931/checkpoints/model_epoch_12_val_loss_0.8898.keras
Running ED inference on 3717 clusters...
After 3 MeV cut: 3693 clusters
Using CT weights^1: range [0.550, 1.000]

True neutrino direction: [-0.6482, 0.5125, 0.5633]
Using 3693 ED-predicted directions for MCMC
  MCMC: 50 initial trials, then 10001 chain steps
  Best log-likelihood: -4973.34, final proposal_scale: 0.0020

Reconstructed direction: [-0.8394, 0.4357, -0.3250]
Angular error: 54.25°

======================================================================
SCENARIO 3: FULL PIPELINE (CT → ED → MCMC)
======================================================================

Loaded 4065 volumes

Loading CT model from: /eos/user/e/evilla/dune/sn-tps/neural_networks/channel_tagging/ct_volume_v52_batch_reload_20251116_101125/best_model.keras
CT model input shape: (None, 208, 1242, 1)
CT model output shape: (None, 2)

Running CT inference...
Volume input shape: (4065, 208, 1242, 1), dtype: float32
CT selected 387 ES candidates from 4065 volumes
  True ES volumes: 357
  ES prob range: [0.000, 1.000]

Matched 3717 3-plane clusters for ED inference

Loading ED model from: /eos/home-e/evilla/dune/sn-tps/neural_networks/electron_direction/three_plane_three_plane_v58_200k_lr_schedule_20251118_110931/checkpoints/model_epoch_12_val_loss_0.8898.keras
Running ED inference on 3717 clusters...
After 3 MeV cut: 3693 clusters
Using CT weights^2: range [0.303, 1.000]

True neutrino direction: [-0.6482, 0.5125, 0.5633]
Using 3693 ED-predicted directions for MCMC
  MCMC: 50 initial trials, then 10001 chain steps
  Best log-likelihood: -4836.76, final proposal_scale: 0.0031

Reconstructed direction: [-0.7277, 0.6839, -0.0522]
Angular error: 37.56°

======================================================================
Using EOS structure: /eos/project-e/ep-nu/evilla/sn-pointing/cat000064/pipeline
======================================================================
Saved best_case: /eos/project-e/ep-nu/evilla/sn-pointing/cat000064/pipeline/cat000064_scenario_best_case.npz
Saved perfect_ct: /eos/project-e/ep-nu/evilla/sn-pointing/cat000064/pipeline/cat000064_scenario_perfect_ct.npz
Saved full_pipeline: /eos/project-e/ep-nu/evilla/sn-pointing/cat000064/pipeline/cat000064_scenario_full_pipeline.npz
Saved weighted_linear: /eos/project-e/ep-nu/evilla/sn-pointing/cat000064/pipeline/cat000064_scenario_weighted_linear.npz
Saved weighted_squared: /eos/project-e/ep-nu/evilla/sn-pointing/cat000064/pipeline/cat000064_scenario_weighted_squared.npz

======================================================================
SUMMARY
======================================================================

BEST_CASE:
  Clusters used: 308
  Angular error: 20.16°
  Log-likelihood: 169.33

PERFECT_CT:
  Clusters used: 265
  Angular error: 14.10°
  Log-likelihood: -99.62

FULL_PIPELINE:
  Clusters used: 3693
  Angular error: 117.34°
  Log-likelihood: -5142.49

WEIGHTED_LINEAR:
  Clusters used: 3693
  Angular error: 54.25°
  Log-likelihood: -4973.34

WEIGHTED_SQUARED:
  Clusters used: 3693
  Angular error: 37.56°
  Log-likelihood: -4836.76

==========================================
SUCCESS: cat000064 completed
==========================================
