000 (8782603.099.000) 11/20 00:44:09 Job submitted from host: <188.185.6.50:9618?addrs=188.185.6.50-9618+[2001-1458-d00-62--100-2b1]-9618&alias=bigbird25.cern.ch&noUDP&sock=schedd_1627_90ad>
...
000 (8782605.099.000) 11/20 00:44:34 Job submitted from host: <188.185.6.50:9618?addrs=188.185.6.50-9618+[2001-1458-d00-62--100-2b1]-9618&alias=bigbird25.cern.ch&noUDP&sock=schedd_1627_90ad>
...
000 (13791364.099.000) 11/20 01:08:49 Job submitted from host: <188.184.90.62:9618?addrs=188.184.90.62-9618+[2001-1458-201-e4--100-238]-9618&alias=bigbird16.cern.ch&noUDP&sock=schedd_5196_9a2f>
...
009 (8782605.099.000) 11/20 01:10:28 Job was aborted.
	via condor_rm (by user evilla)
...
040 (8782603.099.000) 11/20 01:15:41 Started transferring input files
	Transferring to host: <188.185.93.144:9618?addrs=188.185.93.144-9618+[2001-1458-d00-6c--100-51]-9618&alias=b9g57n6415.cern.ch&noUDP&sock=slot1_1_20429_d418_9370>
...
040 (8782603.099.000) 11/20 01:15:41 Finished transferring input files
...
001 (8782603.099.000) 11/20 01:15:42 Job executing on host: <188.185.93.144:9618?addrs=188.185.93.144-9618+[2001-1458-d00-6c--100-51]-9618&alias=b9g57n6415.cern.ch&noUDP&sock=startd_20378_3106>
	SlotName: slot1_1@b9g57n6415.cern.ch
	AvailableGPUs = { GPUs_GPU_b1587b5f }
	CondorScratchDir = "/pool/condor/dir_2080454"
	Cpus = 11
	Disk = 2048
	GPUs = 1
	GPUs_GPU_b1587b5f = [ Id = "GPU-b1587b5f"; ClockMhz = 1410.0; Capability = 8.0; CoresPerCU = 64; DeviceName = "NVIDIA A100-PCIE-40GB"; DeviceUuid = "b1587b5f-5c26-3004-6bcf-3ce828349df6"; ECCEnabled = true; ComputeUnits = 108; DriverVersion = 13.0; DevicePciBusId = "0000:06:00.0"; GlobalMemoryMb = 40441; MaxSupportedVersion = 13000 ]
	Memory = 33000
...
006 (8782603.099.000) 11/20 01:15:56 Image size of job updated: 447856
	438  -  MemoryUsage of job (MB)
	447856  -  ResidentSetSize of job (KB)
...
006 (8782603.099.000) 11/20 01:20:57 Image size of job updated: 49279116
	13148  -  MemoryUsage of job (MB)
	13463372  -  ResidentSetSize of job (KB)
...
006 (8782603.099.000) 11/20 01:24:14 Image size of job updated: 49279116
	13158  -  MemoryUsage of job (MB)
	13473612  -  ResidentSetSize of job (KB)
...
040 (8782603.099.000) 11/20 01:24:14 Started transferring output files
...
040 (8782603.099.000) 11/20 01:24:14 Finished transferring output files
...
005 (8782603.099.000) 11/20 01:24:14 Job terminated.
	(1) Normal termination (return value 0)
		Usr 0 00:20:12, Sys 0 00:02:55  -  Run Remote Usage
		Usr 0 00:00:00, Sys 0 00:00:00  -  Run Local Usage
		Usr 0 00:20:12, Sys 0 00:02:55  -  Total Remote Usage
		Usr 0 00:00:00, Sys 0 00:00:00  -  Total Local Usage
	18099  -  Run Bytes Sent By Job
	1959  -  Run Bytes Received By Job
	18099  -  Total Bytes Sent By Job
	1959  -  Total Bytes Received By Job
	Partitionable Resources :    Usage  Request Allocated Assigned
	   Cpus                 :     7.77       11        11 
	   Disk (KB)            :    45           2      2048 
	   GPUs                 :     0           1         1 "GPU-b1587b5f"
	   GpusMemory (MB)      :   528                       
	   Memory (MB)          : 13158       33000     33000 
	   TimeExecute (s)      :   512                       
	   TimeSlotBusy (s)     :   513                       

	Job terminated of its own accord at 2025-11-20T00:24:14Z with exit-code 0.
...
040 (13791364.099.000) 11/20 01:55:28 Started transferring input files
	Transferring to host: <188.185.93.208:9618?addrs=188.185.93.208-9618+[2001-1458-d00-6c--100-e9]-9618&alias=b9g57n3665.cern.ch&noUDP&sock=slot1_1_3730_df51_9491>
...
040 (13791364.099.000) 11/20 01:55:28 Finished transferring input files
...
001 (13791364.099.000) 11/20 01:55:29 Job executing on host: <188.185.93.208:9618?addrs=188.185.93.208-9618+[2001-1458-d00-6c--100-e9]-9618&alias=b9g57n3665.cern.ch&noUDP&sock=startd_3378_9b02>
	SlotName: slot1_1@b9g57n3665.cern.ch
	AvailableGPUs = { GPUs_GPU_836178fb }
	CondorScratchDir = "/pool/condor/dir_8262"
	Cpus = 11
	Disk = 2048
	GPUs = 1
	GPUs_GPU_836178fb = [ Id = "GPU-836178fb"; ClockMhz = 1410.0; Capability = 8.0; CoresPerCU = 64; DeviceName = "NVIDIA A100-PCIE-40GB"; DeviceUuid = "836178fb-b193-b354-8ad9-dc95f395b443"; ECCEnabled = true; ComputeUnits = 108; DriverVersion = 13.0; DevicePciBusId = "0000:06:00.0"; GlobalMemoryMb = 40441; MaxSupportedVersion = 13000 ]
	Memory = 33000
...
006 (13791364.099.000) 11/20 01:55:43 Image size of job updated: 288700
	282  -  MemoryUsage of job (MB)
	288700  -  ResidentSetSize of job (KB)
...
006 (13791364.099.000) 11/20 02:00:44 Image size of job updated: 48527312
	46763  -  MemoryUsage of job (MB)
	47884360  -  ResidentSetSize of job (KB)
...
006 (13791364.099.000) 11/20 02:04:22 Image size of job updated: 49378844
	46765  -  MemoryUsage of job (MB)
	47886408  -  ResidentSetSize of job (KB)
...
040 (13791364.099.000) 11/20 02:04:22 Started transferring output files
...
040 (13791364.099.000) 11/20 02:04:22 Finished transferring output files
...
005 (13791364.099.000) 11/20 02:04:22 Job terminated.
	(1) Normal termination (return value 0)
		Usr 0 00:20:01, Sys 0 00:03:06  -  Run Remote Usage
		Usr 0 00:00:00, Sys 0 00:00:00  -  Run Local Usage
		Usr 0 00:20:01, Sys 0 00:03:06  -  Total Remote Usage
		Usr 0 00:00:00, Sys 0 00:00:00  -  Total Local Usage
	18095  -  Run Bytes Sent By Job
	1959  -  Run Bytes Received By Job
	18095  -  Total Bytes Sent By Job
	1959  -  Total Bytes Received By Job
	Partitionable Resources :    Usage  Request Allocated Assigned
	   Cpus                 :     0.20       11        11 
	   Disk (KB)            :    45           2      2048 
	   GPUs                 :     0           1         1 "GPU-836178fb"
	   GpusMemory (MB)      :   598                       
	   Memory (MB)          : 46765       33000     33000 
	   TimeExecute (s)      :   533                       
	   TimeSlotBusy (s)     :   534                       

	Job terminated of its own accord at 2025-11-20T01:04:22Z with exit-code 0.
...
