==========================================
Processing: cat000011
==========================================
Category directory: /eos/project-e/ep-nu/evilla/sn-pointing/cat000011
PDF path: /eos/home-e/evilla/dune/sn-tps/neural_networks/electron_direction/three_plane_three_plane_v58_200k_lr_schedule_20251118_110931/cosine_energy_pdf.npz
Script directory: /afs/cern.ch/work/e/evilla/private/dune/data-selection-pipeline


Running all 5 scenarios...


Loading energy-cosine PDF from: /eos/home-e/evilla/dune/sn-tps/neural_networks/electron_direction/three_plane_three_plane_v58_200k_lr_schedule_20251118_110931/cosine_energy_pdf.npz
PDF loaded: 18 energy bins, 100 cosine bins

======================================================================
SCENARIO 1: BEST CASE (True Electron Directions)
======================================================================

Loaded 7042 total clusters
ES main tracks: 323
Valid directions: 323 / 323
After 3 MeV cut: 323 clusters

True neutrino direction: [0.0494, 0.2234, -0.9735]
Using 323 electron directions for MCMC
  MCMC: 50 initial trials, then 10001 chain steps
  Best log-likelihood: 182.70, final proposal_scale: 0.0018

Reconstructed direction: [-0.4012, 0.1655, -0.9009]
Angular error: 26.60°

======================================================================
SCENARIO 2: PERFECT CT (ES Main Tracks + ED Network)
======================================================================

Loaded 3859 matched main-track clusters across U, V, X planes
ES main tracks: 301 (expected ~320 from 8 ES files × 40 events)
  Matched main tracks across all planes: 3859
  ES main tracks: 301

Loading ED model from: /eos/home-e/evilla/dune/sn-tps/neural_networks/electron_direction/three_plane_three_plane_v58_200k_lr_schedule_20251118_110931/checkpoints/model_epoch_12_val_loss_0.8898.keras
ED model input shape: [(None, 128, 32, 1), (None, 128, 32, 1), (None, 128, 32, 1)]
ED model output shape: (None, 3)

Running ED inference on 301 clusters...
ED predictions shape: (301, 3)
After 3 MeV cut: 301 clusters

True neutrino direction: [0.0494, 0.2234, -0.9735]
Using 301 ED-predicted directions for MCMC
  MCMC: 50 initial trials, then 10001 chain steps
  Best log-likelihood: -23.25, final proposal_scale: 0.0042

Reconstructed direction: [-0.2562, -0.2029, -0.9451]
Angular error: 30.46°

======================================================================
SCENARIO 3: FULL PIPELINE (CT → ED → MCMC)
======================================================================

Loaded 4206 volumes

Loading CT model from: /eos/user/e/evilla/dune/sn-tps/neural_networks/channel_tagging/ct_volume_v52_batch_reload_20251116_101125
