==========================================
Processing: cat000006
==========================================
Category directory: /eos/project-e/ep-nu/evilla/sn-pointing/cat000006
PDF path: /eos/home-e/evilla/dune/sn-tps/neural_networks/electron_direction/three_plane_three_plane_v58_200k_lr_schedule_20251118_110931/cosine_energy_pdf.npz
Script directory: /afs/cern.ch/work/e/evilla/private/dune/data-selection-pipeline


Running all 5 scenarios...


Loading energy-cosine PDF from: /eos/home-e/evilla/dune/sn-tps/neural_networks/electron_direction/three_plane_three_plane_v58_200k_lr_schedule_20251118_110931/cosine_energy_pdf.npz
PDF loaded: 18 energy bins, 100 cosine bins

======================================================================
SCENARIO 1: BEST CASE (True Electron Directions)
======================================================================

Loaded 7206 total clusters
ES main tracks: 320
Valid directions: 320 / 320
After 3 MeV cut: 320 clusters

True neutrino direction: [0.2996, 0.4669, -0.8320]
Using 320 electron directions for MCMC
  MCMC: 50 initial trials, then 10001 chain steps
  Best log-likelihood: 197.27, final proposal_scale: 0.0010

Reconstructed direction: [0.4630, 0.7126, -0.5271]
Angular error: 24.50°

======================================================================
SCENARIO 2: PERFECT CT (ES Main Tracks + ED Network)
======================================================================

Loaded 3871 matched main-track clusters across U, V, X planes
ES main tracks: 298 (expected ~320 from 8 ES files × 40 events)
  Matched main tracks across all planes: 3871
  ES main tracks: 298

Loading ED model from: /eos/home-e/evilla/dune/sn-tps/neural_networks/electron_direction/three_plane_three_plane_v58_200k_lr_schedule_20251118_110931
