==========================================
Processing: cat000020
==========================================
Category directory: /eos/project-e/ep-nu/evilla/sn-pointing/cat000020
PDF path: /eos/home-e/evilla/dune/sn-tps/neural_networks/electron_direction/three_plane_three_plane_v58_200k_lr_schedule_20251118_110931/cosine_energy_pdf.npz
Script directory: /afs/cern.ch/work/e/evilla/private/dune/data-selection-pipeline


Running all 5 scenarios...


Loading energy-cosine PDF from: /eos/home-e/evilla/dune/sn-tps/neural_networks/electron_direction/three_plane_three_plane_v58_200k_lr_schedule_20251118_110931/cosine_energy_pdf.npz
PDF loaded: 18 energy bins, 100 cosine bins

======================================================================
SCENARIO 1: BEST CASE (True Electron Directions)
======================================================================

Loaded 7191 total clusters
ES main tracks: 311
Valid directions: 311 / 311
After 3 MeV cut: 310 clusters

True neutrino direction: [-0.6464, -0.4911, 0.5840]
Using 310 electron directions for MCMC
  MCMC: 50 initial trials, then 10001 chain steps
  Best log-likelihood: 200.77, final proposal_scale: 0.0018

Reconstructed direction: [-0.7234, -0.0819, 0.6856]
Angular error: 24.75°

======================================================================
SCENARIO 2: PERFECT CT (ES Main Tracks + ED Network)
======================================================================

Loaded 3847 matched main-track clusters across U, V, X planes
ES main tracks: 275 (expected ~320 from 8 ES files × 40 events)
  Matched main tracks across all planes: 3847
  ES main tracks: 275

Loading ED model from: /eos/home-e/evilla/dune/sn-tps/neural_networks/electron_direction/three_plane_three_plane_v58_200k_lr_schedule_20251118_110931/checkpoints/model_epoch_12_val_loss_0.8898.keras
ED model input shape: [(None, 128, 32, 1), (None, 128, 32, 1), (None, 128, 32, 1)]
ED model output shape: (None, 3)

Running ED inference on 275 clusters...
ED predictions shape: (275, 3)
After 3 MeV cut: 275 clusters

True neutrino direction: [-0.6464, -0.4911, 0.5840]
Using 275 ED-predicted directions for MCMC
  MCMC: 50 initial trials, then 10001 chain steps
  Best log-likelihood: -34.60, final proposal_scale: 0.0034

Reconstructed direction: [-0.8249, -0.4727, 0.3098]
Angular error: 18.86°

======================================================================
SCENARIO 3: FULL PIPELINE (CT → ED → MCMC)
======================================================================

Loaded 4198 volumes

Loading CT model from: /eos/user/e/evilla/dune/sn-tps/neural_networks/channel_tagging/ct_volume_v52_batch_reload_20251116_101125/best_model.keras
CT model input shape: (None, 208, 1242, 1)
CT model output shape: (None, 2)

Running CT inference...
Volume input shape: (4198, 208, 1242, 1), dtype: float32
CT selected 367 ES candidates from 4198 volumes
  True ES volumes: 358
  ES prob range: [0.000, 1.000]

Matched 3847 3-plane clusters for ED inference

Loading ED model from: /eos/home-e/evilla/dune/sn-tps/neural_networks/electron_direction/three_plane_three_plane_v58_200k_lr_schedule_20251118_110931/checkpoints/model_epoch_12_val_loss_0.8898.keras
Running ED inference on 3847 clusters...
After 3 MeV cut: 3834 clusters

True neutrino direction: [-0.6464, -0.4911, 0.5840]
Using 3834 ED-predicted directions for MCMC
  MCMC: 50 initial trials, then 10001 chain steps
  Best log-likelihood: -5083.32, final proposal_scale: 0.0016

Reconstructed direction: [-0.7757, -0.6102, 0.1610]
Angular error: 26.48°

======================================================================
SCENARIO 3: FULL PIPELINE (CT → ED → MCMC)
======================================================================

Loaded 4198 volumes

Loading CT model from: /eos/user/e/evilla/dune/sn-tps/neural_networks/channel_tagging/ct_volume_v52_batch_reload_20251116_101125/best_model.keras
CT model input shape: (None, 208, 1242, 1)
CT model output shape: (None, 2)

Running CT inference...
Volume input shape: (4198, 208, 1242, 1), dtype: float32
CT selected 367 ES candidates from 4198 volumes
  True ES volumes: 358
  ES prob range: [0.000, 1.000]

Matched 3847 3-plane clusters for ED inference

Loading ED model from: /eos/home-e/evilla/dune/sn-tps/neural_networks/electron_direction/three_plane_three_plane_v58_200k_lr_schedule_20251118_110931/checkpoints/model_epoch_12_val_loss_0.8898.keras
Running ED inference on 3847 clusters...
After 3 MeV cut: 3834 clusters
Using CT weights^1: range [0.518, 1.000]

True neutrino direction: [-0.6464, -0.4911, 0.5840]
Using 3834 ED-predicted directions for MCMC
  MCMC: 50 initial trials, then 10001 chain steps
  Best log-likelihood: -4903.44, final proposal_scale: 0.0013

Reconstructed direction: [-0.7757, -0.6102, 0.1610]
Angular error: 26.48°

======================================================================
SCENARIO 3: FULL PIPELINE (CT → ED → MCMC)
======================================================================

Loaded 4198 volumes

Loading CT model from: /eos/user/e/evilla/dune/sn-tps/neural_networks/channel_tagging/ct_volume_v52_batch_reload_20251116_101125/best_model.keras
CT model input shape: (None, 208, 1242, 1)
CT model output shape: (None, 2)

Running CT inference...
Volume input shape: (4198, 208, 1242, 1), dtype: float32
CT selected 367 ES candidates from 4198 volumes
  True ES volumes: 358
  ES prob range: [0.000, 1.000]

Matched 3847 3-plane clusters for ED inference

Loading ED model from: /eos/home-e/evilla/dune/sn-tps/neural_networks/electron_direction/three_plane_three_plane_v58_200k_lr_schedule_20251118_110931/checkpoints/model_epoch_12_val_loss_0.8898.keras
Running ED inference on 3847 clusters...
After 3 MeV cut: 3834 clusters
Using CT weights^2: range [0.269, 1.000]

True neutrino direction: [-0.6464, -0.4911, 0.5840]
Using 3834 ED-predicted directions for MCMC
  MCMC: 50 initial trials, then 10001 chain steps
  Best log-likelihood: -4777.03, final proposal_scale: 0.0012

Reconstructed direction: [-0.7756, -0.6104, 0.1610]
Angular error: 26.48°

======================================================================
Using EOS structure: /eos/project-e/ep-nu/evilla/sn-pointing/cat000020/pipeline
======================================================================
Saved best_case: /eos/project-e/ep-nu/evilla/sn-pointing/cat000020/pipeline/cat000020_scenario_best_case.npz
Saved perfect_ct: /eos/project-e/ep-nu/evilla/sn-pointing/cat000020/pipeline/cat000020_scenario_perfect_ct.npz
Saved full_pipeline: /eos/project-e/ep-nu/evilla/sn-pointing/cat000020/pipeline/cat000020_scenario_full_pipeline.npz
Saved weighted_linear: /eos/project-e/ep-nu/evilla/sn-pointing/cat000020/pipeline/cat000020_scenario_weighted_linear.npz
Saved weighted_squared: /eos/project-e/ep-nu/evilla/sn-pointing/cat000020/pipeline/cat000020_scenario_weighted_squared.npz

======================================================================
SUMMARY
======================================================================

BEST_CASE:
  Clusters used: 310
  Angular error: 24.75°
  Log-likelihood: 200.77

PERFECT_CT:
  Clusters used: 275
  Angular error: 18.86°
  Log-likelihood: -34.60

FULL_PIPELINE:
  Clusters used: 3834
  Angular error: 26.48°
  Log-likelihood: -5083.32

WEIGHTED_LINEAR:
  Clusters used: 3834
  Angular error: 26.48°
  Log-likelihood: -4903.44

WEIGHTED_SQUARED:
  Clusters used: 3834
  Angular error: 26.48°
  Log-likelihood: -4777.03

==========================================
SUCCESS: cat000020 completed
==========================================
