==========================================
Processing: cat000018
==========================================
Category directory: /eos/project-e/ep-nu/evilla/sn-pointing/cat000018
PDF path: /eos/home-e/evilla/dune/sn-tps/neural_networks/electron_direction/three_plane_three_plane_v58_200k_lr_schedule_20251118_110931/cosine_energy_pdf.npz
Script directory: /afs/cern.ch/work/e/evilla/private/dune/data-selection-pipeline


Running all 5 scenarios...


Loading energy-cosine PDF from: /eos/home-e/evilla/dune/sn-tps/neural_networks/electron_direction/three_plane_three_plane_v58_200k_lr_schedule_20251118_110931/cosine_energy_pdf.npz
PDF loaded: 18 energy bins, 100 cosine bins

======================================================================
SCENARIO 1: BEST CASE (True Electron Directions)
======================================================================

Loaded 7221 total clusters
ES main tracks: 321
Valid directions: 321 / 321
After 3 MeV cut: 321 clusters

True neutrino direction: [-0.3740, 0.6938, -0.6154]
Using 321 electron directions for MCMC
  MCMC: 50 initial trials, then 10001 chain steps
  Best log-likelihood: 191.06, final proposal_scale: 0.0018

Reconstructed direction: [-0.4007, 0.4149, -0.8169]
Angular error: 19.88°

======================================================================
SCENARIO 2: PERFECT CT (ES Main Tracks + ED Network)
======================================================================

Loaded 3877 matched main-track clusters across U, V, X planes
ES main tracks: 296 (expected ~320 from 8 ES files × 40 events)
  Matched main tracks across all planes: 3877
  ES main tracks: 296

Loading ED model from: /eos/home-e/evilla/dune/sn-tps/neural_networks/electron_direction/three_plane_three_plane_v58_200k_lr_schedule_20251118_110931/checkpoints/model_epoch_12_val_loss_0.8898.keras
ED model input shape: [(None, 128, 32, 1), (None, 128, 32, 1), (None, 128, 32, 1)]
ED model output shape: (None, 3)

Running ED inference on 296 clusters...
ED predictions shape: (296, 3)
After 3 MeV cut: 296 clusters

True neutrino direction: [-0.3740, 0.6938, -0.6154]
Using 296 ED-predicted directions for MCMC
  MCMC: 50 initial trials, then 10001 chain steps
  Best log-likelihood: -96.99, final proposal_scale: 0.0058

Reconstructed direction: [-0.1009, 0.5880, -0.8025]
Angular error: 20.02°

======================================================================
SCENARIO 3: FULL PIPELINE (CT → ED → MCMC)
======================================================================

Loaded 4179 volumes

Loading CT model from: /eos/user/e/evilla/dune/sn-tps/neural_networks/channel_tagging/ct_volume_v52_batch_reload_20251116_101125/best_model.keras
CT model input shape: (None, 208, 1242, 1)
CT model output shape: (None, 2)

Running CT inference...
Volume input shape: (4179, 208, 1242, 1), dtype: float32
CT selected 368 ES candidates from 4179 volumes
  True ES volumes: 358
  ES prob range: [0.000, 1.000]

Matched 3877 3-plane clusters for ED inference

Loading ED model from: /eos/home-e/evilla/dune/sn-tps/neural_networks/electron_direction/three_plane_three_plane_v58_200k_lr_schedule_20251118_110931/checkpoints/model_epoch_12_val_loss_0.8898.keras
Running ED inference on 3877 clusters...
After 3 MeV cut: 3856 clusters

True neutrino direction: [-0.3740, 0.6938, -0.6154]
Using 3856 ED-predicted directions for MCMC
  MCMC: 50 initial trials, then 10001 chain steps
  Best log-likelihood: -5280.07, final proposal_scale: 0.0009

Reconstructed direction: [0.3435, 0.5634, -0.7514]
Angular error: 43.55°

======================================================================
SCENARIO 3: FULL PIPELINE (CT → ED → MCMC)
======================================================================

Loaded 4179 volumes

Loading CT model from: /eos/user/e/evilla/dune/sn-tps/neural_networks/channel_tagging/ct_volume_v52_batch_reload_20251116_101125/best_model.keras
CT model input shape: (None, 208, 1242, 1)
CT model output shape: (None, 2)

Running CT inference...
Volume input shape: (4179, 208, 1242, 1), dtype: float32
CT selected 368 ES candidates from 4179 volumes
  True ES volumes: 358
  ES prob range: [0.000, 1.000]

Matched 3877 3-plane clusters for ED inference

Loading ED model from: /eos/home-e/evilla/dune/sn-tps/neural_networks/electron_direction/three_plane_three_plane_v58_200k_lr_schedule_20251118_110931/checkpoints/model_epoch_12_val_loss_0.8898.keras
Running ED inference on 3877 clusters...
After 3 MeV cut: 3856 clusters
Using CT weights^1: range [0.650, 1.000]

True neutrino direction: [-0.3740, 0.6938, -0.6154]
Using 3856 ED-predicted directions for MCMC
  MCMC: 50 initial trials, then 10001 chain steps
  Best log-likelihood: -5077.50, final proposal_scale: 0.0010

Reconstructed direction: [0.3436, 0.5634, -0.7514]
Angular error: 43.55°

======================================================================
SCENARIO 3: FULL PIPELINE (CT → ED → MCMC)
======================================================================

Loaded 4179 volumes

Loading CT model from: /eos/user/e/evilla/dune/sn-tps/neural_networks/channel_tagging/ct_volume_v52_batch_reload_20251116_101125/best_model.keras
CT model input shape: (None, 208, 1242, 1)
CT model output shape: (None, 2)

Running CT inference...
Volume input shape: (4179, 208, 1242, 1), dtype: float32
CT selected 368 ES candidates from 4179 volumes
  True ES volumes: 358
  ES prob range: [0.000, 1.000]

Matched 3877 3-plane clusters for ED inference

Loading ED model from: /eos/home-e/evilla/dune/sn-tps/neural_networks/electron_direction/three_plane_three_plane_v58_200k_lr_schedule_20251118_110931/checkpoints/model_epoch_12_val_loss_0.8898.keras
Running ED inference on 3877 clusters...
After 3 MeV cut: 3856 clusters
Using CT weights^2: range [0.422, 1.000]

True neutrino direction: [-0.3740, 0.6938, -0.6154]
Using 3856 ED-predicted directions for MCMC
  MCMC: 50 initial trials, then 10001 chain steps
  Best log-likelihood: -4925.92, final proposal_scale: 0.0008

Reconstructed direction: [0.3436, 0.5634, -0.7513]
Angular error: 43.55°

======================================================================
Using EOS structure: /eos/project-e/ep-nu/evilla/sn-pointing/cat000018/pipeline
======================================================================
Saved best_case: /eos/project-e/ep-nu/evilla/sn-pointing/cat000018/pipeline/cat000018_scenario_best_case.npz
Saved perfect_ct: /eos/project-e/ep-nu/evilla/sn-pointing/cat000018/pipeline/cat000018_scenario_perfect_ct.npz
Saved full_pipeline: /eos/project-e/ep-nu/evilla/sn-pointing/cat000018/pipeline/cat000018_scenario_full_pipeline.npz
Saved weighted_linear: /eos/project-e/ep-nu/evilla/sn-pointing/cat000018/pipeline/cat000018_scenario_weighted_linear.npz
Saved weighted_squared: /eos/project-e/ep-nu/evilla/sn-pointing/cat000018/pipeline/cat000018_scenario_weighted_squared.npz

======================================================================
SUMMARY
======================================================================

BEST_CASE:
  Clusters used: 321
  Angular error: 19.88°
  Log-likelihood: 191.06

PERFECT_CT:
  Clusters used: 296
  Angular error: 20.02°
  Log-likelihood: -96.99

FULL_PIPELINE:
  Clusters used: 3856
  Angular error: 43.55°
  Log-likelihood: -5280.07

WEIGHTED_LINEAR:
  Clusters used: 3856
  Angular error: 43.55°
  Log-likelihood: -5077.50

WEIGHTED_SQUARED:
  Clusters used: 3856
  Angular error: 43.55°
  Log-likelihood: -4925.92

==========================================
SUCCESS: cat000018 completed
==========================================
