WARNING: All log messages before absl::InitializeLog() is called are written to STDERR
W0000 00:00:1763584210.250715     115 gpu_device.cc:2342] Cannot dlopen some GPU libraries. Please make sure the missing libraries mentioned above are installed properly if you would like to use GPU. Follow the guide at https://www.tensorflow.org/install/gpu for how to download and setup the required libraries for your platform.
Skipping registering GPU devices...
Traceback (most recent call last):
  File "/afs/cern.ch/user/e/evilla/.local/lib/python3.9/site-packages/keras/src/saving/saving_lib.py", line 394, in _load_model_from_dir
    raise ValueError(
ValueError: Expected a model.weights.h5 or model.weights.npz file.

During handling of the above exception, another exception occurred:

Traceback (most recent call last):
  File "/afs/cern.ch/work/e/evilla/private/dune/data-selection-pipeline/scripts/run_cat000001_full_analysis.py", line 920, in <module>
    main()
  File "/afs/cern.ch/work/e/evilla/private/dune/data-selection-pipeline/scripts/run_cat000001_full_analysis.py", line 856, in main
    results['full_pipeline'] = run_scenario3_full_pipeline(
  File "/afs/cern.ch/work/e/evilla/private/dune/data-selection-pipeline/scripts/run_cat000001_full_analysis.py", line 617, in run_scenario3_full_pipeline
    ct_model = tf.keras.models.load_model(ct_model_path, compile=False)
  File "/afs/cern.ch/user/e/evilla/.local/lib/python3.9/site-packages/keras/src/saving/saving_api.py", line 189, in load_model
    return saving_lib.load_model(
  File "/afs/cern.ch/user/e/evilla/.local/lib/python3.9/site-packages/keras/src/saving/saving_lib.py", line 362, in load_model
    return _load_model_from_dir(
  File "/afs/cern.ch/user/e/evilla/.local/lib/python3.9/site-packages/keras/src/saving/saving_lib.py", line 418, in _load_model_from_dir
    weights_store.close()
UnboundLocalError: local variable 'weights_store' referenced before assignment
