==========================================
Processing: cat000094
==========================================
Category directory: /eos/project-e/ep-nu/evilla/sn-pointing/cat000094
PDF path: /eos/home-e/evilla/dune/sn-tps/neural_networks/electron_direction/three_plane_three_plane_v58_200k_lr_schedule_20251118_110931/cosine_energy_pdf.npz
Script directory: /afs/cern.ch/work/e/evilla/private/dune/data-selection-pipeline


Running all 5 scenarios...


Loading energy-cosine PDF from: /eos/home-e/evilla/dune/sn-tps/neural_networks/electron_direction/three_plane_three_plane_v58_200k_lr_schedule_20251118_110931/cosine_energy_pdf.npz
PDF loaded: 18 energy bins, 100 cosine bins

======================================================================
SCENARIO 1: BEST CASE (True Electron Directions)
======================================================================

Loaded 6960 total clusters
ES main tracks: 287
Valid directions: 287 / 287
After 3 MeV cut: 287 clusters

True neutrino direction: [0.0984, 0.2145, 0.9718]
Using 287 electron directions for MCMC
  MCMC: 50 initial trials, then 10001 chain steps
  Best log-likelihood: 156.96, final proposal_scale: 0.0051

Reconstructed direction: [0.3971, 0.4934, 0.7739]
Angular error: 26.24°

======================================================================
SCENARIO 2: PERFECT CT (ES Main Tracks + ED Network)
======================================================================

Files found: 10 ES, 98 CC

Loaded 3775 matched main-track clusters across U, V, X planes
ES main tracks: 265 (expected ~400 from 10 ES files × 40 events)
  Matched main tracks across all planes: 3775
  ES main tracks: 265

Loading ED model from: /eos/home-e/evilla/dune/sn-tps/neural_networks/electron_direction/three_plane_three_plane_v58_200k_lr_schedule_20251118_110931/checkpoints/model_epoch_12_val_loss_0.8898.keras
ED model input shape: [(None, 128, 32, 1), (None, 128, 32, 1), (None, 128, 32, 1)]
ED model output shape: (None, 3)

Running ED inference on 265 clusters...
ED predictions shape: (265, 3)
After 3 MeV cut: 265 clusters

True neutrino direction: [0.0984, 0.2145, 0.9718]
Using 265 ED-predicted directions for MCMC
  MCMC: 50 initial trials, then 10001 chain steps
  Best log-likelihood: -33.86, final proposal_scale: 0.0086

Reconstructed direction: [-0.1486, 0.4458, 0.8827]
Angular error: 20.15°

======================================================================
SCENARIO 3: FULL PIPELINE (CT → ED → MCMC)
======================================================================

Loaded 4114 volumes

Loading CT model from: /eos/user/e/evilla/dune/sn-tps/neural_networks/channel_tagging/ct_volume_v52_batch_reload_20251116_101125/best_model.keras
CT model input shape: (None, 208, 1242, 1)
CT model output shape: (None, 2)

Running CT inference...
Volume input shape: (4114, 208, 1242, 1), dtype: float32
CT selected 356 ES candidates from 4114 volumes
  True ES volumes: 354
  ES prob range: [0.000, 1.000]

Matched 3775 3-plane clusters for ED inference

Loading ED model from: /eos/home-e/evilla/dune/sn-tps/neural_networks/electron_direction/three_plane_three_plane_v58_200k_lr_schedule_20251118_110931/checkpoints/model_epoch_12_val_loss_0.8898.keras
Running ED inference on 3775 clusters...
After 3 MeV cut: 3750 clusters

True neutrino direction: [0.0984, 0.2145, 0.9718]
Using 3750 ED-predicted directions for MCMC
  MCMC: 50 initial trials, then 10001 chain steps
  Best log-likelihood: -5127.87, final proposal_scale: 0.0004

Reconstructed direction: [0.1820, -0.4676, 0.8650]
Angular error: 40.70°

======================================================================
SCENARIO 3: FULL PIPELINE (CT → ED → MCMC)
======================================================================

Loaded 4114 volumes

Loading CT model from: /eos/user/e/evilla/dune/sn-tps/neural_networks/channel_tagging/ct_volume_v52_batch_reload_20251116_101125/best_model.keras
CT model input shape: (None, 208, 1242, 1)
CT model output shape: (None, 2)

Running CT inference...
Volume input shape: (4114, 208, 1242, 1), dtype: float32
CT selected 356 ES candidates from 4114 volumes
  True ES volumes: 354
  ES prob range: [0.000, 1.000]

Matched 3775 3-plane clusters for ED inference

Loading ED model from: /eos/home-e/evilla/dune/sn-tps/neural_networks/electron_direction/three_plane_three_plane_v58_200k_lr_schedule_20251118_110931/checkpoints/model_epoch_12_val_loss_0.8898.keras
Running ED inference on 3775 clusters...
After 3 MeV cut: 3750 clusters
Using CT weights^1: range [0.525, 1.000]

True neutrino direction: [0.0984, 0.2145, 0.9718]
Using 3750 ED-predicted directions for MCMC
  MCMC: 50 initial trials, then 10001 chain steps
  Best log-likelihood: -4848.94, final proposal_scale: 0.0004

Reconstructed direction: [0.1820, -0.4676, 0.8650]
Angular error: 40.70°

======================================================================
SCENARIO 3: FULL PIPELINE (CT → ED → MCMC)
======================================================================

Loaded 4114 volumes

Loading CT model from: /eos/user/e/evilla/dune/sn-tps/neural_networks/channel_tagging/ct_volume_v52_batch_reload_20251116_101125/best_model.keras
CT model input shape: (None, 208, 1242, 1)
CT model output shape: (None, 2)

Running CT inference...
Volume input shape: (4114, 208, 1242, 1), dtype: float32
CT selected 356 ES candidates from 4114 volumes
  True ES volumes: 354
  ES prob range: [0.000, 1.000]

Matched 3775 3-plane clusters for ED inference

Loading ED model from: /eos/home-e/evilla/dune/sn-tps/neural_networks/electron_direction/three_plane_three_plane_v58_200k_lr_schedule_20251118_110931/checkpoints/model_epoch_12_val_loss_0.8898.keras
Running ED inference on 3775 clusters...
After 3 MeV cut: 3750 clusters
Using CT weights^2: range [0.276, 1.000]

True neutrino direction: [0.0984, 0.2145, 0.9718]
Using 3750 ED-predicted directions for MCMC
  MCMC: 50 initial trials, then 10001 chain steps
  Best log-likelihood: -4669.12, final proposal_scale: 0.0037

Reconstructed direction: [0.1935, -0.4418, 0.8760]
Angular error: 39.15°

======================================================================
Using EOS structure: /eos/project-e/ep-nu/evilla/sn-pointing/cat000094/pipeline
======================================================================
Saved best_case: /eos/project-e/ep-nu/evilla/sn-pointing/cat000094/pipeline/cat000094_scenario_best_case.npz
Saved perfect_ct: /eos/project-e/ep-nu/evilla/sn-pointing/cat000094/pipeline/cat000094_scenario_perfect_ct.npz
Saved full_pipeline: /eos/project-e/ep-nu/evilla/sn-pointing/cat000094/pipeline/cat000094_scenario_full_pipeline.npz
Saved weighted_linear: /eos/project-e/ep-nu/evilla/sn-pointing/cat000094/pipeline/cat000094_scenario_weighted_linear.npz
Saved weighted_squared: /eos/project-e/ep-nu/evilla/sn-pointing/cat000094/pipeline/cat000094_scenario_weighted_squared.npz

======================================================================
SUMMARY
======================================================================

BEST_CASE:
  Clusters used: 287
  Angular error: 26.24°
  Log-likelihood: 156.96

PERFECT_CT:
  Clusters used: 265
  Angular error: 20.15°
  Log-likelihood: -33.86

FULL_PIPELINE:
  Clusters used: 3750
  Angular error: 40.70°
  Log-likelihood: -5127.87

WEIGHTED_LINEAR:
  Clusters used: 3750
  Angular error: 40.70°
  Log-likelihood: -4848.94

WEIGHTED_SQUARED:
  Clusters used: 3750
  Angular error: 39.15°
  Log-likelihood: -4669.12

==========================================
SUCCESS: cat000094 completed
==========================================
