==========================================
Processing: cat000008
==========================================
Category directory: /eos/project-e/ep-nu/evilla/sn-pointing/cat000008
PDF path: /eos/home-e/evilla/dune/sn-tps/neural_networks/electron_direction/three_plane_three_plane_v58_200k_lr_schedule_20251118_110931/cosine_energy_pdf.npz
Script directory: /afs/cern.ch/work/e/evilla/private/dune/data-selection-pipeline


Running all 5 scenarios...


Loading energy-cosine PDF from: /eos/home-e/evilla/dune/sn-tps/neural_networks/electron_direction/three_plane_three_plane_v58_200k_lr_schedule_20251118_110931/cosine_energy_pdf.npz
PDF loaded: 18 energy bins, 100 cosine bins

======================================================================
SCENARIO 1: BEST CASE (True Electron Directions)
======================================================================

Loaded 7106 total clusters
ES main tracks: 302
Valid directions: 302 / 302
After 3 MeV cut: 302 clusters

True neutrino direction: [-0.0733, 0.9803, 0.1837]
Using 302 electron directions for MCMC
  MCMC: 50 initial trials, then 10001 chain steps
  Best log-likelihood: 153.58, final proposal_scale: 0.0041

Reconstructed direction: [0.3337, 0.8872, 0.3186]
Angular error: 25.34°

======================================================================
SCENARIO 2: PERFECT CT (ES Main Tracks + ED Network)
======================================================================

Files found: 10 ES, 100 CC

Loaded 3848 matched main-track clusters across U, V, X planes
ES main tracks: 276 (expected ~400 from 10 ES files × 40 events)
  Matched main tracks across all planes: 3848
  ES main tracks: 276

Loading ED model from: /eos/home-e/evilla/dune/sn-tps/neural_networks/electron_direction/three_plane_three_plane_v58_200k_lr_schedule_20251118_110931/checkpoints/model_epoch_12_val_loss_0.8898.keras
ED model input shape: [(None, 128, 32, 1), (None, 128, 32, 1), (None, 128, 32, 1)]
ED model output shape: (None, 3)

Running ED inference on 276 clusters...
ED predictions shape: (276, 3)
After 3 MeV cut: 276 clusters

True neutrino direction: [-0.0733, 0.9803, 0.1837]
Using 276 ED-predicted directions for MCMC
  MCMC: 50 initial trials, then 10001 chain steps
  Best log-likelihood: -172.38, final proposal_scale: 0.0096

Reconstructed direction: [-0.3409, 0.8932, 0.2932]
Angular error: 17.37°

======================================================================
SCENARIO 3: FULL PIPELINE (CT → ED → MCMC)
======================================================================

Loaded 4190 volumes

Loading CT model from: /eos/user/e/evilla/dune/sn-tps/neural_networks/channel_tagging/ct_volume_v52_batch_reload_20251116_101125/best_model.keras
CT model input shape: (None, 208, 1242, 1)
CT model output shape: (None, 2)

Running CT inference...
Volume input shape: (4190, 208, 1242, 1), dtype: float32
CT selected 396 ES candidates from 4190 volumes
  True ES volumes: 357
  ES prob range: [0.000, 1.000]

Matched 3848 3-plane clusters for ED inference

Loading ED model from: /eos/home-e/evilla/dune/sn-tps/neural_networks/electron_direction/three_plane_three_plane_v58_200k_lr_schedule_20251118_110931/checkpoints/model_epoch_12_val_loss_0.8898.keras
Running ED inference on 3848 clusters...
After 3 MeV cut: 3829 clusters

True neutrino direction: [-0.0733, 0.9803, 0.1837]
Using 3829 ED-predicted directions for MCMC
  MCMC: 50 initial trials, then 10001 chain steps
  Best log-likelihood: -5361.94, final proposal_scale: 0.0030

Reconstructed direction: [-0.8425, -0.5375, 0.0371]
Angular error: 117.28°

======================================================================
SCENARIO 3: FULL PIPELINE (CT → ED → MCMC)
======================================================================

Loaded 4190 volumes

Loading CT model from: /eos/user/e/evilla/dune/sn-tps/neural_networks/channel_tagging/ct_volume_v52_batch_reload_20251116_101125/best_model.keras
CT model input shape: (None, 208, 1242, 1)
CT model output shape: (None, 2)

Running CT inference...
Volume input shape: (4190, 208, 1242, 1), dtype: float32
CT selected 396 ES candidates from 4190 volumes
  True ES volumes: 357
  ES prob range: [0.000, 1.000]

Matched 3848 3-plane clusters for ED inference

Loading ED model from: /eos/home-e/evilla/dune/sn-tps/neural_networks/electron_direction/three_plane_three_plane_v58_200k_lr_schedule_20251118_110931/checkpoints/model_epoch_12_val_loss_0.8898.keras
Running ED inference on 3848 clusters...
After 3 MeV cut: 3829 clusters
Using CT weights^1: range [0.756, 1.000]

True neutrino direction: [-0.0733, 0.9803, 0.1837]
Using 3829 ED-predicted directions for MCMC
  MCMC: 50 initial trials, then 10001 chain steps
  Best log-likelihood: -5278.91, final proposal_scale: 0.0030

Reconstructed direction: [-0.8424, -0.5376, 0.0372]
Angular error: 117.28°

======================================================================
SCENARIO 3: FULL PIPELINE (CT → ED → MCMC)
======================================================================

Loaded 4190 volumes

Loading CT model from: /eos/user/e/evilla/dune/sn-tps/neural_networks/channel_tagging/ct_volume_v52_batch_reload_20251116_101125/best_model.keras
CT model input shape: (None, 208, 1242, 1)
CT model output shape: (None, 2)

Running CT inference...
Volume input shape: (4190, 208, 1242, 1), dtype: float32
CT selected 396 ES candidates from 4190 volumes
  True ES volumes: 357
  ES prob range: [0.000, 1.000]

Matched 3848 3-plane clusters for ED inference

Loading ED model from: /eos/home-e/evilla/dune/sn-tps/neural_networks/electron_direction/three_plane_three_plane_v58_200k_lr_schedule_20251118_110931/checkpoints/model_epoch_12_val_loss_0.8898.keras
Running ED inference on 3848 clusters...
After 3 MeV cut: 3829 clusters
Using CT weights^2: range [0.572, 1.000]

True neutrino direction: [-0.0733, 0.9803, 0.1837]
Using 3829 ED-predicted directions for MCMC
  MCMC: 50 initial trials, then 10001 chain steps
  Best log-likelihood: -5238.56, final proposal_scale: 0.0011

Reconstructed direction: [-0.3432, 0.4460, -0.8266]
Angular error: 71.91°

======================================================================
Using EOS structure: /eos/project-e/ep-nu/evilla/sn-pointing/cat000008/pipeline
======================================================================
Saved best_case: /eos/project-e/ep-nu/evilla/sn-pointing/cat000008/pipeline/cat000008_scenario_best_case.npz
Saved perfect_ct: /eos/project-e/ep-nu/evilla/sn-pointing/cat000008/pipeline/cat000008_scenario_perfect_ct.npz
Saved full_pipeline: /eos/project-e/ep-nu/evilla/sn-pointing/cat000008/pipeline/cat000008_scenario_full_pipeline.npz
Saved weighted_linear: /eos/project-e/ep-nu/evilla/sn-pointing/cat000008/pipeline/cat000008_scenario_weighted_linear.npz
Saved weighted_squared: /eos/project-e/ep-nu/evilla/sn-pointing/cat000008/pipeline/cat000008_scenario_weighted_squared.npz

======================================================================
SUMMARY
======================================================================

BEST_CASE:
  Clusters used: 302
  Angular error: 25.34°
  Log-likelihood: 153.58

PERFECT_CT:
  Clusters used: 276
  Angular error: 17.37°
  Log-likelihood: -172.38

FULL_PIPELINE:
  Clusters used: 3829
  Angular error: 117.28°
  Log-likelihood: -5361.94

WEIGHTED_LINEAR:
  Clusters used: 3829
  Angular error: 117.28°
  Log-likelihood: -5278.91

WEIGHTED_SQUARED:
  Clusters used: 3829
  Angular error: 71.91°
  Log-likelihood: -5238.56

==========================================
SUCCESS: cat000008 completed
==========================================
