000 (8782603.095.000) 11/20 00:44:09 Job submitted from host: <188.185.6.50:9618?addrs=188.185.6.50-9618+[2001-1458-d00-62--100-2b1]-9618&alias=bigbird25.cern.ch&noUDP&sock=schedd_1627_90ad>
...
000 (8782605.095.000) 11/20 00:44:34 Job submitted from host: <188.185.6.50:9618?addrs=188.185.6.50-9618+[2001-1458-d00-62--100-2b1]-9618&alias=bigbird25.cern.ch&noUDP&sock=schedd_1627_90ad>
...
000 (13791364.095.000) 11/20 01:08:49 Job submitted from host: <188.184.90.62:9618?addrs=188.184.90.62-9618+[2001-1458-201-e4--100-238]-9618&alias=bigbird16.cern.ch&noUDP&sock=schedd_5196_9a2f>
...
009 (8782605.095.000) 11/20 01:10:28 Job was aborted.
	via condor_rm (by user evilla)
...
040 (8782603.095.000) 11/20 01:14:31 Started transferring input files
	Transferring to host: <188.185.238.10:9618?addrs=188.185.238.10-9618+[2001-1458-303-28--100-6]-9618&alias=b9pgpun002.cern.ch&noUDP&sock=slot1_4_1939520_0c0f_1625>
...
040 (8782603.095.000) 11/20 01:14:31 Finished transferring input files
...
001 (8782603.095.000) 11/20 01:14:32 Job executing on host: <188.185.238.10:9618?addrs=188.185.238.10-9618+[2001-1458-303-28--100-6]-9618&alias=b9pgpun002.cern.ch&noUDP&sock=startd_1939478_2ae8>
	SlotName: slot1_4@b9pgpun002.cern.ch
	AvailableGPUs = { GPUs_GPU_a111cc3f }
	CondorScratchDir = "/pool/condor/dir_2453332"
	Cpus = 11
	Disk = 7225
	GPUs = 1
	GPUs_GPU_a111cc3f = [ Id = "GPU-a111cc3f"; ClockMhz = 1785.0; Capability = 9.0; CoresPerCU = 128; DeviceName = "NVIDIA H100 NVL"; DeviceUuid = "a111cc3f-b0ac-64c9-aeec-748e3fd5b066"; ECCEnabled = true; ComputeUnits = 132; DriverVersion = 13.0; DevicePciBusId = "0000:AE:00.0"; GlobalMemoryMb = 95320; MaxSupportedVersion = 13000 ]
	Memory = 33000
...
006 (8782603.095.000) 11/20 01:14:46 Image size of job updated: 354752
	347  -  MemoryUsage of job (MB)
	354752  -  ResidentSetSize of job (KB)
...
006 (8782603.095.000) 11/20 01:19:47 Image size of job updated: 58507424
	20215  -  MemoryUsage of job (MB)
	20699912  -  ResidentSetSize of job (KB)
...
006 (8782603.095.000) 11/20 01:22:21 Image size of job updated: 59714176
	20218  -  MemoryUsage of job (MB)
	20702940  -  ResidentSetSize of job (KB)
...
040 (8782603.095.000) 11/20 01:22:21 Started transferring output files
...
040 (8782603.095.000) 11/20 01:22:21 Finished transferring output files
...
005 (8782603.095.000) 11/20 01:22:21 Job terminated.
	(1) Normal termination (return value 0)
		Usr 0 00:35:41, Sys 0 00:02:22  -  Run Remote Usage
		Usr 0 00:00:00, Sys 0 00:00:00  -  Run Local Usage
		Usr 0 00:35:41, Sys 0 00:02:22  -  Total Remote Usage
		Usr 0 00:00:00, Sys 0 00:00:00  -  Total Local Usage
	18103  -  Run Bytes Sent By Job
	1959  -  Run Bytes Received By Job
	18103  -  Total Bytes Sent By Job
	1959  -  Total Bytes Received By Job
	Partitionable Resources :    Usage  Request Allocated Assigned
	   Cpus                 :        0       11        11 
	   Disk (KB)            :       45        2      7225 
	   GPUs                 :        0        1         1 "GPU-a111cc3f"
	   Memory (MB)          :    20218    33000     33000 
	   TimeExecute (s)      :      469                    
	   TimeSlotBusy (s)     :      470                    

	Job terminated of its own accord at 2025-11-20T00:22:21Z with exit-code 0.
...
040 (13791364.095.000) 11/20 01:51:31 Started transferring input files
	Transferring to host: <188.185.190.108:9618?addrs=188.185.190.108-9618+[2001-1458-d03-b--100-2ff]-9618&alias=b9pgpun015.cern.ch&noUDP&sock=slot1_2_1615979_24ca_2611>
...
040 (13791364.095.000) 11/20 01:51:31 Finished transferring input files
...
001 (13791364.095.000) 11/20 01:51:32 Job executing on host: <188.185.190.108:9618?addrs=188.185.190.108-9618+[2001-1458-d03-b--100-2ff]-9618&alias=b9pgpun015.cern.ch&noUDP&sock=startd_16497_25f7>
	SlotName: slot1_2@b9pgpun015.cern.ch
	AvailableGPUs = { GPUs_GPU_8419873c }
	CondorScratchDir = "/pool/condor/dir_647052"
	Cpus = 11
	Disk = 7159
	GPUs = 1
	GPUs_GPU_8419873c = [ Id = "GPU-8419873c"; ClockMhz = 1785.0; Capability = 9.0; CoresPerCU = 128; DeviceName = "NVIDIA H100 NVL"; DeviceUuid = "8419873c-22dc-83cd-5a57-5735ab9510a1"; ECCEnabled = true; ComputeUnits = 132; DriverVersion = 13.0; DevicePciBusId = "0000:3B:00.0"; GlobalMemoryMb = 95320; MaxSupportedVersion = 13000 ]
	Memory = 33000
...
006 (13791364.095.000) 11/20 01:51:46 Image size of job updated: 354796
	347  -  MemoryUsage of job (MB)
	354796  -  ResidentSetSize of job (KB)
...
006 (13791364.095.000) 11/20 01:56:47 Image size of job updated: 58581744
	19692  -  MemoryUsage of job (MB)
	20164344  -  ResidentSetSize of job (KB)
...
006 (13791364.095.000) 11/20 01:58:36 Image size of job updated: 59718536
	19697  -  MemoryUsage of job (MB)
	20168936  -  ResidentSetSize of job (KB)
...
040 (13791364.095.000) 11/20 01:58:36 Started transferring output files
...
040 (13791364.095.000) 11/20 01:58:36 Finished transferring output files
...
005 (13791364.095.000) 11/20 01:58:36 Job terminated.
	(1) Normal termination (return value 0)
		Usr 0 00:32:19, Sys 0 00:02:04  -  Run Remote Usage
		Usr 0 00:00:00, Sys 0 00:00:00  -  Run Local Usage
		Usr 0 00:32:19, Sys 0 00:02:04  -  Total Remote Usage
		Usr 0 00:00:00, Sys 0 00:00:00  -  Total Local Usage
	18103  -  Run Bytes Sent By Job
	1959  -  Run Bytes Received By Job
	18103  -  Total Bytes Sent By Job
	1959  -  Total Bytes Received By Job
	Partitionable Resources :    Usage  Request Allocated Assigned
	   Cpus                 :     1.00       11        11 
	   Disk (KB)            :    44           2      7159 
	   GPUs                 :     0           1         1 "GPU-8419873c"
	   GpusMemory (MB)      :   576                       
	   Memory (MB)          : 19697       33000     33000 
	   TimeExecute (s)      :   424                       
	   TimeSlotBusy (s)     :   425                       

	Job terminated of its own accord at 2025-11-20T00:58:36Z with exit-code 0.
...
