==========================================
Processing: cat000127
==========================================
Category directory: /eos/project-e/ep-nu/evilla/sn-pointing/cat000127
PDF path: /eos/home-e/evilla/dune/sn-tps/neural_networks/electron_direction/three_plane_three_plane_v58_200k_lr_schedule_20251118_110931/cosine_energy_pdf.npz
Script directory: /afs/cern.ch/work/e/evilla/private/dune/data-selection-pipeline


Running all 5 scenarios...


Loading energy-cosine PDF from: /eos/home-e/evilla/dune/sn-tps/neural_networks/electron_direction/three_plane_three_plane_v58_200k_lr_schedule_20251118_110931/cosine_energy_pdf.npz
PDF loaded: 18 energy bins, 100 cosine bins

======================================================================
SCENARIO 1: BEST CASE (True Electron Directions)
======================================================================

Loaded 6737 total clusters
ES main tracks: 325
Valid directions: 325 / 325
After 3 MeV cut: 325 clusters

True neutrino direction: [0.4914, 0.8637, -0.1117]
Using 325 electron directions for MCMC
  MCMC: 50 initial trials, then 10001 chain steps
  Best log-likelihood: 161.23, final proposal_scale: 0.0036

Reconstructed direction: [0.2449, 0.9336, 0.2616]
Angular error: 26.17°

======================================================================
SCENARIO 2: PERFECT CT (ES Main Tracks + ED Network)
======================================================================

Files found: 10 ES, 93 CC

Loaded 3614 matched main-track clusters across U, V, X planes
ES main tracks: 297 (expected ~400 from 10 ES files × 40 events)
  Matched main tracks across all planes: 3614
  ES main tracks: 297

Loading ED model from: /eos/home-e/evilla/dune/sn-tps/neural_networks/electron_direction/three_plane_three_plane_v58_200k_lr_schedule_20251118_110931/checkpoints/model_epoch_12_val_loss_0.8898.keras
ED model input shape: [(None, 128, 32, 1), (None, 128, 32, 1), (None, 128, 32, 1)]
ED model output shape: (None, 3)

Running ED inference on 297 clusters...
ED predictions shape: (297, 3)
After 3 MeV cut: 297 clusters

True neutrino direction: [0.4914, 0.8637, -0.1117]
Using 297 ED-predicted directions for MCMC
  MCMC: 50 initial trials, then 10001 chain steps
  Best log-likelihood: -205.84, final proposal_scale: 0.0301

Reconstructed direction: [0.6370, 0.7564, -0.1486]
Angular error: 10.59°

======================================================================
SCENARIO 3: FULL PIPELINE (CT → ED → MCMC)
======================================================================

Loaded 3935 volumes

Loading CT model from: /eos/user/e/evilla/dune/sn-tps/neural_networks/channel_tagging/ct_volume_v52_batch_reload_20251116_101125/best_model.keras
CT model input shape: (None, 208, 1242, 1)
CT model output shape: (None, 2)

Running CT inference...
Volume input shape: (3935, 208, 1242, 1), dtype: float32
CT selected 363 ES candidates from 3935 volumes
  True ES volumes: 372
  ES prob range: [0.000, 1.000]

Matched 3614 3-plane clusters for ED inference

Loading ED model from: /eos/home-e/evilla/dune/sn-tps/neural_networks/electron_direction/three_plane_three_plane_v58_200k_lr_schedule_20251118_110931/checkpoints/model_epoch_12_val_loss_0.8898.keras
Running ED inference on 3614 clusters...
After 3 MeV cut: 3600 clusters

True neutrino direction: [0.4914, 0.8637, -0.1117]
Using 3600 ED-predicted directions for MCMC
  MCMC: 50 initial trials, then 10001 chain steps
  Best log-likelihood: -5013.56, final proposal_scale: 0.0041

Reconstructed direction: [-0.8302, -0.4890, 0.2675]
Angular error: 149.35°

======================================================================
SCENARIO 3: FULL PIPELINE (CT → ED → MCMC)
======================================================================

Loaded 3935 volumes

Loading CT model from: /eos/user/e/evilla/dune/sn-tps/neural_networks/channel_tagging/ct_volume_v52_batch_reload_20251116_101125/best_model.keras
CT model input shape: (None, 208, 1242, 1)
CT model output shape: (None, 2)

Running CT inference...
Volume input shape: (3935, 208, 1242, 1), dtype: float32
CT selected 363 ES candidates from 3935 volumes
  True ES volumes: 372
  ES prob range: [0.000, 1.000]

Matched 3614 3-plane clusters for ED inference

Loading ED model from: /eos/home-e/evilla/dune/sn-tps/neural_networks/electron_direction/three_plane_three_plane_v58_200k_lr_schedule_20251118_110931/checkpoints/model_epoch_12_val_loss_0.8898.keras
Running ED inference on 3614 clusters...
After 3 MeV cut: 3600 clusters
Using CT weights^1: range [0.547, 1.000]

True neutrino direction: [0.4914, 0.8637, -0.1117]
Using 3600 ED-predicted directions for MCMC
  MCMC: 50 initial trials, then 10001 chain steps
  Best log-likelihood: -4678.92, final proposal_scale: 0.0016

Reconstructed direction: [-0.8429, -0.4663, 0.2686]
Angular error: 147.88°

======================================================================
SCENARIO 3: FULL PIPELINE (CT → ED → MCMC)
======================================================================

Loaded 3935 volumes

Loading CT model from: /eos/user/e/evilla/dune/sn-tps/neural_networks/channel_tagging/ct_volume_v52_batch_reload_20251116_101125/best_model.keras
CT model input shape: (None, 208, 1242, 1)
CT model output shape: (None, 2)

Running CT inference...
Volume input shape: (3935, 208, 1242, 1), dtype: float32
CT selected 363 ES candidates from 3935 volumes
  True ES volumes: 372
  ES prob range: [0.000, 1.000]

Matched 3614 3-plane clusters for ED inference

Loading ED model from: /eos/home-e/evilla/dune/sn-tps/neural_networks/electron_direction/three_plane_three_plane_v58_200k_lr_schedule_20251118_110931/checkpoints/model_epoch_12_val_loss_0.8898.keras
Running ED inference on 3614 clusters...
After 3 MeV cut: 3600 clusters
Using CT weights^2: range [0.299, 1.000]

True neutrino direction: [0.4914, 0.8637, -0.1117]
Using 3600 ED-predicted directions for MCMC
  MCMC: 50 initial trials, then 10001 chain steps
  Best log-likelihood: -4467.28, final proposal_scale: 0.0018

Reconstructed direction: [-0.8429, -0.4664, 0.2685]
Angular error: 147.89°

======================================================================
Using EOS structure: /eos/project-e/ep-nu/evilla/sn-pointing/cat000127/pipeline
======================================================================
Saved best_case: /eos/project-e/ep-nu/evilla/sn-pointing/cat000127/pipeline/cat000127_scenario_best_case.npz
Saved perfect_ct: /eos/project-e/ep-nu/evilla/sn-pointing/cat000127/pipeline/cat000127_scenario_perfect_ct.npz
Saved full_pipeline: /eos/project-e/ep-nu/evilla/sn-pointing/cat000127/pipeline/cat000127_scenario_full_pipeline.npz
Saved weighted_linear: /eos/project-e/ep-nu/evilla/sn-pointing/cat000127/pipeline/cat000127_scenario_weighted_linear.npz
Saved weighted_squared: /eos/project-e/ep-nu/evilla/sn-pointing/cat000127/pipeline/cat000127_scenario_weighted_squared.npz

======================================================================
SUMMARY
======================================================================

BEST_CASE:
  Clusters used: 325
  Angular error: 26.17°
  Log-likelihood: 161.23

PERFECT_CT:
  Clusters used: 297
  Angular error: 10.59°
  Log-likelihood: -205.84

FULL_PIPELINE:
  Clusters used: 3600
  Angular error: 149.35°
  Log-likelihood: -5013.56

WEIGHTED_LINEAR:
  Clusters used: 3600
  Angular error: 147.88°
  Log-likelihood: -4678.92

WEIGHTED_SQUARED:
  Clusters used: 3600
  Angular error: 147.89°
  Log-likelihood: -4467.28

==========================================
SUCCESS: cat000127 completed
==========================================
