000 (8782603.054.000) 11/20 00:44:09 Job submitted from host: <188.185.6.50:9618?addrs=188.185.6.50-9618+[2001-1458-d00-62--100-2b1]-9618&alias=bigbird25.cern.ch&noUDP&sock=schedd_1627_90ad>
...
000 (8782605.054.000) 11/20 00:44:34 Job submitted from host: <188.185.6.50:9618?addrs=188.185.6.50-9618+[2001-1458-d00-62--100-2b1]-9618&alias=bigbird25.cern.ch&noUDP&sock=schedd_1627_90ad>
...
040 (8782603.054.000) 11/20 00:55:20 Started transferring input files
	Transferring to host: <188.185.93.169:9618?addrs=188.185.93.169-9618+[2001-1458-d00-6c--100-19e]-9618&alias=b9g57n2934.cern.ch&noUDP&sock=slot1_1_20491_835a_8901>
...
040 (8782603.054.000) 11/20 00:55:20 Finished transferring input files
...
001 (8782603.054.000) 11/20 00:55:21 Job executing on host: <188.185.93.169:9618?addrs=188.185.93.169-9618+[2001-1458-d00-6c--100-19e]-9618&alias=b9g57n2934.cern.ch&noUDP&sock=startd_20444_7646>
	SlotName: slot1_1@b9g57n2934.cern.ch
	AvailableGPUs = { GPUs_GPU_1d17f189 }
	CondorScratchDir = "/pool/condor/dir_2210856"
	Cpus = 11
	Disk = 2048
	GPUs = 1
	GPUs_GPU_1d17f189 = [ Id = "GPU-1d17f189"; ClockMhz = 1410.0; Capability = 8.0; CoresPerCU = 64; DeviceName = "NVIDIA A100-PCIE-40GB"; DeviceUuid = "1d17f189-4819-0334-33fe-0cacfb19687c"; ECCEnabled = true; ComputeUnits = 108; DriverVersion = 13.0; DevicePciBusId = "0000:06:00.0"; GlobalMemoryMb = 40441; MaxSupportedVersion = 13000 ]
	Memory = 33000
...
006 (8782603.054.000) 11/20 00:55:34 Image size of job updated: 330724
	323  -  MemoryUsage of job (MB)
	330724  -  ResidentSetSize of job (KB)
...
006 (8782603.054.000) 11/20 01:00:34 Image size of job updated: 55576556
	32543  -  MemoryUsage of job (MB)
	33323336  -  ResidentSetSize of job (KB)
...
006 (8782603.054.000) 11/20 01:05:35 Image size of job updated: 56230180
	32544  -  MemoryUsage of job (MB)
	33324336  -  ResidentSetSize of job (KB)
...
040 (8782603.054.000) 11/20 01:05:45 Started transferring output files
...
040 (8782603.054.000) 11/20 01:05:45 Finished transferring output files
...
005 (8782603.054.000) 11/20 01:05:45 Job terminated.
	(1) Normal termination (return value 0)
		Usr 0 00:23:14, Sys 0 00:03:45  -  Run Remote Usage
		Usr 0 00:00:00, Sys 0 00:00:00  -  Run Local Usage
		Usr 0 00:23:14, Sys 0 00:03:45  -  Total Remote Usage
		Usr 0 00:00:00, Sys 0 00:00:00  -  Total Local Usage
	18100  -  Run Bytes Sent By Job
	1959  -  Run Bytes Received By Job
	18100  -  Total Bytes Sent By Job
	1959  -  Total Bytes Received By Job
	Partitionable Resources :    Usage  Request Allocated Assigned
	   Cpus                 :     1.00       11        11 
	   Disk (KB)            :    45           2      2048 
	   GPUs                 :     0           1         1 "GPU-1d17f189"
	   GpusMemory (MB)      :   624                       
	   Memory (MB)          : 32544       33000     33000 
	   TimeExecute (s)      :   624                       
	   TimeSlotBusy (s)     :   625                       

	Job terminated of its own accord at 2025-11-20T00:05:45Z with exit-code 0.
...
000 (13791364.054.000) 11/20 01:08:49 Job submitted from host: <188.184.90.62:9618?addrs=188.184.90.62-9618+[2001-1458-201-e4--100-238]-9618&alias=bigbird16.cern.ch&noUDP&sock=schedd_5196_9a2f>
...
009 (8782605.054.000) 11/20 01:10:27 Job was aborted.
	via condor_rm (by user evilla)
...
040 (13791364.054.000) 11/20 01:37:07 Started transferring input files
	Transferring to host: <188.184.195.226:9618?addrs=188.184.195.226-9618+[2001-1458-301-72--100-208]-9618&alias=b9g47n4984.cern.ch&noUDP&sock=slot1_1_258043_6316_464>
...
040 (13791364.054.000) 11/20 01:37:07 Finished transferring input files
...
001 (13791364.054.000) 11/20 01:37:08 Job executing on host: <188.184.195.226:9618?addrs=188.184.195.226-9618+[2001-1458-301-72--100-208]-9618&alias=b9g47n4984.cern.ch&noUDP&sock=startd_5603_c53b>
	SlotName: slot1_1@b9g47n4984.cern.ch
	AvailableGPUs = { GPUs_GPU_8ce30a61 }
	CondorScratchDir = "/pool/condor/dir_1106352"
	Cpus = 11
	Disk = 2076
	GPUs = 1
	GPUs_GPU_8ce30a61 = [ Id = "GPU-8ce30a61"; ClockMhz = 1590.0; Capability = 7.5; CoresPerCU = 64; DeviceName = "Tesla T4"; DeviceUuid = "8ce30a61-1c4d-d3ee-3956-d018ef656c0a"; ECCEnabled = true; ComputeUnits = 40; DriverVersion = 13.0; DevicePciBusId = "0000:07:00.0"; GlobalMemoryMb = 14913; MaxSupportedVersion = 13000 ]
	Memory = 33000
...
006 (13791364.054.000) 11/20 01:37:21 Image size of job updated: 1488
	2  -  MemoryUsage of job (MB)
	1488  -  ResidentSetSize of job (KB)
...
006 (13791364.054.000) 11/20 01:42:21 Image size of job updated: 55504984
	7389  -  MemoryUsage of job (MB)
	7565692  -  ResidentSetSize of job (KB)
...
006 (13791364.054.000) 11/20 01:47:22 Image size of job updated: 60914716
	27870  -  MemoryUsage of job (MB)
	28538196  -  ResidentSetSize of job (KB)
...
006 (13791364.054.000) 11/20 01:50:15 Image size of job updated: 64168592
	27870  -  MemoryUsage of job (MB)
	28538836  -  ResidentSetSize of job (KB)
...
040 (13791364.054.000) 11/20 01:50:15 Started transferring output files
...
040 (13791364.054.000) 11/20 01:50:15 Finished transferring output files
...
005 (13791364.054.000) 11/20 01:50:15 Job terminated.
	(1) Normal termination (return value 0)
		Usr 0 00:28:42, Sys 0 00:02:31  -  Run Remote Usage
		Usr 0 00:00:00, Sys 0 00:00:00  -  Run Local Usage
		Usr 0 00:28:42, Sys 0 00:02:31  -  Total Remote Usage
		Usr 0 00:00:00, Sys 0 00:00:00  -  Total Local Usage
	18100  -  Run Bytes Sent By Job
	1959  -  Run Bytes Received By Job
	18100  -  Total Bytes Sent By Job
	1959  -  Total Bytes Received By Job
	Partitionable Resources :    Usage  Request Allocated Assigned
	   Cpus                 :     0.99       11        11 
	   Disk (KB)            :    44           2      2076 
	   GPUs                 :     0           1         1 "GPU-8ce30a61"
	   GpusMemory (MB)      :   451                       
	   Memory (MB)          : 27870       33000     33000 
	   TimeExecute (s)      :   787                       
	   TimeSlotBusy (s)     :   788                       

	Job terminated of its own accord at 2025-11-20T00:50:15Z with exit-code 0.
...
