==========================================
Processing: cat000104
==========================================
Category directory: /eos/project-e/ep-nu/evilla/sn-pointing/cat000104
PDF path: /eos/home-e/evilla/dune/sn-tps/neural_networks/electron_direction/three_plane_three_plane_v58_200k_lr_schedule_20251118_110931/cosine_energy_pdf.npz
Script directory: /afs/cern.ch/work/e/evilla/private/dune/data-selection-pipeline


Running all 5 scenarios...


Loading energy-cosine PDF from: /eos/home-e/evilla/dune/sn-tps/neural_networks/electron_direction/three_plane_three_plane_v58_200k_lr_schedule_20251118_110931/cosine_energy_pdf.npz
PDF loaded: 18 energy bins, 100 cosine bins

======================================================================
SCENARIO 1: BEST CASE (True Electron Directions)
======================================================================

Loaded 7076 total clusters
ES main tracks: 308
Valid directions: 308 / 308
After 3 MeV cut: 308 clusters

True neutrino direction: [-0.7200, -0.6379, -0.2732]
Using 308 electron directions for MCMC
  MCMC: 50 initial trials, then 10001 chain steps
  Best log-likelihood: 194.07, final proposal_scale: 0.0030

Reconstructed direction: [-0.8713, -0.4854, 0.0731]
Angular error: 23.52°

======================================================================
SCENARIO 2: PERFECT CT (ES Main Tracks + ED Network)
======================================================================

Files found: 10 ES, 99 CC

Loaded 3810 matched main-track clusters across U, V, X planes
ES main tracks: 268 (expected ~400 from 10 ES files × 40 events)
  Matched main tracks across all planes: 3810
  ES main tracks: 268

Loading ED model from: /eos/home-e/evilla/dune/sn-tps/neural_networks/electron_direction/three_plane_three_plane_v58_200k_lr_schedule_20251118_110931/checkpoints/model_epoch_12_val_loss_0.8898.keras
ED model input shape: [(None, 128, 32, 1), (None, 128, 32, 1), (None, 128, 32, 1)]
ED model output shape: (None, 3)

Running ED inference on 268 clusters...
ED predictions shape: (268, 3)
After 3 MeV cut: 268 clusters

True neutrino direction: [-0.7200, -0.6379, -0.2732]
Using 268 ED-predicted directions for MCMC
  MCMC: 50 initial trials, then 10001 chain steps
  Best log-likelihood: -115.78, final proposal_scale: 0.0085

Reconstructed direction: [-0.6163, -0.3738, -0.6932]
Angular error: 29.36°

======================================================================
SCENARIO 3: FULL PIPELINE (CT → ED → MCMC)
======================================================================

Loaded 4169 volumes

Loading CT model from: /eos/user/e/evilla/dune/sn-tps/neural_networks/channel_tagging/ct_volume_v52_batch_reload_20251116_101125/best_model.keras
CT model input shape: (None, 208, 1242, 1)
CT model output shape: (None, 2)

Running CT inference...
Volume input shape: (4169, 208, 1242, 1), dtype: float32
CT selected 384 ES candidates from 4169 volumes
  True ES volumes: 356
  ES prob range: [0.000, 1.000]

Matched 3810 3-plane clusters for ED inference

Loading ED model from: /eos/home-e/evilla/dune/sn-tps/neural_networks/electron_direction/three_plane_three_plane_v58_200k_lr_schedule_20251118_110931/checkpoints/model_epoch_12_val_loss_0.8898.keras
Running ED inference on 3810 clusters...
After 3 MeV cut: 3790 clusters

True neutrino direction: [-0.7200, -0.6379, -0.2732]
Using 3790 ED-predicted directions for MCMC
  MCMC: 50 initial trials, then 10001 chain steps
  Best log-likelihood: -5184.54, final proposal_scale: 0.0030

Reconstructed direction: [-0.7339, -0.5869, 0.3419]
Angular error: 35.96°

======================================================================
SCENARIO 3: FULL PIPELINE (CT → ED → MCMC)
======================================================================

Loaded 4169 volumes

Loading CT model from: /eos/user/e/evilla/dune/sn-tps/neural_networks/channel_tagging/ct_volume_v52_batch_reload_20251116_101125/best_model.keras
CT model input shape: (None, 208, 1242, 1)
CT model output shape: (None, 2)

Running CT inference...
Volume input shape: (4169, 208, 1242, 1), dtype: float32
CT selected 384 ES candidates from 4169 volumes
  True ES volumes: 356
  ES prob range: [0.000, 1.000]

Matched 3810 3-plane clusters for ED inference

Loading ED model from: /eos/home-e/evilla/dune/sn-tps/neural_networks/electron_direction/three_plane_three_plane_v58_200k_lr_schedule_20251118_110931/checkpoints/model_epoch_12_val_loss_0.8898.keras
Running ED inference on 3810 clusters...
After 3 MeV cut: 3790 clusters
Using CT weights^1: range [0.527, 1.000]

True neutrino direction: [-0.7200, -0.6379, -0.2732]
Using 3790 ED-predicted directions for MCMC
  MCMC: 50 initial trials, then 10001 chain steps
  Best log-likelihood: -4916.33, final proposal_scale: 0.0036

Reconstructed direction: [-0.7339, -0.5869, 0.3420]
Angular error: 35.97°

======================================================================
SCENARIO 3: FULL PIPELINE (CT → ED → MCMC)
======================================================================

Loaded 4169 volumes

Loading CT model from: /eos/user/e/evilla/dune/sn-tps/neural_networks/channel_tagging/ct_volume_v52_batch_reload_20251116_101125/best_model.keras
CT model input shape: (None, 208, 1242, 1)
CT model output shape: (None, 2)

Running CT inference...
Volume input shape: (4169, 208, 1242, 1), dtype: float32
CT selected 384 ES candidates from 4169 volumes
  True ES volumes: 356
  ES prob range: [0.000, 1.000]

Matched 3810 3-plane clusters for ED inference

Loading ED model from: /eos/home-e/evilla/dune/sn-tps/neural_networks/electron_direction/three_plane_three_plane_v58_200k_lr_schedule_20251118_110931/checkpoints/model_epoch_12_val_loss_0.8898.keras
Running ED inference on 3810 clusters...
After 3 MeV cut: 3790 clusters
Using CT weights^2: range [0.278, 1.000]

True neutrino direction: [-0.7200, -0.6379, -0.2732]
Using 3790 ED-predicted directions for MCMC
  MCMC: 50 initial trials, then 10001 chain steps
  Best log-likelihood: -4721.52, final proposal_scale: 0.0034

Reconstructed direction: [-0.7342, -0.5877, 0.3400]
Angular error: 35.84°

======================================================================
Using EOS structure: /eos/project-e/ep-nu/evilla/sn-pointing/cat000104/pipeline
======================================================================
Saved best_case: /eos/project-e/ep-nu/evilla/sn-pointing/cat000104/pipeline/cat000104_scenario_best_case.npz
Saved perfect_ct: /eos/project-e/ep-nu/evilla/sn-pointing/cat000104/pipeline/cat000104_scenario_perfect_ct.npz
Saved full_pipeline: /eos/project-e/ep-nu/evilla/sn-pointing/cat000104/pipeline/cat000104_scenario_full_pipeline.npz
Saved weighted_linear: /eos/project-e/ep-nu/evilla/sn-pointing/cat000104/pipeline/cat000104_scenario_weighted_linear.npz
Saved weighted_squared: /eos/project-e/ep-nu/evilla/sn-pointing/cat000104/pipeline/cat000104_scenario_weighted_squared.npz

======================================================================
SUMMARY
======================================================================

BEST_CASE:
  Clusters used: 308
  Angular error: 23.52°
  Log-likelihood: 194.07

PERFECT_CT:
  Clusters used: 268
  Angular error: 29.36°
  Log-likelihood: -115.78

FULL_PIPELINE:
  Clusters used: 3790
  Angular error: 35.96°
  Log-likelihood: -5184.54

WEIGHTED_LINEAR:
  Clusters used: 3790
  Angular error: 35.97°
  Log-likelihood: -4916.33

WEIGHTED_SQUARED:
  Clusters used: 3790
  Angular error: 35.84°
  Log-likelihood: -4721.52

==========================================
SUCCESS: cat000104 completed
==========================================
