==========================================
Processing: cat000078
==========================================
Category directory: /eos/project-e/ep-nu/evilla/sn-pointing/cat000078
PDF path: /eos/home-e/evilla/dune/sn-tps/neural_networks/electron_direction/three_plane_three_plane_v58_200k_lr_schedule_20251118_110931/cosine_energy_pdf.npz
Script directory: /afs/cern.ch/work/e/evilla/private/dune/data-selection-pipeline


Running all 5 scenarios...


Loading energy-cosine PDF from: /eos/home-e/evilla/dune/sn-tps/neural_networks/electron_direction/three_plane_three_plane_v58_200k_lr_schedule_20251118_110931/cosine_energy_pdf.npz
PDF loaded: 18 energy bins, 100 cosine bins

======================================================================
SCENARIO 1: BEST CASE (True Electron Directions)
======================================================================

Loaded 6785 total clusters
ES main tracks: 317
Valid directions: 317 / 317
After 3 MeV cut: 317 clusters

True neutrino direction: [-0.9876, -0.1463, -0.0564]
Using 317 electron directions for MCMC
  MCMC: 50 initial trials, then 10001 chain steps
  Best log-likelihood: 183.60, final proposal_scale: 0.0046

Reconstructed direction: [-0.8588, -0.2923, -0.4208]
Angular error: 23.85°

======================================================================
SCENARIO 2: PERFECT CT (ES Main Tracks + ED Network)
======================================================================

Files found: 10 ES, 95 CC

Loaded 3643 matched main-track clusters across U, V, X planes
ES main tracks: 237 (expected ~400 from 10 ES files × 40 events)
  Matched main tracks across all planes: 3643
  ES main tracks: 237

Loading ED model from: /eos/home-e/evilla/dune/sn-tps/neural_networks/electron_direction/three_plane_three_plane_v58_200k_lr_schedule_20251118_110931/checkpoints/model_epoch_12_val_loss_0.8898.keras
ED model input shape: [(None, 128, 32, 1), (None, 128, 32, 1), (None, 128, 32, 1)]
ED model output shape: (None, 3)

Running ED inference on 237 clusters...
ED predictions shape: (237, 3)
After 3 MeV cut: 237 clusters

True neutrino direction: [-0.9876, -0.1463, -0.0564]
Using 237 ED-predicted directions for MCMC
  MCMC: 50 initial trials, then 10001 chain steps
  Best log-likelihood: -70.91, final proposal_scale: 0.0107

Reconstructed direction: [-0.9241, 0.3659, -0.1102]
Angular error: 30.08°

======================================================================
SCENARIO 3: FULL PIPELINE (CT → ED → MCMC)
======================================================================

Loaded 4015 volumes

Loading CT model from: /eos/user/e/evilla/dune/sn-tps/neural_networks/channel_tagging/ct_volume_v52_batch_reload_20251116_101125/best_model.keras
CT model input shape: (None, 208, 1242, 1)
CT model output shape: (None, 2)

Running CT inference...
Volume input shape: (4015, 208, 1242, 1), dtype: float32
CT selected 358 ES candidates from 4015 volumes
  True ES volumes: 361
  ES prob range: [0.000, 1.000]

Matched 3643 3-plane clusters for ED inference

Loading ED model from: /eos/home-e/evilla/dune/sn-tps/neural_networks/electron_direction/three_plane_three_plane_v58_200k_lr_schedule_20251118_110931/checkpoints/model_epoch_12_val_loss_0.8898.keras
Running ED inference on 3643 clusters...
After 3 MeV cut: 3621 clusters

True neutrino direction: [-0.9876, -0.1463, -0.0564]
Using 3621 ED-predicted directions for MCMC
  MCMC: 50 initial trials, then 10001 chain steps
  Best log-likelihood: -4976.56, final proposal_scale: 0.0070

Reconstructed direction: [-0.7493, -0.5333, -0.3927]
Angular error: 32.84°

======================================================================
SCENARIO 3: FULL PIPELINE (CT → ED → MCMC)
======================================================================

Loaded 4015 volumes

Loading CT model from: /eos/user/e/evilla/dune/sn-tps/neural_networks/channel_tagging/ct_volume_v52_batch_reload_20251116_101125/best_model.keras
CT model input shape: (None, 208, 1242, 1)
CT model output shape: (None, 2)

Running CT inference...
Volume input shape: (4015, 208, 1242, 1), dtype: float32
CT selected 358 ES candidates from 4015 volumes
  True ES volumes: 361
  ES prob range: [0.000, 1.000]

Matched 3643 3-plane clusters for ED inference

Loading ED model from: /eos/home-e/evilla/dune/sn-tps/neural_networks/electron_direction/three_plane_three_plane_v58_200k_lr_schedule_20251118_110931/checkpoints/model_epoch_12_val_loss_0.8898.keras
Running ED inference on 3643 clusters...
After 3 MeV cut: 3621 clusters
Using CT weights^1: range [0.557, 1.000]

True neutrino direction: [-0.9876, -0.1463, -0.0564]
Using 3621 ED-predicted directions for MCMC
  MCMC: 50 initial trials, then 10001 chain steps
  Best log-likelihood: -4674.84, final proposal_scale: 0.0042

Reconstructed direction: [-0.7756, -0.5954, 0.2098]
Angular error: 32.73°

======================================================================
SCENARIO 3: FULL PIPELINE (CT → ED → MCMC)
======================================================================

Loaded 4015 volumes

Loading CT model from: /eos/user/e/evilla/dune/sn-tps/neural_networks/channel_tagging/ct_volume_v52_batch_reload_20251116_101125/best_model.keras
CT model input shape: (None, 208, 1242, 1)
CT model output shape: (None, 2)

Running CT inference...
Volume input shape: (4015, 208, 1242, 1), dtype: float32
CT selected 358 ES candidates from 4015 volumes
  True ES volumes: 361
  ES prob range: [0.000, 1.000]

Matched 3643 3-plane clusters for ED inference

Loading ED model from: /eos/home-e/evilla/dune/sn-tps/neural_networks/electron_direction/three_plane_three_plane_v58_200k_lr_schedule_20251118_110931/checkpoints/model_epoch_12_val_loss_0.8898.keras
Running ED inference on 3643 clusters...
After 3 MeV cut: 3621 clusters
Using CT weights^2: range [0.311, 1.000]

True neutrino direction: [-0.9876, -0.1463, -0.0564]
Using 3621 ED-predicted directions for MCMC
  MCMC: 50 initial trials, then 10001 chain steps
  Best log-likelihood: -4443.69, final proposal_scale: 0.0047

Reconstructed direction: [-0.7755, -0.5954, 0.2098]
Angular error: 32.73°

======================================================================
Using EOS structure: /eos/project-e/ep-nu/evilla/sn-pointing/cat000078/pipeline
======================================================================
Saved best_case: /eos/project-e/ep-nu/evilla/sn-pointing/cat000078/pipeline/cat000078_scenario_best_case.npz
Saved perfect_ct: /eos/project-e/ep-nu/evilla/sn-pointing/cat000078/pipeline/cat000078_scenario_perfect_ct.npz
Saved full_pipeline: /eos/project-e/ep-nu/evilla/sn-pointing/cat000078/pipeline/cat000078_scenario_full_pipeline.npz
Saved weighted_linear: /eos/project-e/ep-nu/evilla/sn-pointing/cat000078/pipeline/cat000078_scenario_weighted_linear.npz
Saved weighted_squared: /eos/project-e/ep-nu/evilla/sn-pointing/cat000078/pipeline/cat000078_scenario_weighted_squared.npz

======================================================================
SUMMARY
======================================================================

BEST_CASE:
  Clusters used: 317
  Angular error: 23.85°
  Log-likelihood: 183.60

PERFECT_CT:
  Clusters used: 237
  Angular error: 30.08°
  Log-likelihood: -70.91

FULL_PIPELINE:
  Clusters used: 3621
  Angular error: 32.84°
  Log-likelihood: -4976.56

WEIGHTED_LINEAR:
  Clusters used: 3621
  Angular error: 32.73°
  Log-likelihood: -4674.84

WEIGHTED_SQUARED:
  Clusters used: 3621
  Angular error: 32.73°
  Log-likelihood: -4443.69

==========================================
SUCCESS: cat000078 completed
==========================================
