==========================================
Processing: cat000122
==========================================
Category directory: /eos/project-e/ep-nu/evilla/sn-pointing/cat000122
PDF path: /eos/home-e/evilla/dune/sn-tps/neural_networks/electron_direction/three_plane_three_plane_v58_200k_lr_schedule_20251118_110931/cosine_energy_pdf.npz
Script directory: /afs/cern.ch/work/e/evilla/private/dune/data-selection-pipeline


Running all 5 scenarios...


Loading energy-cosine PDF from: /eos/home-e/evilla/dune/sn-tps/neural_networks/electron_direction/three_plane_three_plane_v58_200k_lr_schedule_20251118_110931/cosine_energy_pdf.npz
PDF loaded: 18 energy bins, 100 cosine bins

======================================================================
SCENARIO 1: BEST CASE (True Electron Directions)
======================================================================

Loaded 6326 total clusters
ES main tracks: 281
Valid directions: 281 / 281
After 3 MeV cut: 281 clusters

True neutrino direction: [-0.6659, -0.2295, -0.7098]
Using 281 electron directions for MCMC
  MCMC: 50 initial trials, then 10001 chain steps
  Best log-likelihood: 203.11, final proposal_scale: 0.0051

Reconstructed direction: [-0.4132, -0.5115, -0.7534]
Angular error: 21.97°

======================================================================
SCENARIO 2: PERFECT CT (ES Main Tracks + ED Network)
======================================================================

Files found: 9 ES, 89 CC

Loaded 3480 matched main-track clusters across U, V, X planes
ES main tracks: 251 (expected ~400 from 10 ES files × 40 events)
  Matched main tracks across all planes: 3480
  ES main tracks: 251

Loading ED model from: /eos/home-e/evilla/dune/sn-tps/neural_networks/electron_direction/three_plane_three_plane_v58_200k_lr_schedule_20251118_110931/checkpoints/model_epoch_12_val_loss_0.8898.keras
ED model input shape: [(None, 128, 32, 1), (None, 128, 32, 1), (None, 128, 32, 1)]
ED model output shape: (None, 3)

Running ED inference on 251 clusters...
ED predictions shape: (251, 3)
After 3 MeV cut: 251 clusters

True neutrino direction: [-0.6659, -0.2295, -0.7098]
Using 251 ED-predicted directions for MCMC
  MCMC: 50 initial trials, then 10001 chain steps
  Best log-likelihood: -46.05, final proposal_scale: 0.0063

Reconstructed direction: [-0.2976, -0.2555, -0.9199]
Angular error: 24.52°

======================================================================
SCENARIO 3: FULL PIPELINE (CT → ED → MCMC)
======================================================================

Loaded 3767 volumes

Loading CT model from: /eos/user/e/evilla/dune/sn-tps/neural_networks/channel_tagging/ct_volume_v52_batch_reload_20251116_101125/best_model.keras
CT model input shape: (None, 208, 1242, 1)
CT model output shape: (None, 2)

Running CT inference...
Volume input shape: (3767, 208, 1242, 1), dtype: float32
CT selected 319 ES candidates from 3767 volumes
  True ES volumes: 321
  ES prob range: [0.000, 1.000]

Matched 3480 3-plane clusters for ED inference

Loading ED model from: /eos/home-e/evilla/dune/sn-tps/neural_networks/electron_direction/three_plane_three_plane_v58_200k_lr_schedule_20251118_110931/checkpoints/model_epoch_12_val_loss_0.8898.keras
Running ED inference on 3480 clusters...
After 3 MeV cut: 3466 clusters

True neutrino direction: [-0.6659, -0.2295, -0.7098]
Using 3466 ED-predicted directions for MCMC
  MCMC: 50 initial trials, then 10001 chain steps
  Best log-likelihood: -4649.35, final proposal_scale: 0.0029

Reconstructed direction: [-0.4015, 0.3067, -0.8630]
Angular error: 35.95°

======================================================================
SCENARIO 3: FULL PIPELINE (CT → ED → MCMC)
======================================================================

Loaded 3767 volumes

Loading CT model from: /eos/user/e/evilla/dune/sn-tps/neural_networks/channel_tagging/ct_volume_v52_batch_reload_20251116_101125/best_model.keras
CT model input shape: (None, 208, 1242, 1)
CT model output shape: (None, 2)

Running CT inference...
Volume input shape: (3767, 208, 1242, 1), dtype: float32
CT selected 319 ES candidates from 3767 volumes
  True ES volumes: 321
  ES prob range: [0.000, 1.000]

Matched 3480 3-plane clusters for ED inference

Loading ED model from: /eos/home-e/evilla/dune/sn-tps/neural_networks/electron_direction/three_plane_three_plane_v58_200k_lr_schedule_20251118_110931/checkpoints/model_epoch_12_val_loss_0.8898.keras
Running ED inference on 3480 clusters...
After 3 MeV cut: 3466 clusters
Using CT weights^1: range [0.568, 1.000]

True neutrino direction: [-0.6659, -0.2295, -0.7098]
Using 3466 ED-predicted directions for MCMC
  MCMC: 50 initial trials, then 10001 chain steps
  Best log-likelihood: -4336.92, final proposal_scale: 0.0026

Reconstructed direction: [-0.4016, 0.3069, -0.8628]
Angular error: 35.95°

======================================================================
SCENARIO 3: FULL PIPELINE (CT → ED → MCMC)
======================================================================

Loaded 3767 volumes

Loading CT model from: /eos/user/e/evilla/dune/sn-tps/neural_networks/channel_tagging/ct_volume_v52_batch_reload_20251116_101125/best_model.keras
CT model input shape: (None, 208, 1242, 1)
CT model output shape: (None, 2)

Running CT inference...
Volume input shape: (3767, 208, 1242, 1), dtype: float32
CT selected 319 ES candidates from 3767 volumes
  True ES volumes: 321
  ES prob range: [0.000, 1.000]

Matched 3480 3-plane clusters for ED inference

Loading ED model from: /eos/home-e/evilla/dune/sn-tps/neural_networks/electron_direction/three_plane_three_plane_v58_200k_lr_schedule_20251118_110931/checkpoints/model_epoch_12_val_loss_0.8898.keras
Running ED inference on 3480 clusters...
After 3 MeV cut: 3466 clusters
Using CT weights^2: range [0.322, 1.000]

True neutrino direction: [-0.6659, -0.2295, -0.7098]
Using 3466 ED-predicted directions for MCMC
  MCMC: 50 initial trials, then 10001 chain steps
  Best log-likelihood: -4118.29, final proposal_scale: 0.0032

Reconstructed direction: [-0.4015, 0.3068, -0.8629]
Angular error: 35.95°

======================================================================
Using EOS structure: /eos/project-e/ep-nu/evilla/sn-pointing/cat000122/pipeline
======================================================================
Saved best_case: /eos/project-e/ep-nu/evilla/sn-pointing/cat000122/pipeline/cat000122_scenario_best_case.npz
Saved perfect_ct: /eos/project-e/ep-nu/evilla/sn-pointing/cat000122/pipeline/cat000122_scenario_perfect_ct.npz
Saved full_pipeline: /eos/project-e/ep-nu/evilla/sn-pointing/cat000122/pipeline/cat000122_scenario_full_pipeline.npz
Saved weighted_linear: /eos/project-e/ep-nu/evilla/sn-pointing/cat000122/pipeline/cat000122_scenario_weighted_linear.npz
Saved weighted_squared: /eos/project-e/ep-nu/evilla/sn-pointing/cat000122/pipeline/cat000122_scenario_weighted_squared.npz

======================================================================
SUMMARY
======================================================================

BEST_CASE:
  Clusters used: 281
  Angular error: 21.97°
  Log-likelihood: 203.11

PERFECT_CT:
  Clusters used: 251
  Angular error: 24.52°
  Log-likelihood: -46.05

FULL_PIPELINE:
  Clusters used: 3466
  Angular error: 35.95°
  Log-likelihood: -4649.35

WEIGHTED_LINEAR:
  Clusters used: 3466
  Angular error: 35.95°
  Log-likelihood: -4336.92

WEIGHTED_SQUARED:
  Clusters used: 3466
  Angular error: 35.95°
  Log-likelihood: -4118.29

==========================================
SUCCESS: cat000122 completed
==========================================
