==========================================
Processing: cat000090
==========================================
Category directory: /eos/project-e/ep-nu/evilla/sn-pointing/cat000090
PDF path: /eos/home-e/evilla/dune/sn-tps/neural_networks/electron_direction/three_plane_three_plane_v58_200k_lr_schedule_20251118_110931/cosine_energy_pdf.npz
Script directory: /afs/cern.ch/work/e/evilla/private/dune/data-selection-pipeline


Running all 5 scenarios...


Loading energy-cosine PDF from: /eos/home-e/evilla/dune/sn-tps/neural_networks/electron_direction/three_plane_three_plane_v58_200k_lr_schedule_20251118_110931/cosine_energy_pdf.npz
PDF loaded: 18 energy bins, 100 cosine bins

======================================================================
SCENARIO 1: BEST CASE (True Electron Directions)
======================================================================

Loaded 7125 total clusters
ES main tracks: 333
Valid directions: 333 / 333
After 3 MeV cut: 333 clusters

True neutrino direction: [-0.9984, 0.0551, -0.0114]
Using 333 electron directions for MCMC
  MCMC: 50 initial trials, then 10001 chain steps
  Best log-likelihood: 185.73, final proposal_scale: 0.0037

Reconstructed direction: [-0.8913, 0.1702, -0.4204]
Angular error: 25.31°

======================================================================
SCENARIO 2: PERFECT CT (ES Main Tracks + ED Network)
======================================================================

Files found: 10 ES, 99 CC

Loaded 3795 matched main-track clusters across U, V, X planes
ES main tracks: 241 (expected ~400 from 10 ES files × 40 events)
  Matched main tracks across all planes: 3795
  ES main tracks: 241

Loading ED model from: /eos/home-e/evilla/dune/sn-tps/neural_networks/electron_direction/three_plane_three_plane_v58_200k_lr_schedule_20251118_110931/checkpoints/model_epoch_12_val_loss_0.8898.keras
ED model input shape: [(None, 128, 32, 1), (None, 128, 32, 1), (None, 128, 32, 1)]
ED model output shape: (None, 3)

Running ED inference on 241 clusters...
ED predictions shape: (241, 3)
After 3 MeV cut: 241 clusters

True neutrino direction: [-0.9984, 0.0551, -0.0114]
Using 241 ED-predicted directions for MCMC
  MCMC: 50 initial trials, then 10001 chain steps
  Best log-likelihood: -79.13, final proposal_scale: 0.0131

Reconstructed direction: [-0.9514, -0.2359, 0.1982]
Angular error: 20.84°

======================================================================
SCENARIO 3: FULL PIPELINE (CT → ED → MCMC)
======================================================================

Loaded 4170 volumes

Loading CT model from: /eos/user/e/evilla/dune/sn-tps/neural_networks/channel_tagging/ct_volume_v52_batch_reload_20251116_101125/best_model.keras
CT model input shape: (None, 208, 1242, 1)
CT model output shape: (None, 2)

Running CT inference...
Volume input shape: (4170, 208, 1242, 1), dtype: float32
CT selected 368 ES candidates from 4170 volumes
  True ES volumes: 370
  ES prob range: [0.000, 1.000]

Matched 3795 3-plane clusters for ED inference

Loading ED model from: /eos/home-e/evilla/dune/sn-tps/neural_networks/electron_direction/three_plane_three_plane_v58_200k_lr_schedule_20251118_110931/checkpoints/model_epoch_12_val_loss_0.8898.keras
Running ED inference on 3795 clusters...
After 3 MeV cut: 3782 clusters

True neutrino direction: [-0.9984, 0.0551, -0.0114]
Using 3782 ED-predicted directions for MCMC
  MCMC: 50 initial trials, then 10001 chain steps
  Best log-likelihood: -5066.54, final proposal_scale: 0.0013

Reconstructed direction: [-0.7857, -0.4389, -0.4359]
Angular error: 40.07°

======================================================================
SCENARIO 3: FULL PIPELINE (CT → ED → MCMC)
======================================================================

Loaded 4170 volumes

Loading CT model from: /eos/user/e/evilla/dune/sn-tps/neural_networks/channel_tagging/ct_volume_v52_batch_reload_20251116_101125/best_model.keras
CT model input shape: (None, 208, 1242, 1)
CT model output shape: (None, 2)

Running CT inference...
Volume input shape: (4170, 208, 1242, 1), dtype: float32
CT selected 368 ES candidates from 4170 volumes
  True ES volumes: 370
  ES prob range: [0.000, 1.000]

Matched 3795 3-plane clusters for ED inference

Loading ED model from: /eos/home-e/evilla/dune/sn-tps/neural_networks/electron_direction/three_plane_three_plane_v58_200k_lr_schedule_20251118_110931/checkpoints/model_epoch_12_val_loss_0.8898.keras
Running ED inference on 3795 clusters...
After 3 MeV cut: 3782 clusters
Using CT weights^1: range [0.562, 1.000]

True neutrino direction: [-0.9984, 0.0551, -0.0114]
Using 3782 ED-predicted directions for MCMC
  MCMC: 50 initial trials, then 10001 chain steps
  Best log-likelihood: -4857.88, final proposal_scale: 0.0015

Reconstructed direction: [-0.7105, -0.3375, -0.6175]
Angular error: 45.75°

======================================================================
SCENARIO 3: FULL PIPELINE (CT → ED → MCMC)
======================================================================

Loaded 4170 volumes

Loading CT model from: /eos/user/e/evilla/dune/sn-tps/neural_networks/channel_tagging/ct_volume_v52_batch_reload_20251116_101125/best_model.keras
CT model input shape: (None, 208, 1242, 1)
CT model output shape: (None, 2)

Running CT inference...
Volume input shape: (4170, 208, 1242, 1), dtype: float32
CT selected 368 ES candidates from 4170 volumes
  True ES volumes: 370
  ES prob range: [0.000, 1.000]

Matched 3795 3-plane clusters for ED inference

Loading ED model from: /eos/home-e/evilla/dune/sn-tps/neural_networks/electron_direction/three_plane_three_plane_v58_200k_lr_schedule_20251118_110931/checkpoints/model_epoch_12_val_loss_0.8898.keras
Running ED inference on 3795 clusters...
After 3 MeV cut: 3782 clusters
Using CT weights^2: range [0.316, 1.000]

True neutrino direction: [-0.9984, 0.0551, -0.0114]
Using 3782 ED-predicted directions for MCMC
  MCMC: 50 initial trials, then 10001 chain steps
  Best log-likelihood: -4638.85, final proposal_scale: 0.0014

Reconstructed direction: [-0.7105, -0.3375, -0.6175]
Angular error: 45.75°

======================================================================
Using EOS structure: /eos/project-e/ep-nu/evilla/sn-pointing/cat000090/pipeline
======================================================================
Saved best_case: /eos/project-e/ep-nu/evilla/sn-pointing/cat000090/pipeline/cat000090_scenario_best_case.npz
Saved perfect_ct: /eos/project-e/ep-nu/evilla/sn-pointing/cat000090/pipeline/cat000090_scenario_perfect_ct.npz
Saved full_pipeline: /eos/project-e/ep-nu/evilla/sn-pointing/cat000090/pipeline/cat000090_scenario_full_pipeline.npz
Saved weighted_linear: /eos/project-e/ep-nu/evilla/sn-pointing/cat000090/pipeline/cat000090_scenario_weighted_linear.npz
Saved weighted_squared: /eos/project-e/ep-nu/evilla/sn-pointing/cat000090/pipeline/cat000090_scenario_weighted_squared.npz

======================================================================
SUMMARY
======================================================================

BEST_CASE:
  Clusters used: 333
  Angular error: 25.31°
  Log-likelihood: 185.73

PERFECT_CT:
  Clusters used: 241
  Angular error: 20.84°
  Log-likelihood: -79.13

FULL_PIPELINE:
  Clusters used: 3782
  Angular error: 40.07°
  Log-likelihood: -5066.54

WEIGHTED_LINEAR:
  Clusters used: 3782
  Angular error: 45.75°
  Log-likelihood: -4857.88

WEIGHTED_SQUARED:
  Clusters used: 3782
  Angular error: 45.75°
  Log-likelihood: -4638.85

==========================================
SUCCESS: cat000090 completed
==========================================
