000 (8782603.026.000) 11/20 00:44:09 Job submitted from host: <188.185.6.50:9618?addrs=188.185.6.50-9618+[2001-1458-d00-62--100-2b1]-9618&alias=bigbird25.cern.ch&noUDP&sock=schedd_1627_90ad>
...
000 (8782605.026.000) 11/20 00:44:34 Job submitted from host: <188.185.6.50:9618?addrs=188.185.6.50-9618+[2001-1458-d00-62--100-2b1]-9618&alias=bigbird25.cern.ch&noUDP&sock=schedd_1627_90ad>
...
040 (8782603.026.000) 11/20 00:45:00 Started transferring input files
	Transferring to host: <188.185.93.144:9618?addrs=188.185.93.144-9618+[2001-1458-d00-6c--100-51]-9618&alias=b9g57n6415.cern.ch&noUDP&sock=slot1_1_20429_d418_9355>
...
040 (8782603.026.000) 11/20 00:45:00 Finished transferring input files
...
001 (8782603.026.000) 11/20 00:45:01 Job executing on host: <188.185.93.144:9618?addrs=188.185.93.144-9618+[2001-1458-d00-6c--100-51]-9618&alias=b9g57n6415.cern.ch&noUDP&sock=startd_20378_3106>
	SlotName: slot1_1@b9g57n6415.cern.ch
	AvailableGPUs = { GPUs_GPU_b1587b5f }
	CondorScratchDir = "/pool/condor/dir_2077625"
	Cpus = 11
	Disk = 2048
	GPUs = 1
	GPUs_GPU_b1587b5f = [ Id = "GPU-b1587b5f"; ClockMhz = 1410.0; Capability = 8.0; CoresPerCU = 64; DeviceName = "NVIDIA A100-PCIE-40GB"; DeviceUuid = "b1587b5f-5c26-3004-6bcf-3ce828349df6"; ECCEnabled = true; ComputeUnits = 108; DriverVersion = 13.0; DevicePciBusId = "0000:06:00.0"; GlobalMemoryMb = 40441; MaxSupportedVersion = 13000 ]
	Memory = 33000
...
006 (8782603.026.000) 11/20 00:45:14 Image size of job updated: 179384
	176  -  MemoryUsage of job (MB)
	179384  -  ResidentSetSize of job (KB)
...
006 (8782603.026.000) 11/20 00:50:14 Image size of job updated: 53860888
	37345  -  MemoryUsage of job (MB)
	38241152  -  ResidentSetSize of job (KB)
...
006 (8782603.026.000) 11/20 00:54:46 Image size of job updated: 54687388
	37346  -  MemoryUsage of job (MB)
	38241756  -  ResidentSetSize of job (KB)
...
040 (8782603.026.000) 11/20 00:54:46 Started transferring output files
...
040 (8782603.026.000) 11/20 00:54:46 Finished transferring output files
...
005 (8782603.026.000) 11/20 00:54:46 Job terminated.
	(1) Normal termination (return value 0)
		Usr 0 00:22:38, Sys 0 00:03:17  -  Run Remote Usage
		Usr 0 00:00:00, Sys 0 00:00:00  -  Run Local Usage
		Usr 0 00:22:38, Sys 0 00:03:17  -  Total Remote Usage
		Usr 0 00:00:00, Sys 0 00:00:00  -  Total Local Usage
	18096  -  Run Bytes Sent By Job
	1959  -  Run Bytes Received By Job
	18096  -  Total Bytes Sent By Job
	1959  -  Total Bytes Received By Job
	Partitionable Resources :    Usage  Request Allocated Assigned
	   Cpus                 :     0.99       11        11 
	   Disk (KB)            :    44           2      2048 
	   GPUs                 :     0           1         1 "GPU-b1587b5f"
	   GpusMemory (MB)      :   528                       
	   Memory (MB)          : 37346       33000     33000 
	   TimeExecute (s)      :   585                       
	   TimeSlotBusy (s)     :   587                       

	Job terminated of its own accord at 2025-11-19T23:54:46Z with exit-code 0.
...
000 (13791364.026.000) 11/20 01:08:49 Job submitted from host: <188.184.90.62:9618?addrs=188.184.90.62-9618+[2001-1458-201-e4--100-238]-9618&alias=bigbird16.cern.ch&noUDP&sock=schedd_5196_9a2f>
...
009 (8782605.026.000) 11/20 01:10:27 Job was aborted.
	via condor_rm (by user evilla)
...
040 (13791364.026.000) 11/20 01:25:49 Started transferring input files
	Transferring to host: <188.185.93.208:9618?addrs=188.185.93.208-9618+[2001-1458-d00-6c--100-e9]-9618&alias=b9g57n3665.cern.ch&noUDP&sock=slot1_1_3730_df51_9472>
...
040 (13791364.026.000) 11/20 01:25:49 Finished transferring input files
...
001 (13791364.026.000) 11/20 01:25:50 Job executing on host: <188.185.93.208:9618?addrs=188.185.93.208-9618+[2001-1458-d00-6c--100-e9]-9618&alias=b9g57n3665.cern.ch&noUDP&sock=startd_3378_9b02>
	SlotName: slot1_1@b9g57n3665.cern.ch
	AvailableGPUs = { GPUs_GPU_836178fb }
	CondorScratchDir = "/pool/condor/dir_2776"
	Cpus = 11
	Disk = 2048
	GPUs = 1
	GPUs_GPU_836178fb = [ Id = "GPU-836178fb"; ClockMhz = 1410.0; Capability = 8.0; CoresPerCU = 64; DeviceName = "NVIDIA A100-PCIE-40GB"; DeviceUuid = "836178fb-b193-b354-8ad9-dc95f395b443"; ECCEnabled = true; ComputeUnits = 108; DriverVersion = 13.0; DevicePciBusId = "0000:06:00.0"; GlobalMemoryMb = 40441; MaxSupportedVersion = 13000 ]
	Memory = 33000
...
006 (13791364.026.000) 11/20 01:26:03 Image size of job updated: 467960
	457  -  MemoryUsage of job (MB)
	467960  -  ResidentSetSize of job (KB)
...
006 (13791364.026.000) 11/20 01:31:03 Image size of job updated: 53325556
	39304  -  MemoryUsage of job (MB)
	40247172  -  ResidentSetSize of job (KB)
...
006 (13791364.026.000) 11/20 01:35:32 Image size of job updated: 54491792
	39305  -  MemoryUsage of job (MB)
	40247552  -  ResidentSetSize of job (KB)
...
040 (13791364.026.000) 11/20 01:35:32 Started transferring output files
...
040 (13791364.026.000) 11/20 01:35:32 Finished transferring output files
...
005 (13791364.026.000) 11/20 01:35:32 Job terminated.
	(1) Normal termination (return value 0)
		Usr 0 00:22:46, Sys 0 00:03:25  -  Run Remote Usage
		Usr 0 00:00:00, Sys 0 00:00:00  -  Run Local Usage
		Usr 0 00:22:46, Sys 0 00:03:25  -  Total Remote Usage
		Usr 0 00:00:00, Sys 0 00:00:00  -  Total Local Usage
	18097  -  Run Bytes Sent By Job
	1959  -  Run Bytes Received By Job
	18097  -  Total Bytes Sent By Job
	1959  -  Total Bytes Received By Job
	Partitionable Resources :    Usage  Request Allocated Assigned
	   Cpus                 :     0.99       11        11 
	   Disk (KB)            :    45           2      2048 
	   GPUs                 :     0           1         1 "GPU-836178fb"
	   GpusMemory (MB)      :   598                       
	   Memory (MB)          : 39305       33000     33000 
	   TimeExecute (s)      :   582                       
	   TimeSlotBusy (s)     :   583                       

	Job terminated of its own accord at 2025-11-20T00:35:32Z with exit-code 0.
...
