000 (8782603.096.000) 11/20 00:44:09 Job submitted from host: <188.185.6.50:9618?addrs=188.185.6.50-9618+[2001-1458-d00-62--100-2b1]-9618&alias=bigbird25.cern.ch&noUDP&sock=schedd_1627_90ad>
...
000 (8782605.096.000) 11/20 00:44:34 Job submitted from host: <188.185.6.50:9618?addrs=188.185.6.50-9618+[2001-1458-d00-62--100-2b1]-9618&alias=bigbird25.cern.ch&noUDP&sock=schedd_1627_90ad>
...
000 (13791364.096.000) 11/20 01:08:49 Job submitted from host: <188.184.90.62:9618?addrs=188.184.90.62-9618+[2001-1458-201-e4--100-238]-9618&alias=bigbird16.cern.ch&noUDP&sock=schedd_5196_9a2f>
...
009 (8782605.096.000) 11/20 01:10:28 Job was aborted.
	via condor_rm (by user evilla)
...
040 (8782603.096.000) 11/20 01:15:24 Started transferring input files
	Transferring to host: <188.185.92.229:9618?addrs=188.185.92.229-9618+[2001-1458-d00-6c--100-241]-9618&alias=b9g57n1136.cern.ch&noUDP&sock=slot1_1_19366_d94d_6584>
...
040 (8782603.096.000) 11/20 01:15:24 Finished transferring input files
...
001 (8782603.096.000) 11/20 01:15:25 Job executing on host: <188.185.92.229:9618?addrs=188.185.92.229-9618+[2001-1458-d00-6c--100-241]-9618&alias=b9g57n1136.cern.ch&noUDP&sock=startd_18488_cf07>
	SlotName: slot1_1@b9g57n1136.cern.ch
	AvailableGPUs = { GPUs_GPU_9576d3f1 }
	CondorScratchDir = "/pool/condor/dir_1921416"
	Cpus = 11
	Disk = 2048
	GPUs = 1
	GPUs_GPU_9576d3f1 = [ Id = "GPU-9576d3f1"; ClockMhz = 1410.0; Capability = 8.0; CoresPerCU = 64; DeviceName = "NVIDIA A100-PCIE-40GB"; DeviceUuid = "9576d3f1-d05d-7c3b-136d-333dbbe9c5a1"; ECCEnabled = true; ComputeUnits = 108; DriverVersion = 13.0; DevicePciBusId = "0000:06:00.0"; GlobalMemoryMb = 40441; MaxSupportedVersion = 13000 ]
	Memory = 33000
...
006 (8782603.096.000) 11/20 01:15:39 Image size of job updated: 351412
	344  -  MemoryUsage of job (MB)
	351412  -  ResidentSetSize of job (KB)
...
006 (8782603.096.000) 11/20 01:20:40 Image size of job updated: 53789344
	49375  -  MemoryUsage of job (MB)
	50559128  -  ResidentSetSize of job (KB)
...
006 (8782603.096.000) 11/20 01:24:49 Image size of job updated: 54411364
	49375  -  MemoryUsage of job (MB)
	50559128  -  ResidentSetSize of job (KB)
...
040 (8782603.096.000) 11/20 01:24:49 Started transferring output files
...
040 (8782603.096.000) 11/20 01:24:49 Finished transferring output files
...
005 (8782603.096.000) 11/20 01:24:49 Job terminated.
	(1) Normal termination (return value 0)
		Usr 0 00:22:05, Sys 0 00:03:23  -  Run Remote Usage
		Usr 0 00:00:00, Sys 0 00:00:00  -  Run Local Usage
		Usr 0 00:22:05, Sys 0 00:03:23  -  Total Remote Usage
		Usr 0 00:00:00, Sys 0 00:00:00  -  Total Local Usage
	18089  -  Run Bytes Sent By Job
	1959  -  Run Bytes Received By Job
	18089  -  Total Bytes Sent By Job
	1959  -  Total Bytes Received By Job
	Partitionable Resources :    Usage  Request Allocated Assigned
	   Cpus                 :     0.99       11        11 
	   Disk (KB)            :    45           2      2048 
	   GPUs                 :     0           1         1 "GPU-9576d3f1"
	   GpusMemory (MB)      :   592                       
	   Memory (MB)          : 49375       33000     33000 
	   TimeExecute (s)      :   564                       
	   TimeSlotBusy (s)     :   565                       

	Job terminated of its own accord at 2025-11-20T00:24:49Z with exit-code 0.
...
040 (13791364.096.000) 11/20 01:51:32 Started transferring input files
	Transferring to host: <188.185.190.108:9618?addrs=188.185.190.108-9618+[2001-1458-d03-b--100-2ff]-9618&alias=b9pgpun015.cern.ch&noUDP&sock=slot1_3_1615979_24ca_2612>
...
040 (13791364.096.000) 11/20 01:51:32 Finished transferring input files
...
001 (13791364.096.000) 11/20 01:51:33 Job executing on host: <188.185.190.108:9618?addrs=188.185.190.108-9618+[2001-1458-d03-b--100-2ff]-9618&alias=b9pgpun015.cern.ch&noUDP&sock=startd_16497_25f7>
	SlotName: slot1_3@b9pgpun015.cern.ch
	AvailableGPUs = { GPUs_GPU_6c758778 }
	CondorScratchDir = "/pool/condor/dir_647054"
	Cpus = 11
	Disk = 7159
	GPUs = 1
	GPUs_GPU_6c758778 = [ Id = "GPU-6c758778"; ClockMhz = 1785.0; Capability = 9.0; CoresPerCU = 128; DeviceName = "NVIDIA H100 NVL"; DeviceUuid = "6c758778-f190-832d-194b-c3fac08a8c33"; ECCEnabled = true; ComputeUnits = 132; DriverVersion = 13.0; DevicePciBusId = "0000:AE:00.0"; GlobalMemoryMb = 95320; MaxSupportedVersion = 13000 ]
	Memory = 33000
...
006 (13791364.096.000) 11/20 01:51:46 Image size of job updated: 311484
	297  -  MemoryUsage of job (MB)
	303660  -  ResidentSetSize of job (KB)
...
006 (13791364.096.000) 11/20 01:56:46 Image size of job updated: 61513208
	12800  -  MemoryUsage of job (MB)
	13107076  -  ResidentSetSize of job (KB)
...
006 (13791364.096.000) 11/20 01:59:00 Image size of job updated: 62328200
	12801  -  MemoryUsage of job (MB)
	13107992  -  ResidentSetSize of job (KB)
...
040 (13791364.096.000) 11/20 01:59:00 Started transferring output files
...
040 (13791364.096.000) 11/20 01:59:00 Finished transferring output files
...
005 (13791364.096.000) 11/20 01:59:00 Job terminated.
	(1) Normal termination (return value 0)
		Usr 0 00:35:07, Sys 0 00:02:14  -  Run Remote Usage
		Usr 0 00:00:00, Sys 0 00:00:00  -  Run Local Usage
		Usr 0 00:35:07, Sys 0 00:02:14  -  Total Remote Usage
		Usr 0 00:00:00, Sys 0 00:00:00  -  Total Local Usage
	18089  -  Run Bytes Sent By Job
	1959  -  Run Bytes Received By Job
	18089  -  Total Bytes Sent By Job
	1959  -  Total Bytes Received By Job
	Partitionable Resources :    Usage  Request Allocated Assigned
	   Cpus                 :     1.00       11        11 
	   Disk (KB)            :    44           2      7159 
	   GPUs                 :     0           1         1 "GPU-6c758778"
	   GpusMemory (MB)      :   514                       
	   Memory (MB)          : 12801       33000     33000 
	   TimeExecute (s)      :   447                       
	   TimeSlotBusy (s)     :   448                       

	Job terminated of its own accord at 2025-11-20T00:59:00Z with exit-code 0.
...
