==========================================
Processing: cat000142
==========================================
Category directory: /eos/project-e/ep-nu/evilla/sn-pointing/cat000142
PDF path: /eos/home-e/evilla/dune/sn-tps/neural_networks/electron_direction/three_plane_three_plane_v58_200k_lr_schedule_20251118_110931/cosine_energy_pdf.npz
Script directory: /afs/cern.ch/work/e/evilla/private/dune/data-selection-pipeline


Running all 5 scenarios...


Loading energy-cosine PDF from: /eos/home-e/evilla/dune/sn-tps/neural_networks/electron_direction/three_plane_three_plane_v58_200k_lr_schedule_20251118_110931/cosine_energy_pdf.npz
PDF loaded: 18 energy bins, 100 cosine bins

======================================================================
SCENARIO 1: BEST CASE (True Electron Directions)
======================================================================

Loaded 6685 total clusters
ES main tracks: 322
Valid directions: 322 / 322
After 3 MeV cut: 321 clusters

True neutrino direction: [-0.2814, -0.8929, 0.3516]
Using 321 electron directions for MCMC
  MCMC: 50 initial trials, then 10001 chain steps
  Best log-likelihood: 255.42, final proposal_scale: 0.0032

Reconstructed direction: [-0.0240, -0.8025, 0.5962]
Angular error: 21.12°

======================================================================
SCENARIO 2: PERFECT CT (ES Main Tracks + ED Network)
======================================================================

Files found: 10 ES, 94 CC

Loaded 3643 matched main-track clusters across U, V, X planes
ES main tracks: 298 (expected ~400 from 10 ES files × 40 events)
  Matched main tracks across all planes: 3643
  ES main tracks: 298

Loading ED model from: /eos/home-e/evilla/dune/sn-tps/neural_networks/electron_direction/three_plane_three_plane_v58_200k_lr_schedule_20251118_110931/checkpoints/model_epoch_12_val_loss_0.8898.keras
ED model input shape: [(None, 128, 32, 1), (None, 128, 32, 1), (None, 128, 32, 1)]
ED model output shape: (None, 3)

Running ED inference on 298 clusters...
ED predictions shape: (298, 3)
After 3 MeV cut: 298 clusters

True neutrino direction: [-0.2814, -0.8929, 0.3516]
Using 298 ED-predicted directions for MCMC
  MCMC: 50 initial trials, then 10001 chain steps
  Best log-likelihood: -145.25, final proposal_scale: 0.0056

Reconstructed direction: [-0.3395, -0.9332, -0.1175]
Angular error: 27.44°

======================================================================
SCENARIO 3: FULL PIPELINE (CT → ED → MCMC)
======================================================================

Loaded 3959 volumes

Loading CT model from: /eos/user/e/evilla/dune/sn-tps/neural_networks/channel_tagging/ct_volume_v52_batch_reload_20251116_101125/best_model.keras
CT model input shape: (None, 208, 1242, 1)
CT model output shape: (None, 2)

Running CT inference...
Volume input shape: (3959, 208, 1242, 1), dtype: float32
CT selected 374 ES candidates from 3959 volumes
  True ES volumes: 363
  ES prob range: [0.000, 1.000]

Matched 3643 3-plane clusters for ED inference

Loading ED model from: /eos/home-e/evilla/dune/sn-tps/neural_networks/electron_direction/three_plane_three_plane_v58_200k_lr_schedule_20251118_110931/checkpoints/model_epoch_12_val_loss_0.8898.keras
Running ED inference on 3643 clusters...
After 3 MeV cut: 3626 clusters

True neutrino direction: [-0.2814, -0.8929, 0.3516]
Using 3626 ED-predicted directions for MCMC
  MCMC: 50 initial trials, then 10001 chain steps
  Best log-likelihood: -4944.57, final proposal_scale: 0.0020

Reconstructed direction: [-0.5624, -0.8269, 0.0044]
Angular error: 26.09°

======================================================================
SCENARIO 3: FULL PIPELINE (CT → ED → MCMC)
======================================================================

Loaded 3959 volumes

Loading CT model from: /eos/user/e/evilla/dune/sn-tps/neural_networks/channel_tagging/ct_volume_v52_batch_reload_20251116_101125/best_model.keras
CT model input shape: (None, 208, 1242, 1)
CT model output shape: (None, 2)

Running CT inference...
Volume input shape: (3959, 208, 1242, 1), dtype: float32
CT selected 374 ES candidates from 3959 volumes
  True ES volumes: 363
  ES prob range: [0.000, 1.000]

Matched 3643 3-plane clusters for ED inference

Loading ED model from: /eos/home-e/evilla/dune/sn-tps/neural_networks/electron_direction/three_plane_three_plane_v58_200k_lr_schedule_20251118_110931/checkpoints/model_epoch_12_val_loss_0.8898.keras
Running ED inference on 3643 clusters...
After 3 MeV cut: 3626 clusters
Using CT weights^1: range [0.637, 1.000]

True neutrino direction: [-0.2814, -0.8929, 0.3516]
Using 3626 ED-predicted directions for MCMC
  MCMC: 50 initial trials, then 10001 chain steps
  Best log-likelihood: -4727.14, final proposal_scale: 0.0005

Reconstructed direction: [-0.8295, -0.5547, 0.0655]
Angular error: 41.26°

======================================================================
SCENARIO 3: FULL PIPELINE (CT → ED → MCMC)
======================================================================

Loaded 3959 volumes

Loading CT model from: /eos/user/e/evilla/dune/sn-tps/neural_networks/channel_tagging/ct_volume_v52_batch_reload_20251116_101125/best_model.keras
CT model input shape: (None, 208, 1242, 1)
CT model output shape: (None, 2)

Running CT inference...
Volume input shape: (3959, 208, 1242, 1), dtype: float32
CT selected 374 ES candidates from 3959 volumes
  True ES volumes: 363
  ES prob range: [0.000, 1.000]

Matched 3643 3-plane clusters for ED inference

Loading ED model from: /eos/home-e/evilla/dune/sn-tps/neural_networks/electron_direction/three_plane_three_plane_v58_200k_lr_schedule_20251118_110931/checkpoints/model_epoch_12_val_loss_0.8898.keras
Running ED inference on 3643 clusters...
After 3 MeV cut: 3626 clusters
Using CT weights^2: range [0.405, 1.000]

True neutrino direction: [-0.2814, -0.8929, 0.3516]
Using 3626 ED-predicted directions for MCMC
  MCMC: 50 initial trials, then 10001 chain steps
  Best log-likelihood: -4575.36, final proposal_scale: 0.0005

Reconstructed direction: [-0.8294, -0.5547, 0.0654]
Angular error: 41.26°

======================================================================
Using EOS structure: /eos/project-e/ep-nu/evilla/sn-pointing/cat000142/pipeline
======================================================================
Saved best_case: /eos/project-e/ep-nu/evilla/sn-pointing/cat000142/pipeline/cat000142_scenario_best_case.npz
Saved perfect_ct: /eos/project-e/ep-nu/evilla/sn-pointing/cat000142/pipeline/cat000142_scenario_perfect_ct.npz
Saved full_pipeline: /eos/project-e/ep-nu/evilla/sn-pointing/cat000142/pipeline/cat000142_scenario_full_pipeline.npz
Saved weighted_linear: /eos/project-e/ep-nu/evilla/sn-pointing/cat000142/pipeline/cat000142_scenario_weighted_linear.npz
Saved weighted_squared: /eos/project-e/ep-nu/evilla/sn-pointing/cat000142/pipeline/cat000142_scenario_weighted_squared.npz

======================================================================
SUMMARY
======================================================================

BEST_CASE:
  Clusters used: 321
  Angular error: 21.12°
  Log-likelihood: 255.42

PERFECT_CT:
  Clusters used: 298
  Angular error: 27.44°
  Log-likelihood: -145.25

FULL_PIPELINE:
  Clusters used: 3626
  Angular error: 26.09°
  Log-likelihood: -4944.57

WEIGHTED_LINEAR:
  Clusters used: 3626
  Angular error: 41.26°
  Log-likelihood: -4727.14

WEIGHTED_SQUARED:
  Clusters used: 3626
  Angular error: 41.26°
  Log-likelihood: -4575.36

==========================================
SUCCESS: cat000142 completed
==========================================
