000 (8782603.057.000) 11/20 00:44:09 Job submitted from host: <188.185.6.50:9618?addrs=188.185.6.50-9618+[2001-1458-d00-62--100-2b1]-9618&alias=bigbird25.cern.ch&noUDP&sock=schedd_1627_90ad>
...
000 (8782605.057.000) 11/20 00:44:34 Job submitted from host: <188.185.6.50:9618?addrs=188.185.6.50-9618+[2001-1458-d00-62--100-2b1]-9618&alias=bigbird25.cern.ch&noUDP&sock=schedd_1627_90ad>
...
040 (8782603.057.000) 11/20 00:55:43 Started transferring input files
	Transferring to host: <188.185.92.187:9618?addrs=188.185.92.187-9618+[2001-1458-d00-6c--100-187]-9618&alias=b9g57n1627.cern.ch&noUDP&sock=slot1_1_15549_6d51_8812>
...
040 (8782603.057.000) 11/20 00:55:43 Finished transferring input files
...
001 (8782603.057.000) 11/20 00:55:44 Job executing on host: <188.185.92.187:9618?addrs=188.185.92.187-9618+[2001-1458-d00-6c--100-187]-9618&alias=b9g57n1627.cern.ch&noUDP&sock=startd_14708_0b09>
	SlotName: slot1_1@b9g57n1627.cern.ch
	AvailableGPUs = { GPUs_GPU_17f035a0 }
	CondorScratchDir = "/pool/condor/dir_309095"
	Cpus = 11
	Disk = 2048
	GPUs = 1
	GPUs_GPU_17f035a0 = [ Id = "GPU-17f035a0"; ClockMhz = 1410.0; Capability = 8.0; CoresPerCU = 64; DeviceName = "NVIDIA A100-PCIE-40GB"; DeviceUuid = "17f035a0-2803-bbec-2357-4944e9cca222"; ECCEnabled = true; ComputeUnits = 108; DriverVersion = 13.0; DevicePciBusId = "0000:06:00.0"; GlobalMemoryMb = 40441; MaxSupportedVersion = 13000 ]
	Memory = 33000
...
006 (8782603.057.000) 11/20 00:55:58 Image size of job updated: 330680
	323  -  MemoryUsage of job (MB)
	330680  -  ResidentSetSize of job (KB)
...
006 (8782603.057.000) 11/20 01:00:58 Image size of job updated: 53733872
	33901  -  MemoryUsage of job (MB)
	34714392  -  ResidentSetSize of job (KB)
...
006 (8782603.057.000) 11/20 01:05:52 Image size of job updated: 55369416
	33902  -  MemoryUsage of job (MB)
	34715224  -  ResidentSetSize of job (KB)
...
040 (8782603.057.000) 11/20 01:05:52 Started transferring output files
...
040 (8782603.057.000) 11/20 01:05:52 Finished transferring output files
...
005 (8782603.057.000) 11/20 01:05:52 Job terminated.
	(1) Normal termination (return value 0)
		Usr 0 00:22:19, Sys 0 00:04:00  -  Run Remote Usage
		Usr 0 00:00:00, Sys 0 00:00:00  -  Run Local Usage
		Usr 0 00:22:19, Sys 0 00:04:00  -  Total Remote Usage
		Usr 0 00:00:00, Sys 0 00:00:00  -  Total Local Usage
	18109  -  Run Bytes Sent By Job
	1959  -  Run Bytes Received By Job
	18109  -  Total Bytes Sent By Job
	1959  -  Total Bytes Received By Job
	Partitionable Resources :    Usage  Request Allocated Assigned
	   Cpus                 :     1.00       11        11 
	   Disk (KB)            :    45           2      2048 
	   GPUs                 :     0           1         1 "GPU-17f035a0"
	   GpusMemory (MB)      :   530                       
	   Memory (MB)          : 33902       33000     33000 
	   TimeExecute (s)      :   608                       
	   TimeSlotBusy (s)     :   609                       

	Job terminated of its own accord at 2025-11-20T00:05:52Z with exit-code 0.
...
000 (13791364.057.000) 11/20 01:08:49 Job submitted from host: <188.184.90.62:9618?addrs=188.184.90.62-9618+[2001-1458-201-e4--100-238]-9618&alias=bigbird16.cern.ch&noUDP&sock=schedd_5196_9a2f>
...
009 (8782605.057.000) 11/20 01:10:27 Job was aborted.
	via condor_rm (by user evilla)
...
040 (13791364.057.000) 11/20 01:37:41 Started transferring input files
	Transferring to host: <188.184.195.72:9618?addrs=188.184.195.72-9618+[2001-1458-301-72--100-3bf]-9618&alias=b9g47n6462.cern.ch&noUDP&sock=slot1_1_18519_0f8a_9282>
...
040 (13791364.057.000) 11/20 01:37:41 Finished transferring input files
...
001 (13791364.057.000) 11/20 01:37:42 Job executing on host: <188.184.195.72:9618?addrs=188.184.195.72-9618+[2001-1458-301-72--100-3bf]-9618&alias=b9g47n6462.cern.ch&noUDP&sock=startd_17580_ff09>
	SlotName: slot1_1@b9g47n6462.cern.ch
	AvailableGPUs = { GPUs_GPU_097ed6ab }
	CondorScratchDir = "/pool/condor/dir_184565"
	Cpus = 11
	Disk = 2059
	GPUs = 1
	GPUs_GPU_097ed6ab = [ Id = "GPU-097ed6ab"; ClockMhz = 1590.0; Capability = 7.5; CoresPerCU = 64; DeviceName = "Tesla T4"; DeviceUuid = "097ed6ab-2e6f-8d98-37a3-6ad09a369fc4"; ECCEnabled = true; ComputeUnits = 40; DriverVersion = 13.0; DevicePciBusId = "0000:07:00.0"; GlobalMemoryMb = 14913; MaxSupportedVersion = 13000 ]
	Memory = 33000
...
006 (13791364.057.000) 11/20 01:37:56 Image size of job updated: 350676
	343  -  MemoryUsage of job (MB)
	350676  -  ResidentSetSize of job (KB)
...
006 (13791364.057.000) 11/20 01:42:57 Image size of job updated: 54050936
	18360  -  MemoryUsage of job (MB)
	18800148  -  ResidentSetSize of job (KB)
...
006 (13791364.057.000) 11/20 01:47:57 Image size of job updated: 59355224
	40668  -  MemoryUsage of job (MB)
	41643876  -  ResidentSetSize of job (KB)
...
006 (13791364.057.000) 11/20 01:50:01 Image size of job updated: 62897944
	40668  -  MemoryUsage of job (MB)
	41643876  -  ResidentSetSize of job (KB)
...
040 (13791364.057.000) 11/20 01:50:01 Started transferring output files
...
040 (13791364.057.000) 11/20 01:50:01 Finished transferring output files
...
005 (13791364.057.000) 11/20 01:50:01 Job terminated.
	(1) Normal termination (return value 0)
		Usr 0 00:28:50, Sys 0 00:02:26  -  Run Remote Usage
		Usr 0 00:00:00, Sys 0 00:00:00  -  Run Local Usage
		Usr 0 00:28:50, Sys 0 00:02:26  -  Total Remote Usage
		Usr 0 00:00:00, Sys 0 00:00:00  -  Total Local Usage
	18110  -  Run Bytes Sent By Job
	1959  -  Run Bytes Received By Job
	18110  -  Total Bytes Sent By Job
	1959  -  Total Bytes Received By Job
	Partitionable Resources :    Usage  Request Allocated Assigned
	   Cpus                 :     0.99       11        11 
	   Disk (KB)            :    45           2      2059 
	   GPUs                 :     0           1         1 "GPU-097ed6ab"
	   GpusMemory (MB)      :   567                       
	   Memory (MB)          : 40668       33000     33000 
	   TimeExecute (s)      :   739                       
	   TimeSlotBusy (s)     :   740                       

	Job terminated of its own accord at 2025-11-20T00:50:01Z with exit-code 0.
...
