==========================================
Processing: cat000015
==========================================
Category directory: /eos/project-e/ep-nu/evilla/sn-pointing/cat000015
PDF path: /eos/home-e/evilla/dune/sn-tps/neural_networks/electron_direction/three_plane_three_plane_v58_200k_lr_schedule_20251118_110931/cosine_energy_pdf.npz
Script directory: /afs/cern.ch/work/e/evilla/private/dune/data-selection-pipeline


Running all 5 scenarios...


Loading energy-cosine PDF from: /eos/home-e/evilla/dune/sn-tps/neural_networks/electron_direction/three_plane_three_plane_v58_200k_lr_schedule_20251118_110931/cosine_energy_pdf.npz
PDF loaded: 18 energy bins, 100 cosine bins

======================================================================
SCENARIO 1: BEST CASE (True Electron Directions)
======================================================================

Loaded 7219 total clusters
ES main tracks: 325
Valid directions: 325 / 325
After 3 MeV cut: 325 clusters

True neutrino direction: [0.5571, 0.7311, -0.3939]
Using 325 electron directions for MCMC
  MCMC: 50 initial trials, then 10001 chain steps
  Best log-likelihood: 160.88, final proposal_scale: 0.0020

Reconstructed direction: [0.8541, 0.4626, -0.2378]
Angular error: 24.81°

======================================================================
SCENARIO 2: PERFECT CT (ES Main Tracks + ED Network)
======================================================================

Loaded 3880 matched main-track clusters across U, V, X planes
ES main tracks: 288 (expected ~320 from 8 ES files × 40 events)
  Matched main tracks across all planes: 3880
  ES main tracks: 288

Loading ED model from: /eos/home-e/evilla/dune/sn-tps/neural_networks/electron_direction/three_plane_three_plane_v58_200k_lr_schedule_20251118_110931/checkpoints/model_epoch_12_val_loss_0.8898.keras
ED model input shape: [(None, 128, 32, 1), (None, 128, 32, 1), (None, 128, 32, 1)]
ED model output shape: (None, 3)

Running ED inference on 288 clusters...
ED predictions shape: (288, 3)
After 3 MeV cut: 288 clusters

True neutrino direction: [0.5571, 0.7311, -0.3939]
Using 288 ED-predicted directions for MCMC
  MCMC: 50 initial trials, then 10001 chain steps
  Best log-likelihood: -142.36, final proposal_scale: 0.0038

Reconstructed direction: [0.3331, 0.6480, -0.6850]
Angular error: 21.71°

======================================================================
SCENARIO 3: FULL PIPELINE (CT → ED → MCMC)
======================================================================

Loaded 4206 volumes

Loading CT model from: /eos/user/e/evilla/dune/sn-tps/neural_networks/channel_tagging/ct_volume_v52_batch_reload_20251116_101125/best_model.keras
CT model input shape: (None, 208, 1242, 1)
CT model output shape: (None, 2)

Running CT inference...
Volume input shape: (4206, 208, 1242, 1), dtype: float32
CT selected 387 ES candidates from 4206 volumes
  True ES volumes: 360
  ES prob range: [0.000, 1.000]

Matched 3880 3-plane clusters for ED inference

Loading ED model from: /eos/home-e/evilla/dune/sn-tps/neural_networks/electron_direction/three_plane_three_plane_v58_200k_lr_schedule_20251118_110931/checkpoints/model_epoch_12_val_loss_0.8898.keras
Running ED inference on 3880 clusters...
After 3 MeV cut: 3860 clusters

True neutrino direction: [0.5571, 0.7311, -0.3939]
Using 3860 ED-predicted directions for MCMC
  MCMC: 50 initial trials, then 10001 chain steps
  Best log-likelihood: -5331.17, final proposal_scale: 0.0007

Reconstructed direction: [-0.3555, 0.7084, -0.6098]
Angular error: 55.95°

======================================================================
SCENARIO 3: FULL PIPELINE (CT → ED → MCMC)
======================================================================

Loaded 4206 volumes

Loading CT model from: /eos/user/e/evilla/dune/sn-tps/neural_networks/channel_tagging/ct_volume_v52_batch_reload_20251116_101125/best_model.keras
CT model input shape: (None, 208, 1242, 1)
CT model output shape: (None, 2)

Running CT inference...
Volume input shape: (4206, 208, 1242, 1), dtype: float32
CT selected 387 ES candidates from 4206 volumes
  True ES volumes: 360
  ES prob range: [0.000, 1.000]

Matched 3880 3-plane clusters for ED inference

Loading ED model from: /eos/home-e/evilla/dune/sn-tps/neural_networks/electron_direction/three_plane_three_plane_v58_200k_lr_schedule_20251118_110931/checkpoints/model_epoch_12_val_loss_0.8898.keras
Running ED inference on 3880 clusters...
After 3 MeV cut: 3860 clusters
Using CT weights^1: range [0.594, 1.000]

True neutrino direction: [0.5571, 0.7311, -0.3939]
Using 3860 ED-predicted directions for MCMC
  MCMC: 50 initial trials, then 10001 chain steps
  Best log-likelihood: -5069.74, final proposal_scale: 0.0010

Reconstructed direction: [-0.3556, 0.7084, -0.6097]
Angular error: 55.95°

======================================================================
SCENARIO 3: FULL PIPELINE (CT → ED → MCMC)
======================================================================

Loaded 4206 volumes

Loading CT model from: /eos/user/e/evilla/dune/sn-tps/neural_networks/channel_tagging/ct_volume_v52_batch_reload_20251116_101125/best_model.keras
CT model input shape: (None, 208, 1242, 1)
CT model output shape: (None, 2)

Running CT inference...
Volume input shape: (4206, 208, 1242, 1), dtype: float32
CT selected 387 ES candidates from 4206 volumes
  True ES volumes: 360
  ES prob range: [0.000, 1.000]

Matched 3880 3-plane clusters for ED inference

Loading ED model from: /eos/home-e/evilla/dune/sn-tps/neural_networks/electron_direction/three_plane_three_plane_v58_200k_lr_schedule_20251118_110931/checkpoints/model_epoch_12_val_loss_0.8898.keras
Running ED inference on 3880 clusters...
After 3 MeV cut: 3860 clusters
Using CT weights^2: range [0.353, 1.000]

True neutrino direction: [0.5571, 0.7311, -0.3939]
Using 3860 ED-predicted directions for MCMC
  MCMC: 50 initial trials, then 10001 chain steps
  Best log-likelihood: -4897.66, final proposal_scale: 0.0009

Reconstructed direction: [-0.3556, 0.7085, -0.6096]
Angular error: 55.95°

======================================================================
Using EOS structure: /eos/project-e/ep-nu/evilla/sn-pointing/cat000015/pipeline
======================================================================
Saved best_case: /eos/project-e/ep-nu/evilla/sn-pointing/cat000015/pipeline/cat000015_scenario_best_case.npz
Saved perfect_ct: /eos/project-e/ep-nu/evilla/sn-pointing/cat000015/pipeline/cat000015_scenario_perfect_ct.npz
Saved full_pipeline: /eos/project-e/ep-nu/evilla/sn-pointing/cat000015/pipeline/cat000015_scenario_full_pipeline.npz
Saved weighted_linear: /eos/project-e/ep-nu/evilla/sn-pointing/cat000015/pipeline/cat000015_scenario_weighted_linear.npz
Saved weighted_squared: /eos/project-e/ep-nu/evilla/sn-pointing/cat000015/pipeline/cat000015_scenario_weighted_squared.npz

======================================================================
SUMMARY
======================================================================

BEST_CASE:
  Clusters used: 325
  Angular error: 24.81°
  Log-likelihood: 160.88

PERFECT_CT:
  Clusters used: 288
  Angular error: 21.71°
  Log-likelihood: -142.36

FULL_PIPELINE:
  Clusters used: 3860
  Angular error: 55.95°
  Log-likelihood: -5331.17

WEIGHTED_LINEAR:
  Clusters used: 3860
  Angular error: 55.95°
  Log-likelihood: -5069.74

WEIGHTED_SQUARED:
  Clusters used: 3860
  Angular error: 55.95°
  Log-likelihood: -4897.66

==========================================
SUCCESS: cat000015 completed
==========================================
