==========================================
Processing: cat000082
==========================================
Category directory: /eos/project-e/ep-nu/evilla/sn-pointing/cat000082
PDF path: /eos/home-e/evilla/dune/sn-tps/neural_networks/electron_direction/three_plane_three_plane_v58_200k_lr_schedule_20251118_110931/cosine_energy_pdf.npz
Script directory: /afs/cern.ch/work/e/evilla/private/dune/data-selection-pipeline


Running all 5 scenarios...


Loading energy-cosine PDF from: /eos/home-e/evilla/dune/sn-tps/neural_networks/electron_direction/three_plane_three_plane_v58_200k_lr_schedule_20251118_110931/cosine_energy_pdf.npz
PDF loaded: 18 energy bins, 100 cosine bins

======================================================================
SCENARIO 1: BEST CASE (True Electron Directions)
======================================================================

Loaded 6678 total clusters
ES main tracks: 318
Valid directions: 318 / 318
After 3 MeV cut: 318 clusters

True neutrino direction: [-0.0353, 0.4341, 0.9002]
Using 318 electron directions for MCMC
  MCMC: 50 initial trials, then 10001 chain steps
  Best log-likelihood: 189.95, final proposal_scale: 0.0046

Reconstructed direction: [-0.3124, 0.0924, 0.9454]
Angular error: 25.55°

======================================================================
SCENARIO 2: PERFECT CT (ES Main Tracks + ED Network)
======================================================================

Files found: 10 ES, 93 CC

Loaded 3678 matched main-track clusters across U, V, X planes
ES main tracks: 295 (expected ~400 from 10 ES files × 40 events)
  Matched main tracks across all planes: 3678
  ES main tracks: 295

Loading ED model from: /eos/home-e/evilla/dune/sn-tps/neural_networks/electron_direction/three_plane_three_plane_v58_200k_lr_schedule_20251118_110931/checkpoints/model_epoch_12_val_loss_0.8898.keras
ED model input shape: [(None, 128, 32, 1), (None, 128, 32, 1), (None, 128, 32, 1)]
ED model output shape: (None, 3)

Running ED inference on 295 clusters...
ED predictions shape: (295, 3)
After 3 MeV cut: 295 clusters

True neutrino direction: [-0.0353, 0.4341, 0.9002]
Using 295 ED-predicted directions for MCMC
  MCMC: 50 initial trials, then 10001 chain steps
  Best log-likelihood: -67.18, final proposal_scale: 0.0068

Reconstructed direction: [0.2533, 0.4321, 0.8655]
Angular error: 16.72°

======================================================================
SCENARIO 3: FULL PIPELINE (CT → ED → MCMC)
======================================================================

Loaded 3965 volumes

Loading CT model from: /eos/user/e/evilla/dune/sn-tps/neural_networks/channel_tagging/ct_volume_v52_batch_reload_20251116_101125/best_model.keras
CT model input shape: (None, 208, 1242, 1)
CT model output shape: (None, 2)

Running CT inference...
Volume input shape: (3965, 208, 1242, 1), dtype: float32
CT selected 382 ES candidates from 3965 volumes
  True ES volumes: 366
  ES prob range: [0.000, 1.000]

Matched 3678 3-plane clusters for ED inference

Loading ED model from: /eos/home-e/evilla/dune/sn-tps/neural_networks/electron_direction/three_plane_three_plane_v58_200k_lr_schedule_20251118_110931/checkpoints/model_epoch_12_val_loss_0.8898.keras
Running ED inference on 3678 clusters...
After 3 MeV cut: 3654 clusters

True neutrino direction: [-0.0353, 0.4341, 0.9002]
Using 3654 ED-predicted directions for MCMC
  MCMC: 50 initial trials, then 10001 chain steps
  Best log-likelihood: -5057.09, final proposal_scale: 0.0037

Reconstructed direction: [0.1678, -0.5949, 0.7861]
Angular error: 63.68°

======================================================================
SCENARIO 3: FULL PIPELINE (CT → ED → MCMC)
======================================================================

Loaded 3965 volumes

Loading CT model from: /eos/user/e/evilla/dune/sn-tps/neural_networks/channel_tagging/ct_volume_v52_batch_reload_20251116_101125/best_model.keras
CT model input shape: (None, 208, 1242, 1)
CT model output shape: (None, 2)

Running CT inference...
Volume input shape: (3965, 208, 1242, 1), dtype: float32
CT selected 382 ES candidates from 3965 volumes
  True ES volumes: 366
  ES prob range: [0.000, 1.000]

Matched 3678 3-plane clusters for ED inference

Loading ED model from: /eos/home-e/evilla/dune/sn-tps/neural_networks/electron_direction/three_plane_three_plane_v58_200k_lr_schedule_20251118_110931/checkpoints/model_epoch_12_val_loss_0.8898.keras
Running ED inference on 3678 clusters...
After 3 MeV cut: 3654 clusters
Using CT weights^1: range [0.766, 1.000]

True neutrino direction: [-0.0353, 0.4341, 0.9002]
Using 3654 ED-predicted directions for MCMC
  MCMC: 50 initial trials, then 10001 chain steps
  Best log-likelihood: -5008.75, final proposal_scale: 0.0044

Reconstructed direction: [-0.3365, -0.4230, 0.8413]
Angular error: 54.15°

======================================================================
SCENARIO 3: FULL PIPELINE (CT → ED → MCMC)
======================================================================

Loaded 3965 volumes

Loading CT model from: /eos/user/e/evilla/dune/sn-tps/neural_networks/channel_tagging/ct_volume_v52_batch_reload_20251116_101125/best_model.keras
CT model input shape: (None, 208, 1242, 1)
CT model output shape: (None, 2)

Running CT inference...
Volume input shape: (3965, 208, 1242, 1), dtype: float32
CT selected 382 ES candidates from 3965 volumes
  True ES volumes: 366
  ES prob range: [0.000, 1.000]

Matched 3678 3-plane clusters for ED inference

Loading ED model from: /eos/home-e/evilla/dune/sn-tps/neural_networks/electron_direction/three_plane_three_plane_v58_200k_lr_schedule_20251118_110931/checkpoints/model_epoch_12_val_loss_0.8898.keras
Running ED inference on 3678 clusters...
After 3 MeV cut: 3654 clusters
Using CT weights^2: range [0.587, 1.000]

True neutrino direction: [-0.0353, 0.4341, 0.9002]
Using 3654 ED-predicted directions for MCMC
  MCMC: 50 initial trials, then 10001 chain steps
  Best log-likelihood: -4934.92, final proposal_scale: 0.0031

Reconstructed direction: [0.1680, -0.5947, 0.7862]
Angular error: 63.66°

======================================================================
Using EOS structure: /eos/project-e/ep-nu/evilla/sn-pointing/cat000082/pipeline
======================================================================
Saved best_case: /eos/project-e/ep-nu/evilla/sn-pointing/cat000082/pipeline/cat000082_scenario_best_case.npz
Saved perfect_ct: /eos/project-e/ep-nu/evilla/sn-pointing/cat000082/pipeline/cat000082_scenario_perfect_ct.npz
Saved full_pipeline: /eos/project-e/ep-nu/evilla/sn-pointing/cat000082/pipeline/cat000082_scenario_full_pipeline.npz
Saved weighted_linear: /eos/project-e/ep-nu/evilla/sn-pointing/cat000082/pipeline/cat000082_scenario_weighted_linear.npz
Saved weighted_squared: /eos/project-e/ep-nu/evilla/sn-pointing/cat000082/pipeline/cat000082_scenario_weighted_squared.npz

======================================================================
SUMMARY
======================================================================

BEST_CASE:
  Clusters used: 318
  Angular error: 25.55°
  Log-likelihood: 189.95

PERFECT_CT:
  Clusters used: 295
  Angular error: 16.72°
  Log-likelihood: -67.18

FULL_PIPELINE:
  Clusters used: 3654
  Angular error: 63.68°
  Log-likelihood: -5057.09

WEIGHTED_LINEAR:
  Clusters used: 3654
  Angular error: 54.15°
  Log-likelihood: -5008.75

WEIGHTED_SQUARED:
  Clusters used: 3654
  Angular error: 63.66°
  Log-likelihood: -4934.92

==========================================
SUCCESS: cat000082 completed
==========================================
