000 (8782606.002.000) 11/20 00:44:34 Job submitted from host: <188.185.6.50:9618?addrs=188.185.6.50-9618+[2001-1458-d00-62--100-2b1]-9618&alias=bigbird25.cern.ch&noUDP&sock=schedd_1627_90ad>
...
000 (13791365.002.000) 11/20 01:08:49 Job submitted from host: <188.184.90.62:9618?addrs=188.184.90.62-9618+[2001-1458-201-e4--100-238]-9618&alias=bigbird16.cern.ch&noUDP&sock=schedd_5196_9a2f>
...
009 (8782606.002.000) 11/20 01:10:42 Job was aborted.
	via condor_rm (by user evilla)
...
040 (13791365.002.000) 11/20 01:56:57 Started transferring input files
	Transferring to host: <188.185.92.157:9618?addrs=188.185.92.157-9618+[2001-1458-d00-6c--100-379]-9618&alias=b9g57n1695.cern.ch&noUDP&sock=slot1_1_5389_c9b4_9399>
...
040 (13791365.002.000) 11/20 01:56:57 Finished transferring input files
...
001 (13791365.002.000) 11/20 01:56:58 Job executing on host: <188.185.92.157:9618?addrs=188.185.92.157-9618+[2001-1458-d00-6c--100-379]-9618&alias=b9g57n1695.cern.ch&noUDP&sock=startd_5342_bf03>
	SlotName: slot1_1@b9g57n1695.cern.ch
	AvailableGPUs = { GPUs_GPU_837d59ba }
	CondorScratchDir = "/pool/condor/dir_2741857"
	Cpus = 11
	Disk = 2048
	GPUs = 1
	GPUs_GPU_837d59ba = [ Id = "GPU-837d59ba"; ClockMhz = 1410.0; Capability = 8.0; CoresPerCU = 64; DeviceName = "NVIDIA A100-PCIE-40GB"; DeviceUuid = "837d59ba-8828-f50d-eac6-78cf9176c415"; ECCEnabled = true; ComputeUnits = 108; DriverVersion = 13.0; DevicePciBusId = "0000:06:00.0"; GlobalMemoryMb = 40441; MaxSupportedVersion = 13000 ]
	Memory = 33000
...
006 (13791365.002.000) 11/20 01:57:12 Image size of job updated: 478808
	468  -  MemoryUsage of job (MB)
	478808  -  ResidentSetSize of job (KB)
...
006 (13791365.002.000) 11/20 02:02:13 Image size of job updated: 56559952
	36605  -  MemoryUsage of job (MB)
	37483276  -  ResidentSetSize of job (KB)
...
006 (13791365.002.000) 11/20 02:07:06 Image size of job updated: 57204084
	36606  -  MemoryUsage of job (MB)
	37483760  -  ResidentSetSize of job (KB)
...
040 (13791365.002.000) 11/20 02:07:06 Started transferring output files
...
040 (13791365.002.000) 11/20 02:07:06 Finished transferring output files
...
005 (13791365.002.000) 11/20 02:07:06 Job terminated.
	(1) Normal termination (return value 0)
		Usr 0 00:23:32, Sys 0 00:03:30  -  Run Remote Usage
		Usr 0 00:00:00, Sys 0 00:00:00  -  Run Local Usage
		Usr 0 00:23:32, Sys 0 00:03:30  -  Total Remote Usage
		Usr 0 00:00:00, Sys 0 00:00:00  -  Total Local Usage
	18095  -  Run Bytes Sent By Job
	1959  -  Run Bytes Received By Job
	18095  -  Total Bytes Sent By Job
	1959  -  Total Bytes Received By Job
	Partitionable Resources :    Usage  Request Allocated Assigned
	   Cpus                 :     0.98       11        11 
	   Disk (KB)            :    45           2      2048 
	   GPUs                 :     0           1         1 "GPU-837d59ba"
	   GpusMemory (MB)      :   544                       
	   Memory (MB)          : 36606       33000     33000 
	   TimeExecute (s)      :   608                       
	   TimeSlotBusy (s)     :   609                       

	Job terminated of its own accord at 2025-11-20T01:07:06Z with exit-code 0.
...
