==========================================
Processing: cat000054
==========================================
Category directory: /eos/project-e/ep-nu/evilla/sn-pointing/cat000054
PDF path: /eos/home-e/evilla/dune/sn-tps/neural_networks/electron_direction/three_plane_three_plane_v58_200k_lr_schedule_20251118_110931/cosine_energy_pdf.npz
Script directory: /afs/cern.ch/work/e/evilla/private/dune/data-selection-pipeline


Running all 5 scenarios...


Loading energy-cosine PDF from: /eos/home-e/evilla/dune/sn-tps/neural_networks/electron_direction/three_plane_three_plane_v58_200k_lr_schedule_20251118_110931/cosine_energy_pdf.npz
PDF loaded: 18 energy bins, 100 cosine bins

======================================================================
SCENARIO 1: BEST CASE (True Electron Directions)
======================================================================

Loaded 6366 total clusters
ES main tracks: 247
Valid directions: 247 / 247
After 3 MeV cut: 247 clusters

True neutrino direction: [-0.6891, 0.7227, -0.0532]
Using 247 electron directions for MCMC
  MCMC: 50 initial trials, then 10001 chain steps
  Best log-likelihood: 144.44, final proposal_scale: 0.0024

Reconstructed direction: [-0.6634, 0.5672, -0.4880]
Angular error: 26.74°

======================================================================
SCENARIO 2: PERFECT CT (ES Main Tracks + ED Network)
======================================================================

Files found: 8 ES, 90 CC

Loaded 3419 matched main-track clusters across U, V, X planes
ES main tracks: 209 (expected ~400 from 10 ES files × 40 events)
  Matched main tracks across all planes: 3419
  ES main tracks: 209

Loading ED model from: /eos/home-e/evilla/dune/sn-tps/neural_networks/electron_direction/three_plane_three_plane_v58_200k_lr_schedule_20251118_110931/checkpoints/model_epoch_12_val_loss_0.8898.keras
ED model input shape: [(None, 128, 32, 1), (None, 128, 32, 1), (None, 128, 32, 1)]
ED model output shape: (None, 3)

Running ED inference on 209 clusters...
ED predictions shape: (209, 3)
After 3 MeV cut: 209 clusters

True neutrino direction: [-0.6891, 0.7227, -0.0532]
Using 209 ED-predicted directions for MCMC
  MCMC: 50 initial trials, then 10001 chain steps
  Best log-likelihood: -113.89, final proposal_scale: 0.0086

Reconstructed direction: [-0.7505, 0.6561, 0.0797]
Angular error: 9.23°

======================================================================
SCENARIO 3: FULL PIPELINE (CT → ED → MCMC)
======================================================================

Loaded 3753 volumes

Loading CT model from: /eos/user/e/evilla/dune/sn-tps/neural_networks/channel_tagging/ct_volume_v52_batch_reload_20251116_101125/best_model.keras
CT model input shape: (None, 208, 1242, 1)
CT model output shape: (None, 2)

Running CT inference...
Volume input shape: (3753, 208, 1242, 1), dtype: float32
CT selected 358 ES candidates from 3753 volumes
  True ES volumes: 290
  ES prob range: [0.000, 1.000]

Matched 3419 3-plane clusters for ED inference

Loading ED model from: /eos/home-e/evilla/dune/sn-tps/neural_networks/electron_direction/three_plane_three_plane_v58_200k_lr_schedule_20251118_110931/checkpoints/model_epoch_12_val_loss_0.8898.keras
Running ED inference on 3419 clusters...
After 3 MeV cut: 3395 clusters

True neutrino direction: [-0.6891, 0.7227, -0.0532]
Using 3395 ED-predicted directions for MCMC
  MCMC: 50 initial trials, then 10001 chain steps
  Best log-likelihood: -4604.81, final proposal_scale: 0.0005

Reconstructed direction: [-0.2461, 0.5237, -0.8156]
Angular error: 53.74°

======================================================================
SCENARIO 3: FULL PIPELINE (CT → ED → MCMC)
======================================================================

Loaded 3753 volumes

Loading CT model from: /eos/user/e/evilla/dune/sn-tps/neural_networks/channel_tagging/ct_volume_v52_batch_reload_20251116_101125/best_model.keras
CT model input shape: (None, 208, 1242, 1)
CT model output shape: (None, 2)

Running CT inference...
Volume input shape: (3753, 208, 1242, 1), dtype: float32
CT selected 358 ES candidates from 3753 volumes
  True ES volumes: 290
  ES prob range: [0.000, 1.000]

Matched 3419 3-plane clusters for ED inference

Loading ED model from: /eos/home-e/evilla/dune/sn-tps/neural_networks/electron_direction/three_plane_three_plane_v58_200k_lr_schedule_20251118_110931/checkpoints/model_epoch_12_val_loss_0.8898.keras
Running ED inference on 3419 clusters...
After 3 MeV cut: 3395 clusters
Using CT weights^1: range [0.530, 1.000]

True neutrino direction: [-0.6891, 0.7227, -0.0532]
Using 3395 ED-predicted directions for MCMC
  MCMC: 50 initial trials, then 10001 chain steps
  Best log-likelihood: -4345.67, final proposal_scale: 0.0005

Reconstructed direction: [-0.2461, 0.5237, -0.8156]
Angular error: 53.74°

======================================================================
SCENARIO 3: FULL PIPELINE (CT → ED → MCMC)
======================================================================

Loaded 3753 volumes

Loading CT model from: /eos/user/e/evilla/dune/sn-tps/neural_networks/channel_tagging/ct_volume_v52_batch_reload_20251116_101125/best_model.keras
CT model input shape: (None, 208, 1242, 1)
CT model output shape: (None, 2)

Running CT inference...
Volume input shape: (3753, 208, 1242, 1), dtype: float32
CT selected 358 ES candidates from 3753 volumes
  True ES volumes: 290
  ES prob range: [0.000, 1.000]

Matched 3419 3-plane clusters for ED inference

Loading ED model from: /eos/home-e/evilla/dune/sn-tps/neural_networks/electron_direction/three_plane_three_plane_v58_200k_lr_schedule_20251118_110931/checkpoints/model_epoch_12_val_loss_0.8898.keras
Running ED inference on 3419 clusters...
After 3 MeV cut: 3395 clusters
Using CT weights^2: range [0.281, 1.000]

True neutrino direction: [-0.6891, 0.7227, -0.0532]
Using 3395 ED-predicted directions for MCMC
  MCMC: 50 initial trials, then 10001 chain steps
  Best log-likelihood: -4173.92, final proposal_scale: 0.0013

Reconstructed direction: [-0.2729, 0.5195, -0.8097]
Angular error: 52.66°

======================================================================
Using EOS structure: /eos/project-e/ep-nu/evilla/sn-pointing/cat000054/pipeline
======================================================================
Saved best_case: /eos/project-e/ep-nu/evilla/sn-pointing/cat000054/pipeline/cat000054_scenario_best_case.npz
Saved perfect_ct: /eos/project-e/ep-nu/evilla/sn-pointing/cat000054/pipeline/cat000054_scenario_perfect_ct.npz
Saved full_pipeline: /eos/project-e/ep-nu/evilla/sn-pointing/cat000054/pipeline/cat000054_scenario_full_pipeline.npz
Saved weighted_linear: /eos/project-e/ep-nu/evilla/sn-pointing/cat000054/pipeline/cat000054_scenario_weighted_linear.npz
Saved weighted_squared: /eos/project-e/ep-nu/evilla/sn-pointing/cat000054/pipeline/cat000054_scenario_weighted_squared.npz

======================================================================
SUMMARY
======================================================================

BEST_CASE:
  Clusters used: 247
  Angular error: 26.74°
  Log-likelihood: 144.44

PERFECT_CT:
  Clusters used: 209
  Angular error: 9.23°
  Log-likelihood: -113.89

FULL_PIPELINE:
  Clusters used: 3395
  Angular error: 53.74°
  Log-likelihood: -4604.81

WEIGHTED_LINEAR:
  Clusters used: 3395
  Angular error: 53.74°
  Log-likelihood: -4345.67

WEIGHTED_SQUARED:
  Clusters used: 3395
  Angular error: 52.66°
  Log-likelihood: -4173.92

==========================================
SUCCESS: cat000054 completed
==========================================
