000 (8782603.020.000) 11/20 00:44:09 Job submitted from host: <188.185.6.50:9618?addrs=188.185.6.50-9618+[2001-1458-d00-62--100-2b1]-9618&alias=bigbird25.cern.ch&noUDP&sock=schedd_1627_90ad>
...
000 (8782605.020.000) 11/20 00:44:34 Job submitted from host: <188.185.6.50:9618?addrs=188.185.6.50-9618+[2001-1458-d00-62--100-2b1]-9618&alias=bigbird25.cern.ch&noUDP&sock=schedd_1627_90ad>
...
040 (8782603.020.000) 11/20 00:44:58 Started transferring input files
	Transferring to host: <188.185.93.124:9618?addrs=188.185.93.124-9618+[2001-1458-d00-6c--100-39b]-9618&alias=b9g57n5419.cern.ch&noUDP&sock=slot1_1_3378_db42_9274>
...
040 (8782603.020.000) 11/20 00:44:58 Finished transferring input files
...
001 (8782603.020.000) 11/20 00:44:59 Job executing on host: <188.185.93.124:9618?addrs=188.185.93.124-9618+[2001-1458-d00-6c--100-39b]-9618&alias=b9g57n5419.cern.ch&noUDP&sock=startd_3029_3874>
	SlotName: slot1_1@b9g57n5419.cern.ch
	AvailableGPUs = { GPUs_GPU_8e36ebf7 }
	CondorScratchDir = "/pool/condor/dir_1737736"
	Cpus = 11
	Disk = 2048
	GPUs = 1
	GPUs_GPU_8e36ebf7 = [ Id = "GPU-8e36ebf7"; ClockMhz = 1410.0; Capability = 8.0; CoresPerCU = 64; DeviceName = "NVIDIA A100-PCIE-40GB"; DeviceUuid = "8e36ebf7-cfeb-baed-bbe4-21263bcdba53"; ECCEnabled = true; ComputeUnits = 108; DriverVersion = 13.0; DevicePciBusId = "0000:06:00.0"; GlobalMemoryMb = 40441; MaxSupportedVersion = 13000 ]
	Memory = 33000
...
006 (8782603.020.000) 11/20 00:45:13 Image size of job updated: 182416
	179  -  MemoryUsage of job (MB)
	182416  -  ResidentSetSize of job (KB)
...
006 (8782603.020.000) 11/20 00:50:14 Image size of job updated: 52550696
	39847  -  MemoryUsage of job (MB)
	40802364  -  ResidentSetSize of job (KB)
...
006 (8782603.020.000) 11/20 00:54:31 Image size of job updated: 52844728
	39847  -  MemoryUsage of job (MB)
	40803192  -  ResidentSetSize of job (KB)
...
040 (8782603.020.000) 11/20 00:54:31 Started transferring output files
...
040 (8782603.020.000) 11/20 00:54:31 Finished transferring output files
...
005 (8782603.020.000) 11/20 00:54:31 Job terminated.
	(1) Normal termination (return value 0)
		Usr 0 00:21:23, Sys 0 00:03:16  -  Run Remote Usage
		Usr 0 00:00:00, Sys 0 00:00:00  -  Run Local Usage
		Usr 0 00:21:23, Sys 0 00:03:16  -  Total Remote Usage
		Usr 0 00:00:00, Sys 0 00:00:00  -  Total Local Usage
	18385  -  Run Bytes Sent By Job
	1959  -  Run Bytes Received By Job
	18385  -  Total Bytes Sent By Job
	1959  -  Total Bytes Received By Job
	Partitionable Resources :    Usage  Request Allocated Assigned
	   Cpus                 :     1.00       11        11 
	   Disk (KB)            :    44           2      2048 
	   GPUs                 :     0           1         1 "GPU-8e36ebf7"
	   GpusMemory (MB)      :   628                       
	   Memory (MB)          : 39847       33000     33000 
	   TimeExecute (s)      :   572                       
	   TimeSlotBusy (s)     :   574                       

	Job terminated of its own accord at 2025-11-19T23:54:31Z with exit-code 0.
...
000 (13791364.020.000) 11/20 01:08:49 Job submitted from host: <188.184.90.62:9618?addrs=188.184.90.62-9618+[2001-1458-201-e4--100-238]-9618&alias=bigbird16.cern.ch&noUDP&sock=schedd_5196_9a2f>
...
009 (8782605.020.000) 11/20 01:10:27 Job was aborted.
	via condor_rm (by user evilla)
...
040 (13791364.020.000) 11/20 01:23:30 Started transferring input files
	Transferring to host: <188.185.238.10:9618?addrs=188.185.238.10-9618+[2001-1458-303-28--100-6]-9618&alias=b9pgpun002.cern.ch&noUDP&sock=slot1_4_1939520_0c0f_1632>
...
040 (13791364.020.000) 11/20 01:23:30 Finished transferring input files
...
001 (13791364.020.000) 11/20 01:23:31 Job executing on host: <188.185.238.10:9618?addrs=188.185.238.10-9618+[2001-1458-303-28--100-6]-9618&alias=b9pgpun002.cern.ch&noUDP&sock=startd_1939478_2ae8>
	SlotName: slot1_4@b9pgpun002.cern.ch
	AvailableGPUs = { GPUs_GPU_a111cc3f }
	CondorScratchDir = "/pool/condor/dir_2463074"
	Cpus = 11
	Disk = 7225
	GPUs = 1
	GPUs_GPU_a111cc3f = [ Id = "GPU-a111cc3f"; ClockMhz = 1785.0; Capability = 9.0; CoresPerCU = 128; DeviceName = "NVIDIA H100 NVL"; DeviceUuid = "a111cc3f-b0ac-64c9-aeec-748e3fd5b066"; ECCEnabled = true; ComputeUnits = 132; DriverVersion = 13.0; DevicePciBusId = "0000:AE:00.0"; GlobalMemoryMb = 95320; MaxSupportedVersion = 13000 ]
	Memory = 33000
...
006 (13791364.020.000) 11/20 01:23:44 Image size of job updated: 342688
	335  -  MemoryUsage of job (MB)
	342688  -  ResidentSetSize of job (KB)
...
006 (13791364.020.000) 11/20 01:28:44 Image size of job updated: 54835436
	53551  -  MemoryUsage of job (MB)
	54835436  -  ResidentSetSize of job (KB)
...
006 (13791364.020.000) 11/20 01:32:49 Image size of job updated: 62298984
	53552  -  MemoryUsage of job (MB)
	54836256  -  ResidentSetSize of job (KB)
...
040 (13791364.020.000) 11/20 01:32:49 Started transferring output files
...
040 (13791364.020.000) 11/20 01:32:49 Finished transferring output files
...
005 (13791364.020.000) 11/20 01:32:49 Job terminated.
	(1) Normal termination (return value 0)
		Usr 0 00:35:12, Sys 0 00:03:19  -  Run Remote Usage
		Usr 0 00:00:00, Sys 0 00:00:00  -  Run Local Usage
		Usr 0 00:35:12, Sys 0 00:03:19  -  Total Remote Usage
		Usr 0 00:00:00, Sys 0 00:00:00  -  Total Local Usage
	18387  -  Run Bytes Sent By Job
	1959  -  Run Bytes Received By Job
	18387  -  Total Bytes Sent By Job
	1959  -  Total Bytes Received By Job
	Partitionable Resources :    Usage  Request Allocated Assigned
	   Cpus                 :     0.98       11        11 
	   Disk (KB)            :    44           2      7225 
	   GPUs                 :     0           1         1 "GPU-a111cc3f"
	   GpusMemory (MB)      :   514                       
	   Memory (MB)          : 53552       33000     33000 
	   TimeExecute (s)      :   558                       
	   TimeSlotBusy (s)     :   559                       

	Job terminated of its own accord at 2025-11-20T00:32:49Z with exit-code 0.
...
