==========================================
Processing: cat000023
==========================================
Category directory: /eos/project-e/ep-nu/evilla/sn-pointing/cat000023
PDF path: /eos/home-e/evilla/dune/sn-tps/neural_networks/electron_direction/three_plane_three_plane_v58_200k_lr_schedule_20251118_110931/cosine_energy_pdf.npz
Script directory: /afs/cern.ch/work/e/evilla/private/dune/data-selection-pipeline


Running all 5 scenarios...


Loading energy-cosine PDF from: /eos/home-e/evilla/dune/sn-tps/neural_networks/electron_direction/three_plane_three_plane_v58_200k_lr_schedule_20251118_110931/cosine_energy_pdf.npz
PDF loaded: 18 energy bins, 100 cosine bins

======================================================================
SCENARIO 1: BEST CASE (True Electron Directions)
======================================================================

Loaded 7074 total clusters
ES main tracks: 304
Valid directions: 304 / 304
After 3 MeV cut: 304 clusters

True neutrino direction: [-0.2768, 0.8151, 0.5090]
Using 304 electron directions for MCMC
  MCMC: 50 initial trials, then 10001 chain steps
  Best log-likelihood: 156.07, final proposal_scale: 0.0016

Reconstructed direction: [-0.3986, 0.9116, 0.1002]
Angular error: 25.27°

======================================================================
SCENARIO 2: PERFECT CT (ES Main Tracks + ED Network)
======================================================================

Loaded 3856 matched main-track clusters across U, V, X planes
ES main tracks: 268 (expected ~320 from 8 ES files × 40 events)
  Matched main tracks across all planes: 3856
  ES main tracks: 268

Loading ED model from: /eos/home-e/evilla/dune/sn-tps/neural_networks/electron_direction/three_plane_three_plane_v58_200k_lr_schedule_20251118_110931/checkpoints/model_epoch_12_val_loss_0.8898.keras
ED model input shape: [(None, 128, 32, 1), (None, 128, 32, 1), (None, 128, 32, 1)]
ED model output shape: (None, 3)

Running ED inference on 268 clusters...
ED predictions shape: (268, 3)
After 3 MeV cut: 268 clusters

True neutrino direction: [-0.2768, 0.8151, 0.5090]
Using 268 ED-predicted directions for MCMC
  MCMC: 50 initial trials, then 10001 chain steps
  Best log-likelihood: -150.11, final proposal_scale: 0.0038

Reconstructed direction: [-0.2829, 0.5116, 0.8113]
Angular error: 24.73°

======================================================================
SCENARIO 3: FULL PIPELINE (CT → ED → MCMC)
======================================================================

Loaded 4210 volumes

Loading CT model from: /eos/user/e/evilla/dune/sn-tps/neural_networks/channel_tagging/ct_volume_v52_batch_reload_20251116_101125/best_model.keras
CT model input shape: (None, 208, 1242, 1)
CT model output shape: (None, 2)

Running CT inference...
Volume input shape: (4210, 208, 1242, 1), dtype: float32
CT selected 387 ES candidates from 4210 volumes
  True ES volumes: 355
  ES prob range: [0.000, 1.000]

Matched 3856 3-plane clusters for ED inference

Loading ED model from: /eos/home-e/evilla/dune/sn-tps/neural_networks/electron_direction/three_plane_three_plane_v58_200k_lr_schedule_20251118_110931/checkpoints/model_epoch_12_val_loss_0.8898.keras
Running ED inference on 3856 clusters...
After 3 MeV cut: 3840 clusters

True neutrino direction: [-0.2768, 0.8151, 0.5090]
Using 3840 ED-predicted directions for MCMC
  MCMC: 50 initial trials, then 10001 chain steps
  Best log-likelihood: -5396.00, final proposal_scale: 0.0008

Reconstructed direction: [-0.4680, 0.3172, -0.8248]
Angular error: 91.82°

======================================================================
SCENARIO 3: FULL PIPELINE (CT → ED → MCMC)
======================================================================

Loaded 4210 volumes

Loading CT model from: /eos/user/e/evilla/dune/sn-tps/neural_networks/channel_tagging/ct_volume_v52_batch_reload_20251116_101125/best_model.keras
CT model input shape: (None, 208, 1242, 1)
CT model output shape: (None, 2)

Running CT inference...
Volume input shape: (4210, 208, 1242, 1), dtype: float32
CT selected 387 ES candidates from 4210 volumes
  True ES volumes: 355
  ES prob range: [0.000, 1.000]

Matched 3856 3-plane clusters for ED inference

Loading ED model from: /eos/home-e/evilla/dune/sn-tps/neural_networks/electron_direction/three_plane_three_plane_v58_200k_lr_schedule_20251118_110931/checkpoints/model_epoch_12_val_loss_0.8898.keras
Running ED inference on 3856 clusters...
After 3 MeV cut: 3840 clusters
Using CT weights^1: range [0.513, 1.000]

True neutrino direction: [-0.2768, 0.8151, 0.5090]
Using 3840 ED-predicted directions for MCMC
  MCMC: 50 initial trials, then 10001 chain steps
  Best log-likelihood: -4983.68, final proposal_scale: 0.0015

Reconstructed direction: [-0.4717, -0.6116, 0.6352]
Angular error: 92.56°

======================================================================
SCENARIO 3: FULL PIPELINE (CT → ED → MCMC)
======================================================================

Loaded 4210 volumes

Loading CT model from: /eos/user/e/evilla/dune/sn-tps/neural_networks/channel_tagging/ct_volume_v52_batch_reload_20251116_101125/best_model.keras
CT model input shape: (None, 208, 1242, 1)
CT model output shape: (None, 2)

Running CT inference...
Volume input shape: (4210, 208, 1242, 1), dtype: float32
CT selected 387 ES candidates from 4210 volumes
  True ES volumes: 355
  ES prob range: [0.000, 1.000]

Matched 3856 3-plane clusters for ED inference

Loading ED model from: /eos/home-e/evilla/dune/sn-tps/neural_networks/electron_direction/three_plane_three_plane_v58_200k_lr_schedule_20251118_110931/checkpoints/model_epoch_12_val_loss_0.8898.keras
Running ED inference on 3856 clusters...
After 3 MeV cut: 3840 clusters
Using CT weights^2: range [0.263, 1.000]

True neutrino direction: [-0.2768, 0.8151, 0.5090]
Using 3840 ED-predicted directions for MCMC
  MCMC: 50 initial trials, then 10001 chain steps
  Best log-likelihood: -4756.51, final proposal_scale: 0.0016

Reconstructed direction: [-0.4716, -0.6117, 0.6351]
Angular error: 92.57°

======================================================================
Using EOS structure: /eos/project-e/ep-nu/evilla/sn-pointing/cat000023/pipeline
======================================================================
Saved best_case: /eos/project-e/ep-nu/evilla/sn-pointing/cat000023/pipeline/cat000023_scenario_best_case.npz
Saved perfect_ct: /eos/project-e/ep-nu/evilla/sn-pointing/cat000023/pipeline/cat000023_scenario_perfect_ct.npz
Saved full_pipeline: /eos/project-e/ep-nu/evilla/sn-pointing/cat000023/pipeline/cat000023_scenario_full_pipeline.npz
Saved weighted_linear: /eos/project-e/ep-nu/evilla/sn-pointing/cat000023/pipeline/cat000023_scenario_weighted_linear.npz
Saved weighted_squared: /eos/project-e/ep-nu/evilla/sn-pointing/cat000023/pipeline/cat000023_scenario_weighted_squared.npz

======================================================================
SUMMARY
======================================================================

BEST_CASE:
  Clusters used: 304
  Angular error: 25.27°
  Log-likelihood: 156.07

PERFECT_CT:
  Clusters used: 268
  Angular error: 24.73°
  Log-likelihood: -150.11

FULL_PIPELINE:
  Clusters used: 3840
  Angular error: 91.82°
  Log-likelihood: -5396.00

WEIGHTED_LINEAR:
  Clusters used: 3840
  Angular error: 92.56°
  Log-likelihood: -4983.68

WEIGHTED_SQUARED:
  Clusters used: 3840
  Angular error: 92.57°
  Log-likelihood: -4756.51

==========================================
SUCCESS: cat000023 completed
==========================================
