==========================================
Processing: cat000114
==========================================
Category directory: /eos/project-e/ep-nu/evilla/sn-pointing/cat000114
PDF path: /eos/home-e/evilla/dune/sn-tps/neural_networks/electron_direction/three_plane_three_plane_v58_200k_lr_schedule_20251118_110931/cosine_energy_pdf.npz
Script directory: /afs/cern.ch/work/e/evilla/private/dune/data-selection-pipeline


Running all 5 scenarios...


Loading energy-cosine PDF from: /eos/home-e/evilla/dune/sn-tps/neural_networks/electron_direction/three_plane_three_plane_v58_200k_lr_schedule_20251118_110931/cosine_energy_pdf.npz
PDF loaded: 18 energy bins, 100 cosine bins

======================================================================
SCENARIO 1: BEST CASE (True Electron Directions)
======================================================================

Loaded 6295 total clusters
ES main tracks: 305
Valid directions: 305 / 305
After 3 MeV cut: 305 clusters

True neutrino direction: [-0.2385, 0.8362, -0.4939]
Using 305 electron directions for MCMC
  MCMC: 50 initial trials, then 10001 chain steps
  Best log-likelihood: 184.48, final proposal_scale: 0.0026

Reconstructed direction: [-0.2561, 0.5736, -0.7781]
Angular error: 22.33°

======================================================================
SCENARIO 2: PERFECT CT (ES Main Tracks + ED Network)
======================================================================

Files found: 10 ES, 88 CC

Loaded 3421 matched main-track clusters across U, V, X planes
ES main tracks: 279 (expected ~400 from 10 ES files × 40 events)
  Matched main tracks across all planes: 3421
  ES main tracks: 279

Loading ED model from: /eos/home-e/evilla/dune/sn-tps/neural_networks/electron_direction/three_plane_three_plane_v58_200k_lr_schedule_20251118_110931/checkpoints/model_epoch_12_val_loss_0.8898.keras
ED model input shape: [(None, 128, 32, 1), (None, 128, 32, 1), (None, 128, 32, 1)]
ED model output shape: (None, 3)

Running ED inference on 279 clusters...
ED predictions shape: (279, 3)
After 3 MeV cut: 279 clusters

True neutrino direction: [-0.2385, 0.8362, -0.4939]
Using 279 ED-predicted directions for MCMC
  MCMC: 50 initial trials, then 10001 chain steps
  Best log-likelihood: -120.13, final proposal_scale: 0.0062

Reconstructed direction: [-0.5988, 0.7923, -0.1169]
Angular error: 30.34°

======================================================================
SCENARIO 3: FULL PIPELINE (CT → ED → MCMC)
======================================================================

Loaded 3736 volumes

Loading CT model from: /eos/user/e/evilla/dune/sn-tps/neural_networks/channel_tagging/ct_volume_v52_batch_reload_20251116_101125/best_model.keras
CT model input shape: (None, 208, 1242, 1)
CT model output shape: (None, 2)

Running CT inference...
Volume input shape: (3736, 208, 1242, 1), dtype: float32
CT selected 312 ES candidates from 3736 volumes
  True ES volumes: 360
  ES prob range: [0.000, 1.000]

Matched 3421 3-plane clusters for ED inference

Loading ED model from: /eos/home-e/evilla/dune/sn-tps/neural_networks/electron_direction/three_plane_three_plane_v58_200k_lr_schedule_20251118_110931/checkpoints/model_epoch_12_val_loss_0.8898.keras
Running ED inference on 3421 clusters...
After 3 MeV cut: 3413 clusters

True neutrino direction: [-0.2385, 0.8362, -0.4939]
Using 3413 ED-predicted directions for MCMC
  MCMC: 50 initial trials, then 10001 chain steps
  Best log-likelihood: -4692.63, final proposal_scale: 0.0015

Reconstructed direction: [-0.1911, 0.2568, -0.9474]
Angular error: 43.26°

======================================================================
SCENARIO 3: FULL PIPELINE (CT → ED → MCMC)
======================================================================

Loaded 3736 volumes

Loading CT model from: /eos/user/e/evilla/dune/sn-tps/neural_networks/channel_tagging/ct_volume_v52_batch_reload_20251116_101125/best_model.keras
CT model input shape: (None, 208, 1242, 1)
CT model output shape: (None, 2)

Running CT inference...
Volume input shape: (3736, 208, 1242, 1), dtype: float32
CT selected 312 ES candidates from 3736 volumes
  True ES volumes: 360
  ES prob range: [0.000, 1.000]

Matched 3421 3-plane clusters for ED inference

Loading ED model from: /eos/home-e/evilla/dune/sn-tps/neural_networks/electron_direction/three_plane_three_plane_v58_200k_lr_schedule_20251118_110931/checkpoints/model_epoch_12_val_loss_0.8898.keras
Running ED inference on 3421 clusters...
After 3 MeV cut: 3413 clusters
Using CT weights^1: range [0.545, 1.000]

True neutrino direction: [-0.2385, 0.8362, -0.4939]
Using 3413 ED-predicted directions for MCMC
  MCMC: 50 initial trials, then 10001 chain steps
  Best log-likelihood: -4499.25, final proposal_scale: 0.0027

Reconstructed direction: [-0.1937, 0.2566, -0.9469]
Angular error: 43.24°

======================================================================
SCENARIO 3: FULL PIPELINE (CT → ED → MCMC)
======================================================================

Loaded 3736 volumes

Loading CT model from: /eos/user/e/evilla/dune/sn-tps/neural_networks/channel_tagging/ct_volume_v52_batch_reload_20251116_101125/best_model.keras
CT model input shape: (None, 208, 1242, 1)
CT model output shape: (None, 2)

Running CT inference...
Volume input shape: (3736, 208, 1242, 1), dtype: float32
CT selected 312 ES candidates from 3736 volumes
  True ES volumes: 360
  ES prob range: [0.000, 1.000]

Matched 3421 3-plane clusters for ED inference

Loading ED model from: /eos/home-e/evilla/dune/sn-tps/neural_networks/electron_direction/three_plane_three_plane_v58_200k_lr_schedule_20251118_110931/checkpoints/model_epoch_12_val_loss_0.8898.keras
Running ED inference on 3421 clusters...
After 3 MeV cut: 3413 clusters
Using CT weights^2: range [0.297, 1.000]

True neutrino direction: [-0.2385, 0.8362, -0.4939]
Using 3413 ED-predicted directions for MCMC
  MCMC: 50 initial trials, then 10001 chain steps
  Best log-likelihood: -4362.76, final proposal_scale: 0.0033

Reconstructed direction: [-0.1937, 0.2566, -0.9469]
Angular error: 43.24°

======================================================================
Using EOS structure: /eos/project-e/ep-nu/evilla/sn-pointing/cat000114/pipeline
======================================================================
Saved best_case: /eos/project-e/ep-nu/evilla/sn-pointing/cat000114/pipeline/cat000114_scenario_best_case.npz
Saved perfect_ct: /eos/project-e/ep-nu/evilla/sn-pointing/cat000114/pipeline/cat000114_scenario_perfect_ct.npz
Saved full_pipeline: /eos/project-e/ep-nu/evilla/sn-pointing/cat000114/pipeline/cat000114_scenario_full_pipeline.npz
Saved weighted_linear: /eos/project-e/ep-nu/evilla/sn-pointing/cat000114/pipeline/cat000114_scenario_weighted_linear.npz
Saved weighted_squared: /eos/project-e/ep-nu/evilla/sn-pointing/cat000114/pipeline/cat000114_scenario_weighted_squared.npz

======================================================================
SUMMARY
======================================================================

BEST_CASE:
  Clusters used: 305
  Angular error: 22.33°
  Log-likelihood: 184.48

PERFECT_CT:
  Clusters used: 279
  Angular error: 30.34°
  Log-likelihood: -120.13

FULL_PIPELINE:
  Clusters used: 3413
  Angular error: 43.26°
  Log-likelihood: -4692.63

WEIGHTED_LINEAR:
  Clusters used: 3413
  Angular error: 43.24°
  Log-likelihood: -4499.25

WEIGHTED_SQUARED:
  Clusters used: 3413
  Angular error: 43.24°
  Log-likelihood: -4362.76

==========================================
SUCCESS: cat000114 completed
==========================================
