==========================================
Processing: cat000112
==========================================
Category directory: /eos/project-e/ep-nu/evilla/sn-pointing/cat000112
PDF path: /eos/home-e/evilla/dune/sn-tps/neural_networks/electron_direction/three_plane_three_plane_v58_200k_lr_schedule_20251118_110931/cosine_energy_pdf.npz
Script directory: /afs/cern.ch/work/e/evilla/private/dune/data-selection-pipeline


Running all 5 scenarios...


Loading energy-cosine PDF from: /eos/home-e/evilla/dune/sn-tps/neural_networks/electron_direction/three_plane_three_plane_v58_200k_lr_schedule_20251118_110931/cosine_energy_pdf.npz
PDF loaded: 18 energy bins, 100 cosine bins

======================================================================
SCENARIO 1: BEST CASE (True Electron Directions)
======================================================================

Loaded 6478 total clusters
ES main tracks: 315
Valid directions: 315 / 315
After 3 MeV cut: 315 clusters

True neutrino direction: [-0.6371, -0.4013, -0.6581]
Using 315 electron directions for MCMC
  MCMC: 50 initial trials, then 10001 chain steps
  Best log-likelihood: 183.54, final proposal_scale: 0.0029

Reconstructed direction: [-0.8784, -0.3531, -0.3219]
Angular error: 24.05°

======================================================================
SCENARIO 2: PERFECT CT (ES Main Tracks + ED Network)
======================================================================

Files found: 10 ES, 91 CC

Loaded 3518 matched main-track clusters across U, V, X planes
ES main tracks: 271 (expected ~400 from 10 ES files × 40 events)
  Matched main tracks across all planes: 3518
  ES main tracks: 271

Loading ED model from: /eos/home-e/evilla/dune/sn-tps/neural_networks/electron_direction/three_plane_three_plane_v58_200k_lr_schedule_20251118_110931/checkpoints/model_epoch_12_val_loss_0.8898.keras
ED model input shape: [(None, 128, 32, 1), (None, 128, 32, 1), (None, 128, 32, 1)]
ED model output shape: (None, 3)

Running ED inference on 271 clusters...
ED predictions shape: (271, 3)
After 3 MeV cut: 271 clusters

True neutrino direction: [-0.6371, -0.4013, -0.6581]
Using 271 ED-predicted directions for MCMC
  MCMC: 50 initial trials, then 10001 chain steps
  Best log-likelihood: -22.86, final proposal_scale: 0.0069

Reconstructed direction: [-0.5733, -0.1478, -0.8059]
Angular error: 17.27°

======================================================================
SCENARIO 3: FULL PIPELINE (CT → ED → MCMC)
======================================================================

Loaded 3857 volumes

Loading CT model from: /eos/user/e/evilla/dune/sn-tps/neural_networks/channel_tagging/ct_volume_v52_batch_reload_20251116_101125/best_model.keras
CT model input shape: (None, 208, 1242, 1)
CT model output shape: (None, 2)

Running CT inference...
Volume input shape: (3857, 208, 1242, 1), dtype: float32
CT selected 324 ES candidates from 3857 volumes
  True ES volumes: 362
  ES prob range: [0.000, 1.000]

Matched 3518 3-plane clusters for ED inference

Loading ED model from: /eos/home-e/evilla/dune/sn-tps/neural_networks/electron_direction/three_plane_three_plane_v58_200k_lr_schedule_20251118_110931/checkpoints/model_epoch_12_val_loss_0.8898.keras
Running ED inference on 3518 clusters...
After 3 MeV cut: 3503 clusters

True neutrino direction: [-0.6371, -0.4013, -0.6581]
Using 3503 ED-predicted directions for MCMC
  MCMC: 50 initial trials, then 10001 chain steps
  Best log-likelihood: -4767.88, final proposal_scale: 0.0033

Reconstructed direction: [-0.8128, -0.5716, -0.1125]
Angular error: 34.79°

======================================================================
SCENARIO 3: FULL PIPELINE (CT → ED → MCMC)
======================================================================

Loaded 3857 volumes

Loading CT model from: /eos/user/e/evilla/dune/sn-tps/neural_networks/channel_tagging/ct_volume_v52_batch_reload_20251116_101125/best_model.keras
CT model input shape: (None, 208, 1242, 1)
CT model output shape: (None, 2)

Running CT inference...
Volume input shape: (3857, 208, 1242, 1), dtype: float32
CT selected 324 ES candidates from 3857 volumes
  True ES volumes: 362
  ES prob range: [0.000, 1.000]

Matched 3518 3-plane clusters for ED inference

Loading ED model from: /eos/home-e/evilla/dune/sn-tps/neural_networks/electron_direction/three_plane_three_plane_v58_200k_lr_schedule_20251118_110931/checkpoints/model_epoch_12_val_loss_0.8898.keras
Running ED inference on 3518 clusters...
After 3 MeV cut: 3503 clusters
Using CT weights^1: range [0.566, 1.000]

True neutrino direction: [-0.6371, -0.4013, -0.6581]
Using 3503 ED-predicted directions for MCMC
  MCMC: 50 initial trials, then 10001 chain steps
  Best log-likelihood: -4637.68, final proposal_scale: 0.0038

Reconstructed direction: [-0.8128, -0.5715, -0.1125]
Angular error: 34.79°

======================================================================
SCENARIO 3: FULL PIPELINE (CT → ED → MCMC)
======================================================================

Loaded 3857 volumes

Loading CT model from: /eos/user/e/evilla/dune/sn-tps/neural_networks/channel_tagging/ct_volume_v52_batch_reload_20251116_101125/best_model.keras
CT model input shape: (None, 208, 1242, 1)
CT model output shape: (None, 2)

Running CT inference...
Volume input shape: (3857, 208, 1242, 1), dtype: float32
CT selected 324 ES candidates from 3857 volumes
  True ES volumes: 362
  ES prob range: [0.000, 1.000]

Matched 3518 3-plane clusters for ED inference

Loading ED model from: /eos/home-e/evilla/dune/sn-tps/neural_networks/electron_direction/three_plane_three_plane_v58_200k_lr_schedule_20251118_110931/checkpoints/model_epoch_12_val_loss_0.8898.keras
Running ED inference on 3518 clusters...
After 3 MeV cut: 3503 clusters
Using CT weights^2: range [0.321, 1.000]

True neutrino direction: [-0.6371, -0.4013, -0.6581]
Using 3503 ED-predicted directions for MCMC
  MCMC: 50 initial trials, then 10001 chain steps
  Best log-likelihood: -4542.00, final proposal_scale: 0.0037

Reconstructed direction: [-0.8128, -0.5716, -0.1126]
Angular error: 34.79°

======================================================================
Using EOS structure: /eos/project-e/ep-nu/evilla/sn-pointing/cat000112/pipeline
======================================================================
Saved best_case: /eos/project-e/ep-nu/evilla/sn-pointing/cat000112/pipeline/cat000112_scenario_best_case.npz
Saved perfect_ct: /eos/project-e/ep-nu/evilla/sn-pointing/cat000112/pipeline/cat000112_scenario_perfect_ct.npz
Saved full_pipeline: /eos/project-e/ep-nu/evilla/sn-pointing/cat000112/pipeline/cat000112_scenario_full_pipeline.npz
Saved weighted_linear: /eos/project-e/ep-nu/evilla/sn-pointing/cat000112/pipeline/cat000112_scenario_weighted_linear.npz
Saved weighted_squared: /eos/project-e/ep-nu/evilla/sn-pointing/cat000112/pipeline/cat000112_scenario_weighted_squared.npz

======================================================================
SUMMARY
======================================================================

BEST_CASE:
  Clusters used: 315
  Angular error: 24.05°
  Log-likelihood: 183.54

PERFECT_CT:
  Clusters used: 271
  Angular error: 17.27°
  Log-likelihood: -22.86

FULL_PIPELINE:
  Clusters used: 3503
  Angular error: 34.79°
  Log-likelihood: -4767.88

WEIGHTED_LINEAR:
  Clusters used: 3503
  Angular error: 34.79°
  Log-likelihood: -4637.68

WEIGHTED_SQUARED:
  Clusters used: 3503
  Angular error: 34.79°
  Log-likelihood: -4542.00

==========================================
SUCCESS: cat000112 completed
==========================================
