==========================================
Processing: cat000004
==========================================
Category directory: /eos/project-e/ep-nu/evilla/sn-pointing/cat000004
PDF path: /eos/home-e/evilla/dune/sn-tps/neural_networks/electron_direction/three_plane_three_plane_v58_200k_lr_schedule_20251118_110931/cosine_energy_pdf.npz
Script directory: /afs/cern.ch/work/e/evilla/private/dune/data-selection-pipeline


Running all 5 scenarios...


Loading energy-cosine PDF from: /eos/home-e/evilla/dune/sn-tps/neural_networks/electron_direction/three_plane_three_plane_v58_200k_lr_schedule_20251118_110931/cosine_energy_pdf.npz
PDF loaded: 18 energy bins, 100 cosine bins

======================================================================
SCENARIO 1: BEST CASE (True Electron Directions)
======================================================================

Loaded 7122 total clusters
ES main tracks: 298
Valid directions: 298 / 298
After 3 MeV cut: 298 clusters

True neutrino direction: [-0.7972, 0.1783, 0.5768]
Using 298 electron directions for MCMC
  MCMC: 50 initial trials, then 10001 chain steps
  Best log-likelihood: 201.24, final proposal_scale: 0.0016

Reconstructed direction: [-0.8293, 0.4787, 0.2882]
Angular error: 24.11°

======================================================================
SCENARIO 2: PERFECT CT (ES Main Tracks + ED Network)
======================================================================

Loaded 3835 matched main-track clusters across U, V, X planes
ES main tracks: 255 (expected ~320 from 8 ES files × 40 events)
  Matched main tracks across all planes: 3835
  ES main tracks: 255

Loading ED model from: /eos/home-e/evilla/dune/sn-tps/neural_networks/electron_direction/three_plane_three_plane_v58_200k_lr_schedule_20251118_110931
