000 (8782603.061.000) 11/20 00:44:09 Job submitted from host: <188.185.6.50:9618?addrs=188.185.6.50-9618+[2001-1458-d00-62--100-2b1]-9618&alias=bigbird25.cern.ch&noUDP&sock=schedd_1627_90ad>
...
000 (8782605.061.000) 11/20 00:44:34 Job submitted from host: <188.185.6.50:9618?addrs=188.185.6.50-9618+[2001-1458-d00-62--100-2b1]-9618&alias=bigbird25.cern.ch&noUDP&sock=schedd_1627_90ad>
...
040 (8782603.061.000) 11/20 00:56:41 Started transferring input files
	Transferring to host: <188.185.92.254:9618?addrs=188.185.92.254-9618+[2001-1458-d00-6c--100-8f]-9618&alias=b9g57n6544.cern.ch&noUDP&sock=slot1_2_21219_7478_9568>
...
040 (8782603.061.000) 11/20 00:56:41 Finished transferring input files
...
001 (8782603.061.000) 11/20 00:56:42 Job executing on host: <188.185.92.254:9618?addrs=188.185.92.254-9618+[2001-1458-d00-6c--100-8f]-9618&alias=b9g57n6544.cern.ch&noUDP&sock=startd_20748_fb11>
	SlotName: slot1_2@b9g57n6544.cern.ch
	AvailableGPUs = { GPUs_GPU_486de2a4 }
	CondorScratchDir = "/pool/condor/dir_2767360"
	Cpus = 11
	Disk = 2447
	GPUs = 1
	GPUs_GPU_486de2a4 = [ Id = "GPU-486de2a4"; ClockMhz = 1410.0; Capability = 8.0; CoresPerCU = 64; DeviceName = "NVIDIA A100-PCIE-40GB"; DeviceUuid = "486de2a4-09f0-beaa-a3c7-aeb8fe4639c5"; ECCEnabled = true; ComputeUnits = 108; DriverVersion = 13.0; DevicePciBusId = "0000:07:00.0"; GlobalMemoryMb = 40441; MaxSupportedVersion = 13000 ]
	Memory = 33000
...
006 (8782603.061.000) 11/20 00:56:55 Image size of job updated: 326564
	319  -  MemoryUsage of job (MB)
	326564  -  ResidentSetSize of job (KB)
...
006 (8782603.061.000) 11/20 01:01:55 Image size of job updated: 52411048
	29410  -  MemoryUsage of job (MB)
	30115304  -  ResidentSetSize of job (KB)
...
006 (8782603.061.000) 11/20 01:06:56 Image size of job updated: 54521104
	29410  -  MemoryUsage of job (MB)
	30115304  -  ResidentSetSize of job (KB)
...
040 (8782603.061.000) 11/20 01:07:26 Started transferring output files
...
040 (8782603.061.000) 11/20 01:07:26 Finished transferring output files
...
005 (8782603.061.000) 11/20 01:07:26 Job terminated.
	(1) Normal termination (return value 0)
		Usr 0 00:39:50, Sys 0 00:10:25  -  Run Remote Usage
		Usr 0 00:00:00, Sys 0 00:00:00  -  Run Local Usage
		Usr 0 00:39:50, Sys 0 00:10:25  -  Total Remote Usage
		Usr 0 00:00:00, Sys 0 00:00:00  -  Total Local Usage
	18109  -  Run Bytes Sent By Job
	1959  -  Run Bytes Received By Job
	18109  -  Total Bytes Sent By Job
	1959  -  Total Bytes Received By Job
	Partitionable Resources :    Usage  Request Allocated Assigned
	   Cpus                 :     1.00       11        11 
	   Disk (KB)            :    45           2      2447 
	   GPUs                 :     0           1         1 "GPU-486de2a4"
	   GpusMemory (MB)      :   522                       
	   Memory (MB)          : 29410       33000     33000 
	   TimeExecute (s)      :   644                       
	   TimeSlotBusy (s)     :   645                       

	Job terminated of its own accord at 2025-11-20T00:07:26Z with exit-code 0.
...
000 (13791364.061.000) 11/20 01:08:49 Job submitted from host: <188.184.90.62:9618?addrs=188.184.90.62-9618+[2001-1458-201-e4--100-238]-9618&alias=bigbird16.cern.ch&noUDP&sock=schedd_5196_9a2f>
...
009 (8782605.061.000) 11/20 01:10:27 Job was aborted.
	via condor_rm (by user evilla)
...
040 (13791364.061.000) 11/20 01:39:05 Started transferring input files
	Transferring to host: <188.185.93.124:9618?addrs=188.185.93.124-9618+[2001-1458-d00-6c--100-39b]-9618&alias=b9g57n5419.cern.ch&noUDP&sock=slot1_1_3378_db42_9306>
...
040 (13791364.061.000) 11/20 01:39:05 Finished transferring input files
...
001 (13791364.061.000) 11/20 01:39:06 Job executing on host: <188.185.93.124:9618?addrs=188.185.93.124-9618+[2001-1458-d00-6c--100-39b]-9618&alias=b9g57n5419.cern.ch&noUDP&sock=startd_3029_3874>
	SlotName: slot1_1@b9g57n5419.cern.ch
	AvailableGPUs = { GPUs_GPU_8e36ebf7 }
	CondorScratchDir = "/pool/condor/dir_1745347"
	Cpus = 11
	Disk = 2048
	GPUs = 1
	GPUs_GPU_8e36ebf7 = [ Id = "GPU-8e36ebf7"; ClockMhz = 1410.0; Capability = 8.0; CoresPerCU = 64; DeviceName = "NVIDIA A100-PCIE-40GB"; DeviceUuid = "8e36ebf7-cfeb-baed-bbe4-21263bcdba53"; ECCEnabled = true; ComputeUnits = 108; DriverVersion = 13.0; DevicePciBusId = "0000:06:00.0"; GlobalMemoryMb = 40441; MaxSupportedVersion = 13000 ]
	Memory = 33000
...
006 (13791364.061.000) 11/20 01:39:19 Image size of job updated: 277244
	271  -  MemoryUsage of job (MB)
	277244  -  ResidentSetSize of job (KB)
...
006 (13791364.061.000) 11/20 01:44:19 Image size of job updated: 52241600
	37814  -  MemoryUsage of job (MB)
	38721052  -  ResidentSetSize of job (KB)
...
006 (13791364.061.000) 11/20 01:48:36 Image size of job updated: 52541104
	37814  -  MemoryUsage of job (MB)
	38721052  -  ResidentSetSize of job (KB)
...
040 (13791364.061.000) 11/20 01:48:36 Started transferring output files
...
040 (13791364.061.000) 11/20 01:48:36 Finished transferring output files
...
005 (13791364.061.000) 11/20 01:48:36 Job terminated.
	(1) Normal termination (return value 0)
		Usr 0 00:21:23, Sys 0 00:03:16  -  Run Remote Usage
		Usr 0 00:00:00, Sys 0 00:00:00  -  Run Local Usage
		Usr 0 00:21:23, Sys 0 00:03:16  -  Total Remote Usage
		Usr 0 00:00:00, Sys 0 00:00:00  -  Total Local Usage
	18110  -  Run Bytes Sent By Job
	1959  -  Run Bytes Received By Job
	18110  -  Total Bytes Sent By Job
	1959  -  Total Bytes Received By Job
	Partitionable Resources :    Usage  Request Allocated Assigned
	   Cpus                 :     0.96       11        11 
	   Disk (KB)            :    45           2      2048 
	   GPUs                 :     0           1         1 "GPU-8e36ebf7"
	   GpusMemory (MB)      :   628                       
	   Memory (MB)          : 37814       33000     33000 
	   TimeExecute (s)      :   570                       
	   TimeSlotBusy (s)     :   571                       

	Job terminated of its own accord at 2025-11-20T00:48:36Z with exit-code 0.
...
