==========================================
Processing: cat000024
==========================================
Category directory: /eos/project-e/ep-nu/evilla/sn-pointing/cat000024
PDF path: /eos/home-e/evilla/dune/sn-tps/neural_networks/electron_direction/three_plane_three_plane_v58_200k_lr_schedule_20251118_110931/cosine_energy_pdf.npz
Script directory: /afs/cern.ch/work/e/evilla/private/dune/data-selection-pipeline


Running all 5 scenarios...


Loading energy-cosine PDF from: /eos/home-e/evilla/dune/sn-tps/neural_networks/electron_direction/three_plane_three_plane_v58_200k_lr_schedule_20251118_110931/cosine_energy_pdf.npz
PDF loaded: 18 energy bins, 100 cosine bins

======================================================================
SCENARIO 1: BEST CASE (True Electron Directions)
======================================================================

Loaded 7106 total clusters
ES main tracks: 310
Valid directions: 310 / 310
After 3 MeV cut: 310 clusters

True neutrino direction: [-0.5001, -0.8154, 0.2915]
Using 310 electron directions for MCMC
  MCMC: 50 initial trials, then 10001 chain steps
  Best log-likelihood: 170.72, final proposal_scale: 0.0020

Reconstructed direction: [-0.8072, -0.4956, 0.3206]
Angular error: 25.67°

======================================================================
SCENARIO 2: PERFECT CT (ES Main Tracks + ED Network)
======================================================================

Loaded 3843 matched main-track clusters across U, V, X planes
ES main tracks: 278 (expected ~320 from 8 ES files × 40 events)
  Matched main tracks across all planes: 3843
  ES main tracks: 278

Loading ED model from: /eos/home-e/evilla/dune/sn-tps/neural_networks/electron_direction/three_plane_three_plane_v58_200k_lr_schedule_20251118_110931/checkpoints/model_epoch_12_val_loss_0.8898.keras
ED model input shape: [(None, 128, 32, 1), (None, 128, 32, 1), (None, 128, 32, 1)]
ED model output shape: (None, 3)

Running ED inference on 278 clusters...
ED predictions shape: (278, 3)
After 3 MeV cut: 278 clusters

True neutrino direction: [-0.5001, -0.8154, 0.2915]
Using 278 ED-predicted directions for MCMC
  MCMC: 50 initial trials, then 10001 chain steps
  Best log-likelihood: -114.19, final proposal_scale: 0.0042

Reconstructed direction: [-0.7140, -0.6516, 0.2562]
Angular error: 15.62°

======================================================================
SCENARIO 3: FULL PIPELINE (CT → ED → MCMC)
======================================================================

Loaded 4203 volumes

Loading CT model from: /eos/user/e/evilla/dune/sn-tps/neural_networks/channel_tagging/ct_volume_v52_batch_reload_20251116_101125/best_model.keras
CT model input shape: (None, 208, 1242, 1)
CT model output shape: (None, 2)

Running CT inference...
Volume input shape: (4203, 208, 1242, 1), dtype: float32
CT selected 375 ES candidates from 4203 volumes
  True ES volumes: 366
  ES prob range: [0.000, 1.000]

Matched 3843 3-plane clusters for ED inference

Loading ED model from: /eos/home-e/evilla/dune/sn-tps/neural_networks/electron_direction/three_plane_three_plane_v58_200k_lr_schedule_20251118_110931/checkpoints/model_epoch_12_val_loss_0.8898.keras
Running ED inference on 3843 clusters...
After 3 MeV cut: 3820 clusters

True neutrino direction: [-0.5001, -0.8154, 0.2915]
Using 3820 ED-predicted directions for MCMC
  MCMC: 50 initial trials, then 10001 chain steps
  Best log-likelihood: -5278.56, final proposal_scale: 0.0009

Reconstructed direction: [-0.3039, -0.6234, 0.7204]
Angular error: 29.50°

======================================================================
SCENARIO 3: FULL PIPELINE (CT → ED → MCMC)
======================================================================

Loaded 4203 volumes

Loading CT model from: /eos/user/e/evilla/dune/sn-tps/neural_networks/channel_tagging/ct_volume_v52_batch_reload_20251116_101125/best_model.keras
CT model input shape: (None, 208, 1242, 1)
CT model output shape: (None, 2)

Running CT inference...
Volume input shape: (4203, 208, 1242, 1), dtype: float32
CT selected 375 ES candidates from 4203 volumes
  True ES volumes: 366
  ES prob range: [0.000, 1.000]

Matched 3843 3-plane clusters for ED inference

Loading ED model from: /eos/home-e/evilla/dune/sn-tps/neural_networks/electron_direction/three_plane_three_plane_v58_200k_lr_schedule_20251118_110931/checkpoints/model_epoch_12_val_loss_0.8898.keras
Running ED inference on 3843 clusters...
After 3 MeV cut: 3820 clusters
Using CT weights^1: range [0.555, 1.000]

True neutrino direction: [-0.5001, -0.8154, 0.2915]
Using 3820 ED-predicted directions for MCMC
  MCMC: 50 initial trials, then 10001 chain steps
  Best log-likelihood: -5086.45, final proposal_scale: 0.0009

Reconstructed direction: [-0.3039, -0.6234, 0.7204]
Angular error: 29.50°

======================================================================
SCENARIO 3: FULL PIPELINE (CT → ED → MCMC)
======================================================================

Loaded 4203 volumes

Loading CT model from: /eos/user/e/evilla/dune/sn-tps/neural_networks/channel_tagging/ct_volume_v52_batch_reload_20251116_101125/best_model.keras
CT model input shape: (None, 208, 1242, 1)
CT model output shape: (None, 2)

Running CT inference...
Volume input shape: (4203, 208, 1242, 1), dtype: float32
CT selected 375 ES candidates from 4203 volumes
  True ES volumes: 366
  ES prob range: [0.000, 1.000]

Matched 3843 3-plane clusters for ED inference

Loading ED model from: /eos/home-e/evilla/dune/sn-tps/neural_networks/electron_direction/three_plane_three_plane_v58_200k_lr_schedule_20251118_110931/checkpoints/model_epoch_12_val_loss_0.8898.keras
Running ED inference on 3843 clusters...
After 3 MeV cut: 3820 clusters
Using CT weights^2: range [0.308, 1.000]

True neutrino direction: [-0.5001, -0.8154, 0.2915]
Using 3820 ED-predicted directions for MCMC
  MCMC: 50 initial trials, then 10001 chain steps
  Best log-likelihood: -4961.48, final proposal_scale: 0.0008

Reconstructed direction: [-0.3040, -0.6233, 0.7204]
Angular error: 29.50°

======================================================================
Using EOS structure: /eos/project-e/ep-nu/evilla/sn-pointing/cat000024/pipeline
======================================================================
Saved best_case: /eos/project-e/ep-nu/evilla/sn-pointing/cat000024/pipeline/cat000024_scenario_best_case.npz
Saved perfect_ct: /eos/project-e/ep-nu/evilla/sn-pointing/cat000024/pipeline/cat000024_scenario_perfect_ct.npz
Saved full_pipeline: /eos/project-e/ep-nu/evilla/sn-pointing/cat000024/pipeline/cat000024_scenario_full_pipeline.npz
Saved weighted_linear: /eos/project-e/ep-nu/evilla/sn-pointing/cat000024/pipeline/cat000024_scenario_weighted_linear.npz
Saved weighted_squared: /eos/project-e/ep-nu/evilla/sn-pointing/cat000024/pipeline/cat000024_scenario_weighted_squared.npz

======================================================================
SUMMARY
======================================================================

BEST_CASE:
  Clusters used: 310
  Angular error: 25.67°
  Log-likelihood: 170.72

PERFECT_CT:
  Clusters used: 278
  Angular error: 15.62°
  Log-likelihood: -114.19

FULL_PIPELINE:
  Clusters used: 3820
  Angular error: 29.50°
  Log-likelihood: -5278.56

WEIGHTED_LINEAR:
  Clusters used: 3820
  Angular error: 29.50°
  Log-likelihood: -5086.45

WEIGHTED_SQUARED:
  Clusters used: 3820
  Angular error: 29.50°
  Log-likelihood: -4961.48

==========================================
SUCCESS: cat000024 completed
==========================================
