==========================================
Processing: cat000025
==========================================
Category directory: /eos/project-e/ep-nu/evilla/sn-pointing/cat000025
PDF path: /eos/home-e/evilla/dune/sn-tps/neural_networks/electron_direction/three_plane_three_plane_v58_200k_lr_schedule_20251118_110931/cosine_energy_pdf.npz
Script directory: /afs/cern.ch/work/e/evilla/private/dune/data-selection-pipeline


Running all 5 scenarios...


Loading energy-cosine PDF from: /eos/home-e/evilla/dune/sn-tps/neural_networks/electron_direction/three_plane_three_plane_v58_200k_lr_schedule_20251118_110931/cosine_energy_pdf.npz
PDF loaded: 18 energy bins, 100 cosine bins

======================================================================
SCENARIO 1: BEST CASE (True Electron Directions)
======================================================================

Loaded 7128 total clusters
ES main tracks: 311
Valid directions: 311 / 311
After 3 MeV cut: 311 clusters

True neutrino direction: [-0.2287, 0.9037, -0.3621]
Using 311 electron directions for MCMC
  MCMC: 50 initial trials, then 10001 chain steps
  Best log-likelihood: 211.81, final proposal_scale: 0.0003

Reconstructed direction: [-0.2766, 0.7229, -0.6332]
Angular error: 18.95°

======================================================================
SCENARIO 2: PERFECT CT (ES Main Tracks + ED Network)
======================================================================

Loaded 3871 matched main-track clusters across U, V, X planes
ES main tracks: 287 (expected ~320 from 8 ES files × 40 events)
  Matched main tracks across all planes: 3871
  ES main tracks: 287

Loading ED model from: /eos/home-e/evilla/dune/sn-tps/neural_networks/electron_direction/three_plane_three_plane_v58_200k_lr_schedule_20251118_110931/checkpoints/model_epoch_12_val_loss_0.8898.keras
ED model input shape: [(None, 128, 32, 1), (None, 128, 32, 1), (None, 128, 32, 1)]
ED model output shape: (None, 3)

Running ED inference on 287 clusters...
ED predictions shape: (287, 3)
After 3 MeV cut: 287 clusters

True neutrino direction: [-0.2287, 0.9037, -0.3621]
Using 287 ED-predicted directions for MCMC
  MCMC: 50 initial trials, then 10001 chain steps
  Best log-likelihood: -98.65, final proposal_scale: 0.0050

Reconstructed direction: [-0.1794, 0.8381, -0.5151]
Angular error: 9.96°

======================================================================
SCENARIO 3: FULL PIPELINE (CT → ED → MCMC)
======================================================================

Loaded 4202 volumes

Loading CT model from: /eos/user/e/evilla/dune/sn-tps/neural_networks/channel_tagging/ct_volume_v52_batch_reload_20251116_101125/best_model.keras
CT model input shape: (None, 208, 1242, 1)
CT model output shape: (None, 2)

Running CT inference...
Volume input shape: (4202, 208, 1242, 1), dtype: float32
CT selected 387 ES candidates from 4202 volumes
  True ES volumes: 360
  ES prob range: [0.000, 1.000]

Matched 3871 3-plane clusters for ED inference

Loading ED model from: /eos/home-e/evilla/dune/sn-tps/neural_networks/electron_direction/three_plane_three_plane_v58_200k_lr_schedule_20251118_110931/checkpoints/model_epoch_12_val_loss_0.8898.keras
Running ED inference on 3871 clusters...
After 3 MeV cut: 3848 clusters

True neutrino direction: [-0.2287, 0.9037, -0.3621]
Using 3848 ED-predicted directions for MCMC
  MCMC: 50 initial trials, then 10001 chain steps
  Best log-likelihood: -5177.08, final proposal_scale: 0.0010

Reconstructed direction: [-0.1935, 0.5960, -0.7793]
Angular error: 30.12°

======================================================================
SCENARIO 3: FULL PIPELINE (CT → ED → MCMC)
======================================================================

Loaded 4202 volumes

Loading CT model from: /eos/user/e/evilla/dune/sn-tps/neural_networks/channel_tagging/ct_volume_v52_batch_reload_20251116_101125/best_model.keras
CT model input shape: (None, 208, 1242, 1)
CT model output shape: (None, 2)

Running CT inference...
Volume input shape: (4202, 208, 1242, 1), dtype: float32
CT selected 387 ES candidates from 4202 volumes
  True ES volumes: 360
  ES prob range: [0.000, 1.000]

Matched 3871 3-plane clusters for ED inference

Loading ED model from: /eos/home-e/evilla/dune/sn-tps/neural_networks/electron_direction/three_plane_three_plane_v58_200k_lr_schedule_20251118_110931/checkpoints/model_epoch_12_val_loss_0.8898.keras
Running ED inference on 3871 clusters...
After 3 MeV cut: 3848 clusters
Using CT weights^1: range [0.743, 1.000]

True neutrino direction: [-0.2287, 0.9037, -0.3621]
Using 3848 ED-predicted directions for MCMC
  MCMC: 50 initial trials, then 10001 chain steps
  Best log-likelihood: -5033.10, final proposal_scale: 0.0011

Reconstructed direction: [-0.1935, 0.5960, -0.7793]
Angular error: 30.12°

======================================================================
SCENARIO 3: FULL PIPELINE (CT → ED → MCMC)
======================================================================

Loaded 4202 volumes

Loading CT model from: /eos/user/e/evilla/dune/sn-tps/neural_networks/channel_tagging/ct_volume_v52_batch_reload_20251116_101125/best_model.keras
CT model input shape: (None, 208, 1242, 1)
CT model output shape: (None, 2)

Running CT inference...
Volume input shape: (4202, 208, 1242, 1), dtype: float32
CT selected 387 ES candidates from 4202 volumes
  True ES volumes: 360
  ES prob range: [0.000, 1.000]

Matched 3871 3-plane clusters for ED inference

Loading ED model from: /eos/home-e/evilla/dune/sn-tps/neural_networks/electron_direction/three_plane_three_plane_v58_200k_lr_schedule_20251118_110931/checkpoints/model_epoch_12_val_loss_0.8898.keras
Running ED inference on 3871 clusters...
After 3 MeV cut: 3848 clusters
Using CT weights^2: range [0.552, 1.000]

True neutrino direction: [-0.2287, 0.9037, -0.3621]
Using 3848 ED-predicted directions for MCMC
  MCMC: 50 initial trials, then 10001 chain steps
  Best log-likelihood: -4913.74, final proposal_scale: 0.0010

Reconstructed direction: [-0.1909, 0.5957, -0.7802]
Angular error: 30.18°

======================================================================
Using EOS structure: /eos/project-e/ep-nu/evilla/sn-pointing/cat000025/pipeline
======================================================================
Saved best_case: /eos/project-e/ep-nu/evilla/sn-pointing/cat000025/pipeline/cat000025_scenario_best_case.npz
Saved perfect_ct: /eos/project-e/ep-nu/evilla/sn-pointing/cat000025/pipeline/cat000025_scenario_perfect_ct.npz
Saved full_pipeline: /eos/project-e/ep-nu/evilla/sn-pointing/cat000025/pipeline/cat000025_scenario_full_pipeline.npz
Saved weighted_linear: /eos/project-e/ep-nu/evilla/sn-pointing/cat000025/pipeline/cat000025_scenario_weighted_linear.npz
Saved weighted_squared: /eos/project-e/ep-nu/evilla/sn-pointing/cat000025/pipeline/cat000025_scenario_weighted_squared.npz

======================================================================
SUMMARY
======================================================================

BEST_CASE:
  Clusters used: 311
  Angular error: 18.95°
  Log-likelihood: 211.81

PERFECT_CT:
  Clusters used: 287
  Angular error: 9.96°
  Log-likelihood: -98.65

FULL_PIPELINE:
  Clusters used: 3848
  Angular error: 30.12°
  Log-likelihood: -5177.08

WEIGHTED_LINEAR:
  Clusters used: 3848
  Angular error: 30.12°
  Log-likelihood: -5033.10

WEIGHTED_SQUARED:
  Clusters used: 3848
  Angular error: 30.18°
  Log-likelihood: -4913.74

==========================================
SUCCESS: cat000025 completed
==========================================
