000 (8782606.001.000) 11/20 00:44:34 Job submitted from host: <188.185.6.50:9618?addrs=188.185.6.50-9618+[2001-1458-d00-62--100-2b1]-9618&alias=bigbird25.cern.ch&noUDP&sock=schedd_1627_90ad>
...
000 (13791365.001.000) 11/20 01:08:49 Job submitted from host: <188.184.90.62:9618?addrs=188.184.90.62-9618+[2001-1458-201-e4--100-238]-9618&alias=bigbird16.cern.ch&noUDP&sock=schedd_5196_9a2f>
...
009 (8782606.001.000) 11/20 01:10:42 Job was aborted.
	via condor_rm (by user evilla)
...
040 (13791365.001.000) 11/20 01:56:47 Started transferring input files
	Transferring to host: <188.185.93.144:9618?addrs=188.185.93.144-9618+[2001-1458-d00-6c--100-51]-9618&alias=b9g57n6415.cern.ch&noUDP&sock=slot1_1_20429_d418_9394>
...
040 (13791365.001.000) 11/20 01:56:47 Finished transferring input files
...
001 (13791365.001.000) 11/20 01:56:48 Job executing on host: <188.185.93.144:9618?addrs=188.185.93.144-9618+[2001-1458-d00-6c--100-51]-9618&alias=b9g57n6415.cern.ch&noUDP&sock=startd_20378_3106>
	SlotName: slot1_1@b9g57n6415.cern.ch
	AvailableGPUs = { GPUs_GPU_b1587b5f }
	CondorScratchDir = "/pool/condor/dir_2088050"
	Cpus = 11
	Disk = 2048
	GPUs = 1
	GPUs_GPU_b1587b5f = [ Id = "GPU-b1587b5f"; ClockMhz = 1410.0; Capability = 8.0; CoresPerCU = 64; DeviceName = "NVIDIA A100-PCIE-40GB"; DeviceUuid = "b1587b5f-5c26-3004-6bcf-3ce828349df6"; ECCEnabled = true; ComputeUnits = 108; DriverVersion = 13.0; DevicePciBusId = "0000:06:00.0"; GlobalMemoryMb = 40441; MaxSupportedVersion = 13000 ]
	Memory = 33000
...
006 (13791365.001.000) 11/20 01:57:01 Image size of job updated: 343960
	336  -  MemoryUsage of job (MB)
	343960  -  ResidentSetSize of job (KB)
...
006 (13791365.001.000) 11/20 02:02:01 Image size of job updated: 56418068
	37516  -  MemoryUsage of job (MB)
	38416256  -  ResidentSetSize of job (KB)
...
006 (13791365.001.000) 11/20 02:06:45 Image size of job updated: 57083744
	37517  -  MemoryUsage of job (MB)
	38417060  -  ResidentSetSize of job (KB)
...
040 (13791365.001.000) 11/20 02:06:45 Started transferring output files
...
040 (13791365.001.000) 11/20 02:06:45 Finished transferring output files
...
005 (13791365.001.000) 11/20 02:06:45 Job terminated.
	(1) Normal termination (return value 0)
		Usr 0 00:23:22, Sys 0 00:03:28  -  Run Remote Usage
		Usr 0 00:00:00, Sys 0 00:00:00  -  Run Local Usage
		Usr 0 00:23:22, Sys 0 00:03:28  -  Total Remote Usage
		Usr 0 00:00:00, Sys 0 00:00:00  -  Total Local Usage
	18104  -  Run Bytes Sent By Job
	1959  -  Run Bytes Received By Job
	18104  -  Total Bytes Sent By Job
	1959  -  Total Bytes Received By Job
	Partitionable Resources :    Usage  Request Allocated Assigned
	   Cpus                 :                11        11 
	   Disk (KB)            :       36        2      2048 
	   GPUs                 :                 1         1 "GPU-b1587b5f"
	   Memory (MB)          :    37517    33000     33000 
	   TimeExecute (s)      :      597                    
	   TimeSlotBusy (s)     :      598                    

	Job terminated of its own accord at 2025-11-20T01:06:45Z with exit-code 0.
...
