000 (8782603.031.000) 11/20 00:44:09 Job submitted from host: <188.185.6.50:9618?addrs=188.185.6.50-9618+[2001-1458-d00-62--100-2b1]-9618&alias=bigbird25.cern.ch&noUDP&sock=schedd_1627_90ad>
...
000 (8782605.031.000) 11/20 00:44:34 Job submitted from host: <188.185.6.50:9618?addrs=188.185.6.50-9618+[2001-1458-d00-62--100-2b1]-9618&alias=bigbird25.cern.ch&noUDP&sock=schedd_1627_90ad>
...
040 (8782603.031.000) 11/20 00:45:02 Started transferring input files
	Transferring to host: <188.185.238.10:9618?addrs=188.185.238.10-9618+[2001-1458-303-28--100-6]-9618&alias=b9pgpun002.cern.ch&noUDP&sock=slot1_1_1939520_0c0f_1601>
...
040 (8782603.031.000) 11/20 00:45:02 Finished transferring input files
...
001 (8782603.031.000) 11/20 00:45:03 Job executing on host: <188.185.238.10:9618?addrs=188.185.238.10-9618+[2001-1458-303-28--100-6]-9618&alias=b9pgpun002.cern.ch&noUDP&sock=startd_1939478_2ae8>
	SlotName: slot1_1@b9pgpun002.cern.ch
	AvailableGPUs = { GPUs_GPU_1164dceb }
	CondorScratchDir = "/pool/condor/dir_2418996"
	Cpus = 11
	Disk = 7225
	GPUs = 1
	GPUs_GPU_1164dceb = [ Id = "GPU-1164dceb"; ClockMhz = 1785.0; Capability = 9.0; CoresPerCU = 128; DeviceName = "NVIDIA H100 NVL"; DeviceUuid = "1164dceb-fef9-9731-e6b7-4c427dea8cb4"; ECCEnabled = true; ComputeUnits = 132; DriverVersion = 13.0; DevicePciBusId = "0000:3A:00.0"; GlobalMemoryMb = 95320; MaxSupportedVersion = 13000 ]
	Memory = 33000
...
006 (8782603.031.000) 11/20 00:45:16 Image size of job updated: 178544
	175  -  MemoryUsage of job (MB)
	178544  -  ResidentSetSize of job (KB)
...
006 (8782603.031.000) 11/20 00:50:16 Image size of job updated: 61433836
	51066  -  MemoryUsage of job (MB)
	52291216  -  ResidentSetSize of job (KB)
...
006 (8782603.031.000) 11/20 00:53:23 Image size of job updated: 62282960
	51066  -  MemoryUsage of job (MB)
	52291216  -  ResidentSetSize of job (KB)
...
040 (8782603.031.000) 11/20 00:53:23 Started transferring output files
...
040 (8782603.031.000) 11/20 00:53:23 Finished transferring output files
...
005 (8782603.031.000) 11/20 00:53:23 Job terminated.
	(1) Normal termination (return value 0)
		Usr 0 00:34:17, Sys 0 00:02:39  -  Run Remote Usage
		Usr 0 00:00:00, Sys 0 00:00:00  -  Run Local Usage
		Usr 0 00:34:17, Sys 0 00:02:39  -  Total Remote Usage
		Usr 0 00:00:00, Sys 0 00:00:00  -  Total Local Usage
	18089  -  Run Bytes Sent By Job
	1959  -  Run Bytes Received By Job
	18089  -  Total Bytes Sent By Job
	1959  -  Total Bytes Received By Job
	Partitionable Resources :    Usage  Request Allocated Assigned
	   Cpus                 :     1.00       11        11 
	   Disk (KB)            :    44           2      7225 
	   GPUs                 :     0           1         1 "GPU-1164dceb"
	   GpusMemory (MB)      :   514                       
	   Memory (MB)          : 51066       33000     33000 
	   TimeExecute (s)      :   500                       
	   TimeSlotBusy (s)     :   502                       

	Job terminated of its own accord at 2025-11-19T23:53:23Z with exit-code 0.
...
000 (13791364.031.000) 11/20 01:08:49 Job submitted from host: <188.184.90.62:9618?addrs=188.184.90.62-9618+[2001-1458-201-e4--100-238]-9618&alias=bigbird16.cern.ch&noUDP&sock=schedd_5196_9a2f>
...
009 (8782605.031.000) 11/20 01:10:27 Job was aborted.
	via condor_rm (by user evilla)
...
040 (13791364.031.000) 11/20 01:26:34 Started transferring input files
	Transferring to host: <188.185.93.186:9618?addrs=188.185.93.186-9618+[2001-1458-d00-6c--100-1db]-9618&alias=b9g57n3815.cern.ch&noUDP&sock=slot1_1_20473_d49a_9262>
...
040 (13791364.031.000) 11/20 01:26:34 Finished transferring input files
...
001 (13791364.031.000) 11/20 01:26:35 Job executing on host: <188.185.93.186:9618?addrs=188.185.93.186-9618+[2001-1458-d00-6c--100-1db]-9618&alias=b9g57n3815.cern.ch&noUDP&sock=startd_20428_7cc2>
	SlotName: slot1_1@b9g57n3815.cern.ch
	AvailableGPUs = { GPUs_GPU_e695cb8c }
	CondorScratchDir = "/pool/condor/dir_3329422"
	Cpus = 11
	Disk = 2048
	GPUs = 1
	GPUs_GPU_e695cb8c = [ Id = "GPU-e695cb8c"; ClockMhz = 1410.0; Capability = 8.0; CoresPerCU = 64; DeviceName = "NVIDIA A100-PCIE-40GB"; DeviceUuid = "e695cb8c-62fb-3649-a852-b630c58fa5f9"; ECCEnabled = true; ComputeUnits = 108; DriverVersion = 13.0; DevicePciBusId = "0000:06:00.0"; GlobalMemoryMb = 40441; MaxSupportedVersion = 13000 ]
	Memory = 33000
...
006 (13791364.031.000) 11/20 01:26:48 Image size of job updated: 340884
	333  -  MemoryUsage of job (MB)
	340884  -  ResidentSetSize of job (KB)
...
006 (13791364.031.000) 11/20 01:31:48 Image size of job updated: 53594608
	41942  -  MemoryUsage of job (MB)
	42948536  -  ResidentSetSize of job (KB)
...
006 (13791364.031.000) 11/20 01:36:05 Image size of job updated: 54392388
	41946  -  MemoryUsage of job (MB)
	42951796  -  ResidentSetSize of job (KB)
...
040 (13791364.031.000) 11/20 01:36:05 Started transferring output files
...
040 (13791364.031.000) 11/20 01:36:05 Finished transferring output files
...
005 (13791364.031.000) 11/20 01:36:05 Job terminated.
	(1) Normal termination (return value 0)
		Usr 0 00:21:59, Sys 0 00:03:24  -  Run Remote Usage
		Usr 0 00:00:00, Sys 0 00:00:00  -  Run Local Usage
		Usr 0 00:21:59, Sys 0 00:03:24  -  Total Remote Usage
		Usr 0 00:00:00, Sys 0 00:00:00  -  Total Local Usage
	18090  -  Run Bytes Sent By Job
	1959  -  Run Bytes Received By Job
	18090  -  Total Bytes Sent By Job
	1959  -  Total Bytes Received By Job
	Partitionable Resources :    Usage  Request Allocated Assigned
	   Cpus                 :     0.99       11        11 
	   Disk (KB)            :    45           2      2048 
	   GPUs                 :     0           1         1 "GPU-e695cb8c"
	   GpusMemory (MB)      :   558                       
	   Memory (MB)          : 41946       33000     33000 
	   TimeExecute (s)      :   570                       
	   TimeSlotBusy (s)     :   571                       

	Job terminated of its own accord at 2025-11-20T00:36:05Z with exit-code 0.
...
