==========================================
Processing: cat000068
==========================================
Category directory: /eos/project-e/ep-nu/evilla/sn-pointing/cat000068
PDF path: /eos/home-e/evilla/dune/sn-tps/neural_networks/electron_direction/three_plane_three_plane_v58_200k_lr_schedule_20251118_110931/cosine_energy_pdf.npz
Script directory: /afs/cern.ch/work/e/evilla/private/dune/data-selection-pipeline


Running all 5 scenarios...


Loading energy-cosine PDF from: /eos/home-e/evilla/dune/sn-tps/neural_networks/electron_direction/three_plane_three_plane_v58_200k_lr_schedule_20251118_110931/cosine_energy_pdf.npz
PDF loaded: 18 energy bins, 100 cosine bins

======================================================================
SCENARIO 1: BEST CASE (True Electron Directions)
======================================================================

Loaded 7081 total clusters
ES main tracks: 317
Valid directions: 317 / 317
After 3 MeV cut: 317 clusters

True neutrino direction: [-0.2085, 0.9773, 0.0374]
Using 317 electron directions for MCMC
  MCMC: 50 initial trials, then 10001 chain steps
  Best log-likelihood: 180.44, final proposal_scale: 0.0041

Reconstructed direction: [0.1577, 0.9591, -0.2349]
Angular error: 26.40°

======================================================================
SCENARIO 2: PERFECT CT (ES Main Tracks + ED Network)
======================================================================

Files found: 10 ES, 100 CC

Loaded 3840 matched main-track clusters across U, V, X planes
ES main tracks: 291 (expected ~400 from 10 ES files × 40 events)
  Matched main tracks across all planes: 3840
  ES main tracks: 291

Loading ED model from: /eos/home-e/evilla/dune/sn-tps/neural_networks/electron_direction/three_plane_three_plane_v58_200k_lr_schedule_20251118_110931/checkpoints/model_epoch_12_val_loss_0.8898.keras
ED model input shape: [(None, 128, 32, 1), (None, 128, 32, 1), (None, 128, 32, 1)]
ED model output shape: (None, 3)

Running ED inference on 291 clusters...
ED predictions shape: (291, 3)
After 3 MeV cut: 291 clusters

True neutrino direction: [-0.2085, 0.9773, 0.0374]
Using 291 ED-predicted directions for MCMC
  MCMC: 50 initial trials, then 10001 chain steps
  Best log-likelihood: -142.01, final proposal_scale: 0.0152

Reconstructed direction: [-0.3891, 0.9205, -0.0357]
Angular error: 11.65°

======================================================================
SCENARIO 3: FULL PIPELINE (CT → ED → MCMC)
======================================================================

Loaded 4178 volumes

Loading CT model from: /eos/user/e/evilla/dune/sn-tps/neural_networks/channel_tagging/ct_volume_v52_batch_reload_20251116_101125/best_model.keras
CT model input shape: (None, 208, 1242, 1)
CT model output shape: (None, 2)

Running CT inference...
Volume input shape: (4178, 208, 1242, 1), dtype: float32
CT selected 392 ES candidates from 4178 volumes
  True ES volumes: 358
  ES prob range: [0.000, 1.000]

Matched 3840 3-plane clusters for ED inference

Loading ED model from: /eos/home-e/evilla/dune/sn-tps/neural_networks/electron_direction/three_plane_three_plane_v58_200k_lr_schedule_20251118_110931/checkpoints/model_epoch_12_val_loss_0.8898.keras
Running ED inference on 3840 clusters...
After 3 MeV cut: 3819 clusters

True neutrino direction: [-0.2085, 0.9773, 0.0374]
Using 3819 ED-predicted directions for MCMC
  MCMC: 50 initial trials, then 10001 chain steps
  Best log-likelihood: -5364.07, final proposal_scale: 0.0025

Reconstructed direction: [-0.4342, 0.5874, -0.6830]
Angular error: 50.28°

======================================================================
SCENARIO 3: FULL PIPELINE (CT → ED → MCMC)
======================================================================

Loaded 4178 volumes

Loading CT model from: /eos/user/e/evilla/dune/sn-tps/neural_networks/channel_tagging/ct_volume_v52_batch_reload_20251116_101125/best_model.keras
CT model input shape: (None, 208, 1242, 1)
CT model output shape: (None, 2)

Running CT inference...
Volume input shape: (4178, 208, 1242, 1), dtype: float32
CT selected 392 ES candidates from 4178 volumes
  True ES volumes: 358
  ES prob range: [0.000, 1.000]

Matched 3840 3-plane clusters for ED inference

Loading ED model from: /eos/home-e/evilla/dune/sn-tps/neural_networks/electron_direction/three_plane_three_plane_v58_200k_lr_schedule_20251118_110931/checkpoints/model_epoch_12_val_loss_0.8898.keras
Running ED inference on 3840 clusters...
After 3 MeV cut: 3819 clusters
Using CT weights^1: range [0.649, 1.000]

True neutrino direction: [-0.2085, 0.9773, 0.0374]
Using 3819 ED-predicted directions for MCMC
  MCMC: 50 initial trials, then 10001 chain steps
  Best log-likelihood: -5107.23, final proposal_scale: 0.0025

Reconstructed direction: [-0.4341, 0.5873, -0.6831]
Angular error: 50.29°

======================================================================
SCENARIO 3: FULL PIPELINE (CT → ED → MCMC)
======================================================================

Loaded 4178 volumes

Loading CT model from: /eos/user/e/evilla/dune/sn-tps/neural_networks/channel_tagging/ct_volume_v52_batch_reload_20251116_101125/best_model.keras
CT model input shape: (None, 208, 1242, 1)
CT model output shape: (None, 2)

Running CT inference...
Volume input shape: (4178, 208, 1242, 1), dtype: float32
CT selected 392 ES candidates from 4178 volumes
  True ES volumes: 358
  ES prob range: [0.000, 1.000]

Matched 3840 3-plane clusters for ED inference

Loading ED model from: /eos/home-e/evilla/dune/sn-tps/neural_networks/electron_direction/three_plane_three_plane_v58_200k_lr_schedule_20251118_110931/checkpoints/model_epoch_12_val_loss_0.8898.keras
Running ED inference on 3840 clusters...
After 3 MeV cut: 3819 clusters
Using CT weights^2: range [0.422, 1.000]

True neutrino direction: [-0.2085, 0.9773, 0.0374]
Using 3819 ED-predicted directions for MCMC
  MCMC: 50 initial trials, then 10001 chain steps
  Best log-likelihood: -4888.97, final proposal_scale: 0.0032

Reconstructed direction: [-0.8183, 0.5575, -0.1398]
Angular error: 44.75°

======================================================================
Using EOS structure: /eos/project-e/ep-nu/evilla/sn-pointing/cat000068/pipeline
======================================================================
Saved best_case: /eos/project-e/ep-nu/evilla/sn-pointing/cat000068/pipeline/cat000068_scenario_best_case.npz
Saved perfect_ct: /eos/project-e/ep-nu/evilla/sn-pointing/cat000068/pipeline/cat000068_scenario_perfect_ct.npz
Saved full_pipeline: /eos/project-e/ep-nu/evilla/sn-pointing/cat000068/pipeline/cat000068_scenario_full_pipeline.npz
Saved weighted_linear: /eos/project-e/ep-nu/evilla/sn-pointing/cat000068/pipeline/cat000068_scenario_weighted_linear.npz
Saved weighted_squared: /eos/project-e/ep-nu/evilla/sn-pointing/cat000068/pipeline/cat000068_scenario_weighted_squared.npz

======================================================================
SUMMARY
======================================================================

BEST_CASE:
  Clusters used: 317
  Angular error: 26.40°
  Log-likelihood: 180.44

PERFECT_CT:
  Clusters used: 291
  Angular error: 11.65°
  Log-likelihood: -142.01

FULL_PIPELINE:
  Clusters used: 3819
  Angular error: 50.28°
  Log-likelihood: -5364.07

WEIGHTED_LINEAR:
  Clusters used: 3819
  Angular error: 50.29°
  Log-likelihood: -5107.23

WEIGHTED_SQUARED:
  Clusters used: 3819
  Angular error: 44.75°
  Log-likelihood: -4888.97

==========================================
SUCCESS: cat000068 completed
==========================================
