==========================================
Processing: cat000095
==========================================
Category directory: /eos/project-e/ep-nu/evilla/sn-pointing/cat000095
PDF path: /eos/home-e/evilla/dune/sn-tps/neural_networks/electron_direction/three_plane_three_plane_v58_200k_lr_schedule_20251118_110931/cosine_energy_pdf.npz
Script directory: /afs/cern.ch/work/e/evilla/private/dune/data-selection-pipeline


Running all 5 scenarios...


Loading energy-cosine PDF from: /eos/home-e/evilla/dune/sn-tps/neural_networks/electron_direction/three_plane_three_plane_v58_200k_lr_schedule_20251118_110931/cosine_energy_pdf.npz
PDF loaded: 18 energy bins, 100 cosine bins

======================================================================
SCENARIO 1: BEST CASE (True Electron Directions)
======================================================================

Loaded 7011 total clusters
ES main tracks: 315
Valid directions: 315 / 315
After 3 MeV cut: 315 clusters

True neutrino direction: [0.1230, 0.9210, 0.3697]
Using 315 electron directions for MCMC
  MCMC: 50 initial trials, then 10001 chain steps
  Best log-likelihood: 187.69, final proposal_scale: 0.0045

Reconstructed direction: [-0.1483, 0.9888, 0.0160]
Angular error: 26.05°

======================================================================
SCENARIO 2: PERFECT CT (ES Main Tracks + ED Network)
======================================================================

Files found: 10 ES, 98 CC

Loaded 3820 matched main-track clusters across U, V, X planes
ES main tracks: 293 (expected ~400 from 10 ES files × 40 events)
  Matched main tracks across all planes: 3820
  ES main tracks: 293

Loading ED model from: /eos/home-e/evilla/dune/sn-tps/neural_networks/electron_direction/three_plane_three_plane_v58_200k_lr_schedule_20251118_110931/checkpoints/model_epoch_12_val_loss_0.8898.keras
ED model input shape: [(None, 128, 32, 1), (None, 128, 32, 1), (None, 128, 32, 1)]
ED model output shape: (None, 3)

Running ED inference on 293 clusters...
ED predictions shape: (293, 3)
After 3 MeV cut: 293 clusters

True neutrino direction: [0.1230, 0.9210, 0.3697]
Using 293 ED-predicted directions for MCMC
  MCMC: 50 initial trials, then 10001 chain steps
  Best log-likelihood: -176.27, final proposal_scale: 0.0056

Reconstructed direction: [0.2576, 0.7999, 0.5420]
Angular error: 14.36°

======================================================================
SCENARIO 3: FULL PIPELINE (CT → ED → MCMC)
======================================================================

Loaded 4127 volumes

Loading CT model from: /eos/user/e/evilla/dune/sn-tps/neural_networks/channel_tagging/ct_volume_v52_batch_reload_20251116_101125/best_model.keras
CT model input shape: (None, 208, 1242, 1)
CT model output shape: (None, 2)

Running CT inference...
Volume input shape: (4127, 208, 1242, 1), dtype: float32
CT selected 398 ES candidates from 4127 volumes
  True ES volumes: 352
  ES prob range: [0.000, 1.000]

Matched 3820 3-plane clusters for ED inference

Loading ED model from: /eos/home-e/evilla/dune/sn-tps/neural_networks/electron_direction/three_plane_three_plane_v58_200k_lr_schedule_20251118_110931/checkpoints/model_epoch_12_val_loss_0.8898.keras
Running ED inference on 3820 clusters...
After 3 MeV cut: 3796 clusters

True neutrino direction: [0.1230, 0.9210, 0.3697]
Using 3796 ED-predicted directions for MCMC
  MCMC: 50 initial trials, then 10001 chain steps
  Best log-likelihood: -5347.76, final proposal_scale: 0.0015

Reconstructed direction: [0.1879, -0.8108, 0.5544]
Angular error: 121.25°

======================================================================
SCENARIO 3: FULL PIPELINE (CT → ED → MCMC)
======================================================================

Loaded 4127 volumes

Loading CT model from: /eos/user/e/evilla/dune/sn-tps/neural_networks/channel_tagging/ct_volume_v52_batch_reload_20251116_101125/best_model.keras
CT model input shape: (None, 208, 1242, 1)
CT model output shape: (None, 2)

Running CT inference...
Volume input shape: (4127, 208, 1242, 1), dtype: float32
CT selected 398 ES candidates from 4127 volumes
  True ES volumes: 352
  ES prob range: [0.000, 1.000]

Matched 3820 3-plane clusters for ED inference

Loading ED model from: /eos/home-e/evilla/dune/sn-tps/neural_networks/electron_direction/three_plane_three_plane_v58_200k_lr_schedule_20251118_110931/checkpoints/model_epoch_12_val_loss_0.8898.keras
Running ED inference on 3820 clusters...
After 3 MeV cut: 3796 clusters
Using CT weights^1: range [0.510, 1.000]

True neutrino direction: [0.1230, 0.9210, 0.3697]
Using 3796 ED-predicted directions for MCMC
  MCMC: 50 initial trials, then 10001 chain steps
  Best log-likelihood: -5248.78, final proposal_scale: 0.0015

Reconstructed direction: [0.1879, -0.8108, 0.5544]
Angular error: 121.25°

======================================================================
SCENARIO 3: FULL PIPELINE (CT → ED → MCMC)
======================================================================

Loaded 4127 volumes

Loading CT model from: /eos/user/e/evilla/dune/sn-tps/neural_networks/channel_tagging/ct_volume_v52_batch_reload_20251116_101125/best_model.keras
CT model input shape: (None, 208, 1242, 1)
CT model output shape: (None, 2)

Running CT inference...
Volume input shape: (4127, 208, 1242, 1), dtype: float32
CT selected 398 ES candidates from 4127 volumes
  True ES volumes: 352
  ES prob range: [0.000, 1.000]

Matched 3820 3-plane clusters for ED inference

Loading ED model from: /eos/home-e/evilla/dune/sn-tps/neural_networks/electron_direction/three_plane_three_plane_v58_200k_lr_schedule_20251118_110931/checkpoints/model_epoch_12_val_loss_0.8898.keras
Running ED inference on 3820 clusters...
After 3 MeV cut: 3796 clusters
Using CT weights^2: range [0.260, 1.000]

True neutrino direction: [0.1230, 0.9210, 0.3697]
Using 3796 ED-predicted directions for MCMC
  MCMC: 50 initial trials, then 10001 chain steps
  Best log-likelihood: -5182.15, final proposal_scale: 0.0015

Reconstructed direction: [0.1879, -0.8108, 0.5544]
Angular error: 121.25°

======================================================================
Using EOS structure: /eos/project-e/ep-nu/evilla/sn-pointing/cat000095/pipeline
======================================================================
Saved best_case: /eos/project-e/ep-nu/evilla/sn-pointing/cat000095/pipeline/cat000095_scenario_best_case.npz
Saved perfect_ct: /eos/project-e/ep-nu/evilla/sn-pointing/cat000095/pipeline/cat000095_scenario_perfect_ct.npz
Saved full_pipeline: /eos/project-e/ep-nu/evilla/sn-pointing/cat000095/pipeline/cat000095_scenario_full_pipeline.npz
Saved weighted_linear: /eos/project-e/ep-nu/evilla/sn-pointing/cat000095/pipeline/cat000095_scenario_weighted_linear.npz
Saved weighted_squared: /eos/project-e/ep-nu/evilla/sn-pointing/cat000095/pipeline/cat000095_scenario_weighted_squared.npz

======================================================================
SUMMARY
======================================================================

BEST_CASE:
  Clusters used: 315
  Angular error: 26.05°
  Log-likelihood: 187.69

PERFECT_CT:
  Clusters used: 293
  Angular error: 14.36°
  Log-likelihood: -176.27

FULL_PIPELINE:
  Clusters used: 3796
  Angular error: 121.25°
  Log-likelihood: -5347.76

WEIGHTED_LINEAR:
  Clusters used: 3796
  Angular error: 121.25°
  Log-likelihood: -5248.78

WEIGHTED_SQUARED:
  Clusters used: 3796
  Angular error: 121.25°
  Log-likelihood: -5182.15

==========================================
SUCCESS: cat000095 completed
==========================================
