000 (8782603.094.000) 11/20 00:44:09 Job submitted from host: <188.185.6.50:9618?addrs=188.185.6.50-9618+[2001-1458-d00-62--100-2b1]-9618&alias=bigbird25.cern.ch&noUDP&sock=schedd_1627_90ad>
...
000 (8782605.094.000) 11/20 00:44:34 Job submitted from host: <188.185.6.50:9618?addrs=188.185.6.50-9618+[2001-1458-d00-62--100-2b1]-9618&alias=bigbird25.cern.ch&noUDP&sock=schedd_1627_90ad>
...
000 (13791364.094.000) 11/20 01:08:49 Job submitted from host: <188.184.90.62:9618?addrs=188.184.90.62-9618+[2001-1458-201-e4--100-238]-9618&alias=bigbird16.cern.ch&noUDP&sock=schedd_5196_9a2f>
...
009 (8782605.094.000) 11/20 01:10:28 Job was aborted.
	via condor_rm (by user evilla)
...
040 (8782603.094.000) 11/20 01:14:11 Started transferring input files
	Transferring to host: <188.185.238.10:9618?addrs=188.185.238.10-9618+[2001-1458-303-28--100-6]-9618&alias=b9pgpun002.cern.ch&noUDP&sock=slot1_1_1939520_0c0f_1624>
...
040 (8782603.094.000) 11/20 01:14:11 Finished transferring input files
...
001 (8782603.094.000) 11/20 01:14:12 Job executing on host: <188.185.238.10:9618?addrs=188.185.238.10-9618+[2001-1458-303-28--100-6]-9618&alias=b9pgpun002.cern.ch&noUDP&sock=startd_1939478_2ae8>
	SlotName: slot1_1@b9pgpun002.cern.ch
	AvailableGPUs = { GPUs_GPU_1164dceb }
	CondorScratchDir = "/pool/condor/dir_2452396"
	Cpus = 11
	Disk = 7225
	GPUs = 1
	GPUs_GPU_1164dceb = [ Id = "GPU-1164dceb"; ClockMhz = 1785.0; Capability = 9.0; CoresPerCU = 128; DeviceName = "NVIDIA H100 NVL"; DeviceUuid = "1164dceb-fef9-9731-e6b7-4c427dea8cb4"; ECCEnabled = true; ComputeUnits = 132; DriverVersion = 13.0; DevicePciBusId = "0000:3A:00.0"; GlobalMemoryMb = 95320; MaxSupportedVersion = 13000 ]
	Memory = 33000
...
006 (8782603.094.000) 11/20 01:14:26 Image size of job updated: 353684
	346  -  MemoryUsage of job (MB)
	353684  -  ResidentSetSize of job (KB)
...
006 (8782603.094.000) 11/20 01:19:27 Image size of job updated: 59167540
	13029  -  MemoryUsage of job (MB)
	13341548  -  ResidentSetSize of job (KB)
...
006 (8782603.094.000) 11/20 01:22:48 Image size of job updated: 60162488
	13029  -  MemoryUsage of job (MB)
	13341548  -  ResidentSetSize of job (KB)
...
040 (8782603.094.000) 11/20 01:22:48 Started transferring output files
...
040 (8782603.094.000) 11/20 01:22:48 Finished transferring output files
...
005 (8782603.094.000) 11/20 01:22:48 Job terminated.
	(1) Normal termination (return value 0)
		Usr 0 00:33:10, Sys 0 00:03:55  -  Run Remote Usage
		Usr 0 00:00:00, Sys 0 00:00:00  -  Run Local Usage
		Usr 0 00:33:10, Sys 0 00:03:55  -  Total Remote Usage
		Usr 0 00:00:00, Sys 0 00:00:00  -  Total Local Usage
	18091  -  Run Bytes Sent By Job
	1959  -  Run Bytes Received By Job
	18091  -  Total Bytes Sent By Job
	1959  -  Total Bytes Received By Job
	Partitionable Resources :    Usage  Request Allocated Assigned
	   Cpus                 :     0.15       11        11 
	   Disk (KB)            :    45           2      7225 
	   GPUs                 :     0           1         1 "GPU-1164dceb"
	   GpusMemory (MB)      :   514                       
	   Memory (MB)          : 13029       33000     33000 
	   TimeExecute (s)      :   516                       
	   TimeSlotBusy (s)     :   517                       

	Job terminated of its own accord at 2025-11-20T00:22:48Z with exit-code 0.
...
040 (13791364.094.000) 11/20 01:51:32 Started transferring input files
	Transferring to host: <188.184.195.125:9618?addrs=188.184.195.125-9618+[2001-1458-301-72--100-46]-9618&alias=b9g47n4484.cern.ch&noUDP&sock=slot1_1_1118192_2b98_46>
...
040 (13791364.094.000) 11/20 01:51:32 Finished transferring input files
...
001 (13791364.094.000) 11/20 01:51:33 Job executing on host: <188.184.195.125:9618?addrs=188.184.195.125-9618+[2001-1458-301-72--100-46]-9618&alias=b9g47n4484.cern.ch&noUDP&sock=startd_18735_3aec>
	SlotName: slot1_1@b9g47n4484.cern.ch
	AvailableGPUs = { GPUs_GPU_af018eac }
	CondorScratchDir = "/pool/condor/dir_1127725"
	Cpus = 11
	Disk = 2049
	GPUs = 1
	GPUs_GPU_af018eac = [ Id = "GPU-af018eac"; ClockMhz = 1590.0; Capability = 7.5; CoresPerCU = 64; DeviceName = "Tesla T4"; DeviceUuid = "af018eac-0217-6a0c-1f02-a7671647c0bf"; ECCEnabled = true; ComputeUnits = 40; DriverVersion = 13.0; DevicePciBusId = "0000:07:00.0"; GlobalMemoryMb = 14913; MaxSupportedVersion = 13000 ]
	Memory = 33000
...
006 (13791364.094.000) 11/20 01:51:46 Image size of job updated: 270156
	264  -  MemoryUsage of job (MB)
	270156  -  ResidentSetSize of job (KB)
...
006 (13791364.094.000) 11/20 01:56:46 Image size of job updated: 51270620
	21384  -  MemoryUsage of job (MB)
	21896504  -  ResidentSetSize of job (KB)
...
006 (13791364.094.000) 11/20 02:01:47 Image size of job updated: 56427196
	44671  -  MemoryUsage of job (MB)
	45742408  -  ResidentSetSize of job (KB)
...
006 (13791364.094.000) 11/20 02:03:30 Image size of job updated: 60055272
	44671  -  MemoryUsage of job (MB)
	45742408  -  ResidentSetSize of job (KB)
...
040 (13791364.094.000) 11/20 02:03:30 Started transferring output files
...
040 (13791364.094.000) 11/20 02:03:30 Finished transferring output files
...
005 (13791364.094.000) 11/20 02:03:30 Job terminated.
	(1) Normal termination (return value 0)
		Usr 0 00:29:50, Sys 0 00:02:23  -  Run Remote Usage
		Usr 0 00:00:00, Sys 0 00:00:00  -  Run Local Usage
		Usr 0 00:29:50, Sys 0 00:02:23  -  Total Remote Usage
		Usr 0 00:00:00, Sys 0 00:00:00  -  Total Local Usage
	18065  -  Run Bytes Sent By Job
	1959  -  Run Bytes Received By Job
	18065  -  Total Bytes Sent By Job
	1959  -  Total Bytes Received By Job
	Partitionable Resources :    Usage  Request Allocated Assigned
	   Cpus                 :     0.96       11        11 
	   Disk (KB)            :    44           2      2049 
	   GPUs                 :     0           1         1 "GPU-af018eac"
	   GpusMemory (MB)      :   451                       
	   Memory (MB)          : 44671       33000     33000 
	   TimeExecute (s)      :   717                       
	   TimeSlotBusy (s)     :   718                       

	Job terminated of its own accord at 2025-11-20T01:03:30Z with exit-code 0.
...
