000 (8782603.018.000) 11/20 00:44:09 Job submitted from host: <188.185.6.50:9618?addrs=188.185.6.50-9618+[2001-1458-d00-62--100-2b1]-9618&alias=bigbird25.cern.ch&noUDP&sock=schedd_1627_90ad>
...
000 (8782605.018.000) 11/20 00:44:34 Job submitted from host: <188.185.6.50:9618?addrs=188.185.6.50-9618+[2001-1458-d00-62--100-2b1]-9618&alias=bigbird25.cern.ch&noUDP&sock=schedd_1627_90ad>
...
040 (8782603.018.000) 11/20 00:44:58 Started transferring input files
	Transferring to host: <188.185.93.15:9618?addrs=188.185.93.15-9618+[2001-1458-d00-6c--100-19a]-9618&alias=b9g57n1708.cern.ch&noUDP&sock=slot1_1_5388_1554_9412>
...
040 (8782603.018.000) 11/20 00:44:58 Finished transferring input files
...
001 (8782603.018.000) 11/20 00:44:59 Job executing on host: <188.185.93.15:9618?addrs=188.185.93.15-9618+[2001-1458-d00-6c--100-19a]-9618&alias=b9g57n1708.cern.ch&noUDP&sock=startd_5344_1e34>
	SlotName: slot1_1@b9g57n1708.cern.ch
	AvailableGPUs = { GPUs_GPU_02690ba6 }
	CondorScratchDir = "/pool/condor/dir_1532236"
	Cpus = 11
	Disk = 2048
	GPUs = 1
	GPUs_GPU_02690ba6 = [ Id = "GPU-02690ba6"; ClockMhz = 1410.0; Capability = 8.0; CoresPerCU = 64; DeviceName = "NVIDIA A100-PCIE-40GB"; DeviceUuid = "02690ba6-da8f-b9f3-f5f5-ed6909a5a343"; ECCEnabled = true; ComputeUnits = 108; DriverVersion = 13.0; DevicePciBusId = "0000:06:00.0"; GlobalMemoryMb = 40441; MaxSupportedVersion = 13000 ]
	Memory = 33000
...
006 (8782603.018.000) 11/20 00:45:12 Image size of job updated: 181404
	178  -  MemoryUsage of job (MB)
	181404  -  ResidentSetSize of job (KB)
...
006 (8782603.018.000) 11/20 00:50:12 Image size of job updated: 51578748
	42431  -  MemoryUsage of job (MB)
	43448448  -  ResidentSetSize of job (KB)
...
006 (8782603.018.000) 11/20 00:54:18 Image size of job updated: 52428648
	42434  -  MemoryUsage of job (MB)
	43451932  -  ResidentSetSize of job (KB)
...
040 (8782603.018.000) 11/20 00:54:18 Started transferring output files
...
040 (8782603.018.000) 11/20 00:54:18 Finished transferring output files
...
005 (8782603.018.000) 11/20 00:54:18 Job terminated.
	(1) Normal termination (return value 0)
		Usr 0 00:20:59, Sys 0 00:03:13  -  Run Remote Usage
		Usr 0 00:00:00, Sys 0 00:00:00  -  Run Local Usage
		Usr 0 00:20:59, Sys 0 00:03:13  -  Total Remote Usage
		Usr 0 00:00:00, Sys 0 00:00:00  -  Total Local Usage
	18110  -  Run Bytes Sent By Job
	1959  -  Run Bytes Received By Job
	18110  -  Total Bytes Sent By Job
	1959  -  Total Bytes Received By Job
	Partitionable Resources :    Usage  Request Allocated Assigned
	   Cpus                 :     0.26       11        11 
	   Disk (KB)            :    44           2      2048 
	   GPUs                 :     0           1         1 "GPU-02690ba6"
	   GpusMemory (MB)      :   580                       
	   Memory (MB)          : 42434       33000     33000 
	   TimeExecute (s)      :   559                       
	   TimeSlotBusy (s)     :   561                       

	Job terminated of its own accord at 2025-11-19T23:54:18Z with exit-code 0.
...
000 (13791364.018.000) 11/20 01:08:49 Job submitted from host: <188.184.90.62:9618?addrs=188.184.90.62-9618+[2001-1458-201-e4--100-238]-9618&alias=bigbird16.cern.ch&noUDP&sock=schedd_5196_9a2f>
...
009 (8782605.018.000) 11/20 01:10:27 Job was aborted.
	via condor_rm (by user evilla)
...
040 (13791364.018.000) 11/20 01:23:28 Started transferring input files
	Transferring to host: <188.185.238.10:9618?addrs=188.185.238.10-9618+[2001-1458-303-28--100-6]-9618&alias=b9pgpun002.cern.ch&noUDP&sock=slot1_1_1939520_0c0f_1630>
...
040 (13791364.018.000) 11/20 01:23:28 Finished transferring input files
...
001 (13791364.018.000) 11/20 01:23:29 Job executing on host: <188.185.238.10:9618?addrs=188.185.238.10-9618+[2001-1458-303-28--100-6]-9618&alias=b9pgpun002.cern.ch&noUDP&sock=startd_1939478_2ae8>
	SlotName: slot1_1@b9pgpun002.cern.ch
	AvailableGPUs = { GPUs_GPU_1164dceb }
	CondorScratchDir = "/pool/condor/dir_2463069"
	Cpus = 11
	Disk = 7225
	GPUs = 1
	GPUs_GPU_1164dceb = [ Id = "GPU-1164dceb"; ClockMhz = 1785.0; Capability = 9.0; CoresPerCU = 128; DeviceName = "NVIDIA H100 NVL"; DeviceUuid = "1164dceb-fef9-9731-e6b7-4c427dea8cb4"; ECCEnabled = true; ComputeUnits = 132; DriverVersion = 13.0; DevicePciBusId = "0000:3A:00.0"; GlobalMemoryMb = 95320; MaxSupportedVersion = 13000 ]
	Memory = 33000
...
006 (13791364.018.000) 11/20 01:23:42 Image size of job updated: 281204
	275  -  MemoryUsage of job (MB)
	281204  -  ResidentSetSize of job (KB)
...
006 (13791364.018.000) 11/20 01:28:42 Image size of job updated: 55052980
	53763  -  MemoryUsage of job (MB)
	55052980  -  ResidentSetSize of job (KB)
...
006 (13791364.018.000) 11/20 01:32:39 Image size of job updated: 60810172
	53764  -  MemoryUsage of job (MB)
	55054328  -  ResidentSetSize of job (KB)
...
040 (13791364.018.000) 11/20 01:32:39 Started transferring output files
...
040 (13791364.018.000) 11/20 01:32:39 Finished transferring output files
...
005 (13791364.018.000) 11/20 01:32:39 Job terminated.
	(1) Normal termination (return value 0)
		Usr 0 00:33:50, Sys 0 00:04:30  -  Run Remote Usage
		Usr 0 00:00:00, Sys 0 00:00:00  -  Run Local Usage
		Usr 0 00:33:50, Sys 0 00:04:30  -  Total Remote Usage
		Usr 0 00:00:00, Sys 0 00:00:00  -  Total Local Usage
	18109  -  Run Bytes Sent By Job
	1959  -  Run Bytes Received By Job
	18109  -  Total Bytes Sent By Job
	1959  -  Total Bytes Received By Job
	Partitionable Resources :    Usage  Request Allocated Assigned
	   Cpus                 :    28.07       11        11 
	   Disk (KB)            :    44           2      7225 
	   GPUs                 :     0           1         1 "GPU-1164dceb"
	   GpusMemory (MB)      :   514                       
	   Memory (MB)          : 53764       33000     33000 
	   TimeExecute (s)      :   550                       
	   TimeSlotBusy (s)     :   551                       

	Job terminated of its own accord at 2025-11-20T00:32:39Z with exit-code 0.
...
