==========================================
Processing: cat000071
==========================================
Category directory: /eos/project-e/ep-nu/evilla/sn-pointing/cat000071
PDF path: /eos/home-e/evilla/dune/sn-tps/neural_networks/electron_direction/three_plane_three_plane_v58_200k_lr_schedule_20251118_110931/cosine_energy_pdf.npz
Script directory: /afs/cern.ch/work/e/evilla/private/dune/data-selection-pipeline


Running all 5 scenarios...


Loading energy-cosine PDF from: /eos/home-e/evilla/dune/sn-tps/neural_networks/electron_direction/three_plane_three_plane_v58_200k_lr_schedule_20251118_110931/cosine_energy_pdf.npz
PDF loaded: 18 energy bins, 100 cosine bins

======================================================================
SCENARIO 1: BEST CASE (True Electron Directions)
======================================================================

Loaded 6686 total clusters
ES main tracks: 308
Valid directions: 308 / 308
After 3 MeV cut: 308 clusters

True neutrino direction: [0.8324, 0.4142, 0.3680]
Using 308 electron directions for MCMC
  MCMC: 50 initial trials, then 10001 chain steps
  Best log-likelihood: 208.23, final proposal_scale: 0.0046

Reconstructed direction: [0.9252, 0.0292, 0.3784]
Angular error: 22.85°

======================================================================
SCENARIO 2: PERFECT CT (ES Main Tracks + ED Network)
======================================================================

Files found: 10 ES, 94 CC
Warning: Missing U or V plane for cc_000006_bg_matched_planeX.npz, skipping

Loaded 3572 matched main-track clusters across U, V, X planes
ES main tracks: 248 (expected ~400 from 10 ES files × 40 events)
  Matched main tracks across all planes: 3572
  ES main tracks: 248

Loading ED model from: /eos/home-e/evilla/dune/sn-tps/neural_networks/electron_direction/three_plane_three_plane_v58_200k_lr_schedule_20251118_110931/checkpoints/model_epoch_12_val_loss_0.8898.keras
ED model input shape: [(None, 128, 32, 1), (None, 128, 32, 1), (None, 128, 32, 1)]
ED model output shape: (None, 3)

Running ED inference on 248 clusters...
ED predictions shape: (248, 3)
After 3 MeV cut: 248 clusters

True neutrino direction: [0.8324, 0.4142, 0.3680]
Using 248 ED-predicted directions for MCMC
  MCMC: 50 initial trials, then 10001 chain steps
  Best log-likelihood: -82.44, final proposal_scale: 0.0084

Reconstructed direction: [0.6025, 0.0782, 0.7943]
Angular error: 34.28°

======================================================================
SCENARIO 3: FULL PIPELINE (CT → ED → MCMC)
======================================================================

Loaded 3961 volumes

Loading CT model from: /eos/user/e/evilla/dune/sn-tps/neural_networks/channel_tagging/ct_volume_v52_batch_reload_20251116_101125/best_model.keras
CT model input shape: (None, 208, 1242, 1)
CT model output shape: (None, 2)

Running CT inference...
Volume input shape: (3961, 208, 1242, 1), dtype: float32
CT selected 370 ES candidates from 3961 volumes
  True ES volumes: 351
  ES prob range: [0.000, 1.000]
Warning: Missing U or V plane for cc_000006_bg_matched_planeX.npz, skipping

Matched 3572 3-plane clusters for ED inference

Loading ED model from: /eos/home-e/evilla/dune/sn-tps/neural_networks/electron_direction/three_plane_three_plane_v58_200k_lr_schedule_20251118_110931/checkpoints/model_epoch_12_val_loss_0.8898.keras
Running ED inference on 3572 clusters...
After 3 MeV cut: 3554 clusters

True neutrino direction: [0.8324, 0.4142, 0.3680]
Using 3554 ED-predicted directions for MCMC
  MCMC: 50 initial trials, then 10001 chain steps
  Best log-likelihood: -4921.95, final proposal_scale: 0.0020

Reconstructed direction: [0.2786, -0.7431, 0.6084]
Angular error: 81.49°

======================================================================
SCENARIO 3: FULL PIPELINE (CT → ED → MCMC)
======================================================================

Loaded 3961 volumes

Loading CT model from: /eos/user/e/evilla/dune/sn-tps/neural_networks/channel_tagging/ct_volume_v52_batch_reload_20251116_101125/best_model.keras
CT model input shape: (None, 208, 1242, 1)
CT model output shape: (None, 2)

Running CT inference...
Volume input shape: (3961, 208, 1242, 1), dtype: float32
CT selected 370 ES candidates from 3961 volumes
  True ES volumes: 351
  ES prob range: [0.000, 1.000]
Warning: Missing U or V plane for cc_000006_bg_matched_planeX.npz, skipping

Matched 3572 3-plane clusters for ED inference

Loading ED model from: /eos/home-e/evilla/dune/sn-tps/neural_networks/electron_direction/three_plane_three_plane_v58_200k_lr_schedule_20251118_110931/checkpoints/model_epoch_12_val_loss_0.8898.keras
Running ED inference on 3572 clusters...
After 3 MeV cut: 3554 clusters
Using CT weights^1: range [0.567, 1.000]

True neutrino direction: [0.8324, 0.4142, 0.3680]
Using 3554 ED-predicted directions for MCMC
  MCMC: 50 initial trials, then 10001 chain steps
  Best log-likelihood: -4697.02, final proposal_scale: 0.0003

Reconstructed direction: [0.2786, -0.7432, 0.6083]
Angular error: 81.49°

======================================================================
SCENARIO 3: FULL PIPELINE (CT → ED → MCMC)
======================================================================

Loaded 3961 volumes

Loading CT model from: /eos/user/e/evilla/dune/sn-tps/neural_networks/channel_tagging/ct_volume_v52_batch_reload_20251116_101125/best_model.keras
CT model input shape: (None, 208, 1242, 1)
CT model output shape: (None, 2)

Running CT inference...
Volume input shape: (3961, 208, 1242, 1), dtype: float32
CT selected 370 ES candidates from 3961 volumes
  True ES volumes: 351
  ES prob range: [0.000, 1.000]
Warning: Missing U or V plane for cc_000006_bg_matched_planeX.npz, skipping

Matched 3572 3-plane clusters for ED inference

Loading ED model from: /eos/home-e/evilla/dune/sn-tps/neural_networks/electron_direction/three_plane_three_plane_v58_200k_lr_schedule_20251118_110931/checkpoints/model_epoch_12_val_loss_0.8898.keras
Running ED inference on 3572 clusters...
After 3 MeV cut: 3554 clusters
Using CT weights^2: range [0.322, 1.000]

True neutrino direction: [0.8324, 0.4142, 0.3680]
Using 3554 ED-predicted directions for MCMC
  MCMC: 50 initial trials, then 10001 chain steps
  Best log-likelihood: -4540.31, final proposal_scale: 0.0002

Reconstructed direction: [0.2788, -0.7432, 0.6082]
Angular error: 81.48°

======================================================================
Using EOS structure: /eos/project-e/ep-nu/evilla/sn-pointing/cat000071/pipeline
======================================================================
Saved best_case: /eos/project-e/ep-nu/evilla/sn-pointing/cat000071/pipeline/cat000071_scenario_best_case.npz
Saved perfect_ct: /eos/project-e/ep-nu/evilla/sn-pointing/cat000071/pipeline/cat000071_scenario_perfect_ct.npz
Saved full_pipeline: /eos/project-e/ep-nu/evilla/sn-pointing/cat000071/pipeline/cat000071_scenario_full_pipeline.npz
Saved weighted_linear: /eos/project-e/ep-nu/evilla/sn-pointing/cat000071/pipeline/cat000071_scenario_weighted_linear.npz
Saved weighted_squared: /eos/project-e/ep-nu/evilla/sn-pointing/cat000071/pipeline/cat000071_scenario_weighted_squared.npz

======================================================================
SUMMARY
======================================================================

BEST_CASE:
  Clusters used: 308
  Angular error: 22.85°
  Log-likelihood: 208.23

PERFECT_CT:
  Clusters used: 248
  Angular error: 34.28°
  Log-likelihood: -82.44

FULL_PIPELINE:
  Clusters used: 3554
  Angular error: 81.49°
  Log-likelihood: -4921.95

WEIGHTED_LINEAR:
  Clusters used: 3554
  Angular error: 81.49°
  Log-likelihood: -4697.02

WEIGHTED_SQUARED:
  Clusters used: 3554
  Angular error: 81.48°
  Log-likelihood: -4540.31

==========================================
SUCCESS: cat000071 completed
==========================================
