==========================================
Processing: cat000087
==========================================
Category directory: /eos/project-e/ep-nu/evilla/sn-pointing/cat000087
PDF path: /eos/home-e/evilla/dune/sn-tps/neural_networks/electron_direction/three_plane_three_plane_v58_200k_lr_schedule_20251118_110931/cosine_energy_pdf.npz
Script directory: /afs/cern.ch/work/e/evilla/private/dune/data-selection-pipeline


Running all 5 scenarios...


Loading energy-cosine PDF from: /eos/home-e/evilla/dune/sn-tps/neural_networks/electron_direction/three_plane_three_plane_v58_200k_lr_schedule_20251118_110931/cosine_energy_pdf.npz
PDF loaded: 18 energy bins, 100 cosine bins

======================================================================
SCENARIO 1: BEST CASE (True Electron Directions)
======================================================================

Loaded 6647 total clusters
ES main tracks: 307
Valid directions: 307 / 307
After 3 MeV cut: 306 clusters

True neutrino direction: [-0.5593, -0.7898, 0.2517]
Using 306 electron directions for MCMC
  MCMC: 50 initial trials, then 10001 chain steps
  Best log-likelihood: 201.26, final proposal_scale: 0.0050

Reconstructed direction: [-0.7365, -0.4928, 0.4634]
Angular error: 23.40°

======================================================================
SCENARIO 2: PERFECT CT (ES Main Tracks + ED Network)
======================================================================

Files found: 10 ES, 92 CC

Loaded 3571 matched main-track clusters across U, V, X planes
ES main tracks: 267 (expected ~400 from 10 ES files × 40 events)
  Matched main tracks across all planes: 3571
  ES main tracks: 267

Loading ED model from: /eos/home-e/evilla/dune/sn-tps/neural_networks/electron_direction/three_plane_three_plane_v58_200k_lr_schedule_20251118_110931/checkpoints/model_epoch_12_val_loss_0.8898.keras
ED model input shape: [(None, 128, 32, 1), (None, 128, 32, 1), (None, 128, 32, 1)]
ED model output shape: (None, 3)

Running ED inference on 267 clusters...
ED predictions shape: (267, 3)
After 3 MeV cut: 267 clusters

True neutrino direction: [-0.5593, -0.7898, 0.2517]
Using 267 ED-predicted directions for MCMC
  MCMC: 50 initial trials, then 10001 chain steps
  Best log-likelihood: -113.33, final proposal_scale: 0.0097

Reconstructed direction: [-0.5654, -0.5788, 0.5877]
Angular error: 22.89°

======================================================================
SCENARIO 3: FULL PIPELINE (CT → ED → MCMC)
======================================================================

Loaded 3902 volumes

Loading CT model from: /eos/user/e/evilla/dune/sn-tps/neural_networks/channel_tagging/ct_volume_v52_batch_reload_20251116_101125/best_model.keras
CT model input shape: (None, 208, 1242, 1)
CT model output shape: (None, 2)

Running CT inference...
Volume input shape: (3902, 208, 1242, 1), dtype: float32
CT selected 370 ES candidates from 3902 volumes
  True ES volumes: 347
  ES prob range: [0.000, 1.000]

Matched 3571 3-plane clusters for ED inference

Loading ED model from: /eos/home-e/evilla/dune/sn-tps/neural_networks/electron_direction/three_plane_three_plane_v58_200k_lr_schedule_20251118_110931/checkpoints/model_epoch_12_val_loss_0.8898.keras
Running ED inference on 3571 clusters...
After 3 MeV cut: 3553 clusters

True neutrino direction: [-0.5593, -0.7898, 0.2517]
Using 3553 ED-predicted directions for MCMC
  MCMC: 50 initial trials, then 10001 chain steps
  Best log-likelihood: -4864.32, final proposal_scale: 0.0020

Reconstructed direction: [-0.5416, -0.6565, 0.5250]
Angular error: 17.52°

======================================================================
SCENARIO 3: FULL PIPELINE (CT → ED → MCMC)
======================================================================

Loaded 3902 volumes

Loading CT model from: /eos/user/e/evilla/dune/sn-tps/neural_networks/channel_tagging/ct_volume_v52_batch_reload_20251116_101125/best_model.keras
CT model input shape: (None, 208, 1242, 1)
CT model output shape: (None, 2)

Running CT inference...
Volume input shape: (3902, 208, 1242, 1), dtype: float32
CT selected 370 ES candidates from 3902 volumes
  True ES volumes: 347
  ES prob range: [0.000, 1.000]

Matched 3571 3-plane clusters for ED inference

Loading ED model from: /eos/home-e/evilla/dune/sn-tps/neural_networks/electron_direction/three_plane_three_plane_v58_200k_lr_schedule_20251118_110931/checkpoints/model_epoch_12_val_loss_0.8898.keras
Running ED inference on 3571 clusters...
After 3 MeV cut: 3553 clusters
Using CT weights^1: range [0.545, 1.000]

True neutrino direction: [-0.5593, -0.7898, 0.2517]
Using 3553 ED-predicted directions for MCMC
  MCMC: 50 initial trials, then 10001 chain steps
  Best log-likelihood: -4697.24, final proposal_scale: 0.0013

Reconstructed direction: [-0.5674, -0.6138, 0.5489]
Angular error: 19.89°

======================================================================
SCENARIO 3: FULL PIPELINE (CT → ED → MCMC)
======================================================================

Loaded 3902 volumes

Loading CT model from: /eos/user/e/evilla/dune/sn-tps/neural_networks/channel_tagging/ct_volume_v52_batch_reload_20251116_101125/best_model.keras
CT model input shape: (None, 208, 1242, 1)
CT model output shape: (None, 2)

Running CT inference...
Volume input shape: (3902, 208, 1242, 1), dtype: float32
CT selected 370 ES candidates from 3902 volumes
  True ES volumes: 347
  ES prob range: [0.000, 1.000]

Matched 3571 3-plane clusters for ED inference

Loading ED model from: /eos/home-e/evilla/dune/sn-tps/neural_networks/electron_direction/three_plane_three_plane_v58_200k_lr_schedule_20251118_110931/checkpoints/model_epoch_12_val_loss_0.8898.keras
Running ED inference on 3571 clusters...
After 3 MeV cut: 3553 clusters
Using CT weights^2: range [0.297, 1.000]

True neutrino direction: [-0.5593, -0.7898, 0.2517]
Using 3553 ED-predicted directions for MCMC
  MCMC: 50 initial trials, then 10001 chain steps
  Best log-likelihood: -4566.79, final proposal_scale: 0.0036

Reconstructed direction: [-0.6637, -0.5768, 0.4764]
Angular error: 18.80°

======================================================================
Using EOS structure: /eos/project-e/ep-nu/evilla/sn-pointing/cat000087/pipeline
======================================================================
Saved best_case: /eos/project-e/ep-nu/evilla/sn-pointing/cat000087/pipeline/cat000087_scenario_best_case.npz
Saved perfect_ct: /eos/project-e/ep-nu/evilla/sn-pointing/cat000087/pipeline/cat000087_scenario_perfect_ct.npz
Saved full_pipeline: /eos/project-e/ep-nu/evilla/sn-pointing/cat000087/pipeline/cat000087_scenario_full_pipeline.npz
Saved weighted_linear: /eos/project-e/ep-nu/evilla/sn-pointing/cat000087/pipeline/cat000087_scenario_weighted_linear.npz
Saved weighted_squared: /eos/project-e/ep-nu/evilla/sn-pointing/cat000087/pipeline/cat000087_scenario_weighted_squared.npz

======================================================================
SUMMARY
======================================================================

BEST_CASE:
  Clusters used: 306
  Angular error: 23.40°
  Log-likelihood: 201.26

PERFECT_CT:
  Clusters used: 267
  Angular error: 22.89°
  Log-likelihood: -113.33

FULL_PIPELINE:
  Clusters used: 3553
  Angular error: 17.52°
  Log-likelihood: -4864.32

WEIGHTED_LINEAR:
  Clusters used: 3553
  Angular error: 19.89°
  Log-likelihood: -4697.24

WEIGHTED_SQUARED:
  Clusters used: 3553
  Angular error: 18.80°
  Log-likelihood: -4566.79

==========================================
SUCCESS: cat000087 completed
==========================================
