==========================================
Processing: cat000019
==========================================
Category directory: /eos/project-e/ep-nu/evilla/sn-pointing/cat000019
PDF path: /eos/home-e/evilla/dune/sn-tps/neural_networks/electron_direction/three_plane_three_plane_v58_200k_lr_schedule_20251118_110931/cosine_energy_pdf.npz
Script directory: /afs/cern.ch/work/e/evilla/private/dune/data-selection-pipeline


Running all 5 scenarios...


Loading energy-cosine PDF from: /eos/home-e/evilla/dune/sn-tps/neural_networks/electron_direction/three_plane_three_plane_v58_200k_lr_schedule_20251118_110931/cosine_energy_pdf.npz
PDF loaded: 18 energy bins, 100 cosine bins

======================================================================
SCENARIO 1: BEST CASE (True Electron Directions)
======================================================================

Loaded 7166 total clusters
ES main tracks: 326
Valid directions: 326 / 326
After 3 MeV cut: 326 clusters

True neutrino direction: [0.0462, 0.7576, -0.6510]
Using 326 electron directions for MCMC
  MCMC: 50 initial trials, then 10001 chain steps
  Best log-likelihood: 164.87, final proposal_scale: 0.0020

Reconstructed direction: [0.1009, 0.3915, -0.9146]
Angular error: 26.27°

======================================================================
SCENARIO 2: PERFECT CT (ES Main Tracks + ED Network)
======================================================================

Loaded 3895 matched main-track clusters across U, V, X planes
ES main tracks: 306 (expected ~320 from 8 ES files × 40 events)
  Matched main tracks across all planes: 3895
  ES main tracks: 306

Loading ED model from: /eos/home-e/evilla/dune/sn-tps/neural_networks/electron_direction/three_plane_three_plane_v58_200k_lr_schedule_20251118_110931/checkpoints/model_epoch_12_val_loss_0.8898.keras
ED model input shape: [(None, 128, 32, 1), (None, 128, 32, 1), (None, 128, 32, 1)]
ED model output shape: (None, 3)

Running ED inference on 306 clusters...
ED predictions shape: (306, 3)
After 3 MeV cut: 306 clusters

True neutrino direction: [0.0462, 0.7576, -0.6510]
Using 306 ED-predicted directions for MCMC
  MCMC: 50 initial trials, then 10001 chain steps
  Best log-likelihood: -158.69, final proposal_scale: 0.0034

Reconstructed direction: [0.3817, 0.4060, -0.8303]
Angular error: 30.02°

======================================================================
SCENARIO 3: FULL PIPELINE (CT → ED → MCMC)
======================================================================

Loaded 4214 volumes

Loading CT model from: /eos/user/e/evilla/dune/sn-tps/neural_networks/channel_tagging/ct_volume_v52_batch_reload_20251116_101125/best_model.keras
CT model input shape: (None, 208, 1242, 1)
CT model output shape: (None, 2)

Running CT inference...
Volume input shape: (4214, 208, 1242, 1), dtype: float32
CT selected 400 ES candidates from 4214 volumes
  True ES volumes: 371
  ES prob range: [0.000, 1.000]

Matched 3895 3-plane clusters for ED inference

Loading ED model from: /eos/home-e/evilla/dune/sn-tps/neural_networks/electron_direction/three_plane_three_plane_v58_200k_lr_schedule_20251118_110931/checkpoints/model_epoch_12_val_loss_0.8898.keras
Running ED inference on 3895 clusters...
After 3 MeV cut: 3877 clusters

True neutrino direction: [0.0462, 0.7576, -0.6510]
Using 3877 ED-predicted directions for MCMC
  MCMC: 50 initial trials, then 10001 chain steps
  Best log-likelihood: -5236.89, final proposal_scale: 0.0009

Reconstructed direction: [-0.4537, 0.6581, -0.6009]
Angular error: 29.68°

======================================================================
SCENARIO 3: FULL PIPELINE (CT → ED → MCMC)
======================================================================

Loaded 4214 volumes

Loading CT model from: /eos/user/e/evilla/dune/sn-tps/neural_networks/channel_tagging/ct_volume_v52_batch_reload_20251116_101125/best_model.keras
CT model input shape: (None, 208, 1242, 1)
CT model output shape: (None, 2)

Running CT inference...
Volume input shape: (4214, 208, 1242, 1), dtype: float32
CT selected 400 ES candidates from 4214 volumes
  True ES volumes: 371
  ES prob range: [0.000, 1.000]

Matched 3895 3-plane clusters for ED inference

Loading ED model from: /eos/home-e/evilla/dune/sn-tps/neural_networks/electron_direction/three_plane_three_plane_v58_200k_lr_schedule_20251118_110931/checkpoints/model_epoch_12_val_loss_0.8898.keras
Running ED inference on 3895 clusters...
After 3 MeV cut: 3877 clusters
Using CT weights^1: range [0.529, 1.000]

True neutrino direction: [0.0462, 0.7576, -0.6510]
Using 3877 ED-predicted directions for MCMC
  MCMC: 50 initial trials, then 10001 chain steps
  Best log-likelihood: -4975.39, final proposal_scale: 0.0011

Reconstructed direction: [-0.3864, 0.6272, -0.6763]
Angular error: 26.15°

======================================================================
SCENARIO 3: FULL PIPELINE (CT → ED → MCMC)
======================================================================

Loaded 4214 volumes

Loading CT model from: /eos/user/e/evilla/dune/sn-tps/neural_networks/channel_tagging/ct_volume_v52_batch_reload_20251116_101125/best_model.keras
CT model input shape: (None, 208, 1242, 1)
CT model output shape: (None, 2)

Running CT inference...
Volume input shape: (4214, 208, 1242, 1), dtype: float32
CT selected 400 ES candidates from 4214 volumes
  True ES volumes: 371
  ES prob range: [0.000, 1.000]

Matched 3895 3-plane clusters for ED inference

Loading ED model from: /eos/home-e/evilla/dune/sn-tps/neural_networks/electron_direction/three_plane_three_plane_v58_200k_lr_schedule_20251118_110931/checkpoints/model_epoch_12_val_loss_0.8898.keras
Running ED inference on 3895 clusters...
After 3 MeV cut: 3877 clusters
Using CT weights^2: range [0.279, 1.000]

True neutrino direction: [0.0462, 0.7576, -0.6510]
Using 3877 ED-predicted directions for MCMC
  MCMC: 50 initial trials, then 10001 chain steps
  Best log-likelihood: -4818.47, final proposal_scale: 0.0011

Reconstructed direction: [-0.3863, 0.6272, -0.6763]
Angular error: 26.15°

======================================================================
Using EOS structure: /eos/project-e/ep-nu/evilla/sn-pointing/cat000019/pipeline
======================================================================
Saved best_case: /eos/project-e/ep-nu/evilla/sn-pointing/cat000019/pipeline/cat000019_scenario_best_case.npz
Saved perfect_ct: /eos/project-e/ep-nu/evilla/sn-pointing/cat000019/pipeline/cat000019_scenario_perfect_ct.npz
Saved full_pipeline: /eos/project-e/ep-nu/evilla/sn-pointing/cat000019/pipeline/cat000019_scenario_full_pipeline.npz
Saved weighted_linear: /eos/project-e/ep-nu/evilla/sn-pointing/cat000019/pipeline/cat000019_scenario_weighted_linear.npz
Saved weighted_squared: /eos/project-e/ep-nu/evilla/sn-pointing/cat000019/pipeline/cat000019_scenario_weighted_squared.npz

======================================================================
SUMMARY
======================================================================

BEST_CASE:
  Clusters used: 326
  Angular error: 26.27°
  Log-likelihood: 164.87

PERFECT_CT:
  Clusters used: 306
  Angular error: 30.02°
  Log-likelihood: -158.69

FULL_PIPELINE:
  Clusters used: 3877
  Angular error: 29.68°
  Log-likelihood: -5236.89

WEIGHTED_LINEAR:
  Clusters used: 3877
  Angular error: 26.15°
  Log-likelihood: -4975.39

WEIGHTED_SQUARED:
  Clusters used: 3877
  Angular error: 26.15°
  Log-likelihood: -4818.47

==========================================
SUCCESS: cat000019 completed
==========================================
