000 (8781695.009.000) 11/19 23:12:09 Job submitted from host: <188.185.6.50:9618?addrs=188.185.6.50-9618+[2001-1458-d00-62--100-2b1]-9618&alias=bigbird25.cern.ch&noUDP&sock=schedd_1627_90ad>
...
040 (8781695.009.000) 11/19 23:13:04 Started transferring input files
	Transferring to host: <188.185.190.58:9618?addrs=188.185.190.58-9618+[2001-1458-d03-b--100-198]-9618&alias=b9pgpun203.cern.ch&noUDP&sock=slot1_1_3631_1e2d_3803>
...
040 (8781695.009.000) 11/19 23:13:04 Finished transferring input files
...
001 (8781695.009.000) 11/19 23:13:05 Job executing on host: <188.185.190.58:9618?addrs=188.185.190.58-9618+[2001-1458-d03-b--100-198]-9618&alias=b9pgpun203.cern.ch&noUDP&sock=startd_2775_ff66>
	SlotName: slot1_1@b9pgpun203.cern.ch
	AvailableGPUs = { GPUs_MIG_b40c26bf_6eb1_567e_af53_6f2fba821803 }
	CondorScratchDir = "/pool/condor/dir_499063"
	Cpus = 11
	Disk = 2048
	GPUs = 1
	GPUs_MIG_b40c26bf_6eb1_567e_af53_6f2fba821803 = [ Id = "MIG-b40c26bf-6eb1-567e-af53-6f2fba821803"; DeviceName = "NVIDIA H100L-2-24C MIG 2g.24gb"; DeviceUuid = "MIG-b40c26bf-6eb1-567e-af53-6f2fba821803"; ComputeUnits = 32; GlobalMemoryMb = 21547 ]
	Memory = 33000
...
006 (8781695.009.000) 11/19 23:13:18 Image size of job updated: 172592
	169  -  MemoryUsage of job (MB)
	172592  -  ResidentSetSize of job (KB)
...
006 (8781695.009.000) 11/19 23:18:18 Image size of job updated: 37767372
	36768  -  MemoryUsage of job (MB)
	37649820  -  ResidentSetSize of job (KB)
...
006 (8781695.009.000) 11/19 23:23:19 Image size of job updated: 38069796
	36993  -  MemoryUsage of job (MB)
	37880340  -  ResidentSetSize of job (KB)
...
006 (8781695.009.000) 11/19 23:28:20 Image size of job updated: 38131876
	37004  -  MemoryUsage of job (MB)
	37891676  -  ResidentSetSize of job (KB)
...
006 (8781695.009.000) 11/19 23:33:20 Image size of job updated: 38131876
	37004  -  MemoryUsage of job (MB)
	37892044  -  ResidentSetSize of job (KB)
...
006 (8781695.009.000) 11/19 23:53:21 Image size of job updated: 38136532
	37120  -  MemoryUsage of job (MB)
	38009988  -  ResidentSetSize of job (KB)
...
006 (8781695.009.000) 11/19 23:58:22 Image size of job updated: 38136532
	37120  -  MemoryUsage of job (MB)
	38010380  -  ResidentSetSize of job (KB)
...
040 (8781695.009.000) 11/20 00:06:48 Started transferring output files
...
040 (8781695.009.000) 11/20 00:06:48 Finished transferring output files
...
004 (8781695.009.000) 11/20 00:06:48 Job was evicted.
	(0) CPU times
		Usr 0 00:07:45, Sys 0 00:08:14  -  Run Remote Usage
		Usr 0 00:00:00, Sys 0 00:00:00  -  Run Local Usage
	10911  -  Run Bytes Sent By Job
	1959  -  Run Bytes Received By Job
	Partitionable Resources :    Usage  Request Allocated Assigned
	   Cpus                 :     0.20       11        11 
	   Disk (KB)            :    36           2      2048 
	   GPUs                 :                 1         1 "MIG-b40c26bf-6eb1-567e-af53-6f2fba821803"
	   Memory (MB)          : 37120       33000     33000 
	   TimeExecute (s)      :  3223                       
	   TimeSlotBusy (s)     :  3224                       
...
009 (8781695.009.000) 11/20 00:06:48 Job was aborted.
	via condor_rm (by user evilla)
...
