==========================================
Processing: cat000074
==========================================
Category directory: /eos/project-e/ep-nu/evilla/sn-pointing/cat000074
PDF path: /eos/home-e/evilla/dune/sn-tps/neural_networks/electron_direction/three_plane_three_plane_v58_200k_lr_schedule_20251118_110931/cosine_energy_pdf.npz
Script directory: /afs/cern.ch/work/e/evilla/private/dune/data-selection-pipeline


Running all 5 scenarios...


Loading energy-cosine PDF from: /eos/home-e/evilla/dune/sn-tps/neural_networks/electron_direction/three_plane_three_plane_v58_200k_lr_schedule_20251118_110931/cosine_energy_pdf.npz
PDF loaded: 18 energy bins, 100 cosine bins

======================================================================
SCENARIO 1: BEST CASE (True Electron Directions)
======================================================================

Loaded 7094 total clusters
ES main tracks: 304
Valid directions: 304 / 304
After 3 MeV cut: 304 clusters

True neutrino direction: [0.7789, 0.3843, 0.4956]
Using 304 electron directions for MCMC
  MCMC: 50 initial trials, then 10001 chain steps
  Best log-likelihood: 170.03, final proposal_scale: 0.0037

Reconstructed direction: [0.4424, 0.4749, 0.7608]
Angular error: 25.29°

======================================================================
SCENARIO 2: PERFECT CT (ES Main Tracks + ED Network)
======================================================================

Files found: 10 ES, 100 CC

Loaded 3838 matched main-track clusters across U, V, X planes
ES main tracks: 254 (expected ~400 from 10 ES files × 40 events)
  Matched main tracks across all planes: 3838
  ES main tracks: 254

Loading ED model from: /eos/home-e/evilla/dune/sn-tps/neural_networks/electron_direction/three_plane_three_plane_v58_200k_lr_schedule_20251118_110931/checkpoints/model_epoch_12_val_loss_0.8898.keras
ED model input shape: [(None, 128, 32, 1), (None, 128, 32, 1), (None, 128, 32, 1)]
ED model output shape: (None, 3)

Running ED inference on 254 clusters...
ED predictions shape: (254, 3)
After 3 MeV cut: 254 clusters

True neutrino direction: [0.7789, 0.3843, 0.4956]
Using 254 ED-predicted directions for MCMC
  MCMC: 50 initial trials, then 10001 chain steps
  Best log-likelihood: -71.61, final proposal_scale: 0.0106

Reconstructed direction: [0.9360, 0.2353, 0.2619]
Angular error: 18.33°

======================================================================
SCENARIO 3: FULL PIPELINE (CT → ED → MCMC)
======================================================================

Loaded 4198 volumes

Loading CT model from: /eos/user/e/evilla/dune/sn-tps/neural_networks/channel_tagging/ct_volume_v52_batch_reload_20251116_101125/best_model.keras
CT model input shape: (None, 208, 1242, 1)
CT model output shape: (None, 2)

Running CT inference...
Volume input shape: (4198, 208, 1242, 1), dtype: float32
CT selected 343 ES candidates from 4198 volumes
  True ES volumes: 362
  ES prob range: [0.000, 1.000]

Matched 3838 3-plane clusters for ED inference

Loading ED model from: /eos/home-e/evilla/dune/sn-tps/neural_networks/electron_direction/three_plane_three_plane_v58_200k_lr_schedule_20251118_110931/checkpoints/model_epoch_12_val_loss_0.8898.keras
Running ED inference on 3838 clusters...
After 3 MeV cut: 3818 clusters

True neutrino direction: [0.7789, 0.3843, 0.4956]
Using 3818 ED-predicted directions for MCMC
  MCMC: 50 initial trials, then 10001 chain steps
  Best log-likelihood: -5377.47, final proposal_scale: 0.0008

Reconstructed direction: [0.5294, -0.5093, 0.6785]
Angular error: 56.44°

======================================================================
SCENARIO 3: FULL PIPELINE (CT → ED → MCMC)
======================================================================

Loaded 4198 volumes

Loading CT model from: /eos/user/e/evilla/dune/sn-tps/neural_networks/channel_tagging/ct_volume_v52_batch_reload_20251116_101125/best_model.keras
CT model input shape: (None, 208, 1242, 1)
CT model output shape: (None, 2)

Running CT inference...
Volume input shape: (4198, 208, 1242, 1), dtype: float32
CT selected 343 ES candidates from 4198 volumes
  True ES volumes: 362
  ES prob range: [0.000, 1.000]

Matched 3838 3-plane clusters for ED inference

Loading ED model from: /eos/home-e/evilla/dune/sn-tps/neural_networks/electron_direction/three_plane_three_plane_v58_200k_lr_schedule_20251118_110931/checkpoints/model_epoch_12_val_loss_0.8898.keras
Running ED inference on 3838 clusters...
After 3 MeV cut: 3818 clusters
Using CT weights^1: range [0.510, 1.000]

True neutrino direction: [0.7789, 0.3843, 0.4956]
Using 3818 ED-predicted directions for MCMC
  MCMC: 50 initial trials, then 10001 chain steps
  Best log-likelihood: -5175.61, final proposal_scale: 0.0025

Reconstructed direction: [0.5357, -0.4855, 0.6909]
Angular error: 55.03°

======================================================================
SCENARIO 3: FULL PIPELINE (CT → ED → MCMC)
======================================================================

Loaded 4198 volumes

Loading CT model from: /eos/user/e/evilla/dune/sn-tps/neural_networks/channel_tagging/ct_volume_v52_batch_reload_20251116_101125/best_model.keras
CT model input shape: (None, 208, 1242, 1)
CT model output shape: (None, 2)

Running CT inference...
Volume input shape: (4198, 208, 1242, 1), dtype: float32
CT selected 343 ES candidates from 4198 volumes
  True ES volumes: 362
  ES prob range: [0.000, 1.000]

Matched 3838 3-plane clusters for ED inference

Loading ED model from: /eos/home-e/evilla/dune/sn-tps/neural_networks/electron_direction/three_plane_three_plane_v58_200k_lr_schedule_20251118_110931/checkpoints/model_epoch_12_val_loss_0.8898.keras
Running ED inference on 3838 clusters...
After 3 MeV cut: 3818 clusters
Using CT weights^2: range [0.260, 1.000]

True neutrino direction: [0.7789, 0.3843, 0.4956]
Using 3818 ED-predicted directions for MCMC
  MCMC: 50 initial trials, then 10001 chain steps
  Best log-likelihood: -5063.16, final proposal_scale: 0.0106

Reconstructed direction: [-0.3991, -0.7315, -0.5529]
Angular error: 149.99°

======================================================================
Using EOS structure: /eos/project-e/ep-nu/evilla/sn-pointing/cat000074/pipeline
======================================================================
Saved best_case: /eos/project-e/ep-nu/evilla/sn-pointing/cat000074/pipeline/cat000074_scenario_best_case.npz
Saved perfect_ct: /eos/project-e/ep-nu/evilla/sn-pointing/cat000074/pipeline/cat000074_scenario_perfect_ct.npz
Saved full_pipeline: /eos/project-e/ep-nu/evilla/sn-pointing/cat000074/pipeline/cat000074_scenario_full_pipeline.npz
Saved weighted_linear: /eos/project-e/ep-nu/evilla/sn-pointing/cat000074/pipeline/cat000074_scenario_weighted_linear.npz
Saved weighted_squared: /eos/project-e/ep-nu/evilla/sn-pointing/cat000074/pipeline/cat000074_scenario_weighted_squared.npz

======================================================================
SUMMARY
======================================================================

BEST_CASE:
  Clusters used: 304
  Angular error: 25.29°
  Log-likelihood: 170.03

PERFECT_CT:
  Clusters used: 254
  Angular error: 18.33°
  Log-likelihood: -71.61

FULL_PIPELINE:
  Clusters used: 3818
  Angular error: 56.44°
  Log-likelihood: -5377.47

WEIGHTED_LINEAR:
  Clusters used: 3818
  Angular error: 55.03°
  Log-likelihood: -5175.61

WEIGHTED_SQUARED:
  Clusters used: 3818
  Angular error: 149.99°
  Log-likelihood: -5063.16

==========================================
SUCCESS: cat000074 completed
==========================================
