000 (8782606.008.000) 11/20 00:44:34 Job submitted from host: <188.185.6.50:9618?addrs=188.185.6.50-9618+[2001-1458-d00-62--100-2b1]-9618&alias=bigbird25.cern.ch&noUDP&sock=schedd_1627_90ad>
...
000 (13791365.008.000) 11/20 01:08:49 Job submitted from host: <188.184.90.62:9618?addrs=188.184.90.62-9618+[2001-1458-201-e4--100-238]-9618&alias=bigbird16.cern.ch&noUDP&sock=schedd_5196_9a2f>
...
009 (8782606.008.000) 11/20 01:10:42 Job was aborted.
	via condor_rm (by user evilla)
...
040 (13791365.008.000) 11/20 01:58:31 Started transferring input files
	Transferring to host: <188.185.92.187:9618?addrs=188.185.92.187-9618+[2001-1458-d00-6c--100-187]-9618&alias=b9g57n1627.cern.ch&noUDP&sock=slot1_1_15549_6d51_8846>
...
040 (13791365.008.000) 11/20 01:58:31 Finished transferring input files
...
001 (13791365.008.000) 11/20 01:58:32 Job executing on host: <188.185.92.187:9618?addrs=188.185.92.187-9618+[2001-1458-d00-6c--100-187]-9618&alias=b9g57n1627.cern.ch&noUDP&sock=startd_14708_0b09>
	SlotName: slot1_1@b9g57n1627.cern.ch
	AvailableGPUs = { GPUs_GPU_17f035a0 }
	CondorScratchDir = "/pool/condor/dir_317069"
	Cpus = 11
	Disk = 2049
	GPUs = 1
	GPUs_GPU_17f035a0 = [ Id = "GPU-17f035a0"; ClockMhz = 1410.0; Capability = 8.0; CoresPerCU = 64; DeviceName = "NVIDIA A100-PCIE-40GB"; DeviceUuid = "17f035a0-2803-bbec-2357-4944e9cca222"; ECCEnabled = true; ComputeUnits = 108; DriverVersion = 13.0; DevicePciBusId = "0000:06:00.0"; GlobalMemoryMb = 40441; MaxSupportedVersion = 13000 ]
	Memory = 33000
...
006 (13791365.008.000) 11/20 01:58:45 Image size of job updated: 336168
	329  -  MemoryUsage of job (MB)
	336168  -  ResidentSetSize of job (KB)
...
006 (13791365.008.000) 11/20 02:03:45 Image size of job updated: 57036456
	25015  -  MemoryUsage of job (MB)
	25615252  -  ResidentSetSize of job (KB)
...
006 (13791365.008.000) 11/20 02:08:46 Image size of job updated: 57578860
	25015  -  MemoryUsage of job (MB)
	25615252  -  ResidentSetSize of job (KB)
...
040 (13791365.008.000) 11/20 02:09:32 Started transferring output files
...
040 (13791365.008.000) 11/20 02:09:32 Finished transferring output files
...
005 (13791365.008.000) 11/20 02:09:32 Job terminated.
	(1) Normal termination (return value 0)
		Usr 0 00:23:32, Sys 0 00:04:18  -  Run Remote Usage
		Usr 0 00:00:00, Sys 0 00:00:00  -  Run Local Usage
		Usr 0 00:23:32, Sys 0 00:04:18  -  Total Remote Usage
		Usr 0 00:00:00, Sys 0 00:00:00  -  Total Local Usage
	18098  -  Run Bytes Sent By Job
	1959  -  Run Bytes Received By Job
	18098  -  Total Bytes Sent By Job
	1959  -  Total Bytes Received By Job
	Partitionable Resources :    Usage  Request Allocated Assigned
	   Cpus                 :    10.94       11        11 
	   Disk (KB)            :    44           2      2049 
	   GPUs                 :     0           1         1 "GPU-17f035a0"
	   GpusMemory (MB)      :   530                       
	   Memory (MB)          : 25015       33000     33000 
	   TimeExecute (s)      :   660                       
	   TimeSlotBusy (s)     :   662                       

	Job terminated of its own accord at 2025-11-20T01:09:32Z with exit-code 0.
...
