000 (8782603.021.000) 11/20 00:44:09 Job submitted from host: <188.185.6.50:9618?addrs=188.185.6.50-9618+[2001-1458-d00-62--100-2b1]-9618&alias=bigbird25.cern.ch&noUDP&sock=schedd_1627_90ad>
...
000 (8782605.021.000) 11/20 00:44:34 Job submitted from host: <188.185.6.50:9618?addrs=188.185.6.50-9618+[2001-1458-d00-62--100-2b1]-9618&alias=bigbird25.cern.ch&noUDP&sock=schedd_1627_90ad>
...
040 (8782603.021.000) 11/20 00:44:59 Started transferring input files
	Transferring to host: <188.185.93.208:9618?addrs=188.185.93.208-9618+[2001-1458-d00-6c--100-e9]-9618&alias=b9g57n3665.cern.ch&noUDP&sock=slot1_1_3730_df51_9452>
...
040 (8782603.021.000) 11/20 00:44:59 Finished transferring input files
...
001 (8782603.021.000) 11/20 00:45:00 Job executing on host: <188.185.93.208:9618?addrs=188.185.93.208-9618+[2001-1458-d00-6c--100-e9]-9618&alias=b9g57n3665.cern.ch&noUDP&sock=startd_3378_9b02>
	SlotName: slot1_1@b9g57n3665.cern.ch
	AvailableGPUs = { GPUs_GPU_836178fb }
	CondorScratchDir = "/pool/condor/dir_4191599"
	Cpus = 11
	Disk = 2048
	GPUs = 1
	GPUs_GPU_836178fb = [ Id = "GPU-836178fb"; ClockMhz = 1410.0; Capability = 8.0; CoresPerCU = 64; DeviceName = "NVIDIA A100-PCIE-40GB"; DeviceUuid = "836178fb-b193-b354-8ad9-dc95f395b443"; ECCEnabled = true; ComputeUnits = 108; DriverVersion = 13.0; DevicePciBusId = "0000:06:00.0"; GlobalMemoryMb = 40441; MaxSupportedVersion = 13000 ]
	Memory = 33000
...
006 (8782603.021.000) 11/20 00:45:13 Image size of job updated: 178292
	175  -  MemoryUsage of job (MB)
	178292  -  ResidentSetSize of job (KB)
...
006 (8782603.021.000) 11/20 00:50:13 Image size of job updated: 53281456
	37012  -  MemoryUsage of job (MB)
	37899704  -  ResidentSetSize of job (KB)
...
006 (8782603.021.000) 11/20 00:54:46 Image size of job updated: 54160876
	37013  -  MemoryUsage of job (MB)
	37900408  -  ResidentSetSize of job (KB)
...
040 (8782603.021.000) 11/20 00:54:46 Started transferring output files
...
040 (8782603.021.000) 11/20 00:54:46 Finished transferring output files
...
005 (8782603.021.000) 11/20 00:54:46 Job terminated.
	(1) Normal termination (return value 0)
		Usr 0 00:22:31, Sys 0 00:03:23  -  Run Remote Usage
		Usr 0 00:00:00, Sys 0 00:00:00  -  Run Local Usage
		Usr 0 00:22:31, Sys 0 00:03:23  -  Total Remote Usage
		Usr 0 00:00:00, Sys 0 00:00:00  -  Total Local Usage
	18088  -  Run Bytes Sent By Job
	1959  -  Run Bytes Received By Job
	18088  -  Total Bytes Sent By Job
	1959  -  Total Bytes Received By Job
	Partitionable Resources :    Usage  Request Allocated Assigned
	   Cpus                 :     0.97       11        11 
	   Disk (KB)            :    44           2      2048 
	   GPUs                 :     0           1         1 "GPU-836178fb"
	   GpusMemory (MB)      :   598                       
	   Memory (MB)          : 37013       33000     33000 
	   TimeExecute (s)      :   586                       
	   TimeSlotBusy (s)     :   588                       

	Job terminated of its own accord at 2025-11-19T23:54:46Z with exit-code 0.
...
000 (13791364.021.000) 11/20 01:08:49 Job submitted from host: <188.184.90.62:9618?addrs=188.184.90.62-9618+[2001-1458-201-e4--100-238]-9618&alias=bigbird16.cern.ch&noUDP&sock=schedd_5196_9a2f>
...
009 (8782605.021.000) 11/20 01:10:27 Job was aborted.
	via condor_rm (by user evilla)
...
040 (13791364.021.000) 11/20 01:25:22 Started transferring input files
	Transferring to host: <188.184.195.72:9618?addrs=188.184.195.72-9618+[2001-1458-301-72--100-3bf]-9618&alias=b9g47n6462.cern.ch&noUDP&sock=slot1_1_18519_0f8a_9272>
...
040 (13791364.021.000) 11/20 01:25:22 Finished transferring input files
...
001 (13791364.021.000) 11/20 01:25:23 Job executing on host: <188.184.195.72:9618?addrs=188.184.195.72-9618+[2001-1458-301-72--100-3bf]-9618&alias=b9g47n6462.cern.ch&noUDP&sock=startd_17580_ff09>
	SlotName: slot1_1@b9g47n6462.cern.ch
	AvailableGPUs = { GPUs_GPU_097ed6ab }
	CondorScratchDir = "/pool/condor/dir_180482"
	Cpus = 11
	Disk = 2059
	GPUs = 1
	GPUs_GPU_097ed6ab = [ Id = "GPU-097ed6ab"; ClockMhz = 1590.0; Capability = 7.5; CoresPerCU = 64; DeviceName = "Tesla T4"; DeviceUuid = "097ed6ab-2e6f-8d98-37a3-6ad09a369fc4"; ECCEnabled = true; ComputeUnits = 40; DriverVersion = 13.0; DevicePciBusId = "0000:07:00.0"; GlobalMemoryMb = 14913; MaxSupportedVersion = 13000 ]
	Memory = 33000
...
006 (13791364.021.000) 11/20 01:25:37 Image size of job updated: 247812
	243  -  MemoryUsage of job (MB)
	247812  -  ResidentSetSize of job (KB)
...
006 (13791364.021.000) 11/20 01:30:38 Image size of job updated: 53268824
	17777  -  MemoryUsage of job (MB)
	18203324  -  ResidentSetSize of job (KB)
...
006 (13791364.021.000) 11/20 01:35:38 Image size of job updated: 58537080
	40554  -  MemoryUsage of job (MB)
	41527092  -  ResidentSetSize of job (KB)
...
006 (13791364.021.000) 11/20 01:37:41 Image size of job updated: 62054232
	40555  -  MemoryUsage of job (MB)
	41527704  -  ResidentSetSize of job (KB)
...
040 (13791364.021.000) 11/20 01:37:41 Started transferring output files
...
040 (13791364.021.000) 11/20 01:37:41 Finished transferring output files
...
005 (13791364.021.000) 11/20 01:37:41 Job terminated.
	(1) Normal termination (return value 0)
		Usr 0 00:29:01, Sys 0 00:02:26  -  Run Remote Usage
		Usr 0 00:00:00, Sys 0 00:00:00  -  Run Local Usage
		Usr 0 00:29:01, Sys 0 00:02:26  -  Total Remote Usage
		Usr 0 00:00:00, Sys 0 00:00:00  -  Total Local Usage
	18086  -  Run Bytes Sent By Job
	1959  -  Run Bytes Received By Job
	18086  -  Total Bytes Sent By Job
	1959  -  Total Bytes Received By Job
	Partitionable Resources :    Usage  Request Allocated Assigned
	   Cpus                 :     0.99       11        11 
	   Disk (KB)            :    44           2      2059 
	   GPUs                 :     0           1         1 "GPU-097ed6ab"
	   GpusMemory (MB)      :   567                       
	   Memory (MB)          : 40555       33000     33000 
	   TimeExecute (s)      :   738                       
	   TimeSlotBusy (s)     :   739                       

	Job terminated of its own accord at 2025-11-20T00:37:41Z with exit-code 0.
...
