==========================================
Processing: cat000099
==========================================
Category directory: /eos/project-e/ep-nu/evilla/sn-pointing/cat000099
PDF path: /eos/home-e/evilla/dune/sn-tps/neural_networks/electron_direction/three_plane_three_plane_v58_200k_lr_schedule_20251118_110931/cosine_energy_pdf.npz
Script directory: /afs/cern.ch/work/e/evilla/private/dune/data-selection-pipeline


Running all 5 scenarios...


Loading energy-cosine PDF from: /eos/home-e/evilla/dune/sn-tps/neural_networks/electron_direction/three_plane_three_plane_v58_200k_lr_schedule_20251118_110931/cosine_energy_pdf.npz
PDF loaded: 18 energy bins, 100 cosine bins

======================================================================
SCENARIO 1: BEST CASE (True Electron Directions)
======================================================================

Loaded 6537 total clusters
ES main tracks: 308
Valid directions: 308 / 308
After 3 MeV cut: 307 clusters

True neutrino direction: [-0.7003, 0.1973, 0.6861]
Using 307 electron directions for MCMC
  MCMC: 50 initial trials, then 10001 chain steps
  Best log-likelihood: 179.14, final proposal_scale: 0.0046

Reconstructed direction: [-0.9176, 0.2657, 0.2956]
Angular error: 26.13°

======================================================================
SCENARIO 2: PERFECT CT (ES Main Tracks + ED Network)
======================================================================

Files found: 10 ES, 92 CC

Loaded 3606 matched main-track clusters across U, V, X planes
ES main tracks: 273 (expected ~400 from 10 ES files × 40 events)
  Matched main tracks across all planes: 3606
  ES main tracks: 273

Loading ED model from: /eos/home-e/evilla/dune/sn-tps/neural_networks/electron_direction/three_plane_three_plane_v58_200k_lr_schedule_20251118_110931/checkpoints/model_epoch_12_val_loss_0.8898.keras
ED model input shape: [(None, 128, 32, 1), (None, 128, 32, 1), (None, 128, 32, 1)]
ED model output shape: (None, 3)

Running ED inference on 273 clusters...
ED predictions shape: (273, 3)
After 3 MeV cut: 273 clusters

True neutrino direction: [-0.7003, 0.1973, 0.6861]
Using 273 ED-predicted directions for MCMC
  MCMC: 50 initial trials, then 10001 chain steps
  Best log-likelihood: -44.56, final proposal_scale: 0.0085

Reconstructed direction: [-0.7590, 0.4522, 0.4685]
Angular error: 19.59°

======================================================================
SCENARIO 3: FULL PIPELINE (CT → ED → MCMC)
======================================================================

Loaded 3921 volumes

Loading CT model from: /eos/user/e/evilla/dune/sn-tps/neural_networks/channel_tagging/ct_volume_v52_batch_reload_20251116_101125/best_model.keras
CT model input shape: (None, 208, 1242, 1)
CT model output shape: (None, 2)

Running CT inference...
Volume input shape: (3921, 208, 1242, 1), dtype: float32
CT selected 335 ES candidates from 3921 volumes
  True ES volumes: 354
  ES prob range: [0.000, 1.000]

Matched 3606 3-plane clusters for ED inference

Loading ED model from: /eos/home-e/evilla/dune/sn-tps/neural_networks/electron_direction/three_plane_three_plane_v58_200k_lr_schedule_20251118_110931/checkpoints/model_epoch_12_val_loss_0.8898.keras
Running ED inference on 3606 clusters...
After 3 MeV cut: 3585 clusters

True neutrino direction: [-0.7003, 0.1973, 0.6861]
Using 3585 ED-predicted directions for MCMC
  MCMC: 50 initial trials, then 10001 chain steps
  Best log-likelihood: -5011.87, final proposal_scale: 0.0046

Reconstructed direction: [-0.3501, -0.5850, 0.7315]
Angular error: 50.83°

======================================================================
SCENARIO 3: FULL PIPELINE (CT → ED → MCMC)
======================================================================

Loaded 3921 volumes

Loading CT model from: /eos/user/e/evilla/dune/sn-tps/neural_networks/channel_tagging/ct_volume_v52_batch_reload_20251116_101125/best_model.keras
CT model input shape: (None, 208, 1242, 1)
CT model output shape: (None, 2)

Running CT inference...
Volume input shape: (3921, 208, 1242, 1), dtype: float32
CT selected 335 ES candidates from 3921 volumes
  True ES volumes: 354
  ES prob range: [0.000, 1.000]

Matched 3606 3-plane clusters for ED inference

Loading ED model from: /eos/home-e/evilla/dune/sn-tps/neural_networks/electron_direction/three_plane_three_plane_v58_200k_lr_schedule_20251118_110931/checkpoints/model_epoch_12_val_loss_0.8898.keras
Running ED inference on 3606 clusters...
After 3 MeV cut: 3585 clusters
Using CT weights^1: range [0.537, 1.000]

True neutrino direction: [-0.7003, 0.1973, 0.6861]
Using 3585 ED-predicted directions for MCMC
  MCMC: 50 initial trials, then 10001 chain steps
  Best log-likelihood: -4554.04, final proposal_scale: 0.0031

Reconstructed direction: [-0.3106, -0.5638, 0.7653]
Angular error: 50.86°

======================================================================
SCENARIO 3: FULL PIPELINE (CT → ED → MCMC)
======================================================================

Loaded 3921 volumes

Loading CT model from: /eos/user/e/evilla/dune/sn-tps/neural_networks/channel_tagging/ct_volume_v52_batch_reload_20251116_101125/best_model.keras
CT model input shape: (None, 208, 1242, 1)
CT model output shape: (None, 2)

Running CT inference...
Volume input shape: (3921, 208, 1242, 1), dtype: float32
CT selected 335 ES candidates from 3921 volumes
  True ES volumes: 354
  ES prob range: [0.000, 1.000]

Matched 3606 3-plane clusters for ED inference

Loading ED model from: /eos/home-e/evilla/dune/sn-tps/neural_networks/electron_direction/three_plane_three_plane_v58_200k_lr_schedule_20251118_110931/checkpoints/model_epoch_12_val_loss_0.8898.keras
Running ED inference on 3606 clusters...
After 3 MeV cut: 3585 clusters
Using CT weights^2: range [0.288, 1.000]

True neutrino direction: [-0.7003, 0.1973, 0.6861]
Using 3585 ED-predicted directions for MCMC
  MCMC: 50 initial trials, then 10001 chain steps
  Best log-likelihood: -4247.62, final proposal_scale: 0.0031

Reconstructed direction: [-0.3106, -0.5639, 0.7652]
Angular error: 50.86°

======================================================================
Using EOS structure: /eos/project-e/ep-nu/evilla/sn-pointing/cat000099/pipeline
======================================================================
Saved best_case: /eos/project-e/ep-nu/evilla/sn-pointing/cat000099/pipeline/cat000099_scenario_best_case.npz
Saved perfect_ct: /eos/project-e/ep-nu/evilla/sn-pointing/cat000099/pipeline/cat000099_scenario_perfect_ct.npz
Saved full_pipeline: /eos/project-e/ep-nu/evilla/sn-pointing/cat000099/pipeline/cat000099_scenario_full_pipeline.npz
Saved weighted_linear: /eos/project-e/ep-nu/evilla/sn-pointing/cat000099/pipeline/cat000099_scenario_weighted_linear.npz
Saved weighted_squared: /eos/project-e/ep-nu/evilla/sn-pointing/cat000099/pipeline/cat000099_scenario_weighted_squared.npz

======================================================================
SUMMARY
======================================================================

BEST_CASE:
  Clusters used: 307
  Angular error: 26.13°
  Log-likelihood: 179.14

PERFECT_CT:
  Clusters used: 273
  Angular error: 19.59°
  Log-likelihood: -44.56

FULL_PIPELINE:
  Clusters used: 3585
  Angular error: 50.83°
  Log-likelihood: -5011.87

WEIGHTED_LINEAR:
  Clusters used: 3585
  Angular error: 50.86°
  Log-likelihood: -4554.04

WEIGHTED_SQUARED:
  Clusters used: 3585
  Angular error: 50.86°
  Log-likelihood: -4247.62

==========================================
SUCCESS: cat000099 completed
==========================================
