==========================================
Processing: cat000014
==========================================
Category directory: /eos/project-e/ep-nu/evilla/sn-pointing/cat000014
PDF path: /eos/home-e/evilla/dune/sn-tps/neural_networks/electron_direction/three_plane_three_plane_v58_200k_lr_schedule_20251118_110931/cosine_energy_pdf.npz
Script directory: /afs/cern.ch/work/e/evilla/private/dune/data-selection-pipeline


Running all 5 scenarios...


Loading energy-cosine PDF from: /eos/home-e/evilla/dune/sn-tps/neural_networks/electron_direction/three_plane_three_plane_v58_200k_lr_schedule_20251118_110931/cosine_energy_pdf.npz
PDF loaded: 18 energy bins, 100 cosine bins

======================================================================
SCENARIO 1: BEST CASE (True Electron Directions)
======================================================================

Loaded 7176 total clusters
ES main tracks: 317
Valid directions: 317 / 317
After 3 MeV cut: 317 clusters

True neutrino direction: [0.8112, -0.4226, 0.4042]
Using 317 electron directions for MCMC
  MCMC: 50 initial trials, then 10001 chain steps
  Best log-likelihood: 214.92, final proposal_scale: 0.0016

Reconstructed direction: [0.5775, -0.7018, 0.4171]
Angular error: 20.99°

======================================================================
SCENARIO 2: PERFECT CT (ES Main Tracks + ED Network)
======================================================================

Loaded 3834 matched main-track clusters across U, V, X planes
ES main tracks: 261 (expected ~320 from 8 ES files × 40 events)
  Matched main tracks across all planes: 3834
  ES main tracks: 261

Loading ED model from: /eos/home-e/evilla/dune/sn-tps/neural_networks/electron_direction/three_plane_three_plane_v58_200k_lr_schedule_20251118_110931/checkpoints/model_epoch_12_val_loss_0.8898.keras
ED model input shape: [(None, 128, 32, 1), (None, 128, 32, 1), (None, 128, 32, 1)]
ED model output shape: (None, 3)

Running ED inference on 261 clusters...
ED predictions shape: (261, 3)
After 3 MeV cut: 261 clusters

True neutrino direction: [0.8112, -0.4226, 0.4042]
Using 261 ED-predicted directions for MCMC
  MCMC: 50 initial trials, then 10001 chain steps
  Best log-likelihood: -116.69, final proposal_scale: 0.0038

Reconstructed direction: [0.5441, -0.2528, 0.8000]
Angular error: 29.35°

======================================================================
SCENARIO 3: FULL PIPELINE (CT → ED → MCMC)
======================================================================

Loaded 4199 volumes

Loading CT model from: /eos/user/e/evilla/dune/sn-tps/neural_networks/channel_tagging/ct_volume_v52_batch_reload_20251116_101125/best_model.keras
CT model input shape: (None, 208, 1242, 1)
CT model output shape: (None, 2)

Running CT inference...
Volume input shape: (4199, 208, 1242, 1), dtype: float32
CT selected 390 ES candidates from 4199 volumes
  True ES volumes: 353
  ES prob range: [0.000, 1.000]

Matched 3834 3-plane clusters for ED inference

Loading ED model from: /eos/home-e/evilla/dune/sn-tps/neural_networks/electron_direction/three_plane_three_plane_v58_200k_lr_schedule_20251118_110931/checkpoints/model_epoch_12_val_loss_0.8898.keras
Running ED inference on 3834 clusters...
After 3 MeV cut: 3819 clusters

True neutrino direction: [0.8112, -0.4226, 0.4042]
Using 3819 ED-predicted directions for MCMC
  MCMC: 50 initial trials, then 10001 chain steps
  Best log-likelihood: -5260.95, final proposal_scale: 0.0023

Reconstructed direction: [0.7928, -0.5673, 0.2227]
Angular error: 13.37°

======================================================================
SCENARIO 3: FULL PIPELINE (CT → ED → MCMC)
======================================================================

Loaded 4199 volumes

Loading CT model from: /eos/user/e/evilla/dune/sn-tps/neural_networks/channel_tagging/ct_volume_v52_batch_reload_20251116_101125/best_model.keras
CT model input shape: (None, 208, 1242, 1)
CT model output shape: (None, 2)

Running CT inference...
Volume input shape: (4199, 208, 1242, 1), dtype: float32
CT selected 390 ES candidates from 4199 volumes
  True ES volumes: 353
  ES prob range: [0.000, 1.000]

Matched 3834 3-plane clusters for ED inference

Loading ED model from: /eos/home-e/evilla/dune/sn-tps/neural_networks/electron_direction/three_plane_three_plane_v58_200k_lr_schedule_20251118_110931/checkpoints/model_epoch_12_val_loss_0.8898.keras
Running ED inference on 3834 clusters...
After 3 MeV cut: 3819 clusters
Using CT weights^1: range [0.598, 1.000]

True neutrino direction: [0.8112, -0.4226, 0.4042]
Using 3819 ED-predicted directions for MCMC
  MCMC: 50 initial trials, then 10001 chain steps
  Best log-likelihood: -4942.26, final proposal_scale: 0.0023

Reconstructed direction: [0.7927, -0.5673, 0.2233]
Angular error: 13.35°

======================================================================
SCENARIO 3: FULL PIPELINE (CT → ED → MCMC)
======================================================================

Loaded 4199 volumes

Loading CT model from: /eos/user/e/evilla/dune/sn-tps/neural_networks/channel_tagging/ct_volume_v52_batch_reload_20251116_101125/best_model.keras
CT model input shape: (None, 208, 1242, 1)
CT model output shape: (None, 2)

Running CT inference...
Volume input shape: (4199, 208, 1242, 1), dtype: float32
CT selected 390 ES candidates from 4199 volumes
  True ES volumes: 353
  ES prob range: [0.000, 1.000]

Matched 3834 3-plane clusters for ED inference

Loading ED model from: /eos/home-e/evilla/dune/sn-tps/neural_networks/electron_direction/three_plane_three_plane_v58_200k_lr_schedule_20251118_110931/checkpoints/model_epoch_12_val_loss_0.8898.keras
Running ED inference on 3834 clusters...
After 3 MeV cut: 3819 clusters
Using CT weights^2: range [0.357, 1.000]

True neutrino direction: [0.8112, -0.4226, 0.4042]
Using 3819 ED-predicted directions for MCMC
  MCMC: 50 initial trials, then 10001 chain steps
  Best log-likelihood: -4707.43, final proposal_scale: 0.0023

Reconstructed direction: [0.7928, -0.5673, 0.2229]
Angular error: 13.36°

======================================================================
Using EOS structure: /eos/project-e/ep-nu/evilla/sn-pointing/cat000014/pipeline
======================================================================
Saved best_case: /eos/project-e/ep-nu/evilla/sn-pointing/cat000014/pipeline/cat000014_scenario_best_case.npz
Saved perfect_ct: /eos/project-e/ep-nu/evilla/sn-pointing/cat000014/pipeline/cat000014_scenario_perfect_ct.npz
Saved full_pipeline: /eos/project-e/ep-nu/evilla/sn-pointing/cat000014/pipeline/cat000014_scenario_full_pipeline.npz
Saved weighted_linear: /eos/project-e/ep-nu/evilla/sn-pointing/cat000014/pipeline/cat000014_scenario_weighted_linear.npz
Saved weighted_squared: /eos/project-e/ep-nu/evilla/sn-pointing/cat000014/pipeline/cat000014_scenario_weighted_squared.npz

======================================================================
SUMMARY
======================================================================

BEST_CASE:
  Clusters used: 317
  Angular error: 20.99°
  Log-likelihood: 214.92

PERFECT_CT:
  Clusters used: 261
  Angular error: 29.35°
  Log-likelihood: -116.69

FULL_PIPELINE:
  Clusters used: 3819
  Angular error: 13.37°
  Log-likelihood: -5260.95

WEIGHTED_LINEAR:
  Clusters used: 3819
  Angular error: 13.35°
  Log-likelihood: -4942.26

WEIGHTED_SQUARED:
  Clusters used: 3819
  Angular error: 13.36°
  Log-likelihood: -4707.43

==========================================
SUCCESS: cat000014 completed
==========================================
