000 (8782603.093.000) 11/20 00:44:09 Job submitted from host: <188.185.6.50:9618?addrs=188.185.6.50-9618+[2001-1458-d00-62--100-2b1]-9618&alias=bigbird25.cern.ch&noUDP&sock=schedd_1627_90ad>
...
000 (8782605.093.000) 11/20 00:44:34 Job submitted from host: <188.185.6.50:9618?addrs=188.185.6.50-9618+[2001-1458-d00-62--100-2b1]-9618&alias=bigbird25.cern.ch&noUDP&sock=schedd_1627_90ad>
...
000 (13791364.093.000) 11/20 01:08:49 Job submitted from host: <188.184.90.62:9618?addrs=188.184.90.62-9618+[2001-1458-201-e4--100-238]-9618&alias=bigbird16.cern.ch&noUDP&sock=schedd_5196_9a2f>
...
009 (8782605.093.000) 11/20 01:10:28 Job was aborted.
	via condor_rm (by user evilla)
...
040 (8782603.093.000) 11/20 01:13:18 Started transferring input files
	Transferring to host: <188.185.238.10:9618?addrs=188.185.238.10-9618+[2001-1458-303-28--100-6]-9618&alias=b9pgpun002.cern.ch&noUDP&sock=slot1_2_1939520_0c0f_1623>
...
040 (8782603.093.000) 11/20 01:13:18 Finished transferring input files
...
001 (8782603.093.000) 11/20 01:13:19 Job executing on host: <188.185.238.10:9618?addrs=188.185.238.10-9618+[2001-1458-303-28--100-6]-9618&alias=b9pgpun002.cern.ch&noUDP&sock=startd_1939478_2ae8>
	SlotName: slot1_2@b9pgpun002.cern.ch
	AvailableGPUs = { GPUs_GPU_195dba93 }
	CondorScratchDir = "/pool/condor/dir_2450488"
	Cpus = 11
	Disk = 7225
	GPUs = 1
	GPUs_GPU_195dba93 = [ Id = "GPU-195dba93"; ClockMhz = 1785.0; Capability = 9.0; CoresPerCU = 128; DeviceName = "NVIDIA H100 NVL"; DeviceUuid = "195dba93-e951-b119-dea3-1f3b18bdda48"; ECCEnabled = true; ComputeUnits = 132; DriverVersion = 13.0; DevicePciBusId = "0000:3B:00.0"; GlobalMemoryMb = 95320; MaxSupportedVersion = 13000 ]
	Memory = 33000
...
006 (8782603.093.000) 11/20 01:13:32 Image size of job updated: 310544
	251  -  MemoryUsage of job (MB)
	256036  -  ResidentSetSize of job (KB)
...
006 (8782603.093.000) 11/20 01:18:32 Image size of job updated: 63290752
	46915  -  MemoryUsage of job (MB)
	48040244  -  ResidentSetSize of job (KB)
...
006 (8782603.093.000) 11/20 01:21:48 Image size of job updated: 63984408
	46915  -  MemoryUsage of job (MB)
	48040244  -  ResidentSetSize of job (KB)
...
040 (8782603.093.000) 11/20 01:21:48 Started transferring output files
...
040 (8782603.093.000) 11/20 01:21:48 Finished transferring output files
...
005 (8782603.093.000) 11/20 01:21:48 Job terminated.
	(1) Normal termination (return value 0)
		Usr 0 00:36:34, Sys 0 00:02:32  -  Run Remote Usage
		Usr 0 00:00:00, Sys 0 00:00:00  -  Run Local Usage
		Usr 0 00:36:34, Sys 0 00:02:32  -  Total Remote Usage
		Usr 0 00:00:00, Sys 0 00:00:00  -  Total Local Usage
	18098  -  Run Bytes Sent By Job
	1959  -  Run Bytes Received By Job
	18098  -  Total Bytes Sent By Job
	1959  -  Total Bytes Received By Job
	Partitionable Resources :    Usage  Request Allocated Assigned
	   Cpus                 :     0.93       11        11 
	   Disk (KB)            :    45           2      7225 
	   GPUs                 :     0           1         1 "GPU-195dba93"
	   GpusMemory (MB)      :   514                       
	   Memory (MB)          : 46915       33000     33000 
	   TimeExecute (s)      :   509                       
	   TimeSlotBusy (s)     :   510                       

	Job terminated of its own accord at 2025-11-20T00:21:48Z with exit-code 0.
...
040 (13791364.093.000) 11/20 01:51:31 Started transferring input files
	Transferring to host: <188.184.195.72:9618?addrs=188.184.195.72-9618+[2001-1458-301-72--100-3bf]-9618&alias=b9g47n6462.cern.ch&noUDP&sock=slot1_1_18519_0f8a_9287>
...
040 (13791364.093.000) 11/20 01:51:31 Finished transferring input files
...
001 (13791364.093.000) 11/20 01:51:32 Job executing on host: <188.184.195.72:9618?addrs=188.184.195.72-9618+[2001-1458-301-72--100-3bf]-9618&alias=b9g47n6462.cern.ch&noUDP&sock=startd_17580_ff09>
	SlotName: slot1_1@b9g47n6462.cern.ch
	AvailableGPUs = { GPUs_GPU_097ed6ab }
	CondorScratchDir = "/pool/condor/dir_185724"
	Cpus = 11
	Disk = 2059
	GPUs = 1
	GPUs_GPU_097ed6ab = [ Id = "GPU-097ed6ab"; ClockMhz = 1590.0; Capability = 7.5; CoresPerCU = 64; DeviceName = "Tesla T4"; DeviceUuid = "097ed6ab-2e6f-8d98-37a3-6ad09a369fc4"; ECCEnabled = true; ComputeUnits = 40; DriverVersion = 13.0; DevicePciBusId = "0000:07:00.0"; GlobalMemoryMb = 14913; MaxSupportedVersion = 13000 ]
	Memory = 33000
...
006 (13791364.093.000) 11/20 01:51:46 Image size of job updated: 292116
	286  -  MemoryUsage of job (MB)
	292116  -  ResidentSetSize of job (KB)
...
006 (13791364.093.000) 11/20 01:56:47 Image size of job updated: 55274816
	16032  -  MemoryUsage of job (MB)
	16416676  -  ResidentSetSize of job (KB)
...
006 (13791364.093.000) 11/20 02:01:47 Image size of job updated: 60603860
	37723  -  MemoryUsage of job (MB)
	38627748  -  ResidentSetSize of job (KB)
...
006 (13791364.093.000) 11/20 02:04:05 Image size of job updated: 63945664
	37723  -  MemoryUsage of job (MB)
	38627748  -  ResidentSetSize of job (KB)
...
040 (13791364.093.000) 11/20 02:04:05 Started transferring output files
...
040 (13791364.093.000) 11/20 02:04:05 Finished transferring output files
...
005 (13791364.093.000) 11/20 02:04:05 Job terminated.
	(1) Normal termination (return value 0)
		Usr 0 00:28:49, Sys 0 00:02:30  -  Run Remote Usage
		Usr 0 00:00:00, Sys 0 00:00:00  -  Run Local Usage
		Usr 0 00:28:49, Sys 0 00:02:30  -  Total Remote Usage
		Usr 0 00:00:00, Sys 0 00:00:00  -  Total Local Usage
	18098  -  Run Bytes Sent By Job
	1959  -  Run Bytes Received By Job
	18098  -  Total Bytes Sent By Job
	1959  -  Total Bytes Received By Job
	Partitionable Resources :    Usage  Request Allocated Assigned
	   Cpus                 :     0.97       11        11 
	   Disk (KB)            :    44           2      2059 
	   GPUs                 :     0           1         1 "GPU-097ed6ab"
	   GpusMemory (MB)      :   567                       
	   Memory (MB)          : 37723       33000     33000 
	   TimeExecute (s)      :   753                       
	   TimeSlotBusy (s)     :   754                       

	Job terminated of its own accord at 2025-11-20T01:04:05Z with exit-code 0.
...
