==========================================
Processing: cat000148
==========================================
Category directory: /eos/project-e/ep-nu/evilla/sn-pointing/cat000148
PDF path: /eos/home-e/evilla/dune/sn-tps/neural_networks/electron_direction/three_plane_three_plane_v58_200k_lr_schedule_20251118_110931/cosine_energy_pdf.npz
Script directory: /afs/cern.ch/work/e/evilla/private/dune/data-selection-pipeline


Running all 5 scenarios...


Loading energy-cosine PDF from: /eos/home-e/evilla/dune/sn-tps/neural_networks/electron_direction/three_plane_three_plane_v58_200k_lr_schedule_20251118_110931/cosine_energy_pdf.npz
PDF loaded: 18 energy bins, 100 cosine bins

======================================================================
SCENARIO 1: BEST CASE (True Electron Directions)
======================================================================

Loaded 6687 total clusters
ES main tracks: 320
Valid directions: 320 / 320
After 3 MeV cut: 320 clusters

True neutrino direction: [-0.3459, 0.4378, -0.8298]
Using 320 electron directions for MCMC
  MCMC: 50 initial trials, then 10001 chain steps
  Best log-likelihood: 153.38, final proposal_scale: 0.0037

Reconstructed direction: [-0.7208, 0.4482, -0.5288]
Angular error: 27.82°

======================================================================
SCENARIO 2: PERFECT CT (ES Main Tracks + ED Network)
======================================================================

Files found: 10 ES, 93 CC

Loaded 3646 matched main-track clusters across U, V, X planes
ES main tracks: 291 (expected ~400 from 10 ES files × 40 events)
  Matched main tracks across all planes: 3646
  ES main tracks: 291

Loading ED model from: /eos/home-e/evilla/dune/sn-tps/neural_networks/electron_direction/three_plane_three_plane_v58_200k_lr_schedule_20251118_110931/checkpoints/model_epoch_12_val_loss_0.8898.keras
ED model input shape: [(None, 128, 32, 1), (None, 128, 32, 1), (None, 128, 32, 1)]
ED model output shape: (None, 3)

Running ED inference on 291 clusters...
ED predictions shape: (291, 3)
After 3 MeV cut: 291 clusters

True neutrino direction: [-0.3459, 0.4378, -0.8298]
Using 291 ED-predicted directions for MCMC
  MCMC: 50 initial trials, then 10001 chain steps
  Best log-likelihood: -41.21, final proposal_scale: 0.0036

Reconstructed direction: [-0.4047, 0.5338, -0.7425]
Angular error: 8.17°

======================================================================
SCENARIO 3: FULL PIPELINE (CT → ED → MCMC)
======================================================================

Loaded 3954 volumes

Loading CT model from: /eos/user/e/evilla/dune/sn-tps/neural_networks/channel_tagging/ct_volume_v52_batch_reload_20251116_101125/best_model.keras
CT model input shape: (None, 208, 1242, 1)
CT model output shape: (None, 2)

Running CT inference...
Volume input shape: (3954, 208, 1242, 1), dtype: float32
CT selected 357 ES candidates from 3954 volumes
  True ES volumes: 364
  ES prob range: [0.000, 1.000]

Matched 3646 3-plane clusters for ED inference

Loading ED model from: /eos/home-e/evilla/dune/sn-tps/neural_networks/electron_direction/three_plane_three_plane_v58_200k_lr_schedule_20251118_110931/checkpoints/model_epoch_12_val_loss_0.8898.keras
Running ED inference on 3646 clusters...
After 3 MeV cut: 3620 clusters

True neutrino direction: [-0.3459, 0.4378, -0.8298]
Using 3620 ED-predicted directions for MCMC
  MCMC: 50 initial trials, then 10001 chain steps
  Best log-likelihood: -4914.84, final proposal_scale: 0.0069

Reconstructed direction: [-0.3743, 0.6724, -0.6385]
Angular error: 17.49°

======================================================================
SCENARIO 3: FULL PIPELINE (CT → ED → MCMC)
======================================================================

Loaded 3954 volumes

Loading CT model from: /eos/user/e/evilla/dune/sn-tps/neural_networks/channel_tagging/ct_volume_v52_batch_reload_20251116_101125/best_model.keras
CT model input shape: (None, 208, 1242, 1)
CT model output shape: (None, 2)

Running CT inference...
Volume input shape: (3954, 208, 1242, 1), dtype: float32
CT selected 357 ES candidates from 3954 volumes
  True ES volumes: 364
  ES prob range: [0.000, 1.000]

Matched 3646 3-plane clusters for ED inference

Loading ED model from: /eos/home-e/evilla/dune/sn-tps/neural_networks/electron_direction/three_plane_three_plane_v58_200k_lr_schedule_20251118_110931/checkpoints/model_epoch_12_val_loss_0.8898.keras
Running ED inference on 3646 clusters...
After 3 MeV cut: 3620 clusters
Using CT weights^1: range [0.641, 1.000]

True neutrino direction: [-0.3459, 0.4378, -0.8298]
Using 3620 ED-predicted directions for MCMC
  MCMC: 50 initial trials, then 10001 chain steps
  Best log-likelihood: -4718.76, final proposal_scale: 0.0058

Reconstructed direction: [-0.3743, 0.6725, -0.6385]
Angular error: 17.49°

======================================================================
SCENARIO 3: FULL PIPELINE (CT → ED → MCMC)
======================================================================

Loaded 3954 volumes

Loading CT model from: /eos/user/e/evilla/dune/sn-tps/neural_networks/channel_tagging/ct_volume_v52_batch_reload_20251116_101125/best_model.keras
CT model input shape: (None, 208, 1242, 1)
CT model output shape: (None, 2)

Running CT inference...
Volume input shape: (3954, 208, 1242, 1), dtype: float32
CT selected 357 ES candidates from 3954 volumes
  True ES volumes: 364
  ES prob range: [0.000, 1.000]

Matched 3646 3-plane clusters for ED inference

Loading ED model from: /eos/home-e/evilla/dune/sn-tps/neural_networks/electron_direction/three_plane_three_plane_v58_200k_lr_schedule_20251118_110931/checkpoints/model_epoch_12_val_loss_0.8898.keras
Running ED inference on 3646 clusters...
After 3 MeV cut: 3620 clusters
Using CT weights^2: range [0.410, 1.000]

True neutrino direction: [-0.3459, 0.4378, -0.8298]
Using 3620 ED-predicted directions for MCMC
  MCMC: 50 initial trials, then 10001 chain steps
  Best log-likelihood: -4568.40, final proposal_scale: 0.0056

Reconstructed direction: [-0.3738, 0.6732, -0.6380]
Angular error: 17.54°

======================================================================
Using EOS structure: /eos/project-e/ep-nu/evilla/sn-pointing/cat000148/pipeline
======================================================================
Saved best_case: /eos/project-e/ep-nu/evilla/sn-pointing/cat000148/pipeline/cat000148_scenario_best_case.npz
Saved perfect_ct: /eos/project-e/ep-nu/evilla/sn-pointing/cat000148/pipeline/cat000148_scenario_perfect_ct.npz
Saved full_pipeline: /eos/project-e/ep-nu/evilla/sn-pointing/cat000148/pipeline/cat000148_scenario_full_pipeline.npz
Saved weighted_linear: /eos/project-e/ep-nu/evilla/sn-pointing/cat000148/pipeline/cat000148_scenario_weighted_linear.npz
Saved weighted_squared: /eos/project-e/ep-nu/evilla/sn-pointing/cat000148/pipeline/cat000148_scenario_weighted_squared.npz

======================================================================
SUMMARY
======================================================================

BEST_CASE:
  Clusters used: 320
  Angular error: 27.82°
  Log-likelihood: 153.38

PERFECT_CT:
  Clusters used: 291
  Angular error: 8.17°
  Log-likelihood: -41.21

FULL_PIPELINE:
  Clusters used: 3620
  Angular error: 17.49°
  Log-likelihood: -4914.84

WEIGHTED_LINEAR:
  Clusters used: 3620
  Angular error: 17.49°
  Log-likelihood: -4718.76

WEIGHTED_SQUARED:
  Clusters used: 3620
  Angular error: 17.54°
  Log-likelihood: -4568.40

==========================================
SUCCESS: cat000148 completed
==========================================
