==========================================
Processing: cat000010
==========================================
Category directory: /eos/project-e/ep-nu/evilla/sn-pointing/cat000010
PDF path: /eos/home-e/evilla/dune/sn-tps/neural_networks/electron_direction/three_plane_three_plane_v58_200k_lr_schedule_20251118_110931/cosine_energy_pdf.npz
Script directory: /afs/cern.ch/work/e/evilla/private/dune/data-selection-pipeline


Running all 5 scenarios...


Loading energy-cosine PDF from: /eos/home-e/evilla/dune/sn-tps/neural_networks/electron_direction/three_plane_three_plane_v58_200k_lr_schedule_20251118_110931/cosine_energy_pdf.npz
PDF loaded: 18 energy bins, 100 cosine bins

======================================================================
SCENARIO 1: BEST CASE (True Electron Directions)
======================================================================

Loaded 7032 total clusters
ES main tracks: 317
Valid directions: 317 / 317
After 3 MeV cut: 316 clusters

True neutrino direction: [-0.8223, 0.5133, -0.2457]
Using 316 electron directions for MCMC
  MCMC: 50 initial trials, then 10001 chain steps
  Best log-likelihood: 166.17, final proposal_scale: 0.0015

Reconstructed direction: [-0.5064, 0.8132, -0.2868]
Angular error: 25.27°

======================================================================
SCENARIO 2: PERFECT CT (ES Main Tracks + ED Network)
======================================================================

Loaded 3878 matched main-track clusters across U, V, X planes
ES main tracks: 263 (expected ~320 from 8 ES files × 40 events)
  Matched main tracks across all planes: 3878
  ES main tracks: 263

Loading ED model from: /eos/home-e/evilla/dune/sn-tps/neural_networks/electron_direction/three_plane_three_plane_v58_200k_lr_schedule_20251118_110931/checkpoints/model_epoch_12_val_loss_0.8898.keras
ED model input shape: [(None, 128, 32, 1), (None, 128, 32, 1), (None, 128, 32, 1)]
ED model output shape: (None, 3)

Running ED inference on 263 clusters...
ED predictions shape: (263, 3)
After 3 MeV cut: 263 clusters

True neutrino direction: [-0.8223, 0.5133, -0.2457]
Using 263 ED-predicted directions for MCMC
  MCMC: 50 initial trials, then 10001 chain steps
  Best log-likelihood: -70.38, final proposal_scale: 0.0052

Reconstructed direction: [-0.8123, 0.5536, -0.1834]
Angular error: 4.29°

======================================================================
SCENARIO 3: FULL PIPELINE (CT → ED → MCMC)
======================================================================

Loaded 4215 volumes

Loading CT model from: /eos/user/e/evilla/dune/sn-tps/neural_networks/channel_tagging/ct_volume_v52_batch_reload_20251116_101125
