000 (8782606.000.000) 11/20 00:44:34 Job submitted from host: <188.185.6.50:9618?addrs=188.185.6.50-9618+[2001-1458-d00-62--100-2b1]-9618&alias=bigbird25.cern.ch&noUDP&sock=schedd_1627_90ad>
...
000 (13791365.000.000) 11/20 01:08:49 Job submitted from host: <188.184.90.62:9618?addrs=188.184.90.62-9618+[2001-1458-201-e4--100-238]-9618&alias=bigbird16.cern.ch&noUDP&sock=schedd_5196_9a2f>
...
009 (8782606.000.000) 11/20 01:10:42 Job was aborted.
	via condor_rm (by user evilla)
...
040 (13791365.000.000) 11/20 01:55:28 Started transferring input files
	Transferring to host: <188.185.93.15:9618?addrs=188.185.93.15-9618+[2001-1458-d00-6c--100-19a]-9618&alias=b9g57n1708.cern.ch&noUDP&sock=slot1_1_5388_1554_9451>
...
040 (13791365.000.000) 11/20 01:55:28 Finished transferring input files
...
001 (13791365.000.000) 11/20 01:55:29 Job executing on host: <188.185.93.15:9618?addrs=188.185.93.15-9618+[2001-1458-d00-6c--100-19a]-9618&alias=b9g57n1708.cern.ch&noUDP&sock=startd_5344_1e34>
	SlotName: slot1_1@b9g57n1708.cern.ch
	AvailableGPUs = { GPUs_GPU_02690ba6 }
	CondorScratchDir = "/pool/condor/dir_1748413"
	Cpus = 11
	Disk = 2048
	GPUs = 1
	GPUs_GPU_02690ba6 = [ Id = "GPU-02690ba6"; ClockMhz = 1410.0; Capability = 8.0; CoresPerCU = 64; DeviceName = "NVIDIA A100-PCIE-40GB"; DeviceUuid = "02690ba6-da8f-b9f3-f5f5-ed6909a5a343"; ECCEnabled = true; ComputeUnits = 108; DriverVersion = 13.0; DevicePciBusId = "0000:06:00.0"; GlobalMemoryMb = 40441; MaxSupportedVersion = 13000 ]
	Memory = 33000
...
006 (13791365.000.000) 11/20 01:55:43 Image size of job updated: 478496
	468  -  MemoryUsage of job (MB)
	478496  -  ResidentSetSize of job (KB)
...
006 (13791365.000.000) 11/20 02:00:44 Image size of job updated: 57020272
	36501  -  MemoryUsage of job (MB)
	37376604  -  ResidentSetSize of job (KB)
...
006 (13791365.000.000) 11/20 02:05:33 Image size of job updated: 57527208
	36502  -  MemoryUsage of job (MB)
	37377540  -  ResidentSetSize of job (KB)
...
040 (13791365.000.000) 11/20 02:05:33 Started transferring output files
...
040 (13791365.000.000) 11/20 02:05:33 Finished transferring output files
...
005 (13791365.000.000) 11/20 02:05:33 Job terminated.
	(1) Normal termination (return value 0)
		Usr 0 00:23:22, Sys 0 00:03:29  -  Run Remote Usage
		Usr 0 00:00:00, Sys 0 00:00:00  -  Run Local Usage
		Usr 0 00:23:22, Sys 0 00:03:29  -  Total Remote Usage
		Usr 0 00:00:00, Sys 0 00:00:00  -  Total Local Usage
	18097  -  Run Bytes Sent By Job
	1959  -  Run Bytes Received By Job
	18097  -  Total Bytes Sent By Job
	1959  -  Total Bytes Received By Job
	Partitionable Resources :    Usage  Request Allocated Assigned
	   Cpus                 :     1.00       11        11 
	   Disk (KB)            :    44           2      2048 
	   GPUs                 :     0           1         1 "GPU-02690ba6"
	   GpusMemory (MB)      :   580                       
	   Memory (MB)          : 36502       33000     33000 
	   TimeExecute (s)      :   604                       
	   TimeSlotBusy (s)     :   605                       

	Job terminated of its own accord at 2025-11-20T01:05:33Z with exit-code 0.
...
