000 (8782603.013.000) 11/20 00:44:09 Job submitted from host: <188.185.6.50:9618?addrs=188.185.6.50-9618+[2001-1458-d00-62--100-2b1]-9618&alias=bigbird25.cern.ch&noUDP&sock=schedd_1627_90ad>
...
000 (8782605.013.000) 11/20 00:44:34 Job submitted from host: <188.185.6.50:9618?addrs=188.185.6.50-9618+[2001-1458-d00-62--100-2b1]-9618&alias=bigbird25.cern.ch&noUDP&sock=schedd_1627_90ad>
...
040 (8782603.013.000) 11/20 00:44:56 Started transferring input files
	Transferring to host: <188.185.92.156:9618?addrs=188.185.92.156-9618+[2001-1458-d00-6c--100-10]-9618&alias=b9g57n5454.cern.ch&noUDP&sock=slot1_1_17749_86ab_8900>
...
040 (8782603.013.000) 11/20 00:44:56 Finished transferring input files
...
001 (8782603.013.000) 11/20 00:44:57 Job executing on host: <188.185.92.156:9618?addrs=188.185.92.156-9618+[2001-1458-d00-6c--100-10]-9618&alias=b9g57n5454.cern.ch&noUDP&sock=startd_17014_c46e>
	SlotName: slot1_1@b9g57n5454.cern.ch
	AvailableGPUs = { GPUs_GPU_d2642622 }
	CondorScratchDir = "/pool/condor/dir_2330454"
	Cpus = 11
	Disk = 2048
	GPUs = 1
	GPUs_GPU_d2642622 = [ Id = "GPU-d2642622"; ClockMhz = 1410.0; Capability = 8.0; CoresPerCU = 64; DeviceName = "NVIDIA A100-PCIE-40GB"; DeviceUuid = "d2642622-6ee9-8711-70c1-34935a235a2a"; ECCEnabled = true; ComputeUnits = 108; DriverVersion = 13.0; DevicePciBusId = "0000:06:00.0"; GlobalMemoryMb = 40441; MaxSupportedVersion = 13000 ]
	Memory = 33000
...
006 (8782603.013.000) 11/20 00:45:10 Image size of job updated: 188456
	185  -  MemoryUsage of job (MB)
	188456  -  ResidentSetSize of job (KB)
...
006 (8782603.013.000) 11/20 00:50:10 Image size of job updated: 54973636
	32129  -  MemoryUsage of job (MB)
	32899176  -  ResidentSetSize of job (KB)
...
006 (8782603.013.000) 11/20 00:55:05 Image size of job updated: 55219380
	32129  -  MemoryUsage of job (MB)
	32899960  -  ResidentSetSize of job (KB)
...
040 (8782603.013.000) 11/20 00:55:05 Started transferring output files
...
040 (8782603.013.000) 11/20 00:55:05 Finished transferring output files
...
005 (8782603.013.000) 11/20 00:55:06 Job terminated.
	(1) Normal termination (return value 0)
		Usr 0 00:23:03, Sys 0 00:03:45  -  Run Remote Usage
		Usr 0 00:00:00, Sys 0 00:00:00  -  Run Local Usage
		Usr 0 00:23:03, Sys 0 00:03:45  -  Total Remote Usage
		Usr 0 00:00:00, Sys 0 00:00:00  -  Total Local Usage
	18096  -  Run Bytes Sent By Job
	1959  -  Run Bytes Received By Job
	18096  -  Total Bytes Sent By Job
	1959  -  Total Bytes Received By Job
	Partitionable Resources :    Usage  Request Allocated Assigned
	   Cpus                 :     2.37       11        11 
	   Disk (KB)            :    44           2      2048 
	   GPUs                 :     0           1         1 "GPU-d2642622"
	   GpusMemory (MB)      :   620                       
	   Memory (MB)          : 32129       33000     33000 
	   TimeExecute (s)      :   608                       
	   TimeSlotBusy (s)     :   610                       

	Job terminated of its own accord at 2025-11-19T23:55:05Z with exit-code 0.
...
000 (13791364.013.000) 11/20 01:08:49 Job submitted from host: <188.184.90.62:9618?addrs=188.184.90.62-9618+[2001-1458-201-e4--100-238]-9618&alias=bigbird16.cern.ch&noUDP&sock=schedd_5196_9a2f>
...
009 (8782605.013.000) 11/20 01:10:27 Job was aborted.
	via condor_rm (by user evilla)
...
040 (13791364.013.000) 11/20 01:21:06 Started transferring input files
	Transferring to host: <188.185.190.108:9618?addrs=188.185.190.108-9618+[2001-1458-d03-b--100-2ff]-9618&alias=b9pgpun015.cern.ch&noUDP&sock=slot1_2_1615979_24ca_2591>
...
040 (13791364.013.000) 11/20 01:21:06 Finished transferring input files
...
001 (13791364.013.000) 11/20 01:21:07 Job executing on host: <188.185.190.108:9618?addrs=188.185.190.108-9618+[2001-1458-d03-b--100-2ff]-9618&alias=b9pgpun015.cern.ch&noUDP&sock=startd_16497_25f7>
	SlotName: slot1_2@b9pgpun015.cern.ch
	AvailableGPUs = { GPUs_GPU_8419873c }
	CondorScratchDir = "/pool/condor/dir_618169"
	Cpus = 11
	Disk = 7159
	GPUs = 1
	GPUs_GPU_8419873c = [ Id = "GPU-8419873c"; ClockMhz = 1785.0; Capability = 9.0; CoresPerCU = 128; DeviceName = "NVIDIA H100 NVL"; DeviceUuid = "8419873c-22dc-83cd-5a57-5735ab9510a1"; ECCEnabled = true; ComputeUnits = 132; DriverVersion = 13.0; DevicePciBusId = "0000:3B:00.0"; GlobalMemoryMb = 95320; MaxSupportedVersion = 13000 ]
	Memory = 33000
...
006 (13791364.013.000) 11/20 01:21:20 Image size of job updated: 359224
	351  -  MemoryUsage of job (MB)
	359224  -  ResidentSetSize of job (KB)
...
006 (13791364.013.000) 11/20 01:26:20 Image size of job updated: 62760992
	17717  -  MemoryUsage of job (MB)
	18141252  -  ResidentSetSize of job (KB)
...
006 (13791364.013.000) 11/20 01:28:46 Image size of job updated: 63386084
	17717  -  MemoryUsage of job (MB)
	18141252  -  ResidentSetSize of job (KB)
...
040 (13791364.013.000) 11/20 01:28:46 Started transferring output files
...
040 (13791364.013.000) 11/20 01:28:46 Finished transferring output files
...
005 (13791364.013.000) 11/20 01:28:46 Job terminated.
	(1) Normal termination (return value 0)
		Usr 0 00:33:38, Sys 0 00:02:22  -  Run Remote Usage
		Usr 0 00:00:00, Sys 0 00:00:00  -  Run Local Usage
		Usr 0 00:33:38, Sys 0 00:02:22  -  Total Remote Usage
		Usr 0 00:00:00, Sys 0 00:00:00  -  Total Local Usage
	18096  -  Run Bytes Sent By Job
	1959  -  Run Bytes Received By Job
	18096  -  Total Bytes Sent By Job
	1959  -  Total Bytes Received By Job
	Partitionable Resources :    Usage  Request Allocated Assigned
	   Cpus                 :        0       11        11 
	   Disk (KB)            :       44        2      7159 
	   GPUs                 :                 1         1 "GPU-8419873c"
	   Memory (MB)          :    17717    33000     33000 
	   TimeExecute (s)      :      459                    
	   TimeSlotBusy (s)     :      461                    

	Job terminated of its own accord at 2025-11-20T00:28:46Z with exit-code 0.
...
