000 (8782603.060.000) 11/20 00:44:09 Job submitted from host: <188.185.6.50:9618?addrs=188.185.6.50-9618+[2001-1458-d00-62--100-2b1]-9618&alias=bigbird25.cern.ch&noUDP&sock=schedd_1627_90ad>
...
000 (8782605.060.000) 11/20 00:44:34 Job submitted from host: <188.185.6.50:9618?addrs=188.185.6.50-9618+[2001-1458-d00-62--100-2b1]-9618&alias=bigbird25.cern.ch&noUDP&sock=schedd_1627_90ad>
...
040 (8782603.060.000) 11/20 00:56:34 Started transferring input files
	Transferring to host: <188.185.92.254:9618?addrs=188.185.92.254-9618+[2001-1458-d00-6c--100-8f]-9618&alias=b9g57n6544.cern.ch&noUDP&sock=slot1_3_21219_7478_9567>
...
040 (8782603.060.000) 11/20 00:56:34 Finished transferring input files
...
001 (8782603.060.000) 11/20 00:56:35 Job executing on host: <188.185.92.254:9618?addrs=188.185.92.254-9618+[2001-1458-d00-6c--100-8f]-9618&alias=b9g57n6544.cern.ch&noUDP&sock=startd_20748_fb11>
	SlotName: slot1_3@b9g57n6544.cern.ch
	AvailableGPUs = { GPUs_GPU_8f5f97a2 }
	CondorScratchDir = "/pool/condor/dir_2767245"
	Cpus = 11
	Disk = 2447
	GPUs = 1
	GPUs_GPU_8f5f97a2 = [ Id = "GPU-8f5f97a2"; ClockMhz = 1410.0; Capability = 8.0; CoresPerCU = 64; DeviceName = "NVIDIA A100-PCIE-40GB"; DeviceUuid = "8f5f97a2-c8cf-cf5d-bd1a-0a219e343c73"; ECCEnabled = true; ComputeUnits = 108; DriverVersion = 13.0; DevicePciBusId = "0000:09:00.0"; GlobalMemoryMb = 40441; MaxSupportedVersion = 13000 ]
	Memory = 33000
...
006 (8782603.060.000) 11/20 00:56:49 Image size of job updated: 448364
	438  -  MemoryUsage of job (MB)
	448364  -  ResidentSetSize of job (KB)
...
006 (8782603.060.000) 11/20 01:01:50 Image size of job updated: 49737228
	34000  -  MemoryUsage of job (MB)
	34815180  -  ResidentSetSize of job (KB)
...
006 (8782603.060.000) 11/20 01:06:51 Image size of job updated: 52220840
	34001  -  MemoryUsage of job (MB)
	34816132  -  ResidentSetSize of job (KB)
...
040 (8782603.060.000) 11/20 01:07:05 Started transferring output files
...
040 (8782603.060.000) 11/20 01:07:05 Finished transferring output files
...
005 (8782603.060.000) 11/20 01:07:05 Job terminated.
	(1) Normal termination (return value 0)
		Usr 0 00:37:29, Sys 0 00:10:09  -  Run Remote Usage
		Usr 0 00:00:00, Sys 0 00:00:00  -  Run Local Usage
		Usr 0 00:37:29, Sys 0 00:10:09  -  Total Remote Usage
		Usr 0 00:00:00, Sys 0 00:00:00  -  Total Local Usage
	18097  -  Run Bytes Sent By Job
	1959  -  Run Bytes Received By Job
	18097  -  Total Bytes Sent By Job
	1959  -  Total Bytes Received By Job
	Partitionable Resources :    Usage  Request Allocated Assigned
	   Cpus                 :     1.00       11        11 
	   Disk (KB)            :    45           2      2447 
	   GPUs                 :     0           1         1 "GPU-8f5f97a2"
	   GpusMemory (MB)      :   596                       
	   Memory (MB)          : 34001       33000     33000 
	   TimeExecute (s)      :   630                       
	   TimeSlotBusy (s)     :   631                       

	Job terminated of its own accord at 2025-11-20T00:07:05Z with exit-code 0.
...
000 (13791364.060.000) 11/20 01:08:49 Job submitted from host: <188.184.90.62:9618?addrs=188.184.90.62-9618+[2001-1458-201-e4--100-238]-9618&alias=bigbird16.cern.ch&noUDP&sock=schedd_5196_9a2f>
...
009 (8782605.060.000) 11/20 01:10:27 Job was aborted.
	via condor_rm (by user evilla)
...
040 (13791364.060.000) 11/20 01:38:12 Started transferring input files
	Transferring to host: <188.185.92.187:9618?addrs=188.185.92.187-9618+[2001-1458-d00-6c--100-187]-9618&alias=b9g57n1627.cern.ch&noUDP&sock=slot1_1_15549_6d51_8836>
...
040 (13791364.060.000) 11/20 01:38:12 Finished transferring input files
...
001 (13791364.060.000) 11/20 01:38:13 Job executing on host: <188.185.92.187:9618?addrs=188.185.92.187-9618+[2001-1458-d00-6c--100-187]-9618&alias=b9g57n1627.cern.ch&noUDP&sock=startd_14708_0b09>
	SlotName: slot1_1@b9g57n1627.cern.ch
	AvailableGPUs = { GPUs_GPU_17f035a0 }
	CondorScratchDir = "/pool/condor/dir_315540"
	Cpus = 11
	Disk = 2048
	GPUs = 1
	GPUs_GPU_17f035a0 = [ Id = "GPU-17f035a0"; ClockMhz = 1410.0; Capability = 8.0; CoresPerCU = 64; DeviceName = "NVIDIA A100-PCIE-40GB"; DeviceUuid = "17f035a0-2803-bbec-2357-4944e9cca222"; ECCEnabled = true; ComputeUnits = 108; DriverVersion = 13.0; DevicePciBusId = "0000:06:00.0"; GlobalMemoryMb = 40441; MaxSupportedVersion = 13000 ]
	Memory = 33000
...
006 (13791364.060.000) 11/20 01:38:26 Image size of job updated: 329764
	323  -  MemoryUsage of job (MB)
	329764  -  ResidentSetSize of job (KB)
...
006 (13791364.060.000) 11/20 01:43:26 Image size of job updated: 49383136
	42342  -  MemoryUsage of job (MB)
	43357504  -  ResidentSetSize of job (KB)
...
006 (13791364.060.000) 11/20 01:47:44 Image size of job updated: 50014516
	42344  -  MemoryUsage of job (MB)
	43360144  -  ResidentSetSize of job (KB)
...
040 (13791364.060.000) 11/20 01:47:44 Started transferring output files
...
040 (13791364.060.000) 11/20 01:47:44 Finished transferring output files
...
005 (13791364.060.000) 11/20 01:47:44 Job terminated.
	(1) Normal termination (return value 0)
		Usr 0 00:20:41, Sys 0 00:03:38  -  Run Remote Usage
		Usr 0 00:00:00, Sys 0 00:00:00  -  Run Local Usage
		Usr 0 00:20:41, Sys 0 00:03:38  -  Total Remote Usage
		Usr 0 00:00:00, Sys 0 00:00:00  -  Total Local Usage
	18098  -  Run Bytes Sent By Job
	1959  -  Run Bytes Received By Job
	18098  -  Total Bytes Sent By Job
	1959  -  Total Bytes Received By Job
	Partitionable Resources :    Usage  Request Allocated Assigned
	   Cpus                 :                11        11 
	   Disk (KB)            :       35        2      2048 
	   GPUs                 :                 1         1 "GPU-17f035a0"
	   Memory (MB)          :    42344    33000     33000 
	   TimeExecute (s)      :      571                    
	   TimeSlotBusy (s)     :      572                    

	Job terminated of its own accord at 2025-11-20T00:47:44Z with exit-code 0.
...
