==========================================
Processing: cat000138
==========================================
Category directory: /eos/project-e/ep-nu/evilla/sn-pointing/cat000138
PDF path: /eos/home-e/evilla/dune/sn-tps/neural_networks/electron_direction/three_plane_three_plane_v58_200k_lr_schedule_20251118_110931/cosine_energy_pdf.npz
Script directory: /afs/cern.ch/work/e/evilla/private/dune/data-selection-pipeline


Running all 5 scenarios...


Loading energy-cosine PDF from: /eos/home-e/evilla/dune/sn-tps/neural_networks/electron_direction/three_plane_three_plane_v58_200k_lr_schedule_20251118_110931/cosine_energy_pdf.npz
PDF loaded: 18 energy bins, 100 cosine bins

======================================================================
SCENARIO 1: BEST CASE (True Electron Directions)
======================================================================

Loaded 6931 total clusters
ES main tracks: 302
Valid directions: 302 / 302
After 3 MeV cut: 302 clusters

True neutrino direction: [-0.5153, 0.5894, -0.6221]
Using 302 electron directions for MCMC
  MCMC: 50 initial trials, then 10001 chain steps
  Best log-likelihood: 214.15, final proposal_scale: 0.0041

Reconstructed direction: [-0.6050, 0.7508, -0.2650]
Angular error: 23.19°

======================================================================
SCENARIO 2: PERFECT CT (ES Main Tracks + ED Network)
======================================================================

Files found: 10 ES, 97 CC

Loaded 3757 matched main-track clusters across U, V, X planes
ES main tracks: 279 (expected ~400 from 10 ES files × 40 events)
  Matched main tracks across all planes: 3757
  ES main tracks: 279

Loading ED model from: /eos/home-e/evilla/dune/sn-tps/neural_networks/electron_direction/three_plane_three_plane_v58_200k_lr_schedule_20251118_110931/checkpoints/model_epoch_12_val_loss_0.8898.keras
ED model input shape: [(None, 128, 32, 1), (None, 128, 32, 1), (None, 128, 32, 1)]
ED model output shape: (None, 3)

Running ED inference on 279 clusters...
ED predictions shape: (279, 3)
After 3 MeV cut: 279 clusters

True neutrino direction: [-0.5153, 0.5894, -0.6221]
Using 279 ED-predicted directions for MCMC
  MCMC: 50 initial trials, then 10001 chain steps
  Best log-likelihood: -135.86, final proposal_scale: 0.0037

Reconstructed direction: [-0.2756, 0.6989, -0.6600]
Angular error: 15.30°

======================================================================
SCENARIO 3: FULL PIPELINE (CT → ED → MCMC)
======================================================================

Loaded 4056 volumes

Loading CT model from: /eos/user/e/evilla/dune/sn-tps/neural_networks/channel_tagging/ct_volume_v52_batch_reload_20251116_101125/best_model.keras
CT model input shape: (None, 208, 1242, 1)
CT model output shape: (None, 2)

Running CT inference...
Volume input shape: (4056, 208, 1242, 1), dtype: float32
CT selected 343 ES candidates from 4056 volumes
  True ES volumes: 359
  ES prob range: [0.000, 1.000]

Matched 3757 3-plane clusters for ED inference

Loading ED model from: /eos/home-e/evilla/dune/sn-tps/neural_networks/electron_direction/three_plane_three_plane_v58_200k_lr_schedule_20251118_110931/checkpoints/model_epoch_12_val_loss_0.8898.keras
Running ED inference on 3757 clusters...
After 3 MeV cut: 3735 clusters

True neutrino direction: [-0.5153, 0.5894, -0.6221]
Using 3735 ED-predicted directions for MCMC
  MCMC: 50 initial trials, then 10001 chain steps
  Best log-likelihood: -5159.55, final proposal_scale: 0.0051

Reconstructed direction: [-0.3329, -0.7111, -0.6193]
Angular error: 82.08°

======================================================================
SCENARIO 3: FULL PIPELINE (CT → ED → MCMC)
======================================================================

Loaded 4056 volumes

Loading CT model from: /eos/user/e/evilla/dune/sn-tps/neural_networks/channel_tagging/ct_volume_v52_batch_reload_20251116_101125/best_model.keras
CT model input shape: (None, 208, 1242, 1)
CT model output shape: (None, 2)

Running CT inference...
Volume input shape: (4056, 208, 1242, 1), dtype: float32
CT selected 343 ES candidates from 4056 volumes
  True ES volumes: 359
  ES prob range: [0.000, 1.000]

Matched 3757 3-plane clusters for ED inference

Loading ED model from: /eos/home-e/evilla/dune/sn-tps/neural_networks/electron_direction/three_plane_three_plane_v58_200k_lr_schedule_20251118_110931/checkpoints/model_epoch_12_val_loss_0.8898.keras
Running ED inference on 3757 clusters...
After 3 MeV cut: 3735 clusters
Using CT weights^1: range [0.764, 1.000]

True neutrino direction: [-0.5153, 0.5894, -0.6221]
Using 3735 ED-predicted directions for MCMC
  MCMC: 50 initial trials, then 10001 chain steps
  Best log-likelihood: -4992.95, final proposal_scale: 0.0045

Reconstructed direction: [-0.3329, -0.7111, -0.6193]
Angular error: 82.08°

======================================================================
SCENARIO 3: FULL PIPELINE (CT → ED → MCMC)
======================================================================

Loaded 4056 volumes

Loading CT model from: /eos/user/e/evilla/dune/sn-tps/neural_networks/channel_tagging/ct_volume_v52_batch_reload_20251116_101125/best_model.keras
CT model input shape: (None, 208, 1242, 1)
CT model output shape: (None, 2)

Running CT inference...
Volume input shape: (4056, 208, 1242, 1), dtype: float32
CT selected 343 ES candidates from 4056 volumes
  True ES volumes: 359
  ES prob range: [0.000, 1.000]

Matched 3757 3-plane clusters for ED inference

Loading ED model from: /eos/home-e/evilla/dune/sn-tps/neural_networks/electron_direction/three_plane_three_plane_v58_200k_lr_schedule_20251118_110931/checkpoints/model_epoch_12_val_loss_0.8898.keras
Running ED inference on 3757 clusters...
After 3 MeV cut: 3735 clusters
Using CT weights^2: range [0.584, 1.000]

True neutrino direction: [-0.5153, 0.5894, -0.6221]
Using 3735 ED-predicted directions for MCMC
  MCMC: 50 initial trials, then 10001 chain steps
  Best log-likelihood: -4845.17, final proposal_scale: 0.0004

Reconstructed direction: [-0.3404, -0.7081, -0.6186]
Angular error: 81.78°

======================================================================
Using EOS structure: /eos/project-e/ep-nu/evilla/sn-pointing/cat000138/pipeline
======================================================================
Saved best_case: /eos/project-e/ep-nu/evilla/sn-pointing/cat000138/pipeline/cat000138_scenario_best_case.npz
Saved perfect_ct: /eos/project-e/ep-nu/evilla/sn-pointing/cat000138/pipeline/cat000138_scenario_perfect_ct.npz
Saved full_pipeline: /eos/project-e/ep-nu/evilla/sn-pointing/cat000138/pipeline/cat000138_scenario_full_pipeline.npz
Saved weighted_linear: /eos/project-e/ep-nu/evilla/sn-pointing/cat000138/pipeline/cat000138_scenario_weighted_linear.npz
Saved weighted_squared: /eos/project-e/ep-nu/evilla/sn-pointing/cat000138/pipeline/cat000138_scenario_weighted_squared.npz

======================================================================
SUMMARY
======================================================================

BEST_CASE:
  Clusters used: 302
  Angular error: 23.19°
  Log-likelihood: 214.15

PERFECT_CT:
  Clusters used: 279
  Angular error: 15.30°
  Log-likelihood: -135.86

FULL_PIPELINE:
  Clusters used: 3735
  Angular error: 82.08°
  Log-likelihood: -5159.55

WEIGHTED_LINEAR:
  Clusters used: 3735
  Angular error: 82.08°
  Log-likelihood: -4992.95

WEIGHTED_SQUARED:
  Clusters used: 3735
  Angular error: 81.78°
  Log-likelihood: -4845.17

==========================================
SUCCESS: cat000138 completed
==========================================
