000 (8782603.035.000) 11/20 00:44:09 Job submitted from host: <188.185.6.50:9618?addrs=188.185.6.50-9618+[2001-1458-d00-62--100-2b1]-9618&alias=bigbird25.cern.ch&noUDP&sock=schedd_1627_90ad>
...
000 (8782605.035.000) 11/20 00:44:34 Job submitted from host: <188.185.6.50:9618?addrs=188.185.6.50-9618+[2001-1458-d00-62--100-2b1]-9618&alias=bigbird25.cern.ch&noUDP&sock=schedd_1627_90ad>
...
040 (8782603.035.000) 11/20 00:45:02 Started transferring input files
	Transferring to host: <188.185.190.108:9618?addrs=188.185.190.108-9618+[2001-1458-d03-b--100-2ff]-9618&alias=b9pgpun015.cern.ch&noUDP&sock=slot1_3_1615979_24ca_2567>
...
040 (8782603.035.000) 11/20 00:45:02 Finished transferring input files
...
001 (8782603.035.000) 11/20 00:45:03 Job executing on host: <188.185.190.108:9618?addrs=188.185.190.108-9618+[2001-1458-d03-b--100-2ff]-9618&alias=b9pgpun015.cern.ch&noUDP&sock=startd_16497_25f7>
	SlotName: slot1_3@b9pgpun015.cern.ch
	AvailableGPUs = { GPUs_GPU_6c758778 }
	CondorScratchDir = "/pool/condor/dir_588463"
	Cpus = 11
	Disk = 7159
	GPUs = 1
	GPUs_GPU_6c758778 = [ Id = "GPU-6c758778"; ClockMhz = 1785.0; Capability = 9.0; CoresPerCU = 128; DeviceName = "NVIDIA H100 NVL"; DeviceUuid = "6c758778-f190-832d-194b-c3fac08a8c33"; ECCEnabled = true; ComputeUnits = 132; DriverVersion = 13.0; DevicePciBusId = "0000:AE:00.0"; GlobalMemoryMb = 95320; MaxSupportedVersion = 13000 ]
	Memory = 33000
...
006 (8782603.035.000) 11/20 00:45:16 Image size of job updated: 195628
	192  -  MemoryUsage of job (MB)
	195628  -  ResidentSetSize of job (KB)
...
006 (8782603.035.000) 11/20 00:50:16 Image size of job updated: 62845876
	13686  -  MemoryUsage of job (MB)
	14013880  -  ResidentSetSize of job (KB)
...
006 (8782603.035.000) 11/20 00:52:59 Image size of job updated: 63492656
	13686  -  MemoryUsage of job (MB)
	14013880  -  ResidentSetSize of job (KB)
...
040 (8782603.035.000) 11/20 00:52:59 Started transferring output files
...
040 (8782603.035.000) 11/20 00:52:59 Finished transferring output files
...
005 (8782603.035.000) 11/20 00:52:59 Job terminated.
	(1) Normal termination (return value 0)
		Usr 0 00:34:55, Sys 0 00:02:23  -  Run Remote Usage
		Usr 0 00:00:00, Sys 0 00:00:00  -  Run Local Usage
		Usr 0 00:34:55, Sys 0 00:02:23  -  Total Remote Usage
		Usr 0 00:00:00, Sys 0 00:00:00  -  Total Local Usage
	18109  -  Run Bytes Sent By Job
	1959  -  Run Bytes Received By Job
	18109  -  Total Bytes Sent By Job
	1959  -  Total Bytes Received By Job
	Partitionable Resources :    Usage  Request Allocated Assigned
	   Cpus                 :     0.96       11        11 
	   Disk (KB)            :    44           2      7159 
	   GPUs                 :     0           1         1 "GPU-6c758778"
	   GpusMemory (MB)      :   514                       
	   Memory (MB)          : 13686       33000     33000 
	   TimeExecute (s)      :   476                       
	   TimeSlotBusy (s)     :   477                       

	Job terminated of its own accord at 2025-11-19T23:52:59Z with exit-code 0.
...
000 (13791364.035.000) 11/20 01:08:49 Job submitted from host: <188.184.90.62:9618?addrs=188.184.90.62-9618+[2001-1458-201-e4--100-238]-9618&alias=bigbird16.cern.ch&noUDP&sock=schedd_5196_9a2f>
...
009 (8782605.035.000) 11/20 01:10:27 Job was aborted.
	via condor_rm (by user evilla)
...
040 (13791364.035.000) 11/20 01:28:53 Started transferring input files
	Transferring to host: <188.185.92.156:9618?addrs=188.185.92.156-9618+[2001-1458-d00-6c--100-10]-9618&alias=b9g57n5454.cern.ch&noUDP&sock=slot1_1_17749_86ab_8925>
...
040 (13791364.035.000) 11/20 01:28:53 Finished transferring input files
...
001 (13791364.035.000) 11/20 01:28:54 Job executing on host: <188.185.92.156:9618?addrs=188.185.92.156-9618+[2001-1458-d00-6c--100-10]-9618&alias=b9g57n5454.cern.ch&noUDP&sock=startd_17014_c46e>
	SlotName: slot1_1@b9g57n5454.cern.ch
	AvailableGPUs = { GPUs_GPU_d2642622 }
	CondorScratchDir = "/pool/condor/dir_2337183"
	Cpus = 11
	Disk = 2048
	GPUs = 1
	GPUs_GPU_d2642622 = [ Id = "GPU-d2642622"; ClockMhz = 1410.0; Capability = 8.0; CoresPerCU = 64; DeviceName = "NVIDIA A100-PCIE-40GB"; DeviceUuid = "d2642622-6ee9-8711-70c1-34935a235a2a"; ECCEnabled = true; ComputeUnits = 108; DriverVersion = 13.0; DevicePciBusId = "0000:06:00.0"; GlobalMemoryMb = 40441; MaxSupportedVersion = 13000 ]
	Memory = 33000
...
006 (13791364.035.000) 11/20 01:29:07 Image size of job updated: 357572
	350  -  MemoryUsage of job (MB)
	357572  -  ResidentSetSize of job (KB)
...
006 (13791364.035.000) 11/20 01:34:07 Image size of job updated: 55117412
	36856  -  MemoryUsage of job (MB)
	37739712  -  ResidentSetSize of job (KB)
...
006 (13791364.035.000) 11/20 01:39:08 Image size of job updated: 55653300
	36857  -  MemoryUsage of job (MB)
	37740580  -  ResidentSetSize of job (KB)
...
040 (13791364.035.000) 11/20 01:39:27 Started transferring output files
...
040 (13791364.035.000) 11/20 01:39:27 Finished transferring output files
...
005 (13791364.035.000) 11/20 01:39:27 Job terminated.
	(1) Normal termination (return value 0)
		Usr 0 00:23:11, Sys 0 00:03:45  -  Run Remote Usage
		Usr 0 00:00:00, Sys 0 00:00:00  -  Run Local Usage
		Usr 0 00:23:11, Sys 0 00:03:45  -  Total Remote Usage
		Usr 0 00:00:00, Sys 0 00:00:00  -  Total Local Usage
	18109  -  Run Bytes Sent By Job
	1959  -  Run Bytes Received By Job
	18109  -  Total Bytes Sent By Job
	1959  -  Total Bytes Received By Job
	Partitionable Resources :    Usage  Request Allocated Assigned
	   Cpus                 :     1.45       11        11 
	   Disk (KB)            :    45           2      2048 
	   GPUs                 :     0           1         1 "GPU-d2642622"
	   GpusMemory (MB)      :   620                       
	   Memory (MB)          : 36857       33000     33000 
	   TimeExecute (s)      :   633                       
	   TimeSlotBusy (s)     :   634                       

	Job terminated of its own accord at 2025-11-20T00:39:27Z with exit-code 0.
...
