==========================================
Processing: cat000062
==========================================
Category directory: /eos/project-e/ep-nu/evilla/sn-pointing/cat000062
PDF path: /eos/home-e/evilla/dune/sn-tps/neural_networks/electron_direction/three_plane_three_plane_v58_200k_lr_schedule_20251118_110931/cosine_energy_pdf.npz
Script directory: /afs/cern.ch/work/e/evilla/private/dune/data-selection-pipeline


Running all 5 scenarios...


Loading energy-cosine PDF from: /eos/home-e/evilla/dune/sn-tps/neural_networks/electron_direction/three_plane_three_plane_v58_200k_lr_schedule_20251118_110931/cosine_energy_pdf.npz
PDF loaded: 18 energy bins, 100 cosine bins

======================================================================
SCENARIO 1: BEST CASE (True Electron Directions)
======================================================================

Loaded 7195 total clusters
ES main tracks: 306
Valid directions: 306 / 306
After 3 MeV cut: 306 clusters

True neutrino direction: [-0.4761, 0.1338, 0.8692]
Using 306 electron directions for MCMC
  MCMC: 50 initial trials, then 10001 chain steps
  Best log-likelihood: 159.76, final proposal_scale: 0.0020

Reconstructed direction: [-0.2744, 0.5451, 0.7922]
Angular error: 26.86°

======================================================================
SCENARIO 2: PERFECT CT (ES Main Tracks + ED Network)
======================================================================

Files found: 10 ES, 100 CC

Loaded 3873 matched main-track clusters across U, V, X planes
ES main tracks: 284 (expected ~400 from 10 ES files × 40 events)
  Matched main tracks across all planes: 3873
  ES main tracks: 284

Loading ED model from: /eos/home-e/evilla/dune/sn-tps/neural_networks/electron_direction/three_plane_three_plane_v58_200k_lr_schedule_20251118_110931/checkpoints/model_epoch_12_val_loss_0.8898.keras
ED model input shape: [(None, 128, 32, 1), (None, 128, 32, 1), (None, 128, 32, 1)]
ED model output shape: (None, 3)

Running ED inference on 284 clusters...
ED predictions shape: (284, 3)
After 3 MeV cut: 284 clusters

True neutrino direction: [-0.4761, 0.1338, 0.8692]
Using 284 ED-predicted directions for MCMC
  MCMC: 50 initial trials, then 10001 chain steps
  Best log-likelihood: -26.60, final proposal_scale: 0.0038

Reconstructed direction: [-0.2588, 0.2850, 0.9229]
Angular error: 15.52°

======================================================================
SCENARIO 3: FULL PIPELINE (CT → ED → MCMC)
======================================================================

Loaded 4218 volumes

Loading CT model from: /eos/user/e/evilla/dune/sn-tps/neural_networks/channel_tagging/ct_volume_v52_batch_reload_20251116_101125/best_model.keras
CT model input shape: (None, 208, 1242, 1)
CT model output shape: (None, 2)

Running CT inference...
Volume input shape: (4218, 208, 1242, 1), dtype: float32
CT selected 392 ES candidates from 4218 volumes
  True ES volumes: 355
  ES prob range: [0.000, 1.000]

Matched 3873 3-plane clusters for ED inference

Loading ED model from: /eos/home-e/evilla/dune/sn-tps/neural_networks/electron_direction/three_plane_three_plane_v58_200k_lr_schedule_20251118_110931/checkpoints/model_epoch_12_val_loss_0.8898.keras
Running ED inference on 3873 clusters...
After 3 MeV cut: 3852 clusters

True neutrino direction: [-0.4761, 0.1338, 0.8692]
Using 3852 ED-predicted directions for MCMC
  MCMC: 50 initial trials, then 10001 chain steps
  Best log-likelihood: -5437.61, final proposal_scale: 0.0007

Reconstructed direction: [-0.8952, 0.4305, -0.1152]
Angular error: 67.44°

======================================================================
SCENARIO 3: FULL PIPELINE (CT → ED → MCMC)
======================================================================

Loaded 4218 volumes

Loading CT model from: /eos/user/e/evilla/dune/sn-tps/neural_networks/channel_tagging/ct_volume_v52_batch_reload_20251116_101125/best_model.keras
CT model input shape: (None, 208, 1242, 1)
CT model output shape: (None, 2)

Running CT inference...
Volume input shape: (4218, 208, 1242, 1), dtype: float32
CT selected 392 ES candidates from 4218 volumes
  True ES volumes: 355
  ES prob range: [0.000, 1.000]

Matched 3873 3-plane clusters for ED inference

Loading ED model from: /eos/home-e/evilla/dune/sn-tps/neural_networks/electron_direction/three_plane_three_plane_v58_200k_lr_schedule_20251118_110931/checkpoints/model_epoch_12_val_loss_0.8898.keras
Running ED inference on 3873 clusters...
After 3 MeV cut: 3852 clusters
Using CT weights^1: range [0.513, 1.000]

True neutrino direction: [-0.4761, 0.1338, 0.8692]
Using 3852 ED-predicted directions for MCMC
  MCMC: 50 initial trials, then 10001 chain steps
  Best log-likelihood: -5201.57, final proposal_scale: 0.0011

Reconstructed direction: [-0.9009, 0.3475, -0.2602]
Angular error: 75.57°

======================================================================
SCENARIO 3: FULL PIPELINE (CT → ED → MCMC)
======================================================================

Loaded 4218 volumes

Loading CT model from: /eos/user/e/evilla/dune/sn-tps/neural_networks/channel_tagging/ct_volume_v52_batch_reload_20251116_101125/best_model.keras
CT model input shape: (None, 208, 1242, 1)
CT model output shape: (None, 2)

Running CT inference...
Volume input shape: (4218, 208, 1242, 1), dtype: float32
CT selected 392 ES candidates from 4218 volumes
  True ES volumes: 355
  ES prob range: [0.000, 1.000]

Matched 3873 3-plane clusters for ED inference

Loading ED model from: /eos/home-e/evilla/dune/sn-tps/neural_networks/electron_direction/three_plane_three_plane_v58_200k_lr_schedule_20251118_110931/checkpoints/model_epoch_12_val_loss_0.8898.keras
Running ED inference on 3873 clusters...
After 3 MeV cut: 3852 clusters
Using CT weights^2: range [0.263, 1.000]

True neutrino direction: [-0.4761, 0.1338, 0.8692]
Using 3852 ED-predicted directions for MCMC
  MCMC: 50 initial trials, then 10001 chain steps
  Best log-likelihood: -5077.96, final proposal_scale: 0.0004

Reconstructed direction: [-0.1824, -0.4337, 0.8824]
Angular error: 37.27°

======================================================================
Using EOS structure: /eos/project-e/ep-nu/evilla/sn-pointing/cat000062/pipeline
======================================================================
Saved best_case: /eos/project-e/ep-nu/evilla/sn-pointing/cat000062/pipeline/cat000062_scenario_best_case.npz
Saved perfect_ct: /eos/project-e/ep-nu/evilla/sn-pointing/cat000062/pipeline/cat000062_scenario_perfect_ct.npz
Saved full_pipeline: /eos/project-e/ep-nu/evilla/sn-pointing/cat000062/pipeline/cat000062_scenario_full_pipeline.npz
Saved weighted_linear: /eos/project-e/ep-nu/evilla/sn-pointing/cat000062/pipeline/cat000062_scenario_weighted_linear.npz
Saved weighted_squared: /eos/project-e/ep-nu/evilla/sn-pointing/cat000062/pipeline/cat000062_scenario_weighted_squared.npz

======================================================================
SUMMARY
======================================================================

BEST_CASE:
  Clusters used: 306
  Angular error: 26.86°
  Log-likelihood: 159.76

PERFECT_CT:
  Clusters used: 284
  Angular error: 15.52°
  Log-likelihood: -26.60

FULL_PIPELINE:
  Clusters used: 3852
  Angular error: 67.44°
  Log-likelihood: -5437.61

WEIGHTED_LINEAR:
  Clusters used: 3852
  Angular error: 75.57°
  Log-likelihood: -5201.57

WEIGHTED_SQUARED:
  Clusters used: 3852
  Angular error: 37.27°
  Log-likelihood: -5077.96

==========================================
SUCCESS: cat000062 completed
==========================================
