==========================================
Processing: cat000021
==========================================
Category directory: /eos/project-e/ep-nu/evilla/sn-pointing/cat000021
PDF path: /eos/home-e/evilla/dune/sn-tps/neural_networks/electron_direction/three_plane_three_plane_v58_200k_lr_schedule_20251118_110931/cosine_energy_pdf.npz
Script directory: /afs/cern.ch/work/e/evilla/private/dune/data-selection-pipeline


Running all 5 scenarios...


Loading energy-cosine PDF from: /eos/home-e/evilla/dune/sn-tps/neural_networks/electron_direction/three_plane_three_plane_v58_200k_lr_schedule_20251118_110931/cosine_energy_pdf.npz
PDF loaded: 18 energy bins, 100 cosine bins

======================================================================
SCENARIO 1: BEST CASE (True Electron Directions)
======================================================================

Loaded 7214 total clusters
ES main tracks: 317
Valid directions: 317 / 317
After 3 MeV cut: 317 clusters

True neutrino direction: [0.9062, 0.0318, -0.4217]
Using 317 electron directions for MCMC
  MCMC: 50 initial trials, then 10001 chain steps
  Best log-likelihood: 224.11, final proposal_scale: 0.0018

Reconstructed direction: [0.7833, -0.3527, -0.5119]
Angular error: 23.87°

======================================================================
SCENARIO 2: PERFECT CT (ES Main Tracks + ED Network)
======================================================================

Loaded 3854 matched main-track clusters across U, V, X planes
ES main tracks: 237 (expected ~320 from 8 ES files × 40 events)
  Matched main tracks across all planes: 3854
  ES main tracks: 237

Loading ED model from: /eos/home-e/evilla/dune/sn-tps/neural_networks/electron_direction/three_plane_three_plane_v58_200k_lr_schedule_20251118_110931/checkpoints/model_epoch_12_val_loss_0.8898.keras
ED model input shape: [(None, 128, 32, 1), (None, 128, 32, 1), (None, 128, 32, 1)]
ED model output shape: (None, 3)

Running ED inference on 237 clusters...
ED predictions shape: (237, 3)
After 3 MeV cut: 237 clusters

True neutrino direction: [0.9062, 0.0318, -0.4217]
Using 237 ED-predicted directions for MCMC
  MCMC: 50 initial trials, then 10001 chain steps
  Best log-likelihood: -72.76, final proposal_scale: 0.0032

Reconstructed direction: [0.6635, -0.2874, -0.6908]
Angular error: 27.94°

======================================================================
SCENARIO 3: FULL PIPELINE (CT → ED → MCMC)
======================================================================

Loaded 4224 volumes

Loading CT model from: /eos/user/e/evilla/dune/sn-tps/neural_networks/channel_tagging/ct_volume_v52_batch_reload_20251116_101125/best_model.keras
CT model input shape: (None, 208, 1242, 1)
CT model output shape: (None, 2)

Running CT inference...
Volume input shape: (4224, 208, 1242, 1), dtype: float32
CT selected 368 ES candidates from 4224 volumes
  True ES volumes: 357
  ES prob range: [0.000, 1.000]

Matched 3854 3-plane clusters for ED inference

Loading ED model from: /eos/home-e/evilla/dune/sn-tps/neural_networks/electron_direction/three_plane_three_plane_v58_200k_lr_schedule_20251118_110931/checkpoints/model_epoch_12_val_loss_0.8898.keras
Running ED inference on 3854 clusters...
After 3 MeV cut: 3835 clusters

True neutrino direction: [0.9062, 0.0318, -0.4217]
Using 3835 ED-predicted directions for MCMC
  MCMC: 50 initial trials, then 10001 chain steps
  Best log-likelihood: -5366.09, final proposal_scale: 0.0008

Reconstructed direction: [-0.2029, -0.5724, -0.7944]
Angular error: 82.36°

======================================================================
SCENARIO 3: FULL PIPELINE (CT → ED → MCMC)
======================================================================

Loaded 4224 volumes

Loading CT model from: /eos/user/e/evilla/dune/sn-tps/neural_networks/channel_tagging/ct_volume_v52_batch_reload_20251116_101125/best_model.keras
CT model input shape: (None, 208, 1242, 1)
CT model output shape: (None, 2)

Running CT inference...
Volume input shape: (4224, 208, 1242, 1), dtype: float32
CT selected 368 ES candidates from 4224 volumes
  True ES volumes: 357
  ES prob range: [0.000, 1.000]

Matched 3854 3-plane clusters for ED inference

Loading ED model from: /eos/home-e/evilla/dune/sn-tps/neural_networks/electron_direction/three_plane_three_plane_v58_200k_lr_schedule_20251118_110931/checkpoints/model_epoch_12_val_loss_0.8898.keras
Running ED inference on 3854 clusters...
After 3 MeV cut: 3835 clusters
Using CT weights^1: range [0.778, 1.000]

True neutrino direction: [0.9062, 0.0318, -0.4217]
Using 3835 ED-predicted directions for MCMC
  MCMC: 50 initial trials, then 10001 chain steps
  Best log-likelihood: -5160.02, final proposal_scale: 0.0018

Reconstructed direction: [0.8665, -0.4191, 0.2710]
Angular error: 48.88°

======================================================================
SCENARIO 3: FULL PIPELINE (CT → ED → MCMC)
======================================================================

Loaded 4224 volumes

Loading CT model from: /eos/user/e/evilla/dune/sn-tps/neural_networks/channel_tagging/ct_volume_v52_batch_reload_20251116_101125/best_model.keras
CT model input shape: (None, 208, 1242, 1)
CT model output shape: (None, 2)

Running CT inference...
Volume input shape: (4224, 208, 1242, 1), dtype: float32
CT selected 368 ES candidates from 4224 volumes
  True ES volumes: 357
  ES prob range: [0.000, 1.000]

Matched 3854 3-plane clusters for ED inference

Loading ED model from: /eos/home-e/evilla/dune/sn-tps/neural_networks/electron_direction/three_plane_three_plane_v58_200k_lr_schedule_20251118_110931/checkpoints/model_epoch_12_val_loss_0.8898.keras
Running ED inference on 3854 clusters...
After 3 MeV cut: 3835 clusters
Using CT weights^2: range [0.605, 1.000]

True neutrino direction: [0.9062, 0.0318, -0.4217]
Using 3835 ED-predicted directions for MCMC
  MCMC: 50 initial trials, then 10001 chain steps
  Best log-likelihood: -4948.87, final proposal_scale: 0.0008

Reconstructed direction: [-0.2029, -0.5724, -0.7944]
Angular error: 82.36°

======================================================================
Using EOS structure: /eos/project-e/ep-nu/evilla/sn-pointing/cat000021/pipeline
======================================================================
Saved best_case: /eos/project-e/ep-nu/evilla/sn-pointing/cat000021/pipeline/cat000021_scenario_best_case.npz
Saved perfect_ct: /eos/project-e/ep-nu/evilla/sn-pointing/cat000021/pipeline/cat000021_scenario_perfect_ct.npz
Saved full_pipeline: /eos/project-e/ep-nu/evilla/sn-pointing/cat000021/pipeline/cat000021_scenario_full_pipeline.npz
Saved weighted_linear: /eos/project-e/ep-nu/evilla/sn-pointing/cat000021/pipeline/cat000021_scenario_weighted_linear.npz
Saved weighted_squared: /eos/project-e/ep-nu/evilla/sn-pointing/cat000021/pipeline/cat000021_scenario_weighted_squared.npz

======================================================================
SUMMARY
======================================================================

BEST_CASE:
  Clusters used: 317
  Angular error: 23.87°
  Log-likelihood: 224.11

PERFECT_CT:
  Clusters used: 237
  Angular error: 27.94°
  Log-likelihood: -72.76

FULL_PIPELINE:
  Clusters used: 3835
  Angular error: 82.36°
  Log-likelihood: -5366.09

WEIGHTED_LINEAR:
  Clusters used: 3835
  Angular error: 48.88°
  Log-likelihood: -5160.02

WEIGHTED_SQUARED:
  Clusters used: 3835
  Angular error: 82.36°
  Log-likelihood: -4948.87

==========================================
SUCCESS: cat000021 completed
==========================================
