==========================================
Processing: cat000150
==========================================
Category directory: /eos/project-e/ep-nu/evilla/sn-pointing/cat000150
PDF path: /eos/home-e/evilla/dune/sn-tps/neural_networks/electron_direction/three_plane_three_plane_v58_200k_lr_schedule_20251118_110931/cosine_energy_pdf.npz
Script directory: /afs/cern.ch/work/e/evilla/private/dune/data-selection-pipeline


Running all 5 scenarios...


Loading energy-cosine PDF from: /eos/home-e/evilla/dune/sn-tps/neural_networks/electron_direction/three_plane_three_plane_v58_200k_lr_schedule_20251118_110931/cosine_energy_pdf.npz
PDF loaded: 18 energy bins, 100 cosine bins

======================================================================
SCENARIO 1: BEST CASE (True Electron Directions)
======================================================================

Loaded 6063 total clusters
ES main tracks: 249
Valid directions: 249 / 249
After 3 MeV cut: 249 clusters

True neutrino direction: [0.9566, -0.2616, -0.1282]
Using 249 electron directions for MCMC
  MCMC: 50 initial trials, then 10001 chain steps
  Best log-likelihood: 169.70, final proposal_scale: 0.0063

Reconstructed direction: [0.7633, -0.6416, -0.0753]
Angular error: 24.81°

======================================================================
SCENARIO 2: PERFECT CT (ES Main Tracks + ED Network)
======================================================================

Files found: 8 ES, 86 CC

Loaded 3261 matched main-track clusters across U, V, X planes
ES main tracks: 177 (expected ~400 from 10 ES files × 40 events)
  Matched main tracks across all planes: 3261
  ES main tracks: 177

Loading ED model from: /eos/home-e/evilla/dune/sn-tps/neural_networks/electron_direction/three_plane_three_plane_v58_200k_lr_schedule_20251118_110931/checkpoints/model_epoch_12_val_loss_0.8898.keras
ED model input shape: [(None, 128, 32, 1), (None, 128, 32, 1), (None, 128, 32, 1)]
ED model output shape: (None, 3)

Running ED inference on 177 clusters...
ED predictions shape: (177, 3)
After 3 MeV cut: 177 clusters

True neutrino direction: [0.9566, -0.2616, -0.1282]
Using 177 ED-predicted directions for MCMC
  MCMC: 50 initial trials, then 10001 chain steps
  Best log-likelihood: -82.12, final proposal_scale: 0.0160

Reconstructed direction: [0.9090, -0.3075, -0.2813]
Angular error: 9.56°

======================================================================
SCENARIO 3: FULL PIPELINE (CT → ED → MCMC)
======================================================================

Loaded 3590 volumes

Loading CT model from: /eos/user/e/evilla/dune/sn-tps/neural_networks/channel_tagging/ct_volume_v52_batch_reload_20251116_101125/best_model.keras
CT model input shape: (None, 208, 1242, 1)
CT model output shape: (None, 2)

Running CT inference...
Volume input shape: (3590, 208, 1242, 1), dtype: float32
CT selected 345 ES candidates from 3590 volumes
  True ES volumes: 287
  ES prob range: [0.000, 1.000]

Matched 3261 3-plane clusters for ED inference

Loading ED model from: /eos/home-e/evilla/dune/sn-tps/neural_networks/electron_direction/three_plane_three_plane_v58_200k_lr_schedule_20251118_110931/checkpoints/model_epoch_12_val_loss_0.8898.keras
Running ED inference on 3261 clusters...
After 3 MeV cut: 3242 clusters

True neutrino direction: [0.9566, -0.2616, -0.1282]
Using 3242 ED-predicted directions for MCMC
  MCMC: 50 initial trials, then 10001 chain steps
  Best log-likelihood: -4456.79, final proposal_scale: 0.0025

Reconstructed direction: [0.5611, -0.8194, -0.1168]
Angular error: 39.99°

======================================================================
SCENARIO 3: FULL PIPELINE (CT → ED → MCMC)
======================================================================

Loaded 3590 volumes

Loading CT model from: /eos/user/e/evilla/dune/sn-tps/neural_networks/channel_tagging/ct_volume_v52_batch_reload_20251116_101125/best_model.keras
CT model input shape: (None, 208, 1242, 1)
CT model output shape: (None, 2)

Running CT inference...
Volume input shape: (3590, 208, 1242, 1), dtype: float32
CT selected 345 ES candidates from 3590 volumes
  True ES volumes: 287
  ES prob range: [0.000, 1.000]

Matched 3261 3-plane clusters for ED inference

Loading ED model from: /eos/home-e/evilla/dune/sn-tps/neural_networks/electron_direction/three_plane_three_plane_v58_200k_lr_schedule_20251118_110931/checkpoints/model_epoch_12_val_loss_0.8898.keras
Running ED inference on 3261 clusters...
After 3 MeV cut: 3242 clusters
Using CT weights^1: range [0.561, 1.000]

True neutrino direction: [0.9566, -0.2616, -0.1282]
Using 3242 ED-predicted directions for MCMC
  MCMC: 50 initial trials, then 10001 chain steps
  Best log-likelihood: -4300.75, final proposal_scale: 0.0012

Reconstructed direction: [0.9232, -0.3637, 0.1240]
Angular error: 15.76°

======================================================================
SCENARIO 3: FULL PIPELINE (CT → ED → MCMC)
======================================================================

Loaded 3590 volumes

Loading CT model from: /eos/user/e/evilla/dune/sn-tps/neural_networks/channel_tagging/ct_volume_v52_batch_reload_20251116_101125/best_model.keras
CT model input shape: (None, 208, 1242, 1)
CT model output shape: (None, 2)

Running CT inference...
Volume input shape: (3590, 208, 1242, 1), dtype: float32
CT selected 345 ES candidates from 3590 volumes
  True ES volumes: 287
  ES prob range: [0.000, 1.000]

Matched 3261 3-plane clusters for ED inference

Loading ED model from: /eos/home-e/evilla/dune/sn-tps/neural_networks/electron_direction/three_plane_three_plane_v58_200k_lr_schedule_20251118_110931/checkpoints/model_epoch_12_val_loss_0.8898.keras
Running ED inference on 3261 clusters...
After 3 MeV cut: 3242 clusters
Using CT weights^2: range [0.314, 1.000]

True neutrino direction: [0.9566, -0.2616, -0.1282]
Using 3242 ED-predicted directions for MCMC
  MCMC: 50 initial trials, then 10001 chain steps
  Best log-likelihood: -4083.49, final proposal_scale: 0.0011

Reconstructed direction: [0.9232, -0.3637, 0.1240]
Angular error: 15.76°

======================================================================
Using EOS structure: /eos/project-e/ep-nu/evilla/sn-pointing/cat000150/pipeline
======================================================================
Saved best_case: /eos/project-e/ep-nu/evilla/sn-pointing/cat000150/pipeline/cat000150_scenario_best_case.npz
Saved perfect_ct: /eos/project-e/ep-nu/evilla/sn-pointing/cat000150/pipeline/cat000150_scenario_perfect_ct.npz
Saved full_pipeline: /eos/project-e/ep-nu/evilla/sn-pointing/cat000150/pipeline/cat000150_scenario_full_pipeline.npz
Saved weighted_linear: /eos/project-e/ep-nu/evilla/sn-pointing/cat000150/pipeline/cat000150_scenario_weighted_linear.npz
Saved weighted_squared: /eos/project-e/ep-nu/evilla/sn-pointing/cat000150/pipeline/cat000150_scenario_weighted_squared.npz

======================================================================
SUMMARY
======================================================================

BEST_CASE:
  Clusters used: 249
  Angular error: 24.81°
  Log-likelihood: 169.70

PERFECT_CT:
  Clusters used: 177
  Angular error: 9.56°
  Log-likelihood: -82.12

FULL_PIPELINE:
  Clusters used: 3242
  Angular error: 39.99°
  Log-likelihood: -4456.79

WEIGHTED_LINEAR:
  Clusters used: 3242
  Angular error: 15.76°
  Log-likelihood: -4300.75

WEIGHTED_SQUARED:
  Clusters used: 3242
  Angular error: 15.76°
  Log-likelihood: -4083.49

==========================================
SUCCESS: cat000150 completed
==========================================
