000 (8781695.001.000) 11/19 23:12:09 Job submitted from host: <188.185.6.50:9618?addrs=188.185.6.50-9618+[2001-1458-d00-62--100-2b1]-9618&alias=bigbird25.cern.ch&noUDP&sock=schedd_1627_90ad>
...
040 (8781695.001.000) 11/19 23:13:01 Started transferring input files
	Transferring to host: <188.185.190.47:9618?addrs=188.185.190.47-9618+[2001-1458-d03-b--100-171]-9618&alias=b9pgpun038.cern.ch&noUDP&sock=slot1_1_242425_17db_6971>
...
040 (8781695.001.000) 11/19 23:13:01 Finished transferring input files
...
001 (8781695.001.000) 11/19 23:13:05 Job executing on host: <188.185.190.47:9618?addrs=188.185.190.47-9618+[2001-1458-d03-b--100-171]-9618&alias=b9pgpun038.cern.ch&noUDP&sock=startd_233249_fddd>
	SlotName: slot1_1@b9pgpun038.cern.ch
	AvailableGPUs = { GPUs_OCL0 }
	CondorScratchDir = "/pool/condor/dir_2598087"
	Cpus = 11
	Disk = 2048
	GPUs = 1
	GPUs_OCL0 = [ Id = "OCL0"; ClockMhz = 1785; DeviceName = "NVIDIA H100L-2-24C MIG 2g.24gb"; ECCEnabled = true; ComputeUnits = 32; OpenCLVersion = 3.0; GlobalMemoryMb = 24363 ]
	Memory = 33000
...
006 (8781695.001.000) 11/19 23:13:18 Image size of job updated: 178096
	174  -  MemoryUsage of job (MB)
	178096  -  ResidentSetSize of job (KB)
...
006 (8781695.001.000) 11/19 23:18:18 Image size of job updated: 37525556
	36572  -  MemoryUsage of job (MB)
	37448984  -  ResidentSetSize of job (KB)
...
006 (8781695.001.000) 11/19 23:23:19 Image size of job updated: 37835196
	36858  -  MemoryUsage of job (MB)
	37742520  -  ResidentSetSize of job (KB)
...
006 (8781695.001.000) 11/19 23:28:19 Image size of job updated: 37902736
	36859  -  MemoryUsage of job (MB)
	37742824  -  ResidentSetSize of job (KB)
...
006 (8781695.001.000) 11/19 23:58:23 Image size of job updated: 37979836
	36859  -  MemoryUsage of job (MB)
	37742824  -  ResidentSetSize of job (KB)
...
040 (8781695.001.000) 11/20 00:06:48 Started transferring output files
...
040 (8781695.001.000) 11/20 00:06:48 Finished transferring output files
...
004 (8781695.001.000) 11/20 00:06:48 Job was evicted.
	(0) CPU times
		Usr 0 00:07:07, Sys 0 00:08:14  -  Run Remote Usage
		Usr 0 00:00:00, Sys 0 00:00:00  -  Run Local Usage
	10457  -  Run Bytes Sent By Job
	1959  -  Run Bytes Received By Job
	Partitionable Resources :    Usage  Request Allocated Assigned
	   Cpus                 :     0.24       11        11 
	   Disk (KB)            :    35           2      2048 
	   GPUs                 :                 1         1 "OCL0"
	   Memory (MB)          : 36859       33000     33000 
	   TimeExecute (s)      :  3223                       
	   TimeSlotBusy (s)     :  3227                       
...
009 (8781695.001.000) 11/20 00:06:48 Job was aborted.
	via condor_rm (by user evilla)
...
