========================================
Starting batch submission at Thu Nov 20 02:16:58 AM CET 2025
Range: cat151 to cat600
Batch size: 20 cats
Delay: 5 minutes
========================================
Total cats: 450
Total batches: 23

[Batch 1/23] Thu Nov 20 02:16:58 AM CET 2025
  Submitting cats 151-170...
  ✓ Submitted to cluster 13791388
  Waiting 5 minutes before next batch...

[Batch 2/23] Thu Nov 20 02:21:59 AM CET 2025
  Submitting cats 171-190...
  ✓ Submitted to cluster 13791389
  Waiting 5 minutes before next batch...

[Batch 3/23] Thu Nov 20 02:26:59 AM CET 2025
  Submitting cats 191-210...
  ✓ Submitted to cluster 13791391
  Waiting 5 minutes before next batch...

[Batch 4/23] Thu Nov 20 02:32:00 AM CET 2025
  Submitting cats 211-230...
  ✓ Submitted to cluster 13791392
  Waiting 5 minutes before next batch...

[Batch 5/23] Thu Nov 20 02:37:00 AM CET 2025
  Submitting cats 231-250...
  ✓ Submitted to cluster 13791394
  Waiting 5 minutes before next batch...

[Batch 6/23] Thu Nov 20 02:42:03 AM CET 2025
  Submitting cats 251-270...
  ✓ Submitted to cluster 13791395
  Waiting 5 minutes before next batch...

[Batch 7/23] Thu Nov 20 02:47:03 AM CET 2025
  Submitting cats 271-290...
  ✓ Submitted to cluster 13791397
  Waiting 5 minutes before next batch...

[Batch 8/23] Thu Nov 20 02:52:04 AM CET 2025
  Submitting cats 291-310...
  ✓ Submitted to cluster 13791399
  Waiting 5 minutes before next batch...

[Batch 9/23] Thu Nov 20 02:57:04 AM CET 2025
  Submitting cats 311-330...
  ✓ Submitted to cluster 13791400
  Waiting 5 minutes before next batch...

[Batch 10/23] Thu Nov 20 03:02:05 AM CET 2025
  Submitting cats 331-350...
  ✓ Submitted to cluster 13791401
  Waiting 5 minutes before next batch...

[Batch 11/23] Thu Nov 20 03:07:05 AM CET 2025
  Submitting cats 351-370...
  ✓ Submitted to cluster 13791406
  Waiting 5 minutes before next batch...

[Batch 12/23] Thu Nov 20 03:12:05 AM CET 2025
  Submitting cats 371-390...
  ✓ Submitted to cluster 13791407
  Waiting 5 minutes before next batch...

[Batch 13/23] Thu Nov 20 03:17:06 AM CET 2025
  Submitting cats 391-410...
  ✓ Submitted to cluster 13791408
  Waiting 5 minutes before next batch...

[Batch 14/23] Thu Nov 20 03:22:06 AM CET 2025
  Submitting cats 411-430...
  ✓ Submitted to cluster 13791410
  Waiting 5 minutes before next batch...

[Batch 15/23] Thu Nov 20 03:27:07 AM CET 2025
  Submitting cats 431-450...
  ✓ Submitted to cluster 13791411
  Waiting 5 minutes before next batch...

