000 (12918383.000.000) 11/16 11:04:15 Job submitted from host: <188.185.121.235:9618?addrs=188.185.121.235-9618+[2001-1458-d00-49--100-36e]-9618&alias=bigbird22.cern.ch&noUDP&sock=schedd_232129_c3ca>
...
040 (12918383.000.000) 11/16 11:05:01 Started transferring input files
	Transferring to host: <188.184.195.94:9618?addrs=188.184.195.94-9618&alias=b9g47n8731.cern.ch&noUDP&sock=slot1_1_14533_9028_6321>
...
040 (12918383.000.000) 11/16 11:05:01 Finished transferring input files
...
001 (12918383.000.000) 11/16 11:05:02 Job executing on host: <188.184.195.94:9618?addrs=188.184.195.94-9618&alias=b9g47n8731.cern.ch&noUDP&sock=startd_13613_f6d5>
	SlotName: slot1_1@b9g47n8731.cern.ch
	AvailableGPUs = { GPUs_GPU_c4e6d068 }
	CondorScratchDir = "/pool/condor/dir_2306463"
	Cpus = 3
	Disk = 2048
	GPUs = 1
	GPUs_GPU_c4e6d068 = [ Id = "GPU-c4e6d068"; ClockMhz = 1597.0; Capability = 7.0; CoresPerCU = 64; DeviceName = "Tesla V100S-PCIE-32GB"; DeviceUuid = "c4e6d068-3d0c-fa9f-2659-d325e40f57e2"; ECCEnabled = true; ComputeUnits = 80; DriverVersion = 13.0; DevicePciBusId = "0000:07:00.0"; GlobalMemoryMb = 32494; MaxSupportedVersion = 13000 ]
	Memory = 9000
...
006 (12918383.000.000) 11/16 11:05:15 Image size of job updated: 462608
	452  -  MemoryUsage of job (MB)
	462608  -  ResidentSetSize of job (KB)
...
006 (12918383.000.000) 11/16 11:05:31 Image size of job updated: 1068300
	452  -  MemoryUsage of job (MB)
	462608  -  ResidentSetSize of job (KB)
...
040 (12918383.000.000) 11/16 11:05:31 Started transferring output files
...
040 (12918383.000.000) 11/16 11:05:31 Finished transferring output files
...
005 (12918383.000.000) 11/16 11:05:31 Job terminated.
	(1) Normal termination (return value 1)
		Usr 0 00:00:04, Sys 0 00:00:02  -  Run Remote Usage
		Usr 0 00:00:00, Sys 0 00:00:00  -  Run Local Usage
		Usr 0 00:00:04, Sys 0 00:00:02  -  Total Remote Usage
		Usr 0 00:00:00, Sys 0 00:00:00  -  Total Local Usage
	12270  -  Run Bytes Sent By Job
	1089  -  Run Bytes Received By Job
	12270  -  Total Bytes Sent By Job
	1089  -  Total Bytes Received By Job
	Partitionable Resources :    Usage  Request Allocated Assigned
	   Cpus                 :        0        3         3 
	   Disk (KB)            :       37        2      2048 
	   GPUs                 :                 1         1 "GPU-c4e6d068"
	   Memory (MB)          :      452     9000      9000 
	   TimeExecute (s)      :       29                    
	   TimeSlotBusy (s)     :       30                    

	Job terminated of its own accord at 2025-11-16T10:05:31Z with exit-code 1.
...
