000 (12918386.000.000) 11/16 11:04:16 Job submitted from host: <188.185.121.235:9618?addrs=188.185.121.235-9618+[2001-1458-d00-49--100-36e]-9618&alias=bigbird22.cern.ch&noUDP&sock=schedd_232129_c3ca>
...
040 (12918386.000.000) 11/16 11:05:03 Started transferring input files
	Transferring to host: <188.185.190.77:9618?addrs=188.185.190.77-9618+[2001-1458-d03-b--100-175]-9618&alias=b9pgpun018.cern.ch&noUDP&sock=slot1_1_4847_e65e_1317>
...
040 (12918386.000.000) 11/16 11:05:03 Finished transferring input files
...
001 (12918386.000.000) 11/16 11:05:04 Job executing on host: <188.185.190.77:9618?addrs=188.185.190.77-9618+[2001-1458-d03-b--100-175]-9618&alias=b9pgpun018.cern.ch&noUDP&sock=startd_4801_aa47>
	SlotName: slot1_1@b9pgpun018.cern.ch
	AvailableGPUs = { GPUs_MIG_fce1d39d_c82f_5c4a_a3dd_a2d30ee9c9f3 }
	CondorScratchDir = "/pool/condor/dir_326085"
	Cpus = 3
	Disk = 2048
	GPUs = 1
	GPUs_MIG_fce1d39d_c82f_5c4a_a3dd_a2d30ee9c9f3 = [ Id = "MIG-fce1d39d-c82f-5c4a-a3dd-a2d30ee9c9f3"; DeviceName = "NVIDIA H100L-1-12C MIG 1g.12gb"; DeviceUuid = "MIG-fce1d39d-c82f-5c4a-a3dd-a2d30ee9c9f3"; ComputeUnits = 16; GlobalMemoryMb = 10564 ]
	Memory = 9000
...
006 (12918386.000.000) 11/16 11:05:17 Image size of job updated: 18332
	18  -  MemoryUsage of job (MB)
	18332  -  ResidentSetSize of job (KB)
...
006 (12918386.000.000) 11/16 11:07:06 Image size of job updated: 1116580
	18  -  MemoryUsage of job (MB)
	18332  -  ResidentSetSize of job (KB)
...
040 (12918386.000.000) 11/16 11:07:06 Started transferring output files
...
040 (12918386.000.000) 11/16 11:07:06 Finished transferring output files
...
005 (12918386.000.000) 11/16 11:07:06 Job terminated.
	(1) Normal termination (return value 1)
		Usr 0 00:00:03, Sys 0 00:00:03  -  Run Remote Usage
		Usr 0 00:00:00, Sys 0 00:00:00  -  Run Local Usage
		Usr 0 00:00:03, Sys 0 00:00:03  -  Total Remote Usage
		Usr 0 00:00:00, Sys 0 00:00:00  -  Total Local Usage
	12269  -  Run Bytes Sent By Job
	1089  -  Run Bytes Received By Job
	12269  -  Total Bytes Sent By Job
	1089  -  Total Bytes Received By Job
	Partitionable Resources :    Usage  Request Allocated Assigned
	   Cpus                 :        0        3         3 
	   Disk (KB)            :       37        2      2048 
	   GPUs                 :                 1         1 "MIG-fce1d39d-c82f-5c4a-a3dd-a2d30ee9c9f3"
	   Memory (MB)          :       18     9000      9000 
	   TimeExecute (s)      :      122                    
	   TimeSlotBusy (s)     :      126                    

	Job terminated of its own accord at 2025-11-16T10:07:06Z with exit-code 1.
...
