000 (12918381.000.000) 11/16 11:04:14 Job submitted from host: <188.185.121.235:9618?addrs=188.185.121.235-9618+[2001-1458-d00-49--100-36e]-9618&alias=bigbird22.cern.ch&noUDP&sock=schedd_232129_c3ca>
...
040 (12918381.000.000) 11/16 11:04:59 Started transferring input files
	Transferring to host: <188.184.195.71:9618?addrs=188.184.195.71-9618+[2001-1458-301-72--100-384]-9618&alias=b9g47n2106.cern.ch&noUDP&sock=slot1_1_19410_d9ce_7388>
...
040 (12918381.000.000) 11/16 11:04:59 Finished transferring input files
...
001 (12918381.000.000) 11/16 11:05:00 Job executing on host: <188.184.195.71:9618?addrs=188.184.195.71-9618+[2001-1458-301-72--100-384]-9618&alias=b9g47n2106.cern.ch&noUDP&sock=startd_18295_6d40>
	SlotName: slot1_1@b9g47n2106.cern.ch
	AvailableGPUs = { GPUs_GPU_111bb3d1 }
	CondorScratchDir = "/pool/condor/dir_1985390"
	Cpus = 3
	Disk = 2048
	GPUs = 1
	GPUs_GPU_111bb3d1 = [ Id = "GPU-111bb3d1"; ClockMhz = 1597.0; Capability = 7.0; CoresPerCU = 64; DeviceName = "Tesla V100S-PCIE-32GB"; DeviceUuid = "111bb3d1-80ae-ee28-1f54-4658e0d63886"; ECCEnabled = true; ComputeUnits = 80; DriverVersion = 13.0; DevicePciBusId = "0000:07:00.0"; GlobalMemoryMb = 32494; MaxSupportedVersion = 13000 ]
	Memory = 9000
...
006 (12918381.000.000) 11/16 11:05:13 Image size of job updated: 424864
	415  -  MemoryUsage of job (MB)
	424864  -  ResidentSetSize of job (KB)
...
006 (12918381.000.000) 11/16 11:05:30 Image size of job updated: 1003080
	415  -  MemoryUsage of job (MB)
	424864  -  ResidentSetSize of job (KB)
...
040 (12918381.000.000) 11/16 11:05:30 Started transferring output files
...
040 (12918381.000.000) 11/16 11:05:30 Finished transferring output files
...
005 (12918381.000.000) 11/16 11:05:30 Job terminated.
	(1) Normal termination (return value 1)
		Usr 0 00:00:05, Sys 0 00:00:02  -  Run Remote Usage
		Usr 0 00:00:00, Sys 0 00:00:00  -  Run Local Usage
		Usr 0 00:00:05, Sys 0 00:00:02  -  Total Remote Usage
		Usr 0 00:00:00, Sys 0 00:00:00  -  Total Local Usage
	12270  -  Run Bytes Sent By Job
	1089  -  Run Bytes Received By Job
	12270  -  Total Bytes Sent By Job
	1089  -  Total Bytes Received By Job
	Partitionable Resources :    Usage  Request Allocated Assigned
	   Cpus                 :        0        3         3 
	   Disk (KB)            :       38        2      2048 
	   GPUs                 :                 1         1 "GPU-111bb3d1"
	   Memory (MB)          :      415     9000      9000 
	   TimeExecute (s)      :       30                    
	   TimeSlotBusy (s)     :       31                    

	Job terminated of its own accord at 2025-11-16T10:05:30Z with exit-code 1.
...
