000 (12918382.000.000) 11/16 11:04:15 Job submitted from host: <188.185.121.235:9618?addrs=188.185.121.235-9618+[2001-1458-d00-49--100-36e]-9618&alias=bigbird22.cern.ch&noUDP&sock=schedd_232129_c3ca>
...
040 (12918382.000.000) 11/16 11:05:01 Started transferring input files
	Transferring to host: <128.142.241.27:9618?addrs=128.142.241.27-9618+[2001-1458-301-ce--100-86]-9618&alias=b9g47n1782.cern.ch&noUDP&sock=slot1_1_13713_cc87_6908>
...
040 (12918382.000.000) 11/16 11:05:01 Finished transferring input files
...
001 (12918382.000.000) 11/16 11:05:02 Job executing on host: <128.142.241.27:9618?addrs=128.142.241.27-9618+[2001-1458-301-ce--100-86]-9618&alias=b9g47n1782.cern.ch&noUDP&sock=startd_13037_e048>
	SlotName: slot1_1@b9g47n1782.cern.ch
	AvailableGPUs = { GPUs_GPU_01d33dd3 }
	CondorScratchDir = "/pool/condor/dir_2519202"
	Cpus = 3
	Disk = 2048
	GPUs = 1
	GPUs_GPU_01d33dd3 = [ Id = "GPU-01d33dd3"; ClockMhz = 1380.0; Capability = 7.0; CoresPerCU = 64; DeviceName = "Tesla V100-PCIE-32GB"; DeviceUuid = "01d33dd3-37ac-7ccc-de11-93df130ecc6b"; ECCEnabled = true; ComputeUnits = 80; DriverVersion = 13.0; DevicePciBusId = "0000:07:00.0"; GlobalMemoryMb = 32494; MaxSupportedVersion = 13000 ]
	Memory = 9000
...
006 (12918382.000.000) 11/16 11:05:15 Image size of job updated: 367168
	359  -  MemoryUsage of job (MB)
	367168  -  ResidentSetSize of job (KB)
...
006 (12918382.000.000) 11/16 11:05:33 Image size of job updated: 1179376
	361  -  MemoryUsage of job (MB)
	369576  -  ResidentSetSize of job (KB)
...
040 (12918382.000.000) 11/16 11:05:33 Started transferring output files
...
040 (12918382.000.000) 11/16 11:05:33 Finished transferring output files
...
005 (12918382.000.000) 11/16 11:05:33 Job terminated.
	(1) Normal termination (return value 1)
		Usr 0 00:00:05, Sys 0 00:00:03  -  Run Remote Usage
		Usr 0 00:00:00, Sys 0 00:00:00  -  Run Local Usage
		Usr 0 00:00:05, Sys 0 00:00:03  -  Total Remote Usage
		Usr 0 00:00:00, Sys 0 00:00:00  -  Total Local Usage
	12270  -  Run Bytes Sent By Job
	1089  -  Run Bytes Received By Job
	12270  -  Total Bytes Sent By Job
	1089  -  Total Bytes Received By Job
	Partitionable Resources :    Usage  Request Allocated Assigned
	   Cpus                 :        0        3         3 
	   Disk (KB)            :       38        2      2048 
	   GPUs                 :                 1         1 "GPU-01d33dd3"
	   Memory (MB)          :      361     9000      9000 
	   TimeExecute (s)      :       31                    
	   TimeSlotBusy (s)     :       32                    

	Job terminated of its own accord at 2025-11-16T10:05:33Z with exit-code 1.
...
