000 (12918385.000.000) 11/16 11:04:15 Job submitted from host: <188.185.121.235:9618?addrs=188.185.121.235-9618+[2001-1458-d00-49--100-36e]-9618&alias=bigbird22.cern.ch&noUDP&sock=schedd_232129_c3ca>
...
040 (12918385.000.000) 11/16 11:05:02 Started transferring input files
	Transferring to host: <188.185.190.67:9618?addrs=188.185.190.67-9618+[2001-1458-d03-b--100-49]-9618&alias=b9pgpun021.cern.ch&noUDP&sock=slot1_1_263610_d799_4143>
...
040 (12918385.000.000) 11/16 11:05:02 Finished transferring input files
...
001 (12918385.000.000) 11/16 11:05:03 Job executing on host: <188.185.190.67:9618?addrs=188.185.190.67-9618+[2001-1458-d03-b--100-49]-9618&alias=b9pgpun021.cern.ch&noUDP&sock=startd_253350_9b10>
	SlotName: slot1_1@b9pgpun021.cern.ch
	AvailableGPUs = { GPUs_MIG_56a7ef81_8f8e_550f_a3a4_8a9908fb5b75 }
	CondorScratchDir = "/pool/condor/dir_1858088"
	Cpus = 3
	Disk = 2048
	GPUs = 1
	GPUs_MIG_56a7ef81_8f8e_550f_a3a4_8a9908fb5b75 = [ Id = "MIG-56a7ef81-8f8e-550f-a3a4-8a9908fb5b75"; DeviceName = "NVIDIA H100L-1-12C MIG 1g.12gb"; DeviceUuid = "MIG-56a7ef81-8f8e-550f-a3a4-8a9908fb5b75"; ComputeUnits = 16; GlobalMemoryMb = 10564 ]
	Memory = 9000
...
006 (12918385.000.000) 11/16 11:05:16 Image size of job updated: 18332
	18  -  MemoryUsage of job (MB)
	18332  -  ResidentSetSize of job (KB)
...
006 (12918385.000.000) 11/16 11:07:07 Image size of job updated: 1012484
	18  -  MemoryUsage of job (MB)
	18332  -  ResidentSetSize of job (KB)
...
040 (12918385.000.000) 11/16 11:07:07 Started transferring output files
...
040 (12918385.000.000) 11/16 11:07:07 Finished transferring output files
...
005 (12918385.000.000) 11/16 11:07:07 Job terminated.
	(1) Normal termination (return value 1)
		Usr 0 00:00:04, Sys 0 00:00:03  -  Run Remote Usage
		Usr 0 00:00:00, Sys 0 00:00:00  -  Run Local Usage
		Usr 0 00:00:04, Sys 0 00:00:03  -  Total Remote Usage
		Usr 0 00:00:00, Sys 0 00:00:00  -  Total Local Usage
	12270  -  Run Bytes Sent By Job
	1089  -  Run Bytes Received By Job
	12270  -  Total Bytes Sent By Job
	1089  -  Total Bytes Received By Job
	Partitionable Resources :    Usage  Request Allocated Assigned
	   Cpus                 :        0        3         3 
	   Disk (KB)            :       37        2      2048 
	   GPUs                 :                 1         1 "MIG-56a7ef81-8f8e-550f-a3a4-8a9908fb5b75"
	   Memory (MB)          :       18     9000      9000 
	   TimeExecute (s)      :      124                    
	   TimeSlotBusy (s)     :      126                    

	Job terminated of its own accord at 2025-11-16T10:07:07Z with exit-code 1.
...
