000 (12918375.000.000) 11/16 10:57:44 Job submitted from host: <188.185.121.235:9618?addrs=188.185.121.235-9618+[2001-1458-d00-49--100-36e]-9618&alias=bigbird22.cern.ch&noUDP&sock=schedd_232129_c3ca>
...
040 (12918375.000.000) 11/16 10:58:01 Started transferring input files
	Transferring to host: <188.184.195.94:9618?addrs=188.184.195.94-9618&alias=b9g47n8731.cern.ch&noUDP&sock=slot1_1_14533_9028_6317>
...
040 (12918375.000.000) 11/16 10:58:01 Finished transferring input files
...
001 (12918375.000.000) 11/16 10:58:02 Job executing on host: <188.184.195.94:9618?addrs=188.184.195.94-9618&alias=b9g47n8731.cern.ch&noUDP&sock=startd_13613_f6d5>
	SlotName: slot1_1@b9g47n8731.cern.ch
	AvailableGPUs = { GPUs_GPU_c4e6d068 }
	CondorScratchDir = "/pool/condor/dir_2305144"
	Cpus = 3
	Disk = 2048
	GPUs = 1
	GPUs_GPU_c4e6d068 = [ Id = "GPU-c4e6d068"; ClockMhz = 1597.0; Capability = 7.0; CoresPerCU = 64; DeviceName = "Tesla V100S-PCIE-32GB"; DeviceUuid = "c4e6d068-3d0c-fa9f-2659-d325e40f57e2"; ECCEnabled = true; ComputeUnits = 80; DriverVersion = 13.0; DevicePciBusId = "0000:07:00.0"; GlobalMemoryMb = 32494; MaxSupportedVersion = 13000 ]
	Memory = 9000
...
006 (12918375.000.000) 11/16 10:58:15 Image size of job updated: 112480
	110  -  MemoryUsage of job (MB)
	112480  -  ResidentSetSize of job (KB)
...
006 (12918375.000.000) 11/16 11:00:53 Image size of job updated: 1687380
	110  -  MemoryUsage of job (MB)
	112496  -  ResidentSetSize of job (KB)
...
040 (12918375.000.000) 11/16 11:00:53 Started transferring output files
...
040 (12918375.000.000) 11/16 11:00:53 Finished transferring output files
...
005 (12918375.000.000) 11/16 11:00:53 Job terminated.
	(1) Normal termination (return value 0)
		Usr 0 00:07:20, Sys 0 00:00:11  -  Run Remote Usage
		Usr 0 00:00:00, Sys 0 00:00:00  -  Run Local Usage
		Usr 0 00:07:20, Sys 0 00:00:11  -  Total Remote Usage
		Usr 0 00:00:00, Sys 0 00:00:00  -  Total Local Usage
	13913  -  Run Bytes Sent By Job
	1089  -  Run Bytes Received By Job
	13913  -  Total Bytes Sent By Job
	1089  -  Total Bytes Received By Job
	Partitionable Resources :    Usage  Request Allocated Assigned
	   Cpus                 :        0        3         3 
	   Disk (KB)            :       39        2      2048 
	   GPUs                 :                 1         1 "GPU-c4e6d068"
	   Memory (MB)          :      110     9000      9000 
	   TimeExecute (s)      :      171                    
	   TimeSlotBusy (s)     :      173                    

	Job terminated of its own accord at 2025-11-16T10:00:53Z with exit-code 0.
...
000 (12918832.000.000) 11/16 11:27:40 Job submitted from host: <188.185.121.235:9618?addrs=188.185.121.235-9618+[2001-1458-d00-49--100-36e]-9618&alias=bigbird22.cern.ch&noUDP&sock=schedd_232129_c3ca>
...
040 (12918832.000.000) 11/16 11:28:03 Started transferring input files
	Transferring to host: <188.184.195.29:9618?addrs=188.184.195.29-9618+[2001-1458-301-72--100-226]-9618&alias=b9g47n8432.cern.ch&noUDP&sock=slot1_1_4619_40d5_6255>
...
040 (12918832.000.000) 11/16 11:28:03 Finished transferring input files
...
001 (12918832.000.000) 11/16 11:28:04 Job executing on host: <188.184.195.29:9618?addrs=188.184.195.29-9618+[2001-1458-301-72--100-226]-9618&alias=b9g47n8432.cern.ch&noUDP&sock=startd_4071_f224>
	SlotName: slot1_1@b9g47n8432.cern.ch
	AvailableGPUs = { GPUs_GPU_52d18a8c }
	CondorScratchDir = "/pool/condor/dir_2005784"
	Cpus = 3
	Disk = 2048
	GPUs = 1
	GPUs_GPU_52d18a8c = [ Id = "GPU-52d18a8c"; ClockMhz = 1597.0; Capability = 7.0; CoresPerCU = 64; DeviceName = "Tesla V100S-PCIE-32GB"; DeviceUuid = "52d18a8c-e9fe-346e-4034-df2dff2358b1"; ECCEnabled = true; ComputeUnits = 80; DriverVersion = 13.0; DevicePciBusId = "0000:07:00.0"; GlobalMemoryMb = 32494; MaxSupportedVersion = 13000 ]
	Memory = 9000
...
006 (12918832.000.000) 11/16 11:28:18 Image size of job updated: 26020
	26  -  MemoryUsage of job (MB)
	26020  -  ResidentSetSize of job (KB)
...
006 (12918832.000.000) 11/16 11:31:41 Image size of job updated: 1687704
	26  -  MemoryUsage of job (MB)
	26020  -  ResidentSetSize of job (KB)
...
040 (12918832.000.000) 11/16 11:31:41 Started transferring output files
...
040 (12918832.000.000) 11/16 11:31:41 Finished transferring output files
...
005 (12918832.000.000) 11/16 11:31:41 Job terminated.
	(1) Normal termination (return value 0)
		Usr 0 00:07:31, Sys 0 00:00:14  -  Run Remote Usage
		Usr 0 00:00:00, Sys 0 00:00:00  -  Run Local Usage
		Usr 0 00:07:31, Sys 0 00:00:14  -  Total Remote Usage
		Usr 0 00:00:00, Sys 0 00:00:00  -  Total Local Usage
	13982  -  Run Bytes Sent By Job
	1089  -  Run Bytes Received By Job
	13982  -  Total Bytes Sent By Job
	1089  -  Total Bytes Received By Job
	Partitionable Resources :    Usage  Request Allocated Assigned
	   Cpus                 :        0        3         3 
	   Disk (KB)            :       40        2      2048 
	   GPUs                 :                 1         1 "GPU-52d18a8c"
	   Memory (MB)          :       26     9000      9000 
	   TimeExecute (s)      :      217                    
	   TimeSlotBusy (s)     :      219                    

	Job terminated of its own accord at 2025-11-16T10:31:41Z with exit-code 0.
...
