000 (9051514.071.000) 11/17 23:29:26 Job submitted from host: <188.185.8.79:9618?addrs=188.185.8.79-9618+[2001-1458-d00-63--100-23a]-9618&alias=bigbird26.cern.ch&noUDP&sock=schedd_3453776_a447>
...
040 (9051514.071.000) 11/17 23:52:47 Started transferring input files
	Transferring to host: <188.185.190.47:9618?addrs=188.185.190.47-9618+[2001-1458-d03-b--100-171]-9618&alias=b9pgpun038.cern.ch&noUDP&sock=slot1_1_242425_17db_5493>
...
040 (9051514.071.000) 11/17 23:52:47 Finished transferring input files
...
001 (9051514.071.000) 11/17 23:52:52 Job executing on host: <188.185.190.47:9618?addrs=188.185.190.47-9618+[2001-1458-d03-b--100-171]-9618&alias=b9pgpun038.cern.ch&noUDP&sock=startd_233249_fddd>
	SlotName: slot1_1@b9pgpun038.cern.ch
	AvailableGPUs = { GPUs_OCL0 }
	CondorScratchDir = "/pool/condor/dir_4023852"
	Cpus = 3
	Disk = 2048
	GPUs = 1
	GPUs_OCL0 = [ Id = "OCL0"; ClockMhz = 1785; DeviceName = "NVIDIA H100L-2-24C MIG 2g.24gb"; ECCEnabled = true; ComputeUnits = 32; OpenCLVersion = 3.0; GlobalMemoryMb = 24363 ]
	Memory = 9000
...
006 (9051514.071.000) 11/17 23:52:57 Image size of job updated: 148
	0  -  MemoryUsage of job (MB)
	0  -  ResidentSetSize of job (KB)
...
040 (9051514.071.000) 11/17 23:52:57 Started transferring output files
...
040 (9051514.071.000) 11/17 23:52:57 Finished transferring output files
...
005 (9051514.071.000) 11/17 23:52:57 Job terminated.
	(1) Normal termination (return value 1)
		Usr 0 00:00:00, Sys 0 00:00:00  -  Run Remote Usage
		Usr 0 00:00:00, Sys 0 00:00:00  -  Run Local Usage
		Usr 0 00:00:00, Sys 0 00:00:00  -  Total Remote Usage
		Usr 0 00:00:00, Sys 0 00:00:00  -  Total Local Usage
	375  -  Run Bytes Sent By Job
	16365  -  Run Bytes Received By Job
	375  -  Total Bytes Sent By Job
	16365  -  Total Bytes Received By Job
	Partitionable Resources :    Usage  Request Allocated Assigned
	   Cpus                 :        0        3         3 
	   Disk (KB)            :       43       17      2048 
	   GPUs                 :                 1         1 "OCL0"
	   Memory (MB)          :        0     9000      9000 
	   TimeExecute (s)      :        5                    
	   TimeSlotBusy (s)     :       11                    

	Job terminated of its own accord at 2025-11-17T22:52:57Z with exit-code 1.
...
