000 (9051514.077.000) 11/17 23:29:26 Job submitted from host: <188.185.8.79:9618?addrs=188.185.8.79-9618+[2001-1458-d00-63--100-23a]-9618&alias=bigbird26.cern.ch&noUDP&sock=schedd_3453776_a447>
...
040 (9051514.077.000) 11/17 23:52:49 Started transferring input files
	Transferring to host: <188.185.190.36:9618?addrs=188.185.190.36-9618+[2001-1458-d03-b--100-44]-9618&alias=b9pgpun206.cern.ch&noUDP&sock=slot1_1_3213_995c_2404>
...
040 (9051514.077.000) 11/17 23:52:49 Finished transferring input files
...
001 (9051514.077.000) 11/17 23:52:50 Job executing on host: <188.185.190.36:9618?addrs=188.185.190.36-9618+[2001-1458-d03-b--100-44]-9618&alias=b9pgpun206.cern.ch&noUDP&sock=startd_2639_b685>
	SlotName: slot1_1@b9pgpun206.cern.ch
	AvailableGPUs = { GPUs_MIG_3c3f03d5_8a61_5b82_ab18_5a74e0f14a8e }
	CondorScratchDir = "/pool/condor/dir_1055705"
	Cpus = 3
	Disk = 2048
	GPUs = 1
	GPUs_MIG_3c3f03d5_8a61_5b82_ab18_5a74e0f14a8e = [ Id = "MIG-3c3f03d5-8a61-5b82-ab18-5a74e0f14a8e"; DeviceName = "NVIDIA H100L-2-24C MIG 2g.24gb"; DeviceUuid = "MIG-3c3f03d5-8a61-5b82-ab18-5a74e0f14a8e"; ComputeUnits = 32; GlobalMemoryMb = 21547 ]
	Memory = 9000
...
006 (9051514.077.000) 11/17 23:52:55 Image size of job updated: 40
	0  -  MemoryUsage of job (MB)
	0  -  ResidentSetSize of job (KB)
...
040 (9051514.077.000) 11/17 23:52:55 Started transferring output files
...
040 (9051514.077.000) 11/17 23:52:55 Finished transferring output files
...
005 (9051514.077.000) 11/17 23:52:55 Job terminated.
	(1) Normal termination (return value 1)
		Usr 0 00:00:00, Sys 0 00:00:00  -  Run Remote Usage
		Usr 0 00:00:00, Sys 0 00:00:00  -  Run Local Usage
		Usr 0 00:00:00, Sys 0 00:00:00  -  Total Remote Usage
		Usr 0 00:00:00, Sys 0 00:00:00  -  Total Local Usage
	375  -  Run Bytes Sent By Job
	16365  -  Run Bytes Received By Job
	375  -  Total Bytes Sent By Job
	16365  -  Total Bytes Received By Job
	Partitionable Resources :    Usage  Request Allocated Assigned
	   Cpus                 :        0        3         3 
	   Disk (KB)            :       43       17      2048 
	   GPUs                 :                 1         1 "MIG-3c3f03d5-8a61-5b82-ab18-5a74e0f14a8e"
	   Memory (MB)          :        0     9000      9000 
	   TimeExecute (s)      :        5                    
	   TimeSlotBusy (s)     :        7                    

	Job terminated of its own accord at 2025-11-17T22:52:55Z with exit-code 1.
...
