000 (9051514.050.000) 11/17 23:29:26 Job submitted from host: <188.185.8.79:9618?addrs=188.185.8.79-9618+[2001-1458-d00-63--100-23a]-9618&alias=bigbird26.cern.ch&noUDP&sock=schedd_3453776_a447>
...
040 (9051514.050.000) 11/17 23:51:21 Started transferring input files
	Transferring to host: <188.184.195.47:9618?addrs=188.184.195.47-9618+[2001-1458-301-72--100-2d3]-9618&alias=b9g47n2619.cern.ch&noUDP&sock=slot1_1_15314_d928_8379>
...
040 (9051514.050.000) 11/17 23:51:21 Finished transferring input files
...
001 (9051514.050.000) 11/17 23:51:22 Job executing on host: <188.184.195.47:9618?addrs=188.184.195.47-9618+[2001-1458-301-72--100-2d3]-9618&alias=b9g47n2619.cern.ch&noUDP&sock=startd_14416_c162>
	SlotName: slot1_1@b9g47n2619.cern.ch
	AvailableGPUs = { GPUs_GPU_ce719f31 }
	CondorScratchDir = "/pool/condor/dir_2678358"
	Cpus = 3
	Disk = 2047
	GPUs = 1
	GPUs_GPU_ce719f31 = [ Id = "GPU-ce719f31"; ClockMhz = 1480.5; Capability = 6.0; CoresPerCU = 64; DeviceName = "Tesla P100-SXM2-16GB"; DeviceUuid = "ce719f31-903b-fd6c-c236-2c658455a73e"; ECCEnabled = false; ComputeUnits = 56; DriverVersion = 13.0; DevicePciBusId = "0000:06:00.0"; GlobalMemoryMb = 16269; MaxSupportedVersion = 13000 ]
	Memory = 9000
...
006 (9051514.050.000) 11/17 23:51:27 Image size of job updated: 40
	0  -  MemoryUsage of job (MB)
	0  -  ResidentSetSize of job (KB)
...
040 (9051514.050.000) 11/17 23:51:27 Started transferring output files
...
040 (9051514.050.000) 11/17 23:51:27 Finished transferring output files
...
005 (9051514.050.000) 11/17 23:51:27 Job terminated.
	(1) Normal termination (return value 1)
		Usr 0 00:00:00, Sys 0 00:00:00  -  Run Remote Usage
		Usr 0 00:00:00, Sys 0 00:00:00  -  Run Local Usage
		Usr 0 00:00:00, Sys 0 00:00:00  -  Total Remote Usage
		Usr 0 00:00:00, Sys 0 00:00:00  -  Total Local Usage
	375  -  Run Bytes Sent By Job
	16365  -  Run Bytes Received By Job
	375  -  Total Bytes Sent By Job
	16365  -  Total Bytes Received By Job
	Partitionable Resources :    Usage  Request Allocated Assigned
	   Cpus                 :        0        3         3 
	   Disk (KB)            :       45       17      2047 
	   GPUs                 :        0        1         1 "GPU-ce719f31"
	   Memory (MB)          :        0     9000      9000 
	   TimeExecute (s)      :        5                    
	   TimeSlotBusy (s)     :        6                    

	Job terminated of its own accord at 2025-11-17T22:51:27Z with exit-code 1.
...
