000 (13791390.118.000) 11/20 02:26:22 Job submitted from host: <188.184.90.62:9618?addrs=188.184.90.62-9618+[2001-1458-201-e4--100-238]-9618&alias=bigbird16.cern.ch&noUDP&sock=schedd_5196_9a2f>
...
040 (13791390.118.000) 11/20 02:28:07 Started transferring input files
	Transferring to host: <188.185.190.9:9618?addrs=188.185.190.9-9618+[2001-1458-d03-b--100-8]-9618&alias=b9pgpun107.cern.ch&noUDP&sock=slot1_1_2505_bfbf_3724>
...
040 (13791390.118.000) 11/20 02:28:07 Finished transferring input files
...
001 (13791390.118.000) 11/20 02:28:08 Job executing on host: <188.185.190.9:9618?addrs=188.185.190.9-9618+[2001-1458-d03-b--100-8]-9618&alias=b9pgpun107.cern.ch&noUDP&sock=startd_1642_da99>
	SlotName: slot1_1@b9pgpun107.cern.ch
	AvailableGPUs = { GPUs_MIG_021e73c2_fdcc_53f6_95e9_27262bfba1ba }
	CondorScratchDir = "/pool/condor/dir_1198944"
	Cpus = 1
	Disk = 2048
	GPUs = 1
	GPUs_MIG_021e73c2_fdcc_53f6_95e9_27262bfba1ba = [ Id = "MIG-021e73c2-fdcc-53f6-95e9-27262bfba1ba"; DeviceName = "NVIDIA H100L-1-12C MIG 1g.12gb"; DeviceUuid = "MIG-021e73c2-fdcc-53f6-95e9-27262bfba1ba"; ComputeUnits = 16; GlobalMemoryMb = 10564 ]
	Memory = 3000
...
006 (13791390.118.000) 11/20 02:28:16 Image size of job updated: 75
	0  -  MemoryUsage of job (MB)
	0  -  ResidentSetSize of job (KB)
...
040 (13791390.118.000) 11/20 02:28:16 Started transferring output files
...
040 (13791390.118.000) 11/20 02:28:16 Finished transferring output files
...
005 (13791390.118.000) 11/20 02:28:16 Job terminated.
	(1) Normal termination (return value 1)
		Usr 0 00:00:02, Sys 0 00:00:00  -  Run Remote Usage
		Usr 0 00:00:00, Sys 0 00:00:00  -  Run Local Usage
		Usr 0 00:00:02, Sys 0 00:00:00  -  Total Remote Usage
		Usr 0 00:00:00, Sys 0 00:00:00  -  Total Local Usage
	872  -  Run Bytes Sent By Job
	54513  -  Run Bytes Received By Job
	872  -  Total Bytes Sent By Job
	54513  -  Total Bytes Received By Job
	Partitionable Resources :    Usage  Request Allocated Assigned
	   Cpus                 :        0        1         1 
	   Disk (KB)            :       83       75      2048 
	   GPUs                 :                 1         1 "MIG-021e73c2-fdcc-53f6-95e9-27262bfba1ba"
	   Memory (MB)          :        0     3000      3000 
	   TimeExecute (s)      :        8                    
	   TimeSlotBusy (s)     :        9                    

	Job terminated of its own accord at 2025-11-20T01:28:16Z with exit-code 1.
...
