000 (13791390.034.000) 11/20 02:26:22 Job submitted from host: <188.184.90.62:9618?addrs=188.184.90.62-9618+[2001-1458-201-e4--100-238]-9618&alias=bigbird16.cern.ch&noUDP&sock=schedd_5196_9a2f>
...
040 (13791390.034.000) 11/20 02:27:07 Started transferring input files
	Transferring to host: <188.185.238.10:9618?addrs=188.185.238.10-9618+[2001-1458-303-28--100-6]-9618&alias=b9pgpun002.cern.ch&noUDP&sock=slot1_1_1939520_0c0f_1673>
...
040 (13791390.034.000) 11/20 02:27:07 Finished transferring input files
...
001 (13791390.034.000) 11/20 02:27:08 Job executing on host: <188.185.238.10:9618?addrs=188.185.238.10-9618+[2001-1458-303-28--100-6]-9618&alias=b9pgpun002.cern.ch&noUDP&sock=startd_1939478_2ae8>
	SlotName: slot1_1@b9pgpun002.cern.ch
	AvailableGPUs = { GPUs_GPU_1164dceb }
	CondorScratchDir = "/pool/condor/dir_2511379"
	Cpus = 1
	Disk = 7225
	GPUs = 1
	GPUs_GPU_1164dceb = [ Id = "GPU-1164dceb"; ClockMhz = 1785.0; Capability = 9.0; CoresPerCU = 128; DeviceName = "NVIDIA H100 NVL"; DeviceUuid = "1164dceb-fef9-9731-e6b7-4c427dea8cb4"; ECCEnabled = true; ComputeUnits = 132; DriverVersion = 13.0; DevicePciBusId = "0000:3A:00.0"; GlobalMemoryMb = 95320; MaxSupportedVersion = 13000 ]
	Memory = 3000
...
006 (13791390.034.000) 11/20 02:27:19 Image size of job updated: 233868
	0  -  MemoryUsage of job (MB)
	0  -  ResidentSetSize of job (KB)
...
040 (13791390.034.000) 11/20 02:27:19 Started transferring output files
...
040 (13791390.034.000) 11/20 02:27:19 Finished transferring output files
...
005 (13791390.034.000) 11/20 02:27:19 Job terminated.
	(1) Normal termination (return value 1)
		Usr 0 00:00:02, Sys 0 00:00:01  -  Run Remote Usage
		Usr 0 00:00:00, Sys 0 00:00:00  -  Run Local Usage
		Usr 0 00:00:02, Sys 0 00:00:01  -  Total Remote Usage
		Usr 0 00:00:00, Sys 0 00:00:00  -  Total Local Usage
	872  -  Run Bytes Sent By Job
	54513  -  Run Bytes Received By Job
	872  -  Total Bytes Sent By Job
	54513  -  Total Bytes Received By Job
	Partitionable Resources :    Usage  Request Allocated Assigned
	   Cpus                 :        0        1         1 
	   Disk (KB)            :       83       75      7225 
	   GPUs                 :                 1         1 "GPU-1164dceb"
	   Memory (MB)          :        0     3000      3000 
	   TimeExecute (s)      :       11                    
	   TimeSlotBusy (s)     :       12                    

	Job terminated of its own accord at 2025-11-20T01:27:19Z with exit-code 1.
...
