000 (13791393.000.000) 11/20 02:33:19 Job submitted from host: <188.184.90.62:9618?addrs=188.184.90.62-9618+[2001-1458-201-e4--100-238]-9618&alias=bigbird16.cern.ch&noUDP&sock=schedd_5196_9a2f>
...
040 (13791393.000.000) 11/20 02:33:28 Started transferring input files
	Transferring to host: <188.185.190.9:9618?addrs=188.185.190.9-9618+[2001-1458-d03-b--100-8]-9618&alias=b9pgpun107.cern.ch&noUDP&sock=slot1_1_2505_bfbf_3728>
...
040 (13791393.000.000) 11/20 02:33:28 Finished transferring input files
...
001 (13791393.000.000) 11/20 02:33:29 Job executing on host: <188.185.190.9:9618?addrs=188.185.190.9-9618+[2001-1458-d03-b--100-8]-9618&alias=b9pgpun107.cern.ch&noUDP&sock=startd_1642_da99>
	SlotName: slot1_1@b9pgpun107.cern.ch
	AvailableGPUs = { GPUs_MIG_021e73c2_fdcc_53f6_95e9_27262bfba1ba }
	CondorScratchDir = "/pool/condor/dir_1199449"
	Cpus = 1
	Disk = 2048
	GPUs = 1
	GPUs_MIG_021e73c2_fdcc_53f6_95e9_27262bfba1ba = [ Id = "MIG-021e73c2-fdcc-53f6-95e9-27262bfba1ba"; DeviceName = "NVIDIA H100L-1-12C MIG 1g.12gb"; DeviceUuid = "MIG-021e73c2-fdcc-53f6-95e9-27262bfba1ba"; ComputeUnits = 16; GlobalMemoryMb = 10564 ]
	Memory = 3000
...
006 (13791393.000.000) 11/20 02:33:42 Image size of job updated: 479960
	469  -  MemoryUsage of job (MB)
	479960  -  ResidentSetSize of job (KB)
...
006 (13791393.000.000) 11/20 02:35:18 Image size of job updated: 6073956
	469  -  MemoryUsage of job (MB)
	479960  -  ResidentSetSize of job (KB)
...
021 (13791393.000.000) 11/20 02:35:18 Error from starter on slot1_1@b9pgpun107.cern.ch:
	Job has gone over cgroup memory limit of 3000 megabytes. Last measured usage: 5931 megabytes.  Consider resubmitting with a higher request_memory.
	Code 34 Subcode 0
...
004 (13791393.000.000) 11/20 02:35:18 Job was evicted.
	(0) CPU times
		Usr 0 00:00:55, Sys 0 00:00:33  -  Run Remote Usage
		Usr 0 00:00:00, Sys 0 00:00:00  -  Run Local Usage
	0  -  Run Bytes Sent By Job
	54513  -  Run Bytes Received By Job
	Error from slot1_1@b9pgpun107.cern.ch: Job has gone over cgroup memory limit of 3000 megabytes. Last measured usage: 5931 megabytes.  Consider resubmitting with a higher request_memory.
	Partitionable Resources :    Usage  Request Allocated Assigned
	   Cpus                 :        0        1         1 
	   Disk (KB)            :       88       75      2048 
	   GPUs                 :                 1         1 "MIG-021e73c2-fdcc-53f6-95e9-27262bfba1ba"
	   Memory (MB)          :      469     3000      3000 
	   TimeSlotBusy (s)     :      110                    
...
012 (13791393.000.000) 11/20 02:35:18 Job was held.
	Error from slot1_1@b9pgpun107.cern.ch: Job has gone over cgroup memory limit of 3000 megabytes. Last measured usage: 5931 megabytes.  Consider resubmitting with a higher request_memory.
	Code 34 Subcode 0
...
