000 (13791390.076.000) 11/20 02:26:22 Job submitted from host: <188.184.90.62:9618?addrs=188.184.90.62-9618+[2001-1458-201-e4--100-238]-9618&alias=bigbird16.cern.ch&noUDP&sock=schedd_5196_9a2f>
...
040 (13791390.076.000) 11/20 02:27:29 Started transferring input files
	Transferring to host: <188.185.92.254:9618?addrs=188.185.92.254-9618+[2001-1458-d00-6c--100-8f]-9618&alias=b9g57n6544.cern.ch&noUDP&sock=slot1_3_21219_7478_9616>
...
040 (13791390.076.000) 11/20 02:27:29 Finished transferring input files
...
001 (13791390.076.000) 11/20 02:27:30 Job executing on host: <188.185.92.254:9618?addrs=188.185.92.254-9618+[2001-1458-d00-6c--100-8f]-9618&alias=b9g57n6544.cern.ch&noUDP&sock=startd_20748_fb11>
	SlotName: slot1_3@b9g57n6544.cern.ch
	AvailableGPUs = { GPUs_GPU_8f5f97a2 }
	CondorScratchDir = "/pool/condor/dir_2784066"
	Cpus = 1
	Disk = 2447
	GPUs = 1
	GPUs_GPU_8f5f97a2 = [ Id = "GPU-8f5f97a2"; ClockMhz = 1410.0; Capability = 8.0; CoresPerCU = 64; DeviceName = "NVIDIA A100-PCIE-40GB"; DeviceUuid = "8f5f97a2-c8cf-cf5d-bd1a-0a219e343c73"; ECCEnabled = true; ComputeUnits = 108; DriverVersion = 13.0; DevicePciBusId = "0000:09:00.0"; GlobalMemoryMb = 40441; MaxSupportedVersion = 13000 ]
	Memory = 3000
...
006 (13791390.076.000) 11/20 02:27:42 Image size of job updated: 225624
	0  -  MemoryUsage of job (MB)
	0  -  ResidentSetSize of job (KB)
...
040 (13791390.076.000) 11/20 02:27:42 Started transferring output files
...
040 (13791390.076.000) 11/20 02:27:42 Finished transferring output files
...
005 (13791390.076.000) 11/20 02:27:42 Job terminated.
	(1) Normal termination (return value 1)
		Usr 0 00:00:05, Sys 0 00:00:01  -  Run Remote Usage
		Usr 0 00:00:00, Sys 0 00:00:00  -  Run Local Usage
		Usr 0 00:00:05, Sys 0 00:00:01  -  Total Remote Usage
		Usr 0 00:00:00, Sys 0 00:00:00  -  Total Local Usage
	872  -  Run Bytes Sent By Job
	54513  -  Run Bytes Received By Job
	872  -  Total Bytes Sent By Job
	54513  -  Total Bytes Received By Job
	Partitionable Resources :    Usage  Request Allocated Assigned
	   Cpus                 :        0        1         1 
	   Disk (KB)            :       84       75      2447 
	   GPUs                 :        0        1         1 "GPU-8f5f97a2"
	   Memory (MB)          :        0     3000      3000 
	   TimeExecute (s)      :       12                    
	   TimeSlotBusy (s)     :       13                    

	Job terminated of its own accord at 2025-11-20T01:27:42Z with exit-code 1.
...
