000 (13791390.074.000) 11/20 02:26:22 Job submitted from host: <188.184.90.62:9618?addrs=188.184.90.62-9618+[2001-1458-201-e4--100-238]-9618&alias=bigbird16.cern.ch&noUDP&sock=schedd_5196_9a2f>
...
040 (13791390.074.000) 11/20 02:27:21 Started transferring input files
	Transferring to host: <188.184.195.47:9618?addrs=188.184.195.47-9618+[2001-1458-301-72--100-2d3]-9618&alias=b9g47n2619.cern.ch&noUDP&sock=slot1_1_15314_d928_9875>
...
040 (13791390.074.000) 11/20 02:27:21 Finished transferring input files
...
001 (13791390.074.000) 11/20 02:27:22 Job executing on host: <188.184.195.47:9618?addrs=188.184.195.47-9618+[2001-1458-301-72--100-2d3]-9618&alias=b9g47n2619.cern.ch&noUDP&sock=startd_14416_c162>
	SlotName: slot1_1@b9g47n2619.cern.ch
	AvailableGPUs = { GPUs_GPU_ce719f31 }
	CondorScratchDir = "/pool/condor/dir_1058494"
	Cpus = 1
	Disk = 2048
	GPUs = 1
	GPUs_GPU_ce719f31 = [ Id = "GPU-ce719f31"; ClockMhz = 1480.5; Capability = 6.0; CoresPerCU = 64; DeviceName = "Tesla P100-SXM2-16GB"; DeviceUuid = "ce719f31-903b-fd6c-c236-2c658455a73e"; ECCEnabled = false; ComputeUnits = 56; DriverVersion = 13.0; DevicePciBusId = "0000:06:00.0"; GlobalMemoryMb = 16269; MaxSupportedVersion = 13000 ]
	Memory = 3000
...
006 (13791390.074.000) 11/20 02:27:32 Image size of job updated: 234804
	0  -  MemoryUsage of job (MB)
	0  -  ResidentSetSize of job (KB)
...
040 (13791390.074.000) 11/20 02:27:32 Started transferring output files
...
040 (13791390.074.000) 11/20 02:27:32 Finished transferring output files
...
005 (13791390.074.000) 11/20 02:27:32 Job terminated.
	(1) Normal termination (return value 1)
		Usr 0 00:00:04, Sys 0 00:00:00  -  Run Remote Usage
		Usr 0 00:00:00, Sys 0 00:00:00  -  Run Local Usage
		Usr 0 00:00:04, Sys 0 00:00:00  -  Total Remote Usage
		Usr 0 00:00:00, Sys 0 00:00:00  -  Total Local Usage
	872  -  Run Bytes Sent By Job
	54513  -  Run Bytes Received By Job
	872  -  Total Bytes Sent By Job
	54513  -  Total Bytes Received By Job
	Partitionable Resources :    Usage  Request Allocated Assigned
	   Cpus                 :                 1         1 
	   Disk (KB)            :       75       75      2048 
	   GPUs                 :                 1         1 "GPU-ce719f31"
	   Memory (MB)          :        0     3000      3000 
	   TimeExecute (s)      :       10                    
	   TimeSlotBusy (s)     :       11                    

	Job terminated of its own accord at 2025-11-20T01:27:32Z with exit-code 1.
...
