000 (13791390.024.000) 11/20 02:26:22 Job submitted from host: <188.184.90.62:9618?addrs=188.184.90.62-9618+[2001-1458-201-e4--100-238]-9618&alias=bigbird16.cern.ch&noUDP&sock=schedd_5196_9a2f>
...
040 (13791390.024.000) 11/20 02:27:04 Started transferring input files
	Transferring to host: <188.185.93.208:9618?addrs=188.185.93.208-9618+[2001-1458-d00-6c--100-e9]-9618&alias=b9g57n3665.cern.ch&noUDP&sock=slot1_1_3730_df51_9507>
...
040 (13791390.024.000) 11/20 02:27:04 Finished transferring input files
...
001 (13791390.024.000) 11/20 02:27:05 Job executing on host: <188.185.93.208:9618?addrs=188.185.93.208-9618+[2001-1458-d00-6c--100-e9]-9618&alias=b9g57n3665.cern.ch&noUDP&sock=startd_3378_9b02>
	SlotName: slot1_1@b9g57n3665.cern.ch
	AvailableGPUs = { GPUs_GPU_836178fb }
	CondorScratchDir = "/pool/condor/dir_10130"
	Cpus = 1
	Disk = 2048
	GPUs = 1
	GPUs_GPU_836178fb = [ Id = "GPU-836178fb"; ClockMhz = 1410.0; Capability = 8.0; CoresPerCU = 64; DeviceName = "NVIDIA A100-PCIE-40GB"; DeviceUuid = "836178fb-b193-b354-8ad9-dc95f395b443"; ECCEnabled = true; ComputeUnits = 108; DriverVersion = 13.0; DevicePciBusId = "0000:06:00.0"; GlobalMemoryMb = 40441; MaxSupportedVersion = 13000 ]
	Memory = 3000
...
006 (13791390.024.000) 11/20 02:27:14 Image size of job updated: 75
	0  -  MemoryUsage of job (MB)
	0  -  ResidentSetSize of job (KB)
...
040 (13791390.024.000) 11/20 02:27:14 Started transferring output files
...
040 (13791390.024.000) 11/20 02:27:14 Finished transferring output files
...
005 (13791390.024.000) 11/20 02:27:14 Job terminated.
	(1) Normal termination (return value 1)
		Usr 0 00:00:02, Sys 0 00:00:01  -  Run Remote Usage
		Usr 0 00:00:00, Sys 0 00:00:00  -  Run Local Usage
		Usr 0 00:00:02, Sys 0 00:00:01  -  Total Remote Usage
		Usr 0 00:00:00, Sys 0 00:00:00  -  Total Local Usage
	866  -  Run Bytes Sent By Job
	54513  -  Run Bytes Received By Job
	866  -  Total Bytes Sent By Job
	54513  -  Total Bytes Received By Job
	Partitionable Resources :    Usage  Request Allocated Assigned
	   Cpus                 :        0        1         1 
	   Disk (KB)            :       83       75      2048 
	   GPUs                 :                 1         1 "GPU-836178fb"
	   Memory (MB)          :        0     3000      3000 
	   TimeExecute (s)      :        9                    
	   TimeSlotBusy (s)     :       10                    

	Job terminated of its own accord at 2025-11-20T01:27:14Z with exit-code 1.
...
