000 (13791390.043.000) 11/20 02:26:22 Job submitted from host: <188.184.90.62:9618?addrs=188.184.90.62-9618+[2001-1458-201-e4--100-238]-9618&alias=bigbird16.cern.ch&noUDP&sock=schedd_5196_9a2f>
...
040 (13791390.043.000) 11/20 02:27:10 Started transferring input files
	Transferring to host: <188.185.190.90:9618?addrs=188.185.190.90-9618+[2001-1458-d03-b--100-83]-9618&alias=b9pgpun210.cern.ch&noUDP&sock=slot1_1_3804_0314_3903>
...
040 (13791390.043.000) 11/20 02:27:10 Finished transferring input files
...
001 (13791390.043.000) 11/20 02:27:11 Job executing on host: <188.185.190.90:9618?addrs=188.185.190.90-9618+[2001-1458-d03-b--100-83]-9618&alias=b9pgpun210.cern.ch&noUDP&sock=startd_3405_2011>
	SlotName: slot1_1@b9pgpun210.cern.ch
	AvailableGPUs = { GPUs_MIG_9ae26843_9166_5960_9b04_48cdd4d0fb04 }
	CondorScratchDir = "/pool/condor/dir_1374425"
	Cpus = 1
	Disk = 2049
	GPUs = 1
	GPUs_MIG_9ae26843_9166_5960_9b04_48cdd4d0fb04 = [ Id = "MIG-9ae26843-9166-5960-9b04-48cdd4d0fb04"; DeviceName = "NVIDIA H100L-2-24C MIG 2g.24gb"; DeviceUuid = "MIG-9ae26843-9166-5960-9b04-48cdd4d0fb04"; ComputeUnits = 32; GlobalMemoryMb = 21547 ]
	Memory = 3000
...
006 (13791390.043.000) 11/20 02:27:19 Image size of job updated: 75
	0  -  MemoryUsage of job (MB)
	0  -  ResidentSetSize of job (KB)
...
040 (13791390.043.000) 11/20 02:27:19 Started transferring output files
...
040 (13791390.043.000) 11/20 02:27:19 Finished transferring output files
...
005 (13791390.043.000) 11/20 02:27:19 Job terminated.
	(1) Normal termination (return value 1)
		Usr 0 00:00:02, Sys 0 00:00:00  -  Run Remote Usage
		Usr 0 00:00:00, Sys 0 00:00:00  -  Run Local Usage
		Usr 0 00:00:02, Sys 0 00:00:00  -  Total Remote Usage
		Usr 0 00:00:00, Sys 0 00:00:00  -  Total Local Usage
	872  -  Run Bytes Sent By Job
	54513  -  Run Bytes Received By Job
	872  -  Total Bytes Sent By Job
	54513  -  Total Bytes Received By Job
	Partitionable Resources :    Usage  Request Allocated Assigned
	   Cpus                 :        0        1         1 
	   Disk (KB)            :       83       75      2049 
	   GPUs                 :                 1         1 "MIG-9ae26843-9166-5960-9b04-48cdd4d0fb04"
	   Memory (MB)          :        0     3000      3000 
	   TimeExecute (s)      :        8                    
	   TimeSlotBusy (s)     :        9                    

	Job terminated of its own accord at 2025-11-20T01:27:19Z with exit-code 1.
...
