000 (13791390.087.000) 11/20 02:26:22 Job submitted from host: <188.184.90.62:9618?addrs=188.184.90.62-9618+[2001-1458-201-e4--100-238]-9618&alias=bigbird16.cern.ch&noUDP&sock=schedd_5196_9a2f>
...
040 (13791390.087.000) 11/20 02:27:57 Started transferring input files
	Transferring to host: <188.185.190.58:9618?addrs=188.185.190.58-9618+[2001-1458-d03-b--100-198]-9618&alias=b9pgpun203.cern.ch&noUDP&sock=slot1_1_3631_1e2d_3898>
...
040 (13791390.087.000) 11/20 02:27:57 Finished transferring input files
...
001 (13791390.087.000) 11/20 02:27:58 Job executing on host: <188.185.190.58:9618?addrs=188.185.190.58-9618+[2001-1458-d03-b--100-198]-9618&alias=b9pgpun203.cern.ch&noUDP&sock=startd_2775_ff66>
	SlotName: slot1_1@b9pgpun203.cern.ch
	AvailableGPUs = { GPUs_MIG_b40c26bf_6eb1_567e_af53_6f2fba821803 }
	CondorScratchDir = "/pool/condor/dir_519052"
	Cpus = 1
	Disk = 2049
	GPUs = 1
	GPUs_MIG_b40c26bf_6eb1_567e_af53_6f2fba821803 = [ Id = "MIG-b40c26bf-6eb1-567e-af53-6f2fba821803"; DeviceName = "NVIDIA H100L-2-24C MIG 2g.24gb"; DeviceUuid = "MIG-b40c26bf-6eb1-567e-af53-6f2fba821803"; ComputeUnits = 32; GlobalMemoryMb = 21547 ]
	Memory = 3000
...
006 (13791390.087.000) 11/20 02:28:06 Image size of job updated: 75
	0  -  MemoryUsage of job (MB)
	0  -  ResidentSetSize of job (KB)
...
040 (13791390.087.000) 11/20 02:28:06 Started transferring output files
...
040 (13791390.087.000) 11/20 02:28:06 Finished transferring output files
...
005 (13791390.087.000) 11/20 02:28:06 Job terminated.
	(1) Normal termination (return value 1)
		Usr 0 00:00:02, Sys 0 00:00:00  -  Run Remote Usage
		Usr 0 00:00:00, Sys 0 00:00:00  -  Run Local Usage
		Usr 0 00:00:02, Sys 0 00:00:00  -  Total Remote Usage
		Usr 0 00:00:00, Sys 0 00:00:00  -  Total Local Usage
	869  -  Run Bytes Sent By Job
	54513  -  Run Bytes Received By Job
	869  -  Total Bytes Sent By Job
	54513  -  Total Bytes Received By Job
	Partitionable Resources :    Usage  Request Allocated Assigned
	   Cpus                 :        0        1         1 
	   Disk (KB)            :       82       75      2049 
	   GPUs                 :                 1         1 "MIG-b40c26bf-6eb1-567e-af53-6f2fba821803"
	   Memory (MB)          :        0     3000      3000 
	   TimeExecute (s)      :        8                    
	   TimeSlotBusy (s)     :        9                    

	Job terminated of its own accord at 2025-11-20T01:28:06Z with exit-code 1.
...
