000 (13791391.007.000) 11/20 02:27:00 Job submitted from host: <188.184.90.62:9618?addrs=188.184.90.62-9618+[2001-1458-201-e4--100-238]-9618&alias=bigbird16.cern.ch&noUDP&sock=schedd_5196_9a2f>
...
040 (13791391.007.000) 11/20 02:28:20 Started transferring input files
	Transferring to host: <188.185.92.49:9618?addrs=188.185.92.49-9618+[2001-1458-d00-6c--100-1fe]-9618&alias=b9g57n2594.cern.ch&noUDP&sock=slot1_1_17486_3800_9423>
...
040 (13791391.007.000) 11/20 02:28:20 Finished transferring input files
...
001 (13791391.007.000) 11/20 02:28:21 Job executing on host: <188.185.92.49:9618?addrs=188.185.92.49-9618+[2001-1458-d00-6c--100-1fe]-9618&alias=b9g57n2594.cern.ch&noUDP&sock=startd_16369_59d8>
	SlotName: slot1_1@b9g57n2594.cern.ch
	AvailableGPUs = { GPUs_GPU_f9650dc5 }
	CondorScratchDir = "/pool/condor/dir_3279223"
	Cpus = 1
	Disk = 2049
	GPUs = 1
	GPUs_GPU_f9650dc5 = [ Id = "GPU-f9650dc5"; ClockMhz = 1410.0; Capability = 8.0; CoresPerCU = 64; DeviceName = "NVIDIA A100-PCIE-40GB"; DeviceUuid = "f9650dc5-3e28-19ee-e3e7-01f95cfb3164"; ECCEnabled = true; ComputeUnits = 108; DriverVersion = 13.0; DevicePciBusId = "0000:06:00.0"; GlobalMemoryMb = 40441; MaxSupportedVersion = 13000 ]
	Memory = 3000
...
006 (13791391.007.000) 11/20 02:28:30 Image size of job updated: 75
	0  -  MemoryUsage of job (MB)
	0  -  ResidentSetSize of job (KB)
...
040 (13791391.007.000) 11/20 02:28:30 Started transferring output files
...
040 (13791391.007.000) 11/20 02:28:30 Finished transferring output files
...
005 (13791391.007.000) 11/20 02:28:30 Job terminated.
	(1) Normal termination (return value 2)
		Usr 0 00:00:03, Sys 0 00:00:00  -  Run Remote Usage
		Usr 0 00:00:00, Sys 0 00:00:00  -  Run Local Usage
		Usr 0 00:00:03, Sys 0 00:00:00  -  Total Remote Usage
		Usr 0 00:00:00, Sys 0 00:00:00  -  Total Local Usage
	789  -  Run Bytes Sent By Job
	54513  -  Run Bytes Received By Job
	789  -  Total Bytes Sent By Job
	54513  -  Total Bytes Received By Job
	Partitionable Resources :    Usage  Request Allocated Assigned
	   Cpus                 :        0        1         1 
	   Disk (KB)            :       83       75      2049 
	   GPUs                 :        0        1         1 "GPU-f9650dc5"
	   Memory (MB)          :        0     3000      3000 
	   TimeExecute (s)      :        9                    
	   TimeSlotBusy (s)     :       10                    

	Job terminated of its own accord at 2025-11-20T01:28:30Z with exit-code 2.
...
