000 (13791391.001.000) 11/20 02:27:00 Job submitted from host: <188.184.90.62:9618?addrs=188.184.90.62-9618+[2001-1458-201-e4--100-238]-9618&alias=bigbird16.cern.ch&noUDP&sock=schedd_5196_9a2f>
...
040 (13791391.001.000) 11/20 02:28:18 Started transferring input files
	Transferring to host: <188.185.190.108:9618?addrs=188.185.190.108-9618+[2001-1458-d03-b--100-2ff]-9618&alias=b9pgpun015.cern.ch&noUDP&sock=slot1_3_1615979_24ca_2642>
...
040 (13791391.001.000) 11/20 02:28:18 Finished transferring input files
...
001 (13791391.001.000) 11/20 02:28:19 Job executing on host: <188.185.190.108:9618?addrs=188.185.190.108-9618+[2001-1458-d03-b--100-2ff]-9618&alias=b9pgpun015.cern.ch&noUDP&sock=startd_16497_25f7>
	SlotName: slot1_3@b9pgpun015.cern.ch
	AvailableGPUs = { GPUs_GPU_6c758778 }
	CondorScratchDir = "/pool/condor/dir_661235"
	Cpus = 1
	Disk = 7159
	GPUs = 1
	GPUs_GPU_6c758778 = [ Id = "GPU-6c758778"; ClockMhz = 1785.0; Capability = 9.0; CoresPerCU = 128; DeviceName = "NVIDIA H100 NVL"; DeviceUuid = "6c758778-f190-832d-194b-c3fac08a8c33"; ECCEnabled = true; ComputeUnits = 132; DriverVersion = 13.0; DevicePciBusId = "0000:AE:00.0"; GlobalMemoryMb = 95320; MaxSupportedVersion = 13000 ]
	Memory = 3000
...
006 (13791391.001.000) 11/20 02:28:26 Image size of job updated: 75
	0  -  MemoryUsage of job (MB)
	0  -  ResidentSetSize of job (KB)
...
040 (13791391.001.000) 11/20 02:28:26 Started transferring output files
...
040 (13791391.001.000) 11/20 02:28:26 Finished transferring output files
...
005 (13791391.001.000) 11/20 02:28:26 Job terminated.
	(1) Normal termination (return value 2)
		Usr 0 00:00:01, Sys 0 00:00:00  -  Run Remote Usage
		Usr 0 00:00:00, Sys 0 00:00:00  -  Run Local Usage
		Usr 0 00:00:01, Sys 0 00:00:00  -  Total Remote Usage
		Usr 0 00:00:00, Sys 0 00:00:00  -  Total Local Usage
	789  -  Run Bytes Sent By Job
	54513  -  Run Bytes Received By Job
	789  -  Total Bytes Sent By Job
	54513  -  Total Bytes Received By Job
	Partitionable Resources :    Usage  Request Allocated Assigned
	   Cpus                 :        0        1         1 
	   Disk (KB)            :       83       75      7159 
	   GPUs                 :        0        1         1 "GPU-6c758778"
	   Memory (MB)          :        0     3000      3000 
	   TimeExecute (s)      :        7                    
	   TimeSlotBusy (s)     :        8                    

	Job terminated of its own accord at 2025-11-20T01:28:26Z with exit-code 2.
...
