000 (13791388.009.000) 11/20 02:16:58 Job submitted from host: <188.184.90.62:9618?addrs=188.184.90.62-9618+[2001-1458-201-e4--100-238]-9618&alias=bigbird16.cern.ch&noUDP&sock=schedd_5196_9a2f>
...
040 (13791388.009.000) 11/20 02:18:04 Started transferring input files
	Transferring to host: <188.185.93.129:9618?addrs=188.185.93.129-9618+[2001-1458-d00-6c--100-68]-9618&alias=b9g57n0854.cern.ch&noUDP&sock=slot1_1_16690_5d60_8893>
...
040 (13791388.009.000) 11/20 02:18:04 Finished transferring input files
...
001 (13791388.009.000) 11/20 02:18:05 Job executing on host: <188.185.93.129:9618?addrs=188.185.93.129-9618+[2001-1458-d00-6c--100-68]-9618&alias=b9g57n0854.cern.ch&noUDP&sock=startd_15797_01ac>
	SlotName: slot1_1@b9g57n0854.cern.ch
	AvailableGPUs = { GPUs_GPU_ba6c27ee }
	CondorScratchDir = "/pool/condor/dir_1166771"
	Cpus = 1
	Disk = 2049
	GPUs = 1
	GPUs_GPU_ba6c27ee = [ Id = "GPU-ba6c27ee"; ClockMhz = 1410.0; Capability = 8.0; CoresPerCU = 64; DeviceName = "NVIDIA A100-PCIE-40GB"; DeviceUuid = "ba6c27ee-83b9-8c1a-8580-9009ce83a62d"; ECCEnabled = true; ComputeUnits = 108; DriverVersion = 13.0; DevicePciBusId = "0000:06:00.0"; GlobalMemoryMb = 40441; MaxSupportedVersion = 13000 ]
	Memory = 3000
...
006 (13791388.009.000) 11/20 02:18:19 Image size of job updated: 233908
	229  -  MemoryUsage of job (MB)
	233908  -  ResidentSetSize of job (KB)
...
040 (13791388.009.000) 11/20 02:18:19 Started transferring output files
...
040 (13791388.009.000) 11/20 02:18:19 Finished transferring output files
...
005 (13791388.009.000) 11/20 02:18:19 Job terminated.
	(1) Normal termination (return value 2)
		Usr 0 00:00:04, Sys 0 00:00:02  -  Run Remote Usage
		Usr 0 00:00:00, Sys 0 00:00:00  -  Run Local Usage
		Usr 0 00:00:04, Sys 0 00:00:02  -  Total Remote Usage
		Usr 0 00:00:00, Sys 0 00:00:00  -  Total Local Usage
	789  -  Run Bytes Sent By Job
	54513  -  Run Bytes Received By Job
	789  -  Total Bytes Sent By Job
	54513  -  Total Bytes Received By Job
	Partitionable Resources :    Usage  Request Allocated Assigned
	   Cpus                 :        0        1         1 
	   Disk (KB)            :       82       75      2049 
	   GPUs                 :                 1         1 "GPU-ba6c27ee"
	   Memory (MB)          :      229     3000      3000 
	   TimeExecute (s)      :       14                    
	   TimeSlotBusy (s)     :       15                    

	Job terminated of its own accord at 2025-11-20T01:18:19Z with exit-code 2.
...
