000 (13791394.009.000) 11/20 02:37:01 Job submitted from host: <188.184.90.62:9618?addrs=188.184.90.62-9618+[2001-1458-201-e4--100-238]-9618&alias=bigbird16.cern.ch&noUDP&sock=schedd_5196_9a2f>
...
040 (13791394.009.000) 11/20 02:37:41 Started transferring input files
	Transferring to host: <188.185.190.60:9618?addrs=188.185.190.60-9618+[2001-1458-d03-b--100-1cb]-9618&alias=b9pgpun202.cern.ch&noUDP&sock=slot1_1_252619_b03a_6267>
...
040 (13791394.009.000) 11/20 02:37:41 Finished transferring input files
...
001 (13791394.009.000) 11/20 02:37:42 Job executing on host: <188.185.190.60:9618?addrs=188.185.190.60-9618+[2001-1458-d03-b--100-1cb]-9618&alias=b9pgpun202.cern.ch&noUDP&sock=startd_232823_ca84>
	SlotName: slot1_1@b9pgpun202.cern.ch
	AvailableGPUs = { GPUs_MIG_9a439bfe_8271_5aa1_bdbf_13889e814797 }
	CondorScratchDir = "/pool/condor/dir_3639440"
	Cpus = 1
	Disk = 2048
	GPUs = 1
	GPUs_MIG_9a439bfe_8271_5aa1_bdbf_13889e814797 = [ Id = "MIG-9a439bfe-8271-5aa1-bdbf-13889e814797"; DeviceName = "NVIDIA H100L-2-24C MIG 2g.24gb"; DeviceUuid = "MIG-9a439bfe-8271-5aa1-bdbf-13889e814797"; ComputeUnits = 32; GlobalMemoryMb = 21547 ]
	Memory = 3000
...
006 (13791394.009.000) 11/20 02:37:50 Image size of job updated: 144
	0  -  MemoryUsage of job (MB)
	0  -  ResidentSetSize of job (KB)
...
040 (13791394.009.000) 11/20 02:37:50 Started transferring output files
...
040 (13791394.009.000) 11/20 02:37:50 Finished transferring output files
...
005 (13791394.009.000) 11/20 02:37:50 Job terminated.
	(1) Normal termination (return value 2)
		Usr 0 00:00:02, Sys 0 00:00:00  -  Run Remote Usage
		Usr 0 00:00:00, Sys 0 00:00:00  -  Run Local Usage
		Usr 0 00:00:02, Sys 0 00:00:00  -  Total Remote Usage
		Usr 0 00:00:00, Sys 0 00:00:00  -  Total Local Usage
	789  -  Run Bytes Sent By Job
	54513  -  Run Bytes Received By Job
	789  -  Total Bytes Sent By Job
	54513  -  Total Bytes Received By Job
	Partitionable Resources :    Usage  Request Allocated Assigned
	   Cpus                 :        0        1         1 
	   Disk (KB)            :       81       75      2048 
	   GPUs                 :                 1         1 "MIG-9a439bfe-8271-5aa1-bdbf-13889e814797"
	   Memory (MB)          :        0     3000      3000 
	   TimeExecute (s)      :        8                    
	   TimeSlotBusy (s)     :        9                    

	Job terminated of its own accord at 2025-11-20T01:37:50Z with exit-code 2.
...
