000 (13791399.008.000) 11/20 02:52:04 Job submitted from host: <188.184.90.62:9618?addrs=188.184.90.62-9618+[2001-1458-201-e4--100-238]-9618&alias=bigbird16.cern.ch&noUDP&sock=schedd_5196_9a2f>
...
040 (13791399.008.000) 11/20 02:54:06 Started transferring input files
	Transferring to host: <188.185.190.99:9618?addrs=188.185.190.99-9618+[2001-1458-d03-b--100-8c]-9618&alias=b9pgpun030.cern.ch&noUDP&sock=slot1_1_257793_3d4c_6958>
...
040 (13791399.008.000) 11/20 02:54:06 Finished transferring input files
...
001 (13791399.008.000) 11/20 02:54:07 Job executing on host: <188.185.190.99:9618?addrs=188.185.190.99-9618+[2001-1458-d03-b--100-8c]-9618&alias=b9pgpun030.cern.ch&noUDP&sock=startd_253307_1c7e>
	SlotName: slot1_1@b9pgpun030.cern.ch
	AvailableGPUs = { GPUs_MIG_d4ac3753_c76f_51f7_81a7_569b1bfcb6e0 }
	CondorScratchDir = "/pool/condor/dir_3122405"
	Cpus = 1
	Disk = 2049
	GPUs = 1
	GPUs_MIG_d4ac3753_c76f_51f7_81a7_569b1bfcb6e0 = [ Id = "MIG-d4ac3753-c76f-51f7-81a7-569b1bfcb6e0"; DeviceName = "NVIDIA H100L-2-24C MIG 2g.24gb"; DeviceUuid = "MIG-d4ac3753-c76f-51f7-81a7-569b1bfcb6e0"; ComputeUnits = 32; GlobalMemoryMb = 21547 ]
	Memory = 3000
...
006 (13791399.008.000) 11/20 02:54:15 Image size of job updated: 75
	0  -  MemoryUsage of job (MB)
	0  -  ResidentSetSize of job (KB)
...
040 (13791399.008.000) 11/20 02:54:15 Started transferring output files
...
040 (13791399.008.000) 11/20 02:54:15 Finished transferring output files
...
005 (13791399.008.000) 11/20 02:54:15 Job terminated.
	(1) Normal termination (return value 2)
		Usr 0 00:00:02, Sys 0 00:00:00  -  Run Remote Usage
		Usr 0 00:00:00, Sys 0 00:00:00  -  Run Local Usage
		Usr 0 00:00:02, Sys 0 00:00:00  -  Total Remote Usage
		Usr 0 00:00:00, Sys 0 00:00:00  -  Total Local Usage
	789  -  Run Bytes Sent By Job
	54541  -  Run Bytes Received By Job
	789  -  Total Bytes Sent By Job
	54541  -  Total Bytes Received By Job
	Partitionable Resources :    Usage  Request Allocated Assigned
	   Cpus                 :        0        1         1 
	   Disk (KB)            :       81       75      2049 
	   GPUs                 :                 1         1 "MIG-d4ac3753-c76f-51f7-81a7-569b1bfcb6e0"
	   Memory (MB)          :        0     3000      3000 
	   TimeExecute (s)      :        8                    
	   TimeSlotBusy (s)     :        9                    

	Job terminated of its own accord at 2025-11-20T01:54:15Z with exit-code 2.
...
