000 (13791410.002.000) 11/20 03:22:07 Job submitted from host: <188.184.90.62:9618?addrs=188.184.90.62-9618+[2001-1458-201-e4--100-238]-9618&alias=bigbird16.cern.ch&noUDP&sock=schedd_5196_9a2f>
...
040 (13791410.002.000) 11/20 03:24:14 Started transferring input files
	Transferring to host: <188.185.190.51:9618?addrs=188.185.190.51-9618+[2001-1458-d03-b--100-e9]-9618&alias=b9pgpun023.cern.ch&noUDP&sock=slot1_1_263118_2f05_6692>
...
040 (13791410.002.000) 11/20 03:24:14 Finished transferring input files
...
001 (13791410.002.000) 11/20 03:24:15 Job executing on host: <188.185.190.51:9618?addrs=188.185.190.51-9618+[2001-1458-d03-b--100-e9]-9618&alias=b9pgpun023.cern.ch&noUDP&sock=startd_254145_e8db>
	SlotName: slot1_1@b9pgpun023.cern.ch
	AvailableGPUs = { GPUs_MIG_c083ec97_d010_583d_966d_d30ce37b09d1 }
	CondorScratchDir = "/pool/condor/dir_2882262"
	Cpus = 1
	Disk = 2048
	GPUs = 1
	GPUs_MIG_c083ec97_d010_583d_966d_d30ce37b09d1 = [ Id = "MIG-c083ec97-d010-583d-966d-d30ce37b09d1"; DeviceName = "NVIDIA H100L-1-12C MIG 1g.12gb"; DeviceUuid = "MIG-c083ec97-d010-583d-966d-d30ce37b09d1"; ComputeUnits = 16; GlobalMemoryMb = 10564 ]
	Memory = 3000
...
006 (13791410.002.000) 11/20 03:24:29 Image size of job updated: 174296
	171  -  MemoryUsage of job (MB)
	174296  -  ResidentSetSize of job (KB)
...
006 (13791410.002.000) 11/20 03:24:40 Image size of job updated: 247016
	171  -  MemoryUsage of job (MB)
	174296  -  ResidentSetSize of job (KB)
...
040 (13791410.002.000) 11/20 03:24:40 Started transferring output files
...
040 (13791410.002.000) 11/20 03:24:40 Finished transferring output files
...
005 (13791410.002.000) 11/20 03:24:40 Job terminated.
	(1) Normal termination (return value 2)
		Usr 0 00:00:02, Sys 0 00:00:01  -  Run Remote Usage
		Usr 0 00:00:00, Sys 0 00:00:00  -  Run Local Usage
		Usr 0 00:00:02, Sys 0 00:00:01  -  Total Remote Usage
		Usr 0 00:00:00, Sys 0 00:00:00  -  Total Local Usage
	789  -  Run Bytes Sent By Job
	54513  -  Run Bytes Received By Job
	789  -  Total Bytes Sent By Job
	54513  -  Total Bytes Received By Job
	Partitionable Resources :    Usage  Request Allocated Assigned
	   Cpus                 :        0        1         1 
	   Disk (KB)            :       81       75      2048 
	   GPUs                 :                 1         1 "MIG-c083ec97-d010-583d-966d-d30ce37b09d1"
	   Memory (MB)          :      171     3000      3000 
	   TimeExecute (s)      :       25                    
	   TimeSlotBusy (s)     :       27                    

	Job terminated of its own accord at 2025-11-20T02:24:40Z with exit-code 2.
...
