000 (13791410.006.000) 11/20 03:22:07 Job submitted from host: <188.184.90.62:9618?addrs=188.184.90.62-9618+[2001-1458-201-e4--100-238]-9618&alias=bigbird16.cern.ch&noUDP&sock=schedd_5196_9a2f>
...
040 (13791410.006.000) 11/20 03:24:16 Started transferring input files
	Transferring to host: <188.185.190.20:9618?addrs=188.185.190.20-9618+[2001-1458-d03-b--100-18d]-9618&alias=b9pgpun040.cern.ch&noUDP&sock=slot1_1_263429_4fb1_6645>
...
040 (13791410.006.000) 11/20 03:24:16 Finished transferring input files
...
001 (13791410.006.000) 11/20 03:24:17 Job executing on host: <188.185.190.20:9618?addrs=188.185.190.20-9618+[2001-1458-d03-b--100-18d]-9618&alias=b9pgpun040.cern.ch&noUDP&sock=startd_254186_083d>
	SlotName: slot1_1@b9pgpun040.cern.ch
	AvailableGPUs = { GPUs_MIG_7096109e_161b_55cb_a820_9e37c4b666dd }
	CondorScratchDir = "/pool/condor/dir_2029981"
	Cpus = 1
	Disk = 2049
	GPUs = 1
	GPUs_MIG_7096109e_161b_55cb_a820_9e37c4b666dd = [ Id = "MIG-7096109e-161b-55cb-a820-9e37c4b666dd"; DeviceName = "NVIDIA H100L-1-12C MIG 1g.12gb"; DeviceUuid = "MIG-7096109e-161b-55cb-a820-9e37c4b666dd"; ComputeUnits = 16; GlobalMemoryMb = 10564 ]
	Memory = 3000
...
006 (13791410.006.000) 11/20 03:24:30 Image size of job updated: 34524
	34  -  MemoryUsage of job (MB)
	34524  -  ResidentSetSize of job (KB)
...
006 (13791410.006.000) 11/20 03:25:26 Image size of job updated: 204048
	34  -  MemoryUsage of job (MB)
	34524  -  ResidentSetSize of job (KB)
...
040 (13791410.006.000) 11/20 03:25:26 Started transferring output files
...
040 (13791410.006.000) 11/20 03:25:26 Finished transferring output files
...
005 (13791410.006.000) 11/20 03:25:26 Job terminated.
	(1) Normal termination (return value 2)
		Usr 0 00:00:02, Sys 0 00:00:01  -  Run Remote Usage
		Usr 0 00:00:00, Sys 0 00:00:00  -  Run Local Usage
		Usr 0 00:00:02, Sys 0 00:00:01  -  Total Remote Usage
		Usr 0 00:00:00, Sys 0 00:00:00  -  Total Local Usage
	789  -  Run Bytes Sent By Job
	54513  -  Run Bytes Received By Job
	789  -  Total Bytes Sent By Job
	54513  -  Total Bytes Received By Job
	Partitionable Resources :    Usage  Request Allocated Assigned
	   Cpus                 :        0        1         1 
	   Disk (KB)            :       81       75      2049 
	   GPUs                 :                 1         1 "MIG-7096109e-161b-55cb-a820-9e37c4b666dd"
	   Memory (MB)          :       34     3000      3000 
	   TimeExecute (s)      :       69                    
	   TimeSlotBusy (s)     :       71                    

	Job terminated of its own accord at 2025-11-20T02:25:26Z with exit-code 2.
...
