000 (13791411.000.000) 11/20 03:27:07 Job submitted from host: <188.184.90.62:9618?addrs=188.184.90.62-9618+[2001-1458-201-e4--100-238]-9618&alias=bigbird16.cern.ch&noUDP&sock=schedd_5196_9a2f>
...
040 (13791411.000.000) 11/20 03:27:41 Started transferring input files
	Transferring to host: <128.142.241.42:9618?addrs=128.142.241.42-9618+[2001-1458-301-ce--100-aa]-9618&alias=b9g47n3538.cern.ch&noUDP&sock=slot1_1_14043_5054_9499>
...
040 (13791411.000.000) 11/20 03:27:41 Finished transferring input files
...
001 (13791411.000.000) 11/20 03:27:42 Job executing on host: <128.142.241.42:9618?addrs=128.142.241.42-9618+[2001-1458-301-ce--100-aa]-9618&alias=b9g47n3538.cern.ch&noUDP&sock=startd_13463_13a0>
	SlotName: slot1_1@b9g47n3538.cern.ch
	AvailableGPUs = { GPUs_GPU_c1cbf2d4 }
	CondorScratchDir = "/pool/condor/dir_3514634"
	Cpus = 1
	Disk = 2048
	GPUs = 1
	GPUs_GPU_c1cbf2d4 = [ Id = "GPU-c1cbf2d4"; ClockMhz = 1380.0; Capability = 7.0; CoresPerCU = 64; DeviceName = "Tesla V100-PCIE-32GB"; DeviceUuid = "c1cbf2d4-ea8a-e043-f1ab-dadca3403738"; ECCEnabled = true; ComputeUnits = 80; DriverVersion = 13.0; DevicePciBusId = "0000:07:00.0"; GlobalMemoryMb = 32494; MaxSupportedVersion = 13000 ]
	Memory = 3000
...
006 (13791411.000.000) 11/20 03:27:55 Image size of job updated: 240188
	235  -  MemoryUsage of job (MB)
	240188  -  ResidentSetSize of job (KB)
...
006 (13791411.000.000) 11/20 03:27:56 Image size of job updated: 240248
	235  -  MemoryUsage of job (MB)
	240248  -  ResidentSetSize of job (KB)
...
040 (13791411.000.000) 11/20 03:27:56 Started transferring output files
...
040 (13791411.000.000) 11/20 03:27:56 Finished transferring output files
...
005 (13791411.000.000) 11/20 03:27:56 Job terminated.
	(1) Normal termination (return value 2)
		Usr 0 00:00:04, Sys 0 00:00:01  -  Run Remote Usage
		Usr 0 00:00:00, Sys 0 00:00:00  -  Run Local Usage
		Usr 0 00:00:04, Sys 0 00:00:01  -  Total Remote Usage
		Usr 0 00:00:00, Sys 0 00:00:00  -  Total Local Usage
	789  -  Run Bytes Sent By Job
	54513  -  Run Bytes Received By Job
	789  -  Total Bytes Sent By Job
	54513  -  Total Bytes Received By Job
	Partitionable Resources :    Usage  Request Allocated Assigned
	   Cpus                 :        0        1         1 
	   Disk (KB)            :       82       75      2048 
	   GPUs                 :                 1         1 "GPU-c1cbf2d4"
	   Memory (MB)          :      235     3000      3000 
	   TimeExecute (s)      :       14                    
	   TimeSlotBusy (s)     :       16                    

	Job terminated of its own accord at 2025-11-20T02:27:56Z with exit-code 2.
...
