000 (13791411.011.000) 11/20 03:27:07 Job submitted from host: <188.184.90.62:9618?addrs=188.184.90.62-9618+[2001-1458-201-e4--100-238]-9618&alias=bigbird16.cern.ch&noUDP&sock=schedd_5196_9a2f>
...
040 (13791411.011.000) 11/20 03:27:45 Started transferring input files
	Transferring to host: <188.185.190.102:9618?addrs=188.185.190.102-9618+[2001-1458-d03-b--100-2ca]-9618&alias=b9pgpun101.cern.ch&noUDP&sock=slot1_1_256277_148e_6238>
...
040 (13791411.011.000) 11/20 03:27:45 Finished transferring input files
...
001 (13791411.011.000) 11/20 03:27:46 Job executing on host: <188.185.190.102:9618?addrs=188.185.190.102-9618+[2001-1458-d03-b--100-2ca]-9618&alias=b9pgpun101.cern.ch&noUDP&sock=startd_236364_9f60>
	SlotName: slot1_1@b9pgpun101.cern.ch
	AvailableGPUs = { GPUs_MIG_8b3dd414_f1d0_5e9f_ac91_7095c232a71a }
	CondorScratchDir = "/pool/condor/dir_2477196"
	Cpus = 1
	Disk = 2048
	GPUs = 1
	GPUs_MIG_8b3dd414_f1d0_5e9f_ac91_7095c232a71a = [ Id = "MIG-8b3dd414-f1d0-5e9f-ac91-7095c232a71a"; DeviceName = "NVIDIA H100L-1-12C MIG 1g.12gb"; DeviceUuid = "MIG-8b3dd414-f1d0-5e9f-ac91-7095c232a71a"; ComputeUnits = 16; GlobalMemoryMb = 10564 ]
	Memory = 3000
...
006 (13791411.011.000) 11/20 03:27:59 Image size of job updated: 41860
	41  -  MemoryUsage of job (MB)
	41860  -  ResidentSetSize of job (KB)
...
006 (13791411.011.000) 11/20 03:28:24 Image size of job updated: 202492
	41  -  MemoryUsage of job (MB)
	41860  -  ResidentSetSize of job (KB)
...
040 (13791411.011.000) 11/20 03:28:24 Started transferring output files
...
040 (13791411.011.000) 11/20 03:28:24 Finished transferring output files
...
005 (13791411.011.000) 11/20 03:28:24 Job terminated.
	(1) Normal termination (return value 2)
		Usr 0 00:00:02, Sys 0 00:00:01  -  Run Remote Usage
		Usr 0 00:00:00, Sys 0 00:00:00  -  Run Local Usage
		Usr 0 00:00:02, Sys 0 00:00:01  -  Total Remote Usage
		Usr 0 00:00:00, Sys 0 00:00:00  -  Total Local Usage
	789  -  Run Bytes Sent By Job
	54513  -  Run Bytes Received By Job
	789  -  Total Bytes Sent By Job
	54513  -  Total Bytes Received By Job
	Partitionable Resources :    Usage  Request Allocated Assigned
	   Cpus                 :        0        1         1 
	   Disk (KB)            :       81       75      2048 
	   GPUs                 :                 1         1 "MIG-8b3dd414-f1d0-5e9f-ac91-7095c232a71a"
	   Memory (MB)          :       41     3000      3000 
	   TimeExecute (s)      :       38                    
	   TimeSlotBusy (s)     :       40                    

	Job terminated of its own accord at 2025-11-20T02:28:24Z with exit-code 2.
...
