==================================================================
Processing cat000436 with EMCEE - ALL SCENARIOS
==================================================================
======================================================================
EMCEE RECONSTRUCTION FOR cat000436
======================================================================

Loading PDF from: /eos/home-e/evilla/dune/sn-tps/neural_networks/electron_direction/three_plane_three_plane_v58_200k_lr_schedule_20251118_110931/cosine_energy_pdf.npz
PDF loaded

======================================================================
SCENARIO (EMCEE): PERFECT_CT
======================================================================

Loaded 3627 matched clusters across U, V, X planes
Selected clusters: 300
Running emcee: 64 walkers × 2000 steps...
Acceptance fraction: 10.6%
Mean direction: θ=50.81°, φ=36.15°
Uncertainties: Δθ=59.09°, Δφ=10.48°
68% credible angle: 38.67°

Angular error: 16.09°

======================================================================
SCENARIO (EMCEE): ES_MAIN_CC_SHOWER
======================================================================

Loaded 3627 matched clusters across U, V, X planes
Selected clusters: 300
Running emcee: 64 walkers × 2000 steps...
Acceptance fraction: 10.3%
Mean direction: θ=5.65°, φ=32.00°
Uncertainties: Δθ=57.71°, Δφ=10.36°
68% credible angle: 36.24°

Angular error: 27.50°

======================================================================
SCENARIO (EMCEE): ES_MAIN_CC_ALL
======================================================================

Loaded 3627 matched clusters across U, V, X planes
Selected clusters: 300
Running emcee: 64 walkers × 2000 steps...
Acceptance fraction: 10.5%
Mean direction: θ=35.60°, φ=36.16°
Uncertainties: Δθ=59.73°, Δφ=10.27°
68% credible angle: 30.50°

Angular error: 20.08°

======================================================================
SCENARIO (EMCEE): ES_ALL_CC_SHOWER
======================================================================

Loaded 3627 matched clusters across U, V, X planes
Selected clusters: 300
Running emcee: 64 walkers × 2000 steps...
Acceptance fraction: 12.5%
Mean direction: θ=-13.02°, φ=29.81°
Uncertainties: Δθ=54.84°, Δφ=9.68°
68% credible angle: 13.68°

Angular error: 32.45°

======================================================================
SCENARIO (EMCEE): ES_ALL_CC_ALL
======================================================================

Loaded 3627 matched clusters across U, V, X planes
Selected clusters: 300
Running emcee: 64 walkers × 2000 steps...
Acceptance fraction: 10.5%
Mean direction: θ=1.25°, φ=32.41°
Uncertainties: Δθ=60.29°, Δφ=10.02°
68% credible angle: 38.36°

Angular error: 29.40°

======================================================================
SCENARIO (EMCEE): ALL_TRACKS_ALL_SHOWERS
======================================================================

Loaded 3627 matched clusters across U, V, X planes
Selected clusters: 3627
Running emcee: 64 walkers × 2000 steps...
Acceptance fraction: 3.3%
Mean direction: θ=-160.94°, φ=70.33°
Uncertainties: Δθ=74.43°, Δφ=35.57°
68% credible angle: 78.17°

Angular error: 85.77°

✓ Saved: /eos/project-e/ep-nu/evilla/sn-pointing/cat000436/pipeline/cat000436_scenario_perfect_ct_emcee.npz

✓ Saved: /eos/project-e/ep-nu/evilla/sn-pointing/cat000436/pipeline/cat000436_scenario_es_main_cc_shower_emcee.npz

✓ Saved: /eos/project-e/ep-nu/evilla/sn-pointing/cat000436/pipeline/cat000436_scenario_es_main_cc_all_emcee.npz

✓ Saved: /eos/project-e/ep-nu/evilla/sn-pointing/cat000436/pipeline/cat000436_scenario_es_all_cc_shower_emcee.npz

✓ Saved: /eos/project-e/ep-nu/evilla/sn-pointing/cat000436/pipeline/cat000436_scenario_es_all_cc_all_emcee.npz

✓ Saved: /eos/project-e/ep-nu/evilla/sn-pointing/cat000436/pipeline/cat000436_scenario_all_tracks_all_showers_emcee.npz
✓ cat000436 completed successfully
