Processing cat000567 with 6 scenarios...
Cat directory: /eos/project-e/ep-nu/evilla/sn-pointing/cat000567
======================================================================
EMCEE RECONSTRUCTION FOR cat000567
======================================================================

Loading PDF from: /eos/home-e/evilla/dune/sn-tps/neural_networks/electron_direction/three_plane_three_plane_v58_200k_lr_schedule_20251118_110931/cosine_energy_pdf.npz
PDF loaded

======================================================================
SCENARIO (EMCEE): BEST_CASE
======================================================================

Loaded 1008 matched main-track clusters across U, V, X planes
Selected 288 ES main tracks
After E > 3 MeV cut: 288 clusters
Running emcee: 64 walkers × 2000 steps...
Acceptance fraction: 9.2%
Mean direction: θ=154.34°, φ=138.59°
Uncertainties: Δθ=51.13°, Δφ=27.58°
68% credible angle: 31.93°

Angular error: 13.75°

======================================================================
SCENARIO (EMCEE): PERFECT_CT
======================================================================

Loaded 1008 matched main-track clusters across U, V, X planes
Selected 288 ES main tracks
Loading ED model from: /eos/home-e/evilla/dune/sn-tps/neural_networks/electron_direction/three_plane_three_plane_v58_200k_lr_schedule_20251118_110931/checkpoints/model_epoch_12_val_loss_0.8898.keras
Running ED inference...
After energy cut: 288 clusters
Running emcee: 64 walkers × 2000 steps...
Acceptance fraction: 10.3%
Mean direction: θ=155.30°, φ=138.82°
Uncertainties: Δθ=47.10°, Δφ=11.74°
68% credible angle: 34.24°

Angular error: 13.39°

======================================================================
SCENARIO (EMCEE): FULL_PIPELINE
======================================================================

Loaded 1008 matched main-track clusters across U, V, X planes
Using all 1008 main-track clusters
Loading CT model from: /eos/user/e/evilla/dune/sn-tps/neural_networks/channel_tagging/ct_volume_v52_batch_reload_20251116_101125/best_model.keras
Running CT inference...
CT selected 931 ES candidates from 1008 clusters
  ES prob range: [0.000, 1.000]
Loading ED model from: /eos/home-e/evilla/dune/sn-tps/neural_networks/electron_direction/three_plane_three_plane_v58_200k_lr_schedule_20251118_110931/checkpoints/model_epoch_12_val_loss_0.8898.keras
Running ED inference on 931 clusters...
After E > 3 MeV cut: 927 clusters
Running emcee: 64 walkers × 2000 steps...
Acceptance fraction: 6.2%
Mean direction: θ=-179.22°, φ=135.05°
Uncertainties: Δθ=57.73°, Δφ=28.55°
68% credible angle: 35.84°

Angular error: 20.53°

======================================================================
SCENARIO (EMCEE): WEIGHTED_CT
======================================================================

Loaded 1008 matched main-track clusters across U, V, X planes
Using all 1008 main-track clusters
Loading CT model from: /eos/user/e/evilla/dune/sn-tps/neural_networks/channel_tagging/ct_volume_v52_batch_reload_20251116_101125/best_model.keras
Running CT inference...
CT selected 931 ES candidates from 1008 clusters
  ES prob range: [0.000, 1.000]
Loading ED model from: /eos/home-e/evilla/dune/sn-tps/neural_networks/electron_direction/three_plane_three_plane_v58_200k_lr_schedule_20251118_110931/checkpoints/model_epoch_12_val_loss_0.8898.keras
Running ED inference on 931 clusters...
Using CT weights (ES probabilities)
After E > 3 MeV cut: 927 clusters
Running weighted MCMC with 927 weights
Running emcee: 64 walkers × 2000 steps...
Acceptance fraction: 9.1%
Mean direction: θ=157.86°, φ=134.85°
Uncertainties: Δθ=59.16°, Δφ=25.27°
68% credible angle: 36.96°

Angular error: 17.11°

======================================================================
SCENARIO (EMCEE): PERFECT_CT_E_GT_10MEV
======================================================================

Loaded 1008 matched main-track clusters across U, V, X planes
Selected 288 ES main tracks
Loading ED model from: /eos/home-e/evilla/dune/sn-tps/neural_networks/electron_direction/three_plane_three_plane_v58_200k_lr_schedule_20251118_110931/checkpoints/model_epoch_12_val_loss_0.8898.keras
Running ED inference...
Applying E > 10 MeV cut
After energy cut: 149 clusters
Running emcee: 64 walkers × 2000 steps...
Acceptance fraction: 10.8%
Mean direction: θ=172.81°, φ=138.34°
Uncertainties: Δθ=60.98°, Δφ=27.59°
68% credible angle: 26.53°

Angular error: 15.22°

======================================================================
SCENARIO (EMCEE): PERFECT_CT_E_GT_20MEV
======================================================================

Loaded 1008 matched main-track clusters across U, V, X planes
Selected 288 ES main tracks
Loading ED model from: /eos/home-e/evilla/dune/sn-tps/neural_networks/electron_direction/three_plane_three_plane_v58_200k_lr_schedule_20251118_110931/checkpoints/model_epoch_12_val_loss_0.8898.keras
Running ED inference...
Applying E > 20 MeV cut
After energy cut: 36 clusters
Running emcee: 64 walkers × 2000 steps...
Acceptance fraction: 13.1%
Mean direction: θ=169.77°, φ=117.81°
Uncertainties: Δθ=76.09°, Δφ=47.66°
68% credible angle: 49.08°

Angular error: 34.64°

✓ Saved: /eos/project-e/ep-nu/evilla/sn-pointing/cat000567/pipeline/cat000567_scenario_best_case_emcee.npz

✓ Saved: /eos/project-e/ep-nu/evilla/sn-pointing/cat000567/pipeline/cat000567_scenario_perfect_ct_emcee.npz

✓ Saved: /eos/project-e/ep-nu/evilla/sn-pointing/cat000567/pipeline/cat000567_scenario_full_pipeline_emcee.npz

✓ Saved: /eos/project-e/ep-nu/evilla/sn-pointing/cat000567/pipeline/cat000567_scenario_weighted_ct_emcee.npz

✓ Saved: /eos/project-e/ep-nu/evilla/sn-pointing/cat000567/pipeline/cat000567_scenario_perfect_ct_e_gt_10mev_emcee.npz

✓ Saved: /eos/project-e/ep-nu/evilla/sn-pointing/cat000567/pipeline/cat000567_scenario_perfect_ct_e_gt_20mev_emcee.npz
✓ cat000567 completed successfully
