==================================================================
Processing cat000517 with EMCEE - ALL SCENARIOS
==================================================================
======================================================================
EMCEE RECONSTRUCTION FOR cat000517
======================================================================

Loading PDF from: /eos/home-e/evilla/dune/sn-tps/neural_networks/electron_direction/three_plane_three_plane_v58_200k_lr_schedule_20251118_110931/cosine_energy_pdf.npz
PDF loaded

======================================================================
SCENARIO (EMCEE): PERFECT_CT
======================================================================

Loaded 3811 matched clusters across U, V, X planes
Selected clusters: 299
Running emcee: 64 walkers × 2000 steps...
Acceptance fraction: 17.0%
Mean direction: θ=-98.80°, φ=133.50°
Uncertainties: Δθ=44.86°, Δφ=18.49°
68% credible angle: 25.72°

Angular error: 11.01°

======================================================================
SCENARIO (EMCEE): ES_MAIN_CC_SHOWER
======================================================================

Loaded 3811 matched clusters across U, V, X planes
Selected clusters: 299
Running emcee: 64 walkers × 2000 steps...
Acceptance fraction: 16.9%
Mean direction: θ=-89.52°, φ=133.87°
Uncertainties: Δθ=41.19°, Δφ=18.22°
68% credible angle: 20.38°

Angular error: 4.73°

======================================================================
SCENARIO (EMCEE): ES_MAIN_CC_ALL
======================================================================

Loaded 3811 matched clusters across U, V, X planes
Selected clusters: 299
Running emcee: 64 walkers × 2000 steps...
Acceptance fraction: 19.4%
Mean direction: θ=-78.78°, φ=133.41°
Uncertainties: Δθ=39.85°, Δφ=20.02°
68% credible angle: 23.54°

Angular error: 4.59°

======================================================================
SCENARIO (EMCEE): ES_ALL_CC_SHOWER
======================================================================

Loaded 3811 matched clusters across U, V, X planes
Selected clusters: 299
Running emcee: 64 walkers × 2000 steps...
Acceptance fraction: 25.8%
Mean direction: θ=-82.76°, φ=127.65°
Uncertainties: Δθ=35.16°, Δφ=16.87°
68% credible angle: 21.21°

Angular error: 3.72°

======================================================================
SCENARIO (EMCEE): ES_ALL_CC_ALL
======================================================================

Loaded 3811 matched clusters across U, V, X planes
Selected clusters: 299
Running emcee: 64 walkers × 2000 steps...
Acceptance fraction: 18.0%
Mean direction: θ=-89.32°, φ=133.28°
Uncertainties: Δθ=42.99°, Δφ=19.03°
68% credible angle: 20.03°

Angular error: 4.31°

======================================================================
SCENARIO (EMCEE): ALL_TRACKS_ALL_SHOWERS
======================================================================

Loaded 3811 matched clusters across U, V, X planes
Selected clusters: 3811
Running emcee: 64 walkers × 2000 steps...
Acceptance fraction: 3.3%
Mean direction: θ=-129.52°, φ=108.07°
Uncertainties: Δθ=66.12°, Δφ=26.97°
68% credible angle: 65.81°

Angular error: 44.97°

✓ Saved: /eos/project-e/ep-nu/evilla/sn-pointing/cat000517/pipeline/cat000517_scenario_perfect_ct_emcee.npz

✓ Saved: /eos/project-e/ep-nu/evilla/sn-pointing/cat000517/pipeline/cat000517_scenario_es_main_cc_shower_emcee.npz

✓ Saved: /eos/project-e/ep-nu/evilla/sn-pointing/cat000517/pipeline/cat000517_scenario_es_main_cc_all_emcee.npz

✓ Saved: /eos/project-e/ep-nu/evilla/sn-pointing/cat000517/pipeline/cat000517_scenario_es_all_cc_shower_emcee.npz

✓ Saved: /eos/project-e/ep-nu/evilla/sn-pointing/cat000517/pipeline/cat000517_scenario_es_all_cc_all_emcee.npz

✓ Saved: /eos/project-e/ep-nu/evilla/sn-pointing/cat000517/pipeline/cat000517_scenario_all_tracks_all_showers_emcee.npz
✓ cat000517 completed successfully
