000 (13791414.405.000) 11/20 04:32:06 Job submitted from host: <188.184.90.62:9618?addrs=188.184.90.62-9618+[2001-1458-201-e4--100-238]-9618&alias=bigbird16.cern.ch&noUDP&sock=schedd_5196_9a2f>
...
040 (13791414.405.000) 11/20 04:57:20 Started transferring input files
	Transferring to host: <188.185.92.156:9618?addrs=188.185.92.156-9618+[2001-1458-d00-6c--100-10]-9618&alias=b9g57n5454.cern.ch&noUDP&sock=slot1_1_17749_86ab_9044>
...
040 (13791414.405.000) 11/20 04:57:20 Finished transferring input files
...
001 (13791414.405.000) 11/20 04:57:21 Job executing on host: <188.185.92.156:9618?addrs=188.185.92.156-9618+[2001-1458-d00-6c--100-10]-9618&alias=b9g57n5454.cern.ch&noUDP&sock=startd_17014_c46e>
	SlotName: slot1_1@b9g57n5454.cern.ch
	AvailableGPUs = { GPUs_GPU_d2642622 }
	CondorScratchDir = "/pool/condor/dir_2363372"
	Cpus = 11
	Disk = 4195328
	GPUs = 1
	GPUs_GPU_d2642622 = [ Id = "GPU-d2642622"; ClockMhz = 1410.0; Capability = 8.0; CoresPerCU = 64; DeviceName = "NVIDIA A100-PCIE-40GB"; DeviceUuid = "d2642622-6ee9-8711-70c1-34935a235a2a"; ECCEnabled = true; ComputeUnits = 108; DriverVersion = 13.0; DevicePciBusId = "0000:06:00.0"; GlobalMemoryMb = 40441; MaxSupportedVersion = 13000 ]
	Memory = 33000
...
006 (13791414.405.000) 11/20 04:57:34 Image size of job updated: 316128
	309  -  MemoryUsage of job (MB)
	316128  -  ResidentSetSize of job (KB)
...
006 (13791414.405.000) 11/20 05:00:09 Image size of job updated: 1903356
	310  -  MemoryUsage of job (MB)
	316640  -  ResidentSetSize of job (KB)
...
040 (13791414.405.000) 11/20 05:00:09 Started transferring output files
...
040 (13791414.405.000) 11/20 05:00:09 Finished transferring output files
...
005 (13791414.405.000) 11/20 05:00:09 Job terminated.
	(1) Normal termination (return value 0)
		Usr 0 00:04:20, Sys 0 00:00:18  -  Run Remote Usage
		Usr 0 00:00:00, Sys 0 00:00:00  -  Run Local Usage
		Usr 0 00:04:20, Sys 0 00:00:18  -  Total Remote Usage
		Usr 0 00:00:00, Sys 0 00:00:00  -  Total Local Usage
	14764  -  Run Bytes Sent By Job
	1323  -  Run Bytes Received By Job
	14764  -  Total Bytes Sent By Job
	1323  -  Total Bytes Received By Job
	Partitionable Resources :    Usage  Request Allocated Assigned
	   Cpus                 :        0       11        11 
	   Disk (KB)            :       40  4194304   4195328 
	   GPUs                 :                 1         1 "GPU-d2642622"
	   Memory (MB)          :      310    33000     33000 
	   TimeExecute (s)      :      168                    
	   TimeSlotBusy (s)     :      169                    

	Job terminated of its own accord at 2025-11-20T04:00:09Z with exit-code 0.
...
