Processing cat000570 with 6 scenarios...
Cat directory: /eos/project-e/ep-nu/evilla/sn-pointing/cat000570
======================================================================
EMCEE RECONSTRUCTION FOR cat000570
======================================================================

Loading PDF from: /eos/home-e/evilla/dune/sn-tps/neural_networks/electron_direction/three_plane_three_plane_v58_200k_lr_schedule_20251118_110931/cosine_energy_pdf.npz
PDF loaded

======================================================================
SCENARIO (EMCEE): BEST_CASE
======================================================================

Loaded 2766 matched main-track clusters across U, V, X planes
Selected 284 ES main tracks
After E > 3 MeV cut: 284 clusters
Running emcee: 64 walkers × 2000 steps...
Acceptance fraction: 5.6%
Mean direction: θ=153.13°, φ=132.22°
Uncertainties: Δθ=42.22°, Δφ=30.65°
68% credible angle: 35.59°

Angular error: 20.53°

======================================================================
SCENARIO (EMCEE): PERFECT_CT
======================================================================

Loaded 2766 matched main-track clusters across U, V, X planes
Selected 284 ES main tracks
Loading ED model from: /eos/home-e/evilla/dune/sn-tps/neural_networks/electron_direction/three_plane_three_plane_v58_200k_lr_schedule_20251118_110931/checkpoints/model_epoch_12_val_loss_0.8898.keras
Running ED inference...
After energy cut: 284 clusters
Running emcee: 64 walkers × 2000 steps...
Acceptance fraction: 10.3%
Mean direction: θ=147.51°, φ=137.29°
Uncertainties: Δθ=40.17°, Δφ=13.42°
68% credible angle: 26.26°

Angular error: 14.16°

======================================================================
SCENARIO (EMCEE): FULL_PIPELINE
======================================================================

Loaded 2766 matched main-track clusters across U, V, X planes
Using all 2766 main-track clusters
Loading CT model from: /eos/user/e/evilla/dune/sn-tps/neural_networks/channel_tagging/ct_volume_v52_batch_reload_20251116_101125/best_model.keras
Running CT inference...
CT selected 2505 ES candidates from 2766 clusters
  ES prob range: [0.000, 1.000]
Loading ED model from: /eos/home-e/evilla/dune/sn-tps/neural_networks/electron_direction/three_plane_three_plane_v58_200k_lr_schedule_20251118_110931/checkpoints/model_epoch_12_val_loss_0.8898.keras
Running ED inference on 2505 clusters...
After E > 3 MeV cut: 2490 clusters
Running emcee: 64 walkers × 2000 steps...
Acceptance fraction: 4.0%
Mean direction: θ=-166.31°, φ=123.55°
Uncertainties: Δθ=57.59°, Δφ=27.17°
68% credible angle: 54.66°

Angular error: 49.32°

======================================================================
SCENARIO (EMCEE): WEIGHTED_CT
======================================================================

Loaded 2766 matched main-track clusters across U, V, X planes
Using all 2766 main-track clusters
Loading CT model from: /eos/user/e/evilla/dune/sn-tps/neural_networks/channel_tagging/ct_volume_v52_batch_reload_20251116_101125/best_model.keras
Running CT inference...
CT selected 2505 ES candidates from 2766 clusters
  ES prob range: [0.000, 1.000]
Loading ED model from: /eos/home-e/evilla/dune/sn-tps/neural_networks/electron_direction/three_plane_three_plane_v58_200k_lr_schedule_20251118_110931/checkpoints/model_epoch_12_val_loss_0.8898.keras
Running ED inference on 2505 clusters...
Using CT weights (ES probabilities)
After E > 3 MeV cut: 2490 clusters
Running weighted MCMC with 2490 weights
Running emcee: 64 walkers × 2000 steps...
Acceptance fraction: 3.8%
Mean direction: θ=-174.91°, φ=121.37°
Uncertainties: Δθ=56.92°, Δφ=29.15°
68% credible angle: 49.01°

Angular error: 45.98°

======================================================================
SCENARIO (EMCEE): PERFECT_CT_E_GT_10MEV
======================================================================

Loaded 2766 matched main-track clusters across U, V, X planes
Selected 284 ES main tracks
Loading ED model from: /eos/home-e/evilla/dune/sn-tps/neural_networks/electron_direction/three_plane_three_plane_v58_200k_lr_schedule_20251118_110931/checkpoints/model_epoch_12_val_loss_0.8898.keras
Running ED inference...
Applying E > 10 MeV cut
After energy cut: 154 clusters
Running emcee: 64 walkers × 2000 steps...
Acceptance fraction: 10.2%
Mean direction: θ=171.96°, φ=144.40°
Uncertainties: Δθ=34.37°, Δφ=11.98°
68% credible angle: 21.64°

Angular error: 24.87°

======================================================================
SCENARIO (EMCEE): PERFECT_CT_E_GT_20MEV
======================================================================

Loaded 2766 matched main-track clusters across U, V, X planes
Selected 284 ES main tracks
Loading ED model from: /eos/home-e/evilla/dune/sn-tps/neural_networks/electron_direction/three_plane_three_plane_v58_200k_lr_schedule_20251118_110931/checkpoints/model_epoch_12_val_loss_0.8898.keras
Running ED inference...
Applying E > 20 MeV cut
After energy cut: 32 clusters
Running emcee: 64 walkers × 2000 steps...
Acceptance fraction: 8.3%
Mean direction: θ=168.61°, φ=103.63°
Uncertainties: Δθ=90.16°, Δφ=58.54°
68% credible angle: 114.60°

Angular error: 51.72°

✓ Saved: /eos/project-e/ep-nu/evilla/sn-pointing/cat000570/pipeline/cat000570_scenario_best_case_emcee.npz

✓ Saved: /eos/project-e/ep-nu/evilla/sn-pointing/cat000570/pipeline/cat000570_scenario_perfect_ct_emcee.npz

✓ Saved: /eos/project-e/ep-nu/evilla/sn-pointing/cat000570/pipeline/cat000570_scenario_full_pipeline_emcee.npz

✓ Saved: /eos/project-e/ep-nu/evilla/sn-pointing/cat000570/pipeline/cat000570_scenario_weighted_ct_emcee.npz

✓ Saved: /eos/project-e/ep-nu/evilla/sn-pointing/cat000570/pipeline/cat000570_scenario_perfect_ct_e_gt_10mev_emcee.npz

✓ Saved: /eos/project-e/ep-nu/evilla/sn-pointing/cat000570/pipeline/cat000570_scenario_perfect_ct_e_gt_20mev_emcee.npz
✓ cat000570 completed successfully
