==================================================================
Processing cat000058 with EMCEE - ALL SCENARIOS
==================================================================
======================================================================
EMCEE RECONSTRUCTION FOR cat000058
======================================================================

Loading PDF from: /eos/home-e/evilla/dune/sn-tps/neural_networks/electron_direction/three_plane_three_plane_v58_200k_lr_schedule_20251118_110931/cosine_energy_pdf.npz
PDF loaded

======================================================================
SCENARIO (EMCEE): PERFECT_CT
======================================================================

Loaded 3801 matched clusters across U, V, X planes
Selected clusters: 273
Running emcee: 64 walkers × 2000 steps...
Acceptance fraction: 9.9%
Mean direction: θ=-171.05°, φ=56.23°
Uncertainties: Δθ=28.39°, Δφ=12.65°
68% credible angle: 28.18°

Angular error: 19.43°

======================================================================
SCENARIO (EMCEE): ES_MAIN_CC_SHOWER
======================================================================

Loaded 3801 matched clusters across U, V, X planes
Selected clusters: 273
Running emcee: 64 walkers × 2000 steps...
Acceptance fraction: 11.3%
Mean direction: θ=-170.99°, φ=54.30°
Uncertainties: Δθ=29.73°, Δφ=11.60°
68% credible angle: 27.35°

Angular error: 18.71°

======================================================================
SCENARIO (EMCEE): ES_MAIN_CC_ALL
======================================================================

Loaded 3801 matched clusters across U, V, X planes
Selected clusters: 273
Running emcee: 64 walkers × 2000 steps...
Acceptance fraction: 9.3%
Mean direction: θ=-173.06°, φ=56.08°
Uncertainties: Δθ=30.99°, Δφ=13.16°
68% credible angle: 28.54°

Angular error: 20.91°

======================================================================
SCENARIO (EMCEE): ES_ALL_CC_SHOWER
======================================================================

Loaded 3801 matched clusters across U, V, X planes
Selected clusters: 273
Running emcee: 64 walkers × 2000 steps...
Acceptance fraction: 11.2%
Mean direction: θ=-176.78°, φ=56.57°
Uncertainties: Δθ=29.96°, Δφ=13.41°
68% credible angle: 28.32°

Angular error: 23.97°

======================================================================
SCENARIO (EMCEE): ES_ALL_CC_ALL
======================================================================

Loaded 3801 matched clusters across U, V, X planes
Selected clusters: 273
Running emcee: 64 walkers × 2000 steps...
Acceptance fraction: 8.0%
Mean direction: θ=-168.54°, φ=57.32°
Uncertainties: Δθ=26.72°, Δφ=12.68°
68% credible angle: 27.70°

Angular error: 17.99°

======================================================================
SCENARIO (EMCEE): ALL_TRACKS_ALL_SHOWERS
======================================================================

Loaded 3801 matched clusters across U, V, X planes
Selected clusters: 3801
Running emcee: 64 walkers × 2000 steps...
Acceptance fraction: 3.6%
Mean direction: θ=-159.16°, φ=91.34°
Uncertainties: Δθ=39.35°, Δφ=19.55°
68% credible angle: 43.50°

Angular error: 41.93°

✓ Saved: /eos/project-e/ep-nu/evilla/sn-pointing/cat000058/pipeline/cat000058_scenario_perfect_ct_emcee.npz

✓ Saved: /eos/project-e/ep-nu/evilla/sn-pointing/cat000058/pipeline/cat000058_scenario_es_main_cc_shower_emcee.npz

✓ Saved: /eos/project-e/ep-nu/evilla/sn-pointing/cat000058/pipeline/cat000058_scenario_es_main_cc_all_emcee.npz

✓ Saved: /eos/project-e/ep-nu/evilla/sn-pointing/cat000058/pipeline/cat000058_scenario_es_all_cc_shower_emcee.npz

✓ Saved: /eos/project-e/ep-nu/evilla/sn-pointing/cat000058/pipeline/cat000058_scenario_es_all_cc_all_emcee.npz

✓ Saved: /eos/project-e/ep-nu/evilla/sn-pointing/cat000058/pipeline/cat000058_scenario_all_tracks_all_showers_emcee.npz
✓ cat000058 completed successfully
