==================================================================
Processing cat000520 with EMCEE - ALL SCENARIOS
==================================================================
======================================================================
EMCEE RECONSTRUCTION FOR cat000520
======================================================================

Loading PDF from: /eos/home-e/evilla/dune/sn-tps/neural_networks/electron_direction/three_plane_three_plane_v58_200k_lr_schedule_20251118_110931/cosine_energy_pdf.npz
PDF loaded

======================================================================
SCENARIO (EMCEE): PERFECT_CT
======================================================================

Loaded 269 matched clusters across U, V, X planes
Selected clusters: 269
Running emcee: 64 walkers × 2000 steps...
Acceptance fraction: 29.5%
Mean direction: θ=-11.79°, φ=105.75°
Uncertainties: Δθ=16.49°, Δφ=13.11°
68% credible angle: 8.45°

Angular error: 18.86°

======================================================================
SCENARIO (EMCEE): ES_MAIN_CC_SHOWER
======================================================================

Loaded 269 matched clusters across U, V, X planes
Selected clusters: 269
Running emcee: 64 walkers × 2000 steps...
Acceptance fraction: 22.8%
Mean direction: θ=-9.98°, φ=108.70°
Uncertainties: Δθ=18.54°, Δφ=15.31°
68% credible angle: 27.02°

Angular error: 19.31°

======================================================================
SCENARIO (EMCEE): ES_MAIN_CC_ALL
======================================================================

Loaded 269 matched clusters across U, V, X planes
Selected clusters: 269
Running emcee: 64 walkers × 2000 steps...
Acceptance fraction: 22.2%
Mean direction: θ=-12.05°, φ=109.91°
Uncertainties: Δθ=18.43°, Δφ=16.07°
68% credible angle: 27.82°

Angular error: 17.09°

======================================================================
SCENARIO (EMCEE): ES_ALL_CC_SHOWER
======================================================================

Loaded 269 matched clusters across U, V, X planes
Selected clusters: 269
Running emcee: 64 walkers × 2000 steps...
Acceptance fraction: 18.5%
Mean direction: θ=-14.95°, φ=112.94°
Uncertainties: Δθ=19.61°, Δφ=17.81°
68% credible angle: 31.42°

Angular error: 13.86°

======================================================================
SCENARIO (EMCEE): ES_ALL_CC_ALL
======================================================================

Loaded 269 matched clusters across U, V, X planes
Selected clusters: 269
Running emcee: 64 walkers × 2000 steps...
Acceptance fraction: 22.5%
Mean direction: θ=-15.63°, φ=109.37°
Uncertainties: Δθ=20.00°, Δφ=15.06°
68% credible angle: 30.77°

Angular error: 14.04°

======================================================================
SCENARIO (EMCEE): ALL_TRACKS_ALL_SHOWERS
======================================================================

Loaded 269 matched clusters across U, V, X planes
Selected clusters: 269
Running emcee: 64 walkers × 2000 steps...
Acceptance fraction: 24.6%
Mean direction: θ=-13.33°, φ=110.15°
Uncertainties: Δθ=16.10°, Δφ=16.71°
68% credible angle: 26.06°

Angular error: 15.87°

✓ Saved: /eos/project-e/ep-nu/evilla/sn-pointing/cat000520/pipeline/cat000520_scenario_perfect_ct_emcee.npz

✓ Saved: /eos/project-e/ep-nu/evilla/sn-pointing/cat000520/pipeline/cat000520_scenario_es_main_cc_shower_emcee.npz

✓ Saved: /eos/project-e/ep-nu/evilla/sn-pointing/cat000520/pipeline/cat000520_scenario_es_main_cc_all_emcee.npz

✓ Saved: /eos/project-e/ep-nu/evilla/sn-pointing/cat000520/pipeline/cat000520_scenario_es_all_cc_shower_emcee.npz

✓ Saved: /eos/project-e/ep-nu/evilla/sn-pointing/cat000520/pipeline/cat000520_scenario_es_all_cc_all_emcee.npz

✓ Saved: /eos/project-e/ep-nu/evilla/sn-pointing/cat000520/pipeline/cat000520_scenario_all_tracks_all_showers_emcee.npz
✓ cat000520 completed successfully
