000 (13791725.394.000) 11/20 10:34:58 Job submitted from host: <188.184.90.62:9618?addrs=188.184.90.62-9618+[2001-1458-201-e4--100-238]-9618&alias=bigbird16.cern.ch&noUDP&sock=schedd_5196_9a2f>
...
040 (13791725.394.000) 11/20 11:26:09 Started transferring input files
	Transferring to host: <188.185.93.105:9618?addrs=188.185.93.105-9618+[2001-1458-d00-6c--100-172]-9618&alias=b9g57n4705.cern.ch&noUDP&sock=slot1_1_4735_fc5a_9706>
...
040 (13791725.394.000) 11/20 11:26:09 Finished transferring input files
...
001 (13791725.394.000) 11/20 11:26:10 Job executing on host: <188.185.93.105:9618?addrs=188.185.93.105-9618+[2001-1458-d00-6c--100-172]-9618&alias=b9g57n4705.cern.ch&noUDP&sock=startd_4339_c585>
	SlotName: slot1_1@b9g57n4705.cern.ch
	AvailableGPUs = { GPUs_GPU_4cb0c17c }
	CondorScratchDir = "/pool/condor/dir_3927141"
	Cpus = 11
	Disk = 4195218
	GPUs = 1
	GPUs_GPU_4cb0c17c = [ Id = "GPU-4cb0c17c"; ClockMhz = 1410.0; Capability = 8.0; CoresPerCU = 64; DeviceName = "NVIDIA A100-PCIE-40GB"; DeviceUuid = "4cb0c17c-e986-12c3-223f-a139394373ed"; ECCEnabled = true; ComputeUnits = 108; DriverVersion = 13.0; DevicePciBusId = "0000:06:00.0"; GlobalMemoryMb = 40441; MaxSupportedVersion = 13000 ]
	Memory = 33000
...
006 (13791725.394.000) 11/20 11:26:24 Image size of job updated: 311720
	305  -  MemoryUsage of job (MB)
	311720  -  ResidentSetSize of job (KB)
...
006 (13791725.394.000) 11/20 11:29:30 Image size of job updated: 2219880
	305  -  MemoryUsage of job (MB)
	311720  -  ResidentSetSize of job (KB)
...
040 (13791725.394.000) 11/20 11:29:41 Started transferring output files
...
040 (13791725.394.000) 11/20 11:29:42 Finished transferring output files
...
005 (13791725.394.000) 11/20 11:29:43 Job terminated.
	(1) Normal termination (return value 0)
		Usr 0 00:06:03, Sys 0 00:00:28  -  Run Remote Usage
		Usr 0 00:00:00, Sys 0 00:00:00  -  Run Local Usage
		Usr 0 00:06:03, Sys 0 00:00:28  -  Total Remote Usage
		Usr 0 00:00:00, Sys 0 00:00:00  -  Total Local Usage
	16751  -  Run Bytes Sent By Job
	1411571  -  Run Bytes Received By Job
	16751  -  Total Bytes Sent By Job
	1411571  -  Total Bytes Received By Job
	Partitionable Resources :    Usage  Request Allocated Assigned
	   Cpus                 :        0       11        11 
	   Disk (KB)            :     1420  4194304   4195218 
	   GPUs                 :        0        1         1 "GPU-4cb0c17c"
	   Memory (MB)          :      305    33000     33000 
	   TimeExecute (s)      :      200                    
	   TimeSlotBusy (s)     :      213                    

	Job terminated of its own accord at 2025-11-20T10:29:30Z with exit-code 0.
...
