==================================================================
Processing cat000197 with EMCEE - ALL SCENARIOS
==================================================================
======================================================================
EMCEE RECONSTRUCTION FOR cat000197
======================================================================

Loading PDF from: /eos/home-e/evilla/dune/sn-tps/neural_networks/electron_direction/three_plane_three_plane_v58_200k_lr_schedule_20251118_110931/cosine_energy_pdf.npz
PDF loaded

======================================================================
SCENARIO (EMCEE): PERFECT_CT
======================================================================

Loaded 3333 matched clusters across U, V, X planes
Selected clusters: 205
Running emcee: 64 walkers × 2000 steps...
Acceptance fraction: 13.0%
Mean direction: θ=172.20°, φ=89.87°
Uncertainties: Δθ=23.97°, Δφ=17.42°
68% credible angle: 31.55°

Angular error: 24.86°

======================================================================
SCENARIO (EMCEE): ES_MAIN_CC_SHOWER
======================================================================

Loaded 3333 matched clusters across U, V, X planes
Selected clusters: 205
Running emcee: 64 walkers × 2000 steps...
Acceptance fraction: 12.7%
Mean direction: θ=170.05°, φ=89.52°
Uncertainties: Δθ=24.16°, Δφ=17.29°
68% credible angle: 30.69°

Angular error: 22.73°

======================================================================
SCENARIO (EMCEE): ES_MAIN_CC_ALL
======================================================================

Loaded 3333 matched clusters across U, V, X planes
Selected clusters: 205
Running emcee: 64 walkers × 2000 steps...
Acceptance fraction: 14.6%
Mean direction: θ=167.78°, φ=87.36°
Uncertainties: Δθ=22.99°, Δφ=17.00°
68% credible angle: 31.24°

Angular error: 19.85°

======================================================================
SCENARIO (EMCEE): ES_ALL_CC_SHOWER
======================================================================

Loaded 3333 matched clusters across U, V, X planes
Selected clusters: 205
Running emcee: 64 walkers × 2000 steps...
Acceptance fraction: 14.8%
Mean direction: θ=168.36°, φ=84.68°
Uncertainties: Δθ=23.65°, Δφ=15.27°
68% credible angle: 30.75°

Angular error: 19.71°

======================================================================
SCENARIO (EMCEE): ES_ALL_CC_ALL
======================================================================

Loaded 3333 matched clusters across U, V, X planes
Selected clusters: 205
Running emcee: 64 walkers × 2000 steps...
Acceptance fraction: 11.8%
Mean direction: θ=170.24°, φ=88.36°
Uncertainties: Δθ=25.00°, Δφ=15.91°
68% credible angle: 31.46°

Angular error: 22.50°

======================================================================
SCENARIO (EMCEE): ALL_TRACKS_ALL_SHOWERS
======================================================================

Loaded 3333 matched clusters across U, V, X planes
Selected clusters: 3333
Running emcee: 64 walkers × 2000 steps...
Acceptance fraction: 3.3%
Mean direction: θ=176.83°, φ=107.71°
Uncertainties: Δθ=54.62°, Δφ=27.57°
68% credible angle: 53.76°

Angular error: 38.34°

✓ Saved: /eos/project-e/ep-nu/evilla/sn-pointing/cat000197/pipeline/cat000197_scenario_perfect_ct_emcee.npz

✓ Saved: /eos/project-e/ep-nu/evilla/sn-pointing/cat000197/pipeline/cat000197_scenario_es_main_cc_shower_emcee.npz

✓ Saved: /eos/project-e/ep-nu/evilla/sn-pointing/cat000197/pipeline/cat000197_scenario_es_main_cc_all_emcee.npz

✓ Saved: /eos/project-e/ep-nu/evilla/sn-pointing/cat000197/pipeline/cat000197_scenario_es_all_cc_shower_emcee.npz

✓ Saved: /eos/project-e/ep-nu/evilla/sn-pointing/cat000197/pipeline/cat000197_scenario_es_all_cc_all_emcee.npz

✓ Saved: /eos/project-e/ep-nu/evilla/sn-pointing/cat000197/pipeline/cat000197_scenario_all_tracks_all_showers_emcee.npz
✓ cat000197 completed successfully
