==================================================================
Processing cat000556 with EMCEE - ALL SCENARIOS
==================================================================
======================================================================
EMCEE RECONSTRUCTION FOR cat000556
======================================================================

Loading PDF from: /eos/home-e/evilla/dune/sn-tps/neural_networks/electron_direction/three_plane_three_plane_v58_200k_lr_schedule_20251118_110931/cosine_energy_pdf.npz
PDF loaded

======================================================================
SCENARIO (EMCEE): PERFECT_CT
======================================================================

Loaded 3677 matched clusters across U, V, X planes
Selected clusters: 283
Running emcee: 64 walkers × 2000 steps...
Acceptance fraction: 7.8%
Mean direction: θ=156.71°, φ=67.80°
Uncertainties: Δθ=31.55°, Δφ=14.46°
68% credible angle: 37.40°

Angular error: 30.61°

======================================================================
SCENARIO (EMCEE): ES_MAIN_CC_SHOWER
======================================================================

Loaded 3677 matched clusters across U, V, X planes
Selected clusters: 283
Running emcee: 64 walkers × 2000 steps...
Acceptance fraction: 8.1%
Mean direction: θ=156.49°, φ=74.39°
Uncertainties: Δθ=30.11°, Δφ=14.84°
68% credible angle: 36.47°

Angular error: 30.20°

======================================================================
SCENARIO (EMCEE): ES_MAIN_CC_ALL
======================================================================

Loaded 3677 matched clusters across U, V, X planes
Selected clusters: 283
Running emcee: 64 walkers × 2000 steps...
Acceptance fraction: 8.5%
Mean direction: θ=158.42°, φ=74.53°
Uncertainties: Δθ=27.36°, Δφ=14.92°
68% credible angle: 34.56°

Angular error: 32.07°

======================================================================
SCENARIO (EMCEE): ES_ALL_CC_SHOWER
======================================================================

Loaded 3677 matched clusters across U, V, X planes
Selected clusters: 283
Running emcee: 64 walkers × 2000 steps...
Acceptance fraction: 9.2%
Mean direction: θ=162.53°, φ=73.66°
Uncertainties: Δθ=29.44°, Δφ=14.36°
68% credible angle: 31.06°

Angular error: 35.94°

======================================================================
SCENARIO (EMCEE): ES_ALL_CC_ALL
======================================================================

Loaded 3677 matched clusters across U, V, X planes
Selected clusters: 283
Running emcee: 64 walkers × 2000 steps...
Acceptance fraction: 7.9%
Mean direction: θ=154.71°, φ=73.22°
Uncertainties: Δθ=29.36°, Δφ=15.94°
68% credible angle: 35.04°

Angular error: 28.43°

======================================================================
SCENARIO (EMCEE): ALL_TRACKS_ALL_SHOWERS
======================================================================

Loaded 3677 matched clusters across U, V, X planes
Selected clusters: 3677
Running emcee: 64 walkers × 2000 steps...
Acceptance fraction: 6.2%
Mean direction: θ=-178.30°, φ=99.32°
Uncertainties: Δθ=57.77°, Δφ=22.13°
68% credible angle: 52.72°

Angular error: 61.25°

✓ Saved: /eos/project-e/ep-nu/evilla/sn-pointing/cat000556/pipeline/cat000556_scenario_perfect_ct_emcee.npz

✓ Saved: /eos/project-e/ep-nu/evilla/sn-pointing/cat000556/pipeline/cat000556_scenario_es_main_cc_shower_emcee.npz

✓ Saved: /eos/project-e/ep-nu/evilla/sn-pointing/cat000556/pipeline/cat000556_scenario_es_main_cc_all_emcee.npz

✓ Saved: /eos/project-e/ep-nu/evilla/sn-pointing/cat000556/pipeline/cat000556_scenario_es_all_cc_shower_emcee.npz

✓ Saved: /eos/project-e/ep-nu/evilla/sn-pointing/cat000556/pipeline/cat000556_scenario_es_all_cc_all_emcee.npz

✓ Saved: /eos/project-e/ep-nu/evilla/sn-pointing/cat000556/pipeline/cat000556_scenario_all_tracks_all_showers_emcee.npz
✓ cat000556 completed successfully
