Processing cat000032 with 6 scenarios...
Cat directory: /eos/project-e/ep-nu/evilla/sn-pointing/cat000032
======================================================================
EMCEE RECONSTRUCTION FOR cat000032
======================================================================

Loading PDF from: /eos/home-e/evilla/dune/sn-tps/neural_networks/electron_direction/three_plane_three_plane_v58_200k_lr_schedule_20251118_110931/cosine_energy_pdf.npz
PDF loaded

======================================================================
SCENARIO (EMCEE): BEST_CASE
======================================================================

Loaded 3689 matched main-track clusters across U, V, X planes
Selected 274 ES main tracks
After E > 3 MeV cut: 274 clusters
Running emcee: 64 walkers × 2000 steps...
Acceptance fraction: 8.5%
Mean direction: θ=134.46°, φ=89.11°
Uncertainties: Δθ=53.34°, Δφ=22.48°
68% credible angle: 48.19°

Angular error: 17.86°

======================================================================
SCENARIO (EMCEE): PERFECT_CT
======================================================================

Loaded 3689 matched main-track clusters across U, V, X planes
Selected 274 ES main tracks
Loading ED model from: /eos/home-e/evilla/dune/sn-tps/neural_networks/electron_direction/three_plane_three_plane_v58_200k_lr_schedule_20251118_110931/checkpoints/model_epoch_12_val_loss_0.8898.keras
Running ED inference...
After energy cut: 274 clusters
Running emcee: 64 walkers × 2000 steps...
Acceptance fraction: 18.6%
Mean direction: θ=139.80°, φ=101.30°
Uncertainties: Δθ=35.71°, Δφ=18.44°
68% credible angle: 39.51°

Angular error: 15.79°

======================================================================
SCENARIO (EMCEE): FULL_PIPELINE
======================================================================

Loaded 3689 matched main-track clusters across U, V, X planes
Using all 3689 main-track clusters
Loading CT model from: /eos/user/e/evilla/dune/sn-tps/neural_networks/channel_tagging/ct_volume_v52_batch_reload_20251116_101125/best_model.keras
Running CT inference...
CT selected 3343 ES candidates from 3689 clusters
  ES prob range: [0.000, 1.000]
Loading ED model from: /eos/home-e/evilla/dune/sn-tps/neural_networks/electron_direction/three_plane_three_plane_v58_200k_lr_schedule_20251118_110931/checkpoints/model_epoch_12_val_loss_0.8898.keras
Running ED inference on 3343 clusters...
After E > 3 MeV cut: 3326 clusters
Running emcee: 64 walkers × 2000 steps...
Acceptance fraction: 4.0%
Mean direction: θ=175.03°, φ=105.64°
Uncertainties: Δθ=70.11°, Δφ=35.29°
68% credible angle: 57.57°

Angular error: 49.53°

======================================================================
SCENARIO (EMCEE): WEIGHTED_CT
======================================================================

Loaded 3689 matched main-track clusters across U, V, X planes
Using all 3689 main-track clusters
Loading CT model from: /eos/user/e/evilla/dune/sn-tps/neural_networks/channel_tagging/ct_volume_v52_batch_reload_20251116_101125/best_model.keras
Running CT inference...
CT selected 3343 ES candidates from 3689 clusters
  ES prob range: [0.000, 1.000]
Loading ED model from: /eos/home-e/evilla/dune/sn-tps/neural_networks/electron_direction/three_plane_three_plane_v58_200k_lr_schedule_20251118_110931/checkpoints/model_epoch_12_val_loss_0.8898.keras
Running ED inference on 3343 clusters...
Using CT weights (ES probabilities)
After E > 3 MeV cut: 3326 clusters
Running weighted MCMC with 3326 weights
Running emcee: 64 walkers × 2000 steps...
Acceptance fraction: 5.5%
Mean direction: θ=-177.36°, φ=108.57°
Uncertainties: Δθ=63.94°, Δφ=32.37°
68% credible angle: 59.66°

Angular error: 56.56°

======================================================================
SCENARIO (EMCEE): PERFECT_CT_E_GT_10MEV
======================================================================

Loaded 3689 matched main-track clusters across U, V, X planes
Selected 274 ES main tracks
Loading ED model from: /eos/home-e/evilla/dune/sn-tps/neural_networks/electron_direction/three_plane_three_plane_v58_200k_lr_schedule_20251118_110931/checkpoints/model_epoch_12_val_loss_0.8898.keras
Running ED inference...
Applying E > 10 MeV cut
After energy cut: 154 clusters
Running emcee: 64 walkers × 2000 steps...
Acceptance fraction: 11.3%
Mean direction: θ=150.53°, φ=108.79°
Uncertainties: Δθ=42.12°, Δφ=16.72°
68% credible angle: 39.57°

Angular error: 26.19°

======================================================================
SCENARIO (EMCEE): PERFECT_CT_E_GT_20MEV
======================================================================

Loaded 3689 matched main-track clusters across U, V, X planes
Selected 274 ES main tracks
Loading ED model from: /eos/home-e/evilla/dune/sn-tps/neural_networks/electron_direction/three_plane_three_plane_v58_200k_lr_schedule_20251118_110931/checkpoints/model_epoch_12_val_loss_0.8898.keras
Running ED inference...
Applying E > 20 MeV cut
After energy cut: 34 clusters
Running emcee: 64 walkers × 2000 steps...
Acceptance fraction: 13.2%
Mean direction: θ=148.59°, φ=108.64°
Uncertainties: Δθ=38.98°, Δφ=14.45°
68% credible angle: 35.69°

Angular error: 24.36°

✓ Saved: /eos/project-e/ep-nu/evilla/sn-pointing/cat000032/pipeline/cat000032_scenario_best_case_emcee.npz

✓ Saved: /eos/project-e/ep-nu/evilla/sn-pointing/cat000032/pipeline/cat000032_scenario_perfect_ct_emcee.npz

✓ Saved: /eos/project-e/ep-nu/evilla/sn-pointing/cat000032/pipeline/cat000032_scenario_full_pipeline_emcee.npz

✓ Saved: /eos/project-e/ep-nu/evilla/sn-pointing/cat000032/pipeline/cat000032_scenario_weighted_ct_emcee.npz

✓ Saved: /eos/project-e/ep-nu/evilla/sn-pointing/cat000032/pipeline/cat000032_scenario_perfect_ct_e_gt_10mev_emcee.npz

✓ Saved: /eos/project-e/ep-nu/evilla/sn-pointing/cat000032/pipeline/cat000032_scenario_perfect_ct_e_gt_20mev_emcee.npz
✓ cat000032 completed successfully
