Processing cat000235 with 6 scenarios...
Cat directory: /eos/project-e/ep-nu/evilla/sn-pointing/cat000235
======================================================================
EMCEE RECONSTRUCTION FOR cat000235
======================================================================

Loading PDF from: /eos/home-e/evilla/dune/sn-tps/neural_networks/electron_direction/three_plane_three_plane_v58_200k_lr_schedule_20251118_110931/cosine_energy_pdf.npz
PDF loaded

======================================================================
SCENARIO (EMCEE): BEST_CASE
======================================================================

Loaded 3729 matched main-track clusters across U, V, X planes
Selected 313 ES main tracks
After E > 3 MeV cut: 313 clusters
Running emcee: 64 walkers × 2000 steps...
Acceptance fraction: 6.6%
Mean direction: θ=-7.83°, φ=112.53°
Uncertainties: Δθ=96.10°, Δφ=58.87°
68% credible angle: 94.56°

Angular error: 62.06°

======================================================================
SCENARIO (EMCEE): PERFECT_CT
======================================================================

Loaded 3729 matched main-track clusters across U, V, X planes
Selected 313 ES main tracks
Loading ED model from: /eos/home-e/evilla/dune/sn-tps/neural_networks/electron_direction/three_plane_three_plane_v58_200k_lr_schedule_20251118_110931/checkpoints/model_epoch_12_val_loss_0.8898.keras
Running ED inference...
After energy cut: 313 clusters
Running emcee: 64 walkers × 2000 steps...
Acceptance fraction: 12.7%
Mean direction: θ=7.19°, φ=154.35°
Uncertainties: Δθ=83.92°, Δφ=5.29°
68% credible angle: 25.71°

Angular error: 19.16°

======================================================================
SCENARIO (EMCEE): FULL_PIPELINE
======================================================================

Loaded 3729 matched main-track clusters across U, V, X planes
Using all 3729 main-track clusters
Loading CT model from: /eos/user/e/evilla/dune/sn-tps/neural_networks/channel_tagging/ct_volume_v52_batch_reload_20251116_101125/best_model.keras
Running CT inference...
CT selected 3393 ES candidates from 3729 clusters
  ES prob range: [0.000, 1.000]
Loading ED model from: /eos/home-e/evilla/dune/sn-tps/neural_networks/electron_direction/three_plane_three_plane_v58_200k_lr_schedule_20251118_110931/checkpoints/model_epoch_12_val_loss_0.8898.keras
Running ED inference on 3393 clusters...
After E > 3 MeV cut: 3373 clusters
Running emcee: 64 walkers × 2000 steps...
Acceptance fraction: 7.2%
Mean direction: θ=148.95°, φ=105.49°
Uncertainties: Δθ=94.70°, Δφ=37.68°
68% credible angle: 87.69°

Angular error: 77.25°

======================================================================
SCENARIO (EMCEE): WEIGHTED_CT
======================================================================

Loaded 3729 matched main-track clusters across U, V, X planes
Using all 3729 main-track clusters
Loading CT model from: /eos/user/e/evilla/dune/sn-tps/neural_networks/channel_tagging/ct_volume_v52_batch_reload_20251116_101125/best_model.keras
Running CT inference...
CT selected 3393 ES candidates from 3729 clusters
  ES prob range: [0.000, 1.000]
Loading ED model from: /eos/home-e/evilla/dune/sn-tps/neural_networks/electron_direction/three_plane_three_plane_v58_200k_lr_schedule_20251118_110931/checkpoints/model_epoch_12_val_loss_0.8898.keras
Running ED inference on 3393 clusters...
Using CT weights (ES probabilities)
After E > 3 MeV cut: 3373 clusters
Running weighted MCMC with 3373 weights
Running emcee: 64 walkers × 2000 steps...
Acceptance fraction: 6.2%
Mean direction: θ=-162.80°, φ=117.62°
Uncertainties: Δθ=81.12°, Δφ=31.04°
68% credible angle: 65.18°

Angular error: 70.19°

======================================================================
SCENARIO (EMCEE): PERFECT_CT_E_GT_10MEV
======================================================================

Loaded 3729 matched main-track clusters across U, V, X planes
Selected 313 ES main tracks
Loading ED model from: /eos/home-e/evilla/dune/sn-tps/neural_networks/electron_direction/three_plane_three_plane_v58_200k_lr_schedule_20251118_110931/checkpoints/model_epoch_12_val_loss_0.8898.keras
Running ED inference...
Applying E > 10 MeV cut
After energy cut: 171 clusters
Running emcee: 64 walkers × 2000 steps...
Acceptance fraction: 12.8%
Mean direction: θ=-40.72°, φ=149.49°
Uncertainties: Δθ=96.80°, Δφ=37.21°
68% credible angle: 35.71°

Angular error: 30.38°

======================================================================
SCENARIO (EMCEE): PERFECT_CT_E_GT_20MEV
======================================================================

Loaded 3729 matched main-track clusters across U, V, X planes
Selected 313 ES main tracks
Loading ED model from: /eos/home-e/evilla/dune/sn-tps/neural_networks/electron_direction/three_plane_three_plane_v58_200k_lr_schedule_20251118_110931/checkpoints/model_epoch_12_val_loss_0.8898.keras
Running ED inference...
Applying E > 20 MeV cut
After energy cut: 36 clusters
Running emcee: 64 walkers × 2000 steps...
Acceptance fraction: 17.4%
Mean direction: θ=16.34°, φ=117.59°
Uncertainties: Δθ=103.93°, Δφ=65.24°
68% credible angle: 75.55°

Angular error: 54.77°

✓ Saved: /eos/project-e/ep-nu/evilla/sn-pointing/cat000235/pipeline/cat000235_scenario_best_case_emcee.npz

✓ Saved: /eos/project-e/ep-nu/evilla/sn-pointing/cat000235/pipeline/cat000235_scenario_perfect_ct_emcee.npz

✓ Saved: /eos/project-e/ep-nu/evilla/sn-pointing/cat000235/pipeline/cat000235_scenario_full_pipeline_emcee.npz

✓ Saved: /eos/project-e/ep-nu/evilla/sn-pointing/cat000235/pipeline/cat000235_scenario_weighted_ct_emcee.npz

✓ Saved: /eos/project-e/ep-nu/evilla/sn-pointing/cat000235/pipeline/cat000235_scenario_perfect_ct_e_gt_10mev_emcee.npz

✓ Saved: /eos/project-e/ep-nu/evilla/sn-pointing/cat000235/pipeline/cat000235_scenario_perfect_ct_e_gt_20mev_emcee.npz
✓ cat000235 completed successfully
