Processing cat000084 with 6 scenarios...
Cat directory: /eos/project-e/ep-nu/evilla/sn-pointing/cat000084
======================================================================
EMCEE RECONSTRUCTION FOR cat000084
======================================================================

Loading PDF from: /eos/home-e/evilla/dune/sn-tps/neural_networks/electron_direction/three_plane_three_plane_v58_200k_lr_schedule_20251118_110931/cosine_energy_pdf.npz
PDF loaded

======================================================================
SCENARIO (EMCEE): BEST_CASE
======================================================================

Loaded 3638 matched main-track clusters across U, V, X planes
Selected 296 ES main tracks
After E > 3 MeV cut: 296 clusters
Running emcee: 64 walkers × 2000 steps...
Acceptance fraction: 13.1%
Mean direction: θ=123.86°, φ=93.39°
Uncertainties: Δθ=40.25°, Δφ=13.91°
68% credible angle: 56.01°

Angular error: 11.67°

======================================================================
SCENARIO (EMCEE): PERFECT_CT
======================================================================

Loaded 3638 matched main-track clusters across U, V, X planes
Selected 296 ES main tracks
Loading ED model from: /eos/home-e/evilla/dune/sn-tps/neural_networks/electron_direction/three_plane_three_plane_v58_200k_lr_schedule_20251118_110931/checkpoints/model_epoch_12_val_loss_0.8898.keras
Running ED inference...
After energy cut: 296 clusters
Running emcee: 64 walkers × 2000 steps...
Acceptance fraction: 8.1%
Mean direction: θ=150.39°, φ=86.38°
Uncertainties: Δθ=76.60°, Δφ=20.41°
68% credible angle: 71.27°

Angular error: 38.07°

======================================================================
SCENARIO (EMCEE): FULL_PIPELINE
======================================================================

Loaded 3638 matched main-track clusters across U, V, X planes
Using all 3638 main-track clusters
Loading CT model from: /eos/user/e/evilla/dune/sn-tps/neural_networks/channel_tagging/ct_volume_v52_batch_reload_20251116_101125/best_model.keras
Running CT inference...
CT selected 3318 ES candidates from 3638 clusters
  ES prob range: [0.000, 1.000]
Loading ED model from: /eos/home-e/evilla/dune/sn-tps/neural_networks/electron_direction/three_plane_three_plane_v58_200k_lr_schedule_20251118_110931/checkpoints/model_epoch_12_val_loss_0.8898.keras
Running ED inference on 3318 clusters...
After E > 3 MeV cut: 3301 clusters
Running emcee: 64 walkers × 2000 steps...
Acceptance fraction: 4.4%
Mean direction: θ=-175.10°, φ=97.29°
Uncertainties: Δθ=69.42°, Δφ=34.04°
68% credible angle: 70.98°

Angular error: 72.44°

======================================================================
SCENARIO (EMCEE): WEIGHTED_CT
======================================================================

Loaded 3638 matched main-track clusters across U, V, X planes
Using all 3638 main-track clusters
Loading CT model from: /eos/user/e/evilla/dune/sn-tps/neural_networks/channel_tagging/ct_volume_v52_batch_reload_20251116_101125/best_model.keras
Running CT inference...
CT selected 3318 ES candidates from 3638 clusters
  ES prob range: [0.000, 1.000]
Loading ED model from: /eos/home-e/evilla/dune/sn-tps/neural_networks/electron_direction/three_plane_three_plane_v58_200k_lr_schedule_20251118_110931/checkpoints/model_epoch_12_val_loss_0.8898.keras
Running ED inference on 3318 clusters...
Using CT weights (ES probabilities)
After E > 3 MeV cut: 3301 clusters
Running weighted MCMC with 3301 weights
Running emcee: 64 walkers × 2000 steps...
Acceptance fraction: 4.4%
Mean direction: θ=179.38°, φ=101.93°
Uncertainties: Δθ=79.76°, Δφ=34.99°
68% credible angle: 79.53°

Angular error: 67.25°

======================================================================
SCENARIO (EMCEE): PERFECT_CT_E_GT_10MEV
======================================================================

Loaded 3638 matched main-track clusters across U, V, X planes
Selected 296 ES main tracks
Loading ED model from: /eos/home-e/evilla/dune/sn-tps/neural_networks/electron_direction/three_plane_three_plane_v58_200k_lr_schedule_20251118_110931/checkpoints/model_epoch_12_val_loss_0.8898.keras
Running ED inference...
Applying E > 10 MeV cut
After energy cut: 163 clusters
Running emcee: 64 walkers × 2000 steps...
Acceptance fraction: 7.7%
Mean direction: θ=159.21°, φ=89.96°
Uncertainties: Δθ=90.33°, Δφ=18.50°
68% credible angle: 101.34°

Angular error: 46.68°

======================================================================
SCENARIO (EMCEE): PERFECT_CT_E_GT_20MEV
======================================================================

Loaded 3638 matched main-track clusters across U, V, X planes
Selected 296 ES main tracks
Loading ED model from: /eos/home-e/evilla/dune/sn-tps/neural_networks/electron_direction/three_plane_three_plane_v58_200k_lr_schedule_20251118_110931/checkpoints/model_epoch_12_val_loss_0.8898.keras
Running ED inference...
Applying E > 20 MeV cut
After energy cut: 34 clusters
Running emcee: 64 walkers × 2000 steps...
Acceptance fraction: 12.2%
Mean direction: θ=-154.50°, φ=93.07°
Uncertainties: Δθ=125.10°, Δφ=13.85°
68% credible angle: 93.21°

Angular error: 92.93°

✓ Saved: /eos/project-e/ep-nu/evilla/sn-pointing/cat000084/pipeline/cat000084_scenario_best_case_emcee.npz

✓ Saved: /eos/project-e/ep-nu/evilla/sn-pointing/cat000084/pipeline/cat000084_scenario_perfect_ct_emcee.npz

✓ Saved: /eos/project-e/ep-nu/evilla/sn-pointing/cat000084/pipeline/cat000084_scenario_full_pipeline_emcee.npz

✓ Saved: /eos/project-e/ep-nu/evilla/sn-pointing/cat000084/pipeline/cat000084_scenario_weighted_ct_emcee.npz

✓ Saved: /eos/project-e/ep-nu/evilla/sn-pointing/cat000084/pipeline/cat000084_scenario_perfect_ct_e_gt_10mev_emcee.npz

✓ Saved: /eos/project-e/ep-nu/evilla/sn-pointing/cat000084/pipeline/cat000084_scenario_perfect_ct_e_gt_20mev_emcee.npz
✓ cat000084 completed successfully
