==================================================================
Processing cat000134 with EMCEE - ALL SCENARIOS
==================================================================
======================================================================
EMCEE RECONSTRUCTION FOR cat000134
======================================================================

Loading PDF from: /eos/home-e/evilla/dune/sn-tps/neural_networks/electron_direction/three_plane_three_plane_v58_200k_lr_schedule_20251118_110931/cosine_energy_pdf.npz
PDF loaded

======================================================================
SCENARIO (EMCEE): PERFECT_CT
======================================================================

Loaded 3769 matched clusters across U, V, X planes
Selected clusters: 253
Running emcee: 64 walkers × 2000 steps...
Acceptance fraction: 10.9%
Mean direction: θ=5.51°, φ=59.51°
Uncertainties: Δθ=21.70°, Δφ=18.05°
68% credible angle: 28.47°

Angular error: 13.39°

======================================================================
SCENARIO (EMCEE): ES_MAIN_CC_SHOWER
======================================================================

Loaded 3769 matched clusters across U, V, X planes
Selected clusters: 253
Running emcee: 64 walkers × 2000 steps...
Acceptance fraction: 10.6%
Mean direction: θ=11.26°, φ=63.66°
Uncertainties: Δθ=22.38°, Δφ=13.89°
68% credible angle: 22.69°

Angular error: 13.62°

======================================================================
SCENARIO (EMCEE): ES_MAIN_CC_ALL
======================================================================

Loaded 3769 matched clusters across U, V, X planes
Selected clusters: 253
Running emcee: 64 walkers × 2000 steps...
Acceptance fraction: 10.9%
Mean direction: θ=8.36°, φ=62.57°
Uncertainties: Δθ=22.09°, Δφ=16.59°
68% credible angle: 25.21°

Angular error: 13.97°

======================================================================
SCENARIO (EMCEE): ES_ALL_CC_SHOWER
======================================================================

Loaded 3769 matched clusters across U, V, X planes
Selected clusters: 253
Running emcee: 64 walkers × 2000 steps...
Acceptance fraction: 11.8%
Mean direction: θ=7.93°, φ=63.92°
Uncertainties: Δθ=22.58°, Δφ=14.29°
68% credible angle: 25.24°

Angular error: 15.30°

======================================================================
SCENARIO (EMCEE): ES_ALL_CC_ALL
======================================================================

Loaded 3769 matched clusters across U, V, X planes
Selected clusters: 253
Running emcee: 64 walkers × 2000 steps...
Acceptance fraction: 11.0%
Mean direction: θ=9.21°, φ=63.61°
Uncertainties: Δθ=21.17°, Δφ=15.24°
68% credible angle: 24.12°

Angular error: 14.43°

======================================================================
SCENARIO (EMCEE): ALL_TRACKS_ALL_SHOWERS
======================================================================

Loaded 3769 matched clusters across U, V, X planes
Selected clusters: 3769
Running emcee: 64 walkers × 2000 steps...
Acceptance fraction: 11.8%
Mean direction: θ=-34.68°, φ=85.31°
Uncertainties: Δθ=68.14°, Δφ=31.95°
68% credible angle: 83.00°

Angular error: 58.83°

✓ Saved: /eos/project-e/ep-nu/evilla/sn-pointing/cat000134/pipeline/cat000134_scenario_perfect_ct_emcee.npz

✓ Saved: /eos/project-e/ep-nu/evilla/sn-pointing/cat000134/pipeline/cat000134_scenario_es_main_cc_shower_emcee.npz

✓ Saved: /eos/project-e/ep-nu/evilla/sn-pointing/cat000134/pipeline/cat000134_scenario_es_main_cc_all_emcee.npz

✓ Saved: /eos/project-e/ep-nu/evilla/sn-pointing/cat000134/pipeline/cat000134_scenario_es_all_cc_shower_emcee.npz

✓ Saved: /eos/project-e/ep-nu/evilla/sn-pointing/cat000134/pipeline/cat000134_scenario_es_all_cc_all_emcee.npz

✓ Saved: /eos/project-e/ep-nu/evilla/sn-pointing/cat000134/pipeline/cat000134_scenario_all_tracks_all_showers_emcee.npz
✓ cat000134 completed successfully
