Processing cat000020 with 6 scenarios...
Cat directory: /eos/project-e/ep-nu/evilla/sn-pointing/cat000020
======================================================================
EMCEE RECONSTRUCTION FOR cat000020
======================================================================

Loading PDF from: /eos/home-e/evilla/dune/sn-tps/neural_networks/electron_direction/three_plane_three_plane_v58_200k_lr_schedule_20251118_110931/cosine_energy_pdf.npz
PDF loaded

======================================================================
SCENARIO (EMCEE): BEST_CASE
======================================================================

Loaded 3847 matched main-track clusters across U, V, X planes
Selected 275 ES main tracks
After E > 3 MeV cut: 275 clusters
Running emcee: 64 walkers × 2000 steps...
Acceptance fraction: 12.6%
Mean direction: θ=-167.78°, φ=62.64°
Uncertainties: Δθ=31.97°, Δφ=22.64°
68% credible angle: 24.75°

Angular error: 22.81°

======================================================================
SCENARIO (EMCEE): PERFECT_CT
======================================================================

Loaded 3847 matched main-track clusters across U, V, X planes
Selected 275 ES main tracks
Loading ED model from: /eos/home-e/evilla/dune/sn-tps/neural_networks/electron_direction/three_plane_three_plane_v58_200k_lr_schedule_20251118_110931/checkpoints/model_epoch_12_val_loss_0.8898.keras
Running ED inference...
After energy cut: 275 clusters
Running emcee: 64 walkers × 2000 steps...
Acceptance fraction: 11.7%
Mean direction: θ=-165.45°, φ=57.52°
Uncertainties: Δθ=30.16°, Δφ=14.42°
68% credible angle: 28.32°

Angular error: 19.01°

======================================================================
SCENARIO (EMCEE): FULL_PIPELINE
======================================================================

Loaded 3847 matched main-track clusters across U, V, X planes
Using all 3847 main-track clusters
Loading CT model from: /eos/user/e/evilla/dune/sn-tps/neural_networks/charge_topology/best_model.keras

✗ full_pipeline failed: File not found: filepath=/eos/user/e/evilla/dune/sn-tps/neural_networks/charge_topology/best_model.keras. Please ensure the file is an accessible `.keras` zip file.

======================================================================
SCENARIO (EMCEE): WEIGHTED_CT
======================================================================

Loaded 3847 matched main-track clusters across U, V, X planes
Using all 3847 main-track clusters
Loading CT model from: /eos/user/e/evilla/dune/sn-tps/neural_networks/charge_topology/best_model.keras

✗ weighted_ct failed: File not found: filepath=/eos/user/e/evilla/dune/sn-tps/neural_networks/charge_topology/best_model.keras. Please ensure the file is an accessible `.keras` zip file.

======================================================================
SCENARIO (EMCEE): PERFECT_CT_E_GT_10MEV
======================================================================

Loaded 3847 matched main-track clusters across U, V, X planes
Selected 275 ES main tracks
Loading ED model from: /eos/home-e/evilla/dune/sn-tps/neural_networks/electron_direction/three_plane_three_plane_v58_200k_lr_schedule_20251118_110931/checkpoints/model_epoch_12_val_loss_0.8898.keras
Running ED inference...
Applying E > 10 MeV cut
After energy cut: 147 clusters
Running emcee: 64 walkers × 2000 steps...
Acceptance fraction: 9.9%
Mean direction: θ=-166.54°, φ=57.40°
Uncertainties: Δθ=30.12°, Δφ=16.01°
68% credible angle: 27.24°

Angular error: 19.86°

======================================================================
SCENARIO (EMCEE): PERFECT_CT_E_GT_20MEV
======================================================================

Loaded 3847 matched main-track clusters across U, V, X planes
Selected 275 ES main tracks
Loading ED model from: /eos/home-e/evilla/dune/sn-tps/neural_networks/electron_direction/three_plane_three_plane_v58_200k_lr_schedule_20251118_110931/checkpoints/model_epoch_12_val_loss_0.8898.keras
Running ED inference...
Applying E > 20 MeV cut
After energy cut: 30 clusters
Running emcee: 64 walkers × 2000 steps...
Acceptance fraction: 12.8%
Mean direction: θ=-172.97°, φ=66.46°
Uncertainties: Δθ=64.03°, Δφ=28.99°
68% credible angle: 34.35°

Angular error: 28.78°

✓ Saved: /eos/project-e/ep-nu/evilla/sn-pointing/cat000020/pipeline/cat000020_scenario_best_case_emcee.npz

✓ Saved: /eos/project-e/ep-nu/evilla/sn-pointing/cat000020/pipeline/cat000020_scenario_perfect_ct_emcee.npz

✓ Saved: /eos/project-e/ep-nu/evilla/sn-pointing/cat000020/pipeline/cat000020_scenario_perfect_ct_e_gt_10mev_emcee.npz

✓ Saved: /eos/project-e/ep-nu/evilla/sn-pointing/cat000020/pipeline/cat000020_scenario_perfect_ct_e_gt_20mev_emcee.npz
✓ cat000020 completed successfully
