Processing cat000068 with 6 scenarios...
Cat directory: /eos/project-e/ep-nu/evilla/sn-pointing/cat000068
======================================================================
EMCEE RECONSTRUCTION FOR cat000068
======================================================================

Loading PDF from: /eos/home-e/evilla/dune/sn-tps/neural_networks/electron_direction/three_plane_three_plane_v58_200k_lr_schedule_20251118_110931/cosine_energy_pdf.npz
PDF loaded

======================================================================
SCENARIO (EMCEE): BEST_CASE
======================================================================

Loaded 3840 matched main-track clusters across U, V, X planes
Selected 291 ES main tracks
After E > 3 MeV cut: 291 clusters
Running emcee: 64 walkers × 2000 steps...
Acceptance fraction: 12.2%
Mean direction: θ=94.38°, φ=92.50°
Uncertainties: Δθ=89.61°, Δφ=17.56°
68% credible angle: 143.70°

Angular error: 8.96°

======================================================================
SCENARIO (EMCEE): PERFECT_CT
======================================================================

Loaded 3840 matched main-track clusters across U, V, X planes
Selected 291 ES main tracks
Loading ED model from: /eos/home-e/evilla/dune/sn-tps/neural_networks/electron_direction/three_plane_three_plane_v58_200k_lr_schedule_20251118_110931/checkpoints/model_epoch_12_val_loss_0.8898.keras
Running ED inference...
After energy cut: 291 clusters
Running emcee: 64 walkers × 2000 steps...
Acceptance fraction: 9.9%
Mean direction: θ=140.19°, φ=87.95°
Uncertainties: Δθ=85.93°, Δφ=17.37°
68% credible angle: 106.28°

Angular error: 38.12°

======================================================================
SCENARIO (EMCEE): FULL_PIPELINE
======================================================================

Loaded 3840 matched main-track clusters across U, V, X planes
Using all 3840 main-track clusters
Loading CT model from: /eos/user/e/evilla/dune/sn-tps/neural_networks/charge_topology/best_model.keras

✗ full_pipeline failed: File not found: filepath=/eos/user/e/evilla/dune/sn-tps/neural_networks/charge_topology/best_model.keras. Please ensure the file is an accessible `.keras` zip file.

======================================================================
SCENARIO (EMCEE): WEIGHTED_CT
======================================================================

Loaded 3840 matched main-track clusters across U, V, X planes
Using all 3840 main-track clusters
Loading CT model from: /eos/user/e/evilla/dune/sn-tps/neural_networks/charge_topology/best_model.keras

✗ weighted_ct failed: File not found: filepath=/eos/user/e/evilla/dune/sn-tps/neural_networks/charge_topology/best_model.keras. Please ensure the file is an accessible `.keras` zip file.

======================================================================
SCENARIO (EMCEE): PERFECT_CT_E_GT_10MEV
======================================================================

Loaded 3840 matched main-track clusters across U, V, X planes
Selected 291 ES main tracks
Loading ED model from: /eos/home-e/evilla/dune/sn-tps/neural_networks/electron_direction/three_plane_three_plane_v58_200k_lr_schedule_20251118_110931/checkpoints/model_epoch_12_val_loss_0.8898.keras
Running ED inference...
Applying E > 10 MeV cut
After energy cut: 164 clusters
Running emcee: 64 walkers × 2000 steps...
Acceptance fraction: 9.2%
Mean direction: θ=151.71°, φ=90.00°
Uncertainties: Δθ=117.51°, Δφ=15.71°
68% credible angle: 100.62°

Angular error: 49.71°

======================================================================
SCENARIO (EMCEE): PERFECT_CT_E_GT_20MEV
======================================================================

Loaded 3840 matched main-track clusters across U, V, X planes
Selected 291 ES main tracks
Loading ED model from: /eos/home-e/evilla/dune/sn-tps/neural_networks/electron_direction/three_plane_three_plane_v58_200k_lr_schedule_20251118_110931/checkpoints/model_epoch_12_val_loss_0.8898.keras
Running ED inference...
Applying E > 20 MeV cut
After energy cut: 38 clusters
Running emcee: 64 walkers × 2000 steps...
Acceptance fraction: 10.4%
Mean direction: θ=3.39°, φ=85.66°
Uncertainties: Δθ=152.10°, Δφ=12.81°
68% credible angle: 100.71°

Angular error: 98.46°

✓ Saved: /eos/project-e/ep-nu/evilla/sn-pointing/cat000068/pipeline/cat000068_scenario_best_case_emcee.npz

✓ Saved: /eos/project-e/ep-nu/evilla/sn-pointing/cat000068/pipeline/cat000068_scenario_perfect_ct_emcee.npz

✓ Saved: /eos/project-e/ep-nu/evilla/sn-pointing/cat000068/pipeline/cat000068_scenario_perfect_ct_e_gt_10mev_emcee.npz

✓ Saved: /eos/project-e/ep-nu/evilla/sn-pointing/cat000068/pipeline/cat000068_scenario_perfect_ct_e_gt_20mev_emcee.npz
✓ cat000068 completed successfully
