==================================================================
Processing cat000264 with EMCEE - ALL SCENARIOS
==================================================================
======================================================================
EMCEE RECONSTRUCTION FOR cat000264
======================================================================

Loading PDF from: /eos/home-e/evilla/dune/sn-tps/neural_networks/electron_direction/three_plane_three_plane_v58_200k_lr_schedule_20251118_110931/cosine_energy_pdf.npz
PDF loaded

======================================================================
SCENARIO (EMCEE): PERFECT_CT
======================================================================

Loaded 3396 matched clusters across U, V, X planes
Selected clusters: 253
Running emcee: 64 walkers × 2000 steps...
Acceptance fraction: 14.5%
Mean direction: θ=175.18°, φ=48.93°
Uncertainties: Δθ=37.30°, Δφ=14.27°
68% credible angle: 25.37°

Angular error: 30.98°

======================================================================
SCENARIO (EMCEE): ES_MAIN_CC_SHOWER
======================================================================

Loaded 3396 matched clusters across U, V, X planes
Selected clusters: 253
Running emcee: 64 walkers × 2000 steps...
Acceptance fraction: 11.4%
Mean direction: θ=173.23°, φ=45.78°
Uncertainties: Δθ=34.87°, Δφ=14.85°
68% credible angle: 25.40°

Angular error: 28.78°

======================================================================
SCENARIO (EMCEE): ES_MAIN_CC_ALL
======================================================================

Loaded 3396 matched clusters across U, V, X planes
Selected clusters: 253
Running emcee: 64 walkers × 2000 steps...
Acceptance fraction: 11.4%
Mean direction: θ=159.97°, φ=49.03°
Uncertainties: Δθ=40.26°, Δφ=15.00°
68% credible angle: 35.62°

Angular error: 20.00°

======================================================================
SCENARIO (EMCEE): ES_ALL_CC_SHOWER
======================================================================

Loaded 3396 matched clusters across U, V, X planes
Selected clusters: 253
Running emcee: 64 walkers × 2000 steps...
Acceptance fraction: 12.2%
Mean direction: θ=170.66°, φ=46.34°
Uncertainties: Δθ=33.85°, Δφ=15.27°
68% credible angle: 27.26°

Angular error: 27.09°

======================================================================
SCENARIO (EMCEE): ES_ALL_CC_ALL
======================================================================

Loaded 3396 matched clusters across U, V, X planes
Selected clusters: 253
Running emcee: 64 walkers × 2000 steps...
Acceptance fraction: 11.7%
Mean direction: θ=171.22°, φ=47.54°
Uncertainties: Δθ=33.71°, Δφ=14.93°
68% credible angle: 27.34°

Angular error: 27.75°

======================================================================
SCENARIO (EMCEE): ALL_TRACKS_ALL_SHOWERS
======================================================================

Loaded 3396 matched clusters across U, V, X planes
Selected clusters: 3396
Running emcee: 64 walkers × 2000 steps...
Acceptance fraction: 3.8%
Mean direction: θ=-160.05°, φ=92.25°
Uncertainties: Δθ=63.27°, Δφ=29.83°
68% credible angle: 77.28°

Angular error: 74.95°

✓ Saved: /eos/project-e/ep-nu/evilla/sn-pointing/cat000264/pipeline/cat000264_scenario_perfect_ct_emcee.npz

✓ Saved: /eos/project-e/ep-nu/evilla/sn-pointing/cat000264/pipeline/cat000264_scenario_es_main_cc_shower_emcee.npz

✓ Saved: /eos/project-e/ep-nu/evilla/sn-pointing/cat000264/pipeline/cat000264_scenario_es_main_cc_all_emcee.npz

✓ Saved: /eos/project-e/ep-nu/evilla/sn-pointing/cat000264/pipeline/cat000264_scenario_es_all_cc_shower_emcee.npz

✓ Saved: /eos/project-e/ep-nu/evilla/sn-pointing/cat000264/pipeline/cat000264_scenario_es_all_cc_all_emcee.npz

✓ Saved: /eos/project-e/ep-nu/evilla/sn-pointing/cat000264/pipeline/cat000264_scenario_all_tracks_all_showers_emcee.npz
✓ cat000264 completed successfully
