000 (6420432.065.000) 11/20 17:10:12 Job submitted from host: <188.185.125.71:9618?addrs=188.185.125.71-9618+[2001-1458-d00-4a--100-15e]-9618&alias=bigbird28.cern.ch&noUDP&sock=schedd_2239_58a3>
...
040 (6420432.065.000) 11/20 19:07:52 Started transferring input files
	Transferring to host: <188.185.92.157:9618?addrs=188.185.92.157-9618+[2001-1458-d00-6c--100-379]-9618&alias=b9g57n1695.cern.ch&noUDP&sock=slot1_1_5389_c9b4_9932>
...
040 (6420432.065.000) 11/20 19:07:52 Finished transferring input files
...
001 (6420432.065.000) 11/20 19:07:53 Job executing on host: <188.185.92.157:9618?addrs=188.185.92.157-9618+[2001-1458-d00-6c--100-379]-9618&alias=b9g57n1695.cern.ch&noUDP&sock=startd_5342_bf03>
	SlotName: slot1_1@b9g57n1695.cern.ch
	AvailableGPUs = { GPUs_GPU_837d59ba }
	CondorScratchDir = "/pool/condor/dir_2887809"
	Cpus = 11
	Disk = 8389178
	GPUs = 1
	GPUs_GPU_837d59ba = [ Id = "GPU-837d59ba"; ClockMhz = 1410.0; Capability = 8.0; CoresPerCU = 64; DeviceName = "NVIDIA A100-PCIE-40GB"; DeviceUuid = "837d59ba-8828-f50d-eac6-78cf9176c415"; ECCEnabled = true; ComputeUnits = 108; DriverVersion = 13.0; DevicePciBusId = "0000:06:00.0"; GlobalMemoryMb = 40441; MaxSupportedVersion = 13000 ]
	Memory = 33000
...
006 (6420432.065.000) 11/20 19:08:06 Image size of job updated: 323784
	317  -  MemoryUsage of job (MB)
	323784  -  ResidentSetSize of job (KB)
...
006 (6420432.065.000) 11/20 19:13:06 Image size of job updated: 2192332
	1294  -  MemoryUsage of job (MB)
	1324316  -  ResidentSetSize of job (KB)
...
006 (6420432.065.000) 11/20 19:17:15 Image size of job updated: 2193012
	1294  -  MemoryUsage of job (MB)
	1324316  -  ResidentSetSize of job (KB)
...
040 (6420432.065.000) 11/20 19:17:15 Started transferring output files
...
040 (6420432.065.000) 11/20 19:17:15 Finished transferring output files
...
005 (6420432.065.000) 11/20 19:17:15 Job terminated.
	(1) Normal termination (return value 0)
		Usr 0 00:17:35, Sys 0 00:01:12  -  Run Remote Usage
		Usr 0 00:00:00, Sys 0 00:00:00  -  Run Local Usage
		Usr 0 00:17:35, Sys 0 00:01:12  -  Total Remote Usage
		Usr 0 00:00:00, Sys 0 00:00:00  -  Total Local Usage
	31378  -  Run Bytes Sent By Job
	1412394  -  Run Bytes Received By Job
	31378  -  Total Bytes Sent By Job
	1412394  -  Total Bytes Received By Job
	Partitionable Resources :    Usage  Request Allocated Assigned
	   Cpus                 :     4.20       11        11 
	   Disk (KB)            :  1436     8388608   8389178 
	   GPUs                 :     0           1         1 "GPU-837d59ba"
	   GpusMemory (MB)      :   544                       
	   Memory (MB)          :  1294       33000     33000 
	   TimeExecute (s)      :   562                       
	   TimeSlotBusy (s)     :   563                       

	Job terminated of its own accord at 2025-11-20T18:17:15Z with exit-code 0.
...
