Processing cat000009 with 6 scenarios...
Cat directory: /eos/project-e/ep-nu/evilla/sn-pointing/cat000009
======================================================================
EMCEE RECONSTRUCTION FOR cat000009
======================================================================

Loading PDF from: /eos/home-e/evilla/dune/sn-tps/neural_networks/electron_direction/three_plane_three_plane_v58_200k_lr_schedule_20251118_110931/cosine_energy_pdf.npz
PDF loaded

======================================================================
SCENARIO (EMCEE): BEST_CASE
======================================================================

Loaded 3849 matched main-track clusters across U, V, X planes
Selected 273 ES main tracks
After E > 3 MeV cut: 273 clusters
Running emcee: 64 walkers × 2000 steps...
Acceptance fraction: 10.1%
Mean direction: θ=-55.49°, φ=91.52°
Uncertainties: Δθ=37.61°, Δφ=17.99°
68% credible angle: 23.66°

Angular error: 2.39°

======================================================================
SCENARIO (EMCEE): PERFECT_CT
======================================================================

Loaded 3849 matched main-track clusters across U, V, X planes
Selected 273 ES main tracks
Loading ED model from: /eos/home-e/evilla/dune/sn-tps/neural_networks/electron_direction/three_plane_three_plane_v58_200k_lr_schedule_20251118_110931/checkpoints/model_epoch_12_val_loss_0.8898.keras
Running ED inference...
After energy cut: 273 clusters
Running emcee: 64 walkers × 2000 steps...
Acceptance fraction: 22.6%
Mean direction: θ=-57.62°, φ=87.79°
Uncertainties: Δθ=8.86°, Δφ=12.68°
68% credible angle: 18.49°

Angular error: 6.09°

======================================================================
SCENARIO (EMCEE): FULL_PIPELINE
======================================================================

Loaded 3849 matched main-track clusters across U, V, X planes
Using all 3849 main-track clusters
Loading CT model from: /eos/user/e/evilla/dune/sn-tps/neural_networks/channel_tagging/ct_volume_v52_batch_reload_20251116_101125/best_model.keras
Running CT inference...
CT selected 3480 ES candidates from 3849 clusters
  ES prob range: [0.000, 1.000]
Loading ED model from: /eos/home-e/evilla/dune/sn-tps/neural_networks/electron_direction/three_plane_three_plane_v58_200k_lr_schedule_20251118_110931/checkpoints/model_epoch_12_val_loss_0.8898.keras
Running ED inference on 3480 clusters...
After E > 3 MeV cut: 3454 clusters
Running emcee: 64 walkers × 2000 steps...
Acceptance fraction: 3.2%
Mean direction: θ=-105.38°, φ=100.13°
Uncertainties: Δθ=79.35°, Δφ=31.07°
68% credible angle: 72.91°

Angular error: 49.02°

======================================================================
SCENARIO (EMCEE): WEIGHTED_CT
======================================================================

Loaded 3849 matched main-track clusters across U, V, X planes
Using all 3849 main-track clusters
Loading CT model from: /eos/user/e/evilla/dune/sn-tps/neural_networks/channel_tagging/ct_volume_v52_batch_reload_20251116_101125/best_model.keras
Running CT inference...
CT selected 3480 ES candidates from 3849 clusters
  ES prob range: [0.000, 1.000]
Loading ED model from: /eos/home-e/evilla/dune/sn-tps/neural_networks/electron_direction/three_plane_three_plane_v58_200k_lr_schedule_20251118_110931/checkpoints/model_epoch_12_val_loss_0.8898.keras
Running ED inference on 3480 clusters...
Using CT weights (ES probabilities)
After E > 3 MeV cut: 3454 clusters
Running weighted MCMC with 3454 weights
Running emcee: 64 walkers × 2000 steps...
Acceptance fraction: 3.1%
Mean direction: θ=-130.35°, φ=99.69°
Uncertainties: Δθ=102.54°, Δφ=35.96°
68% credible angle: 94.79°

Angular error: 73.60°

======================================================================
SCENARIO (EMCEE): PERFECT_CT_E_GT_10MEV
======================================================================

Loaded 3849 matched main-track clusters across U, V, X planes
Selected 273 ES main tracks
Loading ED model from: /eos/home-e/evilla/dune/sn-tps/neural_networks/electron_direction/three_plane_three_plane_v58_200k_lr_schedule_20251118_110931/checkpoints/model_epoch_12_val_loss_0.8898.keras
Running ED inference...
Applying E > 10 MeV cut
After energy cut: 167 clusters
Running emcee: 64 walkers × 2000 steps...
Acceptance fraction: 22.0%
Mean direction: θ=-61.91°, φ=97.27°
Uncertainties: Δθ=20.40°, Δφ=9.95°
68% credible angle: 18.98°

Angular error: 6.54°

======================================================================
SCENARIO (EMCEE): PERFECT_CT_E_GT_20MEV
======================================================================

Loaded 3849 matched main-track clusters across U, V, X planes
Selected 273 ES main tracks
Loading ED model from: /eos/home-e/evilla/dune/sn-tps/neural_networks/electron_direction/three_plane_three_plane_v58_200k_lr_schedule_20251118_110931/checkpoints/model_epoch_12_val_loss_0.8898.keras
Running ED inference...
Applying E > 20 MeV cut
After energy cut: 35 clusters
Running emcee: 64 walkers × 2000 steps...
Acceptance fraction: 16.9%
Mean direction: θ=-17.73°, φ=86.06°
Uncertainties: Δθ=83.51°, Δφ=11.01°
68% credible angle: 90.12°

Angular error: 39.36°

✓ Saved: /eos/project-e/ep-nu/evilla/sn-pointing/cat000009/pipeline/cat000009_scenario_best_case_emcee.npz

✓ Saved: /eos/project-e/ep-nu/evilla/sn-pointing/cat000009/pipeline/cat000009_scenario_perfect_ct_emcee.npz

✓ Saved: /eos/project-e/ep-nu/evilla/sn-pointing/cat000009/pipeline/cat000009_scenario_full_pipeline_emcee.npz

✓ Saved: /eos/project-e/ep-nu/evilla/sn-pointing/cat000009/pipeline/cat000009_scenario_weighted_ct_emcee.npz

✓ Saved: /eos/project-e/ep-nu/evilla/sn-pointing/cat000009/pipeline/cat000009_scenario_perfect_ct_e_gt_10mev_emcee.npz

✓ Saved: /eos/project-e/ep-nu/evilla/sn-pointing/cat000009/pipeline/cat000009_scenario_perfect_ct_e_gt_20mev_emcee.npz
✓ cat000009 completed successfully
