==================================================================
Processing cat000325 with EMCEE - ALL SCENARIOS
==================================================================
======================================================================
EMCEE RECONSTRUCTION FOR cat000325
======================================================================

Loading PDF from: /eos/home-e/evilla/dune/sn-tps/neural_networks/electron_direction/three_plane_three_plane_v58_200k_lr_schedule_20251118_110931/cosine_energy_pdf.npz
PDF loaded

======================================================================
SCENARIO (EMCEE): PERFECT_CT
======================================================================

Loaded 3324 matched clusters across U, V, X planes
Selected clusters: 302
Running emcee: 64 walkers × 2000 steps...
Acceptance fraction: 8.5%
Mean direction: θ=154.44°, φ=141.07°
Uncertainties: Δθ=48.85°, Δφ=13.17°
68% credible angle: 27.47°

Angular error: 16.48°

======================================================================
SCENARIO (EMCEE): ES_MAIN_CC_SHOWER
======================================================================

Loaded 3324 matched clusters across U, V, X planes
Selected clusters: 302
Running emcee: 64 walkers × 2000 steps...
Acceptance fraction: 8.2%
Mean direction: θ=156.52°, φ=139.81°
Uncertainties: Δθ=48.92°, Δφ=14.15°
68% credible angle: 31.01°

Angular error: 18.29°

======================================================================
SCENARIO (EMCEE): ES_MAIN_CC_ALL
======================================================================

Loaded 3324 matched clusters across U, V, X planes
Selected clusters: 302
Running emcee: 64 walkers × 2000 steps...
Acceptance fraction: 9.3%
Mean direction: θ=143.91°, φ=144.97°
Uncertainties: Δθ=55.27°, Δφ=13.01°
68% credible angle: 32.98°

Angular error: 9.08°

======================================================================
SCENARIO (EMCEE): ES_ALL_CC_SHOWER
======================================================================

Loaded 3324 matched clusters across U, V, X planes
Selected clusters: 302
Running emcee: 64 walkers × 2000 steps...
Acceptance fraction: 8.3%
Mean direction: θ=131.95°, φ=145.19°
Uncertainties: Δθ=55.19°, Δφ=12.92°
68% credible angle: 32.93°

Angular error: 3.04°

======================================================================
SCENARIO (EMCEE): ES_ALL_CC_ALL
======================================================================

Loaded 3324 matched clusters across U, V, X planes
Selected clusters: 302
Running emcee: 64 walkers × 2000 steps...
Acceptance fraction: 9.4%
Mean direction: θ=140.50°, φ=140.37°
Uncertainties: Δθ=47.31°, Δφ=11.97°
68% credible angle: 36.49°

Angular error: 10.08°

======================================================================
SCENARIO (EMCEE): ALL_TRACKS_ALL_SHOWERS
======================================================================

Loaded 3324 matched clusters across U, V, X planes
Selected clusters: 3324
Running emcee: 64 walkers × 2000 steps...
Acceptance fraction: 3.7%
Mean direction: θ=-168.44°, φ=139.62°
Uncertainties: Δθ=46.22°, Δφ=19.35°
68% credible angle: 38.01°

Angular error: 37.07°

✓ Saved: /eos/project-e/ep-nu/evilla/sn-pointing/cat000325/pipeline/cat000325_scenario_perfect_ct_emcee.npz

✓ Saved: /eos/project-e/ep-nu/evilla/sn-pointing/cat000325/pipeline/cat000325_scenario_es_main_cc_shower_emcee.npz

✓ Saved: /eos/project-e/ep-nu/evilla/sn-pointing/cat000325/pipeline/cat000325_scenario_es_main_cc_all_emcee.npz

✓ Saved: /eos/project-e/ep-nu/evilla/sn-pointing/cat000325/pipeline/cat000325_scenario_es_all_cc_shower_emcee.npz

✓ Saved: /eos/project-e/ep-nu/evilla/sn-pointing/cat000325/pipeline/cat000325_scenario_es_all_cc_all_emcee.npz

✓ Saved: /eos/project-e/ep-nu/evilla/sn-pointing/cat000325/pipeline/cat000325_scenario_all_tracks_all_showers_emcee.npz
✓ cat000325 completed successfully
