==================================================================
Processing cat000282 with EMCEE - ALL SCENARIOS
==================================================================
======================================================================
EMCEE RECONSTRUCTION FOR cat000282
======================================================================

Loading PDF from: /eos/home-e/evilla/dune/sn-tps/neural_networks/electron_direction/three_plane_three_plane_v58_200k_lr_schedule_20251118_110931/cosine_energy_pdf.npz
PDF loaded

======================================================================
SCENARIO (EMCEE): PERFECT_CT
======================================================================

Loaded 3635 matched clusters across U, V, X planes
Selected clusters: 265
Running emcee: 64 walkers × 2000 steps...
Acceptance fraction: 12.2%
Mean direction: θ=-49.97°, φ=81.22°
Uncertainties: Δθ=17.93°, Δφ=14.56°
68% credible angle: 26.19°

Angular error: 2.11°

======================================================================
SCENARIO (EMCEE): ES_MAIN_CC_SHOWER
======================================================================

Loaded 3635 matched clusters across U, V, X planes
Selected clusters: 265
Running emcee: 64 walkers × 2000 steps...
Acceptance fraction: 11.2%
Mean direction: θ=-50.34°, φ=83.05°
Uncertainties: Δθ=20.77°, Δφ=15.89°
68% credible angle: 26.54°

Angular error: 2.05°

======================================================================
SCENARIO (EMCEE): ES_MAIN_CC_ALL
======================================================================

Loaded 3635 matched clusters across U, V, X planes
Selected clusters: 265
Running emcee: 64 walkers × 2000 steps...
Acceptance fraction: 10.0%
Mean direction: θ=-53.71°, φ=81.63°
Uncertainties: Δθ=31.10°, Δφ=14.79°
68% credible angle: 29.16°

Angular error: 1.69°

======================================================================
SCENARIO (EMCEE): ES_ALL_CC_SHOWER
======================================================================

Loaded 3635 matched clusters across U, V, X planes
Selected clusters: 265
Running emcee: 64 walkers × 2000 steps...
Acceptance fraction: 11.1%
Mean direction: θ=-50.03°, φ=84.84°
Uncertainties: Δθ=20.86°, Δφ=13.78°
68% credible angle: 26.09°

Angular error: 3.59°

======================================================================
SCENARIO (EMCEE): ES_ALL_CC_ALL
======================================================================

Loaded 3635 matched clusters across U, V, X planes
Selected clusters: 265
Running emcee: 64 walkers × 2000 steps...
Acceptance fraction: 17.3%
Mean direction: θ=-42.55°, φ=83.72°
Uncertainties: Δθ=19.10°, Δφ=13.15°
68% credible angle: 18.86°

Angular error: 9.57°

======================================================================
SCENARIO (EMCEE): ALL_TRACKS_ALL_SHOWERS
======================================================================

Loaded 3635 matched clusters across U, V, X planes
Selected clusters: 3635
Running emcee: 64 walkers × 2000 steps...
Acceptance fraction: 3.1%
Mean direction: θ=-76.67°, φ=99.46°
Uncertainties: Δθ=84.78°, Δφ=29.11°
68% credible angle: 54.74°

Angular error: 30.23°

✓ Saved: /eos/project-e/ep-nu/evilla/sn-pointing/cat000282/pipeline/cat000282_scenario_perfect_ct_emcee.npz

✓ Saved: /eos/project-e/ep-nu/evilla/sn-pointing/cat000282/pipeline/cat000282_scenario_es_main_cc_shower_emcee.npz

✓ Saved: /eos/project-e/ep-nu/evilla/sn-pointing/cat000282/pipeline/cat000282_scenario_es_main_cc_all_emcee.npz

✓ Saved: /eos/project-e/ep-nu/evilla/sn-pointing/cat000282/pipeline/cat000282_scenario_es_all_cc_shower_emcee.npz

✓ Saved: /eos/project-e/ep-nu/evilla/sn-pointing/cat000282/pipeline/cat000282_scenario_es_all_cc_all_emcee.npz

✓ Saved: /eos/project-e/ep-nu/evilla/sn-pointing/cat000282/pipeline/cat000282_scenario_all_tracks_all_showers_emcee.npz
✓ cat000282 completed successfully
