==================================================================
Processing cat000508 with EMCEE - ALL SCENARIOS
==================================================================
======================================================================
EMCEE RECONSTRUCTION FOR cat000508
======================================================================

Loading PDF from: /eos/home-e/evilla/dune/sn-tps/neural_networks/electron_direction/three_plane_three_plane_v58_200k_lr_schedule_20251118_110931/cosine_energy_pdf.npz
PDF loaded

======================================================================
SCENARIO (EMCEE): PERFECT_CT
======================================================================

Loaded 3660 matched clusters across U, V, X planes
Selected clusters: 292
Running emcee: 64 walkers × 2000 steps...
Acceptance fraction: 5.4%
Mean direction: θ=145.18°, φ=101.27°
Uncertainties: Δθ=47.43°, Δφ=19.36°
68% credible angle: 49.53°

Angular error: 26.14°

======================================================================
SCENARIO (EMCEE): ES_MAIN_CC_SHOWER
======================================================================

Loaded 3660 matched clusters across U, V, X planes
Selected clusters: 292
Running emcee: 64 walkers × 2000 steps...
Acceptance fraction: 5.6%
Mean direction: θ=153.48°, φ=98.53°
Uncertainties: Δθ=50.47°, Δφ=19.98°
68% credible angle: 57.37°

Angular error: 34.28°

======================================================================
SCENARIO (EMCEE): ES_MAIN_CC_ALL
======================================================================

Loaded 3660 matched clusters across U, V, X planes
Selected clusters: 292
Running emcee: 64 walkers × 2000 steps...
Acceptance fraction: 5.1%
Mean direction: θ=145.86°, φ=94.03°
Uncertainties: Δθ=53.83°, Δφ=18.81°
68% credible angle: 55.03°

Angular error: 27.21°

======================================================================
SCENARIO (EMCEE): ES_ALL_CC_SHOWER
======================================================================

Loaded 3660 matched clusters across U, V, X planes
Selected clusters: 292
Running emcee: 64 walkers × 2000 steps...
Acceptance fraction: 6.2%
Mean direction: θ=153.83°, φ=97.43°
Uncertainties: Δθ=38.32°, Δφ=18.78°
68% credible angle: 40.73°

Angular error: 34.68°

======================================================================
SCENARIO (EMCEE): ES_ALL_CC_ALL
======================================================================

Loaded 3660 matched clusters across U, V, X planes
Selected clusters: 292
Running emcee: 64 walkers × 2000 steps...
Acceptance fraction: 5.5%
Mean direction: θ=144.53°, φ=93.19°
Uncertainties: Δθ=47.01°, Δφ=20.29°
68% credible angle: 48.48°

Angular error: 26.06°

======================================================================
SCENARIO (EMCEE): ALL_TRACKS_ALL_SHOWERS
======================================================================

Loaded 3660 matched clusters across U, V, X planes
Selected clusters: 3660
Running emcee: 64 walkers × 2000 steps...
Acceptance fraction: 4.1%
Mean direction: θ=-172.78°, φ=86.57°
Uncertainties: Δθ=67.45°, Δφ=28.82°
68% credible angle: 65.93°

Angular error: 69.20°

✓ Saved: /eos/project-e/ep-nu/evilla/sn-pointing/cat000508/pipeline/cat000508_scenario_perfect_ct_emcee.npz

✓ Saved: /eos/project-e/ep-nu/evilla/sn-pointing/cat000508/pipeline/cat000508_scenario_es_main_cc_shower_emcee.npz

✓ Saved: /eos/project-e/ep-nu/evilla/sn-pointing/cat000508/pipeline/cat000508_scenario_es_main_cc_all_emcee.npz

✓ Saved: /eos/project-e/ep-nu/evilla/sn-pointing/cat000508/pipeline/cat000508_scenario_es_all_cc_shower_emcee.npz

✓ Saved: /eos/project-e/ep-nu/evilla/sn-pointing/cat000508/pipeline/cat000508_scenario_es_all_cc_all_emcee.npz

✓ Saved: /eos/project-e/ep-nu/evilla/sn-pointing/cat000508/pipeline/cat000508_scenario_all_tracks_all_showers_emcee.npz
✓ cat000508 completed successfully
