Processing cat000009 with 6 scenarios...
Cat directory: /eos/project-e/ep-nu/evilla/sn-pointing/cat000009
======================================================================
EMCEE RECONSTRUCTION FOR cat000009
======================================================================

Loading PDF from: /eos/home-e/evilla/dune/sn-tps/neural_networks/electron_direction/three_plane_three_plane_v58_200k_lr_schedule_20251118_110931/cosine_energy_pdf.npz
PDF loaded

======================================================================
SCENARIO (EMCEE): BEST_CASE
======================================================================

Loaded 3849 matched main-track clusters across U, V, X planes
Selected 273 ES main tracks
After E > 3 MeV cut: 273 clusters
Running emcee: 64 walkers × 2000 steps...
Acceptance fraction: 10.8%
Mean direction: θ=-58.07°, φ=95.29°
Uncertainties: Δθ=57.32°, Δφ=17.69°
68% credible angle: 28.24°

Angular error: 2.29°

======================================================================
SCENARIO (EMCEE): PERFECT_CT
======================================================================

Loaded 3849 matched main-track clusters across U, V, X planes
Selected 273 ES main tracks
Loading ED model from: /eos/home-e/evilla/dune/sn-tps/neural_networks/electron_direction/three_plane_three_plane_v58_200k_lr_schedule_20251118_110931/checkpoints/model_epoch_12_val_loss_0.8898.keras
Running ED inference...
After energy cut: 273 clusters
Running emcee: 64 walkers × 2000 steps...
Acceptance fraction: 19.9%
Mean direction: θ=-57.30°, φ=87.83°
Uncertainties: Δθ=9.74°, Δφ=13.19°
68% credible angle: 18.51°

Angular error: 6.00°

======================================================================
SCENARIO (EMCEE): FULL_PIPELINE
======================================================================

Loaded 3849 matched main-track clusters across U, V, X planes
Using all 3849 main-track clusters
Loading CT model from: /eos/user/e/evilla/dune/sn-tps/neural_networks/charge_topology/best_model.keras

✗ full_pipeline failed: File not found: filepath=/eos/user/e/evilla/dune/sn-tps/neural_networks/charge_topology/best_model.keras. Please ensure the file is an accessible `.keras` zip file.

======================================================================
SCENARIO (EMCEE): WEIGHTED_CT
======================================================================

Loaded 3849 matched main-track clusters across U, V, X planes
Using all 3849 main-track clusters
Loading CT model from: /eos/user/e/evilla/dune/sn-tps/neural_networks/charge_topology/best_model.keras

✗ weighted_ct failed: File not found: filepath=/eos/user/e/evilla/dune/sn-tps/neural_networks/charge_topology/best_model.keras. Please ensure the file is an accessible `.keras` zip file.

======================================================================
SCENARIO (EMCEE): PERFECT_CT_E_GT_10MEV
======================================================================

Loaded 3849 matched main-track clusters across U, V, X planes
Selected 273 ES main tracks
Loading ED model from: /eos/home-e/evilla/dune/sn-tps/neural_networks/electron_direction/three_plane_three_plane_v58_200k_lr_schedule_20251118_110931/checkpoints/model_epoch_12_val_loss_0.8898.keras
Running ED inference...
Applying E > 10 MeV cut
After energy cut: 167 clusters
Running emcee: 64 walkers × 2000 steps...
Acceptance fraction: 21.5%
Mean direction: θ=-62.23°, φ=95.58°
Uncertainties: Δθ=14.63°, Δφ=13.75°
68% credible angle: 26.87°

Angular error: 6.13°

======================================================================
SCENARIO (EMCEE): PERFECT_CT_E_GT_20MEV
======================================================================

Loaded 3849 matched main-track clusters across U, V, X planes
Selected 273 ES main tracks
Loading ED model from: /eos/home-e/evilla/dune/sn-tps/neural_networks/electron_direction/three_plane_three_plane_v58_200k_lr_schedule_20251118_110931/checkpoints/model_epoch_12_val_loss_0.8898.keras
Running ED inference...
Applying E > 20 MeV cut
After energy cut: 35 clusters
Running emcee: 64 walkers × 2000 steps...
Acceptance fraction: 20.1%
Mean direction: θ=-36.96°, φ=87.95°
Uncertainties: Δθ=71.82°, Δφ=11.04°
68% credible angle: 106.11°

Angular error: 20.24°

✓ Saved: /eos/project-e/ep-nu/evilla/sn-pointing/cat000009/pipeline/cat000009_scenario_best_case_emcee.npz

✓ Saved: /eos/project-e/ep-nu/evilla/sn-pointing/cat000009/pipeline/cat000009_scenario_perfect_ct_emcee.npz

✓ Saved: /eos/project-e/ep-nu/evilla/sn-pointing/cat000009/pipeline/cat000009_scenario_perfect_ct_e_gt_10mev_emcee.npz

✓ Saved: /eos/project-e/ep-nu/evilla/sn-pointing/cat000009/pipeline/cat000009_scenario_perfect_ct_e_gt_20mev_emcee.npz
✓ cat000009 completed successfully
