Processing cat000066 with 6 scenarios...
Cat directory: /eos/project-e/ep-nu/evilla/sn-pointing/cat000066
======================================================================
EMCEE RECONSTRUCTION FOR cat000066
======================================================================

Loading PDF from: /eos/home-e/evilla/dune/sn-tps/neural_networks/electron_direction/three_plane_three_plane_v58_200k_lr_schedule_20251118_110931/cosine_energy_pdf.npz
PDF loaded

======================================================================
SCENARIO (EMCEE): BEST_CASE
======================================================================

Loaded 3844 matched main-track clusters across U, V, X planes
Selected 271 ES main tracks
After E > 3 MeV cut: 271 clusters
Running emcee: 64 walkers × 2000 steps...
Acceptance fraction: 8.8%
Mean direction: θ=20.68°, φ=76.93°
Uncertainties: Δθ=43.04°, Δφ=26.88°
68% credible angle: 32.93°

Angular error: 17.46°

======================================================================
SCENARIO (EMCEE): PERFECT_CT
======================================================================

Loaded 3844 matched main-track clusters across U, V, X planes
Selected 271 ES main tracks
Loading ED model from: /eos/home-e/evilla/dune/sn-tps/neural_networks/electron_direction/three_plane_three_plane_v58_200k_lr_schedule_20251118_110931/checkpoints/model_epoch_12_val_loss_0.8898.keras
Running ED inference...
After energy cut: 271 clusters
Running emcee: 64 walkers × 2000 steps...
Acceptance fraction: 19.6%
Mean direction: θ=18.19°, φ=58.02°
Uncertainties: Δθ=17.97°, Δφ=17.39°
68% credible angle: 28.09°

Angular error: 4.79°

======================================================================
SCENARIO (EMCEE): FULL_PIPELINE
======================================================================

Loaded 3844 matched main-track clusters across U, V, X planes
Using all 3844 main-track clusters
Loading CT model from: /eos/user/e/evilla/dune/sn-tps/neural_networks/channel_tagging/ct_volume_v52_batch_reload_20251116_101125/best_model.keras
Running CT inference...
CT selected 3494 ES candidates from 3844 clusters
  ES prob range: [0.000, 1.000]
Loading ED model from: /eos/home-e/evilla/dune/sn-tps/neural_networks/electron_direction/three_plane_three_plane_v58_200k_lr_schedule_20251118_110931/checkpoints/model_epoch_12_val_loss_0.8898.keras
Running ED inference on 3494 clusters...
After E > 3 MeV cut: 3463 clusters
Running emcee: 64 walkers × 2000 steps...
Acceptance fraction: 3.4%
Mean direction: θ=-28.59°, φ=72.07°
Uncertainties: Δθ=95.01°, Δφ=44.84°
68% credible angle: 99.78°

Angular error: 48.66°

======================================================================
SCENARIO (EMCEE): WEIGHTED_CT
======================================================================

Loaded 3844 matched main-track clusters across U, V, X planes
Using all 3844 main-track clusters
Loading CT model from: /eos/user/e/evilla/dune/sn-tps/neural_networks/channel_tagging/ct_volume_v52_batch_reload_20251116_101125/best_model.keras
Running CT inference...
CT selected 3494 ES candidates from 3844 clusters
  ES prob range: [0.000, 1.000]
Loading ED model from: /eos/home-e/evilla/dune/sn-tps/neural_networks/electron_direction/three_plane_three_plane_v58_200k_lr_schedule_20251118_110931/checkpoints/model_epoch_12_val_loss_0.8898.keras
Running ED inference on 3494 clusters...
Using CT weights (ES probabilities)
After E > 3 MeV cut: 3463 clusters
Running weighted MCMC with 3463 weights
Running emcee: 64 walkers × 2000 steps...
Acceptance fraction: 2.8%
Mean direction: θ=62.83°, φ=85.47°
Uncertainties: Δθ=116.68°, Δφ=48.20°
68% credible angle: 101.24°

Angular error: 45.17°

======================================================================
SCENARIO (EMCEE): PERFECT_CT_E_GT_10MEV
======================================================================

Loaded 3844 matched main-track clusters across U, V, X planes
Selected 271 ES main tracks
Loading ED model from: /eos/home-e/evilla/dune/sn-tps/neural_networks/electron_direction/three_plane_three_plane_v58_200k_lr_schedule_20251118_110931/checkpoints/model_epoch_12_val_loss_0.8898.keras
Running ED inference...
Applying E > 10 MeV cut
After energy cut: 148 clusters
Running emcee: 64 walkers × 2000 steps...
Acceptance fraction: 12.4%
Mean direction: θ=-2.26°, φ=64.60°
Uncertainties: Δθ=35.98°, Δφ=29.28°
68% credible angle: 28.28°

Angular error: 23.21°

======================================================================
SCENARIO (EMCEE): PERFECT_CT_E_GT_20MEV
======================================================================

Loaded 3844 matched main-track clusters across U, V, X planes
Selected 271 ES main tracks
Loading ED model from: /eos/home-e/evilla/dune/sn-tps/neural_networks/electron_direction/three_plane_three_plane_v58_200k_lr_schedule_20251118_110931/checkpoints/model_epoch_12_val_loss_0.8898.keras
Running ED inference...
Applying E > 20 MeV cut
After energy cut: 36 clusters
Running emcee: 64 walkers × 2000 steps...
Acceptance fraction: 25.8%
Mean direction: θ=-11.60°, φ=73.30°
Uncertainties: Δθ=49.49°, Δφ=26.61°
68% credible angle: 22.78°

Angular error: 34.73°

✓ Saved: /eos/project-e/ep-nu/evilla/sn-pointing/cat000066/pipeline/cat000066_scenario_best_case_emcee.npz

✓ Saved: /eos/project-e/ep-nu/evilla/sn-pointing/cat000066/pipeline/cat000066_scenario_perfect_ct_emcee.npz

✓ Saved: /eos/project-e/ep-nu/evilla/sn-pointing/cat000066/pipeline/cat000066_scenario_full_pipeline_emcee.npz

✓ Saved: /eos/project-e/ep-nu/evilla/sn-pointing/cat000066/pipeline/cat000066_scenario_weighted_ct_emcee.npz

✓ Saved: /eos/project-e/ep-nu/evilla/sn-pointing/cat000066/pipeline/cat000066_scenario_perfect_ct_e_gt_10mev_emcee.npz

✓ Saved: /eos/project-e/ep-nu/evilla/sn-pointing/cat000066/pipeline/cat000066_scenario_perfect_ct_e_gt_20mev_emcee.npz
✓ cat000066 completed successfully
