Processing cat000176 with 6 scenarios...
Cat directory: /eos/project-e/ep-nu/evilla/sn-pointing/cat000176
======================================================================
EMCEE RECONSTRUCTION FOR cat000176
======================================================================

Loading PDF from: /eos/home-e/evilla/dune/sn-tps/neural_networks/electron_direction/three_plane_three_plane_v58_200k_lr_schedule_20251118_110931/cosine_energy_pdf.npz
PDF loaded

======================================================================
SCENARIO (EMCEE): BEST_CASE
======================================================================

Loaded 3253 matched main-track clusters across U, V, X planes
Selected 209 ES main tracks
After E > 3 MeV cut: 209 clusters
Running emcee: 64 walkers × 2000 steps...
Acceptance fraction: 12.2%
Mean direction: θ=-176.90°, φ=97.08°
Uncertainties: Δθ=18.93°, Δφ=12.13°
68% credible angle: 23.41°

Angular error: 5.77°

======================================================================
SCENARIO (EMCEE): PERFECT_CT
======================================================================

Loaded 3253 matched main-track clusters across U, V, X planes
Selected 209 ES main tracks
Loading ED model from: /eos/home-e/evilla/dune/sn-tps/neural_networks/electron_direction/three_plane_three_plane_v58_200k_lr_schedule_20251118_110931/checkpoints/model_epoch_12_val_loss_0.8898.keras
Running ED inference...
After energy cut: 209 clusters
Running emcee: 64 walkers × 2000 steps...
Acceptance fraction: 8.4%
Mean direction: θ=-172.25°, φ=97.89°
Uncertainties: Δθ=22.53°, Δφ=11.77°
68% credible angle: 29.43°

Angular error: 1.58°

======================================================================
SCENARIO (EMCEE): FULL_PIPELINE
======================================================================

Loaded 3253 matched main-track clusters across U, V, X planes
Using all 3253 main-track clusters
Loading CT model from: /eos/user/e/evilla/dune/sn-tps/neural_networks/channel_tagging/ct_volume_v52_batch_reload_20251116_101125/best_model.keras
Running CT inference...
CT selected 2960 ES candidates from 3253 clusters
  ES prob range: [0.000, 1.000]
Loading ED model from: /eos/home-e/evilla/dune/sn-tps/neural_networks/electron_direction/three_plane_three_plane_v58_200k_lr_schedule_20251118_110931/checkpoints/model_epoch_12_val_loss_0.8898.keras
Running ED inference on 2960 clusters...
After E > 3 MeV cut: 2942 clusters
Running emcee: 64 walkers × 2000 steps...
Acceptance fraction: 4.0%
Mean direction: θ=-161.65°, φ=93.14°
Uncertainties: Δθ=63.73°, Δφ=30.38°
68% credible angle: 68.27°

Angular error: 11.58°

======================================================================
SCENARIO (EMCEE): WEIGHTED_CT
======================================================================

Loaded 3253 matched main-track clusters across U, V, X planes
Using all 3253 main-track clusters
Loading CT model from: /eos/user/e/evilla/dune/sn-tps/neural_networks/channel_tagging/ct_volume_v52_batch_reload_20251116_101125/best_model.keras
Running CT inference...
CT selected 2960 ES candidates from 3253 clusters
  ES prob range: [0.000, 1.000]
Loading ED model from: /eos/home-e/evilla/dune/sn-tps/neural_networks/electron_direction/three_plane_three_plane_v58_200k_lr_schedule_20251118_110931/checkpoints/model_epoch_12_val_loss_0.8898.keras
Running ED inference on 2960 clusters...
Using CT weights (ES probabilities)
After E > 3 MeV cut: 2942 clusters
Running weighted MCMC with 2942 weights
Running emcee: 64 walkers × 2000 steps...
Acceptance fraction: 3.2%
Mean direction: θ=-160.58°, φ=98.20°
Uncertainties: Δθ=64.79°, Δφ=32.24°
68% credible angle: 50.73°

Angular error: 10.87°

======================================================================
SCENARIO (EMCEE): PERFECT_CT_E_GT_10MEV
======================================================================

Loaded 3253 matched main-track clusters across U, V, X planes
Selected 209 ES main tracks
Loading ED model from: /eos/home-e/evilla/dune/sn-tps/neural_networks/electron_direction/three_plane_three_plane_v58_200k_lr_schedule_20251118_110931/checkpoints/model_epoch_12_val_loss_0.8898.keras
Running ED inference...
Applying E > 10 MeV cut
After energy cut: 122 clusters
Running emcee: 64 walkers × 2000 steps...
Acceptance fraction: 11.9%
Mean direction: θ=-172.77°, φ=91.57°
Uncertainties: Δθ=24.26°, Δφ=14.11°
68% credible angle: 21.52°

Angular error: 7.82°

======================================================================
SCENARIO (EMCEE): PERFECT_CT_E_GT_20MEV
======================================================================

Loaded 3253 matched main-track clusters across U, V, X planes
Selected 209 ES main tracks
Loading ED model from: /eos/home-e/evilla/dune/sn-tps/neural_networks/electron_direction/three_plane_three_plane_v58_200k_lr_schedule_20251118_110931/checkpoints/model_epoch_12_val_loss_0.8898.keras
Running ED inference...
Applying E > 20 MeV cut
After energy cut: 39 clusters
Running emcee: 64 walkers × 2000 steps...
Acceptance fraction: 14.7%
Mean direction: θ=-177.80°, φ=97.34°
Uncertainties: Δθ=23.63°, Δφ=14.08°
68% credible angle: 22.46°

Angular error: 6.51°

✓ Saved: /eos/project-e/ep-nu/evilla/sn-pointing/cat000176/pipeline/cat000176_scenario_best_case_emcee.npz

✓ Saved: /eos/project-e/ep-nu/evilla/sn-pointing/cat000176/pipeline/cat000176_scenario_perfect_ct_emcee.npz

✓ Saved: /eos/project-e/ep-nu/evilla/sn-pointing/cat000176/pipeline/cat000176_scenario_full_pipeline_emcee.npz

✓ Saved: /eos/project-e/ep-nu/evilla/sn-pointing/cat000176/pipeline/cat000176_scenario_weighted_ct_emcee.npz

✓ Saved: /eos/project-e/ep-nu/evilla/sn-pointing/cat000176/pipeline/cat000176_scenario_perfect_ct_e_gt_10mev_emcee.npz

✓ Saved: /eos/project-e/ep-nu/evilla/sn-pointing/cat000176/pipeline/cat000176_scenario_perfect_ct_e_gt_20mev_emcee.npz
✓ cat000176 completed successfully
