Processing cat000181 with 6 scenarios...
Cat directory: /eos/project-e/ep-nu/evilla/sn-pointing/cat000181
======================================================================
EMCEE RECONSTRUCTION FOR cat000181
======================================================================

Loading PDF from: /eos/home-e/evilla/dune/sn-tps/neural_networks/electron_direction/three_plane_three_plane_v58_200k_lr_schedule_20251118_110931/cosine_energy_pdf.npz
PDF loaded

======================================================================
SCENARIO (EMCEE): BEST_CASE
======================================================================

Loaded 3281 matched main-track clusters across U, V, X planes
Selected 219 ES main tracks
After E > 3 MeV cut: 219 clusters
Running emcee: 64 walkers × 2000 steps...
Acceptance fraction: 9.8%
Mean direction: θ=175.33°, φ=78.85°
Uncertainties: Δθ=71.31°, Δφ=40.60°
68% credible angle: 66.23°

Angular error: 40.83°

======================================================================
SCENARIO (EMCEE): PERFECT_CT
======================================================================

Loaded 3281 matched main-track clusters across U, V, X planes
Selected 219 ES main tracks
Loading ED model from: /eos/home-e/evilla/dune/sn-tps/neural_networks/electron_direction/three_plane_three_plane_v58_200k_lr_schedule_20251118_110931/checkpoints/model_epoch_12_val_loss_0.8898.keras
Running ED inference...
After energy cut: 219 clusters
Running emcee: 64 walkers × 2000 steps...
Acceptance fraction: 9.3%
Mean direction: θ=-164.67°, φ=55.10°
Uncertainties: Δθ=29.75°, Δφ=18.78°
68% credible angle: 28.27°

Angular error: 11.15°

======================================================================
SCENARIO (EMCEE): FULL_PIPELINE
======================================================================

Loaded 3281 matched main-track clusters across U, V, X planes
Using all 3281 main-track clusters
Loading CT model from: /eos/user/e/evilla/dune/sn-tps/neural_networks/channel_tagging/ct_volume_v52_batch_reload_20251116_101125/best_model.keras
Running CT inference...
CT selected 2983 ES candidates from 3281 clusters
  ES prob range: [0.000, 1.000]
Loading ED model from: /eos/home-e/evilla/dune/sn-tps/neural_networks/electron_direction/three_plane_three_plane_v58_200k_lr_schedule_20251118_110931/checkpoints/model_epoch_12_val_loss_0.8898.keras
Running ED inference on 2983 clusters...
After E > 3 MeV cut: 2966 clusters
Running emcee: 64 walkers × 2000 steps...
Acceptance fraction: 5.9%
Mean direction: θ=-171.48°, φ=81.14°
Uncertainties: Δθ=49.81°, Δφ=24.83°
68% credible angle: 56.84°

Angular error: 35.92°

======================================================================
SCENARIO (EMCEE): WEIGHTED_CT
======================================================================

Loaded 3281 matched main-track clusters across U, V, X planes
Using all 3281 main-track clusters
Loading CT model from: /eos/user/e/evilla/dune/sn-tps/neural_networks/channel_tagging/ct_volume_v52_batch_reload_20251116_101125/best_model.keras
Running CT inference...
CT selected 2983 ES candidates from 3281 clusters
  ES prob range: [0.000, 1.000]
Loading ED model from: /eos/home-e/evilla/dune/sn-tps/neural_networks/electron_direction/three_plane_three_plane_v58_200k_lr_schedule_20251118_110931/checkpoints/model_epoch_12_val_loss_0.8898.keras
Running ED inference on 2983 clusters...
Using CT weights (ES probabilities)
After E > 3 MeV cut: 2966 clusters
Running weighted MCMC with 2966 weights
Running emcee: 64 walkers × 2000 steps...
Acceptance fraction: 8.3%
Mean direction: θ=-154.56°, φ=76.67°
Uncertainties: Δθ=41.72°, Δφ=20.05°
68% credible angle: 30.18°

Angular error: 27.31°

======================================================================
SCENARIO (EMCEE): PERFECT_CT_E_GT_10MEV
======================================================================

Loaded 3281 matched main-track clusters across U, V, X planes
Selected 219 ES main tracks
Loading ED model from: /eos/home-e/evilla/dune/sn-tps/neural_networks/electron_direction/three_plane_three_plane_v58_200k_lr_schedule_20251118_110931/checkpoints/model_epoch_12_val_loss_0.8898.keras
Running ED inference...
Applying E > 10 MeV cut
After energy cut: 121 clusters
Running emcee: 64 walkers × 2000 steps...
Acceptance fraction: 7.7%
Mean direction: θ=-175.96°, φ=58.00°
Uncertainties: Δθ=41.35°, Δφ=23.10°
68% credible angle: 29.99°

Angular error: 20.66°

======================================================================
SCENARIO (EMCEE): PERFECT_CT_E_GT_20MEV
======================================================================

Loaded 3281 matched main-track clusters across U, V, X planes
Selected 219 ES main tracks
Loading ED model from: /eos/home-e/evilla/dune/sn-tps/neural_networks/electron_direction/three_plane_three_plane_v58_200k_lr_schedule_20251118_110931/checkpoints/model_epoch_12_val_loss_0.8898.keras
Running ED inference...
Applying E > 20 MeV cut
After energy cut: 29 clusters
Running emcee: 64 walkers × 2000 steps...
Acceptance fraction: 9.4%
Mean direction: θ=-165.35°, φ=63.35°
Uncertainties: Δθ=58.30°, Δφ=31.01°
68% credible angle: 28.70°

Angular error: 17.52°

✓ Saved: /eos/project-e/ep-nu/evilla/sn-pointing/cat000181/pipeline/cat000181_scenario_best_case_emcee.npz

✓ Saved: /eos/project-e/ep-nu/evilla/sn-pointing/cat000181/pipeline/cat000181_scenario_perfect_ct_emcee.npz

✓ Saved: /eos/project-e/ep-nu/evilla/sn-pointing/cat000181/pipeline/cat000181_scenario_full_pipeline_emcee.npz

✓ Saved: /eos/project-e/ep-nu/evilla/sn-pointing/cat000181/pipeline/cat000181_scenario_weighted_ct_emcee.npz

✓ Saved: /eos/project-e/ep-nu/evilla/sn-pointing/cat000181/pipeline/cat000181_scenario_perfect_ct_e_gt_10mev_emcee.npz

✓ Saved: /eos/project-e/ep-nu/evilla/sn-pointing/cat000181/pipeline/cat000181_scenario_perfect_ct_e_gt_20mev_emcee.npz
✓ cat000181 completed successfully
