Processing cat000056 with 6 scenarios...
Cat directory: /eos/project-e/ep-nu/evilla/sn-pointing/cat000056
======================================================================
EMCEE RECONSTRUCTION FOR cat000056
======================================================================

Loading PDF from: /eos/home-e/evilla/dune/sn-tps/neural_networks/electron_direction/three_plane_three_plane_v58_200k_lr_schedule_20251118_110931/cosine_energy_pdf.npz
PDF loaded

======================================================================
SCENARIO (EMCEE): BEST_CASE
======================================================================

Loaded 3835 matched main-track clusters across U, V, X planes
Selected 277 ES main tracks
After E > 3 MeV cut: 277 clusters
Running emcee: 64 walkers × 2000 steps...
Acceptance fraction: 8.6%
Mean direction: θ=139.03°, φ=60.77°
Uncertainties: Δθ=46.44°, Δφ=26.41°
68% credible angle: 37.72°

Angular error: 13.71°

======================================================================
SCENARIO (EMCEE): PERFECT_CT
======================================================================

Loaded 3835 matched main-track clusters across U, V, X planes
Selected 277 ES main tracks
Loading ED model from: /eos/home-e/evilla/dune/sn-tps/neural_networks/electron_direction/three_plane_three_plane_v58_200k_lr_schedule_20251118_110931/checkpoints/model_epoch_12_val_loss_0.8898.keras
Running ED inference...
After energy cut: 277 clusters
Running emcee: 64 walkers × 2000 steps...
Acceptance fraction: 6.8%
Mean direction: θ=154.71°, φ=51.29°
Uncertainties: Δθ=29.23°, Δφ=19.82°
68% credible angle: 33.70°

Angular error: 17.94°

======================================================================
SCENARIO (EMCEE): FULL_PIPELINE
======================================================================

Loaded 3835 matched main-track clusters across U, V, X planes
Using all 3835 main-track clusters
Loading CT model from: /eos/user/e/evilla/dune/sn-tps/neural_networks/channel_tagging/ct_volume_v52_batch_reload_20251116_101125/best_model.keras
Running CT inference...
CT selected 3495 ES candidates from 3835 clusters
  ES prob range: [0.000, 1.000]
Loading ED model from: /eos/home-e/evilla/dune/sn-tps/neural_networks/electron_direction/three_plane_three_plane_v58_200k_lr_schedule_20251118_110931/checkpoints/model_epoch_12_val_loss_0.8898.keras
Running ED inference on 3495 clusters...
After E > 3 MeV cut: 3469 clusters
Running emcee: 64 walkers × 2000 steps...
Acceptance fraction: 2.9%
Mean direction: θ=177.46°, φ=95.88°
Uncertainties: Δθ=69.93°, Δφ=32.41°
68% credible angle: 72.75°

Angular error: 63.27°

======================================================================
SCENARIO (EMCEE): WEIGHTED_CT
======================================================================

Loaded 3835 matched main-track clusters across U, V, X planes
Using all 3835 main-track clusters
Loading CT model from: /eos/user/e/evilla/dune/sn-tps/neural_networks/channel_tagging/ct_volume_v52_batch_reload_20251116_101125/best_model.keras
Running CT inference...
CT selected 3495 ES candidates from 3835 clusters
  ES prob range: [0.000, 1.000]
Loading ED model from: /eos/home-e/evilla/dune/sn-tps/neural_networks/electron_direction/three_plane_three_plane_v58_200k_lr_schedule_20251118_110931/checkpoints/model_epoch_12_val_loss_0.8898.keras
Running ED inference on 3495 clusters...
Using CT weights (ES probabilities)
After E > 3 MeV cut: 3469 clusters
Running weighted MCMC with 3469 weights
Running emcee: 64 walkers × 2000 steps...
Acceptance fraction: 3.6%
Mean direction: θ=-168.72°, φ=98.72°
Uncertainties: Δθ=64.71°, Δφ=31.00°
68% credible angle: 68.35°

Angular error: 74.22°

======================================================================
SCENARIO (EMCEE): PERFECT_CT_E_GT_10MEV
======================================================================

Loaded 3835 matched main-track clusters across U, V, X planes
Selected 277 ES main tracks
Loading ED model from: /eos/home-e/evilla/dune/sn-tps/neural_networks/electron_direction/three_plane_three_plane_v58_200k_lr_schedule_20251118_110931/checkpoints/model_epoch_12_val_loss_0.8898.keras
Running ED inference...
Applying E > 10 MeV cut
After energy cut: 143 clusters
Running emcee: 64 walkers × 2000 steps...
Acceptance fraction: 14.0%
Mean direction: θ=164.57°, φ=46.43°
Uncertainties: Δθ=24.39°, Δφ=16.94°
68% credible angle: 20.74°

Angular error: 24.33°

======================================================================
SCENARIO (EMCEE): PERFECT_CT_E_GT_20MEV
======================================================================

Loaded 3835 matched main-track clusters across U, V, X planes
Selected 277 ES main tracks
Loading ED model from: /eos/home-e/evilla/dune/sn-tps/neural_networks/electron_direction/three_plane_three_plane_v58_200k_lr_schedule_20251118_110931/checkpoints/model_epoch_12_val_loss_0.8898.keras
Running ED inference...
Applying E > 20 MeV cut
After energy cut: 33 clusters
Running emcee: 64 walkers × 2000 steps...
Acceptance fraction: 13.2%
Mean direction: θ=162.17°, φ=66.74°
Uncertainties: Δθ=89.60°, Δφ=34.53°
68% credible angle: 141.05°

Angular error: 31.42°

✓ Saved: /eos/project-e/ep-nu/evilla/sn-pointing/cat000056/pipeline/cat000056_scenario_best_case_emcee.npz

✓ Saved: /eos/project-e/ep-nu/evilla/sn-pointing/cat000056/pipeline/cat000056_scenario_perfect_ct_emcee.npz

✓ Saved: /eos/project-e/ep-nu/evilla/sn-pointing/cat000056/pipeline/cat000056_scenario_full_pipeline_emcee.npz

✓ Saved: /eos/project-e/ep-nu/evilla/sn-pointing/cat000056/pipeline/cat000056_scenario_weighted_ct_emcee.npz

✓ Saved: /eos/project-e/ep-nu/evilla/sn-pointing/cat000056/pipeline/cat000056_scenario_perfect_ct_e_gt_10mev_emcee.npz

✓ Saved: /eos/project-e/ep-nu/evilla/sn-pointing/cat000056/pipeline/cat000056_scenario_perfect_ct_e_gt_20mev_emcee.npz
✓ cat000056 completed successfully
