Processing cat000296 with 6 scenarios...
Cat directory: /eos/project-e/ep-nu/evilla/sn-pointing/cat000296
======================================================================
EMCEE RECONSTRUCTION FOR cat000296
======================================================================

Loading PDF from: /eos/home-e/evilla/dune/sn-tps/neural_networks/electron_direction/three_plane_three_plane_v58_200k_lr_schedule_20251118_110931/cosine_energy_pdf.npz
PDF loaded

======================================================================
SCENARIO (EMCEE): BEST_CASE
======================================================================

Loaded 3798 matched main-track clusters across U, V, X planes
Selected 279 ES main tracks
After E > 3 MeV cut: 279 clusters
Running emcee: 64 walkers × 2000 steps...
Acceptance fraction: 9.1%
Mean direction: θ=-16.19°, φ=41.93°
Uncertainties: Δθ=30.29°, Δφ=16.22°
68% credible angle: 25.05°

Angular error: 6.52°

======================================================================
SCENARIO (EMCEE): PERFECT_CT
======================================================================

Loaded 3798 matched main-track clusters across U, V, X planes
Selected 279 ES main tracks
Loading ED model from: /eos/home-e/evilla/dune/sn-tps/neural_networks/electron_direction/three_plane_three_plane_v58_200k_lr_schedule_20251118_110931/checkpoints/model_epoch_12_val_loss_0.8898.keras
Running ED inference...
After energy cut: 279 clusters
Running emcee: 64 walkers × 2000 steps...
Acceptance fraction: 17.2%
Mean direction: θ=17.70°, φ=37.37°
Uncertainties: Δθ=24.94°, Δφ=21.95°
68% credible angle: 22.62°

Angular error: 17.85°

======================================================================
SCENARIO (EMCEE): FULL_PIPELINE
======================================================================

Loaded 3798 matched main-track clusters across U, V, X planes
Using all 3798 main-track clusters
Loading CT model from: /eos/user/e/evilla/dune/sn-tps/neural_networks/channel_tagging/ct_volume_v52_batch_reload_20251116_101125/best_model.keras
Running CT inference...
CT selected 3471 ES candidates from 3798 clusters
  ES prob range: [0.000, 1.000]
Loading ED model from: /eos/home-e/evilla/dune/sn-tps/neural_networks/electron_direction/three_plane_three_plane_v58_200k_lr_schedule_20251118_110931/checkpoints/model_epoch_12_val_loss_0.8898.keras
Running ED inference on 3471 clusters...
After E > 3 MeV cut: 3454 clusters
Running emcee: 64 walkers × 2000 steps...
Acceptance fraction: 4.6%
Mean direction: θ=-65.63°, φ=71.32°
Uncertainties: Δθ=98.94°, Δφ=37.31°
68% credible angle: 83.20°

Angular error: 53.75°

======================================================================
SCENARIO (EMCEE): WEIGHTED_CT
======================================================================

Loaded 3798 matched main-track clusters across U, V, X planes
Using all 3798 main-track clusters
Loading CT model from: /eos/user/e/evilla/dune/sn-tps/neural_networks/channel_tagging/ct_volume_v52_batch_reload_20251116_101125/best_model.keras
Running CT inference...
CT selected 3471 ES candidates from 3798 clusters
  ES prob range: [0.000, 1.000]
Loading ED model from: /eos/home-e/evilla/dune/sn-tps/neural_networks/electron_direction/three_plane_three_plane_v58_200k_lr_schedule_20251118_110931/checkpoints/model_epoch_12_val_loss_0.8898.keras
Running ED inference on 3471 clusters...
Using CT weights (ES probabilities)
After E > 3 MeV cut: 3454 clusters
Running weighted MCMC with 3454 weights
Running emcee: 64 walkers × 2000 steps...
Acceptance fraction: 4.7%
Mean direction: θ=-41.56°, φ=72.27°
Uncertainties: Δθ=107.82°, Δφ=41.78°
68% credible angle: 84.14°

Angular error: 42.78°

======================================================================
SCENARIO (EMCEE): PERFECT_CT_E_GT_10MEV
======================================================================

Loaded 3798 matched main-track clusters across U, V, X planes
Selected 279 ES main tracks
Loading ED model from: /eos/home-e/evilla/dune/sn-tps/neural_networks/electron_direction/three_plane_three_plane_v58_200k_lr_schedule_20251118_110931/checkpoints/model_epoch_12_val_loss_0.8898.keras
Running ED inference...
Applying E > 10 MeV cut
After energy cut: 152 clusters
Running emcee: 64 walkers × 2000 steps...
Acceptance fraction: 10.1%
Mean direction: θ=-2.80°, φ=43.61°
Uncertainties: Δθ=33.83°, Δφ=14.50°
68% credible angle: 29.28°

Angular error: 9.84°

======================================================================
SCENARIO (EMCEE): PERFECT_CT_E_GT_20MEV
======================================================================

Loaded 3798 matched main-track clusters across U, V, X planes
Selected 279 ES main tracks
Loading ED model from: /eos/home-e/evilla/dune/sn-tps/neural_networks/electron_direction/three_plane_three_plane_v58_200k_lr_schedule_20251118_110931/checkpoints/model_epoch_12_val_loss_0.8898.keras
Running ED inference...
Applying E > 20 MeV cut
After energy cut: 26 clusters
Running emcee: 64 walkers × 2000 steps...
Acceptance fraction: 18.6%
Mean direction: θ=-5.99°, φ=71.43°
Uncertainties: Δθ=75.51°, Δφ=41.59°
68% credible angle: 49.70°

Angular error: 35.89°

✓ Saved: /eos/project-e/ep-nu/evilla/sn-pointing/cat000296/pipeline/cat000296_scenario_best_case_emcee.npz

✓ Saved: /eos/project-e/ep-nu/evilla/sn-pointing/cat000296/pipeline/cat000296_scenario_perfect_ct_emcee.npz

✓ Saved: /eos/project-e/ep-nu/evilla/sn-pointing/cat000296/pipeline/cat000296_scenario_full_pipeline_emcee.npz

✓ Saved: /eos/project-e/ep-nu/evilla/sn-pointing/cat000296/pipeline/cat000296_scenario_weighted_ct_emcee.npz

✓ Saved: /eos/project-e/ep-nu/evilla/sn-pointing/cat000296/pipeline/cat000296_scenario_perfect_ct_e_gt_10mev_emcee.npz

✓ Saved: /eos/project-e/ep-nu/evilla/sn-pointing/cat000296/pipeline/cat000296_scenario_perfect_ct_e_gt_20mev_emcee.npz
✓ cat000296 completed successfully
