Processing cat000095 with 6 scenarios...
Cat directory: /eos/project-e/ep-nu/evilla/sn-pointing/cat000095
======================================================================
EMCEE RECONSTRUCTION FOR cat000095
======================================================================

Loading PDF from: /eos/home-e/evilla/dune/sn-tps/neural_networks/electron_direction/three_plane_three_plane_v58_200k_lr_schedule_20251118_110931/cosine_energy_pdf.npz
PDF loaded

======================================================================
SCENARIO (EMCEE): BEST_CASE
======================================================================

Loaded 3820 matched main-track clusters across U, V, X planes
Selected 293 ES main tracks
After E > 3 MeV cut: 293 clusters
Running emcee: 64 walkers × 2000 steps...
Acceptance fraction: 8.3%
Mean direction: θ=79.81°, φ=75.82°
Uncertainties: Δθ=44.43°, Δφ=28.63°
68% credible angle: 30.14°

Angular error: 7.91°

======================================================================
SCENARIO (EMCEE): PERFECT_CT
======================================================================

Loaded 3820 matched main-track clusters across U, V, X planes
Selected 293 ES main tracks
Loading ED model from: /eos/home-e/evilla/dune/sn-tps/neural_networks/electron_direction/three_plane_three_plane_v58_200k_lr_schedule_20251118_110931/checkpoints/model_epoch_12_val_loss_0.8898.keras
Running ED inference...
After energy cut: 293 clusters
Running emcee: 64 walkers × 2000 steps...
Acceptance fraction: 9.2%
Mean direction: θ=81.46°, φ=59.04°
Uncertainties: Δθ=48.28°, Δφ=23.89°
68% credible angle: 31.44°

Angular error: 9.31°

======================================================================
SCENARIO (EMCEE): FULL_PIPELINE
======================================================================

Loaded 3820 matched main-track clusters across U, V, X planes
Using all 3820 main-track clusters
Loading CT model from: /eos/user/e/evilla/dune/sn-tps/neural_networks/channel_tagging/ct_volume_v52_batch_reload_20251116_101125/best_model.keras
Running CT inference...
CT selected 3482 ES candidates from 3820 clusters
  ES prob range: [0.000, 1.000]
Loading ED model from: /eos/home-e/evilla/dune/sn-tps/neural_networks/electron_direction/three_plane_three_plane_v58_200k_lr_schedule_20251118_110931/checkpoints/model_epoch_12_val_loss_0.8898.keras
Running ED inference on 3482 clusters...
After E > 3 MeV cut: 3460 clusters
Running emcee: 64 walkers × 2000 steps...
Acceptance fraction: 3.2%
Mean direction: θ=-164.61°, φ=89.43°
Uncertainties: Δθ=75.90°, Δφ=27.75°
68% credible angle: 81.66°

Angular error: 111.06°

======================================================================
SCENARIO (EMCEE): WEIGHTED_CT
======================================================================

Loaded 3820 matched main-track clusters across U, V, X planes
Using all 3820 main-track clusters
Loading CT model from: /eos/user/e/evilla/dune/sn-tps/neural_networks/channel_tagging/ct_volume_v52_batch_reload_20251116_101125/best_model.keras
Running CT inference...
CT selected 3482 ES candidates from 3820 clusters
  ES prob range: [0.000, 1.000]
Loading ED model from: /eos/home-e/evilla/dune/sn-tps/neural_networks/electron_direction/three_plane_three_plane_v58_200k_lr_schedule_20251118_110931/checkpoints/model_epoch_12_val_loss_0.8898.keras
Running ED inference on 3482 clusters...
Using CT weights (ES probabilities)
After E > 3 MeV cut: 3460 clusters
Running weighted MCMC with 3460 weights
Running emcee: 64 walkers × 2000 steps...
Acceptance fraction: 3.4%
Mean direction: θ=173.10°, φ=88.88°
Uncertainties: Δθ=93.32°, Δφ=29.33°
68% credible angle: 76.09°

Angular error: 90.25°

======================================================================
SCENARIO (EMCEE): PERFECT_CT_E_GT_10MEV
======================================================================

Loaded 3820 matched main-track clusters across U, V, X planes
Selected 293 ES main tracks
Loading ED model from: /eos/home-e/evilla/dune/sn-tps/neural_networks/electron_direction/three_plane_three_plane_v58_200k_lr_schedule_20251118_110931/checkpoints/model_epoch_12_val_loss_0.8898.keras
Running ED inference...
Applying E > 10 MeV cut
After energy cut: 148 clusters
Running emcee: 64 walkers × 2000 steps...
Acceptance fraction: 9.4%
Mean direction: θ=77.51°, φ=69.39°
Uncertainties: Δθ=95.03°, Δφ=24.94°
68% credible angle: 74.35°

Angular error: 4.68°

======================================================================
SCENARIO (EMCEE): PERFECT_CT_E_GT_20MEV
======================================================================

Loaded 3820 matched main-track clusters across U, V, X planes
Selected 293 ES main tracks
Loading ED model from: /eos/home-e/evilla/dune/sn-tps/neural_networks/electron_direction/three_plane_three_plane_v58_200k_lr_schedule_20251118_110931/checkpoints/model_epoch_12_val_loss_0.8898.keras
Running ED inference...
Applying E > 20 MeV cut
After energy cut: 32 clusters
Running emcee: 64 walkers × 2000 steps...
Acceptance fraction: 25.8%
Mean direction: θ=82.86°, φ=59.64°
Uncertainties: Δθ=54.56°, Δφ=15.06°
68% credible angle: 13.79°

Angular error: 8.68°

✓ Saved: /eos/project-e/ep-nu/evilla/sn-pointing/cat000095/pipeline/cat000095_scenario_best_case_emcee.npz

✓ Saved: /eos/project-e/ep-nu/evilla/sn-pointing/cat000095/pipeline/cat000095_scenario_perfect_ct_emcee.npz

✓ Saved: /eos/project-e/ep-nu/evilla/sn-pointing/cat000095/pipeline/cat000095_scenario_full_pipeline_emcee.npz

✓ Saved: /eos/project-e/ep-nu/evilla/sn-pointing/cat000095/pipeline/cat000095_scenario_weighted_ct_emcee.npz

✓ Saved: /eos/project-e/ep-nu/evilla/sn-pointing/cat000095/pipeline/cat000095_scenario_perfect_ct_e_gt_10mev_emcee.npz

✓ Saved: /eos/project-e/ep-nu/evilla/sn-pointing/cat000095/pipeline/cat000095_scenario_perfect_ct_e_gt_20mev_emcee.npz
✓ cat000095 completed successfully
