==================================================================
Processing cat000240 with EMCEE - ALL SCENARIOS
==================================================================
======================================================================
EMCEE RECONSTRUCTION FOR cat000240
======================================================================

Loading PDF from: /eos/home-e/evilla/dune/sn-tps/neural_networks/electron_direction/three_plane_three_plane_v58_200k_lr_schedule_20251118_110931/cosine_energy_pdf.npz
PDF loaded

======================================================================
SCENARIO (EMCEE): PERFECT_CT
======================================================================

Loaded 3808 matched clusters across U, V, X planes
Selected clusters: 258
Running emcee: 64 walkers × 2000 steps...
Acceptance fraction: 8.5%
Mean direction: θ=-153.93°, φ=78.88°
Uncertainties: Δθ=45.37°, Δφ=15.86°
68% credible angle: 44.47°

Angular error: 41.60°

======================================================================
SCENARIO (EMCEE): ES_MAIN_CC_SHOWER
======================================================================

Loaded 3808 matched clusters across U, V, X planes
Selected clusters: 258
Running emcee: 64 walkers × 2000 steps...
Acceptance fraction: 8.6%
Mean direction: θ=-155.59°, φ=80.13°
Uncertainties: Δθ=46.58°, Δφ=14.17°
68% credible angle: 41.99°

Angular error: 43.22°

======================================================================
SCENARIO (EMCEE): ES_MAIN_CC_ALL
======================================================================

Loaded 3808 matched clusters across U, V, X planes
Selected clusters: 258
Running emcee: 64 walkers × 2000 steps...
Acceptance fraction: 8.4%
Mean direction: θ=-142.48°, φ=80.27°
Uncertainties: Δθ=50.87°, Δφ=14.82°
68% credible angle: 43.70°

Angular error: 30.31°

======================================================================
SCENARIO (EMCEE): ES_ALL_CC_SHOWER
======================================================================

Loaded 3808 matched clusters across U, V, X planes
Selected clusters: 258
Running emcee: 64 walkers × 2000 steps...
Acceptance fraction: 8.4%
Mean direction: θ=-141.88°, φ=80.99°
Uncertainties: Δθ=48.17°, Δφ=16.90°
68% credible angle: 42.45°

Angular error: 29.70°

======================================================================
SCENARIO (EMCEE): ES_ALL_CC_ALL
======================================================================

Loaded 3808 matched clusters across U, V, X planes
Selected clusters: 258
Running emcee: 64 walkers × 2000 steps...
Acceptance fraction: 8.8%
Mean direction: θ=-154.54°, φ=77.92°
Uncertainties: Δθ=51.49°, Δφ=14.56°
68% credible angle: 45.87°

Angular error: 42.21°

======================================================================
SCENARIO (EMCEE): ALL_TRACKS_ALL_SHOWERS
======================================================================

Loaded 3808 matched clusters across U, V, X planes
Selected clusters: 3808
Running emcee: 64 walkers × 2000 steps...
Acceptance fraction: 3.8%
Mean direction: θ=-160.46°, φ=105.23°
Uncertainties: Δθ=61.01°, Δφ=29.22°
68% credible angle: 58.41°

Angular error: 53.37°

✓ Saved: /eos/project-e/ep-nu/evilla/sn-pointing/cat000240/pipeline/cat000240_scenario_perfect_ct_emcee.npz

✓ Saved: /eos/project-e/ep-nu/evilla/sn-pointing/cat000240/pipeline/cat000240_scenario_es_main_cc_shower_emcee.npz

✓ Saved: /eos/project-e/ep-nu/evilla/sn-pointing/cat000240/pipeline/cat000240_scenario_es_main_cc_all_emcee.npz

✓ Saved: /eos/project-e/ep-nu/evilla/sn-pointing/cat000240/pipeline/cat000240_scenario_es_all_cc_shower_emcee.npz

✓ Saved: /eos/project-e/ep-nu/evilla/sn-pointing/cat000240/pipeline/cat000240_scenario_es_all_cc_all_emcee.npz

✓ Saved: /eos/project-e/ep-nu/evilla/sn-pointing/cat000240/pipeline/cat000240_scenario_all_tracks_all_showers_emcee.npz
✓ cat000240 completed successfully
