==================================================================
Processing cat000375 with EMCEE - ALL SCENARIOS
==================================================================
======================================================================
EMCEE RECONSTRUCTION FOR cat000375
======================================================================

Loading PDF from: /eos/home-e/evilla/dune/sn-tps/neural_networks/electron_direction/three_plane_three_plane_v58_200k_lr_schedule_20251118_110931/cosine_energy_pdf.npz
PDF loaded

======================================================================
SCENARIO (EMCEE): PERFECT_CT
======================================================================

Loaded 3483 matched clusters across U, V, X planes
Selected clusters: 258
Running emcee: 64 walkers × 2000 steps...
Acceptance fraction: 13.6%
Mean direction: θ=-5.76°, φ=118.30°
Uncertainties: Δθ=24.05°, Δφ=13.97°
68% credible angle: 23.44°

Angular error: 8.61°

======================================================================
SCENARIO (EMCEE): ES_MAIN_CC_SHOWER
======================================================================

Loaded 3483 matched clusters across U, V, X planes
Selected clusters: 258
Running emcee: 64 walkers × 2000 steps...
Acceptance fraction: 16.6%
Mean direction: θ=-0.09°, φ=116.26°
Uncertainties: Δθ=22.49°, Δφ=13.33°
68% credible angle: 27.11°

Angular error: 13.49°

======================================================================
SCENARIO (EMCEE): ES_MAIN_CC_ALL
======================================================================

Loaded 3483 matched clusters across U, V, X planes
Selected clusters: 258
Running emcee: 64 walkers × 2000 steps...
Acceptance fraction: 16.0%
Mean direction: θ=-10.17°, φ=112.49°
Uncertainties: Δθ=21.93°, Δφ=11.39°
68% credible angle: 24.79°

Angular error: 12.72°

======================================================================
SCENARIO (EMCEE): ES_ALL_CC_SHOWER
======================================================================

Loaded 3483 matched clusters across U, V, X planes
Selected clusters: 258
Running emcee: 64 walkers × 2000 steps...
Acceptance fraction: 12.1%
Mean direction: θ=-7.73°, φ=119.13°
Uncertainties: Δθ=23.42°, Δφ=15.03°
68% credible angle: 23.15°

Angular error: 6.97°

======================================================================
SCENARIO (EMCEE): ES_ALL_CC_ALL
======================================================================

Loaded 3483 matched clusters across U, V, X planes
Selected clusters: 258
Running emcee: 64 walkers × 2000 steps...
Acceptance fraction: 13.3%
Mean direction: θ=-6.13°, φ=117.14°
Uncertainties: Δθ=22.61°, Δφ=15.39°
68% credible angle: 22.62°

Angular error: 9.40°

======================================================================
SCENARIO (EMCEE): ALL_TRACKS_ALL_SHOWERS
======================================================================

Loaded 3483 matched clusters across U, V, X planes
Selected clusters: 3483
Running emcee: 64 walkers × 2000 steps...
Acceptance fraction: 5.8%
Mean direction: θ=-78.19°, φ=112.10°
Uncertainties: Δθ=56.27°, Δφ=28.48°
68% credible angle: 47.68°

Angular error: 58.54°

✓ Saved: /eos/project-e/ep-nu/evilla/sn-pointing/cat000375/pipeline/cat000375_scenario_perfect_ct_emcee.npz

✓ Saved: /eos/project-e/ep-nu/evilla/sn-pointing/cat000375/pipeline/cat000375_scenario_es_main_cc_shower_emcee.npz

✓ Saved: /eos/project-e/ep-nu/evilla/sn-pointing/cat000375/pipeline/cat000375_scenario_es_main_cc_all_emcee.npz

✓ Saved: /eos/project-e/ep-nu/evilla/sn-pointing/cat000375/pipeline/cat000375_scenario_es_all_cc_shower_emcee.npz

✓ Saved: /eos/project-e/ep-nu/evilla/sn-pointing/cat000375/pipeline/cat000375_scenario_es_all_cc_all_emcee.npz

✓ Saved: /eos/project-e/ep-nu/evilla/sn-pointing/cat000375/pipeline/cat000375_scenario_all_tracks_all_showers_emcee.npz
✓ cat000375 completed successfully
