Processing cat000498 with 6 scenarios...
Cat directory: /eos/project-e/ep-nu/evilla/sn-pointing/cat000498
======================================================================
EMCEE RECONSTRUCTION FOR cat000498
======================================================================

Loading PDF from: /eos/home-e/evilla/dune/sn-tps/neural_networks/electron_direction/three_plane_three_plane_v58_200k_lr_schedule_20251118_110931/cosine_energy_pdf.npz
PDF loaded

======================================================================
SCENARIO (EMCEE): BEST_CASE
======================================================================

Loaded 3731 matched main-track clusters across U, V, X planes
Selected 287 ES main tracks
After E > 3 MeV cut: 287 clusters
Running emcee: 64 walkers × 2000 steps...
Acceptance fraction: 9.4%
Mean direction: θ=-131.16°, φ=95.29°
Uncertainties: Δθ=39.19°, Δφ=16.37°
68% credible angle: 46.10°

Angular error: 20.25°

======================================================================
SCENARIO (EMCEE): PERFECT_CT
======================================================================

Loaded 3731 matched main-track clusters across U, V, X planes
Selected 287 ES main tracks
Loading ED model from: /eos/home-e/evilla/dune/sn-tps/neural_networks/electron_direction/three_plane_three_plane_v58_200k_lr_schedule_20251118_110931/checkpoints/model_epoch_12_val_loss_0.8898.keras
Running ED inference...
After energy cut: 287 clusters
Running emcee: 64 walkers × 2000 steps...
Acceptance fraction: 5.9%
Mean direction: θ=-143.02°, φ=98.37°
Uncertainties: Δθ=48.99°, Δφ=17.85°
68% credible angle: 39.39°

Angular error: 32.09°

======================================================================
SCENARIO (EMCEE): FULL_PIPELINE
======================================================================

Loaded 3731 matched main-track clusters across U, V, X planes
Using all 3731 main-track clusters
Loading CT model from: /eos/user/e/evilla/dune/sn-tps/neural_networks/channel_tagging/ct_volume_v52_batch_reload_20251116_101125/best_model.keras
Running CT inference...
CT selected 3393 ES candidates from 3731 clusters
  ES prob range: [0.000, 1.000]
Loading ED model from: /eos/home-e/evilla/dune/sn-tps/neural_networks/electron_direction/three_plane_three_plane_v58_200k_lr_schedule_20251118_110931/checkpoints/model_epoch_12_val_loss_0.8898.keras
Running ED inference on 3393 clusters...
After E > 3 MeV cut: 3381 clusters
Running emcee: 64 walkers × 2000 steps...
Acceptance fraction: 3.9%
Mean direction: θ=-154.77°, φ=100.57°
Uncertainties: Δθ=70.41°, Δφ=29.81°
68% credible angle: 70.29°

Angular error: 43.78°

======================================================================
SCENARIO (EMCEE): WEIGHTED_CT
======================================================================

Loaded 3731 matched main-track clusters across U, V, X planes
Using all 3731 main-track clusters
Loading CT model from: /eos/user/e/evilla/dune/sn-tps/neural_networks/channel_tagging/ct_volume_v52_batch_reload_20251116_101125/best_model.keras
Running CT inference...
CT selected 3393 ES candidates from 3731 clusters
  ES prob range: [0.000, 1.000]
Loading ED model from: /eos/home-e/evilla/dune/sn-tps/neural_networks/electron_direction/three_plane_three_plane_v58_200k_lr_schedule_20251118_110931/checkpoints/model_epoch_12_val_loss_0.8898.keras
Running ED inference on 3393 clusters...
Using CT weights (ES probabilities)
After E > 3 MeV cut: 3381 clusters
Running weighted MCMC with 3381 weights
Running emcee: 64 walkers × 2000 steps...
Acceptance fraction: 2.8%
Mean direction: θ=-159.35°, φ=94.12°
Uncertainties: Δθ=72.28°, Δφ=34.49°
68% credible angle: 70.36°

Angular error: 48.37°

======================================================================
SCENARIO (EMCEE): PERFECT_CT_E_GT_10MEV
======================================================================

Loaded 3731 matched main-track clusters across U, V, X planes
Selected 287 ES main tracks
Loading ED model from: /eos/home-e/evilla/dune/sn-tps/neural_networks/electron_direction/three_plane_three_plane_v58_200k_lr_schedule_20251118_110931/checkpoints/model_epoch_12_val_loss_0.8898.keras
Running ED inference...
Applying E > 10 MeV cut
After energy cut: 157 clusters
Running emcee: 64 walkers × 2000 steps...
Acceptance fraction: 8.7%
Mean direction: θ=155.78°, φ=96.13°
Uncertainties: Δθ=94.32°, Δφ=18.53°
68% credible angle: 86.23°

Angular error: 92.78°

======================================================================
SCENARIO (EMCEE): PERFECT_CT_E_GT_20MEV
======================================================================

Loaded 3731 matched main-track clusters across U, V, X planes
Selected 287 ES main tracks
Loading ED model from: /eos/home-e/evilla/dune/sn-tps/neural_networks/electron_direction/three_plane_three_plane_v58_200k_lr_schedule_20251118_110931/checkpoints/model_epoch_12_val_loss_0.8898.keras
Running ED inference...
Applying E > 20 MeV cut
After energy cut: 40 clusters
Running emcee: 64 walkers × 2000 steps...
Acceptance fraction: 11.8%
Mean direction: θ=-111.00°, φ=92.52°
Uncertainties: Δθ=130.25°, Δφ=13.63°
68% credible angle: 152.52°

Angular error: 2.99°

✓ Saved: /eos/project-e/ep-nu/evilla/sn-pointing/cat000498/pipeline/cat000498_scenario_best_case_emcee.npz

✓ Saved: /eos/project-e/ep-nu/evilla/sn-pointing/cat000498/pipeline/cat000498_scenario_perfect_ct_emcee.npz

✓ Saved: /eos/project-e/ep-nu/evilla/sn-pointing/cat000498/pipeline/cat000498_scenario_full_pipeline_emcee.npz

✓ Saved: /eos/project-e/ep-nu/evilla/sn-pointing/cat000498/pipeline/cat000498_scenario_weighted_ct_emcee.npz

✓ Saved: /eos/project-e/ep-nu/evilla/sn-pointing/cat000498/pipeline/cat000498_scenario_perfect_ct_e_gt_10mev_emcee.npz

✓ Saved: /eos/project-e/ep-nu/evilla/sn-pointing/cat000498/pipeline/cat000498_scenario_perfect_ct_e_gt_20mev_emcee.npz
✓ cat000498 completed successfully
