==================================================================
Processing cat000012 with EMCEE - ALL SCENARIOS
==================================================================
======================================================================
EMCEE RECONSTRUCTION FOR cat000012
======================================================================

Loading PDF from: /eos/home-e/evilla/dune/sn-tps/neural_networks/electron_direction/three_plane_three_plane_v58_200k_lr_schedule_20251118_110931/cosine_energy_pdf.npz
PDF loaded

======================================================================
SCENARIO (EMCEE): PERFECT_CT
======================================================================

Loaded 3838 matched clusters across U, V, X planes
Selected clusters: 270
Running emcee: 64 walkers × 2000 steps...
Acceptance fraction: 10.4%
Mean direction: θ=151.13°, φ=63.30°
Uncertainties: Δθ=38.41°, Δφ=17.23°
68% credible angle: 38.01°

Angular error: 22.81°

======================================================================
SCENARIO (EMCEE): ES_MAIN_CC_SHOWER
======================================================================

Loaded 3838 matched clusters across U, V, X planes
Selected clusters: 270
Running emcee: 64 walkers × 2000 steps...
Acceptance fraction: 7.5%
Mean direction: θ=155.86°, φ=58.05°
Uncertainties: Δθ=36.45°, Δφ=17.83°
68% credible angle: 39.83°

Angular error: 26.67°

======================================================================
SCENARIO (EMCEE): ES_MAIN_CC_ALL
======================================================================

Loaded 3838 matched clusters across U, V, X planes
Selected clusters: 270
Running emcee: 64 walkers × 2000 steps...
Acceptance fraction: 7.8%
Mean direction: θ=142.56°, φ=62.92°
Uncertainties: Δθ=35.32°, Δφ=16.52°
68% credible angle: 33.26°

Angular error: 15.17°

======================================================================
SCENARIO (EMCEE): ES_ALL_CC_SHOWER
======================================================================

Loaded 3838 matched clusters across U, V, X planes
Selected clusters: 270
Running emcee: 64 walkers × 2000 steps...
Acceptance fraction: 7.2%
Mean direction: θ=151.40°, φ=59.45°
Uncertainties: Δθ=37.56°, Δφ=17.43°
68% credible angle: 37.30°

Angular error: 22.82°

======================================================================
SCENARIO (EMCEE): ES_ALL_CC_ALL
======================================================================

Loaded 3838 matched clusters across U, V, X planes
Selected clusters: 270
Running emcee: 64 walkers × 2000 steps...
Acceptance fraction: 7.4%
Mean direction: θ=154.34°, φ=60.15°
Uncertainties: Δθ=36.63°, Δφ=16.35°
68% credible angle: 36.69°

Angular error: 25.37°

======================================================================
SCENARIO (EMCEE): ALL_TRACKS_ALL_SHOWERS
======================================================================

Loaded 3838 matched clusters across U, V, X planes
Selected clusters: 3838
Running emcee: 64 walkers × 2000 steps...
Acceptance fraction: 3.0%
Mean direction: θ=176.03°, φ=87.80°
Uncertainties: Δθ=65.29°, Δφ=37.51°
68% credible angle: 65.56°

Angular error: 54.48°

✓ Saved: /eos/project-e/ep-nu/evilla/sn-pointing/cat000012/pipeline/cat000012_scenario_perfect_ct_emcee.npz

✓ Saved: /eos/project-e/ep-nu/evilla/sn-pointing/cat000012/pipeline/cat000012_scenario_es_main_cc_shower_emcee.npz

✓ Saved: /eos/project-e/ep-nu/evilla/sn-pointing/cat000012/pipeline/cat000012_scenario_es_main_cc_all_emcee.npz

✓ Saved: /eos/project-e/ep-nu/evilla/sn-pointing/cat000012/pipeline/cat000012_scenario_es_all_cc_shower_emcee.npz

✓ Saved: /eos/project-e/ep-nu/evilla/sn-pointing/cat000012/pipeline/cat000012_scenario_es_all_cc_all_emcee.npz

✓ Saved: /eos/project-e/ep-nu/evilla/sn-pointing/cat000012/pipeline/cat000012_scenario_all_tracks_all_showers_emcee.npz
✓ cat000012 completed successfully
