000 (6420432.077.000) 11/20 17:10:12 Job submitted from host: <188.185.125.71:9618?addrs=188.185.125.71-9618+[2001-1458-d00-4a--100-15e]-9618&alias=bigbird28.cern.ch&noUDP&sock=schedd_2239_58a3>
...
040 (6420432.077.000) 11/20 19:17:16 Started transferring input files
	Transferring to host: <188.184.195.82:9618?addrs=188.184.195.82-9618+[2001-1458-301-72--100-36]-9618&alias=b9g47n9312.cern.ch&noUDP&sock=slot1_1_20474_88fa_9873>
...
040 (6420432.077.000) 11/20 19:17:16 Finished transferring input files
...
001 (6420432.077.000) 11/20 19:17:17 Job executing on host: <188.184.195.82:9618?addrs=188.184.195.82-9618+[2001-1458-301-72--100-36]-9618&alias=b9g47n9312.cern.ch&noUDP&sock=startd_19526_ca55>
	SlotName: slot1_1@b9g47n9312.cern.ch
	AvailableGPUs = { GPUs_GPU_7dc62e0f }
	CondorScratchDir = "/pool/condor/dir_3369745"
	Cpus = 11
	Disk = 8389640
	GPUs = 1
	GPUs_GPU_7dc62e0f = [ Id = "GPU-7dc62e0f"; ClockMhz = 1590.0; Capability = 7.5; CoresPerCU = 64; DeviceName = "Tesla T4"; DeviceUuid = "7dc62e0f-c020-baff-d927-610538ea532d"; ECCEnabled = true; ComputeUnits = 40; DriverVersion = 13.0; DevicePciBusId = "0000:07:00.0"; GlobalMemoryMb = 14913; MaxSupportedVersion = 13000 ]
	Memory = 33000
...
006 (6420432.077.000) 11/20 19:17:30 Image size of job updated: 306196
	300  -  MemoryUsage of job (MB)
	306196  -  ResidentSetSize of job (KB)
...
006 (6420432.077.000) 11/20 19:22:30 Image size of job updated: 1682060
	922  -  MemoryUsage of job (MB)
	943204  -  ResidentSetSize of job (KB)
...
006 (6420432.077.000) 11/20 19:27:31 Image size of job updated: 1682060
	1394  -  MemoryUsage of job (MB)
	1426792  -  ResidentSetSize of job (KB)
...
040 (6420432.077.000) 11/20 19:31:04 Started transferring output files
...
040 (6420432.077.000) 11/20 19:31:04 Finished transferring output files
...
005 (6420432.077.000) 11/20 19:31:04 Job terminated.
	(1) Normal termination (return value 0)
		Usr 0 00:24:52, Sys 0 00:01:15  -  Run Remote Usage
		Usr 0 00:00:00, Sys 0 00:00:00  -  Run Local Usage
		Usr 0 00:24:52, Sys 0 00:01:15  -  Total Remote Usage
		Usr 0 00:00:00, Sys 0 00:00:00  -  Total Local Usage
	35356  -  Run Bytes Sent By Job
	1412394  -  Run Bytes Received By Job
	35356  -  Total Bytes Sent By Job
	1412394  -  Total Bytes Received By Job
	Partitionable Resources :    Usage  Request Allocated Assigned
	   Cpus                 :     0.98       11        11 
	   Disk (KB)            :  1440     8388608   8389640 
	   GPUs                 :     0           1         1 "GPU-7dc62e0f"
	   GpusMemory (MB)      :   451                       
	   Memory (MB)          :  1394       33000     33000 
	   TimeExecute (s)      :   827                       
	   TimeSlotBusy (s)     :   828                       

	Job terminated of its own accord at 2025-11-20T18:31:04Z with exit-code 0.
...
