==================================================================
Processing cat000618 with EMCEE - ALL SCENARIOS
==================================================================
======================================================================
EMCEE RECONSTRUCTION FOR cat000618
======================================================================

Loading PDF from: /eos/home-e/evilla/dune/sn-tps/neural_networks/electron_direction/three_plane_three_plane_v58_200k_lr_schedule_20251118_110931/cosine_energy_pdf.npz
PDF loaded

======================================================================
SCENARIO (EMCEE): PERFECT_CT
======================================================================

Loaded 3636 matched clusters across U, V, X planes
Selected clusters: 292
Running emcee: 64 walkers × 2000 steps...
Acceptance fraction: 8.6%
Mean direction: θ=162.48°, φ=52.64°
Uncertainties: Δθ=31.77°, Δφ=20.56°
68% credible angle: 34.90°

Angular error: 28.39°

======================================================================
SCENARIO (EMCEE): ES_MAIN_CC_SHOWER
======================================================================

Loaded 3636 matched clusters across U, V, X planes
Selected clusters: 292
Running emcee: 64 walkers × 2000 steps...
Acceptance fraction: 7.8%
Mean direction: θ=156.00°, φ=54.54°
Uncertainties: Δθ=29.92°, Δφ=21.07°
68% credible angle: 32.63°

Angular error: 23.67°

======================================================================
SCENARIO (EMCEE): ES_MAIN_CC_ALL
======================================================================

Loaded 3636 matched clusters across U, V, X planes
Selected clusters: 292
Running emcee: 64 walkers × 2000 steps...
Acceptance fraction: 6.2%
Mean direction: θ=164.26°, φ=52.11°
Uncertainties: Δθ=28.73°, Δφ=20.86°
68% credible angle: 31.24°

Angular error: 29.69°

======================================================================
SCENARIO (EMCEE): ES_ALL_CC_SHOWER
======================================================================

Loaded 3636 matched clusters across U, V, X planes
Selected clusters: 292
Running emcee: 64 walkers × 2000 steps...
Acceptance fraction: 7.2%
Mean direction: θ=165.14°, φ=51.88°
Uncertainties: Δθ=27.36°, Δφ=21.27°
68% credible angle: 30.95°

Angular error: 30.33°

======================================================================
SCENARIO (EMCEE): ES_ALL_CC_ALL
======================================================================

Loaded 3636 matched clusters across U, V, X planes
Selected clusters: 292
Running emcee: 64 walkers × 2000 steps...
Acceptance fraction: 6.9%
Mean direction: θ=171.37°, φ=47.86°
Uncertainties: Δθ=26.09°, Δφ=20.55°
68% credible angle: 25.83°

Angular error: 34.44°

======================================================================
SCENARIO (EMCEE): ALL_TRACKS_ALL_SHOWERS
======================================================================

Loaded 3636 matched clusters across U, V, X planes
Selected clusters: 3636
Running emcee: 64 walkers × 2000 steps...
Acceptance fraction: 3.4%
Mean direction: θ=-173.65°, φ=88.29°
Uncertainties: Δθ=57.93°, Δφ=26.57°
68% credible angle: 57.05°

Angular error: 65.21°

✓ Saved: /eos/project-e/ep-nu/evilla/sn-pointing/cat000618/pipeline/cat000618_scenario_perfect_ct_emcee.npz

✓ Saved: /eos/project-e/ep-nu/evilla/sn-pointing/cat000618/pipeline/cat000618_scenario_es_main_cc_shower_emcee.npz

✓ Saved: /eos/project-e/ep-nu/evilla/sn-pointing/cat000618/pipeline/cat000618_scenario_es_main_cc_all_emcee.npz

✓ Saved: /eos/project-e/ep-nu/evilla/sn-pointing/cat000618/pipeline/cat000618_scenario_es_all_cc_shower_emcee.npz

✓ Saved: /eos/project-e/ep-nu/evilla/sn-pointing/cat000618/pipeline/cat000618_scenario_es_all_cc_all_emcee.npz

✓ Saved: /eos/project-e/ep-nu/evilla/sn-pointing/cat000618/pipeline/cat000618_scenario_all_tracks_all_showers_emcee.npz
✓ cat000618 completed successfully
