==================================================================
Processing cat000386 with EMCEE - ALL SCENARIOS
==================================================================
======================================================================
EMCEE RECONSTRUCTION FOR cat000386
======================================================================

Loading PDF from: /eos/home-e/evilla/dune/sn-tps/neural_networks/electron_direction/three_plane_three_plane_v58_200k_lr_schedule_20251118_110931/cosine_energy_pdf.npz
PDF loaded

======================================================================
SCENARIO (EMCEE): PERFECT_CT
======================================================================

Loaded 3307 matched clusters across U, V, X planes
Selected clusters: 279
Running emcee: 64 walkers × 2000 steps...
Acceptance fraction: 16.1%
Mean direction: θ=-34.44°, φ=67.59°
Uncertainties: Δθ=17.20°, Δφ=16.13°
68% credible angle: 19.62°

Angular error: 20.19°

======================================================================
SCENARIO (EMCEE): ES_MAIN_CC_SHOWER
======================================================================

Loaded 3307 matched clusters across U, V, X planes
Selected clusters: 279
Running emcee: 64 walkers × 2000 steps...
Acceptance fraction: 16.2%
Mean direction: θ=-35.39°, φ=67.47°
Uncertainties: Δθ=19.50°, Δφ=15.57°
68% credible angle: 20.18°

Angular error: 19.37°

======================================================================
SCENARIO (EMCEE): ES_MAIN_CC_ALL
======================================================================

Loaded 3307 matched clusters across U, V, X planes
Selected clusters: 279
Running emcee: 64 walkers × 2000 steps...
Acceptance fraction: 15.3%
Mean direction: θ=-37.76°, φ=67.23°
Uncertainties: Δθ=18.09°, Δφ=17.21°
68% credible angle: 22.33°

Angular error: 17.33°

======================================================================
SCENARIO (EMCEE): ES_ALL_CC_SHOWER
======================================================================

Loaded 3307 matched clusters across U, V, X planes
Selected clusters: 279
Running emcee: 64 walkers × 2000 steps...
Acceptance fraction: 16.8%
Mean direction: θ=-31.48°, φ=66.71°
Uncertainties: Δθ=16.14°, Δφ=16.58°
68% credible angle: 18.95°

Angular error: 23.05°

======================================================================
SCENARIO (EMCEE): ES_ALL_CC_ALL
======================================================================

Loaded 3307 matched clusters across U, V, X planes
Selected clusters: 279
Running emcee: 64 walkers × 2000 steps...
Acceptance fraction: 13.7%
Mean direction: θ=-33.70°, φ=73.16°
Uncertainties: Δθ=24.29°, Δφ=16.39°
68% credible angle: 25.09°

Angular error: 20.42°

======================================================================
SCENARIO (EMCEE): ALL_TRACKS_ALL_SHOWERS
======================================================================

Loaded 3307 matched clusters across U, V, X planes
Selected clusters: 3307
Running emcee: 64 walkers × 2000 steps...
Acceptance fraction: 3.7%
Mean direction: θ=-68.35°, φ=77.91°
Uncertainties: Δθ=75.68°, Δφ=37.30°
68% credible angle: 64.36°

Angular error: 13.71°

✓ Saved: /eos/project-e/ep-nu/evilla/sn-pointing/cat000386/pipeline/cat000386_scenario_perfect_ct_emcee.npz

✓ Saved: /eos/project-e/ep-nu/evilla/sn-pointing/cat000386/pipeline/cat000386_scenario_es_main_cc_shower_emcee.npz

✓ Saved: /eos/project-e/ep-nu/evilla/sn-pointing/cat000386/pipeline/cat000386_scenario_es_main_cc_all_emcee.npz

✓ Saved: /eos/project-e/ep-nu/evilla/sn-pointing/cat000386/pipeline/cat000386_scenario_es_all_cc_shower_emcee.npz

✓ Saved: /eos/project-e/ep-nu/evilla/sn-pointing/cat000386/pipeline/cat000386_scenario_es_all_cc_all_emcee.npz

✓ Saved: /eos/project-e/ep-nu/evilla/sn-pointing/cat000386/pipeline/cat000386_scenario_all_tracks_all_showers_emcee.npz
✓ cat000386 completed successfully
