==================================================================
Processing cat000403 with EMCEE - ALL SCENARIOS
==================================================================
======================================================================
EMCEE RECONSTRUCTION FOR cat000403
======================================================================

Loading PDF from: /eos/home-e/evilla/dune/sn-tps/neural_networks/electron_direction/three_plane_three_plane_v58_200k_lr_schedule_20251118_110931/cosine_energy_pdf.npz
PDF loaded

======================================================================
SCENARIO (EMCEE): PERFECT_CT
======================================================================

Loaded 3861 matched clusters across U, V, X planes
Selected clusters: 287
Running emcee: 64 walkers × 2000 steps...
Acceptance fraction: 7.6%
Mean direction: θ=-139.58°, φ=140.69°
Uncertainties: Δθ=47.29°, Δφ=21.14°
68% credible angle: 34.25°

Angular error: 24.60°

======================================================================
SCENARIO (EMCEE): ES_MAIN_CC_SHOWER
======================================================================

Loaded 3861 matched clusters across U, V, X planes
Selected clusters: 287
Running emcee: 64 walkers × 2000 steps...
Acceptance fraction: 8.2%
Mean direction: θ=-137.07°, φ=144.30°
Uncertainties: Δθ=51.63°, Δφ=21.15°
68% credible angle: 33.76°

Angular error: 24.08°

======================================================================
SCENARIO (EMCEE): ES_MAIN_CC_ALL
======================================================================

Loaded 3861 matched clusters across U, V, X planes
Selected clusters: 287
Running emcee: 64 walkers × 2000 steps...
Acceptance fraction: 7.8%
Mean direction: θ=-135.75°, φ=140.67°
Uncertainties: Δθ=47.36°, Δφ=20.57°
68% credible angle: 34.98°

Angular error: 22.22°

======================================================================
SCENARIO (EMCEE): ES_ALL_CC_SHOWER
======================================================================

Loaded 3861 matched clusters across U, V, X planes
Selected clusters: 287
Running emcee: 64 walkers × 2000 steps...
Acceptance fraction: 7.8%
Mean direction: θ=-140.76°, φ=136.44°
Uncertainties: Δθ=49.73°, Δφ=25.53°
68% credible angle: 38.12°

Angular error: 25.00°

======================================================================
SCENARIO (EMCEE): ES_ALL_CC_ALL
======================================================================

Loaded 3861 matched clusters across U, V, X planes
Selected clusters: 287
Running emcee: 64 walkers × 2000 steps...
Acceptance fraction: 6.9%
Mean direction: θ=-134.19°, φ=142.10°
Uncertainties: Δθ=50.82°, Δφ=22.48°
68% credible angle: 33.68°

Angular error: 21.70°

======================================================================
SCENARIO (EMCEE): ALL_TRACKS_ALL_SHOWERS
======================================================================

Loaded 3861 matched clusters across U, V, X planes
Selected clusters: 3861
Running emcee: 64 walkers × 2000 steps...
Acceptance fraction: 4.9%
Mean direction: θ=-153.75°, φ=108.27°
Uncertainties: Δθ=52.97°, Δφ=26.28°
68% credible angle: 56.88°

Angular error: 46.11°

✓ Saved: /eos/project-e/ep-nu/evilla/sn-pointing/cat000403/pipeline/cat000403_scenario_perfect_ct_emcee.npz

✓ Saved: /eos/project-e/ep-nu/evilla/sn-pointing/cat000403/pipeline/cat000403_scenario_es_main_cc_shower_emcee.npz

✓ Saved: /eos/project-e/ep-nu/evilla/sn-pointing/cat000403/pipeline/cat000403_scenario_es_main_cc_all_emcee.npz

✓ Saved: /eos/project-e/ep-nu/evilla/sn-pointing/cat000403/pipeline/cat000403_scenario_es_all_cc_shower_emcee.npz

✓ Saved: /eos/project-e/ep-nu/evilla/sn-pointing/cat000403/pipeline/cat000403_scenario_es_all_cc_all_emcee.npz

✓ Saved: /eos/project-e/ep-nu/evilla/sn-pointing/cat000403/pipeline/cat000403_scenario_all_tracks_all_showers_emcee.npz
✓ cat000403 completed successfully
