==================================================================
Processing cat000057 with EMCEE - ALL SCENARIOS
==================================================================
======================================================================
EMCEE RECONSTRUCTION FOR cat000057
======================================================================

Loading PDF from: /eos/home-e/evilla/dune/sn-tps/neural_networks/electron_direction/three_plane_three_plane_v58_200k_lr_schedule_20251118_110931/cosine_energy_pdf.npz
PDF loaded

======================================================================
SCENARIO (EMCEE): PERFECT_CT
======================================================================

Loaded 3786 matched clusters across U, V, X planes
Selected clusters: 288
Running emcee: 64 walkers × 2000 steps...
Acceptance fraction: 8.5%
Mean direction: θ=142.36°, φ=46.44°
Uncertainties: Δθ=43.56°, Δφ=17.39°
68% credible angle: 36.46°

Angular error: 14.60°

======================================================================
SCENARIO (EMCEE): ES_MAIN_CC_SHOWER
======================================================================

Loaded 3786 matched clusters across U, V, X planes
Selected clusters: 288
Running emcee: 64 walkers × 2000 steps...
Acceptance fraction: 7.8%
Mean direction: θ=148.00°, φ=42.27°
Uncertainties: Δθ=41.91°, Δφ=18.62°
68% credible angle: 31.44°

Angular error: 17.56°

======================================================================
SCENARIO (EMCEE): ES_MAIN_CC_ALL
======================================================================

Loaded 3786 matched clusters across U, V, X planes
Selected clusters: 288
Running emcee: 64 walkers × 2000 steps...
Acceptance fraction: 8.9%
Mean direction: θ=140.12°, φ=45.38°
Uncertainties: Δθ=40.39°, Δφ=17.52°
68% credible angle: 31.42°

Angular error: 12.75°

======================================================================
SCENARIO (EMCEE): ES_ALL_CC_SHOWER
======================================================================

Loaded 3786 matched clusters across U, V, X planes
Selected clusters: 288
Running emcee: 64 walkers × 2000 steps...
Acceptance fraction: 8.5%
Mean direction: θ=147.54°, φ=42.83°
Uncertainties: Δθ=40.67°, Δφ=17.10°
68% credible angle: 30.72°

Angular error: 17.31°

======================================================================
SCENARIO (EMCEE): ES_ALL_CC_ALL
======================================================================

Loaded 3786 matched clusters across U, V, X planes
Selected clusters: 288
Running emcee: 64 walkers × 2000 steps...
Acceptance fraction: 8.9%
Mean direction: θ=151.84°, φ=43.41°
Uncertainties: Δθ=42.35°, Δφ=17.87°
68% credible angle: 32.65°

Angular error: 20.31°

======================================================================
SCENARIO (EMCEE): ALL_TRACKS_ALL_SHOWERS
======================================================================

Loaded 3786 matched clusters across U, V, X planes
Selected clusters: 3786
Running emcee: 64 walkers × 2000 steps...
Acceptance fraction: 6.3%
Mean direction: θ=-158.14°, φ=80.32°
Uncertainties: Δθ=47.54°, Δφ=26.91°
68% credible angle: 49.34°

Angular error: 75.98°

✓ Saved: /eos/project-e/ep-nu/evilla/sn-pointing/cat000057/pipeline/cat000057_scenario_perfect_ct_emcee.npz

✓ Saved: /eos/project-e/ep-nu/evilla/sn-pointing/cat000057/pipeline/cat000057_scenario_es_main_cc_shower_emcee.npz

✓ Saved: /eos/project-e/ep-nu/evilla/sn-pointing/cat000057/pipeline/cat000057_scenario_es_main_cc_all_emcee.npz

✓ Saved: /eos/project-e/ep-nu/evilla/sn-pointing/cat000057/pipeline/cat000057_scenario_es_all_cc_shower_emcee.npz

✓ Saved: /eos/project-e/ep-nu/evilla/sn-pointing/cat000057/pipeline/cat000057_scenario_es_all_cc_all_emcee.npz

✓ Saved: /eos/project-e/ep-nu/evilla/sn-pointing/cat000057/pipeline/cat000057_scenario_all_tracks_all_showers_emcee.npz
✓ cat000057 completed successfully
