Processing cat000332 with 6 scenarios...
Cat directory: /eos/project-e/ep-nu/evilla/sn-pointing/cat000332
======================================================================
EMCEE RECONSTRUCTION FOR cat000332
======================================================================

Loading PDF from: /eos/home-e/evilla/dune/sn-tps/neural_networks/electron_direction/three_plane_three_plane_v58_200k_lr_schedule_20251118_110931/cosine_energy_pdf.npz
PDF loaded

======================================================================
SCENARIO (EMCEE): BEST_CASE
======================================================================

Loaded 3651 matched main-track clusters across U, V, X planes
Selected 235 ES main tracks
After E > 3 MeV cut: 235 clusters
Running emcee: 64 walkers × 2000 steps...
Acceptance fraction: 9.8%
Mean direction: θ=166.29°, φ=71.94°
Uncertainties: Δθ=28.97°, Δφ=18.96°
68% credible angle: 29.11°

Angular error: 9.13°

======================================================================
SCENARIO (EMCEE): PERFECT_CT
======================================================================

Loaded 3651 matched main-track clusters across U, V, X planes
Selected 235 ES main tracks
Loading ED model from: /eos/home-e/evilla/dune/sn-tps/neural_networks/electron_direction/three_plane_three_plane_v58_200k_lr_schedule_20251118_110931/checkpoints/model_epoch_12_val_loss_0.8898.keras
Running ED inference...
After energy cut: 235 clusters
Running emcee: 64 walkers × 2000 steps...
Acceptance fraction: 8.3%
Mean direction: θ=-179.02°, φ=69.18°
Uncertainties: Δθ=18.52°, Δφ=17.54°
68% credible angle: 27.43°

Angular error: 22.54°

======================================================================
SCENARIO (EMCEE): FULL_PIPELINE
======================================================================

Loaded 3651 matched main-track clusters across U, V, X planes
Using all 3651 main-track clusters
Loading CT model from: /eos/user/e/evilla/dune/sn-tps/neural_networks/channel_tagging/ct_volume_v52_batch_reload_20251116_101125/best_model.keras
Running CT inference...
CT selected 3358 ES candidates from 3651 clusters
  ES prob range: [0.000, 1.000]
Loading ED model from: /eos/home-e/evilla/dune/sn-tps/neural_networks/electron_direction/three_plane_three_plane_v58_200k_lr_schedule_20251118_110931/checkpoints/model_epoch_12_val_loss_0.8898.keras
Running ED inference on 3358 clusters...
After E > 3 MeV cut: 3341 clusters
Running emcee: 64 walkers × 2000 steps...
Acceptance fraction: 5.0%
Mean direction: θ=-178.56°, φ=97.44°
Uncertainties: Δθ=49.93°, Δφ=30.29°
68% credible angle: 56.19°

Angular error: 36.69°

======================================================================
SCENARIO (EMCEE): WEIGHTED_CT
======================================================================

Loaded 3651 matched main-track clusters across U, V, X planes
Using all 3651 main-track clusters
Loading CT model from: /eos/user/e/evilla/dune/sn-tps/neural_networks/channel_tagging/ct_volume_v52_batch_reload_20251116_101125/best_model.keras
Running CT inference...
CT selected 3358 ES candidates from 3651 clusters
  ES prob range: [0.000, 1.000]
Loading ED model from: /eos/home-e/evilla/dune/sn-tps/neural_networks/electron_direction/three_plane_three_plane_v58_200k_lr_schedule_20251118_110931/checkpoints/model_epoch_12_val_loss_0.8898.keras
Running ED inference on 3358 clusters...
Using CT weights (ES probabilities)
After E > 3 MeV cut: 3341 clusters
Running weighted MCMC with 3341 weights
Running emcee: 64 walkers × 2000 steps...
Acceptance fraction: 4.1%
Mean direction: θ=-167.62°, φ=93.15°
Uncertainties: Δθ=57.04°, Δφ=31.09°
68% credible angle: 61.40°

Angular error: 41.92°

======================================================================
SCENARIO (EMCEE): PERFECT_CT_E_GT_10MEV
======================================================================

Loaded 3651 matched main-track clusters across U, V, X planes
Selected 235 ES main tracks
Loading ED model from: /eos/home-e/evilla/dune/sn-tps/neural_networks/electron_direction/three_plane_three_plane_v58_200k_lr_schedule_20251118_110931/checkpoints/model_epoch_12_val_loss_0.8898.keras
Running ED inference...
Applying E > 10 MeV cut
After energy cut: 122 clusters
Running emcee: 64 walkers × 2000 steps...
Acceptance fraction: 9.5%
Mean direction: θ=174.83°, φ=68.38°
Uncertainties: Δθ=22.74°, Δφ=14.67°
68% credible angle: 27.14°

Angular error: 16.80°

======================================================================
SCENARIO (EMCEE): PERFECT_CT_E_GT_20MEV
======================================================================

Loaded 3651 matched main-track clusters across U, V, X planes
Selected 235 ES main tracks
Loading ED model from: /eos/home-e/evilla/dune/sn-tps/neural_networks/electron_direction/three_plane_three_plane_v58_200k_lr_schedule_20251118_110931/checkpoints/model_epoch_12_val_loss_0.8898.keras
Running ED inference...
Applying E > 20 MeV cut
After energy cut: 27 clusters
Running emcee: 64 walkers × 2000 steps...
Acceptance fraction: 17.4%
Mean direction: θ=168.99°, φ=70.69°
Uncertainties: Δθ=13.99°, Δφ=11.82°
68% credible angle: 16.46°

Angular error: 11.41°

✓ Saved: /eos/project-e/ep-nu/evilla/sn-pointing/cat000332/pipeline/cat000332_scenario_best_case_emcee.npz

✓ Saved: /eos/project-e/ep-nu/evilla/sn-pointing/cat000332/pipeline/cat000332_scenario_perfect_ct_emcee.npz

✓ Saved: /eos/project-e/ep-nu/evilla/sn-pointing/cat000332/pipeline/cat000332_scenario_full_pipeline_emcee.npz

✓ Saved: /eos/project-e/ep-nu/evilla/sn-pointing/cat000332/pipeline/cat000332_scenario_weighted_ct_emcee.npz

✓ Saved: /eos/project-e/ep-nu/evilla/sn-pointing/cat000332/pipeline/cat000332_scenario_perfect_ct_e_gt_10mev_emcee.npz

✓ Saved: /eos/project-e/ep-nu/evilla/sn-pointing/cat000332/pipeline/cat000332_scenario_perfect_ct_e_gt_20mev_emcee.npz
✓ cat000332 completed successfully
