Processing cat000254 with 6 scenarios...
Cat directory: /eos/project-e/ep-nu/evilla/sn-pointing/cat000254
======================================================================
EMCEE RECONSTRUCTION FOR cat000254
======================================================================

Loading PDF from: /eos/home-e/evilla/dune/sn-tps/neural_networks/electron_direction/three_plane_three_plane_v58_200k_lr_schedule_20251118_110931/cosine_energy_pdf.npz
PDF loaded

======================================================================
SCENARIO (EMCEE): BEST_CASE
======================================================================

Loaded 3886 matched main-track clusters across U, V, X planes
Selected 298 ES main tracks
After E > 3 MeV cut: 298 clusters
Running emcee: 64 walkers × 2000 steps...
Acceptance fraction: 9.9%
Mean direction: θ=40.70°, φ=120.25°
Uncertainties: Δθ=33.79°, Δφ=22.38°
68% credible angle: 31.86°

Angular error: 16.81°

======================================================================
SCENARIO (EMCEE): PERFECT_CT
======================================================================

Loaded 3886 matched main-track clusters across U, V, X planes
Selected 298 ES main tracks
Loading ED model from: /eos/home-e/evilla/dune/sn-tps/neural_networks/electron_direction/three_plane_three_plane_v58_200k_lr_schedule_20251118_110931/checkpoints/model_epoch_12_val_loss_0.8898.keras
Running ED inference...
After energy cut: 298 clusters
Running emcee: 64 walkers × 2000 steps...
Acceptance fraction: 14.8%
Mean direction: θ=32.18°, φ=128.50°
Uncertainties: Δθ=27.55°, Δφ=15.22°
68% credible angle: 11.08°

Angular error: 12.42°

======================================================================
SCENARIO (EMCEE): FULL_PIPELINE
======================================================================

Loaded 3886 matched main-track clusters across U, V, X planes
Using all 3886 main-track clusters
Loading CT model from: /eos/user/e/evilla/dune/sn-tps/neural_networks/channel_tagging/ct_volume_v52_batch_reload_20251116_101125/best_model.keras
Running CT inference...
CT selected 3537 ES candidates from 3886 clusters
  ES prob range: [0.000, 1.000]
Loading ED model from: /eos/home-e/evilla/dune/sn-tps/neural_networks/electron_direction/three_plane_three_plane_v58_200k_lr_schedule_20251118_110931/checkpoints/model_epoch_12_val_loss_0.8898.keras
Running ED inference on 3537 clusters...
After E > 3 MeV cut: 3522 clusters
Running emcee: 64 walkers × 2000 steps...
Acceptance fraction: 7.4%
Mean direction: θ=164.02°, φ=122.37°
Uncertainties: Δθ=76.30°, Δφ=35.32°
68% credible angle: 57.75°

Angular error: 83.80°

======================================================================
SCENARIO (EMCEE): WEIGHTED_CT
======================================================================

Loaded 3886 matched main-track clusters across U, V, X planes
Using all 3886 main-track clusters
Loading CT model from: /eos/user/e/evilla/dune/sn-tps/neural_networks/channel_tagging/ct_volume_v52_batch_reload_20251116_101125/best_model.keras
Running CT inference...
CT selected 3537 ES candidates from 3886 clusters
  ES prob range: [0.000, 1.000]
Loading ED model from: /eos/home-e/evilla/dune/sn-tps/neural_networks/electron_direction/three_plane_three_plane_v58_200k_lr_schedule_20251118_110931/checkpoints/model_epoch_12_val_loss_0.8898.keras
Running ED inference on 3537 clusters...
Using CT weights (ES probabilities)
After E > 3 MeV cut: 3522 clusters
Running weighted MCMC with 3522 weights
Running emcee: 64 walkers × 2000 steps...
Acceptance fraction: 8.2%
Mean direction: θ=-154.95°, φ=117.24°
Uncertainties: Δθ=85.92°, Δφ=37.98°
68% credible angle: 62.07°

Angular error: 103.88°

======================================================================
SCENARIO (EMCEE): PERFECT_CT_E_GT_10MEV
======================================================================

Loaded 3886 matched main-track clusters across U, V, X planes
Selected 298 ES main tracks
Loading ED model from: /eos/home-e/evilla/dune/sn-tps/neural_networks/electron_direction/three_plane_three_plane_v58_200k_lr_schedule_20251118_110931/checkpoints/model_epoch_12_val_loss_0.8898.keras
Running ED inference...
Applying E > 10 MeV cut
After energy cut: 153 clusters
Running emcee: 64 walkers × 2000 steps...
Acceptance fraction: 21.3%
Mean direction: θ=16.46°, φ=133.53°
Uncertainties: Δθ=17.86°, Δφ=14.91°
68% credible angle: 10.07°

Angular error: 20.18°

======================================================================
SCENARIO (EMCEE): PERFECT_CT_E_GT_20MEV
======================================================================

Loaded 3886 matched main-track clusters across U, V, X planes
Selected 298 ES main tracks
Loading ED model from: /eos/home-e/evilla/dune/sn-tps/neural_networks/electron_direction/three_plane_three_plane_v58_200k_lr_schedule_20251118_110931/checkpoints/model_epoch_12_val_loss_0.8898.keras
Running ED inference...
Applying E > 20 MeV cut
After energy cut: 41 clusters
Running emcee: 64 walkers × 2000 steps...
Acceptance fraction: 21.4%
Mean direction: θ=-0.64°, φ=116.51°
Uncertainties: Δθ=60.76°, Δφ=38.55°
68% credible angle: 33.28°

Angular error: 40.98°

✓ Saved: /eos/project-e/ep-nu/evilla/sn-pointing/cat000254/pipeline/cat000254_scenario_best_case_emcee.npz

✓ Saved: /eos/project-e/ep-nu/evilla/sn-pointing/cat000254/pipeline/cat000254_scenario_perfect_ct_emcee.npz

✓ Saved: /eos/project-e/ep-nu/evilla/sn-pointing/cat000254/pipeline/cat000254_scenario_full_pipeline_emcee.npz

✓ Saved: /eos/project-e/ep-nu/evilla/sn-pointing/cat000254/pipeline/cat000254_scenario_weighted_ct_emcee.npz

✓ Saved: /eos/project-e/ep-nu/evilla/sn-pointing/cat000254/pipeline/cat000254_scenario_perfect_ct_e_gt_10mev_emcee.npz

✓ Saved: /eos/project-e/ep-nu/evilla/sn-pointing/cat000254/pipeline/cat000254_scenario_perfect_ct_e_gt_20mev_emcee.npz
✓ cat000254 completed successfully
