Processing cat000052 with 6 scenarios...
Cat directory: /eos/project-e/ep-nu/evilla/sn-pointing/cat000052
======================================================================
EMCEE RECONSTRUCTION FOR cat000052
======================================================================

Loading PDF from: /eos/home-e/evilla/dune/sn-tps/neural_networks/electron_direction/three_plane_three_plane_v58_200k_lr_schedule_20251118_110931/cosine_energy_pdf.npz
PDF loaded

======================================================================
SCENARIO (EMCEE): BEST_CASE
======================================================================

Loaded 3339 matched main-track clusters across U, V, X planes
Selected 267 ES main tracks
After E > 3 MeV cut: 267 clusters
Running emcee: 64 walkers × 2000 steps...
Acceptance fraction: 14.1%
Mean direction: θ=-143.07°, φ=88.27°
Uncertainties: Δθ=32.90°, Δφ=13.84°
68% credible angle: 37.61°

Angular error: 14.09°

======================================================================
SCENARIO (EMCEE): PERFECT_CT
======================================================================

Loaded 3339 matched main-track clusters across U, V, X planes
Selected 267 ES main tracks
Loading ED model from: /eos/home-e/evilla/dune/sn-tps/neural_networks/electron_direction/three_plane_three_plane_v58_200k_lr_schedule_20251118_110931/checkpoints/model_epoch_12_val_loss_0.8898.keras
Running ED inference...
After energy cut: 267 clusters
Running emcee: 64 walkers × 2000 steps...
Acceptance fraction: 10.9%
Mean direction: θ=-149.68°, φ=82.85°
Uncertainties: Δθ=28.94°, Δφ=19.71°
68% credible angle: 36.85°

Angular error: 19.65°

======================================================================
SCENARIO (EMCEE): FULL_PIPELINE
======================================================================

Loaded 3339 matched main-track clusters across U, V, X planes
Using all 3339 main-track clusters
Loading CT model from: /eos/user/e/evilla/dune/sn-tps/neural_networks/charge_topology/best_model.keras

✗ full_pipeline failed: File not found: filepath=/eos/user/e/evilla/dune/sn-tps/neural_networks/charge_topology/best_model.keras. Please ensure the file is an accessible `.keras` zip file.

======================================================================
SCENARIO (EMCEE): WEIGHTED_CT
======================================================================

Loaded 3339 matched main-track clusters across U, V, X planes
Using all 3339 main-track clusters
Loading CT model from: /eos/user/e/evilla/dune/sn-tps/neural_networks/charge_topology/best_model.keras

✗ weighted_ct failed: File not found: filepath=/eos/user/e/evilla/dune/sn-tps/neural_networks/charge_topology/best_model.keras. Please ensure the file is an accessible `.keras` zip file.

======================================================================
SCENARIO (EMCEE): PERFECT_CT_E_GT_10MEV
======================================================================

Loaded 3339 matched main-track clusters across U, V, X planes
Selected 267 ES main tracks
Loading ED model from: /eos/home-e/evilla/dune/sn-tps/neural_networks/electron_direction/three_plane_three_plane_v58_200k_lr_schedule_20251118_110931/checkpoints/model_epoch_12_val_loss_0.8898.keras
Running ED inference...
Applying E > 10 MeV cut
After energy cut: 149 clusters
Running emcee: 64 walkers × 2000 steps...
Acceptance fraction: 9.2%
Mean direction: θ=-148.26°, φ=85.54°
Uncertainties: Δθ=30.26°, Δφ=18.11°
68% credible angle: 37.39°

Angular error: 18.44°

======================================================================
SCENARIO (EMCEE): PERFECT_CT_E_GT_20MEV
======================================================================

Loaded 3339 matched main-track clusters across U, V, X planes
Selected 267 ES main tracks
Loading ED model from: /eos/home-e/evilla/dune/sn-tps/neural_networks/electron_direction/three_plane_three_plane_v58_200k_lr_schedule_20251118_110931/checkpoints/model_epoch_12_val_loss_0.8898.keras
Running ED inference...
Applying E > 20 MeV cut
After energy cut: 29 clusters
Running emcee: 64 walkers × 2000 steps...
Acceptance fraction: 14.7%
Mean direction: θ=167.70°, φ=90.98°
Uncertainties: Δθ=122.81°, Δφ=13.31°
68% credible angle: 83.97°

Angular error: 62.76°

✓ Saved: /eos/project-e/ep-nu/evilla/sn-pointing/cat000052/pipeline/cat000052_scenario_best_case_emcee.npz

✓ Saved: /eos/project-e/ep-nu/evilla/sn-pointing/cat000052/pipeline/cat000052_scenario_perfect_ct_emcee.npz

✓ Saved: /eos/project-e/ep-nu/evilla/sn-pointing/cat000052/pipeline/cat000052_scenario_perfect_ct_e_gt_10mev_emcee.npz

✓ Saved: /eos/project-e/ep-nu/evilla/sn-pointing/cat000052/pipeline/cat000052_scenario_perfect_ct_e_gt_20mev_emcee.npz
✓ cat000052 completed successfully
