Processing cat000508 with 6 scenarios...
Cat directory: /eos/project-e/ep-nu/evilla/sn-pointing/cat000508
======================================================================
EMCEE RECONSTRUCTION FOR cat000508
======================================================================

Loading PDF from: /eos/home-e/evilla/dune/sn-tps/neural_networks/electron_direction/three_plane_three_plane_v58_200k_lr_schedule_20251118_110931/cosine_energy_pdf.npz
PDF loaded

======================================================================
SCENARIO (EMCEE): BEST_CASE
======================================================================

Loaded 3660 matched main-track clusters across U, V, X planes
Selected 292 ES main tracks
After E > 3 MeV cut: 292 clusters
Running emcee: 64 walkers × 2000 steps...
Acceptance fraction: 15.0%
Mean direction: θ=141.64°, φ=92.55°
Uncertainties: Δθ=39.92°, Δφ=18.30°
68% credible angle: 40.17°

Angular error: 23.41°

======================================================================
SCENARIO (EMCEE): PERFECT_CT
======================================================================

Loaded 3660 matched main-track clusters across U, V, X planes
Selected 292 ES main tracks
Loading ED model from: /eos/home-e/evilla/dune/sn-tps/neural_networks/electron_direction/three_plane_three_plane_v58_200k_lr_schedule_20251118_110931/checkpoints/model_epoch_12_val_loss_0.8898.keras
Running ED inference...
After energy cut: 292 clusters
Running emcee: 64 walkers × 2000 steps...
Acceptance fraction: 6.8%
Mean direction: θ=140.32°, φ=90.49°
Uncertainties: Δθ=38.61°, Δφ=19.12°
68% credible angle: 49.91°

Angular error: 22.78°

======================================================================
SCENARIO (EMCEE): FULL_PIPELINE
======================================================================

Loaded 3660 matched main-track clusters across U, V, X planes
Using all 3660 main-track clusters
Loading CT model from: /eos/user/e/evilla/dune/sn-tps/neural_networks/channel_tagging/ct_volume_v52_batch_reload_20251116_101125/best_model.keras
Running CT inference...
CT selected 3330 ES candidates from 3660 clusters
  ES prob range: [0.000, 1.000]
Loading ED model from: /eos/home-e/evilla/dune/sn-tps/neural_networks/electron_direction/three_plane_three_plane_v58_200k_lr_schedule_20251118_110931/checkpoints/model_epoch_12_val_loss_0.8898.keras
Running ED inference on 3330 clusters...
After E > 3 MeV cut: 3307 clusters
Running emcee: 64 walkers × 2000 steps...
Acceptance fraction: 3.7%
Mean direction: θ=178.06°, φ=83.38°
Uncertainties: Δθ=76.19°, Δφ=27.80°
68% credible angle: 66.37°

Angular error: 60.91°

======================================================================
SCENARIO (EMCEE): WEIGHTED_CT
======================================================================

Loaded 3660 matched main-track clusters across U, V, X planes
Using all 3660 main-track clusters
Loading CT model from: /eos/user/e/evilla/dune/sn-tps/neural_networks/channel_tagging/ct_volume_v52_batch_reload_20251116_101125/best_model.keras
Running CT inference...
CT selected 3330 ES candidates from 3660 clusters
  ES prob range: [0.000, 1.000]
Loading ED model from: /eos/home-e/evilla/dune/sn-tps/neural_networks/electron_direction/three_plane_three_plane_v58_200k_lr_schedule_20251118_110931/checkpoints/model_epoch_12_val_loss_0.8898.keras
Running ED inference on 3330 clusters...
Using CT weights (ES probabilities)
After E > 3 MeV cut: 3307 clusters
Running weighted MCMC with 3307 weights
Running emcee: 64 walkers × 2000 steps...
Acceptance fraction: 3.7%
Mean direction: θ=172.10°, φ=87.52°
Uncertainties: Δθ=75.42°, Δφ=29.52°
68% credible angle: 66.78°

Angular error: 54.21°

======================================================================
SCENARIO (EMCEE): PERFECT_CT_E_GT_10MEV
======================================================================

Loaded 3660 matched main-track clusters across U, V, X planes
Selected 292 ES main tracks
Loading ED model from: /eos/home-e/evilla/dune/sn-tps/neural_networks/electron_direction/three_plane_three_plane_v58_200k_lr_schedule_20251118_110931/checkpoints/model_epoch_12_val_loss_0.8898.keras
Running ED inference...
Applying E > 10 MeV cut
After energy cut: 175 clusters
Running emcee: 64 walkers × 2000 steps...
Acceptance fraction: 10.6%
Mean direction: θ=144.35°, φ=94.64°
Uncertainties: Δθ=92.72°, Δφ=16.48°
68% credible angle: 108.01°

Angular error: 25.62°

======================================================================
SCENARIO (EMCEE): PERFECT_CT_E_GT_20MEV
======================================================================

Loaded 3660 matched main-track clusters across U, V, X planes
Selected 292 ES main tracks
Loading ED model from: /eos/home-e/evilla/dune/sn-tps/neural_networks/electron_direction/three_plane_three_plane_v58_200k_lr_schedule_20251118_110931/checkpoints/model_epoch_12_val_loss_0.8898.keras
Running ED inference...
Applying E > 20 MeV cut
After energy cut: 53 clusters
Running emcee: 64 walkers × 2000 steps...
Acceptance fraction: 16.1%
Mean direction: θ=114.75°, φ=94.20°
Uncertainties: Δθ=133.34°, Δφ=10.89°
68% credible angle: 153.56°

Angular error: 5.73°

✓ Saved: /eos/project-e/ep-nu/evilla/sn-pointing/cat000508/pipeline/cat000508_scenario_best_case_emcee.npz

✓ Saved: /eos/project-e/ep-nu/evilla/sn-pointing/cat000508/pipeline/cat000508_scenario_perfect_ct_emcee.npz

✓ Saved: /eos/project-e/ep-nu/evilla/sn-pointing/cat000508/pipeline/cat000508_scenario_full_pipeline_emcee.npz

✓ Saved: /eos/project-e/ep-nu/evilla/sn-pointing/cat000508/pipeline/cat000508_scenario_weighted_ct_emcee.npz

✓ Saved: /eos/project-e/ep-nu/evilla/sn-pointing/cat000508/pipeline/cat000508_scenario_perfect_ct_e_gt_10mev_emcee.npz

✓ Saved: /eos/project-e/ep-nu/evilla/sn-pointing/cat000508/pipeline/cat000508_scenario_perfect_ct_e_gt_20mev_emcee.npz
✓ cat000508 completed successfully
