Processing cat000356 with 6 scenarios...
Cat directory: /eos/project-e/ep-nu/evilla/sn-pointing/cat000356
======================================================================
EMCEE RECONSTRUCTION FOR cat000356
======================================================================

Loading PDF from: /eos/home-e/evilla/dune/sn-tps/neural_networks/electron_direction/three_plane_three_plane_v58_200k_lr_schedule_20251118_110931/cosine_energy_pdf.npz
PDF loaded

======================================================================
SCENARIO (EMCEE): BEST_CASE
======================================================================

Loaded 3771 matched main-track clusters across U, V, X planes
Selected 247 ES main tracks
After E > 3 MeV cut: 247 clusters
Running emcee: 64 walkers × 2000 steps...
Acceptance fraction: 18.2%
Mean direction: θ=-6.47°, φ=78.54°
Uncertainties: Δθ=19.00°, Δφ=16.53°
68% credible angle: 26.56°

Angular error: 13.37°

======================================================================
SCENARIO (EMCEE): PERFECT_CT
======================================================================

Loaded 3771 matched main-track clusters across U, V, X planes
Selected 247 ES main tracks
Loading ED model from: /eos/home-e/evilla/dune/sn-tps/neural_networks/electron_direction/three_plane_three_plane_v58_200k_lr_schedule_20251118_110931/checkpoints/model_epoch_12_val_loss_0.8898.keras
Running ED inference...
After energy cut: 247 clusters
Running emcee: 64 walkers × 2000 steps...
Acceptance fraction: 24.2%
Mean direction: θ=6.75°, φ=67.02°
Uncertainties: Δθ=14.26°, Δφ=10.24°
68% credible angle: 16.84°

Angular error: 20.24°

======================================================================
SCENARIO (EMCEE): FULL_PIPELINE
======================================================================

Loaded 3771 matched main-track clusters across U, V, X planes
Using all 3771 main-track clusters
Loading CT model from: /eos/user/e/evilla/dune/sn-tps/neural_networks/channel_tagging/ct_volume_v52_batch_reload_20251116_101125/best_model.keras
Running CT inference...
CT selected 3428 ES candidates from 3771 clusters
  ES prob range: [0.000, 1.000]
Loading ED model from: /eos/home-e/evilla/dune/sn-tps/neural_networks/electron_direction/three_plane_three_plane_v58_200k_lr_schedule_20251118_110931/checkpoints/model_epoch_12_val_loss_0.8898.keras
Running ED inference on 3428 clusters...
After E > 3 MeV cut: 3403 clusters
Running emcee: 64 walkers × 2000 steps...
Acceptance fraction: 3.0%
Mean direction: θ=-79.50°, φ=98.36°
Uncertainties: Δθ=113.85°, Δφ=35.96°
68% credible angle: 118.90°

Angular error: 69.95°

======================================================================
SCENARIO (EMCEE): WEIGHTED_CT
======================================================================

Loaded 3771 matched main-track clusters across U, V, X planes
Using all 3771 main-track clusters
Loading CT model from: /eos/user/e/evilla/dune/sn-tps/neural_networks/channel_tagging/ct_volume_v52_batch_reload_20251116_101125/best_model.keras
Running CT inference...
CT selected 3428 ES candidates from 3771 clusters
  ES prob range: [0.000, 1.000]
Loading ED model from: /eos/home-e/evilla/dune/sn-tps/neural_networks/electron_direction/three_plane_three_plane_v58_200k_lr_schedule_20251118_110931/checkpoints/model_epoch_12_val_loss_0.8898.keras
Running ED inference on 3428 clusters...
Using CT weights (ES probabilities)
After E > 3 MeV cut: 3403 clusters
Running weighted MCMC with 3403 weights
Running emcee: 64 walkers × 2000 steps...
Acceptance fraction: 4.0%
Mean direction: θ=-53.11°, φ=81.36°
Uncertainties: Δθ=79.28°, Δφ=39.62°
68% credible angle: 87.61°

Angular error: 38.82°

======================================================================
SCENARIO (EMCEE): PERFECT_CT_E_GT_10MEV
======================================================================

Loaded 3771 matched main-track clusters across U, V, X planes
Selected 247 ES main tracks
Loading ED model from: /eos/home-e/evilla/dune/sn-tps/neural_networks/electron_direction/three_plane_three_plane_v58_200k_lr_schedule_20251118_110931/checkpoints/model_epoch_12_val_loss_0.8898.keras
Running ED inference...
Applying E > 10 MeV cut
After energy cut: 126 clusters
Running emcee: 64 walkers × 2000 steps...
Acceptance fraction: 16.1%
Mean direction: θ=-4.16°, φ=67.45°
Uncertainties: Δθ=22.27°, Δφ=10.29°
68% credible angle: 16.72°

Angular error: 10.18°

======================================================================
SCENARIO (EMCEE): PERFECT_CT_E_GT_20MEV
======================================================================

Loaded 3771 matched main-track clusters across U, V, X planes
Selected 247 ES main tracks
Loading ED model from: /eos/home-e/evilla/dune/sn-tps/neural_networks/electron_direction/three_plane_three_plane_v58_200k_lr_schedule_20251118_110931/checkpoints/model_epoch_12_val_loss_0.8898.keras
Running ED inference...
Applying E > 20 MeV cut
After energy cut: 29 clusters
Running emcee: 64 walkers × 2000 steps...
Acceptance fraction: 24.1%
Mean direction: θ=-9.45°, φ=71.36°
Uncertainties: Δθ=28.51°, Δφ=15.69°
68% credible angle: 19.91°

Angular error: 6.28°

✓ Saved: /eos/project-e/ep-nu/evilla/sn-pointing/cat000356/pipeline/cat000356_scenario_best_case_emcee.npz

✓ Saved: /eos/project-e/ep-nu/evilla/sn-pointing/cat000356/pipeline/cat000356_scenario_perfect_ct_emcee.npz

✓ Saved: /eos/project-e/ep-nu/evilla/sn-pointing/cat000356/pipeline/cat000356_scenario_full_pipeline_emcee.npz

✓ Saved: /eos/project-e/ep-nu/evilla/sn-pointing/cat000356/pipeline/cat000356_scenario_weighted_ct_emcee.npz

✓ Saved: /eos/project-e/ep-nu/evilla/sn-pointing/cat000356/pipeline/cat000356_scenario_perfect_ct_e_gt_10mev_emcee.npz

✓ Saved: /eos/project-e/ep-nu/evilla/sn-pointing/cat000356/pipeline/cat000356_scenario_perfect_ct_e_gt_20mev_emcee.npz
✓ cat000356 completed successfully
