==================================================================
Processing cat000570 with EMCEE - ALL SCENARIOS
==================================================================
======================================================================
EMCEE RECONSTRUCTION FOR cat000570
======================================================================

Loading PDF from: /eos/home-e/evilla/dune/sn-tps/neural_networks/electron_direction/three_plane_three_plane_v58_200k_lr_schedule_20251118_110931/cosine_energy_pdf.npz
PDF loaded

======================================================================
SCENARIO (EMCEE): PERFECT_CT
======================================================================

Loaded 2766 matched clusters across U, V, X planes
Selected clusters: 284
Running emcee: 64 walkers × 2000 steps...
Acceptance fraction: 8.8%
Mean direction: θ=158.00°, φ=136.26°
Uncertainties: Δθ=39.69°, Δφ=13.50°
68% credible angle: 30.20°

Angular error: 20.52°

======================================================================
SCENARIO (EMCEE): ES_MAIN_CC_SHOWER
======================================================================

Loaded 2766 matched clusters across U, V, X planes
Selected clusters: 284
Running emcee: 64 walkers × 2000 steps...
Acceptance fraction: 8.8%
Mean direction: θ=162.64°, φ=139.82°
Uncertainties: Δθ=41.49°, Δφ=14.02°
68% credible angle: 31.01°

Angular error: 21.34°

======================================================================
SCENARIO (EMCEE): ES_MAIN_CC_ALL
======================================================================

Loaded 2766 matched clusters across U, V, X planes
Selected clusters: 284
Running emcee: 64 walkers × 2000 steps...
Acceptance fraction: 7.5%
Mean direction: θ=169.70°, φ=137.27°
Uncertainties: Δθ=37.93°, Δφ=14.64°
68% credible angle: 31.35°

Angular error: 26.66°

======================================================================
SCENARIO (EMCEE): ES_ALL_CC_SHOWER
======================================================================

Loaded 2766 matched clusters across U, V, X planes
Selected clusters: 284
Running emcee: 64 walkers × 2000 steps...
Acceptance fraction: 7.9%
Mean direction: θ=160.29°, φ=135.50°
Uncertainties: Δθ=40.34°, Δφ=14.41°
68% credible angle: 32.44°

Angular error: 22.26°

======================================================================
SCENARIO (EMCEE): ES_ALL_CC_ALL
======================================================================

Loaded 2766 matched clusters across U, V, X planes
Selected clusters: 284
Running emcee: 64 walkers × 2000 steps...
Acceptance fraction: 9.5%
Mean direction: θ=155.89°, φ=136.87°
Uncertainties: Δθ=37.58°, Δφ=14.35°
68% credible angle: 30.31°

Angular error: 18.98°

======================================================================
SCENARIO (EMCEE): ALL_TRACKS_ALL_SHOWERS
======================================================================

Loaded 2766 matched clusters across U, V, X planes
Selected clusters: 2766
Running emcee: 64 walkers × 2000 steps...
Acceptance fraction: 4.1%
Mean direction: θ=-171.68°, φ=120.67°
Uncertainties: Δθ=56.83°, Δφ=27.15°
68% credible angle: 52.47°

Angular error: 48.34°

✓ Saved: /eos/project-e/ep-nu/evilla/sn-pointing/cat000570/pipeline/cat000570_scenario_perfect_ct_emcee.npz

✓ Saved: /eos/project-e/ep-nu/evilla/sn-pointing/cat000570/pipeline/cat000570_scenario_es_main_cc_shower_emcee.npz

✓ Saved: /eos/project-e/ep-nu/evilla/sn-pointing/cat000570/pipeline/cat000570_scenario_es_main_cc_all_emcee.npz

✓ Saved: /eos/project-e/ep-nu/evilla/sn-pointing/cat000570/pipeline/cat000570_scenario_es_all_cc_shower_emcee.npz

✓ Saved: /eos/project-e/ep-nu/evilla/sn-pointing/cat000570/pipeline/cat000570_scenario_es_all_cc_all_emcee.npz

✓ Saved: /eos/project-e/ep-nu/evilla/sn-pointing/cat000570/pipeline/cat000570_scenario_all_tracks_all_showers_emcee.npz
✓ cat000570 completed successfully
