Processing cat000110 with 6 scenarios...
Cat directory: /eos/project-e/ep-nu/evilla/sn-pointing/cat000110
======================================================================
EMCEE RECONSTRUCTION FOR cat000110
======================================================================

Loading PDF from: /eos/home-e/evilla/dune/sn-tps/neural_networks/electron_direction/three_plane_three_plane_v58_200k_lr_schedule_20251118_110931/cosine_energy_pdf.npz
PDF loaded

======================================================================
SCENARIO (EMCEE): BEST_CASE
======================================================================

Loaded 3555 matched main-track clusters across U, V, X planes
Selected 269 ES main tracks
After E > 3 MeV cut: 269 clusters
Running emcee: 64 walkers × 2000 steps...
Acceptance fraction: 10.1%
Mean direction: θ=-137.85°, φ=113.06°
Uncertainties: Δθ=38.34°, Δφ=17.21°
68% credible angle: 38.17°

Angular error: 14.11°

======================================================================
SCENARIO (EMCEE): PERFECT_CT
======================================================================

Loaded 3555 matched main-track clusters across U, V, X planes
Selected 269 ES main tracks
Loading ED model from: /eos/home-e/evilla/dune/sn-tps/neural_networks/electron_direction/three_plane_three_plane_v58_200k_lr_schedule_20251118_110931/checkpoints/model_epoch_12_val_loss_0.8898.keras
Running ED inference...
After energy cut: 269 clusters
Running emcee: 64 walkers × 2000 steps...
Acceptance fraction: 12.3%
Mean direction: θ=-154.06°, φ=109.84°
Uncertainties: Δθ=36.85°, Δφ=14.53°
68% credible angle: 35.73°

Angular error: 28.33°

======================================================================
SCENARIO (EMCEE): FULL_PIPELINE
======================================================================

Loaded 3555 matched main-track clusters across U, V, X planes
Using all 3555 main-track clusters
Loading CT model from: /eos/user/e/evilla/dune/sn-tps/neural_networks/charge_topology/best_model.keras

✗ full_pipeline failed: File not found: filepath=/eos/user/e/evilla/dune/sn-tps/neural_networks/charge_topology/best_model.keras. Please ensure the file is an accessible `.keras` zip file.

======================================================================
SCENARIO (EMCEE): WEIGHTED_CT
======================================================================

Loaded 3555 matched main-track clusters across U, V, X planes
Using all 3555 main-track clusters
Loading CT model from: /eos/user/e/evilla/dune/sn-tps/neural_networks/charge_topology/best_model.keras

✗ weighted_ct failed: File not found: filepath=/eos/user/e/evilla/dune/sn-tps/neural_networks/charge_topology/best_model.keras. Please ensure the file is an accessible `.keras` zip file.

======================================================================
SCENARIO (EMCEE): PERFECT_CT_E_GT_10MEV
======================================================================

Loaded 3555 matched main-track clusters across U, V, X planes
Selected 269 ES main tracks
Loading ED model from: /eos/home-e/evilla/dune/sn-tps/neural_networks/electron_direction/three_plane_three_plane_v58_200k_lr_schedule_20251118_110931/checkpoints/model_epoch_12_val_loss_0.8898.keras
Running ED inference...
Applying E > 10 MeV cut
After energy cut: 139 clusters
Running emcee: 64 walkers × 2000 steps...
Acceptance fraction: 10.3%
Mean direction: θ=-159.74°, φ=106.08°
Uncertainties: Δθ=49.97°, Δφ=19.90°
68% credible angle: 40.16°

Angular error: 33.93°

======================================================================
SCENARIO (EMCEE): PERFECT_CT_E_GT_20MEV
======================================================================

Loaded 3555 matched main-track clusters across U, V, X planes
Selected 269 ES main tracks
Loading ED model from: /eos/home-e/evilla/dune/sn-tps/neural_networks/electron_direction/three_plane_three_plane_v58_200k_lr_schedule_20251118_110931/checkpoints/model_epoch_12_val_loss_0.8898.keras
Running ED inference...
Applying E > 20 MeV cut
After energy cut: 34 clusters
Running emcee: 64 walkers × 2000 steps...
Acceptance fraction: 13.1%
Mean direction: θ=-154.21°, φ=89.07°
Uncertainties: Δθ=95.51°, Δφ=19.06°
68% credible angle: 127.48°

Angular error: 34.44°

✓ Saved: /eos/project-e/ep-nu/evilla/sn-pointing/cat000110/pipeline/cat000110_scenario_best_case_emcee.npz

✓ Saved: /eos/project-e/ep-nu/evilla/sn-pointing/cat000110/pipeline/cat000110_scenario_perfect_ct_emcee.npz

✓ Saved: /eos/project-e/ep-nu/evilla/sn-pointing/cat000110/pipeline/cat000110_scenario_perfect_ct_e_gt_10mev_emcee.npz

✓ Saved: /eos/project-e/ep-nu/evilla/sn-pointing/cat000110/pipeline/cat000110_scenario_perfect_ct_e_gt_20mev_emcee.npz
✓ cat000110 completed successfully
