==================================================================
Processing cat000591 with EMCEE - ALL SCENARIOS
==================================================================
======================================================================
EMCEE RECONSTRUCTION FOR cat000591
======================================================================

Loading PDF from: /eos/home-e/evilla/dune/sn-tps/neural_networks/electron_direction/three_plane_three_plane_v58_200k_lr_schedule_20251118_110931/cosine_energy_pdf.npz
PDF loaded

======================================================================
SCENARIO (EMCEE): PERFECT_CT
======================================================================

Loaded 3701 matched clusters across U, V, X planes
Selected clusters: 228
Running emcee: 64 walkers × 2000 steps...
Acceptance fraction: 8.1%
Mean direction: θ=172.62°, φ=87.00°
Uncertainties: Δθ=19.62°, Δφ=17.30°
68% credible angle: 27.18°

Angular error: 9.04°

======================================================================
SCENARIO (EMCEE): ES_MAIN_CC_SHOWER
======================================================================

Loaded 3701 matched clusters across U, V, X planes
Selected clusters: 228
Running emcee: 64 walkers × 2000 steps...
Acceptance fraction: 9.3%
Mean direction: θ=171.93°, φ=82.10°
Uncertainties: Δθ=20.57°, Δφ=16.91°
68% credible angle: 27.19°

Angular error: 5.95°

======================================================================
SCENARIO (EMCEE): ES_MAIN_CC_ALL
======================================================================

Loaded 3701 matched clusters across U, V, X planes
Selected clusters: 228
Running emcee: 64 walkers × 2000 steps...
Acceptance fraction: 8.0%
Mean direction: θ=171.10°, φ=85.12°
Uncertainties: Δθ=20.95°, Δφ=16.11°
68% credible angle: 26.87°

Angular error: 6.65°

======================================================================
SCENARIO (EMCEE): ES_ALL_CC_SHOWER
======================================================================

Loaded 3701 matched clusters across U, V, X planes
Selected clusters: 228
Running emcee: 64 walkers × 2000 steps...
Acceptance fraction: 10.7%
Mean direction: θ=-177.58°, φ=82.23°
Uncertainties: Δθ=17.67°, Δφ=16.98°
68% credible angle: 27.54°

Angular error: 16.23°

======================================================================
SCENARIO (EMCEE): ES_ALL_CC_ALL
======================================================================

Loaded 3701 matched clusters across U, V, X planes
Selected clusters: 228
Running emcee: 64 walkers × 2000 steps...
Acceptance fraction: 7.6%
Mean direction: θ=172.15°, φ=85.11°
Uncertainties: Δθ=20.31°, Δφ=15.65°
68% credible angle: 26.90°

Angular error: 7.45°

======================================================================
SCENARIO (EMCEE): ALL_TRACKS_ALL_SHOWERS
======================================================================

Loaded 3701 matched clusters across U, V, X planes
Selected clusters: 3701
Running emcee: 64 walkers × 2000 steps...
Acceptance fraction: 4.8%
Mean direction: θ=-157.24°, φ=105.59°
Uncertainties: Δθ=48.87°, Δφ=26.43°
68% credible angle: 44.39°

Angular error: 44.03°

✓ Saved: /eos/project-e/ep-nu/evilla/sn-pointing/cat000591/pipeline/cat000591_scenario_perfect_ct_emcee.npz

✓ Saved: /eos/project-e/ep-nu/evilla/sn-pointing/cat000591/pipeline/cat000591_scenario_es_main_cc_shower_emcee.npz

✓ Saved: /eos/project-e/ep-nu/evilla/sn-pointing/cat000591/pipeline/cat000591_scenario_es_main_cc_all_emcee.npz

✓ Saved: /eos/project-e/ep-nu/evilla/sn-pointing/cat000591/pipeline/cat000591_scenario_es_all_cc_shower_emcee.npz

✓ Saved: /eos/project-e/ep-nu/evilla/sn-pointing/cat000591/pipeline/cat000591_scenario_es_all_cc_all_emcee.npz

✓ Saved: /eos/project-e/ep-nu/evilla/sn-pointing/cat000591/pipeline/cat000591_scenario_all_tracks_all_showers_emcee.npz
✓ cat000591 completed successfully
