Processing cat000047 with 6 scenarios...
Cat directory: /eos/project-e/ep-nu/evilla/sn-pointing/cat000047
======================================================================
EMCEE RECONSTRUCTION FOR cat000047
======================================================================

Loading PDF from: /eos/home-e/evilla/dune/sn-tps/neural_networks/electron_direction/three_plane_three_plane_v58_200k_lr_schedule_20251118_110931/cosine_energy_pdf.npz
PDF loaded

======================================================================
SCENARIO (EMCEE): BEST_CASE
======================================================================

Loaded 3314 matched main-track clusters across U, V, X planes
Selected 262 ES main tracks
After E > 3 MeV cut: 262 clusters
Running emcee: 64 walkers × 2000 steps...
Acceptance fraction: 12.5%
Mean direction: θ=150.42°, φ=74.24°
Uncertainties: Δθ=28.58°, Δφ=16.93°
68% credible angle: 29.96°

Angular error: 7.57°

======================================================================
SCENARIO (EMCEE): PERFECT_CT
======================================================================

Loaded 3314 matched main-track clusters across U, V, X planes
Selected 262 ES main tracks
Loading ED model from: /eos/home-e/evilla/dune/sn-tps/neural_networks/electron_direction/three_plane_three_plane_v58_200k_lr_schedule_20251118_110931/checkpoints/model_epoch_12_val_loss_0.8898.keras
Running ED inference...
After energy cut: 262 clusters
Running emcee: 64 walkers × 2000 steps...
Acceptance fraction: 6.3%
Mean direction: θ=170.71°, φ=72.05°
Uncertainties: Δθ=22.70°, Δφ=17.31°
68% credible angle: 31.32°

Angular error: 25.37°

======================================================================
SCENARIO (EMCEE): FULL_PIPELINE
======================================================================

Loaded 3314 matched main-track clusters across U, V, X planes
Using all 3314 main-track clusters
Loading CT model from: /eos/user/e/evilla/dune/sn-tps/neural_networks/charge_topology/best_model.keras

✗ full_pipeline failed: File not found: filepath=/eos/user/e/evilla/dune/sn-tps/neural_networks/charge_topology/best_model.keras. Please ensure the file is an accessible `.keras` zip file.

======================================================================
SCENARIO (EMCEE): WEIGHTED_CT
======================================================================

Loaded 3314 matched main-track clusters across U, V, X planes
Using all 3314 main-track clusters
Loading CT model from: /eos/user/e/evilla/dune/sn-tps/neural_networks/charge_topology/best_model.keras

✗ weighted_ct failed: File not found: filepath=/eos/user/e/evilla/dune/sn-tps/neural_networks/charge_topology/best_model.keras. Please ensure the file is an accessible `.keras` zip file.

======================================================================
SCENARIO (EMCEE): PERFECT_CT_E_GT_10MEV
======================================================================

Loaded 3314 matched main-track clusters across U, V, X planes
Selected 262 ES main tracks
Loading ED model from: /eos/home-e/evilla/dune/sn-tps/neural_networks/electron_direction/three_plane_three_plane_v58_200k_lr_schedule_20251118_110931/checkpoints/model_epoch_12_val_loss_0.8898.keras
Running ED inference...
Applying E > 10 MeV cut
After energy cut: 142 clusters
Running emcee: 64 walkers × 2000 steps...
Acceptance fraction: 11.6%
Mean direction: θ=167.43°, φ=72.93°
Uncertainties: Δθ=20.63°, Δφ=12.51°
68% credible angle: 23.75°

Angular error: 22.45°

======================================================================
SCENARIO (EMCEE): PERFECT_CT_E_GT_20MEV
======================================================================

Loaded 3314 matched main-track clusters across U, V, X planes
Selected 262 ES main tracks
Loading ED model from: /eos/home-e/evilla/dune/sn-tps/neural_networks/electron_direction/three_plane_three_plane_v58_200k_lr_schedule_20251118_110931/checkpoints/model_epoch_12_val_loss_0.8898.keras
Running ED inference...
Applying E > 20 MeV cut
After energy cut: 41 clusters
Running emcee: 64 walkers × 2000 steps...
Acceptance fraction: 22.5%
Mean direction: θ=171.48°, φ=70.99°
Uncertainties: Δθ=19.80°, Δφ=10.61°
68% credible angle: 18.67°

Angular error: 25.94°

✓ Saved: /eos/project-e/ep-nu/evilla/sn-pointing/cat000047/pipeline/cat000047_scenario_best_case_emcee.npz

✓ Saved: /eos/project-e/ep-nu/evilla/sn-pointing/cat000047/pipeline/cat000047_scenario_perfect_ct_emcee.npz

✓ Saved: /eos/project-e/ep-nu/evilla/sn-pointing/cat000047/pipeline/cat000047_scenario_perfect_ct_e_gt_10mev_emcee.npz

✓ Saved: /eos/project-e/ep-nu/evilla/sn-pointing/cat000047/pipeline/cat000047_scenario_perfect_ct_e_gt_20mev_emcee.npz
✓ cat000047 completed successfully
