==================================================================
Processing cat000434 with EMCEE - ALL SCENARIOS
==================================================================
======================================================================
EMCEE RECONSTRUCTION FOR cat000434
======================================================================

Loading PDF from: /eos/home-e/evilla/dune/sn-tps/neural_networks/electron_direction/three_plane_three_plane_v58_200k_lr_schedule_20251118_110931/cosine_energy_pdf.npz
PDF loaded

======================================================================
SCENARIO (EMCEE): PERFECT_CT
======================================================================

Loaded 3809 matched clusters across U, V, X planes
Selected clusters: 264
Running emcee: 64 walkers × 2000 steps...
Acceptance fraction: 6.8%
Mean direction: θ=172.50°, φ=124.95°
Uncertainties: Δθ=26.30°, Δφ=20.47°
68% credible angle: 28.46°

Angular error: 4.86°

======================================================================
SCENARIO (EMCEE): ES_MAIN_CC_SHOWER
======================================================================

Loaded 3809 matched clusters across U, V, X planes
Selected clusters: 264
Running emcee: 64 walkers × 2000 steps...
Acceptance fraction: 7.3%
Mean direction: θ=171.48°, φ=124.68°
Uncertainties: Δθ=28.51°, Δφ=21.57°
68% credible angle: 28.27°

Angular error: 5.26°

======================================================================
SCENARIO (EMCEE): ES_MAIN_CC_ALL
======================================================================

Loaded 3809 matched clusters across U, V, X planes
Selected clusters: 264
Running emcee: 64 walkers × 2000 steps...
Acceptance fraction: 7.1%
Mean direction: θ=177.27°, φ=125.20°
Uncertainties: Δθ=36.41°, Δφ=28.58°
68% credible angle: 30.47°

Angular error: 5.69°

======================================================================
SCENARIO (EMCEE): ES_ALL_CC_SHOWER
======================================================================

Loaded 3809 matched clusters across U, V, X planes
Selected clusters: 264
Running emcee: 64 walkers × 2000 steps...
Acceptance fraction: 7.4%
Mean direction: θ=165.86°, φ=118.66°
Uncertainties: Δθ=48.08°, Δφ=35.19°
68% credible angle: 31.51°

Angular error: 12.61°

======================================================================
SCENARIO (EMCEE): ES_ALL_CC_ALL
======================================================================

Loaded 3809 matched clusters across U, V, X planes
Selected clusters: 264
Running emcee: 64 walkers × 2000 steps...
Acceptance fraction: 7.1%
Mean direction: θ=169.52°, φ=120.64°
Uncertainties: Δθ=43.46°, Δφ=35.06°
68% credible angle: 37.41°

Angular error: 9.59°

======================================================================
SCENARIO (EMCEE): ALL_TRACKS_ALL_SHOWERS
======================================================================

Loaded 3809 matched clusters across U, V, X planes
Selected clusters: 3809
Running emcee: 64 walkers × 2000 steps...
Acceptance fraction: 4.7%
Mean direction: θ=-176.48°, φ=119.54°
Uncertainties: Δθ=50.28°, Δφ=30.91°
68% credible angle: 44.09°

Angular error: 13.38°

✓ Saved: /eos/project-e/ep-nu/evilla/sn-pointing/cat000434/pipeline/cat000434_scenario_perfect_ct_emcee.npz

✓ Saved: /eos/project-e/ep-nu/evilla/sn-pointing/cat000434/pipeline/cat000434_scenario_es_main_cc_shower_emcee.npz

✓ Saved: /eos/project-e/ep-nu/evilla/sn-pointing/cat000434/pipeline/cat000434_scenario_es_main_cc_all_emcee.npz

✓ Saved: /eos/project-e/ep-nu/evilla/sn-pointing/cat000434/pipeline/cat000434_scenario_es_all_cc_shower_emcee.npz

✓ Saved: /eos/project-e/ep-nu/evilla/sn-pointing/cat000434/pipeline/cat000434_scenario_es_all_cc_all_emcee.npz

✓ Saved: /eos/project-e/ep-nu/evilla/sn-pointing/cat000434/pipeline/cat000434_scenario_all_tracks_all_showers_emcee.npz
✓ cat000434 completed successfully
