000 (13791725.574.000) 11/20 10:34:58 Job submitted from host: <188.184.90.62:9618?addrs=188.184.90.62-9618+[2001-1458-201-e4--100-238]-9618&alias=bigbird16.cern.ch&noUDP&sock=schedd_5196_9a2f>
...
040 (13791725.574.000) 11/20 11:47:33 Started transferring input files
	Transferring to host: <188.185.93.129:9618?addrs=188.185.93.129-9618+[2001-1458-d00-6c--100-68]-9618&alias=b9g57n0854.cern.ch&noUDP&sock=slot1_1_16690_5d60_9200>
...
040 (13791725.574.000) 11/20 11:47:33 Finished transferring input files
...
001 (13791725.574.000) 11/20 11:47:34 Job executing on host: <188.185.93.129:9618?addrs=188.185.93.129-9618+[2001-1458-d00-6c--100-68]-9618&alias=b9g57n0854.cern.ch&noUDP&sock=startd_15797_01ac>
	SlotName: slot1_1@b9g57n0854.cern.ch
	AvailableGPUs = { GPUs_GPU_ba6c27ee }
	CondorScratchDir = "/pool/condor/dir_1469388"
	Cpus = 11
	Disk = 4195308
	GPUs = 1
	GPUs_GPU_ba6c27ee = [ Id = "GPU-ba6c27ee"; ClockMhz = 1410.0; Capability = 8.0; CoresPerCU = 64; DeviceName = "NVIDIA A100-PCIE-40GB"; DeviceUuid = "ba6c27ee-83b9-8c1a-8580-9009ce83a62d"; ECCEnabled = true; ComputeUnits = 108; DriverVersion = 13.0; DevicePciBusId = "0000:06:00.0"; GlobalMemoryMb = 40441; MaxSupportedVersion = 13000 ]
	Memory = 33000
...
006 (13791725.574.000) 11/20 11:47:48 Image size of job updated: 293248
	287  -  MemoryUsage of job (MB)
	293248  -  ResidentSetSize of job (KB)
...
006 (13791725.574.000) 11/20 11:50:34 Image size of job updated: 2121316
	287  -  MemoryUsage of job (MB)
	293248  -  ResidentSetSize of job (KB)
...
040 (13791725.574.000) 11/20 11:50:34 Started transferring output files
...
040 (13791725.574.000) 11/20 11:50:34 Finished transferring output files
...
005 (13791725.574.000) 11/20 11:50:34 Job terminated.
	(1) Normal termination (return value 0)
		Usr 0 00:05:26, Sys 0 00:00:25  -  Run Remote Usage
		Usr 0 00:00:00, Sys 0 00:00:00  -  Run Local Usage
		Usr 0 00:05:26, Sys 0 00:00:25  -  Total Remote Usage
		Usr 0 00:00:00, Sys 0 00:00:00  -  Total Local Usage
	16754  -  Run Bytes Sent By Job
	1411571  -  Run Bytes Received By Job
	16754  -  Total Bytes Sent By Job
	1411571  -  Total Bytes Received By Job
	Partitionable Resources :    Usage  Request Allocated Assigned
	   Cpus                 :                11        11 
	   Disk (KB)            :     1411  4194304   4195308 
	   GPUs                 :                 1         1 "GPU-ba6c27ee"
	   Memory (MB)          :      287    33000     33000 
	   TimeExecute (s)      :      180                    
	   TimeSlotBusy (s)     :      181                    

	Job terminated of its own accord at 2025-11-20T10:50:34Z with exit-code 0.
...
