Processing cat000011 with 6 scenarios...
Cat directory: /eos/project-e/ep-nu/evilla/sn-pointing/cat000011
======================================================================
EMCEE RECONSTRUCTION FOR cat000011
======================================================================

Loading PDF from: /eos/home-e/evilla/dune/sn-tps/neural_networks/electron_direction/three_plane_three_plane_v58_200k_lr_schedule_20251118_110931/cosine_energy_pdf.npz
PDF loaded

======================================================================
SCENARIO (EMCEE): BEST_CASE
======================================================================

Loaded 3859 matched main-track clusters across U, V, X planes
Selected 301 ES main tracks
After E > 3 MeV cut: 301 clusters
Running emcee: 64 walkers × 2000 steps...
Acceptance fraction: 16.3%
Mean direction: θ=18.10°, φ=135.60°
Uncertainties: Δθ=66.70°, Δφ=42.81°
68% credible angle: 45.71°

Angular error: 39.02°

======================================================================
SCENARIO (EMCEE): PERFECT_CT
======================================================================

Loaded 3859 matched main-track clusters across U, V, X planes
Selected 301 ES main tracks
Loading ED model from: /eos/home-e/evilla/dune/sn-tps/neural_networks/electron_direction/three_plane_three_plane_v58_200k_lr_schedule_20251118_110931/checkpoints/model_epoch_12_val_loss_0.8898.keras
Running ED inference...
After energy cut: 301 clusters
Running emcee: 64 walkers × 2000 steps...
Acceptance fraction: 10.6%
Mean direction: θ=59.83°, φ=143.85°
Uncertainties: Δθ=66.32°, Δφ=17.33°
68% credible angle: 30.12°

Angular error: 23.85°

======================================================================
SCENARIO (EMCEE): FULL_PIPELINE
======================================================================

Loaded 3859 matched main-track clusters across U, V, X planes
Using all 3859 main-track clusters
Loading CT model from: /eos/user/e/evilla/dune/sn-tps/neural_networks/channel_tagging/ct_volume_v52_batch_reload_20251116_101125/best_model.keras
Running CT inference...
CT selected 3510 ES candidates from 3859 clusters
  ES prob range: [0.000, 1.000]
Loading ED model from: /eos/home-e/evilla/dune/sn-tps/neural_networks/electron_direction/three_plane_three_plane_v58_200k_lr_schedule_20251118_110931/checkpoints/model_epoch_12_val_loss_0.8898.keras
Running ED inference on 3510 clusters...
After E > 3 MeV cut: 3490 clusters
Running emcee: 64 walkers × 2000 steps...
Acceptance fraction: 4.3%
Mean direction: θ=-140.46°, φ=119.61°
Uncertainties: Δθ=83.38°, Δφ=31.13°
68% credible angle: 81.00°

Angular error: 71.08°

======================================================================
SCENARIO (EMCEE): WEIGHTED_CT
======================================================================

Loaded 3859 matched main-track clusters across U, V, X planes
Using all 3859 main-track clusters
Loading CT model from: /eos/user/e/evilla/dune/sn-tps/neural_networks/channel_tagging/ct_volume_v52_batch_reload_20251116_101125/best_model.keras
Running CT inference...
CT selected 3510 ES candidates from 3859 clusters
  ES prob range: [0.000, 1.000]
Loading ED model from: /eos/home-e/evilla/dune/sn-tps/neural_networks/electron_direction/three_plane_three_plane_v58_200k_lr_schedule_20251118_110931/checkpoints/model_epoch_12_val_loss_0.8898.keras
Running ED inference on 3510 clusters...
Using CT weights (ES probabilities)
After E > 3 MeV cut: 3490 clusters
Running weighted MCMC with 3490 weights
Running emcee: 64 walkers × 2000 steps...
Acceptance fraction: 4.9%
Mean direction: θ=-144.63°, φ=115.40°
Uncertainties: Δθ=77.61°, Δφ=33.40°
68% credible angle: 81.10°

Angular error: 74.67°

======================================================================
SCENARIO (EMCEE): PERFECT_CT_E_GT_10MEV
======================================================================

Loaded 3859 matched main-track clusters across U, V, X planes
Selected 301 ES main tracks
Loading ED model from: /eos/home-e/evilla/dune/sn-tps/neural_networks/electron_direction/three_plane_three_plane_v58_200k_lr_schedule_20251118_110931/checkpoints/model_epoch_12_val_loss_0.8898.keras
Running ED inference...
Applying E > 10 MeV cut
After energy cut: 149 clusters
Running emcee: 64 walkers × 2000 steps...
Acceptance fraction: 11.0%
Mean direction: θ=107.38°, φ=132.28°
Uncertainties: Δθ=75.19°, Δφ=44.38°
68% credible angle: 46.03°

Angular error: 36.70°

======================================================================
SCENARIO (EMCEE): PERFECT_CT_E_GT_20MEV
======================================================================

Loaded 3859 matched main-track clusters across U, V, X planes
Selected 301 ES main tracks
Loading ED model from: /eos/home-e/evilla/dune/sn-tps/neural_networks/electron_direction/three_plane_three_plane_v58_200k_lr_schedule_20251118_110931/checkpoints/model_epoch_12_val_loss_0.8898.keras
Running ED inference...
Applying E > 20 MeV cut
After energy cut: 16 clusters
Running emcee: 64 walkers × 2000 steps...
Acceptance fraction: 24.1%
Mean direction: θ=130.27°, φ=111.93°
Uncertainties: Δθ=74.59°, Δφ=73.15°
68% credible angle: 102.99°

Angular error: 60.53°

✓ Saved: /eos/project-e/ep-nu/evilla/sn-pointing/cat000011/pipeline/cat000011_scenario_best_case_emcee.npz

✓ Saved: /eos/project-e/ep-nu/evilla/sn-pointing/cat000011/pipeline/cat000011_scenario_perfect_ct_emcee.npz

✓ Saved: /eos/project-e/ep-nu/evilla/sn-pointing/cat000011/pipeline/cat000011_scenario_full_pipeline_emcee.npz

✓ Saved: /eos/project-e/ep-nu/evilla/sn-pointing/cat000011/pipeline/cat000011_scenario_weighted_ct_emcee.npz

✓ Saved: /eos/project-e/ep-nu/evilla/sn-pointing/cat000011/pipeline/cat000011_scenario_perfect_ct_e_gt_10mev_emcee.npz

✓ Saved: /eos/project-e/ep-nu/evilla/sn-pointing/cat000011/pipeline/cat000011_scenario_perfect_ct_e_gt_20mev_emcee.npz
✓ cat000011 completed successfully
