Processing cat000206 with 6 scenarios...
Cat directory: /eos/project-e/ep-nu/evilla/sn-pointing/cat000206
======================================================================
EMCEE RECONSTRUCTION FOR cat000206
======================================================================

Loading PDF from: /eos/home-e/evilla/dune/sn-tps/neural_networks/electron_direction/three_plane_three_plane_v58_200k_lr_schedule_20251118_110931/cosine_energy_pdf.npz
PDF loaded

======================================================================
SCENARIO (EMCEE): BEST_CASE
======================================================================

Loaded 3432 matched main-track clusters across U, V, X planes
Selected 268 ES main tracks
After E > 3 MeV cut: 268 clusters
Running emcee: 64 walkers × 2000 steps...
Acceptance fraction: 9.4%
Mean direction: θ=46.84°, φ=104.04°
Uncertainties: Δθ=85.55°, Δφ=61.39°
68% credible angle: 87.06°

Angular error: 76.29°

======================================================================
SCENARIO (EMCEE): PERFECT_CT
======================================================================

Loaded 3432 matched main-track clusters across U, V, X planes
Selected 268 ES main tracks
Loading ED model from: /eos/home-e/evilla/dune/sn-tps/neural_networks/electron_direction/three_plane_three_plane_v58_200k_lr_schedule_20251118_110931/checkpoints/model_epoch_12_val_loss_0.8898.keras
Running ED inference...
After energy cut: 268 clusters
Running emcee: 64 walkers × 2000 steps...
Acceptance fraction: 14.6%
Mean direction: θ=162.59°, φ=150.70°
Uncertainties: Δθ=91.27°, Δφ=6.53°
68% credible angle: 30.54°

Angular error: 27.76°

======================================================================
SCENARIO (EMCEE): FULL_PIPELINE
======================================================================

Loaded 3432 matched main-track clusters across U, V, X planes
Using all 3432 main-track clusters
Loading CT model from: /eos/user/e/evilla/dune/sn-tps/neural_networks/channel_tagging/ct_volume_v52_batch_reload_20251116_101125/best_model.keras
Running CT inference...
CT selected 3138 ES candidates from 3432 clusters
  ES prob range: [0.000, 1.000]
Loading ED model from: /eos/home-e/evilla/dune/sn-tps/neural_networks/electron_direction/three_plane_three_plane_v58_200k_lr_schedule_20251118_110931/checkpoints/model_epoch_12_val_loss_0.8898.keras
Running ED inference on 3138 clusters...
After E > 3 MeV cut: 3117 clusters
Running emcee: 64 walkers × 2000 steps...
Acceptance fraction: 5.9%
Mean direction: θ=-151.11°, φ=121.15°
Uncertainties: Δθ=69.28°, Δφ=29.13°
68% credible angle: 67.79°

Angular error: 58.07°

======================================================================
SCENARIO (EMCEE): WEIGHTED_CT
======================================================================

Loaded 3432 matched main-track clusters across U, V, X planes
Using all 3432 main-track clusters
Loading CT model from: /eos/user/e/evilla/dune/sn-tps/neural_networks/channel_tagging/ct_volume_v52_batch_reload_20251116_101125/best_model.keras
Running CT inference...
CT selected 3138 ES candidates from 3432 clusters
  ES prob range: [0.000, 1.000]
Loading ED model from: /eos/home-e/evilla/dune/sn-tps/neural_networks/electron_direction/three_plane_three_plane_v58_200k_lr_schedule_20251118_110931/checkpoints/model_epoch_12_val_loss_0.8898.keras
Running ED inference on 3138 clusters...
Using CT weights (ES probabilities)
After E > 3 MeV cut: 3117 clusters
Running weighted MCMC with 3117 weights
Running emcee: 64 walkers × 2000 steps...
Acceptance fraction: 4.3%
Mean direction: θ=-173.65°, φ=120.95°
Uncertainties: Δθ=75.51°, Δφ=32.00°
68% credible angle: 52.83°

Angular error: 57.80°

======================================================================
SCENARIO (EMCEE): PERFECT_CT_E_GT_10MEV
======================================================================

Loaded 3432 matched main-track clusters across U, V, X planes
Selected 268 ES main tracks
Loading ED model from: /eos/home-e/evilla/dune/sn-tps/neural_networks/electron_direction/three_plane_three_plane_v58_200k_lr_schedule_20251118_110931/checkpoints/model_epoch_12_val_loss_0.8898.keras
Running ED inference...
Applying E > 10 MeV cut
After energy cut: 128 clusters
Running emcee: 64 walkers × 2000 steps...
Acceptance fraction: 15.5%
Mean direction: θ=-142.84°, φ=146.18°
Uncertainties: Δθ=78.40°, Δφ=33.67°
68% credible angle: 36.64°

Angular error: 33.27°

======================================================================
SCENARIO (EMCEE): PERFECT_CT_E_GT_20MEV
======================================================================

Loaded 3432 matched main-track clusters across U, V, X planes
Selected 268 ES main tracks
Loading ED model from: /eos/home-e/evilla/dune/sn-tps/neural_networks/electron_direction/three_plane_three_plane_v58_200k_lr_schedule_20251118_110931/checkpoints/model_epoch_12_val_loss_0.8898.keras
Running ED inference...
Applying E > 20 MeV cut
After energy cut: 27 clusters
Running emcee: 64 walkers × 2000 steps...
Acceptance fraction: 27.5%
Mean direction: θ=178.06°, φ=162.35°
Uncertainties: Δθ=50.52°, Δφ=21.73°
68% credible angle: 12.59°

Angular error: 16.28°

✓ Saved: /eos/project-e/ep-nu/evilla/sn-pointing/cat000206/pipeline/cat000206_scenario_best_case_emcee.npz

✓ Saved: /eos/project-e/ep-nu/evilla/sn-pointing/cat000206/pipeline/cat000206_scenario_perfect_ct_emcee.npz

✓ Saved: /eos/project-e/ep-nu/evilla/sn-pointing/cat000206/pipeline/cat000206_scenario_full_pipeline_emcee.npz

✓ Saved: /eos/project-e/ep-nu/evilla/sn-pointing/cat000206/pipeline/cat000206_scenario_weighted_ct_emcee.npz

✓ Saved: /eos/project-e/ep-nu/evilla/sn-pointing/cat000206/pipeline/cat000206_scenario_perfect_ct_e_gt_10mev_emcee.npz

✓ Saved: /eos/project-e/ep-nu/evilla/sn-pointing/cat000206/pipeline/cat000206_scenario_perfect_ct_e_gt_20mev_emcee.npz
✓ cat000206 completed successfully
