Processing cat000262 with 6 scenarios...
Cat directory: /eos/project-e/ep-nu/evilla/sn-pointing/cat000262
======================================================================
EMCEE RECONSTRUCTION FOR cat000262
======================================================================

Loading PDF from: /eos/home-e/evilla/dune/sn-tps/neural_networks/electron_direction/three_plane_three_plane_v58_200k_lr_schedule_20251118_110931/cosine_energy_pdf.npz
PDF loaded

======================================================================
SCENARIO (EMCEE): BEST_CASE
======================================================================

Loaded 3457 matched main-track clusters across U, V, X planes
Selected 292 ES main tracks
After E > 3 MeV cut: 292 clusters
Running emcee: 64 walkers × 2000 steps...
Acceptance fraction: 9.1%
Mean direction: θ=-116.22°, φ=79.82°
Uncertainties: Δθ=61.69°, Δφ=24.24°
68% credible angle: 43.32°

Angular error: 16.77°

======================================================================
SCENARIO (EMCEE): PERFECT_CT
======================================================================

Loaded 3457 matched main-track clusters across U, V, X planes
Selected 292 ES main tracks
Loading ED model from: /eos/home-e/evilla/dune/sn-tps/neural_networks/electron_direction/three_plane_three_plane_v58_200k_lr_schedule_20251118_110931/checkpoints/model_epoch_12_val_loss_0.8898.keras
Running ED inference...
After energy cut: 292 clusters
Running emcee: 64 walkers × 2000 steps...
Acceptance fraction: 9.4%
Mean direction: θ=-135.30°, φ=73.34°
Uncertainties: Δθ=62.35°, Δφ=18.47°
68% credible angle: 50.24°

Angular error: 33.60°

======================================================================
SCENARIO (EMCEE): FULL_PIPELINE
======================================================================

Loaded 3457 matched main-track clusters across U, V, X planes
Using all 3457 main-track clusters
Loading CT model from: /eos/user/e/evilla/dune/sn-tps/neural_networks/channel_tagging/ct_volume_v52_batch_reload_20251116_101125/best_model.keras
Running CT inference...
CT selected 3125 ES candidates from 3457 clusters
  ES prob range: [0.000, 1.000]
Loading ED model from: /eos/home-e/evilla/dune/sn-tps/neural_networks/electron_direction/three_plane_three_plane_v58_200k_lr_schedule_20251118_110931/checkpoints/model_epoch_12_val_loss_0.8898.keras
Running ED inference on 3125 clusters...
After E > 3 MeV cut: 3103 clusters
Running emcee: 64 walkers × 2000 steps...
Acceptance fraction: 4.6%
Mean direction: θ=-155.01°, φ=79.97°
Uncertainties: Δθ=70.42°, Δφ=28.69°
68% credible angle: 84.98°

Angular error: 53.58°

======================================================================
SCENARIO (EMCEE): WEIGHTED_CT
======================================================================

Loaded 3457 matched main-track clusters across U, V, X planes
Using all 3457 main-track clusters
Loading CT model from: /eos/user/e/evilla/dune/sn-tps/neural_networks/channel_tagging/ct_volume_v52_batch_reload_20251116_101125/best_model.keras
Running CT inference...
CT selected 3125 ES candidates from 3457 clusters
  ES prob range: [0.000, 1.000]
Loading ED model from: /eos/home-e/evilla/dune/sn-tps/neural_networks/electron_direction/three_plane_three_plane_v58_200k_lr_schedule_20251118_110931/checkpoints/model_epoch_12_val_loss_0.8898.keras
Running ED inference on 3125 clusters...
Using CT weights (ES probabilities)
After E > 3 MeV cut: 3103 clusters
Running weighted MCMC with 3103 weights
Running emcee: 64 walkers × 2000 steps...
Acceptance fraction: 3.6%
Mean direction: θ=-171.58°, φ=81.13°
Uncertainties: Δθ=72.51°, Δφ=26.12°
68% credible angle: 69.59°

Angular error: 69.74°

======================================================================
SCENARIO (EMCEE): PERFECT_CT_E_GT_10MEV
======================================================================

Loaded 3457 matched main-track clusters across U, V, X planes
Selected 292 ES main tracks
Loading ED model from: /eos/home-e/evilla/dune/sn-tps/neural_networks/electron_direction/three_plane_three_plane_v58_200k_lr_schedule_20251118_110931/checkpoints/model_epoch_12_val_loss_0.8898.keras
Running ED inference...
Applying E > 10 MeV cut
After energy cut: 161 clusters
Running emcee: 64 walkers × 2000 steps...
Acceptance fraction: 9.1%
Mean direction: θ=-166.40°, φ=79.94°
Uncertainties: Δθ=92.43°, Δφ=18.24°
68% credible angle: 79.76°

Angular error: 64.50°

======================================================================
SCENARIO (EMCEE): PERFECT_CT_E_GT_20MEV
======================================================================

Loaded 3457 matched main-track clusters across U, V, X planes
Selected 292 ES main tracks
Loading ED model from: /eos/home-e/evilla/dune/sn-tps/neural_networks/electron_direction/three_plane_three_plane_v58_200k_lr_schedule_20251118_110931/checkpoints/model_epoch_12_val_loss_0.8898.keras
Running ED inference...
Applying E > 20 MeV cut
After energy cut: 36 clusters
Running emcee: 64 walkers × 2000 steps...
Acceptance fraction: 12.0%
Mean direction: θ=-142.61°, φ=84.00°
Uncertainties: Δθ=101.63°, Δφ=13.26°
68% credible angle: 109.34°

Angular error: 42.77°

✓ Saved: /eos/project-e/ep-nu/evilla/sn-pointing/cat000262/pipeline/cat000262_scenario_best_case_emcee.npz

✓ Saved: /eos/project-e/ep-nu/evilla/sn-pointing/cat000262/pipeline/cat000262_scenario_perfect_ct_emcee.npz

✓ Saved: /eos/project-e/ep-nu/evilla/sn-pointing/cat000262/pipeline/cat000262_scenario_full_pipeline_emcee.npz

✓ Saved: /eos/project-e/ep-nu/evilla/sn-pointing/cat000262/pipeline/cat000262_scenario_weighted_ct_emcee.npz

✓ Saved: /eos/project-e/ep-nu/evilla/sn-pointing/cat000262/pipeline/cat000262_scenario_perfect_ct_e_gt_10mev_emcee.npz

✓ Saved: /eos/project-e/ep-nu/evilla/sn-pointing/cat000262/pipeline/cat000262_scenario_perfect_ct_e_gt_20mev_emcee.npz
✓ cat000262 completed successfully
