000 (13791725.365.000) 11/20 10:34:58 Job submitted from host: <188.184.90.62:9618?addrs=188.184.90.62-9618+[2001-1458-201-e4--100-238]-9618&alias=bigbird16.cern.ch&noUDP&sock=schedd_5196_9a2f>
...
040 (13791725.365.000) 11/20 11:22:57 Started transferring input files
	Transferring to host: <188.185.190.56:9618?addrs=188.185.190.56-9618+[2001-1458-d03-b--100-20b]-9618&alias=b9pgpun204.cern.ch&noUDP&sock=slot1_1_5370_6693_6971>
...
040 (13791725.365.000) 11/20 11:22:57 Finished transferring input files
...
001 (13791725.365.000) 11/20 11:22:58 Job executing on host: <188.185.190.56:9618?addrs=188.185.190.56-9618+[2001-1458-d03-b--100-20b]-9618&alias=b9pgpun204.cern.ch&noUDP&sock=startd_5323_b6b6>
	SlotName: slot1_1@b9pgpun204.cern.ch
	AvailableGPUs = { GPUs_MIG_785f1036_02a2_5242_b3ec_adc5d18df03d }
	CondorScratchDir = "/pool/condor/dir_954484"
	Cpus = 11
	Disk = 4194816
	GPUs = 1
	GPUs_MIG_785f1036_02a2_5242_b3ec_adc5d18df03d = [ Id = "MIG-785f1036-02a2-5242-b3ec-adc5d18df03d"; DeviceName = "NVIDIA H100L-2-24C MIG 2g.24gb"; DeviceUuid = "MIG-785f1036-02a2-5242-b3ec-adc5d18df03d"; ComputeUnits = 32; GlobalMemoryMb = 21547 ]
	Memory = 33000
...
006 (13791725.365.000) 11/20 11:23:12 Image size of job updated: 326204
	319  -  MemoryUsage of job (MB)
	326204  -  ResidentSetSize of job (KB)
...
006 (13791725.365.000) 11/20 11:25:15 Image size of job updated: 1696732
	319  -  MemoryUsage of job (MB)
	326204  -  ResidentSetSize of job (KB)
...
040 (13791725.365.000) 11/20 11:25:15 Started transferring output files
...
040 (13791725.365.000) 11/20 11:25:15 Finished transferring output files
...
005 (13791725.365.000) 11/20 11:25:16 Job terminated.
	(1) Normal termination (return value 0)
		Usr 0 00:03:23, Sys 0 00:00:10  -  Run Remote Usage
		Usr 0 00:00:00, Sys 0 00:00:00  -  Run Local Usage
		Usr 0 00:03:23, Sys 0 00:00:10  -  Total Remote Usage
		Usr 0 00:00:00, Sys 0 00:00:00  -  Total Local Usage
	17421  -  Run Bytes Sent By Job
	1411571  -  Run Bytes Received By Job
	17421  -  Total Bytes Sent By Job
	1411571  -  Total Bytes Received By Job
	Partitionable Resources :    Usage  Request Allocated Assigned
	   Cpus                 :        0       11        11 
	   Disk (KB)            :     1419  4194304   4194816 
	   GPUs                 :                 1         1 "MIG-785f1036-02a2-5242-b3ec-adc5d18df03d"
	   Memory (MB)          :      319    33000     33000 
	   TimeExecute (s)      :      137                    
	   TimeSlotBusy (s)     :      138                    

	Job terminated of its own accord at 2025-11-20T10:25:15Z with exit-code 0.
...
