==================================================================
Processing cat000024 with EMCEE - ALL SCENARIOS
==================================================================
======================================================================
EMCEE RECONSTRUCTION FOR cat000024
======================================================================

Loading PDF from: /eos/home-e/evilla/dune/sn-tps/neural_networks/electron_direction/three_plane_three_plane_v58_200k_lr_schedule_20251118_110931/cosine_energy_pdf.npz
PDF loaded

======================================================================
SCENARIO (EMCEE): PERFECT_CT
======================================================================

Loaded 3843 matched clusters across U, V, X planes
Selected clusters: 278
Running emcee: 64 walkers × 2000 steps...
Acceptance fraction: 7.7%
Mean direction: θ=-151.70°, φ=69.87°
Uncertainties: Δθ=33.18°, Δφ=14.64°
68% credible angle: 36.43°

Angular error: 28.75°

======================================================================
SCENARIO (EMCEE): ES_MAIN_CC_SHOWER
======================================================================

Loaded 3843 matched clusters across U, V, X planes
Selected clusters: 278
Running emcee: 64 walkers × 2000 steps...
Acceptance fraction: 7.7%
Mean direction: θ=-153.72°, φ=66.14°
Uncertainties: Δθ=34.92°, Δφ=17.19°
68% credible angle: 37.30°

Angular error: 30.89°

======================================================================
SCENARIO (EMCEE): ES_MAIN_CC_ALL
======================================================================

Loaded 3843 matched clusters across U, V, X planes
Selected clusters: 278
Running emcee: 64 walkers × 2000 steps...
Acceptance fraction: 8.2%
Mean direction: θ=-140.20°, φ=65.89°
Uncertainties: Δθ=33.49°, Δφ=17.39°
68% credible angle: 37.73°

Angular error: 18.87°

======================================================================
SCENARIO (EMCEE): ES_ALL_CC_SHOWER
======================================================================

Loaded 3843 matched clusters across U, V, X planes
Selected clusters: 278
Running emcee: 64 walkers × 2000 steps...
Acceptance fraction: 9.5%
Mean direction: θ=-156.07°, φ=63.76°
Uncertainties: Δθ=33.46°, Δφ=16.27°
68% credible angle: 39.29°

Angular error: 33.32°

======================================================================
SCENARIO (EMCEE): ES_ALL_CC_ALL
======================================================================

Loaded 3843 matched clusters across U, V, X planes
Selected clusters: 278
Running emcee: 64 walkers × 2000 steps...
Acceptance fraction: 8.2%
Mean direction: θ=-147.43°, φ=62.23°
Uncertainties: Δθ=35.91°, Δφ=17.34°
68% credible angle: 41.43°

Angular error: 26.22°

======================================================================
SCENARIO (EMCEE): ALL_TRACKS_ALL_SHOWERS
======================================================================

Loaded 3843 matched clusters across U, V, X planes
Selected clusters: 3843
Running emcee: 64 walkers × 2000 steps...
Acceptance fraction: 4.4%
Mean direction: θ=-160.31°, φ=83.52°
Uncertainties: Δθ=66.27°, Δφ=31.83°
68% credible angle: 60.34°

Angular error: 39.31°

✓ Saved: /eos/project-e/ep-nu/evilla/sn-pointing/cat000024/pipeline/cat000024_scenario_perfect_ct_emcee.npz

✓ Saved: /eos/project-e/ep-nu/evilla/sn-pointing/cat000024/pipeline/cat000024_scenario_es_main_cc_shower_emcee.npz

✓ Saved: /eos/project-e/ep-nu/evilla/sn-pointing/cat000024/pipeline/cat000024_scenario_es_main_cc_all_emcee.npz

✓ Saved: /eos/project-e/ep-nu/evilla/sn-pointing/cat000024/pipeline/cat000024_scenario_es_all_cc_shower_emcee.npz

✓ Saved: /eos/project-e/ep-nu/evilla/sn-pointing/cat000024/pipeline/cat000024_scenario_es_all_cc_all_emcee.npz

✓ Saved: /eos/project-e/ep-nu/evilla/sn-pointing/cat000024/pipeline/cat000024_scenario_all_tracks_all_showers_emcee.npz
✓ cat000024 completed successfully
