==================================================================
Processing cat000594 with EMCEE - ALL SCENARIOS
==================================================================
======================================================================
EMCEE RECONSTRUCTION FOR cat000594
======================================================================

Loading PDF from: /eos/home-e/evilla/dune/sn-tps/neural_networks/electron_direction/three_plane_three_plane_v58_200k_lr_schedule_20251118_110931/cosine_energy_pdf.npz
PDF loaded

======================================================================
SCENARIO (EMCEE): PERFECT_CT
======================================================================

Loaded 3824 matched clusters across U, V, X planes
Selected clusters: 263
Running emcee: 64 walkers × 2000 steps...
Acceptance fraction: 8.8%
Mean direction: θ=-152.17°, φ=118.21°
Uncertainties: Δθ=30.37°, Δφ=15.86°
68% credible angle: 31.64°

Angular error: 13.82°

======================================================================
SCENARIO (EMCEE): ES_MAIN_CC_SHOWER
======================================================================

Loaded 3824 matched clusters across U, V, X planes
Selected clusters: 263
Running emcee: 64 walkers × 2000 steps...
Acceptance fraction: 8.7%
Mean direction: θ=-157.03°, φ=120.06°
Uncertainties: Δθ=29.88°, Δφ=15.76°
68% credible angle: 31.57°

Angular error: 18.41°

======================================================================
SCENARIO (EMCEE): ES_MAIN_CC_ALL
======================================================================

Loaded 3824 matched clusters across U, V, X planes
Selected clusters: 263
Running emcee: 64 walkers × 2000 steps...
Acceptance fraction: 11.2%
Mean direction: θ=-155.44°, φ=115.73°
Uncertainties: Δθ=23.53°, Δφ=17.51°
68% credible angle: 31.52°

Angular error: 16.28°

======================================================================
SCENARIO (EMCEE): ES_ALL_CC_SHOWER
======================================================================

Loaded 3824 matched clusters across U, V, X planes
Selected clusters: 263
Running emcee: 64 walkers × 2000 steps...
Acceptance fraction: 8.9%
Mean direction: θ=-148.54°, φ=116.42°
Uncertainties: Δθ=28.19°, Δφ=15.21°
68% credible angle: 27.97°

Angular error: 10.24°

======================================================================
SCENARIO (EMCEE): ES_ALL_CC_ALL
======================================================================

Loaded 3824 matched clusters across U, V, X planes
Selected clusters: 263
Running emcee: 64 walkers × 2000 steps...
Acceptance fraction: 12.2%
Mean direction: θ=-155.37°, φ=112.07°
Uncertainties: Δθ=26.24°, Δφ=14.58°
68% credible angle: 32.40°

Angular error: 16.38°

======================================================================
SCENARIO (EMCEE): ALL_TRACKS_ALL_SHOWERS
======================================================================

Loaded 3824 matched clusters across U, V, X planes
Selected clusters: 3824
Running emcee: 64 walkers × 2000 steps...
Acceptance fraction: 4.6%
Mean direction: θ=-150.77°, φ=110.12°
Uncertainties: Δθ=56.44°, Δφ=28.12°
68% credible angle: 47.55°

Angular error: 12.65°

✓ Saved: /eos/project-e/ep-nu/evilla/sn-pointing/cat000594/pipeline/cat000594_scenario_perfect_ct_emcee.npz

✓ Saved: /eos/project-e/ep-nu/evilla/sn-pointing/cat000594/pipeline/cat000594_scenario_es_main_cc_shower_emcee.npz

✓ Saved: /eos/project-e/ep-nu/evilla/sn-pointing/cat000594/pipeline/cat000594_scenario_es_main_cc_all_emcee.npz

✓ Saved: /eos/project-e/ep-nu/evilla/sn-pointing/cat000594/pipeline/cat000594_scenario_es_all_cc_shower_emcee.npz

✓ Saved: /eos/project-e/ep-nu/evilla/sn-pointing/cat000594/pipeline/cat000594_scenario_es_all_cc_all_emcee.npz

✓ Saved: /eos/project-e/ep-nu/evilla/sn-pointing/cat000594/pipeline/cat000594_scenario_all_tracks_all_showers_emcee.npz
✓ cat000594 completed successfully
