000 (6420432.054.000) 11/20 17:10:12 Job submitted from host: <188.185.125.71:9618?addrs=188.185.125.71-9618+[2001-1458-d00-4a--100-15e]-9618&alias=bigbird28.cern.ch&noUDP&sock=schedd_2239_58a3>
...
040 (6420432.054.000) 11/20 18:58:37 Started transferring input files
	Transferring to host: <188.184.195.72:9618?addrs=188.184.195.72-9618+[2001-1458-301-72--100-3bf]-9618&alias=b9g47n6462.cern.ch&noUDP&sock=slot1_1_18519_0f8a_9792>
...
040 (6420432.054.000) 11/20 18:58:37 Finished transferring input files
...
001 (6420432.054.000) 11/20 18:58:38 Job executing on host: <188.184.195.72:9618?addrs=188.184.195.72-9618+[2001-1458-301-72--100-3bf]-9618&alias=b9g47n6462.cern.ch&noUDP&sock=startd_17580_ff09>
	SlotName: slot1_1@b9g47n6462.cern.ch
	AvailableGPUs = { GPUs_GPU_097ed6ab }
	CondorScratchDir = "/pool/condor/dir_316282"
	Cpus = 11
	Disk = 8389642
	GPUs = 1
	GPUs_GPU_097ed6ab = [ Id = "GPU-097ed6ab"; ClockMhz = 1590.0; Capability = 7.5; CoresPerCU = 64; DeviceName = "Tesla T4"; DeviceUuid = "097ed6ab-2e6f-8d98-37a3-6ad09a369fc4"; ECCEnabled = true; ComputeUnits = 40; DriverVersion = 13.0; DevicePciBusId = "0000:07:00.0"; GlobalMemoryMb = 14913; MaxSupportedVersion = 13000 ]
	Memory = 33000
...
006 (6420432.054.000) 11/20 18:58:51 Image size of job updated: 249356
	244  -  MemoryUsage of job (MB)
	249356  -  ResidentSetSize of job (KB)
...
006 (6420432.054.000) 11/20 19:03:51 Image size of job updated: 1627452
	569  -  MemoryUsage of job (MB)
	582408  -  ResidentSetSize of job (KB)
...
006 (6420432.054.000) 11/20 19:08:52 Image size of job updated: 1627452
	1010  -  MemoryUsage of job (MB)
	1034104  -  ResidentSetSize of job (KB)
...
040 (6420432.054.000) 11/20 19:12:20 Started transferring output files
...
040 (6420432.054.000) 11/20 19:12:20 Finished transferring output files
...
005 (6420432.054.000) 11/20 19:12:20 Job terminated.
	(1) Normal termination (return value 0)
		Usr 0 00:24:40, Sys 0 00:01:15  -  Run Remote Usage
		Usr 0 00:00:00, Sys 0 00:00:00  -  Run Local Usage
		Usr 0 00:24:40, Sys 0 00:01:15  -  Total Remote Usage
		Usr 0 00:00:00, Sys 0 00:00:00  -  Total Local Usage
	32480  -  Run Bytes Sent By Job
	1412394  -  Run Bytes Received By Job
	32480  -  Total Bytes Sent By Job
	1412394  -  Total Bytes Received By Job
	Partitionable Resources :    Usage  Request Allocated Assigned
	   Cpus                 :     1.65       11        11 
	   Disk (KB)            :  1436     8388608   8389642 
	   GPUs                 :     0           1         1 "GPU-097ed6ab"
	   GpusMemory (MB)      :   567                       
	   Memory (MB)          :  1010       33000     33000 
	   TimeExecute (s)      :   822                       
	   TimeSlotBusy (s)     :   824                       

	Job terminated of its own accord at 2025-11-20T18:12:20Z with exit-code 0.
...
