==================================================================
Processing cat000055 with EMCEE - ALL SCENARIOS
==================================================================
======================================================================
EMCEE RECONSTRUCTION FOR cat000055
======================================================================

Loading PDF from: /eos/home-e/evilla/dune/sn-tps/neural_networks/electron_direction/three_plane_three_plane_v58_200k_lr_schedule_20251118_110931/cosine_energy_pdf.npz
PDF loaded

======================================================================
SCENARIO (EMCEE): PERFECT_CT
======================================================================

Loaded 3523 matched clusters across U, V, X planes
Selected clusters: 296
Running emcee: 64 walkers × 2000 steps...
Acceptance fraction: 15.0%
Mean direction: θ=47.61°, φ=139.56°
Uncertainties: Δθ=38.39°, Δφ=13.94°
68% credible angle: 27.10°

Angular error: 11.80°

======================================================================
SCENARIO (EMCEE): ES_MAIN_CC_SHOWER
======================================================================

Loaded 3523 matched clusters across U, V, X planes
Selected clusters: 296
Running emcee: 64 walkers × 2000 steps...
Acceptance fraction: 13.7%
Mean direction: θ=11.32°, φ=138.99°
Uncertainties: Δθ=34.35°, Δφ=16.32°
68% credible angle: 29.47°

Angular error: 17.01°

======================================================================
SCENARIO (EMCEE): ES_MAIN_CC_ALL
======================================================================

Loaded 3523 matched clusters across U, V, X planes
Selected clusters: 296
Running emcee: 64 walkers × 2000 steps...
Acceptance fraction: 14.5%
Mean direction: θ=21.13°, φ=137.96°
Uncertainties: Δθ=35.72°, Δφ=14.65°
68% credible angle: 33.99°

Angular error: 13.69°

======================================================================
SCENARIO (EMCEE): ES_ALL_CC_SHOWER
======================================================================

Loaded 3523 matched clusters across U, V, X planes
Selected clusters: 296
Running emcee: 64 walkers × 2000 steps...
Acceptance fraction: 12.7%
Mean direction: θ=18.39°, φ=136.06°
Uncertainties: Δθ=31.10°, Δφ=13.06°
68% credible angle: 32.80°

Angular error: 16.29°

======================================================================
SCENARIO (EMCEE): ES_ALL_CC_ALL
======================================================================

Loaded 3523 matched clusters across U, V, X planes
Selected clusters: 296
Running emcee: 64 walkers × 2000 steps...
Acceptance fraction: 10.9%
Mean direction: θ=22.59°, φ=129.82°
Uncertainties: Δθ=28.18°, Δφ=8.31°
68% credible angle: 21.78°

Angular error: 20.66°

======================================================================
SCENARIO (EMCEE): ALL_TRACKS_ALL_SHOWERS
======================================================================

Loaded 3523 matched clusters across U, V, X planes
Selected clusters: 3523
Running emcee: 64 walkers × 2000 steps...
Acceptance fraction: 9.2%
Mean direction: θ=143.52°, φ=128.24°
Uncertainties: Δθ=79.52°, Δφ=34.47°
68% credible angle: 72.21°

Angular error: 66.30°

✓ Saved: /eos/project-e/ep-nu/evilla/sn-pointing/cat000055/pipeline/cat000055_scenario_perfect_ct_emcee.npz

✓ Saved: /eos/project-e/ep-nu/evilla/sn-pointing/cat000055/pipeline/cat000055_scenario_es_main_cc_shower_emcee.npz

✓ Saved: /eos/project-e/ep-nu/evilla/sn-pointing/cat000055/pipeline/cat000055_scenario_es_main_cc_all_emcee.npz

✓ Saved: /eos/project-e/ep-nu/evilla/sn-pointing/cat000055/pipeline/cat000055_scenario_es_all_cc_shower_emcee.npz

✓ Saved: /eos/project-e/ep-nu/evilla/sn-pointing/cat000055/pipeline/cat000055_scenario_es_all_cc_all_emcee.npz

✓ Saved: /eos/project-e/ep-nu/evilla/sn-pointing/cat000055/pipeline/cat000055_scenario_all_tracks_all_showers_emcee.npz
✓ cat000055 completed successfully
