==================================================================
Processing cat000406 with EMCEE - ALL SCENARIOS
==================================================================
======================================================================
EMCEE RECONSTRUCTION FOR cat000406
======================================================================

Loading PDF from: /eos/home-e/evilla/dune/sn-tps/neural_networks/electron_direction/three_plane_three_plane_v58_200k_lr_schedule_20251118_110931/cosine_energy_pdf.npz
PDF loaded

======================================================================
SCENARIO (EMCEE): PERFECT_CT
======================================================================

Loaded 3644 matched clusters across U, V, X planes
Selected clusters: 275
Running emcee: 64 walkers × 2000 steps...
Acceptance fraction: 24.8%
Mean direction: θ=21.84°, φ=113.16°
Uncertainties: Δθ=23.10°, Δφ=14.62°
68% credible angle: 34.26°

Angular error: 14.23°

======================================================================
SCENARIO (EMCEE): ES_MAIN_CC_SHOWER
======================================================================

Loaded 3644 matched clusters across U, V, X planes
Selected clusters: 275
Running emcee: 64 walkers × 2000 steps...
Acceptance fraction: 34.1%
Mean direction: θ=28.84°, φ=110.63°
Uncertainties: Δθ=16.58°, Δφ=12.66°
68% credible angle: 8.13°

Angular error: 10.73°

======================================================================
SCENARIO (EMCEE): ES_MAIN_CC_ALL
======================================================================

Loaded 3644 matched clusters across U, V, X planes
Selected clusters: 275
Running emcee: 64 walkers × 2000 steps...
Acceptance fraction: 20.2%
Mean direction: θ=15.41°, φ=115.11°
Uncertainties: Δθ=26.18°, Δφ=14.76°
68% credible angle: 28.47°

Angular error: 18.99°

======================================================================
SCENARIO (EMCEE): ES_ALL_CC_SHOWER
======================================================================

Loaded 3644 matched clusters across U, V, X planes
Selected clusters: 275
Running emcee: 64 walkers × 2000 steps...
Acceptance fraction: 27.1%
Mean direction: θ=25.15°, φ=110.90°
Uncertainties: Δθ=20.05°, Δφ=12.09°
68% credible angle: 11.57°

Angular error: 12.92°

======================================================================
SCENARIO (EMCEE): ES_ALL_CC_ALL
======================================================================

Loaded 3644 matched clusters across U, V, X planes
Selected clusters: 275
Running emcee: 64 walkers × 2000 steps...
Acceptance fraction: 20.1%
Mean direction: θ=15.70°, φ=115.17°
Uncertainties: Δθ=26.05°, Δφ=15.12°
68% credible angle: 28.72°

Angular error: 18.72°

======================================================================
SCENARIO (EMCEE): ALL_TRACKS_ALL_SHOWERS
======================================================================

Loaded 3644 matched clusters across U, V, X planes
Selected clusters: 3644
Running emcee: 64 walkers × 2000 steps...
Acceptance fraction: 3.3%
Mean direction: θ=-96.06°, φ=105.40°
Uncertainties: Δθ=115.49°, Δφ=34.25°
68% credible angle: 109.20°

Angular error: 116.12°

✓ Saved: /eos/project-e/ep-nu/evilla/sn-pointing/cat000406/pipeline/cat000406_scenario_perfect_ct_emcee.npz

✓ Saved: /eos/project-e/ep-nu/evilla/sn-pointing/cat000406/pipeline/cat000406_scenario_es_main_cc_shower_emcee.npz

✓ Saved: /eos/project-e/ep-nu/evilla/sn-pointing/cat000406/pipeline/cat000406_scenario_es_main_cc_all_emcee.npz

✓ Saved: /eos/project-e/ep-nu/evilla/sn-pointing/cat000406/pipeline/cat000406_scenario_es_all_cc_shower_emcee.npz

✓ Saved: /eos/project-e/ep-nu/evilla/sn-pointing/cat000406/pipeline/cat000406_scenario_es_all_cc_all_emcee.npz

✓ Saved: /eos/project-e/ep-nu/evilla/sn-pointing/cat000406/pipeline/cat000406_scenario_all_tracks_all_showers_emcee.npz
✓ cat000406 completed successfully
