==================================================================
Processing cat000503 with EMCEE - ALL SCENARIOS
==================================================================
======================================================================
EMCEE RECONSTRUCTION FOR cat000503
======================================================================

Loading PDF from: /eos/home-e/evilla/dune/sn-tps/neural_networks/electron_direction/three_plane_three_plane_v58_200k_lr_schedule_20251118_110931/cosine_energy_pdf.npz
PDF loaded

======================================================================
SCENARIO (EMCEE): PERFECT_CT
======================================================================

Loaded 3845 matched clusters across U, V, X planes
Selected clusters: 243
Running emcee: 64 walkers × 2000 steps...
Acceptance fraction: 15.0%
Mean direction: θ=-4.83°, φ=98.89°
Uncertainties: Δθ=23.56°, Δφ=11.52°
68% credible angle: 25.84°

Angular error: 5.04°

======================================================================
SCENARIO (EMCEE): ES_MAIN_CC_SHOWER
======================================================================

Loaded 3845 matched clusters across U, V, X planes
Selected clusters: 243
Running emcee: 64 walkers × 2000 steps...
Acceptance fraction: 11.6%
Mean direction: θ=-3.04°, φ=97.57°
Uncertainties: Δθ=27.53°, Δφ=13.79°
68% credible angle: 26.54°

Angular error: 4.15°

======================================================================
SCENARIO (EMCEE): ES_MAIN_CC_ALL
======================================================================

Loaded 3845 matched clusters across U, V, X planes
Selected clusters: 243
Running emcee: 64 walkers × 2000 steps...
Acceptance fraction: 14.7%
Mean direction: θ=1.58°, φ=92.49°
Uncertainties: Δθ=22.69°, Δφ=12.33°
68% credible angle: 27.78°

Angular error: 8.04°

======================================================================
SCENARIO (EMCEE): ES_ALL_CC_SHOWER
======================================================================

Loaded 3845 matched clusters across U, V, X planes
Selected clusters: 243
Running emcee: 64 walkers × 2000 steps...
Acceptance fraction: 12.7%
Mean direction: θ=0.03°, φ=95.93°
Uncertainties: Δθ=23.56°, Δφ=13.83°
68% credible angle: 28.36°

Angular error: 4.45°

======================================================================
SCENARIO (EMCEE): ES_ALL_CC_ALL
======================================================================

Loaded 3845 matched clusters across U, V, X planes
Selected clusters: 243
Running emcee: 64 walkers × 2000 steps...
Acceptance fraction: 10.4%
Mean direction: θ=-7.52°, φ=97.35°
Uncertainties: Δθ=23.13°, Δφ=13.53°
68% credible angle: 27.50°

Angular error: 8.07°

======================================================================
SCENARIO (EMCEE): ALL_TRACKS_ALL_SHOWERS
======================================================================

Loaded 3845 matched clusters across U, V, X planes
Selected clusters: 3845
Running emcee: 64 walkers × 2000 steps...
Acceptance fraction: 6.3%
Mean direction: θ=-62.06°, φ=103.30°
Uncertainties: Δθ=94.19°, Δφ=24.19°
68% credible angle: 95.23°

Angular error: 60.71°

✓ Saved: /eos/project-e/ep-nu/evilla/sn-pointing/cat000503/pipeline/cat000503_scenario_perfect_ct_emcee.npz

✓ Saved: /eos/project-e/ep-nu/evilla/sn-pointing/cat000503/pipeline/cat000503_scenario_es_main_cc_shower_emcee.npz

✓ Saved: /eos/project-e/ep-nu/evilla/sn-pointing/cat000503/pipeline/cat000503_scenario_es_main_cc_all_emcee.npz

✓ Saved: /eos/project-e/ep-nu/evilla/sn-pointing/cat000503/pipeline/cat000503_scenario_es_all_cc_shower_emcee.npz

✓ Saved: /eos/project-e/ep-nu/evilla/sn-pointing/cat000503/pipeline/cat000503_scenario_es_all_cc_all_emcee.npz

✓ Saved: /eos/project-e/ep-nu/evilla/sn-pointing/cat000503/pipeline/cat000503_scenario_all_tracks_all_showers_emcee.npz
✓ cat000503 completed successfully
