Processing cat000201 with 6 scenarios...
Cat directory: /eos/project-e/ep-nu/evilla/sn-pointing/cat000201
======================================================================
EMCEE RECONSTRUCTION FOR cat000201
======================================================================

Loading PDF from: /eos/home-e/evilla/dune/sn-tps/neural_networks/electron_direction/three_plane_three_plane_v58_200k_lr_schedule_20251118_110931/cosine_energy_pdf.npz
PDF loaded

======================================================================
SCENARIO (EMCEE): BEST_CASE
======================================================================

Loaded 3360 matched main-track clusters across U, V, X planes
Selected 226 ES main tracks
After E > 3 MeV cut: 226 clusters
Running emcee: 64 walkers × 2000 steps...
Acceptance fraction: 9.3%
Mean direction: θ=-65.78°, φ=114.31°
Uncertainties: Δθ=32.08°, Δφ=18.95°
68% credible angle: 26.84°

Angular error: 8.34°

======================================================================
SCENARIO (EMCEE): PERFECT_CT
======================================================================

Loaded 3360 matched main-track clusters across U, V, X planes
Selected 226 ES main tracks
Loading ED model from: /eos/home-e/evilla/dune/sn-tps/neural_networks/electron_direction/three_plane_three_plane_v58_200k_lr_schedule_20251118_110931/checkpoints/model_epoch_12_val_loss_0.8898.keras
Running ED inference...
After energy cut: 226 clusters
Running emcee: 64 walkers × 2000 steps...
Acceptance fraction: 16.2%
Mean direction: θ=-54.84°, φ=128.39°
Uncertainties: Δθ=40.41°, Δφ=34.71°
68% credible angle: 23.06°

Angular error: 11.94°

======================================================================
SCENARIO (EMCEE): FULL_PIPELINE
======================================================================

Loaded 3360 matched main-track clusters across U, V, X planes
Using all 3360 main-track clusters
Loading CT model from: /eos/user/e/evilla/dune/sn-tps/neural_networks/channel_tagging/ct_volume_v52_batch_reload_20251116_101125/best_model.keras
Running CT inference...
CT selected 3068 ES candidates from 3360 clusters
  ES prob range: [0.000, 1.000]
Loading ED model from: /eos/home-e/evilla/dune/sn-tps/neural_networks/electron_direction/three_plane_three_plane_v58_200k_lr_schedule_20251118_110931/checkpoints/model_epoch_12_val_loss_0.8898.keras
Running ED inference on 3068 clusters...
After E > 3 MeV cut: 3052 clusters
Running emcee: 64 walkers × 2000 steps...
Acceptance fraction: 3.6%
Mean direction: θ=-128.66°, φ=102.66°
Uncertainties: Δθ=53.09°, Δφ=35.25°
68% credible angle: 67.24°

Angular error: 58.93°

======================================================================
SCENARIO (EMCEE): WEIGHTED_CT
======================================================================

Loaded 3360 matched main-track clusters across U, V, X planes
Using all 3360 main-track clusters
Loading CT model from: /eos/user/e/evilla/dune/sn-tps/neural_networks/channel_tagging/ct_volume_v52_batch_reload_20251116_101125/best_model.keras
Running CT inference...
CT selected 3068 ES candidates from 3360 clusters
  ES prob range: [0.000, 1.000]
Loading ED model from: /eos/home-e/evilla/dune/sn-tps/neural_networks/electron_direction/three_plane_three_plane_v58_200k_lr_schedule_20251118_110931/checkpoints/model_epoch_12_val_loss_0.8898.keras
Running ED inference on 3068 clusters...
Using CT weights (ES probabilities)
After E > 3 MeV cut: 3052 clusters
Running weighted MCMC with 3052 weights
Running emcee: 64 walkers × 2000 steps...
Acceptance fraction: 3.9%
Mean direction: θ=-118.42°, φ=109.81°
Uncertainties: Δθ=52.95°, Δφ=29.76°
68% credible angle: 68.56°

Angular error: 46.88°

======================================================================
SCENARIO (EMCEE): PERFECT_CT_E_GT_10MEV
======================================================================

Loaded 3360 matched main-track clusters across U, V, X planes
Selected 226 ES main tracks
Loading ED model from: /eos/home-e/evilla/dune/sn-tps/neural_networks/electron_direction/three_plane_three_plane_v58_200k_lr_schedule_20251118_110931/checkpoints/model_epoch_12_val_loss_0.8898.keras
Running ED inference...
Applying E > 10 MeV cut
After energy cut: 105 clusters
Running emcee: 64 walkers × 2000 steps...
Acceptance fraction: 19.7%
Mean direction: θ=-49.37°, φ=121.12°
Uncertainties: Δθ=21.45°, Δφ=19.49°
68% credible angle: 23.11°

Angular error: 15.55°

======================================================================
SCENARIO (EMCEE): PERFECT_CT_E_GT_20MEV
======================================================================

Loaded 3360 matched main-track clusters across U, V, X planes
Selected 226 ES main tracks
Loading ED model from: /eos/home-e/evilla/dune/sn-tps/neural_networks/electron_direction/three_plane_three_plane_v58_200k_lr_schedule_20251118_110931/checkpoints/model_epoch_12_val_loss_0.8898.keras
Running ED inference...
Applying E > 20 MeV cut
After energy cut: 26 clusters
Running emcee: 64 walkers × 2000 steps...
Acceptance fraction: 44.6%
Mean direction: θ=-48.34°, φ=128.82°
Uncertainties: Δθ=18.21°, Δφ=11.50°
68% credible angle: 8.95°

Angular error: 16.84°

✓ Saved: /eos/project-e/ep-nu/evilla/sn-pointing/cat000201/pipeline/cat000201_scenario_best_case_emcee.npz

✓ Saved: /eos/project-e/ep-nu/evilla/sn-pointing/cat000201/pipeline/cat000201_scenario_perfect_ct_emcee.npz

✓ Saved: /eos/project-e/ep-nu/evilla/sn-pointing/cat000201/pipeline/cat000201_scenario_full_pipeline_emcee.npz

✓ Saved: /eos/project-e/ep-nu/evilla/sn-pointing/cat000201/pipeline/cat000201_scenario_weighted_ct_emcee.npz

✓ Saved: /eos/project-e/ep-nu/evilla/sn-pointing/cat000201/pipeline/cat000201_scenario_perfect_ct_e_gt_10mev_emcee.npz

✓ Saved: /eos/project-e/ep-nu/evilla/sn-pointing/cat000201/pipeline/cat000201_scenario_perfect_ct_e_gt_20mev_emcee.npz
✓ cat000201 completed successfully
