000 (13791414.572.000) 11/20 04:32:07 Job submitted from host: <188.184.90.62:9618?addrs=188.184.90.62-9618+[2001-1458-201-e4--100-238]-9618&alias=bigbird16.cern.ch&noUDP&sock=schedd_5196_9a2f>
...
040 (13791414.572.000) 11/20 05:08:13 Started transferring input files
	Transferring to host: <188.185.190.48:9618?addrs=188.185.190.48-9618+[2001-1458-d03-b--100-230]-9618&alias=b9pgpun037.cern.ch&noUDP&sock=slot1_1_240271_67c4_6675>
...
040 (13791414.572.000) 11/20 05:08:13 Finished transferring input files
...
001 (13791414.572.000) 11/20 05:08:14 Job executing on host: <188.185.190.48:9618?addrs=188.185.190.48-9618+[2001-1458-d03-b--100-230]-9618&alias=b9pgpun037.cern.ch&noUDP&sock=startd_233660_e749>
	SlotName: slot1_1@b9pgpun037.cern.ch
	AvailableGPUs = { GPUs_MIG_ecbdaa06_9a3b_5e38_acba_14914049b6d9 }
	CondorScratchDir = "/pool/condor/dir_3432976"
	Cpus = 11
	Disk = 4195268
	GPUs = 1
	GPUs_MIG_ecbdaa06_9a3b_5e38_acba_14914049b6d9 = [ Id = "MIG-ecbdaa06-9a3b-5e38-acba-14914049b6d9"; DeviceName = "NVIDIA H100L-2-24C MIG 2g.24gb"; DeviceUuid = "MIG-ecbdaa06-9a3b-5e38-acba-14914049b6d9"; ComputeUnits = 32; GlobalMemoryMb = 21547 ]
	Memory = 33000
...
006 (13791414.572.000) 11/20 05:08:27 Image size of job updated: 328184
	321  -  MemoryUsage of job (MB)
	328184  -  ResidentSetSize of job (KB)
...
006 (13791414.572.000) 11/20 05:10:17 Image size of job updated: 1310204
	321  -  MemoryUsage of job (MB)
	328184  -  ResidentSetSize of job (KB)
...
040 (13791414.572.000) 11/20 05:10:17 Started transferring output files
...
040 (13791414.572.000) 11/20 05:10:17 Finished transferring output files
...
005 (13791414.572.000) 11/20 05:10:17 Job terminated.
	(1) Normal termination (return value 0)
		Usr 0 00:02:28, Sys 0 00:00:10  -  Run Remote Usage
		Usr 0 00:00:00, Sys 0 00:00:00  -  Run Local Usage
		Usr 0 00:02:28, Sys 0 00:00:10  -  Total Remote Usage
		Usr 0 00:00:00, Sys 0 00:00:00  -  Total Local Usage
	15426  -  Run Bytes Sent By Job
	1323  -  Run Bytes Received By Job
	15426  -  Total Bytes Sent By Job
	1323  -  Total Bytes Received By Job
	Partitionable Resources :    Usage  Request Allocated Assigned
	   Cpus                 :                11        11 
	   Disk (KB)            :       33  4194304   4195268 
	   GPUs                 :                 1         1 "MIG-ecbdaa06-9a3b-5e38-acba-14914049b6d9"
	   Memory (MB)          :      321    33000     33000 
	   TimeExecute (s)      :      123                    
	   TimeSlotBusy (s)     :      124                    

	Job terminated of its own accord at 2025-11-20T04:10:17Z with exit-code 0.
...
