Processing cat000061 with 6 scenarios...
Cat directory: /eos/project-e/ep-nu/evilla/sn-pointing/cat000061
======================================================================
EMCEE RECONSTRUCTION FOR cat000061
======================================================================

Loading PDF from: /eos/home-e/evilla/dune/sn-tps/neural_networks/electron_direction/three_plane_three_plane_v58_200k_lr_schedule_20251118_110931/cosine_energy_pdf.npz
PDF loaded

======================================================================
SCENARIO (EMCEE): BEST_CASE
======================================================================

Loaded 3883 matched main-track clusters across U, V, X planes
Selected 299 ES main tracks
After E > 3 MeV cut: 299 clusters
Running emcee: 64 walkers × 2000 steps...
Acceptance fraction: 5.2%
Mean direction: θ=94.53°, φ=114.14°
Uncertainties: Δθ=59.76°, Δφ=35.75°
68% credible angle: 31.80°

Angular error: 6.40°

======================================================================
SCENARIO (EMCEE): PERFECT_CT
======================================================================

Loaded 3883 matched main-track clusters across U, V, X planes
Selected 299 ES main tracks
Loading ED model from: /eos/home-e/evilla/dune/sn-tps/neural_networks/electron_direction/three_plane_three_plane_v58_200k_lr_schedule_20251118_110931/checkpoints/model_epoch_12_val_loss_0.8898.keras
Running ED inference...
After energy cut: 299 clusters
Running emcee: 64 walkers × 2000 steps...
Acceptance fraction: 16.1%
Mean direction: θ=118.62°, φ=125.67°
Uncertainties: Δθ=56.65°, Δφ=28.43°
68% credible angle: 49.31°

Angular error: 23.26°

======================================================================
SCENARIO (EMCEE): FULL_PIPELINE
======================================================================

Loaded 3883 matched main-track clusters across U, V, X planes
Using all 3883 main-track clusters
Loading CT model from: /eos/user/e/evilla/dune/sn-tps/neural_networks/channel_tagging/ct_volume_v52_batch_reload_20251116_101125/best_model.keras
Running CT inference...
CT selected 3533 ES candidates from 3883 clusters
  ES prob range: [0.000, 1.000]
Loading ED model from: /eos/home-e/evilla/dune/sn-tps/neural_networks/electron_direction/three_plane_three_plane_v58_200k_lr_schedule_20251118_110931/checkpoints/model_epoch_12_val_loss_0.8898.keras
Running ED inference on 3533 clusters...
After E > 3 MeV cut: 3511 clusters
Running emcee: 64 walkers × 2000 steps...
Acceptance fraction: 4.9%
Mean direction: θ=-167.30°, φ=103.21°
Uncertainties: Δθ=74.86°, Δφ=29.57°
68% credible angle: 65.05°

Angular error: 92.69°

======================================================================
SCENARIO (EMCEE): WEIGHTED_CT
======================================================================

Loaded 3883 matched main-track clusters across U, V, X planes
Using all 3883 main-track clusters
Loading CT model from: /eos/user/e/evilla/dune/sn-tps/neural_networks/channel_tagging/ct_volume_v52_batch_reload_20251116_101125/best_model.keras
Running CT inference...
CT selected 3533 ES candidates from 3883 clusters
  ES prob range: [0.000, 1.000]
Loading ED model from: /eos/home-e/evilla/dune/sn-tps/neural_networks/electron_direction/three_plane_three_plane_v58_200k_lr_schedule_20251118_110931/checkpoints/model_epoch_12_val_loss_0.8898.keras
Running ED inference on 3533 clusters...
Using CT weights (ES probabilities)
After E > 3 MeV cut: 3511 clusters
Running weighted MCMC with 3511 weights
Running emcee: 64 walkers × 2000 steps...
Acceptance fraction: 4.9%
Mean direction: θ=172.73°, φ=104.46°
Uncertainties: Δθ=70.34°, Δφ=29.31°
68% credible angle: 62.85°

Angular error: 75.22°

======================================================================
SCENARIO (EMCEE): PERFECT_CT_E_GT_10MEV
======================================================================

Loaded 3883 matched main-track clusters across U, V, X planes
Selected 299 ES main tracks
Loading ED model from: /eos/home-e/evilla/dune/sn-tps/neural_networks/electron_direction/three_plane_three_plane_v58_200k_lr_schedule_20251118_110931/checkpoints/model_epoch_12_val_loss_0.8898.keras
Running ED inference...
Applying E > 10 MeV cut
After energy cut: 147 clusters
Running emcee: 64 walkers × 2000 steps...
Acceptance fraction: 17.3%
Mean direction: θ=99.78°, φ=105.52°
Uncertainties: Δθ=96.53°, Δφ=25.33°
68% credible angle: 75.25°

Angular error: 16.29°

======================================================================
SCENARIO (EMCEE): PERFECT_CT_E_GT_20MEV
======================================================================

Loaded 3883 matched main-track clusters across U, V, X planes
Selected 299 ES main tracks
Loading ED model from: /eos/home-e/evilla/dune/sn-tps/neural_networks/electron_direction/three_plane_three_plane_v58_200k_lr_schedule_20251118_110931/checkpoints/model_epoch_12_val_loss_0.8898.keras
Running ED inference...
Applying E > 20 MeV cut
After energy cut: 32 clusters
Running emcee: 64 walkers × 2000 steps...
Acceptance fraction: 18.4%
Mean direction: θ=-98.10°, φ=103.76°
Uncertainties: Δθ=104.04°, Δφ=14.70°
68% credible angle: 128.86°

Angular error: 135.23°

✓ Saved: /eos/project-e/ep-nu/evilla/sn-pointing/cat000061/pipeline/cat000061_scenario_best_case_emcee.npz

✓ Saved: /eos/project-e/ep-nu/evilla/sn-pointing/cat000061/pipeline/cat000061_scenario_perfect_ct_emcee.npz

✓ Saved: /eos/project-e/ep-nu/evilla/sn-pointing/cat000061/pipeline/cat000061_scenario_full_pipeline_emcee.npz

✓ Saved: /eos/project-e/ep-nu/evilla/sn-pointing/cat000061/pipeline/cat000061_scenario_weighted_ct_emcee.npz

✓ Saved: /eos/project-e/ep-nu/evilla/sn-pointing/cat000061/pipeline/cat000061_scenario_perfect_ct_e_gt_10mev_emcee.npz

✓ Saved: /eos/project-e/ep-nu/evilla/sn-pointing/cat000061/pipeline/cat000061_scenario_perfect_ct_e_gt_20mev_emcee.npz
✓ cat000061 completed successfully
