==================================================================
Processing cat000193 with EMCEE - ALL SCENARIOS
==================================================================
======================================================================
EMCEE RECONSTRUCTION FOR cat000193
======================================================================

Loading PDF from: /eos/home-e/evilla/dune/sn-tps/neural_networks/electron_direction/three_plane_three_plane_v58_200k_lr_schedule_20251118_110931/cosine_energy_pdf.npz
PDF loaded

======================================================================
SCENARIO (EMCEE): PERFECT_CT
======================================================================

Loaded 3369 matched clusters across U, V, X planes
Selected clusters: 286
Running emcee: 64 walkers × 2000 steps...
Acceptance fraction: 18.9%
Mean direction: θ=-51.15°, φ=58.09°
Uncertainties: Δθ=21.24°, Δφ=14.26°
68% credible angle: 28.06°

Angular error: 15.84°

======================================================================
SCENARIO (EMCEE): ES_MAIN_CC_SHOWER
======================================================================

Loaded 3369 matched clusters across U, V, X planes
Selected clusters: 286
Running emcee: 64 walkers × 2000 steps...
Acceptance fraction: 13.9%
Mean direction: θ=-55.41°, φ=57.75°
Uncertainties: Δθ=19.70°, Δφ=16.20°
68% credible angle: 25.49°

Angular error: 12.92°

======================================================================
SCENARIO (EMCEE): ES_MAIN_CC_ALL
======================================================================

Loaded 3369 matched clusters across U, V, X planes
Selected clusters: 286
Running emcee: 64 walkers × 2000 steps...
Acceptance fraction: 19.6%
Mean direction: θ=-51.08°, φ=59.89°
Uncertainties: Δθ=18.98°, Δφ=15.14°
68% credible angle: 24.96°

Angular error: 15.21°

======================================================================
SCENARIO (EMCEE): ES_ALL_CC_SHOWER
======================================================================

Loaded 3369 matched clusters across U, V, X planes
Selected clusters: 286
Running emcee: 64 walkers × 2000 steps...
Acceptance fraction: 15.2%
Mean direction: θ=-54.11°, φ=61.70°
Uncertainties: Δθ=14.99°, Δφ=15.59°
68% credible angle: 22.24°

Angular error: 12.12°

======================================================================
SCENARIO (EMCEE): ES_ALL_CC_ALL
======================================================================

Loaded 3369 matched clusters across U, V, X planes
Selected clusters: 286
Running emcee: 64 walkers × 2000 steps...
Acceptance fraction: 20.4%
Mean direction: θ=-49.11°, φ=57.44°
Uncertainties: Δθ=19.32°, Δφ=14.49°
68% credible angle: 27.99°

Angular error: 17.69°

======================================================================
SCENARIO (EMCEE): ALL_TRACKS_ALL_SHOWERS
======================================================================

Loaded 3369 matched clusters across U, V, X planes
Selected clusters: 3369
Running emcee: 64 walkers × 2000 steps...
Acceptance fraction: 3.7%
Mean direction: θ=-144.36°, φ=99.48°
Uncertainties: Δθ=75.01°, Δφ=31.41°
68% credible angle: 77.17°

Angular error: 82.74°

✓ Saved: /eos/project-e/ep-nu/evilla/sn-pointing/cat000193/pipeline/cat000193_scenario_perfect_ct_emcee.npz

✓ Saved: /eos/project-e/ep-nu/evilla/sn-pointing/cat000193/pipeline/cat000193_scenario_es_main_cc_shower_emcee.npz

✓ Saved: /eos/project-e/ep-nu/evilla/sn-pointing/cat000193/pipeline/cat000193_scenario_es_main_cc_all_emcee.npz

✓ Saved: /eos/project-e/ep-nu/evilla/sn-pointing/cat000193/pipeline/cat000193_scenario_es_all_cc_shower_emcee.npz

✓ Saved: /eos/project-e/ep-nu/evilla/sn-pointing/cat000193/pipeline/cat000193_scenario_es_all_cc_all_emcee.npz

✓ Saved: /eos/project-e/ep-nu/evilla/sn-pointing/cat000193/pipeline/cat000193_scenario_all_tracks_all_showers_emcee.npz
✓ cat000193 completed successfully
