==================================================================
Processing cat000018 with EMCEE - ALL SCENARIOS
==================================================================
======================================================================
EMCEE RECONSTRUCTION FOR cat000018
======================================================================

Loading PDF from: /eos/home-e/evilla/dune/sn-tps/neural_networks/electron_direction/three_plane_three_plane_v58_200k_lr_schedule_20251118_110931/cosine_energy_pdf.npz
PDF loaded

======================================================================
SCENARIO (EMCEE): PERFECT_CT
======================================================================

Loaded 3877 matched clusters across U, V, X planes
Selected clusters: 296
Running emcee: 64 walkers × 2000 steps...
Acceptance fraction: 10.5%
Mean direction: θ=152.20°, φ=138.86°
Uncertainties: Δθ=33.84°, Δφ=23.06°
68% credible angle: 32.82°

Angular error: 26.62°

======================================================================
SCENARIO (EMCEE): ES_MAIN_CC_SHOWER
======================================================================

Loaded 3877 matched clusters across U, V, X planes
Selected clusters: 296
Running emcee: 64 walkers × 2000 steps...
Acceptance fraction: 9.6%
Mean direction: θ=143.90°, φ=129.88°
Uncertainties: Δθ=30.84°, Δφ=20.71°
68% credible angle: 31.66°

Angular error: 19.92°

======================================================================
SCENARIO (EMCEE): ES_MAIN_CC_ALL
======================================================================

Loaded 3877 matched clusters across U, V, X planes
Selected clusters: 296
Running emcee: 64 walkers × 2000 steps...
Acceptance fraction: 11.8%
Mean direction: θ=137.15°, φ=131.14°
Uncertainties: Δθ=30.71°, Δφ=22.35°
68% credible angle: 28.48°

Angular error: 14.82°

======================================================================
SCENARIO (EMCEE): ES_ALL_CC_SHOWER
======================================================================

Loaded 3877 matched clusters across U, V, X planes
Selected clusters: 296
Running emcee: 64 walkers × 2000 steps...
Acceptance fraction: 12.8%
Mean direction: θ=152.38°, φ=127.44°
Uncertainties: Δθ=34.27°, Δφ=25.43°
68% credible angle: 30.42°

Angular error: 26.79°

======================================================================
SCENARIO (EMCEE): ES_ALL_CC_ALL
======================================================================

Loaded 3877 matched clusters across U, V, X planes
Selected clusters: 296
Running emcee: 64 walkers × 2000 steps...
Acceptance fraction: 10.8%
Mean direction: θ=154.78°, φ=132.98°
Uncertainties: Δθ=34.57°, Δφ=21.49°
68% credible angle: 35.12°

Angular error: 27.95°

======================================================================
SCENARIO (EMCEE): ALL_TRACKS_ALL_SHOWERS
======================================================================

Loaded 3877 matched clusters across U, V, X planes
Selected clusters: 3877
Running emcee: 64 walkers × 2000 steps...
Acceptance fraction: 4.1%
Mean direction: θ=-171.04°, φ=93.72°
Uncertainties: Δθ=70.27°, Δφ=36.40°
68% credible angle: 65.39°

Angular error: 72.49°

✓ Saved: /eos/project-e/ep-nu/evilla/sn-pointing/cat000018/pipeline/cat000018_scenario_perfect_ct_emcee.npz

✓ Saved: /eos/project-e/ep-nu/evilla/sn-pointing/cat000018/pipeline/cat000018_scenario_es_main_cc_shower_emcee.npz

✓ Saved: /eos/project-e/ep-nu/evilla/sn-pointing/cat000018/pipeline/cat000018_scenario_es_main_cc_all_emcee.npz

✓ Saved: /eos/project-e/ep-nu/evilla/sn-pointing/cat000018/pipeline/cat000018_scenario_es_all_cc_shower_emcee.npz

✓ Saved: /eos/project-e/ep-nu/evilla/sn-pointing/cat000018/pipeline/cat000018_scenario_es_all_cc_all_emcee.npz

✓ Saved: /eos/project-e/ep-nu/evilla/sn-pointing/cat000018/pipeline/cat000018_scenario_all_tracks_all_showers_emcee.npz
✓ cat000018 completed successfully
