000 (13791712.147.000) 11/20 10:04:24 Job submitted from host: <188.184.90.62:9618?addrs=188.184.90.62-9618+[2001-1458-201-e4--100-238]-9618&alias=bigbird16.cern.ch&noUDP&sock=schedd_5196_9a2f>
...
040 (13791712.147.000) 11/20 10:10:40 Started transferring input files
	Transferring to host: <188.185.190.56:9618?addrs=188.185.190.56-9618+[2001-1458-d03-b--100-20b]-9618&alias=b9pgpun204.cern.ch&noUDP&sock=slot1_1_5370_6693_6922>
...
040 (13791712.147.000) 11/20 10:10:40 Finished transferring input files
...
001 (13791712.147.000) 11/20 10:10:41 Job executing on host: <188.185.190.56:9618?addrs=188.185.190.56-9618+[2001-1458-d03-b--100-20b]-9618&alias=b9pgpun204.cern.ch&noUDP&sock=startd_5323_b6b6>
	SlotName: slot1_1@b9pgpun204.cern.ch
	AvailableGPUs = { GPUs_MIG_785f1036_02a2_5242_b3ec_adc5d18df03d }
	CondorScratchDir = "/pool/condor/dir_943612"
	Cpus = 11
	Disk = 4195303
	GPUs = 1
	GPUs_MIG_785f1036_02a2_5242_b3ec_adc5d18df03d = [ Id = "MIG-785f1036-02a2-5242-b3ec-adc5d18df03d"; DeviceName = "NVIDIA H100L-2-24C MIG 2g.24gb"; DeviceUuid = "MIG-785f1036-02a2-5242-b3ec-adc5d18df03d"; ComputeUnits = 32; GlobalMemoryMb = 21547 ]
	Memory = 33000
...
006 (13791712.147.000) 11/20 10:10:46 Image size of job updated: 1500
	0  -  MemoryUsage of job (MB)
	0  -  ResidentSetSize of job (KB)
...
040 (13791712.147.000) 11/20 10:10:48 Started transferring output files
...
040 (13791712.147.000) 11/20 10:10:48 Finished transferring output files
...
005 (13791712.147.000) 11/20 10:10:49 Job terminated.
	(1) Normal termination (return value 0)
		Usr 0 00:00:00, Sys 0 00:00:00  -  Run Remote Usage
		Usr 0 00:00:00, Sys 0 00:00:00  -  Run Local Usage
		Usr 0 00:00:00, Sys 0 00:00:00  -  Total Remote Usage
		Usr 0 00:00:00, Sys 0 00:00:00  -  Total Local Usage
	275  -  Run Bytes Sent By Job
	1410814  -  Run Bytes Received By Job
	275  -  Total Bytes Sent By Job
	1410814  -  Total Bytes Received By Job
	Partitionable Resources :    Usage  Request Allocated Assigned
	   Cpus                 :        0       11        11 
	   Disk (KB)            :     1405  4194304   4195303 
	   GPUs                 :                 1         1 "MIG-785f1036-02a2-5242-b3ec-adc5d18df03d"
	   Memory (MB)          :        0    33000     33000 
	   TimeExecute (s)      :        5                    
	   TimeSlotBusy (s)     :        8                    

	Job terminated of its own accord at 2025-11-20T09:10:46Z with exit-code 0.
...
