Processing cat000083 with 6 scenarios...
Cat directory: /eos/project-e/ep-nu/evilla/sn-pointing/cat000083
======================================================================
EMCEE RECONSTRUCTION FOR cat000083
======================================================================

Loading PDF from: /eos/home-e/evilla/dune/sn-tps/neural_networks/electron_direction/three_plane_three_plane_v58_200k_lr_schedule_20251118_110931/cosine_energy_pdf.npz
PDF loaded

======================================================================
SCENARIO (EMCEE): BEST_CASE
======================================================================

Loaded 3713 matched main-track clusters across U, V, X planes
Selected 279 ES main tracks
After E > 3 MeV cut: 279 clusters
Running emcee: 64 walkers × 2000 steps...
Acceptance fraction: 9.5%
Mean direction: θ=91.52°, φ=40.12°
Uncertainties: Δθ=49.03°, Δφ=22.88°
68% credible angle: 30.52°

Angular error: 9.99°

======================================================================
SCENARIO (EMCEE): PERFECT_CT
======================================================================

Loaded 3713 matched main-track clusters across U, V, X planes
Selected 279 ES main tracks
Loading ED model from: /eos/home-e/evilla/dune/sn-tps/neural_networks/electron_direction/three_plane_three_plane_v58_200k_lr_schedule_20251118_110931/checkpoints/model_epoch_12_val_loss_0.8898.keras
Running ED inference...
After energy cut: 279 clusters
Running emcee: 64 walkers × 2000 steps...
Acceptance fraction: 10.6%
Mean direction: θ=78.89°, φ=39.24°
Uncertainties: Δθ=50.46°, Δφ=18.33°
68% credible angle: 24.16°

Angular error: 6.31°

======================================================================
SCENARIO (EMCEE): FULL_PIPELINE
======================================================================

Loaded 3713 matched main-track clusters across U, V, X planes
Using all 3713 main-track clusters
Loading CT model from: /eos/user/e/evilla/dune/sn-tps/neural_networks/channel_tagging/ct_volume_v52_batch_reload_20251116_101125/best_model.keras
Running CT inference...
CT selected 3372 ES candidates from 3713 clusters
  ES prob range: [0.000, 1.000]
Loading ED model from: /eos/home-e/evilla/dune/sn-tps/neural_networks/electron_direction/three_plane_three_plane_v58_200k_lr_schedule_20251118_110931/checkpoints/model_epoch_12_val_loss_0.8898.keras
Running ED inference on 3372 clusters...
After E > 3 MeV cut: 3354 clusters
Running emcee: 64 walkers × 2000 steps...
Acceptance fraction: 3.0%
Mean direction: θ=-130.63°, φ=72.27°
Uncertainties: Δθ=107.97°, Δφ=45.71°
68% credible angle: 71.79°

Angular error: 101.03°

======================================================================
SCENARIO (EMCEE): WEIGHTED_CT
======================================================================

Loaded 3713 matched main-track clusters across U, V, X planes
Using all 3713 main-track clusters
Loading CT model from: /eos/user/e/evilla/dune/sn-tps/neural_networks/channel_tagging/ct_volume_v52_batch_reload_20251116_101125/best_model.keras
Running CT inference...
CT selected 3372 ES candidates from 3713 clusters
  ES prob range: [0.000, 1.000]
Loading ED model from: /eos/home-e/evilla/dune/sn-tps/neural_networks/electron_direction/three_plane_three_plane_v58_200k_lr_schedule_20251118_110931/checkpoints/model_epoch_12_val_loss_0.8898.keras
Running ED inference on 3372 clusters...
Using CT weights (ES probabilities)
After E > 3 MeV cut: 3354 clusters
Running weighted MCMC with 3354 weights
Running emcee: 64 walkers × 2000 steps...
Acceptance fraction: 3.1%
Mean direction: θ=-101.92°, φ=80.68°
Uncertainties: Δθ=100.07°, Δφ=43.64°
68% credible angle: 95.83°

Angular error: 113.62°

======================================================================
SCENARIO (EMCEE): PERFECT_CT_E_GT_10MEV
======================================================================

Loaded 3713 matched main-track clusters across U, V, X planes
Selected 279 ES main tracks
Loading ED model from: /eos/home-e/evilla/dune/sn-tps/neural_networks/electron_direction/three_plane_three_plane_v58_200k_lr_schedule_20251118_110931/checkpoints/model_epoch_12_val_loss_0.8898.keras
Running ED inference...
Applying E > 10 MeV cut
After energy cut: 145 clusters
Running emcee: 64 walkers × 2000 steps...
Acceptance fraction: 22.6%
Mean direction: θ=80.21°, φ=40.11°
Uncertainties: Δθ=35.93°, Δφ=13.77°
68% credible angle: 22.54°

Angular error: 7.16°

======================================================================
SCENARIO (EMCEE): PERFECT_CT_E_GT_20MEV
======================================================================

Loaded 3713 matched main-track clusters across U, V, X planes
Selected 279 ES main tracks
Loading ED model from: /eos/home-e/evilla/dune/sn-tps/neural_networks/electron_direction/three_plane_three_plane_v58_200k_lr_schedule_20251118_110931/checkpoints/model_epoch_12_val_loss_0.8898.keras
Running ED inference...
Applying E > 20 MeV cut
After energy cut: 30 clusters
Running emcee: 64 walkers × 2000 steps...
Acceptance fraction: 21.4%
Mean direction: θ=35.67°, φ=24.89°
Uncertainties: Δθ=32.59°, Δφ=7.33°
68% credible angle: 16.58°

Angular error: 22.25°

✓ Saved: /eos/project-e/ep-nu/evilla/sn-pointing/cat000083/pipeline/cat000083_scenario_best_case_emcee.npz

✓ Saved: /eos/project-e/ep-nu/evilla/sn-pointing/cat000083/pipeline/cat000083_scenario_perfect_ct_emcee.npz

✓ Saved: /eos/project-e/ep-nu/evilla/sn-pointing/cat000083/pipeline/cat000083_scenario_full_pipeline_emcee.npz

✓ Saved: /eos/project-e/ep-nu/evilla/sn-pointing/cat000083/pipeline/cat000083_scenario_weighted_ct_emcee.npz

✓ Saved: /eos/project-e/ep-nu/evilla/sn-pointing/cat000083/pipeline/cat000083_scenario_perfect_ct_e_gt_10mev_emcee.npz

✓ Saved: /eos/project-e/ep-nu/evilla/sn-pointing/cat000083/pipeline/cat000083_scenario_perfect_ct_e_gt_20mev_emcee.npz
✓ cat000083 completed successfully
