000 (13791715.071.000) 11/20 10:14:14 Job submitted from host: <188.184.90.62:9618?addrs=188.184.90.62-9618+[2001-1458-201-e4--100-238]-9618&alias=bigbird16.cern.ch&noUDP&sock=schedd_5196_9a2f>
...
040 (13791715.071.000) 11/20 10:16:21 Started transferring input files
	Transferring to host: <188.185.92.157:9618?addrs=188.185.92.157-9618+[2001-1458-d00-6c--100-379]-9618&alias=b9g57n1695.cern.ch&noUDP&sock=slot1_1_5389_c9b4_9658>
...
040 (13791715.071.000) 11/20 10:16:21 Finished transferring input files
...
001 (13791715.071.000) 11/20 10:16:22 Job executing on host: <188.185.92.157:9618?addrs=188.185.92.157-9618+[2001-1458-d00-6c--100-379]-9618&alias=b9g57n1695.cern.ch&noUDP&sock=startd_5342_bf03>
	SlotName: slot1_1@b9g57n1695.cern.ch
	AvailableGPUs = { GPUs_GPU_837d59ba }
	CondorScratchDir = "/pool/condor/dir_2799045"
	Cpus = 11
	Disk = 4195103
	GPUs = 1
	GPUs_GPU_837d59ba = [ Id = "GPU-837d59ba"; ClockMhz = 1410.0; Capability = 8.0; CoresPerCU = 64; DeviceName = "NVIDIA A100-PCIE-40GB"; DeviceUuid = "837d59ba-8828-f50d-eac6-78cf9176c415"; ECCEnabled = true; ComputeUnits = 108; DriverVersion = 13.0; DevicePciBusId = "0000:06:00.0"; GlobalMemoryMb = 40441; MaxSupportedVersion = 13000 ]
	Memory = 33000
...
006 (13791715.071.000) 11/20 10:16:28 Image size of job updated: 1500
	0  -  MemoryUsage of job (MB)
	0  -  ResidentSetSize of job (KB)
...
040 (13791715.071.000) 11/20 10:16:28 Started transferring output files
...
040 (13791715.071.000) 11/20 10:16:28 Finished transferring output files
...
005 (13791715.071.000) 11/20 10:16:29 Job terminated.
	(1) Normal termination (return value 0)
		Usr 0 00:00:00, Sys 0 00:00:00  -  Run Remote Usage
		Usr 0 00:00:00, Sys 0 00:00:00  -  Run Local Usage
		Usr 0 00:00:00, Sys 0 00:00:00  -  Total Remote Usage
		Usr 0 00:00:00, Sys 0 00:00:00  -  Total Local Usage
	276  -  Run Bytes Sent By Job
	1410814  -  Run Bytes Received By Job
	276  -  Total Bytes Sent By Job
	1410814  -  Total Bytes Received By Job
	Partitionable Resources :    Usage  Request Allocated Assigned
	   Cpus                 :        0       11        11 
	   Disk (KB)            :     1407  4194304   4195103 
	   GPUs                 :        0        1         1 "GPU-837d59ba"
	   Memory (MB)          :        0    33000     33000 
	   TimeExecute (s)      :        6                    
	   TimeSlotBusy (s)     :        8                    

	Job terminated of its own accord at 2025-11-20T09:16:28Z with exit-code 0.
...
