Processing cat000354 with 6 scenarios...
Cat directory: /eos/project-e/ep-nu/evilla/sn-pointing/cat000354
======================================================================
EMCEE RECONSTRUCTION FOR cat000354
======================================================================

Loading PDF from: /eos/home-e/evilla/dune/sn-tps/neural_networks/electron_direction/three_plane_three_plane_v58_200k_lr_schedule_20251118_110931/cosine_energy_pdf.npz
PDF loaded

======================================================================
SCENARIO (EMCEE): BEST_CASE
======================================================================

Loaded 3293 matched main-track clusters across U, V, X planes
Selected 241 ES main tracks
After E > 3 MeV cut: 241 clusters
Running emcee: 64 walkers × 2000 steps...
Acceptance fraction: 15.7%
Mean direction: θ=159.96°, φ=90.27°
Uncertainties: Δθ=21.09°, Δφ=13.04°
68% credible angle: 27.43°

Angular error: 13.37°

======================================================================
SCENARIO (EMCEE): PERFECT_CT
======================================================================

Loaded 3293 matched main-track clusters across U, V, X planes
Selected 241 ES main tracks
Loading ED model from: /eos/home-e/evilla/dune/sn-tps/neural_networks/electron_direction/three_plane_three_plane_v58_200k_lr_schedule_20251118_110931/checkpoints/model_epoch_12_val_loss_0.8898.keras
Running ED inference...
After energy cut: 241 clusters
Running emcee: 64 walkers × 2000 steps...
Acceptance fraction: 9.1%
Mean direction: θ=168.78°, φ=89.93°
Uncertainties: Δθ=26.43°, Δφ=14.65°
68% credible angle: 33.29°

Angular error: 22.10°

======================================================================
SCENARIO (EMCEE): FULL_PIPELINE
======================================================================

Loaded 3293 matched main-track clusters across U, V, X planes
Using all 3293 main-track clusters
Loading CT model from: /eos/user/e/evilla/dune/sn-tps/neural_networks/channel_tagging/ct_volume_v52_batch_reload_20251116_101125/best_model.keras
Running CT inference...
CT selected 3004 ES candidates from 3293 clusters
  ES prob range: [0.000, 1.000]
Loading ED model from: /eos/home-e/evilla/dune/sn-tps/neural_networks/electron_direction/three_plane_three_plane_v58_200k_lr_schedule_20251118_110931/checkpoints/model_epoch_12_val_loss_0.8898.keras
Running ED inference on 3004 clusters...
After E > 3 MeV cut: 2989 clusters
Running emcee: 64 walkers × 2000 steps...
Acceptance fraction: 3.4%
Mean direction: θ=-153.17°, φ=91.57°
Uncertainties: Δθ=74.21°, Δφ=26.16°
68% credible angle: 86.40°

Angular error: 60.17°

======================================================================
SCENARIO (EMCEE): WEIGHTED_CT
======================================================================

Loaded 3293 matched main-track clusters across U, V, X planes
Using all 3293 main-track clusters
Loading CT model from: /eos/user/e/evilla/dune/sn-tps/neural_networks/channel_tagging/ct_volume_v52_batch_reload_20251116_101125/best_model.keras
Running CT inference...
CT selected 3004 ES candidates from 3293 clusters
  ES prob range: [0.000, 1.000]
Loading ED model from: /eos/home-e/evilla/dune/sn-tps/neural_networks/electron_direction/three_plane_three_plane_v58_200k_lr_schedule_20251118_110931/checkpoints/model_epoch_12_val_loss_0.8898.keras
Running ED inference on 3004 clusters...
Using CT weights (ES probabilities)
After E > 3 MeV cut: 2989 clusters
Running weighted MCMC with 2989 weights
Running emcee: 64 walkers × 2000 steps...
Acceptance fraction: 4.3%
Mean direction: θ=-171.43°, φ=93.67°
Uncertainties: Δθ=72.95°, Δφ=25.43°
68% credible angle: 71.10°

Angular error: 42.16°

======================================================================
SCENARIO (EMCEE): PERFECT_CT_E_GT_10MEV
======================================================================

Loaded 3293 matched main-track clusters across U, V, X planes
Selected 241 ES main tracks
Loading ED model from: /eos/home-e/evilla/dune/sn-tps/neural_networks/electron_direction/three_plane_three_plane_v58_200k_lr_schedule_20251118_110931/checkpoints/model_epoch_12_val_loss_0.8898.keras
Running ED inference...
Applying E > 10 MeV cut
After energy cut: 125 clusters
Running emcee: 64 walkers × 2000 steps...
Acceptance fraction: 9.0%
Mean direction: θ=173.55°, φ=89.32°
Uncertainties: Δθ=24.00°, Δφ=13.72°
68% credible angle: 31.04°

Angular error: 26.82°

======================================================================
SCENARIO (EMCEE): PERFECT_CT_E_GT_20MEV
======================================================================

Loaded 3293 matched main-track clusters across U, V, X planes
Selected 241 ES main tracks
Loading ED model from: /eos/home-e/evilla/dune/sn-tps/neural_networks/electron_direction/three_plane_three_plane_v58_200k_lr_schedule_20251118_110931/checkpoints/model_epoch_12_val_loss_0.8898.keras
Running ED inference...
Applying E > 20 MeV cut
After energy cut: 31 clusters
Running emcee: 64 walkers × 2000 steps...
Acceptance fraction: 12.7%
Mean direction: θ=177.27°, φ=88.05°
Uncertainties: Δθ=15.66°, Δφ=10.80°
68% credible angle: 22.01°

Angular error: 30.51°

✓ Saved: /eos/project-e/ep-nu/evilla/sn-pointing/cat000354/pipeline/cat000354_scenario_best_case_emcee.npz

✓ Saved: /eos/project-e/ep-nu/evilla/sn-pointing/cat000354/pipeline/cat000354_scenario_perfect_ct_emcee.npz

✓ Saved: /eos/project-e/ep-nu/evilla/sn-pointing/cat000354/pipeline/cat000354_scenario_full_pipeline_emcee.npz

✓ Saved: /eos/project-e/ep-nu/evilla/sn-pointing/cat000354/pipeline/cat000354_scenario_weighted_ct_emcee.npz

✓ Saved: /eos/project-e/ep-nu/evilla/sn-pointing/cat000354/pipeline/cat000354_scenario_perfect_ct_e_gt_10mev_emcee.npz

✓ Saved: /eos/project-e/ep-nu/evilla/sn-pointing/cat000354/pipeline/cat000354_scenario_perfect_ct_e_gt_20mev_emcee.npz
✓ cat000354 completed successfully
