==================================================================
Processing cat000410 with EMCEE - ALL SCENARIOS
==================================================================
======================================================================
EMCEE RECONSTRUCTION FOR cat000410
======================================================================

Loading PDF from: /eos/home-e/evilla/dune/sn-tps/neural_networks/electron_direction/three_plane_three_plane_v58_200k_lr_schedule_20251118_110931/cosine_energy_pdf.npz
PDF loaded

======================================================================
SCENARIO (EMCEE): PERFECT_CT
======================================================================

Loaded 3293 matched clusters across U, V, X planes
Selected clusters: 268
Running emcee: 64 walkers × 2000 steps...
Acceptance fraction: 11.4%
Mean direction: θ=119.34°, φ=111.88°
Uncertainties: Δθ=92.98°, Δφ=25.43°
68% credible angle: 64.64°

Angular error: 31.09°

======================================================================
SCENARIO (EMCEE): ES_MAIN_CC_SHOWER
======================================================================

Loaded 3293 matched clusters across U, V, X planes
Selected clusters: 268
Running emcee: 64 walkers × 2000 steps...
Acceptance fraction: 14.2%
Mean direction: θ=120.00°, φ=106.73°
Uncertainties: Δθ=73.56°, Δφ=25.57°
68% credible angle: 61.73°

Angular error: 33.07°

======================================================================
SCENARIO (EMCEE): ES_MAIN_CC_ALL
======================================================================

Loaded 3293 matched clusters across U, V, X planes
Selected clusters: 268
Running emcee: 64 walkers × 2000 steps...
Acceptance fraction: 16.6%
Mean direction: θ=112.16°, φ=106.12°
Uncertainties: Δθ=68.00°, Δφ=21.99°
68% credible angle: 32.67°

Angular error: 26.27°

======================================================================
SCENARIO (EMCEE): ES_ALL_CC_SHOWER
======================================================================

Loaded 3293 matched clusters across U, V, X planes
Selected clusters: 268
Running emcee: 64 walkers × 2000 steps...
Acceptance fraction: 13.5%
Mean direction: θ=108.65°, φ=107.87°
Uncertainties: Δθ=89.49°, Δφ=28.82°
68% credible angle: 134.98°

Angular error: 22.50°

======================================================================
SCENARIO (EMCEE): ES_ALL_CC_ALL
======================================================================

Loaded 3293 matched clusters across U, V, X planes
Selected clusters: 268
Running emcee: 64 walkers × 2000 steps...
Acceptance fraction: 12.9%
Mean direction: θ=118.07°, φ=106.08°
Uncertainties: Δθ=94.95°, Δφ=28.69°
68% credible angle: 146.27°

Angular error: 31.55°

======================================================================
SCENARIO (EMCEE): ALL_TRACKS_ALL_SHOWERS
======================================================================

Loaded 3293 matched clusters across U, V, X planes
Selected clusters: 3293
Running emcee: 64 walkers × 2000 steps...
Acceptance fraction: 5.1%
Mean direction: θ=-173.59°, φ=101.75°
Uncertainties: Δθ=78.30°, Δφ=32.77°
68% credible angle: 64.68°

Angular error: 94.78°

✓ Saved: /eos/project-e/ep-nu/evilla/sn-pointing/cat000410/pipeline/cat000410_scenario_perfect_ct_emcee.npz

✓ Saved: /eos/project-e/ep-nu/evilla/sn-pointing/cat000410/pipeline/cat000410_scenario_es_main_cc_shower_emcee.npz

✓ Saved: /eos/project-e/ep-nu/evilla/sn-pointing/cat000410/pipeline/cat000410_scenario_es_main_cc_all_emcee.npz

✓ Saved: /eos/project-e/ep-nu/evilla/sn-pointing/cat000410/pipeline/cat000410_scenario_es_all_cc_shower_emcee.npz

✓ Saved: /eos/project-e/ep-nu/evilla/sn-pointing/cat000410/pipeline/cat000410_scenario_es_all_cc_all_emcee.npz

✓ Saved: /eos/project-e/ep-nu/evilla/sn-pointing/cat000410/pipeline/cat000410_scenario_all_tracks_all_showers_emcee.npz
✓ cat000410 completed successfully
