Processing cat000331 with 6 scenarios...
Cat directory: /eos/project-e/ep-nu/evilla/sn-pointing/cat000331
======================================================================
EMCEE RECONSTRUCTION FOR cat000331
======================================================================

Loading PDF from: /eos/home-e/evilla/dune/sn-tps/neural_networks/electron_direction/three_plane_three_plane_v58_200k_lr_schedule_20251118_110931/cosine_energy_pdf.npz
PDF loaded

======================================================================
SCENARIO (EMCEE): BEST_CASE
======================================================================

Loaded 3583 matched main-track clusters across U, V, X planes
Selected 262 ES main tracks
After E > 3 MeV cut: 262 clusters
Running emcee: 64 walkers × 2000 steps...
Acceptance fraction: 18.4%
Mean direction: θ=161.42°, φ=77.28°
Uncertainties: Δθ=25.70°, Δφ=13.89°
68% credible angle: 23.57°

Angular error: 19.26°

======================================================================
SCENARIO (EMCEE): PERFECT_CT
======================================================================

Loaded 3583 matched main-track clusters across U, V, X planes
Selected 262 ES main tracks
Loading ED model from: /eos/home-e/evilla/dune/sn-tps/neural_networks/electron_direction/three_plane_three_plane_v58_200k_lr_schedule_20251118_110931/checkpoints/model_epoch_12_val_loss_0.8898.keras
Running ED inference...
After energy cut: 262 clusters
Running emcee: 64 walkers × 2000 steps...
Acceptance fraction: 6.9%
Mean direction: θ=166.30°, φ=83.25°
Uncertainties: Δθ=26.24°, Δφ=14.83°
68% credible angle: 34.83°

Angular error: 24.32°

======================================================================
SCENARIO (EMCEE): FULL_PIPELINE
======================================================================

Loaded 3583 matched main-track clusters across U, V, X planes
Using all 3583 main-track clusters
Loading CT model from: /eos/user/e/evilla/dune/sn-tps/neural_networks/channel_tagging/ct_volume_v52_batch_reload_20251116_101125/best_model.keras
Running CT inference...
CT selected 3271 ES candidates from 3583 clusters
  ES prob range: [0.000, 1.000]
Loading ED model from: /eos/home-e/evilla/dune/sn-tps/neural_networks/electron_direction/three_plane_three_plane_v58_200k_lr_schedule_20251118_110931/checkpoints/model_epoch_12_val_loss_0.8898.keras
Running ED inference on 3271 clusters...
After E > 3 MeV cut: 3248 clusters
Running emcee: 64 walkers × 2000 steps...
Acceptance fraction: 3.5%
Mean direction: θ=-175.15°, φ=88.39°
Uncertainties: Δθ=74.53°, Δφ=30.68°
68% credible angle: 64.51°

Angular error: 43.47°

======================================================================
SCENARIO (EMCEE): WEIGHTED_CT
======================================================================

Loaded 3583 matched main-track clusters across U, V, X planes
Using all 3583 main-track clusters
Loading CT model from: /eos/user/e/evilla/dune/sn-tps/neural_networks/channel_tagging/ct_volume_v52_batch_reload_20251116_101125/best_model.keras
Running CT inference...
CT selected 3271 ES candidates from 3583 clusters
  ES prob range: [0.000, 1.000]
Loading ED model from: /eos/home-e/evilla/dune/sn-tps/neural_networks/electron_direction/three_plane_three_plane_v58_200k_lr_schedule_20251118_110931/checkpoints/model_epoch_12_val_loss_0.8898.keras
Running ED inference on 3271 clusters...
Using CT weights (ES probabilities)
After E > 3 MeV cut: 3248 clusters
Running weighted MCMC with 3248 weights
Running emcee: 64 walkers × 2000 steps...
Acceptance fraction: 3.5%
Mean direction: θ=-149.49°, φ=91.33°
Uncertainties: Δθ=72.34°, Δφ=31.12°
68% credible angle: 82.84°

Angular error: 69.17°

======================================================================
SCENARIO (EMCEE): PERFECT_CT_E_GT_10MEV
======================================================================

Loaded 3583 matched main-track clusters across U, V, X planes
Selected 262 ES main tracks
Loading ED model from: /eos/home-e/evilla/dune/sn-tps/neural_networks/electron_direction/three_plane_three_plane_v58_200k_lr_schedule_20251118_110931/checkpoints/model_epoch_12_val_loss_0.8898.keras
Running ED inference...
Applying E > 10 MeV cut
After energy cut: 132 clusters
Running emcee: 64 walkers × 2000 steps...
Acceptance fraction: 9.9%
Mean direction: θ=167.92°, φ=86.15°
Uncertainties: Δθ=17.90°, Δφ=13.48°
68% credible angle: 26.63°

Angular error: 26.52°

======================================================================
SCENARIO (EMCEE): PERFECT_CT_E_GT_20MEV
======================================================================

Loaded 3583 matched main-track clusters across U, V, X planes
Selected 262 ES main tracks
Loading ED model from: /eos/home-e/evilla/dune/sn-tps/neural_networks/electron_direction/three_plane_three_plane_v58_200k_lr_schedule_20251118_110931/checkpoints/model_epoch_12_val_loss_0.8898.keras
Running ED inference...
Applying E > 20 MeV cut
After energy cut: 32 clusters
Running emcee: 64 walkers × 2000 steps...
Acceptance fraction: 22.8%
Mean direction: θ=178.57°, φ=89.36°
Uncertainties: Δθ=6.98°, Δφ=10.06°
68% credible angle: 10.45°

Angular error: 37.63°

✓ Saved: /eos/project-e/ep-nu/evilla/sn-pointing/cat000331/pipeline/cat000331_scenario_best_case_emcee.npz

✓ Saved: /eos/project-e/ep-nu/evilla/sn-pointing/cat000331/pipeline/cat000331_scenario_perfect_ct_emcee.npz

✓ Saved: /eos/project-e/ep-nu/evilla/sn-pointing/cat000331/pipeline/cat000331_scenario_full_pipeline_emcee.npz

✓ Saved: /eos/project-e/ep-nu/evilla/sn-pointing/cat000331/pipeline/cat000331_scenario_weighted_ct_emcee.npz

✓ Saved: /eos/project-e/ep-nu/evilla/sn-pointing/cat000331/pipeline/cat000331_scenario_perfect_ct_e_gt_10mev_emcee.npz

✓ Saved: /eos/project-e/ep-nu/evilla/sn-pointing/cat000331/pipeline/cat000331_scenario_perfect_ct_e_gt_20mev_emcee.npz
✓ cat000331 completed successfully
