==================================================================
Processing cat000523 with EMCEE - ALL SCENARIOS
==================================================================
======================================================================
EMCEE RECONSTRUCTION FOR cat000523
======================================================================

Loading PDF from: /eos/home-e/evilla/dune/sn-tps/neural_networks/electron_direction/three_plane_three_plane_v58_200k_lr_schedule_20251118_110931/cosine_energy_pdf.npz
PDF loaded

======================================================================
SCENARIO (EMCEE): PERFECT_CT
======================================================================

Loaded 3241 matched clusters across U, V, X planes
Selected clusters: 248
Running emcee: 64 walkers × 2000 steps...
Acceptance fraction: 9.4%
Mean direction: θ=112.55°, φ=88.67°
Uncertainties: Δθ=89.07°, Δφ=19.32°
68% credible angle: 118.46°

Angular error: 17.33°

======================================================================
SCENARIO (EMCEE): ES_MAIN_CC_SHOWER
======================================================================

Loaded 3241 matched clusters across U, V, X planes
Selected clusters: 248
Running emcee: 64 walkers × 2000 steps...
Acceptance fraction: 11.6%
Mean direction: θ=116.12°, φ=95.13°
Uncertainties: Δθ=97.02°, Δφ=17.07°
68% credible angle: 133.74°

Angular error: 19.93°

======================================================================
SCENARIO (EMCEE): ES_MAIN_CC_ALL
======================================================================

Loaded 3241 matched clusters across U, V, X planes
Selected clusters: 248
Running emcee: 64 walkers × 2000 steps...
Acceptance fraction: 9.8%
Mean direction: θ=168.33°, φ=85.10°
Uncertainties: Δθ=110.99°, Δφ=18.11°
68% credible angle: 93.09°

Angular error: 72.69°

======================================================================
SCENARIO (EMCEE): ES_ALL_CC_SHOWER
======================================================================

Loaded 3241 matched clusters across U, V, X planes
Selected clusters: 248
Running emcee: 64 walkers × 2000 steps...
Acceptance fraction: 10.9%
Mean direction: θ=169.43°, φ=87.08°
Uncertainties: Δθ=108.95°, Δφ=16.67°
68% credible angle: 89.21°

Angular error: 73.59°

======================================================================
SCENARIO (EMCEE): ES_ALL_CC_ALL
======================================================================

Loaded 3241 matched clusters across U, V, X planes
Selected clusters: 248
Running emcee: 64 walkers × 2000 steps...
Acceptance fraction: 9.3%
Mean direction: θ=161.96°, φ=83.41°
Uncertainties: Δθ=117.20°, Δφ=19.99°
68% credible angle: 91.54°

Angular error: 66.59°

======================================================================
SCENARIO (EMCEE): ALL_TRACKS_ALL_SHOWERS
======================================================================

Loaded 3241 matched clusters across U, V, X planes
Selected clusters: 3241
Running emcee: 64 walkers × 2000 steps...
Acceptance fraction: 4.1%
Mean direction: θ=-168.60°, φ=91.20°
Uncertainties: Δθ=75.40°, Δφ=37.46°
68% credible angle: 71.64°

Angular error: 95.15°

✓ Saved: /eos/project-e/ep-nu/evilla/sn-pointing/cat000523/pipeline/cat000523_scenario_perfect_ct_emcee.npz

✓ Saved: /eos/project-e/ep-nu/evilla/sn-pointing/cat000523/pipeline/cat000523_scenario_es_main_cc_shower_emcee.npz

✓ Saved: /eos/project-e/ep-nu/evilla/sn-pointing/cat000523/pipeline/cat000523_scenario_es_main_cc_all_emcee.npz

✓ Saved: /eos/project-e/ep-nu/evilla/sn-pointing/cat000523/pipeline/cat000523_scenario_es_all_cc_shower_emcee.npz

✓ Saved: /eos/project-e/ep-nu/evilla/sn-pointing/cat000523/pipeline/cat000523_scenario_es_all_cc_all_emcee.npz

✓ Saved: /eos/project-e/ep-nu/evilla/sn-pointing/cat000523/pipeline/cat000523_scenario_all_tracks_all_showers_emcee.npz
✓ cat000523 completed successfully
