==================================================================
Processing cat000080 with EMCEE - ALL SCENARIOS
==================================================================
======================================================================
EMCEE RECONSTRUCTION FOR cat000080
======================================================================

Loading PDF from: /eos/home-e/evilla/dune/sn-tps/neural_networks/electron_direction/three_plane_three_plane_v58_200k_lr_schedule_20251118_110931/cosine_energy_pdf.npz
PDF loaded

======================================================================
SCENARIO (EMCEE): PERFECT_CT
======================================================================

Loaded 3628 matched clusters across U, V, X planes
Selected clusters: 293
Running emcee: 64 walkers × 2000 steps...
Acceptance fraction: 14.6%
Mean direction: θ=-21.24°, φ=139.35°
Uncertainties: Δθ=49.87°, Δφ=9.96°
68% credible angle: 27.43°

Angular error: 19.55°

======================================================================
SCENARIO (EMCEE): ES_MAIN_CC_SHOWER
======================================================================

Loaded 3628 matched clusters across U, V, X planes
Selected clusters: 293
Running emcee: 64 walkers × 2000 steps...
Acceptance fraction: 14.1%
Mean direction: θ=-15.26°, φ=139.16°
Uncertainties: Δθ=44.33°, Δφ=9.59°
68% credible angle: 31.29°

Angular error: 22.64°

======================================================================
SCENARIO (EMCEE): ES_MAIN_CC_ALL
======================================================================

Loaded 3628 matched clusters across U, V, X planes
Selected clusters: 293
Running emcee: 64 walkers × 2000 steps...
Acceptance fraction: 11.6%
Mean direction: θ=-7.78°, φ=140.28°
Uncertainties: Δθ=47.34°, Δφ=10.55°
68% credible angle: 35.79°

Angular error: 25.76°

======================================================================
SCENARIO (EMCEE): ES_ALL_CC_SHOWER
======================================================================

Loaded 3628 matched clusters across U, V, X planes
Selected clusters: 293
Running emcee: 64 walkers × 2000 steps...
Acceptance fraction: 13.8%
Mean direction: θ=-20.72°, φ=139.88°
Uncertainties: Δθ=52.02°, Δφ=9.95°
68% credible angle: 27.71°

Angular error: 19.46°

======================================================================
SCENARIO (EMCEE): ES_ALL_CC_ALL
======================================================================

Loaded 3628 matched clusters across U, V, X planes
Selected clusters: 293
Running emcee: 64 walkers × 2000 steps...
Acceptance fraction: 17.2%
Mean direction: θ=-34.95°, φ=140.12°
Uncertainties: Δθ=48.02°, Δφ=11.07°
68% credible angle: 29.77°

Angular error: 12.78°

======================================================================
SCENARIO (EMCEE): ALL_TRACKS_ALL_SHOWERS
======================================================================

Loaded 3628 matched clusters across U, V, X planes
Selected clusters: 3628
Running emcee: 64 walkers × 2000 steps...
Acceptance fraction: 5.2%
Mean direction: θ=-68.77°, φ=114.00°
Uncertainties: Δθ=99.72°, Δφ=29.14°
68% credible angle: 97.12°

Angular error: 37.48°

✓ Saved: /eos/project-e/ep-nu/evilla/sn-pointing/cat000080/pipeline/cat000080_scenario_perfect_ct_emcee.npz

✓ Saved: /eos/project-e/ep-nu/evilla/sn-pointing/cat000080/pipeline/cat000080_scenario_es_main_cc_shower_emcee.npz

✓ Saved: /eos/project-e/ep-nu/evilla/sn-pointing/cat000080/pipeline/cat000080_scenario_es_main_cc_all_emcee.npz

✓ Saved: /eos/project-e/ep-nu/evilla/sn-pointing/cat000080/pipeline/cat000080_scenario_es_all_cc_shower_emcee.npz

✓ Saved: /eos/project-e/ep-nu/evilla/sn-pointing/cat000080/pipeline/cat000080_scenario_es_all_cc_all_emcee.npz

✓ Saved: /eos/project-e/ep-nu/evilla/sn-pointing/cat000080/pipeline/cat000080_scenario_all_tracks_all_showers_emcee.npz
✓ cat000080 completed successfully
