000 (13791725.125.000) 11/20 10:34:58 Job submitted from host: <188.184.90.62:9618?addrs=188.184.90.62-9618+[2001-1458-201-e4--100-238]-9618&alias=bigbird16.cern.ch&noUDP&sock=schedd_5196_9a2f>
...
040 (13791725.125.000) 11/20 10:50:48 Started transferring input files
	Transferring to host: <188.185.93.19:9618?addrs=188.185.93.19-9618+[2001-1458-d00-6c--100-3c2]-9618&alias=b9g57n7738.cern.ch&noUDP&sock=slot1_1_20459_f759_9054>
...
040 (13791725.125.000) 11/20 10:50:48 Finished transferring input files
...
001 (13791725.125.000) 11/20 10:50:49 Job executing on host: <188.185.93.19:9618?addrs=188.185.93.19-9618+[2001-1458-d00-6c--100-3c2]-9618&alias=b9g57n7738.cern.ch&noUDP&sock=startd_20413_32d7>
	SlotName: slot1_1@b9g57n7738.cern.ch
	AvailableGPUs = { GPUs_GPU_7a483b10 }
	CondorScratchDir = "/pool/condor/dir_2884180"
	Cpus = 11
	Disk = 4195354
	GPUs = 1
	GPUs_GPU_7a483b10 = [ Id = "GPU-7a483b10"; ClockMhz = 1410.0; Capability = 8.0; CoresPerCU = 64; DeviceName = "NVIDIA A100-PCIE-40GB"; DeviceUuid = "7a483b10-0f71-ee98-47a2-b3922f8bebfc"; ECCEnabled = true; ComputeUnits = 108; DriverVersion = 13.0; DevicePciBusId = "0000:06:00.0"; GlobalMemoryMb = 40441; MaxSupportedVersion = 13000 ]
	Memory = 33000
...
006 (13791725.125.000) 11/20 10:51:02 Image size of job updated: 312256
	305  -  MemoryUsage of job (MB)
	312256  -  ResidentSetSize of job (KB)
...
006 (13791725.125.000) 11/20 10:53:51 Image size of job updated: 2059508
	305  -  MemoryUsage of job (MB)
	312256  -  ResidentSetSize of job (KB)
...
040 (13791725.125.000) 11/20 10:53:51 Started transferring output files
...
040 (13791725.125.000) 11/20 10:53:51 Finished transferring output files
...
005 (13791725.125.000) 11/20 10:53:51 Job terminated.
	(1) Normal termination (return value 0)
		Usr 0 00:05:36, Sys 0 00:00:32  -  Run Remote Usage
		Usr 0 00:00:00, Sys 0 00:00:00  -  Run Local Usage
		Usr 0 00:05:36, Sys 0 00:00:32  -  Total Remote Usage
		Usr 0 00:00:00, Sys 0 00:00:00  -  Total Local Usage
	17473  -  Run Bytes Sent By Job
	1411571  -  Run Bytes Received By Job
	17473  -  Total Bytes Sent By Job
	1411571  -  Total Bytes Received By Job
	Partitionable Resources :    Usage  Request Allocated Assigned
	   Cpus                 :        0       11        11 
	   Disk (KB)            :     1421  4194304   4195354 
	   GPUs                 :                 1         1 "GPU-7a483b10"
	   Memory (MB)          :      305    33000     33000 
	   TimeExecute (s)      :      182                    
	   TimeSlotBusy (s)     :      184                    

	Job terminated of its own accord at 2025-11-20T09:53:51Z with exit-code 0.
...
