Processing cat000239 with 6 scenarios...
Cat directory: /eos/project-e/ep-nu/evilla/sn-pointing/cat000239
======================================================================
EMCEE RECONSTRUCTION FOR cat000239
======================================================================

Loading PDF from: /eos/home-e/evilla/dune/sn-tps/neural_networks/electron_direction/three_plane_three_plane_v58_200k_lr_schedule_20251118_110931/cosine_energy_pdf.npz
PDF loaded

======================================================================
SCENARIO (EMCEE): BEST_CASE
======================================================================

Loaded 3844 matched main-track clusters across U, V, X planes
Selected 295 ES main tracks
After E > 3 MeV cut: 295 clusters
Running emcee: 64 walkers × 2000 steps...
Acceptance fraction: 10.7%
Mean direction: θ=50.00°, φ=129.73°
Uncertainties: Δθ=80.55°, Δφ=48.34°
68% credible angle: 59.92°

Angular error: 42.18°

======================================================================
SCENARIO (EMCEE): PERFECT_CT
======================================================================

Loaded 3844 matched main-track clusters across U, V, X planes
Selected 295 ES main tracks
Loading ED model from: /eos/home-e/evilla/dune/sn-tps/neural_networks/electron_direction/three_plane_three_plane_v58_200k_lr_schedule_20251118_110931/checkpoints/model_epoch_12_val_loss_0.8898.keras
Running ED inference...
After energy cut: 295 clusters
Running emcee: 64 walkers × 2000 steps...
Acceptance fraction: 13.2%
Mean direction: θ=0.84°, φ=154.65°
Uncertainties: Δθ=72.76°, Δφ=5.90°
68% credible angle: 18.65°

Angular error: 18.29°

======================================================================
SCENARIO (EMCEE): FULL_PIPELINE
======================================================================

Loaded 3844 matched main-track clusters across U, V, X planes
Using all 3844 main-track clusters
Loading CT model from: /eos/user/e/evilla/dune/sn-tps/neural_networks/channel_tagging/ct_volume_v52_batch_reload_20251116_101125/best_model.keras
Running CT inference...
CT selected 3480 ES candidates from 3844 clusters
  ES prob range: [0.000, 1.000]
Loading ED model from: /eos/home-e/evilla/dune/sn-tps/neural_networks/electron_direction/three_plane_three_plane_v58_200k_lr_schedule_20251118_110931/checkpoints/model_epoch_12_val_loss_0.8898.keras
Running ED inference on 3480 clusters...
After E > 3 MeV cut: 3463 clusters
Running emcee: 64 walkers × 2000 steps...
Acceptance fraction: 4.6%
Mean direction: θ=-164.84°, φ=123.20°
Uncertainties: Δθ=72.05°, Δφ=39.39°
68% credible angle: 61.53°

Angular error: 65.18°

======================================================================
SCENARIO (EMCEE): WEIGHTED_CT
======================================================================

Loaded 3844 matched main-track clusters across U, V, X planes
Using all 3844 main-track clusters
Loading CT model from: /eos/user/e/evilla/dune/sn-tps/neural_networks/channel_tagging/ct_volume_v52_batch_reload_20251116_101125/best_model.keras
Running CT inference...
CT selected 3480 ES candidates from 3844 clusters
  ES prob range: [0.000, 1.000]
Loading ED model from: /eos/home-e/evilla/dune/sn-tps/neural_networks/electron_direction/three_plane_three_plane_v58_200k_lr_schedule_20251118_110931/checkpoints/model_epoch_12_val_loss_0.8898.keras
Running ED inference on 3480 clusters...
Using CT weights (ES probabilities)
After E > 3 MeV cut: 3463 clusters
Running weighted MCMC with 3463 weights
Running emcee: 64 walkers × 2000 steps...
Acceptance fraction: 4.4%
Mean direction: θ=-176.38°, φ=124.84°
Uncertainties: Δθ=77.93°, Δφ=37.92°
68% credible angle: 53.55°

Angular error: 62.96°

======================================================================
SCENARIO (EMCEE): PERFECT_CT_E_GT_10MEV
======================================================================

Loaded 3844 matched main-track clusters across U, V, X planes
Selected 295 ES main tracks
Loading ED model from: /eos/home-e/evilla/dune/sn-tps/neural_networks/electron_direction/three_plane_three_plane_v58_200k_lr_schedule_20251118_110931/checkpoints/model_epoch_12_val_loss_0.8898.keras
Running ED inference...
Applying E > 10 MeV cut
After energy cut: 154 clusters
Running emcee: 64 walkers × 2000 steps...
Acceptance fraction: 14.4%
Mean direction: θ=1.27°, φ=131.78°
Uncertainties: Δθ=63.67°, Δφ=50.04°
68% credible angle: 34.17°

Angular error: 40.82°

======================================================================
SCENARIO (EMCEE): PERFECT_CT_E_GT_20MEV
======================================================================

Loaded 3844 matched main-track clusters across U, V, X planes
Selected 295 ES main tracks
Loading ED model from: /eos/home-e/evilla/dune/sn-tps/neural_networks/electron_direction/three_plane_three_plane_v58_200k_lr_schedule_20251118_110931/checkpoints/model_epoch_12_val_loss_0.8898.keras
Running ED inference...
Applying E > 20 MeV cut
After energy cut: 30 clusters
Running emcee: 64 walkers × 2000 steps...
Acceptance fraction: 16.3%
Mean direction: θ=56.25°, φ=116.81°
Uncertainties: Δθ=67.69°, Δφ=62.74°
68% credible angle: 71.96°

Angular error: 55.47°

✓ Saved: /eos/project-e/ep-nu/evilla/sn-pointing/cat000239/pipeline/cat000239_scenario_best_case_emcee.npz

✓ Saved: /eos/project-e/ep-nu/evilla/sn-pointing/cat000239/pipeline/cat000239_scenario_perfect_ct_emcee.npz

✓ Saved: /eos/project-e/ep-nu/evilla/sn-pointing/cat000239/pipeline/cat000239_scenario_full_pipeline_emcee.npz

✓ Saved: /eos/project-e/ep-nu/evilla/sn-pointing/cat000239/pipeline/cat000239_scenario_weighted_ct_emcee.npz

✓ Saved: /eos/project-e/ep-nu/evilla/sn-pointing/cat000239/pipeline/cat000239_scenario_perfect_ct_e_gt_10mev_emcee.npz

✓ Saved: /eos/project-e/ep-nu/evilla/sn-pointing/cat000239/pipeline/cat000239_scenario_perfect_ct_e_gt_20mev_emcee.npz
✓ cat000239 completed successfully
