==================================================================
Processing cat000164 with EMCEE - ALL SCENARIOS
==================================================================
======================================================================
EMCEE RECONSTRUCTION FOR cat000164
======================================================================

Loading PDF from: /eos/home-e/evilla/dune/sn-tps/neural_networks/electron_direction/three_plane_three_plane_v58_200k_lr_schedule_20251118_110931/cosine_energy_pdf.npz
PDF loaded

======================================================================
SCENARIO (EMCEE): PERFECT_CT
======================================================================

Loaded 3244 matched clusters across U, V, X planes
Selected clusters: 178
Running emcee: 64 walkers × 2000 steps...
Acceptance fraction: 11.6%
Mean direction: θ=110.01°, φ=88.04°
Uncertainties: Δθ=90.17°, Δφ=20.12°
68% credible angle: 142.43°

Angular error: 11.12°

======================================================================
SCENARIO (EMCEE): ES_MAIN_CC_SHOWER
======================================================================

Loaded 3244 matched clusters across U, V, X planes
Selected clusters: 178
Running emcee: 64 walkers × 2000 steps...
Acceptance fraction: 10.6%
Mean direction: θ=125.61°, φ=86.58°
Uncertainties: Δθ=120.64°, Δφ=18.84°
68% credible angle: 130.73°

Angular error: 25.29°

======================================================================
SCENARIO (EMCEE): ES_MAIN_CC_ALL
======================================================================

Loaded 3244 matched clusters across U, V, X planes
Selected clusters: 178
Running emcee: 64 walkers × 2000 steps...
Acceptance fraction: 10.4%
Mean direction: θ=117.96°, φ=90.42°
Uncertainties: Δθ=107.59°, Δφ=20.17°
68% credible angle: 138.51°

Angular error: 19.21°

======================================================================
SCENARIO (EMCEE): ES_ALL_CC_SHOWER
======================================================================

Loaded 3244 matched clusters across U, V, X planes
Selected clusters: 178
Running emcee: 64 walkers × 2000 steps...
Acceptance fraction: 10.4%
Mean direction: θ=120.75°, φ=90.05°
Uncertainties: Δθ=106.64°, Δφ=19.95°
68% credible angle: 135.83°

Angular error: 21.62°

======================================================================
SCENARIO (EMCEE): ES_ALL_CC_ALL
======================================================================

Loaded 3244 matched clusters across U, V, X planes
Selected clusters: 178
Running emcee: 64 walkers × 2000 steps...
Acceptance fraction: 8.7%
Mean direction: θ=119.49°, φ=86.08°
Uncertainties: Δθ=131.48°, Δφ=17.17°
68% credible angle: 135.02°

Angular error: 19.21°

======================================================================
SCENARIO (EMCEE): ALL_TRACKS_ALL_SHOWERS
======================================================================

Loaded 3244 matched clusters across U, V, X planes
Selected clusters: 3244
Running emcee: 64 walkers × 2000 steps...
Acceptance fraction: 2.6%
Mean direction: θ=-95.18°, φ=92.59°
Uncertainties: Δθ=115.64°, Δφ=30.89°
68% credible angle: 126.46°

Angular error: 163.42°

✓ Saved: /eos/project-e/ep-nu/evilla/sn-pointing/cat000164/pipeline/cat000164_scenario_perfect_ct_emcee.npz

✓ Saved: /eos/project-e/ep-nu/evilla/sn-pointing/cat000164/pipeline/cat000164_scenario_es_main_cc_shower_emcee.npz

✓ Saved: /eos/project-e/ep-nu/evilla/sn-pointing/cat000164/pipeline/cat000164_scenario_es_main_cc_all_emcee.npz

✓ Saved: /eos/project-e/ep-nu/evilla/sn-pointing/cat000164/pipeline/cat000164_scenario_es_all_cc_shower_emcee.npz

✓ Saved: /eos/project-e/ep-nu/evilla/sn-pointing/cat000164/pipeline/cat000164_scenario_es_all_cc_all_emcee.npz

✓ Saved: /eos/project-e/ep-nu/evilla/sn-pointing/cat000164/pipeline/cat000164_scenario_all_tracks_all_showers_emcee.npz
✓ cat000164 completed successfully
