Processing cat000496 with 6 scenarios...
Cat directory: /eos/project-e/ep-nu/evilla/sn-pointing/cat000496
======================================================================
EMCEE RECONSTRUCTION FOR cat000496
======================================================================

Loading PDF from: /eos/home-e/evilla/dune/sn-tps/neural_networks/electron_direction/three_plane_three_plane_v58_200k_lr_schedule_20251118_110931/cosine_energy_pdf.npz
PDF loaded

======================================================================
SCENARIO (EMCEE): BEST_CASE
======================================================================

Loaded 3489 matched main-track clusters across U, V, X planes
Selected 244 ES main tracks
After E > 3 MeV cut: 244 clusters
Running emcee: 64 walkers × 2000 steps...
Acceptance fraction: 10.9%
Mean direction: θ=-29.51°, φ=108.71°
Uncertainties: Δθ=33.47°, Δφ=22.16°
68% credible angle: 27.49°

Angular error: 4.45°

======================================================================
SCENARIO (EMCEE): PERFECT_CT
======================================================================

Loaded 3489 matched main-track clusters across U, V, X planes
Selected 244 ES main tracks
Loading ED model from: /eos/home-e/evilla/dune/sn-tps/neural_networks/electron_direction/three_plane_three_plane_v58_200k_lr_schedule_20251118_110931/checkpoints/model_epoch_12_val_loss_0.8898.keras
Running ED inference...
After energy cut: 244 clusters
Running emcee: 64 walkers × 2000 steps...
Acceptance fraction: 22.3%
Mean direction: θ=-9.90°, φ=104.33°
Uncertainties: Δθ=16.10°, Δφ=17.64°
68% credible angle: 26.10°

Angular error: 22.20°

======================================================================
SCENARIO (EMCEE): FULL_PIPELINE
======================================================================

Loaded 3489 matched main-track clusters across U, V, X planes
Using all 3489 main-track clusters
Loading CT model from: /eos/user/e/evilla/dune/sn-tps/neural_networks/channel_tagging/ct_volume_v52_batch_reload_20251116_101125/best_model.keras
Running CT inference...
CT selected 3183 ES candidates from 3489 clusters
  ES prob range: [0.000, 1.000]
Loading ED model from: /eos/home-e/evilla/dune/sn-tps/neural_networks/electron_direction/three_plane_three_plane_v58_200k_lr_schedule_20251118_110931/checkpoints/model_epoch_12_val_loss_0.8898.keras
Running ED inference on 3183 clusters...
After E > 3 MeV cut: 3170 clusters
Running emcee: 64 walkers × 2000 steps...
Acceptance fraction: 3.8%
Mean direction: θ=-79.80°, φ=95.11°
Uncertainties: Δθ=75.43°, Δφ=30.40°
68% credible angle: 48.44°

Angular error: 49.67°

======================================================================
SCENARIO (EMCEE): WEIGHTED_CT
======================================================================

Loaded 3489 matched main-track clusters across U, V, X planes
Using all 3489 main-track clusters
Loading CT model from: /eos/user/e/evilla/dune/sn-tps/neural_networks/channel_tagging/ct_volume_v52_batch_reload_20251116_101125/best_model.keras
Running CT inference...
CT selected 3183 ES candidates from 3489 clusters
  ES prob range: [0.000, 1.000]
Loading ED model from: /eos/home-e/evilla/dune/sn-tps/neural_networks/electron_direction/three_plane_three_plane_v58_200k_lr_schedule_20251118_110931/checkpoints/model_epoch_12_val_loss_0.8898.keras
Running ED inference on 3183 clusters...
Using CT weights (ES probabilities)
After E > 3 MeV cut: 3170 clusters
Running weighted MCMC with 3170 weights
Running emcee: 64 walkers × 2000 steps...
Acceptance fraction: 3.3%
Mean direction: θ=-85.33°, φ=110.82°
Uncertainties: Δθ=152.63°, Δφ=28.07°
68% credible angle: 113.85°

Angular error: 49.64°

======================================================================
SCENARIO (EMCEE): PERFECT_CT_E_GT_10MEV
======================================================================

Loaded 3489 matched main-track clusters across U, V, X planes
Selected 244 ES main tracks
Loading ED model from: /eos/home-e/evilla/dune/sn-tps/neural_networks/electron_direction/three_plane_three_plane_v58_200k_lr_schedule_20251118_110931/checkpoints/model_epoch_12_val_loss_0.8898.keras
Running ED inference...
Applying E > 10 MeV cut
After energy cut: 142 clusters
Running emcee: 64 walkers × 2000 steps...
Acceptance fraction: 19.6%
Mean direction: θ=-18.49°, φ=104.06°
Uncertainties: Δθ=20.88°, Δφ=19.64°
68% credible angle: 20.48°

Angular error: 15.14°

======================================================================
SCENARIO (EMCEE): PERFECT_CT_E_GT_20MEV
======================================================================

Loaded 3489 matched main-track clusters across U, V, X planes
Selected 244 ES main tracks
Loading ED model from: /eos/home-e/evilla/dune/sn-tps/neural_networks/electron_direction/three_plane_three_plane_v58_200k_lr_schedule_20251118_110931/checkpoints/model_epoch_12_val_loss_0.8898.keras
Running ED inference...
Applying E > 20 MeV cut
After energy cut: 33 clusters
Running emcee: 64 walkers × 2000 steps...
Acceptance fraction: 29.0%
Mean direction: θ=-16.17°, φ=110.68°
Uncertainties: Δθ=30.51°, Δφ=9.77°
68% credible angle: 4.99°

Angular error: 14.49°

✓ Saved: /eos/project-e/ep-nu/evilla/sn-pointing/cat000496/pipeline/cat000496_scenario_best_case_emcee.npz

✓ Saved: /eos/project-e/ep-nu/evilla/sn-pointing/cat000496/pipeline/cat000496_scenario_perfect_ct_emcee.npz

✓ Saved: /eos/project-e/ep-nu/evilla/sn-pointing/cat000496/pipeline/cat000496_scenario_full_pipeline_emcee.npz

✓ Saved: /eos/project-e/ep-nu/evilla/sn-pointing/cat000496/pipeline/cat000496_scenario_weighted_ct_emcee.npz

✓ Saved: /eos/project-e/ep-nu/evilla/sn-pointing/cat000496/pipeline/cat000496_scenario_perfect_ct_e_gt_10mev_emcee.npz

✓ Saved: /eos/project-e/ep-nu/evilla/sn-pointing/cat000496/pipeline/cat000496_scenario_perfect_ct_e_gt_20mev_emcee.npz
✓ cat000496 completed successfully
