Processing cat000453 with 6 scenarios...
Cat directory: /eos/project-e/ep-nu/evilla/sn-pointing/cat000453
======================================================================
EMCEE RECONSTRUCTION FOR cat000453
======================================================================

Loading PDF from: /eos/home-e/evilla/dune/sn-tps/neural_networks/electron_direction/three_plane_three_plane_v58_200k_lr_schedule_20251118_110931/cosine_energy_pdf.npz
PDF loaded

======================================================================
SCENARIO (EMCEE): BEST_CASE
======================================================================

Loaded 3621 matched main-track clusters across U, V, X planes
Selected 278 ES main tracks
After E > 3 MeV cut: 278 clusters
Running emcee: 64 walkers × 2000 steps...
Acceptance fraction: 16.2%
Mean direction: θ=-8.95°, φ=66.88°
Uncertainties: Δθ=30.07°, Δφ=17.89°
68% credible angle: 29.60°

Angular error: 15.02°

======================================================================
SCENARIO (EMCEE): PERFECT_CT
======================================================================

Loaded 3621 matched main-track clusters across U, V, X planes
Selected 278 ES main tracks
Loading ED model from: /eos/home-e/evilla/dune/sn-tps/neural_networks/electron_direction/three_plane_three_plane_v58_200k_lr_schedule_20251118_110931/checkpoints/model_epoch_12_val_loss_0.8898.keras
Running ED inference...
After energy cut: 278 clusters
Running emcee: 64 walkers × 2000 steps...
Acceptance fraction: 12.0%
Mean direction: θ=-8.74°, φ=62.82°
Uncertainties: Δθ=23.45°, Δφ=12.29°
68% credible angle: 29.16°

Angular error: 10.95°

======================================================================
SCENARIO (EMCEE): FULL_PIPELINE
======================================================================

Loaded 3621 matched main-track clusters across U, V, X planes
Using all 3621 main-track clusters
Loading CT model from: /eos/user/e/evilla/dune/sn-tps/neural_networks/channel_tagging/ct_volume_v52_batch_reload_20251116_101125/best_model.keras
Running CT inference...
CT selected 3288 ES candidates from 3621 clusters
  ES prob range: [0.000, 1.000]
Loading ED model from: /eos/home-e/evilla/dune/sn-tps/neural_networks/electron_direction/three_plane_three_plane_v58_200k_lr_schedule_20251118_110931/checkpoints/model_epoch_12_val_loss_0.8898.keras
Running ED inference on 3288 clusters...
After E > 3 MeV cut: 3273 clusters
Running emcee: 64 walkers × 2000 steps...
Acceptance fraction: 7.1%
Mean direction: θ=-41.38°, φ=66.53°
Uncertainties: Δθ=79.63°, Δφ=40.33°
68% credible angle: 66.51°

Angular error: 31.86°

======================================================================
SCENARIO (EMCEE): WEIGHTED_CT
======================================================================

Loaded 3621 matched main-track clusters across U, V, X planes
Using all 3621 main-track clusters
Loading CT model from: /eos/user/e/evilla/dune/sn-tps/neural_networks/channel_tagging/ct_volume_v52_batch_reload_20251116_101125/best_model.keras
Running CT inference...
CT selected 3288 ES candidates from 3621 clusters
  ES prob range: [0.000, 1.000]
Loading ED model from: /eos/home-e/evilla/dune/sn-tps/neural_networks/electron_direction/three_plane_three_plane_v58_200k_lr_schedule_20251118_110931/checkpoints/model_epoch_12_val_loss_0.8898.keras
Running ED inference on 3288 clusters...
Using CT weights (ES probabilities)
After E > 3 MeV cut: 3273 clusters
Running weighted MCMC with 3273 weights
Running emcee: 64 walkers × 2000 steps...
Acceptance fraction: 4.2%
Mean direction: θ=-54.43°, φ=74.74°
Uncertainties: Δθ=82.93°, Δφ=41.09°
68% credible angle: 77.90°

Angular error: 46.63°

======================================================================
SCENARIO (EMCEE): PERFECT_CT_E_GT_10MEV
======================================================================

Loaded 3621 matched main-track clusters across U, V, X planes
Selected 278 ES main tracks
Loading ED model from: /eos/home-e/evilla/dune/sn-tps/neural_networks/electron_direction/three_plane_three_plane_v58_200k_lr_schedule_20251118_110931/checkpoints/model_epoch_12_val_loss_0.8898.keras
Running ED inference...
Applying E > 10 MeV cut
After energy cut: 152 clusters
Running emcee: 64 walkers × 2000 steps...
Acceptance fraction: 11.7%
Mean direction: θ=-11.22°, φ=62.41°
Uncertainties: Δθ=24.13°, Δφ=16.55°
68% credible angle: 22.79°

Angular error: 10.85°

======================================================================
SCENARIO (EMCEE): PERFECT_CT_E_GT_20MEV
======================================================================

Loaded 3621 matched main-track clusters across U, V, X planes
Selected 278 ES main tracks
Loading ED model from: /eos/home-e/evilla/dune/sn-tps/neural_networks/electron_direction/three_plane_three_plane_v58_200k_lr_schedule_20251118_110931/checkpoints/model_epoch_12_val_loss_0.8898.keras
Running ED inference...
Applying E > 20 MeV cut
After energy cut: 35 clusters
Running emcee: 64 walkers × 2000 steps...
Acceptance fraction: 15.3%
Mean direction: θ=-2.77°, φ=65.16°
Uncertainties: Δθ=49.81°, Δφ=30.72°
68% credible angle: 28.36°

Angular error: 14.04°

✓ Saved: /eos/project-e/ep-nu/evilla/sn-pointing/cat000453/pipeline/cat000453_scenario_best_case_emcee.npz

✓ Saved: /eos/project-e/ep-nu/evilla/sn-pointing/cat000453/pipeline/cat000453_scenario_perfect_ct_emcee.npz

✓ Saved: /eos/project-e/ep-nu/evilla/sn-pointing/cat000453/pipeline/cat000453_scenario_full_pipeline_emcee.npz

✓ Saved: /eos/project-e/ep-nu/evilla/sn-pointing/cat000453/pipeline/cat000453_scenario_weighted_ct_emcee.npz

✓ Saved: /eos/project-e/ep-nu/evilla/sn-pointing/cat000453/pipeline/cat000453_scenario_perfect_ct_e_gt_10mev_emcee.npz

✓ Saved: /eos/project-e/ep-nu/evilla/sn-pointing/cat000453/pipeline/cat000453_scenario_perfect_ct_e_gt_20mev_emcee.npz
✓ cat000453 completed successfully
