Processing cat000209 with 6 scenarios...
Cat directory: /eos/project-e/ep-nu/evilla/sn-pointing/cat000209
======================================================================
EMCEE RECONSTRUCTION FOR cat000209
======================================================================

Loading PDF from: /eos/home-e/evilla/dune/sn-tps/neural_networks/electron_direction/three_plane_three_plane_v58_200k_lr_schedule_20251118_110931/cosine_energy_pdf.npz
PDF loaded

======================================================================
SCENARIO (EMCEE): BEST_CASE
======================================================================

Loaded 3318 matched main-track clusters across U, V, X planes
Selected 202 ES main tracks
After E > 3 MeV cut: 202 clusters
Running emcee: 64 walkers × 2000 steps...
Acceptance fraction: 11.9%
Mean direction: θ=-158.28°, φ=105.39°
Uncertainties: Δθ=26.59°, Δφ=18.51°
68% credible angle: 26.02°

Angular error: 17.33°

======================================================================
SCENARIO (EMCEE): PERFECT_CT
======================================================================

Loaded 3318 matched main-track clusters across U, V, X planes
Selected 202 ES main tracks
Loading ED model from: /eos/home-e/evilla/dune/sn-tps/neural_networks/electron_direction/three_plane_three_plane_v58_200k_lr_schedule_20251118_110931/checkpoints/model_epoch_12_val_loss_0.8898.keras
Running ED inference...
After energy cut: 202 clusters
Running emcee: 64 walkers × 2000 steps...
Acceptance fraction: 8.7%
Mean direction: θ=-162.67°, φ=107.07°
Uncertainties: Δθ=28.56°, Δφ=18.00°
68% credible angle: 34.89°

Angular error: 21.04°

======================================================================
SCENARIO (EMCEE): FULL_PIPELINE
======================================================================

Loaded 3318 matched main-track clusters across U, V, X planes
Using all 3318 main-track clusters
Loading CT model from: /eos/user/e/evilla/dune/sn-tps/neural_networks/channel_tagging/ct_volume_v52_batch_reload_20251116_101125/best_model.keras
Running CT inference...
CT selected 3042 ES candidates from 3318 clusters
  ES prob range: [0.000, 1.000]
Loading ED model from: /eos/home-e/evilla/dune/sn-tps/neural_networks/electron_direction/three_plane_three_plane_v58_200k_lr_schedule_20251118_110931/checkpoints/model_epoch_12_val_loss_0.8898.keras
Running ED inference on 3042 clusters...
After E > 3 MeV cut: 3022 clusters
Running emcee: 64 walkers × 2000 steps...
Acceptance fraction: 4.7%
Mean direction: θ=-148.97°, φ=102.95°
Uncertainties: Δθ=67.51°, Δφ=23.56°
68% credible angle: 75.58°

Angular error: 10.43°

======================================================================
SCENARIO (EMCEE): WEIGHTED_CT
======================================================================

Loaded 3318 matched main-track clusters across U, V, X planes
Using all 3318 main-track clusters
Loading CT model from: /eos/user/e/evilla/dune/sn-tps/neural_networks/channel_tagging/ct_volume_v52_batch_reload_20251116_101125/best_model.keras
Running CT inference...
CT selected 3042 ES candidates from 3318 clusters
  ES prob range: [0.000, 1.000]
Loading ED model from: /eos/home-e/evilla/dune/sn-tps/neural_networks/electron_direction/three_plane_three_plane_v58_200k_lr_schedule_20251118_110931/checkpoints/model_epoch_12_val_loss_0.8898.keras
Running ED inference on 3042 clusters...
Using CT weights (ES probabilities)
After E > 3 MeV cut: 3022 clusters
Running weighted MCMC with 3022 weights
Running emcee: 64 walkers × 2000 steps...
Acceptance fraction: 5.9%
Mean direction: θ=-157.81°, φ=101.30°
Uncertainties: Δθ=71.94°, Δφ=25.41°
68% credible angle: 68.58°

Angular error: 18.51°

======================================================================
SCENARIO (EMCEE): PERFECT_CT_E_GT_10MEV
======================================================================

Loaded 3318 matched main-track clusters across U, V, X planes
Selected 202 ES main tracks
Loading ED model from: /eos/home-e/evilla/dune/sn-tps/neural_networks/electron_direction/three_plane_three_plane_v58_200k_lr_schedule_20251118_110931/checkpoints/model_epoch_12_val_loss_0.8898.keras
Running ED inference...
Applying E > 10 MeV cut
After energy cut: 117 clusters
Running emcee: 64 walkers × 2000 steps...
Acceptance fraction: 11.7%
Mean direction: θ=-161.58°, φ=103.30°
Uncertainties: Δθ=27.67°, Δφ=12.17°
68% credible angle: 33.42°

Angular error: 21.03°

======================================================================
SCENARIO (EMCEE): PERFECT_CT_E_GT_20MEV
======================================================================

Loaded 3318 matched main-track clusters across U, V, X planes
Selected 202 ES main tracks
Loading ED model from: /eos/home-e/evilla/dune/sn-tps/neural_networks/electron_direction/three_plane_three_plane_v58_200k_lr_schedule_20251118_110931/checkpoints/model_epoch_12_val_loss_0.8898.keras
Running ED inference...
Applying E > 20 MeV cut
After energy cut: 27 clusters
Running emcee: 64 walkers × 2000 steps...
Acceptance fraction: 19.4%
Mean direction: θ=-171.66°, φ=107.10°
Uncertainties: Δθ=13.46°, Δφ=8.99°
68% credible angle: 17.64°

Angular error: 29.50°

✓ Saved: /eos/project-e/ep-nu/evilla/sn-pointing/cat000209/pipeline/cat000209_scenario_best_case_emcee.npz

✓ Saved: /eos/project-e/ep-nu/evilla/sn-pointing/cat000209/pipeline/cat000209_scenario_perfect_ct_emcee.npz

✓ Saved: /eos/project-e/ep-nu/evilla/sn-pointing/cat000209/pipeline/cat000209_scenario_full_pipeline_emcee.npz

✓ Saved: /eos/project-e/ep-nu/evilla/sn-pointing/cat000209/pipeline/cat000209_scenario_weighted_ct_emcee.npz

✓ Saved: /eos/project-e/ep-nu/evilla/sn-pointing/cat000209/pipeline/cat000209_scenario_perfect_ct_e_gt_10mev_emcee.npz

✓ Saved: /eos/project-e/ep-nu/evilla/sn-pointing/cat000209/pipeline/cat000209_scenario_perfect_ct_e_gt_20mev_emcee.npz
✓ cat000209 completed successfully
