Processing cat000371 with 6 scenarios...
Cat directory: /eos/project-e/ep-nu/evilla/sn-pointing/cat000371
======================================================================
EMCEE RECONSTRUCTION FOR cat000371
======================================================================

Loading PDF from: /eos/home-e/evilla/dune/sn-tps/neural_networks/electron_direction/three_plane_three_plane_v58_200k_lr_schedule_20251118_110931/cosine_energy_pdf.npz
PDF loaded

======================================================================
SCENARIO (EMCEE): BEST_CASE
======================================================================

Loaded 3498 matched main-track clusters across U, V, X planes
Selected 235 ES main tracks
After E > 3 MeV cut: 235 clusters
Running emcee: 64 walkers × 2000 steps...
Acceptance fraction: 16.4%
Mean direction: θ=159.30°, φ=88.92°
Uncertainties: Δθ=23.12°, Δφ=14.66°
68% credible angle: 27.02°

Angular error: 21.94°

======================================================================
SCENARIO (EMCEE): PERFECT_CT
======================================================================

Loaded 3498 matched main-track clusters across U, V, X planes
Selected 235 ES main tracks
Loading ED model from: /eos/home-e/evilla/dune/sn-tps/neural_networks/electron_direction/three_plane_three_plane_v58_200k_lr_schedule_20251118_110931/checkpoints/model_epoch_12_val_loss_0.8898.keras
Running ED inference...
After energy cut: 235 clusters
Running emcee: 64 walkers × 2000 steps...
Acceptance fraction: 8.9%
Mean direction: θ=164.27°, φ=89.39°
Uncertainties: Δθ=25.59°, Δφ=16.67°
68% credible angle: 34.29°

Angular error: 26.92°

======================================================================
SCENARIO (EMCEE): FULL_PIPELINE
======================================================================

Loaded 3498 matched main-track clusters across U, V, X planes
Using all 3498 main-track clusters
Loading CT model from: /eos/user/e/evilla/dune/sn-tps/neural_networks/channel_tagging/ct_volume_v52_batch_reload_20251116_101125/best_model.keras
Running CT inference...
CT selected 3141 ES candidates from 3498 clusters
  ES prob range: [0.000, 1.000]
Loading ED model from: /eos/home-e/evilla/dune/sn-tps/neural_networks/electron_direction/three_plane_three_plane_v58_200k_lr_schedule_20251118_110931/checkpoints/model_epoch_12_val_loss_0.8898.keras
Running ED inference on 3141 clusters...
After E > 3 MeV cut: 3120 clusters
Running emcee: 64 walkers × 2000 steps...
Acceptance fraction: 4.2%
Mean direction: θ=169.24°, φ=99.97°
Uncertainties: Δθ=47.87°, Δφ=30.85°
68% credible angle: 52.27°

Angular error: 33.70°

======================================================================
SCENARIO (EMCEE): WEIGHTED_CT
======================================================================

Loaded 3498 matched main-track clusters across U, V, X planes
Using all 3498 main-track clusters
Loading CT model from: /eos/user/e/evilla/dune/sn-tps/neural_networks/channel_tagging/ct_volume_v52_batch_reload_20251116_101125/best_model.keras
Running CT inference...
CT selected 3141 ES candidates from 3498 clusters
  ES prob range: [0.000, 1.000]
Loading ED model from: /eos/home-e/evilla/dune/sn-tps/neural_networks/electron_direction/three_plane_three_plane_v58_200k_lr_schedule_20251118_110931/checkpoints/model_epoch_12_val_loss_0.8898.keras
Running ED inference on 3141 clusters...
Using CT weights (ES probabilities)
After E > 3 MeV cut: 3120 clusters
Running weighted MCMC with 3120 weights
Running emcee: 64 walkers × 2000 steps...
Acceptance fraction: 3.4%
Mean direction: θ=-175.30°, φ=99.65°
Uncertainties: Δθ=59.68°, Δφ=34.28°
68% credible angle: 58.89°

Angular error: 48.41°

======================================================================
SCENARIO (EMCEE): PERFECT_CT_E_GT_10MEV
======================================================================

Loaded 3498 matched main-track clusters across U, V, X planes
Selected 235 ES main tracks
Loading ED model from: /eos/home-e/evilla/dune/sn-tps/neural_networks/electron_direction/three_plane_three_plane_v58_200k_lr_schedule_20251118_110931/checkpoints/model_epoch_12_val_loss_0.8898.keras
Running ED inference...
Applying E > 10 MeV cut
After energy cut: 129 clusters
Running emcee: 64 walkers × 2000 steps...
Acceptance fraction: 12.1%
Mean direction: θ=164.92°, φ=94.57°
Uncertainties: Δθ=27.22°, Δφ=13.24°
68% credible angle: 30.74°

Angular error: 28.17°

======================================================================
SCENARIO (EMCEE): PERFECT_CT_E_GT_20MEV
======================================================================

Loaded 3498 matched main-track clusters across U, V, X planes
Selected 235 ES main tracks
Loading ED model from: /eos/home-e/evilla/dune/sn-tps/neural_networks/electron_direction/three_plane_three_plane_v58_200k_lr_schedule_20251118_110931/checkpoints/model_epoch_12_val_loss_0.8898.keras
Running ED inference...
Applying E > 20 MeV cut
After energy cut: 38 clusters
Running emcee: 64 walkers × 2000 steps...
Acceptance fraction: 18.1%
Mean direction: θ=162.70°, φ=92.16°
Uncertainties: Δθ=17.43°, Δφ=9.11°
68% credible angle: 22.10°

Angular error: 25.59°

✓ Saved: /eos/project-e/ep-nu/evilla/sn-pointing/cat000371/pipeline/cat000371_scenario_best_case_emcee.npz

✓ Saved: /eos/project-e/ep-nu/evilla/sn-pointing/cat000371/pipeline/cat000371_scenario_perfect_ct_emcee.npz

✓ Saved: /eos/project-e/ep-nu/evilla/sn-pointing/cat000371/pipeline/cat000371_scenario_full_pipeline_emcee.npz

✓ Saved: /eos/project-e/ep-nu/evilla/sn-pointing/cat000371/pipeline/cat000371_scenario_weighted_ct_emcee.npz

✓ Saved: /eos/project-e/ep-nu/evilla/sn-pointing/cat000371/pipeline/cat000371_scenario_perfect_ct_e_gt_10mev_emcee.npz

✓ Saved: /eos/project-e/ep-nu/evilla/sn-pointing/cat000371/pipeline/cat000371_scenario_perfect_ct_e_gt_20mev_emcee.npz
✓ cat000371 completed successfully
