Processing cat000329 with 6 scenarios...
Cat directory: /eos/project-e/ep-nu/evilla/sn-pointing/cat000329
======================================================================
EMCEE RECONSTRUCTION FOR cat000329
======================================================================

Loading PDF from: /eos/home-e/evilla/dune/sn-tps/neural_networks/electron_direction/three_plane_three_plane_v58_200k_lr_schedule_20251118_110931/cosine_energy_pdf.npz
PDF loaded

======================================================================
SCENARIO (EMCEE): BEST_CASE
======================================================================

Loaded 3264 matched main-track clusters across U, V, X planes
Selected 299 ES main tracks
After E > 3 MeV cut: 299 clusters
Running emcee: 64 walkers × 2000 steps...
Acceptance fraction: 6.1%
Mean direction: θ=-142.37°, φ=41.49°
Uncertainties: Δθ=62.03°, Δφ=44.71°
68% credible angle: 44.01°

Angular error: 18.94°

======================================================================
SCENARIO (EMCEE): PERFECT_CT
======================================================================

Loaded 3264 matched main-track clusters across U, V, X planes
Selected 299 ES main tracks
Loading ED model from: /eos/home-e/evilla/dune/sn-tps/neural_networks/electron_direction/three_plane_three_plane_v58_200k_lr_schedule_20251118_110931/checkpoints/model_epoch_12_val_loss_0.8898.keras
Running ED inference...
After energy cut: 299 clusters
Running emcee: 64 walkers × 2000 steps...
Acceptance fraction: 6.4%
Mean direction: θ=-137.11°, φ=30.47°
Uncertainties: Δθ=46.76°, Δφ=13.32°
68% credible angle: 31.43°

Angular error: 10.84°

======================================================================
SCENARIO (EMCEE): FULL_PIPELINE
======================================================================

Loaded 3264 matched main-track clusters across U, V, X planes
Using all 3264 main-track clusters
Loading CT model from: /eos/user/e/evilla/dune/sn-tps/neural_networks/channel_tagging/ct_volume_v52_batch_reload_20251116_101125/best_model.keras
Running CT inference...
CT selected 2972 ES candidates from 3264 clusters
  ES prob range: [0.000, 1.000]
Loading ED model from: /eos/home-e/evilla/dune/sn-tps/neural_networks/electron_direction/three_plane_three_plane_v58_200k_lr_schedule_20251118_110931/checkpoints/model_epoch_12_val_loss_0.8898.keras
Running ED inference on 2972 clusters...
After E > 3 MeV cut: 2956 clusters
Running emcee: 64 walkers × 2000 steps...
Acceptance fraction: 3.0%
Mean direction: θ=-140.67°, φ=70.58°
Uncertainties: Δθ=104.02°, Δφ=39.56°
68% credible angle: 86.79°

Angular error: 43.89°

======================================================================
SCENARIO (EMCEE): WEIGHTED_CT
======================================================================

Loaded 3264 matched main-track clusters across U, V, X planes
Using all 3264 main-track clusters
Loading CT model from: /eos/user/e/evilla/dune/sn-tps/neural_networks/channel_tagging/ct_volume_v52_batch_reload_20251116_101125/best_model.keras
Running CT inference...
CT selected 2972 ES candidates from 3264 clusters
  ES prob range: [0.000, 1.000]
Loading ED model from: /eos/home-e/evilla/dune/sn-tps/neural_networks/electron_direction/three_plane_three_plane_v58_200k_lr_schedule_20251118_110931/checkpoints/model_epoch_12_val_loss_0.8898.keras
Running ED inference on 2972 clusters...
Using CT weights (ES probabilities)
After E > 3 MeV cut: 2956 clusters
Running weighted MCMC with 2956 weights
Running emcee: 64 walkers × 2000 steps...
Acceptance fraction: 3.0%
Mean direction: θ=-153.59°, φ=71.74°
Uncertainties: Δθ=91.84°, Δφ=37.77°
68% credible angle: 79.67°

Angular error: 49.42°

======================================================================
SCENARIO (EMCEE): PERFECT_CT_E_GT_10MEV
======================================================================

Loaded 3264 matched main-track clusters across U, V, X planes
Selected 299 ES main tracks
Loading ED model from: /eos/home-e/evilla/dune/sn-tps/neural_networks/electron_direction/three_plane_three_plane_v58_200k_lr_schedule_20251118_110931/checkpoints/model_epoch_12_val_loss_0.8898.keras
Running ED inference...
Applying E > 10 MeV cut
After energy cut: 142 clusters
Running emcee: 64 walkers × 2000 steps...
Acceptance fraction: 16.1%
Mean direction: θ=-155.35°, φ=24.00°
Uncertainties: Δθ=29.12°, Δφ=11.71°
68% credible angle: 11.88°

Angular error: 18.95°

======================================================================
SCENARIO (EMCEE): PERFECT_CT_E_GT_20MEV
======================================================================

Loaded 3264 matched main-track clusters across U, V, X planes
Selected 299 ES main tracks
Loading ED model from: /eos/home-e/evilla/dune/sn-tps/neural_networks/electron_direction/three_plane_three_plane_v58_200k_lr_schedule_20251118_110931/checkpoints/model_epoch_12_val_loss_0.8898.keras
Running ED inference...
Applying E > 20 MeV cut
After energy cut: 20 clusters
Running emcee: 64 walkers × 2000 steps...
Acceptance fraction: 33.5%
Mean direction: θ=-101.39°, φ=34.03°
Uncertainties: Δθ=42.02°, Δφ=25.01°
68% credible angle: 12.93°

Angular error: 8.36°

✓ Saved: /eos/project-e/ep-nu/evilla/sn-pointing/cat000329/pipeline/cat000329_scenario_best_case_emcee.npz

✓ Saved: /eos/project-e/ep-nu/evilla/sn-pointing/cat000329/pipeline/cat000329_scenario_perfect_ct_emcee.npz

✓ Saved: /eos/project-e/ep-nu/evilla/sn-pointing/cat000329/pipeline/cat000329_scenario_full_pipeline_emcee.npz

✓ Saved: /eos/project-e/ep-nu/evilla/sn-pointing/cat000329/pipeline/cat000329_scenario_weighted_ct_emcee.npz

✓ Saved: /eos/project-e/ep-nu/evilla/sn-pointing/cat000329/pipeline/cat000329_scenario_perfect_ct_e_gt_10mev_emcee.npz

✓ Saved: /eos/project-e/ep-nu/evilla/sn-pointing/cat000329/pipeline/cat000329_scenario_perfect_ct_e_gt_20mev_emcee.npz
✓ cat000329 completed successfully
