Processing cat000051 with 6 scenarios...
Cat directory: /eos/project-e/ep-nu/evilla/sn-pointing/cat000051
======================================================================
EMCEE RECONSTRUCTION FOR cat000051
======================================================================

Loading PDF from: /eos/home-e/evilla/dune/sn-tps/neural_networks/electron_direction/three_plane_three_plane_v58_200k_lr_schedule_20251118_110931/cosine_energy_pdf.npz
PDF loaded

======================================================================
SCENARIO (EMCEE): BEST_CASE
======================================================================

Loaded 3162 matched main-track clusters across U, V, X planes
Selected 157 ES main tracks
After E > 3 MeV cut: 157 clusters
Running emcee: 64 walkers × 2000 steps...
Acceptance fraction: 14.7%
Mean direction: θ=167.53°, φ=98.67°
Uncertainties: Δθ=17.96°, Δφ=11.89°
68% credible angle: 18.72°

Angular error: 13.73°

======================================================================
SCENARIO (EMCEE): PERFECT_CT
======================================================================

Loaded 3162 matched main-track clusters across U, V, X planes
Selected 157 ES main tracks
Loading ED model from: /eos/home-e/evilla/dune/sn-tps/neural_networks/electron_direction/three_plane_three_plane_v58_200k_lr_schedule_20251118_110931/checkpoints/model_epoch_12_val_loss_0.8898.keras
Running ED inference...
After energy cut: 157 clusters
Running emcee: 64 walkers × 2000 steps...
Acceptance fraction: 14.5%
Mean direction: θ=168.79°, φ=100.32°
Uncertainties: Δθ=28.29°, Δφ=12.26°
68% credible angle: 32.81°

Angular error: 15.17°

======================================================================
SCENARIO (EMCEE): FULL_PIPELINE
======================================================================

Loaded 3162 matched main-track clusters across U, V, X planes
Using all 3162 main-track clusters
Loading CT model from: /eos/user/e/evilla/dune/sn-tps/neural_networks/channel_tagging/ct_volume_v52_batch_reload_20251116_101125/best_model.keras
Running CT inference...
CT selected 2874 ES candidates from 3162 clusters
  ES prob range: [0.000, 1.000]
Loading ED model from: /eos/home-e/evilla/dune/sn-tps/neural_networks/electron_direction/three_plane_three_plane_v58_200k_lr_schedule_20251118_110931/checkpoints/model_epoch_12_val_loss_0.8898.keras
Running ED inference on 2874 clusters...
After E > 3 MeV cut: 2860 clusters
Running emcee: 64 walkers × 2000 steps...
Acceptance fraction: 3.4%
Mean direction: θ=-174.42°, φ=110.98°
Uncertainties: Δθ=59.21°, Δφ=32.40°
68% credible angle: 52.07°

Angular error: 33.61°

======================================================================
SCENARIO (EMCEE): WEIGHTED_CT
======================================================================

Loaded 3162 matched main-track clusters across U, V, X planes
Using all 3162 main-track clusters
Loading CT model from: /eos/user/e/evilla/dune/sn-tps/neural_networks/channel_tagging/ct_volume_v52_batch_reload_20251116_101125/best_model.keras
Running CT inference...
CT selected 2874 ES candidates from 3162 clusters
  ES prob range: [0.000, 1.000]
Loading ED model from: /eos/home-e/evilla/dune/sn-tps/neural_networks/electron_direction/three_plane_three_plane_v58_200k_lr_schedule_20251118_110931/checkpoints/model_epoch_12_val_loss_0.8898.keras
Running ED inference on 2874 clusters...
Using CT weights (ES probabilities)
After E > 3 MeV cut: 2860 clusters
Running weighted MCMC with 2860 weights
Running emcee: 64 walkers × 2000 steps...
Acceptance fraction: 2.9%
Mean direction: θ=-164.71°, φ=105.78°
Uncertainties: Δθ=65.86°, Δφ=35.20°
68% credible angle: 60.21°

Angular error: 41.49°

======================================================================
SCENARIO (EMCEE): PERFECT_CT_E_GT_10MEV
======================================================================

Loaded 3162 matched main-track clusters across U, V, X planes
Selected 157 ES main tracks
Loading ED model from: /eos/home-e/evilla/dune/sn-tps/neural_networks/electron_direction/three_plane_three_plane_v58_200k_lr_schedule_20251118_110931/checkpoints/model_epoch_12_val_loss_0.8898.keras
Running ED inference...
Applying E > 10 MeV cut
After energy cut: 91 clusters
Running emcee: 64 walkers × 2000 steps...
Acceptance fraction: 12.3%
Mean direction: θ=166.55°, φ=102.78°
Uncertainties: Δθ=24.87°, Δφ=11.84°
68% credible angle: 25.92°

Angular error: 13.71°

======================================================================
SCENARIO (EMCEE): PERFECT_CT_E_GT_20MEV
======================================================================

Loaded 3162 matched main-track clusters across U, V, X planes
Selected 157 ES main tracks
Loading ED model from: /eos/home-e/evilla/dune/sn-tps/neural_networks/electron_direction/three_plane_three_plane_v58_200k_lr_schedule_20251118_110931/checkpoints/model_epoch_12_val_loss_0.8898.keras
Running ED inference...
Applying E > 20 MeV cut
After energy cut: 28 clusters
Running emcee: 64 walkers × 2000 steps...
Acceptance fraction: 15.8%
Mean direction: θ=-178.80°, φ=100.50°
Uncertainties: Δθ=20.33°, Δφ=10.65°
68% credible angle: 15.33°

Angular error: 27.31°

✓ Saved: /eos/project-e/ep-nu/evilla/sn-pointing/cat000051/pipeline/cat000051_scenario_best_case_emcee.npz

✓ Saved: /eos/project-e/ep-nu/evilla/sn-pointing/cat000051/pipeline/cat000051_scenario_perfect_ct_emcee.npz

✓ Saved: /eos/project-e/ep-nu/evilla/sn-pointing/cat000051/pipeline/cat000051_scenario_full_pipeline_emcee.npz

✓ Saved: /eos/project-e/ep-nu/evilla/sn-pointing/cat000051/pipeline/cat000051_scenario_weighted_ct_emcee.npz

✓ Saved: /eos/project-e/ep-nu/evilla/sn-pointing/cat000051/pipeline/cat000051_scenario_perfect_ct_e_gt_10mev_emcee.npz

✓ Saved: /eos/project-e/ep-nu/evilla/sn-pointing/cat000051/pipeline/cat000051_scenario_perfect_ct_e_gt_20mev_emcee.npz
✓ cat000051 completed successfully
