Processing cat000418 with 6 scenarios...
Cat directory: /eos/project-e/ep-nu/evilla/sn-pointing/cat000418
======================================================================
EMCEE RECONSTRUCTION FOR cat000418
======================================================================

Loading PDF from: /eos/home-e/evilla/dune/sn-tps/neural_networks/electron_direction/three_plane_three_plane_v58_200k_lr_schedule_20251118_110931/cosine_energy_pdf.npz
PDF loaded

======================================================================
SCENARIO (EMCEE): BEST_CASE
======================================================================

Loaded 3237 matched main-track clusters across U, V, X planes
Selected 228 ES main tracks
After E > 3 MeV cut: 228 clusters
Running emcee: 64 walkers × 2000 steps...
Acceptance fraction: 15.0%
Mean direction: θ=-35.68°, φ=91.72°
Uncertainties: Δθ=57.16°, Δφ=16.09°
68% credible angle: 27.70°

Angular error: 14.57°

======================================================================
SCENARIO (EMCEE): PERFECT_CT
======================================================================

Loaded 3237 matched main-track clusters across U, V, X planes
Selected 228 ES main tracks
Loading ED model from: /eos/home-e/evilla/dune/sn-tps/neural_networks/electron_direction/three_plane_three_plane_v58_200k_lr_schedule_20251118_110931/checkpoints/model_epoch_12_val_loss_0.8898.keras
Running ED inference...
After energy cut: 228 clusters
Running emcee: 64 walkers × 2000 steps...
Acceptance fraction: 14.0%
Mean direction: θ=-40.70°, φ=98.79°
Uncertainties: Δθ=18.86°, Δφ=13.97°
68% credible angle: 25.16°

Angular error: 8.31°

======================================================================
SCENARIO (EMCEE): FULL_PIPELINE
======================================================================

Loaded 3237 matched main-track clusters across U, V, X planes
Using all 3237 main-track clusters
Loading CT model from: /eos/user/e/evilla/dune/sn-tps/neural_networks/channel_tagging/ct_volume_v52_batch_reload_20251116_101125/best_model.keras
Running CT inference...
CT selected 2927 ES candidates from 3237 clusters
  ES prob range: [0.000, 1.000]
Loading ED model from: /eos/home-e/evilla/dune/sn-tps/neural_networks/electron_direction/three_plane_three_plane_v58_200k_lr_schedule_20251118_110931/checkpoints/model_epoch_12_val_loss_0.8898.keras
Running ED inference on 2927 clusters...
After E > 3 MeV cut: 2905 clusters
Running emcee: 64 walkers × 2000 steps...
Acceptance fraction: 4.8%
Mean direction: θ=-136.59°, φ=98.61°
Uncertainties: Δθ=101.78°, Δφ=32.96°
68% credible angle: 92.71°

Angular error: 86.47°

======================================================================
SCENARIO (EMCEE): WEIGHTED_CT
======================================================================

Loaded 3237 matched main-track clusters across U, V, X planes
Using all 3237 main-track clusters
Loading CT model from: /eos/user/e/evilla/dune/sn-tps/neural_networks/channel_tagging/ct_volume_v52_batch_reload_20251116_101125/best_model.keras
Running CT inference...
CT selected 2927 ES candidates from 3237 clusters
  ES prob range: [0.000, 1.000]
Loading ED model from: /eos/home-e/evilla/dune/sn-tps/neural_networks/electron_direction/three_plane_three_plane_v58_200k_lr_schedule_20251118_110931/checkpoints/model_epoch_12_val_loss_0.8898.keras
Running ED inference on 2927 clusters...
Using CT weights (ES probabilities)
After E > 3 MeV cut: 2905 clusters
Running weighted MCMC with 2905 weights
Running emcee: 64 walkers × 2000 steps...
Acceptance fraction: 3.5%
Mean direction: θ=-133.18°, φ=94.49°
Uncertainties: Δθ=91.19°, Δφ=33.72°
68% credible angle: 97.64°

Angular error: 83.63°

======================================================================
SCENARIO (EMCEE): PERFECT_CT_E_GT_10MEV
======================================================================

Loaded 3237 matched main-track clusters across U, V, X planes
Selected 228 ES main tracks
Loading ED model from: /eos/home-e/evilla/dune/sn-tps/neural_networks/electron_direction/three_plane_three_plane_v58_200k_lr_schedule_20251118_110931/checkpoints/model_epoch_12_val_loss_0.8898.keras
Running ED inference...
Applying E > 10 MeV cut
After energy cut: 131 clusters
Running emcee: 64 walkers × 2000 steps...
Acceptance fraction: 26.9%
Mean direction: θ=-48.23°, φ=98.16°
Uncertainties: Δθ=17.42°, Δφ=10.39°
68% credible angle: 9.19°

Angular error: 0.90°

======================================================================
SCENARIO (EMCEE): PERFECT_CT_E_GT_20MEV
======================================================================

Loaded 3237 matched main-track clusters across U, V, X planes
Selected 228 ES main tracks
Loading ED model from: /eos/home-e/evilla/dune/sn-tps/neural_networks/electron_direction/three_plane_three_plane_v58_200k_lr_schedule_20251118_110931/checkpoints/model_epoch_12_val_loss_0.8898.keras
Running ED inference...
Applying E > 20 MeV cut
After energy cut: 27 clusters
Running emcee: 64 walkers × 2000 steps...
Acceptance fraction: 42.7%
Mean direction: θ=-57.15°, φ=96.08°
Uncertainties: Δθ=9.84°, Δφ=5.21°
68% credible angle: 8.97°

Angular error: 8.24°

✓ Saved: /eos/project-e/ep-nu/evilla/sn-pointing/cat000418/pipeline/cat000418_scenario_best_case_emcee.npz

✓ Saved: /eos/project-e/ep-nu/evilla/sn-pointing/cat000418/pipeline/cat000418_scenario_perfect_ct_emcee.npz

✓ Saved: /eos/project-e/ep-nu/evilla/sn-pointing/cat000418/pipeline/cat000418_scenario_full_pipeline_emcee.npz

✓ Saved: /eos/project-e/ep-nu/evilla/sn-pointing/cat000418/pipeline/cat000418_scenario_weighted_ct_emcee.npz

✓ Saved: /eos/project-e/ep-nu/evilla/sn-pointing/cat000418/pipeline/cat000418_scenario_perfect_ct_e_gt_10mev_emcee.npz

✓ Saved: /eos/project-e/ep-nu/evilla/sn-pointing/cat000418/pipeline/cat000418_scenario_perfect_ct_e_gt_20mev_emcee.npz
✓ cat000418 completed successfully
