Processing cat000114 with 6 scenarios...
Cat directory: /eos/project-e/ep-nu/evilla/sn-pointing/cat000114
======================================================================
EMCEE RECONSTRUCTION FOR cat000114
======================================================================

Loading PDF from: /eos/home-e/evilla/dune/sn-tps/neural_networks/electron_direction/three_plane_three_plane_v58_200k_lr_schedule_20251118_110931/cosine_energy_pdf.npz
PDF loaded

======================================================================
SCENARIO (EMCEE): BEST_CASE
======================================================================

Loaded 3421 matched main-track clusters across U, V, X planes
Selected 279 ES main tracks
After E > 3 MeV cut: 279 clusters
Running emcee: 64 walkers × 2000 steps...
Acceptance fraction: 7.0%
Mean direction: θ=120.57°, φ=110.63°
Uncertainties: Δθ=60.78°, Δφ=35.91°
68% credible angle: 34.62°

Angular error: 15.99°

======================================================================
SCENARIO (EMCEE): PERFECT_CT
======================================================================

Loaded 3421 matched main-track clusters across U, V, X planes
Selected 279 ES main tracks
Loading ED model from: /eos/home-e/evilla/dune/sn-tps/neural_networks/electron_direction/three_plane_three_plane_v58_200k_lr_schedule_20251118_110931/checkpoints/model_epoch_12_val_loss_0.8898.keras
Running ED inference...
After energy cut: 279 clusters
Running emcee: 64 walkers × 2000 steps...
Acceptance fraction: 9.1%
Mean direction: θ=140.53°, φ=126.83°
Uncertainties: Δθ=38.13°, Δφ=22.18°
68% credible angle: 35.65°

Angular error: 29.67°

======================================================================
SCENARIO (EMCEE): FULL_PIPELINE
======================================================================

Loaded 3421 matched main-track clusters across U, V, X planes
Using all 3421 main-track clusters
Loading CT model from: /eos/user/e/evilla/dune/sn-tps/neural_networks/channel_tagging/ct_volume_v52_batch_reload_20251116_101125/best_model.keras
Running CT inference...
CT selected 3114 ES candidates from 3421 clusters
  ES prob range: [0.000, 1.000]
Loading ED model from: /eos/home-e/evilla/dune/sn-tps/neural_networks/electron_direction/three_plane_three_plane_v58_200k_lr_schedule_20251118_110931/checkpoints/model_epoch_12_val_loss_0.8898.keras
Running ED inference on 3114 clusters...
After E > 3 MeV cut: 3106 clusters
Running emcee: 64 walkers × 2000 steps...
Acceptance fraction: 3.3%
Mean direction: θ=172.79°, φ=108.53°
Uncertainties: Δθ=83.19°, Δφ=36.27°
68% credible angle: 66.36°

Angular error: 61.27°

======================================================================
SCENARIO (EMCEE): WEIGHTED_CT
======================================================================

Loaded 3421 matched main-track clusters across U, V, X planes
Using all 3421 main-track clusters
Loading CT model from: /eos/user/e/evilla/dune/sn-tps/neural_networks/channel_tagging/ct_volume_v52_batch_reload_20251116_101125/best_model.keras
Running CT inference...
CT selected 3114 ES candidates from 3421 clusters
  ES prob range: [0.000, 1.000]
Loading ED model from: /eos/home-e/evilla/dune/sn-tps/neural_networks/electron_direction/three_plane_three_plane_v58_200k_lr_schedule_20251118_110931/checkpoints/model_epoch_12_val_loss_0.8898.keras
Running ED inference on 3114 clusters...
Using CT weights (ES probabilities)
After E > 3 MeV cut: 3106 clusters
Running weighted MCMC with 3106 weights
Running emcee: 64 walkers × 2000 steps...
Acceptance fraction: 3.1%
Mean direction: θ=170.97°, φ=112.58°
Uncertainties: Δθ=84.76°, Δφ=37.52°
68% credible angle: 66.31°

Angular error: 58.11°

======================================================================
SCENARIO (EMCEE): PERFECT_CT_E_GT_10MEV
======================================================================

Loaded 3421 matched main-track clusters across U, V, X planes
Selected 279 ES main tracks
Loading ED model from: /eos/home-e/evilla/dune/sn-tps/neural_networks/electron_direction/three_plane_three_plane_v58_200k_lr_schedule_20251118_110931/checkpoints/model_epoch_12_val_loss_0.8898.keras
Running ED inference...
Applying E > 10 MeV cut
After energy cut: 155 clusters
Running emcee: 64 walkers × 2000 steps...
Acceptance fraction: 10.0%
Mean direction: θ=138.38°, φ=110.01°
Uncertainties: Δθ=53.42°, Δφ=25.17°
68% credible angle: 39.55°

Angular error: 30.87°

======================================================================
SCENARIO (EMCEE): PERFECT_CT_E_GT_20MEV
======================================================================

Loaded 3421 matched main-track clusters across U, V, X planes
Selected 279 ES main tracks
Loading ED model from: /eos/home-e/evilla/dune/sn-tps/neural_networks/electron_direction/three_plane_three_plane_v58_200k_lr_schedule_20251118_110931/checkpoints/model_epoch_12_val_loss_0.8898.keras
Running ED inference...
Applying E > 20 MeV cut
After energy cut: 34 clusters
Running emcee: 64 walkers × 2000 steps...
Acceptance fraction: 17.1%
Mean direction: θ=116.28°, φ=112.56°
Uncertainties: Δθ=90.54°, Δφ=28.05°
68% credible angle: 64.13°

Angular error: 11.66°

✓ Saved: /eos/project-e/ep-nu/evilla/sn-pointing/cat000114/pipeline/cat000114_scenario_best_case_emcee.npz

✓ Saved: /eos/project-e/ep-nu/evilla/sn-pointing/cat000114/pipeline/cat000114_scenario_perfect_ct_emcee.npz

✓ Saved: /eos/project-e/ep-nu/evilla/sn-pointing/cat000114/pipeline/cat000114_scenario_full_pipeline_emcee.npz

✓ Saved: /eos/project-e/ep-nu/evilla/sn-pointing/cat000114/pipeline/cat000114_scenario_weighted_ct_emcee.npz

✓ Saved: /eos/project-e/ep-nu/evilla/sn-pointing/cat000114/pipeline/cat000114_scenario_perfect_ct_e_gt_10mev_emcee.npz

✓ Saved: /eos/project-e/ep-nu/evilla/sn-pointing/cat000114/pipeline/cat000114_scenario_perfect_ct_e_gt_20mev_emcee.npz
✓ cat000114 completed successfully
