Processing cat000062 with 6 scenarios...
Cat directory: /eos/project-e/ep-nu/evilla/sn-pointing/cat000062
======================================================================
EMCEE RECONSTRUCTION FOR cat000062
======================================================================

Loading PDF from: /eos/home-e/evilla/dune/sn-tps/neural_networks/electron_direction/three_plane_three_plane_v58_200k_lr_schedule_20251118_110931/cosine_energy_pdf.npz
PDF loaded

======================================================================
SCENARIO (EMCEE): BEST_CASE
======================================================================

Loaded 3873 matched main-track clusters across U, V, X planes
Selected 284 ES main tracks
After E > 3 MeV cut: 284 clusters
Running emcee: 64 walkers × 2000 steps...
Acceptance fraction: 6.1%
Mean direction: θ=157.09°, φ=40.78°
Uncertainties: Δθ=53.99°, Δφ=31.05°
68% credible angle: 33.73°

Angular error: 11.87°

======================================================================
SCENARIO (EMCEE): PERFECT_CT
======================================================================

Loaded 3873 matched main-track clusters across U, V, X planes
Selected 284 ES main tracks
Loading ED model from: /eos/home-e/evilla/dune/sn-tps/neural_networks/electron_direction/three_plane_three_plane_v58_200k_lr_schedule_20251118_110931/checkpoints/model_epoch_12_val_loss_0.8898.keras
Running ED inference...
After energy cut: 284 clusters
Running emcee: 64 walkers × 2000 steps...
Acceptance fraction: 10.1%
Mean direction: θ=173.47°, φ=42.84°
Uncertainties: Δθ=43.93°, Δφ=14.23°
68% credible angle: 30.87°

Angular error: 14.24°

======================================================================
SCENARIO (EMCEE): FULL_PIPELINE
======================================================================

Loaded 3873 matched main-track clusters across U, V, X planes
Using all 3873 main-track clusters
Loading CT model from: /eos/user/e/evilla/dune/sn-tps/neural_networks/charge_topology/best_model.keras

✗ full_pipeline failed: File not found: filepath=/eos/user/e/evilla/dune/sn-tps/neural_networks/charge_topology/best_model.keras. Please ensure the file is an accessible `.keras` zip file.

======================================================================
SCENARIO (EMCEE): WEIGHTED_CT
======================================================================

Loaded 3873 matched main-track clusters across U, V, X planes
Using all 3873 main-track clusters
Loading CT model from: /eos/user/e/evilla/dune/sn-tps/neural_networks/charge_topology/best_model.keras

✗ weighted_ct failed: File not found: filepath=/eos/user/e/evilla/dune/sn-tps/neural_networks/charge_topology/best_model.keras. Please ensure the file is an accessible `.keras` zip file.

======================================================================
SCENARIO (EMCEE): PERFECT_CT_E_GT_10MEV
======================================================================

Loaded 3873 matched main-track clusters across U, V, X planes
Selected 284 ES main tracks
Loading ED model from: /eos/home-e/evilla/dune/sn-tps/neural_networks/electron_direction/three_plane_three_plane_v58_200k_lr_schedule_20251118_110931/checkpoints/model_epoch_12_val_loss_0.8898.keras
Running ED inference...
Applying E > 10 MeV cut
After energy cut: 151 clusters
Running emcee: 64 walkers × 2000 steps...
Acceptance fraction: 6.6%
Mean direction: θ=163.48°, φ=64.98°
Uncertainties: Δθ=83.15°, Δφ=49.53°
68% credible angle: 57.56°

Angular error: 35.35°

======================================================================
SCENARIO (EMCEE): PERFECT_CT_E_GT_20MEV
======================================================================

Loaded 3873 matched main-track clusters across U, V, X planes
Selected 284 ES main tracks
Loading ED model from: /eos/home-e/evilla/dune/sn-tps/neural_networks/electron_direction/three_plane_three_plane_v58_200k_lr_schedule_20251118_110931/checkpoints/model_epoch_12_val_loss_0.8898.keras
Running ED inference...
Applying E > 20 MeV cut
After energy cut: 32 clusters
Running emcee: 64 walkers × 2000 steps...
Acceptance fraction: 9.9%
Mean direction: θ=168.65°, φ=75.70°
Uncertainties: Δθ=103.03°, Δφ=59.50°
68% credible angle: 113.99°

Angular error: 46.17°

✓ Saved: /eos/project-e/ep-nu/evilla/sn-pointing/cat000062/pipeline/cat000062_scenario_best_case_emcee.npz

✓ Saved: /eos/project-e/ep-nu/evilla/sn-pointing/cat000062/pipeline/cat000062_scenario_perfect_ct_emcee.npz

✓ Saved: /eos/project-e/ep-nu/evilla/sn-pointing/cat000062/pipeline/cat000062_scenario_perfect_ct_e_gt_10mev_emcee.npz

✓ Saved: /eos/project-e/ep-nu/evilla/sn-pointing/cat000062/pipeline/cat000062_scenario_perfect_ct_e_gt_20mev_emcee.npz
✓ cat000062 completed successfully
