Processing cat000088 with 6 scenarios...
Cat directory: /eos/project-e/ep-nu/evilla/sn-pointing/cat000088
======================================================================
EMCEE RECONSTRUCTION FOR cat000088
======================================================================

Loading PDF from: /eos/home-e/evilla/dune/sn-tps/neural_networks/electron_direction/three_plane_three_plane_v58_200k_lr_schedule_20251118_110931/cosine_energy_pdf.npz
PDF loaded

======================================================================
SCENARIO (EMCEE): BEST_CASE
======================================================================

Loaded 3757 matched main-track clusters across U, V, X planes
Selected 258 ES main tracks
After E > 3 MeV cut: 258 clusters
Running emcee: 64 walkers × 2000 steps...
Acceptance fraction: 12.2%
Mean direction: θ=-22.33°, φ=78.14°
Uncertainties: Δθ=25.05°, Δφ=18.32°
68% credible angle: 28.23°

Angular error: 8.13°

======================================================================
SCENARIO (EMCEE): PERFECT_CT
======================================================================

Loaded 3757 matched main-track clusters across U, V, X planes
Selected 258 ES main tracks
Loading ED model from: /eos/home-e/evilla/dune/sn-tps/neural_networks/electron_direction/three_plane_three_plane_v58_200k_lr_schedule_20251118_110931/checkpoints/model_epoch_12_val_loss_0.8898.keras
Running ED inference...
After energy cut: 258 clusters
Running emcee: 64 walkers × 2000 steps...
Acceptance fraction: 26.8%
Mean direction: θ=-6.00°, φ=76.62°
Uncertainties: Δθ=13.32°, Δφ=10.93°
68% credible angle: 7.66°

Angular error: 19.98°

======================================================================
SCENARIO (EMCEE): FULL_PIPELINE
======================================================================

Loaded 3757 matched main-track clusters across U, V, X planes
Using all 3757 main-track clusters
Loading CT model from: /eos/user/e/evilla/dune/sn-tps/neural_networks/channel_tagging/ct_volume_v52_batch_reload_20251116_101125/best_model.keras
Running CT inference...
CT selected 3377 ES candidates from 3757 clusters
  ES prob range: [0.000, 1.000]
Loading ED model from: /eos/home-e/evilla/dune/sn-tps/neural_networks/electron_direction/three_plane_three_plane_v58_200k_lr_schedule_20251118_110931/checkpoints/model_epoch_12_val_loss_0.8898.keras
Running ED inference on 3377 clusters...
After E > 3 MeV cut: 3348 clusters
Running emcee: 64 walkers × 2000 steps...
Acceptance fraction: 3.2%
Mean direction: θ=-144.75°, φ=94.56°
Uncertainties: Δθ=94.67°, Δφ=47.99°
68% credible angle: 90.88°

Angular error: 118.69°

======================================================================
SCENARIO (EMCEE): WEIGHTED_CT
======================================================================

Loaded 3757 matched main-track clusters across U, V, X planes
Using all 3757 main-track clusters
Loading CT model from: /eos/user/e/evilla/dune/sn-tps/neural_networks/channel_tagging/ct_volume_v52_batch_reload_20251116_101125/best_model.keras
Running CT inference...
CT selected 3377 ES candidates from 3757 clusters
  ES prob range: [0.000, 1.000]
Loading ED model from: /eos/home-e/evilla/dune/sn-tps/neural_networks/electron_direction/three_plane_three_plane_v58_200k_lr_schedule_20251118_110931/checkpoints/model_epoch_12_val_loss_0.8898.keras
Running ED inference on 3377 clusters...
Using CT weights (ES probabilities)
After E > 3 MeV cut: 3348 clusters
Running weighted MCMC with 3348 weights
Running emcee: 64 walkers × 2000 steps...
Acceptance fraction: 2.9%
Mean direction: θ=-97.43°, φ=77.48°
Uncertainties: Δθ=87.31°, Δφ=45.26°
68% credible angle: 91.36°

Angular error: 68.67°

======================================================================
SCENARIO (EMCEE): PERFECT_CT_E_GT_10MEV
======================================================================

Loaded 3757 matched main-track clusters across U, V, X planes
Selected 258 ES main tracks
Loading ED model from: /eos/home-e/evilla/dune/sn-tps/neural_networks/electron_direction/three_plane_three_plane_v58_200k_lr_schedule_20251118_110931/checkpoints/model_epoch_12_val_loss_0.8898.keras
Running ED inference...
Applying E > 10 MeV cut
After energy cut: 157 clusters
Running emcee: 64 walkers × 2000 steps...
Acceptance fraction: 18.3%
Mean direction: θ=-4.45°, φ=74.80°
Uncertainties: Δθ=29.31°, Δφ=11.60°
68% credible angle: 20.07°

Angular error: 20.89°

======================================================================
SCENARIO (EMCEE): PERFECT_CT_E_GT_20MEV
======================================================================

Loaded 3757 matched main-track clusters across U, V, X planes
Selected 258 ES main tracks
Loading ED model from: /eos/home-e/evilla/dune/sn-tps/neural_networks/electron_direction/three_plane_three_plane_v58_200k_lr_schedule_20251118_110931/checkpoints/model_epoch_12_val_loss_0.8898.keras
Running ED inference...
Applying E > 20 MeV cut
After energy cut: 37 clusters
Running emcee: 64 walkers × 2000 steps...
Acceptance fraction: 30.1%
Mean direction: θ=-22.50°, φ=72.60°
Uncertainties: Δθ=46.10°, Δφ=9.14°
68% credible angle: 15.96°

Angular error: 3.72°

✓ Saved: /eos/project-e/ep-nu/evilla/sn-pointing/cat000088/pipeline/cat000088_scenario_best_case_emcee.npz

✓ Saved: /eos/project-e/ep-nu/evilla/sn-pointing/cat000088/pipeline/cat000088_scenario_perfect_ct_emcee.npz

✓ Saved: /eos/project-e/ep-nu/evilla/sn-pointing/cat000088/pipeline/cat000088_scenario_full_pipeline_emcee.npz

✓ Saved: /eos/project-e/ep-nu/evilla/sn-pointing/cat000088/pipeline/cat000088_scenario_weighted_ct_emcee.npz

✓ Saved: /eos/project-e/ep-nu/evilla/sn-pointing/cat000088/pipeline/cat000088_scenario_perfect_ct_e_gt_10mev_emcee.npz

✓ Saved: /eos/project-e/ep-nu/evilla/sn-pointing/cat000088/pipeline/cat000088_scenario_perfect_ct_e_gt_20mev_emcee.npz
✓ cat000088 completed successfully
