==================================================================
Processing cat000155 with EMCEE - ALL SCENARIOS
==================================================================
======================================================================
EMCEE RECONSTRUCTION FOR cat000155
======================================================================

Loading PDF from: /eos/home-e/evilla/dune/sn-tps/neural_networks/electron_direction/three_plane_three_plane_v58_200k_lr_schedule_20251118_110931/cosine_energy_pdf.npz
PDF loaded

======================================================================
SCENARIO (EMCEE): PERFECT_CT
======================================================================

Loaded 3349 matched clusters across U, V, X planes
Selected clusters: 226
Running emcee: 64 walkers × 2000 steps...
Acceptance fraction: 27.0%
Mean direction: θ=-19.85°, φ=68.06°
Uncertainties: Δθ=20.11°, Δφ=12.44°
68% credible angle: 11.20°

Angular error: 13.93°

======================================================================
SCENARIO (EMCEE): ES_MAIN_CC_SHOWER
======================================================================

Loaded 3349 matched clusters across U, V, X planes
Selected clusters: 226
Running emcee: 64 walkers × 2000 steps...
Acceptance fraction: 12.1%
Mean direction: θ=-4.60°, φ=62.34°
Uncertainties: Δθ=26.95°, Δφ=17.18°
68% credible angle: 32.10°

Angular error: 18.63°

======================================================================
SCENARIO (EMCEE): ES_MAIN_CC_ALL
======================================================================

Loaded 3349 matched clusters across U, V, X planes
Selected clusters: 226
Running emcee: 64 walkers × 2000 steps...
Acceptance fraction: 17.7%
Mean direction: θ=-11.84°, φ=64.86°
Uncertainties: Δθ=24.67°, Δφ=15.57°
68% credible angle: 29.07°

Angular error: 14.93°

======================================================================
SCENARIO (EMCEE): ES_ALL_CC_SHOWER
======================================================================

Loaded 3349 matched clusters across U, V, X planes
Selected clusters: 226
Running emcee: 64 walkers × 2000 steps...
Acceptance fraction: 18.8%
Mean direction: θ=-10.95°, φ=66.46°
Uncertainties: Δθ=24.26°, Δφ=15.92°
68% credible angle: 28.21°

Angular error: 16.65°

======================================================================
SCENARIO (EMCEE): ES_ALL_CC_ALL
======================================================================

Loaded 3349 matched clusters across U, V, X planes
Selected clusters: 226
Running emcee: 64 walkers × 2000 steps...
Acceptance fraction: 17.5%
Mean direction: θ=-12.43°, φ=63.01°
Uncertainties: Δθ=25.44°, Δφ=16.98°
68% credible angle: 30.10°

Angular error: 13.27°

======================================================================
SCENARIO (EMCEE): ALL_TRACKS_ALL_SHOWERS
======================================================================

Loaded 3349 matched clusters across U, V, X planes
Selected clusters: 3349
Running emcee: 64 walkers × 2000 steps...
Acceptance fraction: 7.4%
Mean direction: θ=-54.41°, φ=94.27°
Uncertainties: Δθ=85.08°, Δφ=32.60°
68% credible angle: 95.42°

Angular error: 48.40°

✓ Saved: /eos/project-e/ep-nu/evilla/sn-pointing/cat000155/pipeline/cat000155_scenario_perfect_ct_emcee.npz

✓ Saved: /eos/project-e/ep-nu/evilla/sn-pointing/cat000155/pipeline/cat000155_scenario_es_main_cc_shower_emcee.npz

✓ Saved: /eos/project-e/ep-nu/evilla/sn-pointing/cat000155/pipeline/cat000155_scenario_es_main_cc_all_emcee.npz

✓ Saved: /eos/project-e/ep-nu/evilla/sn-pointing/cat000155/pipeline/cat000155_scenario_es_all_cc_shower_emcee.npz

✓ Saved: /eos/project-e/ep-nu/evilla/sn-pointing/cat000155/pipeline/cat000155_scenario_es_all_cc_all_emcee.npz

✓ Saved: /eos/project-e/ep-nu/evilla/sn-pointing/cat000155/pipeline/cat000155_scenario_all_tracks_all_showers_emcee.npz
✓ cat000155 completed successfully
