Processing cat000010 with 6 scenarios...
Cat directory: /eos/project-e/ep-nu/evilla/sn-pointing/cat000010
======================================================================
EMCEE RECONSTRUCTION FOR cat000010
======================================================================

Loading PDF from: /eos/home-e/evilla/dune/sn-tps/neural_networks/electron_direction/three_plane_three_plane_v58_200k_lr_schedule_20251118_110931/cosine_energy_pdf.npz
PDF loaded

======================================================================
SCENARIO (EMCEE): BEST_CASE
======================================================================

Loaded 3878 matched main-track clusters across U, V, X planes
Selected 263 ES main tracks
After E > 3 MeV cut: 263 clusters
Running emcee: 64 walkers × 2000 steps...
Acceptance fraction: 11.6%
Mean direction: θ=153.87°, φ=100.82°
Uncertainties: Δθ=38.57°, Δφ=20.04°
68% credible angle: 27.96°

Angular error: 6.64°

======================================================================
SCENARIO (EMCEE): PERFECT_CT
======================================================================

Loaded 3878 matched main-track clusters across U, V, X planes
Selected 263 ES main tracks
Loading ED model from: /eos/home-e/evilla/dune/sn-tps/neural_networks/electron_direction/three_plane_three_plane_v58_200k_lr_schedule_20251118_110931/checkpoints/model_epoch_12_val_loss_0.8898.keras
Running ED inference...
After energy cut: 263 clusters
Running emcee: 64 walkers × 2000 steps...
Acceptance fraction: 10.6%
Mean direction: θ=173.87°, φ=109.19°
Uncertainties: Δθ=22.86°, Δφ=19.32°
68% credible angle: 28.60°

Angular error: 25.22°

======================================================================
SCENARIO (EMCEE): FULL_PIPELINE
======================================================================

Loaded 3878 matched main-track clusters across U, V, X planes
Using all 3878 main-track clusters
Loading CT model from: /eos/user/e/evilla/dune/sn-tps/neural_networks/charge_topology/best_model.keras

✗ full_pipeline failed: File not found: filepath=/eos/user/e/evilla/dune/sn-tps/neural_networks/charge_topology/best_model.keras. Please ensure the file is an accessible `.keras` zip file.

======================================================================
SCENARIO (EMCEE): WEIGHTED_CT
======================================================================

Loaded 3878 matched main-track clusters across U, V, X planes
Using all 3878 main-track clusters
Loading CT model from: /eos/user/e/evilla/dune/sn-tps/neural_networks/charge_topology/best_model.keras

✗ weighted_ct failed: File not found: filepath=/eos/user/e/evilla/dune/sn-tps/neural_networks/charge_topology/best_model.keras. Please ensure the file is an accessible `.keras` zip file.

======================================================================
SCENARIO (EMCEE): PERFECT_CT_E_GT_10MEV
======================================================================

Loaded 3878 matched main-track clusters across U, V, X planes
Selected 263 ES main tracks
Loading ED model from: /eos/home-e/evilla/dune/sn-tps/neural_networks/electron_direction/three_plane_three_plane_v58_200k_lr_schedule_20251118_110931/checkpoints/model_epoch_12_val_loss_0.8898.keras
Running ED inference...
Applying E > 10 MeV cut
After energy cut: 152 clusters
Running emcee: 64 walkers × 2000 steps...
Acceptance fraction: 12.2%
Mean direction: θ=177.00°, φ=102.64°
Uncertainties: Δθ=21.79°, Δφ=14.72°
68% credible angle: 25.91°

Angular error: 28.21°

======================================================================
SCENARIO (EMCEE): PERFECT_CT_E_GT_20MEV
======================================================================

Loaded 3878 matched main-track clusters across U, V, X planes
Selected 263 ES main tracks
Loading ED model from: /eos/home-e/evilla/dune/sn-tps/neural_networks/electron_direction/three_plane_three_plane_v58_200k_lr_schedule_20251118_110931/checkpoints/model_epoch_12_val_loss_0.8898.keras
Running ED inference...
Applying E > 20 MeV cut
After energy cut: 34 clusters
Running emcee: 64 walkers × 2000 steps...
Acceptance fraction: 18.0%
Mean direction: θ=169.91°, φ=108.12°
Uncertainties: Δθ=18.28°, Δφ=11.63°
68% credible angle: 16.39°

Angular error: 21.36°

✓ Saved: /eos/project-e/ep-nu/evilla/sn-pointing/cat000010/pipeline/cat000010_scenario_best_case_emcee.npz

✓ Saved: /eos/project-e/ep-nu/evilla/sn-pointing/cat000010/pipeline/cat000010_scenario_perfect_ct_emcee.npz

✓ Saved: /eos/project-e/ep-nu/evilla/sn-pointing/cat000010/pipeline/cat000010_scenario_perfect_ct_e_gt_10mev_emcee.npz

✓ Saved: /eos/project-e/ep-nu/evilla/sn-pointing/cat000010/pipeline/cat000010_scenario_perfect_ct_e_gt_20mev_emcee.npz
✓ cat000010 completed successfully
