==================================================================
Processing cat000173 with EMCEE - ALL SCENARIOS
==================================================================
======================================================================
EMCEE RECONSTRUCTION FOR cat000173
======================================================================

Loading PDF from: /eos/home-e/evilla/dune/sn-tps/neural_networks/electron_direction/three_plane_three_plane_v58_200k_lr_schedule_20251118_110931/cosine_energy_pdf.npz
PDF loaded

======================================================================
SCENARIO (EMCEE): PERFECT_CT
======================================================================

Loaded 3256 matched clusters across U, V, X planes
Selected clusters: 236
Running emcee: 64 walkers × 2000 steps...
Acceptance fraction: 11.2%
Mean direction: θ=-148.16°, φ=142.03°
Uncertainties: Δθ=51.62°, Δφ=10.35°
68% credible angle: 30.42°

Angular error: 24.02°

======================================================================
SCENARIO (EMCEE): ES_MAIN_CC_SHOWER
======================================================================

Loaded 3256 matched clusters across U, V, X planes
Selected clusters: 236
Running emcee: 64 walkers × 2000 steps...
Acceptance fraction: 14.7%
Mean direction: θ=-147.75°, φ=141.33°
Uncertainties: Δθ=48.83°, Δφ=14.08°
68% credible angle: 30.91°

Angular error: 23.99°

======================================================================
SCENARIO (EMCEE): ES_MAIN_CC_ALL
======================================================================

Loaded 3256 matched clusters across U, V, X planes
Selected clusters: 236
Running emcee: 64 walkers × 2000 steps...
Acceptance fraction: 12.1%
Mean direction: θ=-147.83°, φ=134.48°
Uncertainties: Δθ=55.22°, Δφ=32.96°
68% credible angle: 34.94°

Angular error: 27.00°

======================================================================
SCENARIO (EMCEE): ES_ALL_CC_SHOWER
======================================================================

Loaded 3256 matched clusters across U, V, X planes
Selected clusters: 236
Running emcee: 64 walkers × 2000 steps...
Acceptance fraction: 12.1%
Mean direction: θ=-149.06°, φ=139.10°
Uncertainties: Δθ=46.41°, Δφ=16.35°
68% credible angle: 31.29°

Angular error: 25.58°

======================================================================
SCENARIO (EMCEE): ES_ALL_CC_ALL
======================================================================

Loaded 3256 matched clusters across U, V, X planes
Selected clusters: 236
Running emcee: 64 walkers × 2000 steps...
Acceptance fraction: 13.9%
Mean direction: θ=-136.31°, φ=138.17°
Uncertainties: Δθ=42.86°, Δφ=17.18°
68% credible angle: 23.39°

Angular error: 18.25°

======================================================================
SCENARIO (EMCEE): ALL_TRACKS_ALL_SHOWERS
======================================================================

Loaded 3256 matched clusters across U, V, X planes
Selected clusters: 3256
Running emcee: 64 walkers × 2000 steps...
Acceptance fraction: 7.5%
Mean direction: θ=-134.88°, φ=113.60°
Uncertainties: Δθ=54.95°, Δφ=27.15°
68% credible angle: 65.14°

Angular error: 35.37°

✓ Saved: /eos/project-e/ep-nu/evilla/sn-pointing/cat000173/pipeline/cat000173_scenario_perfect_ct_emcee.npz

✓ Saved: /eos/project-e/ep-nu/evilla/sn-pointing/cat000173/pipeline/cat000173_scenario_es_main_cc_shower_emcee.npz

✓ Saved: /eos/project-e/ep-nu/evilla/sn-pointing/cat000173/pipeline/cat000173_scenario_es_main_cc_all_emcee.npz

✓ Saved: /eos/project-e/ep-nu/evilla/sn-pointing/cat000173/pipeline/cat000173_scenario_es_all_cc_shower_emcee.npz

✓ Saved: /eos/project-e/ep-nu/evilla/sn-pointing/cat000173/pipeline/cat000173_scenario_es_all_cc_all_emcee.npz

✓ Saved: /eos/project-e/ep-nu/evilla/sn-pointing/cat000173/pipeline/cat000173_scenario_all_tracks_all_showers_emcee.npz
✓ cat000173 completed successfully
