==================================================================
Processing cat000259 with EMCEE - ALL SCENARIOS
==================================================================
======================================================================
EMCEE RECONSTRUCTION FOR cat000259
======================================================================

Loading PDF from: /eos/home-e/evilla/dune/sn-tps/neural_networks/electron_direction/three_plane_three_plane_v58_200k_lr_schedule_20251118_110931/cosine_energy_pdf.npz
PDF loaded

======================================================================
SCENARIO (EMCEE): PERFECT_CT
======================================================================

Loaded 3679 matched clusters across U, V, X planes
Selected clusters: 266
Running emcee: 64 walkers × 2000 steps...
Acceptance fraction: 34.5%
Mean direction: θ=42.94°, φ=131.84°
Uncertainties: Δθ=22.80°, Δφ=13.85°
68% credible angle: 8.40°

Angular error: 11.47°

======================================================================
SCENARIO (EMCEE): ES_MAIN_CC_SHOWER
======================================================================

Loaded 3679 matched clusters across U, V, X planes
Selected clusters: 266
Running emcee: 64 walkers × 2000 steps...
Acceptance fraction: 35.3%
Mean direction: θ=46.86°, φ=130.73°
Uncertainties: Δθ=14.15°, Δφ=13.12°
68% credible angle: 5.85°

Angular error: 12.67°

======================================================================
SCENARIO (EMCEE): ES_MAIN_CC_ALL
======================================================================

Loaded 3679 matched clusters across U, V, X planes
Selected clusters: 266
Running emcee: 64 walkers × 2000 steps...
Acceptance fraction: 38.0%
Mean direction: θ=44.98°, φ=130.22°
Uncertainties: Δθ=26.40°, Δφ=11.77°
68% credible angle: 6.10°

Angular error: 13.07°

======================================================================
SCENARIO (EMCEE): ES_ALL_CC_SHOWER
======================================================================

Loaded 3679 matched clusters across U, V, X planes
Selected clusters: 266
Running emcee: 64 walkers × 2000 steps...
Acceptance fraction: 29.0%
Mean direction: θ=31.87°, φ=134.88°
Uncertainties: Δθ=38.71°, Δφ=15.16°
68% credible angle: 16.92°

Angular error: 11.66°

======================================================================
SCENARIO (EMCEE): ES_ALL_CC_ALL
======================================================================

Loaded 3679 matched clusters across U, V, X planes
Selected clusters: 266
Running emcee: 64 walkers × 2000 steps...
Acceptance fraction: 30.5%
Mean direction: θ=37.54°, φ=133.31°
Uncertainties: Δθ=37.32°, Δφ=14.14°
68% credible angle: 12.50°

Angular error: 10.93°

======================================================================
SCENARIO (EMCEE): ALL_TRACKS_ALL_SHOWERS
======================================================================

Loaded 3679 matched clusters across U, V, X planes
Selected clusters: 3679
Running emcee: 64 walkers × 2000 steps...
Acceptance fraction: 2.7%
Mean direction: θ=-129.69°, φ=107.10°
Uncertainties: Δθ=103.83°, Δφ=34.48°
68% credible angle: 91.13°

Angular error: 109.42°

✓ Saved: /eos/project-e/ep-nu/evilla/sn-pointing/cat000259/pipeline/cat000259_scenario_perfect_ct_emcee.npz

✓ Saved: /eos/project-e/ep-nu/evilla/sn-pointing/cat000259/pipeline/cat000259_scenario_es_main_cc_shower_emcee.npz

✓ Saved: /eos/project-e/ep-nu/evilla/sn-pointing/cat000259/pipeline/cat000259_scenario_es_main_cc_all_emcee.npz

✓ Saved: /eos/project-e/ep-nu/evilla/sn-pointing/cat000259/pipeline/cat000259_scenario_es_all_cc_shower_emcee.npz

✓ Saved: /eos/project-e/ep-nu/evilla/sn-pointing/cat000259/pipeline/cat000259_scenario_es_all_cc_all_emcee.npz

✓ Saved: /eos/project-e/ep-nu/evilla/sn-pointing/cat000259/pipeline/cat000259_scenario_all_tracks_all_showers_emcee.npz
✓ cat000259 completed successfully
