000 (13791725.601.000) 11/20 10:34:58 Job submitted from host: <188.184.90.62:9618?addrs=188.184.90.62-9618+[2001-1458-201-e4--100-238]-9618&alias=bigbird16.cern.ch&noUDP&sock=schedd_5196_9a2f>
...
040 (13791725.601.000) 11/20 11:51:23 Started transferring input files
	Transferring to host: <188.185.92.49:9618?addrs=188.185.92.49-9618+[2001-1458-d00-6c--100-1fe]-9618&alias=b9g57n2594.cern.ch&noUDP&sock=slot1_1_17486_3800_9727>
...
040 (13791725.601.000) 11/20 11:51:23 Finished transferring input files
...
001 (13791725.601.000) 11/20 11:51:24 Job executing on host: <188.185.92.49:9618?addrs=188.185.92.49-9618+[2001-1458-d00-6c--100-1fe]-9618&alias=b9g57n2594.cern.ch&noUDP&sock=startd_16369_59d8>
	SlotName: slot1_1@b9g57n2594.cern.ch
	AvailableGPUs = { GPUs_GPU_f9650dc5 }
	CondorScratchDir = "/pool/condor/dir_3597682"
	Cpus = 11
	Disk = 4195145
	GPUs = 1
	GPUs_GPU_f9650dc5 = [ Id = "GPU-f9650dc5"; ClockMhz = 1410.0; Capability = 8.0; CoresPerCU = 64; DeviceName = "NVIDIA A100-PCIE-40GB"; DeviceUuid = "f9650dc5-3e28-19ee-e3e7-01f95cfb3164"; ECCEnabled = true; ComputeUnits = 108; DriverVersion = 13.0; DevicePciBusId = "0000:06:00.0"; GlobalMemoryMb = 40441; MaxSupportedVersion = 13000 ]
	Memory = 33000
...
006 (13791725.601.000) 11/20 11:51:38 Image size of job updated: 260972
	255  -  MemoryUsage of job (MB)
	260972  -  ResidentSetSize of job (KB)
...
006 (13791725.601.000) 11/20 11:54:55 Image size of job updated: 2184144
	255  -  MemoryUsage of job (MB)
	260972  -  ResidentSetSize of job (KB)
...
040 (13791725.601.000) 11/20 11:54:55 Started transferring output files
...
040 (13791725.601.000) 11/20 11:54:55 Finished transferring output files
...
005 (13791725.601.000) 11/20 11:54:55 Job terminated.
	(1) Normal termination (return value 0)
		Usr 0 00:06:14, Sys 0 00:00:30  -  Run Remote Usage
		Usr 0 00:00:00, Sys 0 00:00:00  -  Run Local Usage
		Usr 0 00:06:14, Sys 0 00:00:30  -  Total Remote Usage
		Usr 0 00:00:00, Sys 0 00:00:00  -  Total Local Usage
	16753  -  Run Bytes Sent By Job
	1411571  -  Run Bytes Received By Job
	16753  -  Total Bytes Sent By Job
	1411571  -  Total Bytes Received By Job
	Partitionable Resources :    Usage  Request Allocated Assigned
	   Cpus                 :        0       11        11 
	   Disk (KB)            :     1420  4194304   4195145 
	   GPUs                 :        0        1         1 "GPU-f9650dc5"
	   GpusMemory (MB)      :      628                    
	   Memory (MB)          :      255    33000     33000 
	   TimeExecute (s)      :      211                    
	   TimeSlotBusy (s)     :      212                    

	Job terminated of its own accord at 2025-11-20T10:54:55Z with exit-code 0.
...
