000 (13791725.004.000) 11/20 10:34:57 Job submitted from host: <188.184.90.62:9618?addrs=188.184.90.62-9618+[2001-1458-201-e4--100-238]-9618&alias=bigbird16.cern.ch&noUDP&sock=schedd_5196_9a2f>
...
040 (13791725.004.000) 11/20 10:39:26 Started transferring input files
	Transferring to host: <188.185.190.90:9618?addrs=188.185.190.90-9618+[2001-1458-d03-b--100-83]-9618&alias=b9pgpun210.cern.ch&noUDP&sock=slot1_1_3804_0314_4176>
...
040 (13791725.004.000) 11/20 10:39:26 Finished transferring input files
...
001 (13791725.004.000) 11/20 10:39:27 Job executing on host: <188.185.190.90:9618?addrs=188.185.190.90-9618+[2001-1458-d03-b--100-83]-9618&alias=b9pgpun210.cern.ch&noUDP&sock=startd_3405_2011>
	SlotName: slot1_1@b9pgpun210.cern.ch
	AvailableGPUs = { GPUs_MIG_9ae26843_9166_5960_9b04_48cdd4d0fb04 }
	CondorScratchDir = "/pool/condor/dir_1646569"
	Cpus = 11
	Disk = 4195472
	GPUs = 1
	GPUs_MIG_9ae26843_9166_5960_9b04_48cdd4d0fb04 = [ Id = "MIG-9ae26843-9166-5960-9b04-48cdd4d0fb04"; DeviceName = "NVIDIA H100L-2-24C MIG 2g.24gb"; DeviceUuid = "MIG-9ae26843-9166-5960-9b04-48cdd4d0fb04"; ComputeUnits = 32; GlobalMemoryMb = 21547 ]
	Memory = 33000
...
006 (13791725.004.000) 11/20 10:39:41 Image size of job updated: 345724
	338  -  MemoryUsage of job (MB)
	345724  -  ResidentSetSize of job (KB)
...
006 (13791725.004.000) 11/20 10:41:51 Image size of job updated: 1388756
	338  -  MemoryUsage of job (MB)
	345724  -  ResidentSetSize of job (KB)
...
040 (13791725.004.000) 11/20 10:41:51 Started transferring output files
...
040 (13791725.004.000) 11/20 10:41:51 Finished transferring output files
...
005 (13791725.004.000) 11/20 10:41:51 Job terminated.
	(1) Normal termination (return value 0)
		Usr 0 00:03:39, Sys 0 00:00:10  -  Run Remote Usage
		Usr 0 00:00:00, Sys 0 00:00:00  -  Run Local Usage
		Usr 0 00:03:39, Sys 0 00:00:10  -  Total Remote Usage
		Usr 0 00:00:00, Sys 0 00:00:00  -  Total Local Usage
	18143  -  Run Bytes Sent By Job
	1411571  -  Run Bytes Received By Job
	18143  -  Total Bytes Sent By Job
	1411571  -  Total Bytes Received By Job
	Partitionable Resources :    Usage  Request Allocated Assigned
	   Cpus                 :        0       11        11 
	   Disk (KB)            :     1420  4194304   4195472 
	   GPUs                 :                 1         1 "MIG-9ae26843-9166-5960-9b04-48cdd4d0fb04"
	   Memory (MB)          :      338    33000     33000 
	   TimeExecute (s)      :      144                    
	   TimeSlotBusy (s)     :      145                    

	Job terminated of its own accord at 2025-11-20T09:41:51Z with exit-code 0.
...
