Processing cat000169 with 6 scenarios...
Cat directory: /eos/project-e/ep-nu/evilla/sn-pointing/cat000169
======================================================================
EMCEE RECONSTRUCTION FOR cat000169
======================================================================

Loading PDF from: /eos/home-e/evilla/dune/sn-tps/neural_networks/electron_direction/three_plane_three_plane_v58_200k_lr_schedule_20251118_110931/cosine_energy_pdf.npz
PDF loaded

======================================================================
SCENARIO (EMCEE): BEST_CASE
======================================================================

Loaded 3187 matched main-track clusters across U, V, X planes
Selected 263 ES main tracks
After E > 3 MeV cut: 263 clusters
Running emcee: 64 walkers × 2000 steps...
Acceptance fraction: 8.6%
Mean direction: θ=94.74°, φ=108.10°
Uncertainties: Δθ=31.29°, Δφ=22.47°
68% credible angle: 24.29°

Angular error: 0.66°

======================================================================
SCENARIO (EMCEE): PERFECT_CT
======================================================================

Loaded 3187 matched main-track clusters across U, V, X planes
Selected 263 ES main tracks
Loading ED model from: /eos/home-e/evilla/dune/sn-tps/neural_networks/electron_direction/three_plane_three_plane_v58_200k_lr_schedule_20251118_110931/checkpoints/model_epoch_12_val_loss_0.8898.keras
Running ED inference...
After energy cut: 263 clusters
Running emcee: 64 walkers × 2000 steps...
Acceptance fraction: 8.5%
Mean direction: θ=135.40°, φ=95.90°
Uncertainties: Δθ=62.49°, Δφ=27.18°
68% credible angle: 79.98°

Angular error: 41.77°

======================================================================
SCENARIO (EMCEE): FULL_PIPELINE
======================================================================

Loaded 3187 matched main-track clusters across U, V, X planes
Using all 3187 main-track clusters
Loading CT model from: /eos/user/e/evilla/dune/sn-tps/neural_networks/channel_tagging/ct_volume_v52_batch_reload_20251116_101125/best_model.keras
Running CT inference...
CT selected 2928 ES candidates from 3187 clusters
  ES prob range: [0.000, 1.000]
Loading ED model from: /eos/home-e/evilla/dune/sn-tps/neural_networks/electron_direction/three_plane_three_plane_v58_200k_lr_schedule_20251118_110931/checkpoints/model_epoch_12_val_loss_0.8898.keras
Running ED inference on 2928 clusters...
After E > 3 MeV cut: 2912 clusters
Running emcee: 64 walkers × 2000 steps...
Acceptance fraction: 3.1%
Mean direction: θ=170.04°, φ=93.62°
Uncertainties: Δθ=88.57°, Δφ=24.40°
68% credible angle: 73.65°

Angular error: 75.31°

======================================================================
SCENARIO (EMCEE): WEIGHTED_CT
======================================================================

Loaded 3187 matched main-track clusters across U, V, X planes
Using all 3187 main-track clusters
Loading CT model from: /eos/user/e/evilla/dune/sn-tps/neural_networks/channel_tagging/ct_volume_v52_batch_reload_20251116_101125/best_model.keras
Running CT inference...
CT selected 2928 ES candidates from 3187 clusters
  ES prob range: [0.000, 1.000]
Loading ED model from: /eos/home-e/evilla/dune/sn-tps/neural_networks/electron_direction/three_plane_three_plane_v58_200k_lr_schedule_20251118_110931/checkpoints/model_epoch_12_val_loss_0.8898.keras
Running ED inference on 2928 clusters...
Using CT weights (ES probabilities)
After E > 3 MeV cut: 2912 clusters
Running weighted MCMC with 2912 weights
Running emcee: 64 walkers × 2000 steps...
Acceptance fraction: 4.1%
Mean direction: θ=177.17°, φ=95.52°
Uncertainties: Δθ=70.88°, Δφ=20.89°
68% credible angle: 61.22°

Angular error: 81.54°

======================================================================
SCENARIO (EMCEE): PERFECT_CT_E_GT_10MEV
======================================================================

Loaded 3187 matched main-track clusters across U, V, X planes
Selected 263 ES main tracks
Loading ED model from: /eos/home-e/evilla/dune/sn-tps/neural_networks/electron_direction/three_plane_three_plane_v58_200k_lr_schedule_20251118_110931/checkpoints/model_epoch_12_val_loss_0.8898.keras
Running ED inference...
Applying E > 10 MeV cut
After energy cut: 145 clusters
Running emcee: 64 walkers × 2000 steps...
Acceptance fraction: 11.0%
Mean direction: θ=124.87°, φ=95.45°
Uncertainties: Δθ=83.79°, Δφ=22.49°
68% credible angle: 121.32°

Angular error: 32.23°

======================================================================
SCENARIO (EMCEE): PERFECT_CT_E_GT_20MEV
======================================================================

Loaded 3187 matched main-track clusters across U, V, X planes
Selected 263 ES main tracks
Loading ED model from: /eos/home-e/evilla/dune/sn-tps/neural_networks/electron_direction/three_plane_three_plane_v58_200k_lr_schedule_20251118_110931/checkpoints/model_epoch_12_val_loss_0.8898.keras
Running ED inference...
Applying E > 20 MeV cut
After energy cut: 36 clusters
Running emcee: 64 walkers × 2000 steps...
Acceptance fraction: 17.2%
Mean direction: θ=51.36°, φ=90.74°
Uncertainties: Δθ=106.37°, Δφ=15.83°
68% credible angle: 119.14°

Angular error: 45.44°

✓ Saved: /eos/project-e/ep-nu/evilla/sn-pointing/cat000169/pipeline/cat000169_scenario_best_case_emcee.npz

✓ Saved: /eos/project-e/ep-nu/evilla/sn-pointing/cat000169/pipeline/cat000169_scenario_perfect_ct_emcee.npz

✓ Saved: /eos/project-e/ep-nu/evilla/sn-pointing/cat000169/pipeline/cat000169_scenario_full_pipeline_emcee.npz

✓ Saved: /eos/project-e/ep-nu/evilla/sn-pointing/cat000169/pipeline/cat000169_scenario_weighted_ct_emcee.npz

✓ Saved: /eos/project-e/ep-nu/evilla/sn-pointing/cat000169/pipeline/cat000169_scenario_perfect_ct_e_gt_10mev_emcee.npz

✓ Saved: /eos/project-e/ep-nu/evilla/sn-pointing/cat000169/pipeline/cat000169_scenario_perfect_ct_e_gt_20mev_emcee.npz
✓ cat000169 completed successfully
