000 (13791414.557.000) 11/20 04:32:07 Job submitted from host: <188.184.90.62:9618?addrs=188.184.90.62-9618+[2001-1458-201-e4--100-238]-9618&alias=bigbird16.cern.ch&noUDP&sock=schedd_5196_9a2f>
...
040 (13791414.557.000) 11/20 05:07:27 Started transferring input files
	Transferring to host: <188.185.92.229:9618?addrs=188.185.92.229-9618+[2001-1458-d00-6c--100-241]-9618&alias=b9g57n1136.cern.ch&noUDP&sock=slot1_1_19366_d94d_6713>
...
040 (13791414.557.000) 11/20 05:07:27 Finished transferring input files
...
001 (13791414.557.000) 11/20 05:07:28 Job executing on host: <188.185.92.229:9618?addrs=188.185.92.229-9618+[2001-1458-d00-6c--100-241]-9618&alias=b9g57n1136.cern.ch&noUDP&sock=startd_18488_cf07>
	SlotName: slot1_1@b9g57n1136.cern.ch
	AvailableGPUs = { GPUs_GPU_9576d3f1 }
	CondorScratchDir = "/pool/condor/dir_1950626"
	Cpus = 11
	Disk = 4195346
	GPUs = 1
	GPUs_GPU_9576d3f1 = [ Id = "GPU-9576d3f1"; ClockMhz = 1410.0; Capability = 8.0; CoresPerCU = 64; DeviceName = "NVIDIA A100-PCIE-40GB"; DeviceUuid = "9576d3f1-d05d-7c3b-136d-333dbbe9c5a1"; ECCEnabled = true; ComputeUnits = 108; DriverVersion = 13.0; DevicePciBusId = "0000:06:00.0"; GlobalMemoryMb = 40441; MaxSupportedVersion = 13000 ]
	Memory = 33000
...
006 (13791414.557.000) 11/20 05:07:41 Image size of job updated: 321084
	314  -  MemoryUsage of job (MB)
	321084  -  ResidentSetSize of job (KB)
...
006 (13791414.557.000) 11/20 05:08:41 Image size of job updated: 1946456
	314  -  MemoryUsage of job (MB)
	321096  -  ResidentSetSize of job (KB)
...
040 (13791414.557.000) 11/20 05:08:41 Started transferring output files
...
040 (13791414.557.000) 11/20 05:08:41 Finished transferring output files
...
005 (13791414.557.000) 11/20 05:08:41 Job terminated.
	(1) Normal termination (return value 0)
		Usr 0 00:02:09, Sys 0 00:00:10  -  Run Remote Usage
		Usr 0 00:00:00, Sys 0 00:00:00  -  Run Local Usage
		Usr 0 00:02:09, Sys 0 00:00:10  -  Total Remote Usage
		Usr 0 00:00:00, Sys 0 00:00:00  -  Total Local Usage
	13453  -  Run Bytes Sent By Job
	1323  -  Run Bytes Received By Job
	13453  -  Total Bytes Sent By Job
	1323  -  Total Bytes Received By Job
	Partitionable Resources :    Usage  Request Allocated Assigned
	   Cpus                 :                11        11 
	   Disk (KB)            :       31  4194304   4195346 
	   GPUs                 :                 1         1 "GPU-9576d3f1"
	   Memory (MB)          :      314    33000     33000 
	   TimeExecute (s)      :       73                    
	   TimeSlotBusy (s)     :       74                    

	Job terminated of its own accord at 2025-11-20T04:08:41Z with exit-code 0.
...
