Processing cat000444 with 6 scenarios...
Cat directory: /eos/project-e/ep-nu/evilla/sn-pointing/cat000444
======================================================================
EMCEE RECONSTRUCTION FOR cat000444
======================================================================

Loading PDF from: /eos/home-e/evilla/dune/sn-tps/neural_networks/electron_direction/three_plane_three_plane_v58_200k_lr_schedule_20251118_110931/cosine_energy_pdf.npz
PDF loaded

======================================================================
SCENARIO (EMCEE): BEST_CASE
======================================================================

Loaded 3725 matched main-track clusters across U, V, X planes
Selected 256 ES main tracks
After E > 3 MeV cut: 256 clusters
Running emcee: 64 walkers × 2000 steps...
Acceptance fraction: 8.8%
Mean direction: θ=162.79°, φ=100.07°
Uncertainties: Δθ=35.70°, Δφ=21.05°
68% credible angle: 21.32°

Angular error: 14.91°

======================================================================
SCENARIO (EMCEE): PERFECT_CT
======================================================================

Loaded 3725 matched main-track clusters across U, V, X planes
Selected 256 ES main tracks
Loading ED model from: /eos/home-e/evilla/dune/sn-tps/neural_networks/electron_direction/three_plane_three_plane_v58_200k_lr_schedule_20251118_110931/checkpoints/model_epoch_12_val_loss_0.8898.keras
Running ED inference...
After energy cut: 256 clusters
Running emcee: 64 walkers × 2000 steps...
Acceptance fraction: 13.2%
Mean direction: θ=169.34°, φ=107.25°
Uncertainties: Δθ=26.12°, Δφ=17.79°
68% credible angle: 25.05°

Angular error: 11.47°

======================================================================
SCENARIO (EMCEE): FULL_PIPELINE
======================================================================

Loaded 3725 matched main-track clusters across U, V, X planes
Using all 3725 main-track clusters
Loading CT model from: /eos/user/e/evilla/dune/sn-tps/neural_networks/channel_tagging/ct_volume_v52_batch_reload_20251116_101125/best_model.keras
Running CT inference...
CT selected 3366 ES candidates from 3725 clusters
  ES prob range: [0.000, 1.000]
Loading ED model from: /eos/home-e/evilla/dune/sn-tps/neural_networks/electron_direction/three_plane_three_plane_v58_200k_lr_schedule_20251118_110931/checkpoints/model_epoch_12_val_loss_0.8898.keras
Running ED inference on 3366 clusters...
After E > 3 MeV cut: 3350 clusters
Running emcee: 64 walkers × 2000 steps...
Acceptance fraction: 2.6%
Mean direction: θ=-168.44°, φ=108.80°
Uncertainties: Δθ=49.97°, Δφ=20.61°
68% credible angle: 57.49°

Angular error: 29.79°

======================================================================
SCENARIO (EMCEE): WEIGHTED_CT
======================================================================

Loaded 3725 matched main-track clusters across U, V, X planes
Using all 3725 main-track clusters
Loading CT model from: /eos/user/e/evilla/dune/sn-tps/neural_networks/channel_tagging/ct_volume_v52_batch_reload_20251116_101125/best_model.keras
Running CT inference...
CT selected 3366 ES candidates from 3725 clusters
  ES prob range: [0.000, 1.000]
Loading ED model from: /eos/home-e/evilla/dune/sn-tps/neural_networks/electron_direction/three_plane_three_plane_v58_200k_lr_schedule_20251118_110931/checkpoints/model_epoch_12_val_loss_0.8898.keras
Running ED inference on 3366 clusters...
Using CT weights (ES probabilities)
After E > 3 MeV cut: 3350 clusters
Running weighted MCMC with 3350 weights
Running emcee: 64 walkers × 2000 steps...
Acceptance fraction: 2.7%
Mean direction: θ=-160.92°, φ=101.59°
Uncertainties: Δθ=58.27°, Δφ=26.61°
68% credible angle: 54.11°

Angular error: 39.18°

======================================================================
SCENARIO (EMCEE): PERFECT_CT_E_GT_10MEV
======================================================================

Loaded 3725 matched main-track clusters across U, V, X planes
Selected 256 ES main tracks
Loading ED model from: /eos/home-e/evilla/dune/sn-tps/neural_networks/electron_direction/three_plane_three_plane_v58_200k_lr_schedule_20251118_110931/checkpoints/model_epoch_12_val_loss_0.8898.keras
Running ED inference...
Applying E > 10 MeV cut
After energy cut: 129 clusters
Running emcee: 64 walkers × 2000 steps...
Acceptance fraction: 9.0%
Mean direction: θ=172.71°, φ=113.57°
Uncertainties: Δθ=39.41°, Δφ=25.29°
68% credible angle: 31.12°

Angular error: 11.61°

======================================================================
SCENARIO (EMCEE): PERFECT_CT_E_GT_20MEV
======================================================================

Loaded 3725 matched main-track clusters across U, V, X planes
Selected 256 ES main tracks
Loading ED model from: /eos/home-e/evilla/dune/sn-tps/neural_networks/electron_direction/three_plane_three_plane_v58_200k_lr_schedule_20251118_110931/checkpoints/model_epoch_12_val_loss_0.8898.keras
Running ED inference...
Applying E > 20 MeV cut
After energy cut: 31 clusters
Running emcee: 64 walkers × 2000 steps...
Acceptance fraction: 12.8%
Mean direction: θ=-172.40°, φ=105.25°
Uncertainties: Δθ=47.73°, Δφ=23.12°
68% credible angle: 26.68°

Angular error: 27.51°

✓ Saved: /eos/project-e/ep-nu/evilla/sn-pointing/cat000444/pipeline/cat000444_scenario_best_case_emcee.npz

✓ Saved: /eos/project-e/ep-nu/evilla/sn-pointing/cat000444/pipeline/cat000444_scenario_perfect_ct_emcee.npz

✓ Saved: /eos/project-e/ep-nu/evilla/sn-pointing/cat000444/pipeline/cat000444_scenario_full_pipeline_emcee.npz

✓ Saved: /eos/project-e/ep-nu/evilla/sn-pointing/cat000444/pipeline/cat000444_scenario_weighted_ct_emcee.npz

✓ Saved: /eos/project-e/ep-nu/evilla/sn-pointing/cat000444/pipeline/cat000444_scenario_perfect_ct_e_gt_10mev_emcee.npz

✓ Saved: /eos/project-e/ep-nu/evilla/sn-pointing/cat000444/pipeline/cat000444_scenario_perfect_ct_e_gt_20mev_emcee.npz
✓ cat000444 completed successfully
