Processing cat000170 with 6 scenarios...
Cat directory: /eos/project-e/ep-nu/evilla/sn-pointing/cat000170
======================================================================
EMCEE RECONSTRUCTION FOR cat000170
======================================================================

Loading PDF from: /eos/home-e/evilla/dune/sn-tps/neural_networks/electron_direction/three_plane_three_plane_v58_200k_lr_schedule_20251118_110931/cosine_energy_pdf.npz
PDF loaded

======================================================================
SCENARIO (EMCEE): BEST_CASE
======================================================================

Loaded 3197 matched main-track clusters across U, V, X planes
Selected 196 ES main tracks
After E > 3 MeV cut: 196 clusters
Running emcee: 64 walkers × 2000 steps...
Acceptance fraction: 6.2%
Mean direction: θ=-34.36°, φ=74.09°
Uncertainties: Δθ=24.18°, Δφ=16.79°
68% credible angle: 24.45°

Angular error: 2.19°

======================================================================
SCENARIO (EMCEE): PERFECT_CT
======================================================================

Loaded 3197 matched main-track clusters across U, V, X planes
Selected 196 ES main tracks
Loading ED model from: /eos/home-e/evilla/dune/sn-tps/neural_networks/electron_direction/three_plane_three_plane_v58_200k_lr_schedule_20251118_110931/checkpoints/model_epoch_12_val_loss_0.8898.keras
Running ED inference...
After energy cut: 196 clusters
Running emcee: 64 walkers × 2000 steps...
Acceptance fraction: 20.2%
Mean direction: θ=-32.78°, φ=67.10°
Uncertainties: Δθ=16.47°, Δφ=13.07°
68% credible angle: 15.52°

Angular error: 6.10°

======================================================================
SCENARIO (EMCEE): FULL_PIPELINE
======================================================================

Loaded 3197 matched main-track clusters across U, V, X planes
Using all 3197 main-track clusters
Loading CT model from: /eos/user/e/evilla/dune/sn-tps/neural_networks/channel_tagging/ct_volume_v52_batch_reload_20251116_101125/best_model.keras
Running CT inference...
CT selected 2885 ES candidates from 3197 clusters
  ES prob range: [0.000, 1.000]
Loading ED model from: /eos/home-e/evilla/dune/sn-tps/neural_networks/electron_direction/three_plane_three_plane_v58_200k_lr_schedule_20251118_110931/checkpoints/model_epoch_12_val_loss_0.8898.keras
Running ED inference on 2885 clusters...
After E > 3 MeV cut: 2866 clusters
Running emcee: 64 walkers × 2000 steps...
Acceptance fraction: 3.2%
Mean direction: θ=-121.38°, φ=93.12°
Uncertainties: Δθ=97.10°, Δφ=34.33°
68% credible angle: 98.65°

Angular error: 90.03°

======================================================================
SCENARIO (EMCEE): WEIGHTED_CT
======================================================================

Loaded 3197 matched main-track clusters across U, V, X planes
Using all 3197 main-track clusters
Loading CT model from: /eos/user/e/evilla/dune/sn-tps/neural_networks/channel_tagging/ct_volume_v52_batch_reload_20251116_101125/best_model.keras
Running CT inference...
CT selected 2885 ES candidates from 3197 clusters
  ES prob range: [0.000, 1.000]
Loading ED model from: /eos/home-e/evilla/dune/sn-tps/neural_networks/electron_direction/three_plane_three_plane_v58_200k_lr_schedule_20251118_110931/checkpoints/model_epoch_12_val_loss_0.8898.keras
Running ED inference on 2885 clusters...
Using CT weights (ES probabilities)
After E > 3 MeV cut: 2866 clusters
Running weighted MCMC with 2866 weights
Running emcee: 64 walkers × 2000 steps...
Acceptance fraction: 3.2%
Mean direction: θ=-115.02°, φ=92.41°
Uncertainties: Δθ=89.64°, Δφ=34.61°
68% credible angle: 96.12°

Angular error: 83.75°

======================================================================
SCENARIO (EMCEE): PERFECT_CT_E_GT_10MEV
======================================================================

Loaded 3197 matched main-track clusters across U, V, X planes
Selected 196 ES main tracks
Loading ED model from: /eos/home-e/evilla/dune/sn-tps/neural_networks/electron_direction/three_plane_three_plane_v58_200k_lr_schedule_20251118_110931/checkpoints/model_epoch_12_val_loss_0.8898.keras
Running ED inference...
Applying E > 10 MeV cut
After energy cut: 99 clusters
Running emcee: 64 walkers × 2000 steps...
Acceptance fraction: 20.7%
Mean direction: θ=-36.25°, φ=73.30°
Uncertainties: Δθ=37.81°, Δφ=13.56°
68% credible angle: 18.19°

Angular error: 3.80°

======================================================================
SCENARIO (EMCEE): PERFECT_CT_E_GT_20MEV
======================================================================

Loaded 3197 matched main-track clusters across U, V, X planes
Selected 196 ES main tracks
Loading ED model from: /eos/home-e/evilla/dune/sn-tps/neural_networks/electron_direction/three_plane_three_plane_v58_200k_lr_schedule_20251118_110931/checkpoints/model_epoch_12_val_loss_0.8898.keras
Running ED inference...
Applying E > 20 MeV cut
After energy cut: 29 clusters
Running emcee: 64 walkers × 2000 steps...
Acceptance fraction: 16.5%
Mean direction: θ=-28.54°, φ=77.63°
Uncertainties: Δθ=53.81°, Δφ=12.86°
68% credible angle: 19.29°

Angular error: 5.74°

✓ Saved: /eos/project-e/ep-nu/evilla/sn-pointing/cat000170/pipeline/cat000170_scenario_best_case_emcee.npz

✓ Saved: /eos/project-e/ep-nu/evilla/sn-pointing/cat000170/pipeline/cat000170_scenario_perfect_ct_emcee.npz

✓ Saved: /eos/project-e/ep-nu/evilla/sn-pointing/cat000170/pipeline/cat000170_scenario_full_pipeline_emcee.npz

✓ Saved: /eos/project-e/ep-nu/evilla/sn-pointing/cat000170/pipeline/cat000170_scenario_weighted_ct_emcee.npz

✓ Saved: /eos/project-e/ep-nu/evilla/sn-pointing/cat000170/pipeline/cat000170_scenario_perfect_ct_e_gt_10mev_emcee.npz

✓ Saved: /eos/project-e/ep-nu/evilla/sn-pointing/cat000170/pipeline/cat000170_scenario_perfect_ct_e_gt_20mev_emcee.npz
✓ cat000170 completed successfully
