Processing cat000037 with 6 scenarios...
Cat directory: /eos/project-e/ep-nu/evilla/sn-pointing/cat000037
======================================================================
EMCEE RECONSTRUCTION FOR cat000037
======================================================================

Loading PDF from: /eos/home-e/evilla/dune/sn-tps/neural_networks/electron_direction/three_plane_three_plane_v58_200k_lr_schedule_20251118_110931/cosine_energy_pdf.npz
PDF loaded

======================================================================
SCENARIO (EMCEE): BEST_CASE
======================================================================

Loaded 3665 matched main-track clusters across U, V, X planes
Selected 281 ES main tracks
After E > 3 MeV cut: 281 clusters
Running emcee: 64 walkers × 2000 steps...
Acceptance fraction: 9.3%
Mean direction: θ=-43.19°, φ=70.21°
Uncertainties: Δθ=34.60°, Δφ=16.91°
68% credible angle: 26.81°

Angular error: 4.84°

======================================================================
SCENARIO (EMCEE): PERFECT_CT
======================================================================

Loaded 3665 matched main-track clusters across U, V, X planes
Selected 281 ES main tracks
Loading ED model from: /eos/home-e/evilla/dune/sn-tps/neural_networks/electron_direction/three_plane_three_plane_v58_200k_lr_schedule_20251118_110931/checkpoints/model_epoch_12_val_loss_0.8898.keras
Running ED inference...
After energy cut: 281 clusters
Running emcee: 64 walkers × 2000 steps...
Acceptance fraction: 7.9%
Mean direction: θ=-34.44°, φ=59.71°
Uncertainties: Δθ=22.44°, Δφ=22.03°
68% credible angle: 30.59°

Angular error: 12.70°

======================================================================
SCENARIO (EMCEE): FULL_PIPELINE
======================================================================

Loaded 3665 matched main-track clusters across U, V, X planes
Using all 3665 main-track clusters
Loading CT model from: /eos/user/e/evilla/dune/sn-tps/neural_networks/channel_tagging/ct_volume_v52_batch_reload_20251116_101125/best_model.keras
Running CT inference...
CT selected 3348 ES candidates from 3665 clusters
  ES prob range: [0.000, 1.000]
Loading ED model from: /eos/home-e/evilla/dune/sn-tps/neural_networks/electron_direction/three_plane_three_plane_v58_200k_lr_schedule_20251118_110931/checkpoints/model_epoch_12_val_loss_0.8898.keras
Running ED inference on 3348 clusters...
After E > 3 MeV cut: 3331 clusters
Running emcee: 64 walkers × 2000 steps...
Acceptance fraction: 4.9%
Mean direction: θ=-107.69°, φ=77.00°
Uncertainties: Δθ=83.84°, Δφ=29.92°
68% credible angle: 100.57°

Angular error: 58.64°

======================================================================
SCENARIO (EMCEE): WEIGHTED_CT
======================================================================

Loaded 3665 matched main-track clusters across U, V, X planes
Using all 3665 main-track clusters
Loading CT model from: /eos/user/e/evilla/dune/sn-tps/neural_networks/channel_tagging/ct_volume_v52_batch_reload_20251116_101125/best_model.keras
Running CT inference...
CT selected 3348 ES candidates from 3665 clusters
  ES prob range: [0.000, 1.000]
Loading ED model from: /eos/home-e/evilla/dune/sn-tps/neural_networks/electron_direction/three_plane_three_plane_v58_200k_lr_schedule_20251118_110931/checkpoints/model_epoch_12_val_loss_0.8898.keras
Running ED inference on 3348 clusters...
Using CT weights (ES probabilities)
After E > 3 MeV cut: 3331 clusters
Running weighted MCMC with 3331 weights
Running emcee: 64 walkers × 2000 steps...
Acceptance fraction: 5.9%
Mean direction: θ=-112.52°, φ=78.09°
Uncertainties: Δθ=84.73°, Δφ=32.43°
68% credible angle: 96.53°

Angular error: 63.44°

======================================================================
SCENARIO (EMCEE): PERFECT_CT_E_GT_10MEV
======================================================================

Loaded 3665 matched main-track clusters across U, V, X planes
Selected 281 ES main tracks
Loading ED model from: /eos/home-e/evilla/dune/sn-tps/neural_networks/electron_direction/three_plane_three_plane_v58_200k_lr_schedule_20251118_110931/checkpoints/model_epoch_12_val_loss_0.8898.keras
Running ED inference...
Applying E > 10 MeV cut
After energy cut: 150 clusters
Running emcee: 64 walkers × 2000 steps...
Acceptance fraction: 13.0%
Mean direction: θ=-40.04°, φ=75.06°
Uncertainties: Δθ=39.12°, Δφ=24.86°
68% credible angle: 23.97°

Angular error: 10.52°

======================================================================
SCENARIO (EMCEE): PERFECT_CT_E_GT_20MEV
======================================================================

Loaded 3665 matched main-track clusters across U, V, X planes
Selected 281 ES main tracks
Loading ED model from: /eos/home-e/evilla/dune/sn-tps/neural_networks/electron_direction/three_plane_three_plane_v58_200k_lr_schedule_20251118_110931/checkpoints/model_epoch_12_val_loss_0.8898.keras
Running ED inference...
Applying E > 20 MeV cut
After energy cut: 37 clusters
Running emcee: 64 walkers × 2000 steps...
Acceptance fraction: 22.1%
Mean direction: θ=-51.97°, φ=77.91°
Uncertainties: Δθ=47.14°, Δφ=19.82°
68% credible angle: 22.42°

Angular error: 12.56°

✓ Saved: /eos/project-e/ep-nu/evilla/sn-pointing/cat000037/pipeline/cat000037_scenario_best_case_emcee.npz

✓ Saved: /eos/project-e/ep-nu/evilla/sn-pointing/cat000037/pipeline/cat000037_scenario_perfect_ct_emcee.npz

✓ Saved: /eos/project-e/ep-nu/evilla/sn-pointing/cat000037/pipeline/cat000037_scenario_full_pipeline_emcee.npz

✓ Saved: /eos/project-e/ep-nu/evilla/sn-pointing/cat000037/pipeline/cat000037_scenario_weighted_ct_emcee.npz

✓ Saved: /eos/project-e/ep-nu/evilla/sn-pointing/cat000037/pipeline/cat000037_scenario_perfect_ct_e_gt_10mev_emcee.npz

✓ Saved: /eos/project-e/ep-nu/evilla/sn-pointing/cat000037/pipeline/cat000037_scenario_perfect_ct_e_gt_20mev_emcee.npz
✓ cat000037 completed successfully
