==================================================================
Processing cat000328 with EMCEE - ALL SCENARIOS
==================================================================
======================================================================
EMCEE RECONSTRUCTION FOR cat000328
======================================================================

Loading PDF from: /eos/home-e/evilla/dune/sn-tps/neural_networks/electron_direction/three_plane_three_plane_v58_200k_lr_schedule_20251118_110931/cosine_energy_pdf.npz
PDF loaded

======================================================================
SCENARIO (EMCEE): PERFECT_CT
======================================================================

Loaded 3374 matched clusters across U, V, X planes
Selected clusters: 298
Running emcee: 64 walkers × 2000 steps...
Acceptance fraction: 9.0%
Mean direction: θ=93.92°, φ=35.11°
Uncertainties: Δθ=53.81°, Δφ=12.69°
68% credible angle: 27.81°

Angular error: 8.14°

======================================================================
SCENARIO (EMCEE): ES_MAIN_CC_SHOWER
======================================================================

Loaded 3374 matched clusters across U, V, X planes
Selected clusters: 298
Running emcee: 64 walkers × 2000 steps...
Acceptance fraction: 8.9%
Mean direction: θ=104.36°, φ=35.88°
Uncertainties: Δθ=55.03°, Δφ=13.48°
68% credible angle: 24.40°

Angular error: 13.45°

======================================================================
SCENARIO (EMCEE): ES_MAIN_CC_ALL
======================================================================

Loaded 3374 matched clusters across U, V, X planes
Selected clusters: 298
Running emcee: 64 walkers × 2000 steps...
Acceptance fraction: 9.2%
Mean direction: θ=85.03°, φ=35.65°
Uncertainties: Δθ=54.72°, Δφ=12.99°
68% credible angle: 25.80°

Angular error: 4.77°

======================================================================
SCENARIO (EMCEE): ES_ALL_CC_SHOWER
======================================================================

Loaded 3374 matched clusters across U, V, X planes
Selected clusters: 298
Running emcee: 64 walkers × 2000 steps...
Acceptance fraction: 11.7%
Mean direction: θ=68.75°, φ=32.70°
Uncertainties: Δθ=42.66°, Δφ=12.76°
68% credible angle: 18.92°

Angular error: 11.69°

======================================================================
SCENARIO (EMCEE): ES_ALL_CC_ALL
======================================================================

Loaded 3374 matched clusters across U, V, X planes
Selected clusters: 298
Running emcee: 64 walkers × 2000 steps...
Acceptance fraction: 10.3%
Mean direction: θ=72.89°, φ=32.02°
Uncertainties: Δθ=57.25°, Δφ=13.25°
68% credible angle: 26.70°

Angular error: 10.47°

======================================================================
SCENARIO (EMCEE): ALL_TRACKS_ALL_SHOWERS
======================================================================

Loaded 3374 matched clusters across U, V, X planes
Selected clusters: 3374
Running emcee: 64 walkers × 2000 steps...
Acceptance fraction: 2.7%
Mean direction: θ=-149.82°, φ=75.71°
Uncertainties: Δθ=85.59°, Δφ=34.09°
68% credible angle: 79.66°

Angular error: 100.66°

✓ Saved: /eos/project-e/ep-nu/evilla/sn-pointing/cat000328/pipeline/cat000328_scenario_perfect_ct_emcee.npz

✓ Saved: /eos/project-e/ep-nu/evilla/sn-pointing/cat000328/pipeline/cat000328_scenario_es_main_cc_shower_emcee.npz

✓ Saved: /eos/project-e/ep-nu/evilla/sn-pointing/cat000328/pipeline/cat000328_scenario_es_main_cc_all_emcee.npz

✓ Saved: /eos/project-e/ep-nu/evilla/sn-pointing/cat000328/pipeline/cat000328_scenario_es_all_cc_shower_emcee.npz

✓ Saved: /eos/project-e/ep-nu/evilla/sn-pointing/cat000328/pipeline/cat000328_scenario_es_all_cc_all_emcee.npz

✓ Saved: /eos/project-e/ep-nu/evilla/sn-pointing/cat000328/pipeline/cat000328_scenario_all_tracks_all_showers_emcee.npz
✓ cat000328 completed successfully
