Processing cat000125 with 6 scenarios...
Cat directory: /eos/project-e/ep-nu/evilla/sn-pointing/cat000125
======================================================================
EMCEE RECONSTRUCTION FOR cat000125
======================================================================

Loading PDF from: /eos/home-e/evilla/dune/sn-tps/neural_networks/electron_direction/three_plane_three_plane_v58_200k_lr_schedule_20251118_110931/cosine_energy_pdf.npz
PDF loaded

======================================================================
SCENARIO (EMCEE): BEST_CASE
======================================================================

Loaded 3353 matched main-track clusters across U, V, X planes
Selected 270 ES main tracks
After E > 3 MeV cut: 270 clusters
Running emcee: 64 walkers × 2000 steps...
Acceptance fraction: 6.5%
Mean direction: θ=-89.42°, φ=89.09°
Uncertainties: Δθ=43.35°, Δφ=21.80°
68% credible angle: 29.51°

Angular error: 8.80°

======================================================================
SCENARIO (EMCEE): PERFECT_CT
======================================================================

Loaded 3353 matched main-track clusters across U, V, X planes
Selected 270 ES main tracks
Loading ED model from: /eos/home-e/evilla/dune/sn-tps/neural_networks/electron_direction/three_plane_three_plane_v58_200k_lr_schedule_20251118_110931/checkpoints/model_epoch_12_val_loss_0.8898.keras
Running ED inference...
After energy cut: 270 clusters
Running emcee: 64 walkers × 2000 steps...
Acceptance fraction: 16.1%
Mean direction: θ=-92.91°, φ=78.92°
Uncertainties: Δθ=77.95°, Δφ=16.13°
68% credible angle: 29.57°

Angular error: 7.50°

======================================================================
SCENARIO (EMCEE): FULL_PIPELINE
======================================================================

Loaded 3353 matched main-track clusters across U, V, X planes
Using all 3353 main-track clusters
Loading CT model from: /eos/user/e/evilla/dune/sn-tps/neural_networks/channel_tagging/ct_volume_v52_batch_reload_20251116_101125/best_model.keras
Running CT inference...
CT selected 3051 ES candidates from 3353 clusters
  ES prob range: [0.000, 1.000]
Loading ED model from: /eos/home-e/evilla/dune/sn-tps/neural_networks/electron_direction/three_plane_three_plane_v58_200k_lr_schedule_20251118_110931/checkpoints/model_epoch_12_val_loss_0.8898.keras
Running ED inference on 3051 clusters...
After E > 3 MeV cut: 3040 clusters
Running emcee: 64 walkers × 2000 steps...
Acceptance fraction: 3.8%
Mean direction: θ=-171.70°, φ=93.51°
Uncertainties: Δθ=102.72°, Δφ=34.80°
68% credible angle: 99.25°

Angular error: 86.66°

======================================================================
SCENARIO (EMCEE): WEIGHTED_CT
======================================================================

Loaded 3353 matched main-track clusters across U, V, X planes
Using all 3353 main-track clusters
Loading CT model from: /eos/user/e/evilla/dune/sn-tps/neural_networks/channel_tagging/ct_volume_v52_batch_reload_20251116_101125/best_model.keras
Running CT inference...
CT selected 3051 ES candidates from 3353 clusters
  ES prob range: [0.000, 1.000]
Loading ED model from: /eos/home-e/evilla/dune/sn-tps/neural_networks/electron_direction/three_plane_three_plane_v58_200k_lr_schedule_20251118_110931/checkpoints/model_epoch_12_val_loss_0.8898.keras
Running ED inference on 3051 clusters...
Using CT weights (ES probabilities)
After E > 3 MeV cut: 3040 clusters
Running weighted MCMC with 3040 weights
Running emcee: 64 walkers × 2000 steps...
Acceptance fraction: 4.2%
Mean direction: θ=-145.40°, φ=88.58°
Uncertainties: Δθ=76.65°, Δφ=31.35°
68% credible angle: 81.23°

Angular error: 59.92°

======================================================================
SCENARIO (EMCEE): PERFECT_CT_E_GT_10MEV
======================================================================

Loaded 3353 matched main-track clusters across U, V, X planes
Selected 270 ES main tracks
Loading ED model from: /eos/home-e/evilla/dune/sn-tps/neural_networks/electron_direction/three_plane_three_plane_v58_200k_lr_schedule_20251118_110931/checkpoints/model_epoch_12_val_loss_0.8898.keras
Running ED inference...
Applying E > 10 MeV cut
After energy cut: 148 clusters
Running emcee: 64 walkers × 2000 steps...
Acceptance fraction: 11.4%
Mean direction: θ=-133.35°, φ=86.88°
Uncertainties: Δθ=99.04°, Δφ=14.39°
68% credible angle: 114.14°

Angular error: 47.76°

======================================================================
SCENARIO (EMCEE): PERFECT_CT_E_GT_20MEV
======================================================================

Loaded 3353 matched main-track clusters across U, V, X planes
Selected 270 ES main tracks
Loading ED model from: /eos/home-e/evilla/dune/sn-tps/neural_networks/electron_direction/three_plane_three_plane_v58_200k_lr_schedule_20251118_110931/checkpoints/model_epoch_12_val_loss_0.8898.keras
Running ED inference...
Applying E > 20 MeV cut
After energy cut: 36 clusters
Running emcee: 64 walkers × 2000 steps...
Acceptance fraction: 11.3%
Mean direction: θ=50.20°, φ=88.95°
Uncertainties: Δθ=147.31°, Δφ=11.48°
68% credible angle: 125.87°

Angular error: 134.90°

✓ Saved: /eos/project-e/ep-nu/evilla/sn-pointing/cat000125/pipeline/cat000125_scenario_best_case_emcee.npz

✓ Saved: /eos/project-e/ep-nu/evilla/sn-pointing/cat000125/pipeline/cat000125_scenario_perfect_ct_emcee.npz

✓ Saved: /eos/project-e/ep-nu/evilla/sn-pointing/cat000125/pipeline/cat000125_scenario_full_pipeline_emcee.npz

✓ Saved: /eos/project-e/ep-nu/evilla/sn-pointing/cat000125/pipeline/cat000125_scenario_weighted_ct_emcee.npz

✓ Saved: /eos/project-e/ep-nu/evilla/sn-pointing/cat000125/pipeline/cat000125_scenario_perfect_ct_e_gt_10mev_emcee.npz

✓ Saved: /eos/project-e/ep-nu/evilla/sn-pointing/cat000125/pipeline/cat000125_scenario_perfect_ct_e_gt_20mev_emcee.npz
✓ cat000125 completed successfully
