==================================================================
Processing cat000171 with EMCEE - ALL SCENARIOS
==================================================================
======================================================================
EMCEE RECONSTRUCTION FOR cat000171
======================================================================

Loading PDF from: /eos/home-e/evilla/dune/sn-tps/neural_networks/electron_direction/three_plane_three_plane_v58_200k_lr_schedule_20251118_110931/cosine_energy_pdf.npz
PDF loaded

======================================================================
SCENARIO (EMCEE): PERFECT_CT
======================================================================

Loaded 3619 matched clusters across U, V, X planes
Selected clusters: 255
Running emcee: 64 walkers × 2000 steps...
Acceptance fraction: 12.9%
Mean direction: θ=42.01°, φ=56.07°
Uncertainties: Δθ=25.89°, Δφ=19.12°
68% credible angle: 29.31°

Angular error: 5.58°

======================================================================
SCENARIO (EMCEE): ES_MAIN_CC_SHOWER
======================================================================

Loaded 3619 matched clusters across U, V, X planes
Selected clusters: 255
Running emcee: 64 walkers × 2000 steps...
Acceptance fraction: 12.9%
Mean direction: θ=34.73°, φ=55.85°
Uncertainties: Δθ=29.67°, Δφ=18.07°
68% credible angle: 32.13°

Angular error: 11.30°

======================================================================
SCENARIO (EMCEE): ES_MAIN_CC_ALL
======================================================================

Loaded 3619 matched clusters across U, V, X planes
Selected clusters: 255
Running emcee: 64 walkers × 2000 steps...
Acceptance fraction: 10.8%
Mean direction: θ=33.39°, φ=51.09°
Uncertainties: Δθ=28.82°, Δφ=20.62°
68% credible angle: 30.21°

Angular error: 12.26°

======================================================================
SCENARIO (EMCEE): ES_ALL_CC_SHOWER
======================================================================

Loaded 3619 matched clusters across U, V, X planes
Selected clusters: 255
Running emcee: 64 walkers × 2000 steps...
Acceptance fraction: 16.7%
Mean direction: θ=42.83°, φ=59.60°
Uncertainties: Δθ=21.12°, Δφ=19.28°
68% credible angle: 31.60°

Angular error: 7.21°

======================================================================
SCENARIO (EMCEE): ES_ALL_CC_ALL
======================================================================

Loaded 3619 matched clusters across U, V, X planes
Selected clusters: 255
Running emcee: 64 walkers × 2000 steps...
Acceptance fraction: 11.6%
Mean direction: θ=41.34°, φ=56.76°
Uncertainties: Δθ=27.94°, Δφ=17.80°
68% credible angle: 30.18°

Angular error: 6.38°

======================================================================
SCENARIO (EMCEE): ALL_TRACKS_ALL_SHOWERS
======================================================================

Loaded 3619 matched clusters across U, V, X planes
Selected clusters: 3619
Running emcee: 64 walkers × 2000 steps...
Acceptance fraction: 2.6%
Mean direction: θ=-117.34°, φ=88.53°
Uncertainties: Δθ=91.83°, Δφ=39.26°
68% credible angle: 79.66°

Angular error: 140.31°

✓ Saved: /eos/project-e/ep-nu/evilla/sn-pointing/cat000171/pipeline/cat000171_scenario_perfect_ct_emcee.npz

✓ Saved: /eos/project-e/ep-nu/evilla/sn-pointing/cat000171/pipeline/cat000171_scenario_es_main_cc_shower_emcee.npz

✓ Saved: /eos/project-e/ep-nu/evilla/sn-pointing/cat000171/pipeline/cat000171_scenario_es_main_cc_all_emcee.npz

✓ Saved: /eos/project-e/ep-nu/evilla/sn-pointing/cat000171/pipeline/cat000171_scenario_es_all_cc_shower_emcee.npz

✓ Saved: /eos/project-e/ep-nu/evilla/sn-pointing/cat000171/pipeline/cat000171_scenario_es_all_cc_all_emcee.npz

✓ Saved: /eos/project-e/ep-nu/evilla/sn-pointing/cat000171/pipeline/cat000171_scenario_all_tracks_all_showers_emcee.npz
✓ cat000171 completed successfully
