==================================================================
Processing cat000333 with EMCEE - ALL SCENARIOS
==================================================================
======================================================================
EMCEE RECONSTRUCTION FOR cat000333
======================================================================

Loading PDF from: /eos/home-e/evilla/dune/sn-tps/neural_networks/electron_direction/three_plane_three_plane_v58_200k_lr_schedule_20251118_110931/cosine_energy_pdf.npz
PDF loaded

======================================================================
SCENARIO (EMCEE): PERFECT_CT
======================================================================

Loaded 3723 matched clusters across U, V, X planes
Selected clusters: 297
Running emcee: 64 walkers × 2000 steps...
Acceptance fraction: 8.1%
Mean direction: θ=35.54°, φ=143.79°
Uncertainties: Δθ=54.24°, Δφ=12.82°
68% credible angle: 33.86°

Angular error: 11.72°

======================================================================
SCENARIO (EMCEE): ES_MAIN_CC_SHOWER
======================================================================

Loaded 3723 matched clusters across U, V, X planes
Selected clusters: 297
Running emcee: 64 walkers × 2000 steps...
Acceptance fraction: 9.2%
Mean direction: θ=7.28°, φ=146.77°
Uncertainties: Δθ=60.86°, Δφ=11.98°
68% credible angle: 32.00°

Angular error: 14.25°

======================================================================
SCENARIO (EMCEE): ES_MAIN_CC_ALL
======================================================================

Loaded 3723 matched clusters across U, V, X planes
Selected clusters: 297
Running emcee: 64 walkers × 2000 steps...
Acceptance fraction: 9.2%
Mean direction: θ=25.97°, φ=144.90°
Uncertainties: Δθ=62.15°, Δφ=12.51°
68% credible angle: 36.73°

Angular error: 10.72°

======================================================================
SCENARIO (EMCEE): ES_ALL_CC_SHOWER
======================================================================

Loaded 3723 matched clusters across U, V, X planes
Selected clusters: 297
Running emcee: 64 walkers × 2000 steps...
Acceptance fraction: 13.3%
Mean direction: θ=-17.11°, φ=147.89°
Uncertainties: Δθ=52.48°, Δφ=12.03°
68% credible angle: 40.78°

Angular error: 23.47°

======================================================================
SCENARIO (EMCEE): ES_ALL_CC_ALL
======================================================================

Loaded 3723 matched clusters across U, V, X planes
Selected clusters: 297
Running emcee: 64 walkers × 2000 steps...
Acceptance fraction: 8.1%
Mean direction: θ=31.34°, φ=139.85°
Uncertainties: Δθ=45.25°, Δφ=13.29°
68% credible angle: 21.79°

Angular error: 15.46°

======================================================================
SCENARIO (EMCEE): ALL_TRACKS_ALL_SHOWERS
======================================================================

Loaded 3723 matched clusters across U, V, X planes
Selected clusters: 3723
Running emcee: 64 walkers × 2000 steps...
Acceptance fraction: 3.8%
Mean direction: θ=-126.00°, φ=100.53°
Uncertainties: Δθ=84.43°, Δφ=38.96°
68% credible angle: 90.94°

Angular error: 102.27°

✓ Saved: /eos/project-e/ep-nu/evilla/sn-pointing/cat000333/pipeline/cat000333_scenario_perfect_ct_emcee.npz

✓ Saved: /eos/project-e/ep-nu/evilla/sn-pointing/cat000333/pipeline/cat000333_scenario_es_main_cc_shower_emcee.npz

✓ Saved: /eos/project-e/ep-nu/evilla/sn-pointing/cat000333/pipeline/cat000333_scenario_es_main_cc_all_emcee.npz

✓ Saved: /eos/project-e/ep-nu/evilla/sn-pointing/cat000333/pipeline/cat000333_scenario_es_all_cc_shower_emcee.npz

✓ Saved: /eos/project-e/ep-nu/evilla/sn-pointing/cat000333/pipeline/cat000333_scenario_es_all_cc_all_emcee.npz

✓ Saved: /eos/project-e/ep-nu/evilla/sn-pointing/cat000333/pipeline/cat000333_scenario_all_tracks_all_showers_emcee.npz
✓ cat000333 completed successfully
