==================================================================
Processing cat000172 with EMCEE - ALL SCENARIOS
==================================================================
======================================================================
EMCEE RECONSTRUCTION FOR cat000172
======================================================================

Loading PDF from: /eos/home-e/evilla/dune/sn-tps/neural_networks/electron_direction/three_plane_three_plane_v58_200k_lr_schedule_20251118_110931/cosine_energy_pdf.npz
PDF loaded

======================================================================
SCENARIO (EMCEE): PERFECT_CT
======================================================================

Loaded 3538 matched clusters across U, V, X planes
Selected clusters: 263
Running emcee: 64 walkers × 2000 steps...
Acceptance fraction: 10.8%
Mean direction: θ=-67.40°, φ=94.31°
Uncertainties: Δθ=20.68°, Δφ=15.59°
68% credible angle: 21.97°

Angular error: 6.80°

======================================================================
SCENARIO (EMCEE): ES_MAIN_CC_SHOWER
======================================================================

Loaded 3538 matched clusters across U, V, X planes
Selected clusters: 263
Running emcee: 64 walkers × 2000 steps...
Acceptance fraction: 15.8%
Mean direction: θ=-70.13°, φ=102.64°
Uncertainties: Δθ=9.93°, Δφ=14.55°
68% credible angle: 15.25°

Angular error: 2.27°

======================================================================
SCENARIO (EMCEE): ES_MAIN_CC_ALL
======================================================================

Loaded 3538 matched clusters across U, V, X planes
Selected clusters: 263
Running emcee: 64 walkers × 2000 steps...
Acceptance fraction: 10.1%
Mean direction: θ=-73.26°, φ=96.41°
Uncertainties: Δθ=15.97°, Δφ=15.20°
68% credible angle: 20.57°

Angular error: 4.84°

======================================================================
SCENARIO (EMCEE): ES_ALL_CC_SHOWER
======================================================================

Loaded 3538 matched clusters across U, V, X planes
Selected clusters: 263
Running emcee: 64 walkers × 2000 steps...
Acceptance fraction: 12.1%
Mean direction: θ=-76.07°, φ=103.21°
Uncertainties: Δθ=15.15°, Δφ=14.38°
68% credible angle: 19.10°

Angular error: 6.16°

======================================================================
SCENARIO (EMCEE): ES_ALL_CC_ALL
======================================================================

Loaded 3538 matched clusters across U, V, X planes
Selected clusters: 263
Running emcee: 64 walkers × 2000 steps...
Acceptance fraction: 13.6%
Mean direction: θ=-68.38°, φ=97.57°
Uncertainties: Δθ=11.86°, Δφ=13.99°
68% credible angle: 20.20°

Angular error: 3.50°

======================================================================
SCENARIO (EMCEE): ALL_TRACKS_ALL_SHOWERS
======================================================================

Loaded 3538 matched clusters across U, V, X planes
Selected clusters: 3538
Running emcee: 64 walkers × 2000 steps...
Acceptance fraction: 4.6%
Mean direction: θ=-174.20°, φ=98.88°
Uncertainties: Δθ=88.11°, Δφ=28.06°
68% credible angle: 74.13°

Angular error: 101.69°

✓ Saved: /eos/project-e/ep-nu/evilla/sn-pointing/cat000172/pipeline/cat000172_scenario_perfect_ct_emcee.npz

✓ Saved: /eos/project-e/ep-nu/evilla/sn-pointing/cat000172/pipeline/cat000172_scenario_es_main_cc_shower_emcee.npz

✓ Saved: /eos/project-e/ep-nu/evilla/sn-pointing/cat000172/pipeline/cat000172_scenario_es_main_cc_all_emcee.npz

✓ Saved: /eos/project-e/ep-nu/evilla/sn-pointing/cat000172/pipeline/cat000172_scenario_es_all_cc_shower_emcee.npz

✓ Saved: /eos/project-e/ep-nu/evilla/sn-pointing/cat000172/pipeline/cat000172_scenario_es_all_cc_all_emcee.npz

✓ Saved: /eos/project-e/ep-nu/evilla/sn-pointing/cat000172/pipeline/cat000172_scenario_all_tracks_all_showers_emcee.npz
✓ cat000172 completed successfully
