Processing cat000001 with 6 scenarios...
Cat directory: /eos/project-e/ep-nu/evilla/sn-pointing/cat000001
======================================================================
EMCEE RECONSTRUCTION FOR cat000001
======================================================================

Loading PDF from: /eos/home-e/evilla/dune/sn-tps/neural_networks/electron_direction/three_plane_three_plane_v58_200k_lr_schedule_20251118_110931/cosine_energy_pdf.npz
PDF loaded

======================================================================
SCENARIO (EMCEE): BEST_CASE
======================================================================

Loaded 3232 matched main-track clusters across U, V, X planes
Selected 251 ES main tracks
After E > 3 MeV cut: 251 clusters
Running emcee: 64 walkers × 2000 steps...
Acceptance fraction: 5.5%
Mean direction: θ=174.06°, φ=60.94°
Uncertainties: Δθ=26.75°, Δφ=21.01°
68% credible angle: 28.92°

Angular error: 11.36°

======================================================================
SCENARIO (EMCEE): PERFECT_CT
======================================================================

Loaded 3232 matched main-track clusters across U, V, X planes
Selected 251 ES main tracks
Loading ED model from: /eos/home-e/evilla/dune/sn-tps/neural_networks/electron_direction/three_plane_three_plane_v58_200k_lr_schedule_20251118_110931/checkpoints/model_epoch_12_val_loss_0.8898.keras
Running ED inference...
After energy cut: 251 clusters
Running emcee: 64 walkers × 2000 steps...
Acceptance fraction: 5.7%
Mean direction: θ=172.89°, φ=57.40°
Uncertainties: Δθ=24.47°, Δφ=25.59°
68% credible angle: 29.04°

Angular error: 8.50°

======================================================================
SCENARIO (EMCEE): FULL_PIPELINE
======================================================================

Loaded 3232 matched main-track clusters across U, V, X planes
Using all 3232 main-track clusters
Loading CT model from: /eos/user/e/evilla/dune/sn-tps/neural_networks/channel_tagging/ct_volume_v52_batch_reload_20251116_101125/best_model.keras
Running CT inference...
CT selected 2931 ES candidates from 3232 clusters
  ES prob range: [0.000, 1.000]
Loading ED model from: /eos/home-e/evilla/dune/sn-tps/neural_networks/electron_direction/three_plane_three_plane_v58_200k_lr_schedule_20251118_110931/checkpoints/model_epoch_12_val_loss_0.8898.keras
Running ED inference on 2931 clusters...
After E > 3 MeV cut: 2907 clusters
Running emcee: 64 walkers × 2000 steps...
Acceptance fraction: 5.8%
Mean direction: θ=158.57°, φ=80.02°
Uncertainties: Δθ=60.40°, Δφ=32.41°
68% credible angle: 62.58°

Angular error: 26.62°

======================================================================
SCENARIO (EMCEE): WEIGHTED_CT
======================================================================

Loaded 3232 matched main-track clusters across U, V, X planes
Using all 3232 main-track clusters
Loading CT model from: /eos/user/e/evilla/dune/sn-tps/neural_networks/channel_tagging/ct_volume_v52_batch_reload_20251116_101125/best_model.keras
Running CT inference...
CT selected 2931 ES candidates from 3232 clusters
  ES prob range: [0.000, 1.000]
Loading ED model from: /eos/home-e/evilla/dune/sn-tps/neural_networks/electron_direction/three_plane_three_plane_v58_200k_lr_schedule_20251118_110931/checkpoints/model_epoch_12_val_loss_0.8898.keras
Running ED inference on 2931 clusters...
Using CT weights (ES probabilities)
After E > 3 MeV cut: 2907 clusters
Running weighted MCMC with 2907 weights
Running emcee: 64 walkers × 2000 steps...
Acceptance fraction: 6.2%
Mean direction: θ=157.68°, φ=83.27°
Uncertainties: Δθ=63.30°, Δφ=31.71°
68% credible angle: 63.43°

Angular error: 29.96°

======================================================================
SCENARIO (EMCEE): PERFECT_CT_E_GT_10MEV
======================================================================

Loaded 3232 matched main-track clusters across U, V, X planes
Selected 251 ES main tracks
Loading ED model from: /eos/home-e/evilla/dune/sn-tps/neural_networks/electron_direction/three_plane_three_plane_v58_200k_lr_schedule_20251118_110931/checkpoints/model_epoch_12_val_loss_0.8898.keras
Running ED inference...
Applying E > 10 MeV cut
After energy cut: 151 clusters
Running emcee: 64 walkers × 2000 steps...
Acceptance fraction: 8.8%
Mean direction: θ=176.17°, φ=63.51°
Uncertainties: Δθ=30.94°, Δφ=26.93°
68% credible angle: 27.21°

Angular error: 14.48°

======================================================================
SCENARIO (EMCEE): PERFECT_CT_E_GT_20MEV
======================================================================

Loaded 3232 matched main-track clusters across U, V, X planes
Selected 251 ES main tracks
Loading ED model from: /eos/home-e/evilla/dune/sn-tps/neural_networks/electron_direction/three_plane_three_plane_v58_200k_lr_schedule_20251118_110931/checkpoints/model_epoch_12_val_loss_0.8898.keras
Running ED inference...
Applying E > 20 MeV cut
After energy cut: 32 clusters
Running emcee: 64 walkers × 2000 steps...
Acceptance fraction: 11.7%
Mean direction: θ=-167.97°, φ=72.24°
Uncertainties: Δθ=72.80°, Δφ=31.15°
68% credible angle: 36.50°

Angular error: 31.17°

✓ Saved: /eos/project-e/ep-nu/evilla/sn-pointing/cat000001/pipeline/cat000001_scenario_best_case_emcee.npz

✓ Saved: /eos/project-e/ep-nu/evilla/sn-pointing/cat000001/pipeline/cat000001_scenario_perfect_ct_emcee.npz

✓ Saved: /eos/project-e/ep-nu/evilla/sn-pointing/cat000001/pipeline/cat000001_scenario_full_pipeline_emcee.npz

✓ Saved: /eos/project-e/ep-nu/evilla/sn-pointing/cat000001/pipeline/cat000001_scenario_weighted_ct_emcee.npz

✓ Saved: /eos/project-e/ep-nu/evilla/sn-pointing/cat000001/pipeline/cat000001_scenario_perfect_ct_e_gt_10mev_emcee.npz

✓ Saved: /eos/project-e/ep-nu/evilla/sn-pointing/cat000001/pipeline/cat000001_scenario_perfect_ct_e_gt_20mev_emcee.npz
✓ cat000001 completed successfully
