Processing cat000299 with 6 scenarios...
Cat directory: /eos/project-e/ep-nu/evilla/sn-pointing/cat000299
======================================================================
EMCEE RECONSTRUCTION FOR cat000299
======================================================================

Loading PDF from: /eos/home-e/evilla/dune/sn-tps/neural_networks/electron_direction/three_plane_three_plane_v58_200k_lr_schedule_20251118_110931/cosine_energy_pdf.npz
PDF loaded

======================================================================
SCENARIO (EMCEE): BEST_CASE
======================================================================

Loaded 3655 matched main-track clusters across U, V, X planes
Selected 290 ES main tracks
After E > 3 MeV cut: 290 clusters
Running emcee: 64 walkers × 2000 steps...
Acceptance fraction: 14.1%
Mean direction: θ=56.62°, φ=129.89°
Uncertainties: Δθ=31.48°, Δφ=13.33°
68% credible angle: 16.12°

Angular error: 15.21°

======================================================================
SCENARIO (EMCEE): PERFECT_CT
======================================================================

Loaded 3655 matched main-track clusters across U, V, X planes
Selected 290 ES main tracks
Loading ED model from: /eos/home-e/evilla/dune/sn-tps/neural_networks/electron_direction/three_plane_three_plane_v58_200k_lr_schedule_20251118_110931/checkpoints/model_epoch_12_val_loss_0.8898.keras
Running ED inference...
After energy cut: 290 clusters
Running emcee: 64 walkers × 2000 steps...
Acceptance fraction: 15.4%
Mean direction: θ=56.05°, φ=144.24°
Uncertainties: Δθ=35.73°, Δφ=12.89°
68% credible angle: 24.31°

Angular error: 7.38°

======================================================================
SCENARIO (EMCEE): FULL_PIPELINE
======================================================================

Loaded 3655 matched main-track clusters across U, V, X planes
Using all 3655 main-track clusters
Loading CT model from: /eos/user/e/evilla/dune/sn-tps/neural_networks/channel_tagging/ct_volume_v52_batch_reload_20251116_101125/best_model.keras
Running CT inference...
CT selected 3355 ES candidates from 3655 clusters
  ES prob range: [0.000, 1.000]
Loading ED model from: /eos/home-e/evilla/dune/sn-tps/neural_networks/electron_direction/three_plane_three_plane_v58_200k_lr_schedule_20251118_110931/checkpoints/model_epoch_12_val_loss_0.8898.keras
Running ED inference on 3355 clusters...
After E > 3 MeV cut: 3339 clusters
Running emcee: 64 walkers × 2000 steps...
Acceptance fraction: 3.3%
Mean direction: θ=-166.25°, φ=128.11°
Uncertainties: Δθ=86.79°, Δφ=39.07°
68% credible angle: 56.72°

Angular error: 77.51°

======================================================================
SCENARIO (EMCEE): WEIGHTED_CT
======================================================================

Loaded 3655 matched main-track clusters across U, V, X planes
Using all 3655 main-track clusters
Loading CT model from: /eos/user/e/evilla/dune/sn-tps/neural_networks/channel_tagging/ct_volume_v52_batch_reload_20251116_101125/best_model.keras
Running CT inference...
CT selected 3355 ES candidates from 3655 clusters
  ES prob range: [0.000, 1.000]
Loading ED model from: /eos/home-e/evilla/dune/sn-tps/neural_networks/electron_direction/three_plane_three_plane_v58_200k_lr_schedule_20251118_110931/checkpoints/model_epoch_12_val_loss_0.8898.keras
Running ED inference on 3355 clusters...
Using CT weights (ES probabilities)
After E > 3 MeV cut: 3339 clusters
Running weighted MCMC with 3339 weights
Running emcee: 64 walkers × 2000 steps...
Acceptance fraction: 2.9%
Mean direction: θ=-160.43°, φ=123.97°
Uncertainties: Δθ=78.47°, Δφ=39.95°
68% credible angle: 68.36°

Angular error: 83.40°

======================================================================
SCENARIO (EMCEE): PERFECT_CT_E_GT_10MEV
======================================================================

Loaded 3655 matched main-track clusters across U, V, X planes
Selected 290 ES main tracks
Loading ED model from: /eos/home-e/evilla/dune/sn-tps/neural_networks/electron_direction/three_plane_three_plane_v58_200k_lr_schedule_20251118_110931/checkpoints/model_epoch_12_val_loss_0.8898.keras
Running ED inference...
Applying E > 10 MeV cut
After energy cut: 160 clusters
Running emcee: 64 walkers × 2000 steps...
Acceptance fraction: 20.4%
Mean direction: θ=53.60°, φ=140.94°
Uncertainties: Δθ=37.06°, Δφ=11.08°
68% credible angle: 21.10°

Angular error: 9.23°

======================================================================
SCENARIO (EMCEE): PERFECT_CT_E_GT_20MEV
======================================================================

Loaded 3655 matched main-track clusters across U, V, X planes
Selected 290 ES main tracks
Loading ED model from: /eos/home-e/evilla/dune/sn-tps/neural_networks/electron_direction/three_plane_three_plane_v58_200k_lr_schedule_20251118_110931/checkpoints/model_epoch_12_val_loss_0.8898.keras
Running ED inference...
Applying E > 20 MeV cut
After energy cut: 33 clusters
Running emcee: 64 walkers × 2000 steps...
Acceptance fraction: 15.6%
Mean direction: θ=42.22°, φ=111.79°
Uncertainties: Δθ=83.26°, Δφ=52.48°
68% credible angle: 122.61°

Angular error: 36.91°

✓ Saved: /eos/project-e/ep-nu/evilla/sn-pointing/cat000299/pipeline/cat000299_scenario_best_case_emcee.npz

✓ Saved: /eos/project-e/ep-nu/evilla/sn-pointing/cat000299/pipeline/cat000299_scenario_perfect_ct_emcee.npz

✓ Saved: /eos/project-e/ep-nu/evilla/sn-pointing/cat000299/pipeline/cat000299_scenario_full_pipeline_emcee.npz

✓ Saved: /eos/project-e/ep-nu/evilla/sn-pointing/cat000299/pipeline/cat000299_scenario_weighted_ct_emcee.npz

✓ Saved: /eos/project-e/ep-nu/evilla/sn-pointing/cat000299/pipeline/cat000299_scenario_perfect_ct_e_gt_10mev_emcee.npz

✓ Saved: /eos/project-e/ep-nu/evilla/sn-pointing/cat000299/pipeline/cat000299_scenario_perfect_ct_e_gt_20mev_emcee.npz
✓ cat000299 completed successfully
