==================================================================
Processing cat000195 with EMCEE - ALL SCENARIOS
==================================================================
======================================================================
EMCEE RECONSTRUCTION FOR cat000195
======================================================================

Loading PDF from: /eos/home-e/evilla/dune/sn-tps/neural_networks/electron_direction/three_plane_three_plane_v58_200k_lr_schedule_20251118_110931/cosine_energy_pdf.npz
PDF loaded

======================================================================
SCENARIO (EMCEE): PERFECT_CT
======================================================================

Loaded 3311 matched clusters across U, V, X planes
Selected clusters: 241
Running emcee: 64 walkers × 2000 steps...
Acceptance fraction: 8.6%
Mean direction: θ=134.81°, φ=80.45°
Uncertainties: Δθ=74.57°, Δφ=21.68°
68% credible angle: 73.78°

Angular error: 41.37°

======================================================================
SCENARIO (EMCEE): ES_MAIN_CC_SHOWER
======================================================================

Loaded 3311 matched clusters across U, V, X planes
Selected clusters: 241
Running emcee: 64 walkers × 2000 steps...
Acceptance fraction: 10.2%
Mean direction: θ=150.70°, φ=82.94°
Uncertainties: Δθ=89.18°, Δφ=18.37°
68% credible angle: 83.30°

Angular error: 57.20°

======================================================================
SCENARIO (EMCEE): ES_MAIN_CC_ALL
======================================================================

Loaded 3311 matched clusters across U, V, X planes
Selected clusters: 241
Running emcee: 64 walkers × 2000 steps...
Acceptance fraction: 9.8%
Mean direction: θ=150.76°, φ=82.98°
Uncertainties: Δθ=85.43°, Δφ=20.06°
68% credible angle: 90.66°

Angular error: 57.26°

======================================================================
SCENARIO (EMCEE): ES_ALL_CC_SHOWER
======================================================================

Loaded 3311 matched clusters across U, V, X planes
Selected clusters: 241
Running emcee: 64 walkers × 2000 steps...
Acceptance fraction: 12.8%
Mean direction: θ=135.23°, φ=87.97°
Uncertainties: Δθ=70.30°, Δφ=16.11°
68% credible angle: 96.17°

Angular error: 44.20°

======================================================================
SCENARIO (EMCEE): ES_ALL_CC_ALL
======================================================================

Loaded 3311 matched clusters across U, V, X planes
Selected clusters: 241
Running emcee: 64 walkers × 2000 steps...
Acceptance fraction: 9.7%
Mean direction: θ=130.00°, φ=80.76°
Uncertainties: Δθ=73.57°, Δφ=14.05°
68% credible angle: 98.84°

Angular error: 36.88°

======================================================================
SCENARIO (EMCEE): ALL_TRACKS_ALL_SHOWERS
======================================================================

Loaded 3311 matched clusters across U, V, X planes
Selected clusters: 3311
Running emcee: 64 walkers × 2000 steps...
Acceptance fraction: 4.3%
Mean direction: θ=-95.36°, φ=81.88°
Uncertainties: Δθ=92.17°, Δφ=36.05°
68% credible angle: 63.70°

Angular error: 153.56°

✓ Saved: /eos/project-e/ep-nu/evilla/sn-pointing/cat000195/pipeline/cat000195_scenario_perfect_ct_emcee.npz

✓ Saved: /eos/project-e/ep-nu/evilla/sn-pointing/cat000195/pipeline/cat000195_scenario_es_main_cc_shower_emcee.npz

✓ Saved: /eos/project-e/ep-nu/evilla/sn-pointing/cat000195/pipeline/cat000195_scenario_es_main_cc_all_emcee.npz

✓ Saved: /eos/project-e/ep-nu/evilla/sn-pointing/cat000195/pipeline/cat000195_scenario_es_all_cc_shower_emcee.npz

✓ Saved: /eos/project-e/ep-nu/evilla/sn-pointing/cat000195/pipeline/cat000195_scenario_es_all_cc_all_emcee.npz

✓ Saved: /eos/project-e/ep-nu/evilla/sn-pointing/cat000195/pipeline/cat000195_scenario_all_tracks_all_showers_emcee.npz
✓ cat000195 completed successfully
