000 (13791725.126.000) 11/20 10:34:58 Job submitted from host: <188.184.90.62:9618?addrs=188.184.90.62-9618+[2001-1458-201-e4--100-238]-9618&alias=bigbird16.cern.ch&noUDP&sock=schedd_5196_9a2f>
...
040 (13791725.126.000) 11/20 10:50:47 Started transferring input files
	Transferring to host: <188.184.195.60:9618?addrs=188.184.195.60-9618+[2001-1458-301-72--100-40b]-9618&alias=b9g47n8368.cern.ch&noUDP&sock=slot1_1_17911_ab71_9606>
...
040 (13791725.126.000) 11/20 10:50:47 Finished transferring input files
...
001 (13791725.126.000) 11/20 10:50:48 Job executing on host: <188.184.195.60:9618?addrs=188.184.195.60-9618+[2001-1458-301-72--100-40b]-9618&alias=b9g47n8368.cern.ch&noUDP&sock=startd_17076_4b4d>
	SlotName: slot1_1@b9g47n8368.cern.ch
	AvailableGPUs = { GPUs_GPU_0d3184cb }
	CondorScratchDir = "/pool/condor/dir_1242568"
	Cpus = 11
	Disk = 4195328
	GPUs = 1
	GPUs_GPU_0d3184cb = [ Id = "GPU-0d3184cb"; ClockMhz = 1590.0; Capability = 7.5; CoresPerCU = 64; DeviceName = "Tesla T4"; DeviceUuid = "0d3184cb-044b-6a85-e661-54a626111c00"; ECCEnabled = true; ComputeUnits = 40; DriverVersion = 13.0; DevicePciBusId = "0000:07:00.0"; GlobalMemoryMb = 14913; MaxSupportedVersion = 13000 ]
	Memory = 33000
...
006 (13791725.126.000) 11/20 10:51:03 Image size of job updated: 255800
	250  -  MemoryUsage of job (MB)
	255800  -  ResidentSetSize of job (KB)
...
006 (13791725.126.000) 11/20 10:55:37 Image size of job updated: 1642336
	250  -  MemoryUsage of job (MB)
	255800  -  ResidentSetSize of job (KB)
...
040 (13791725.126.000) 11/20 10:55:37 Started transferring output files
...
040 (13791725.126.000) 11/20 10:55:37 Finished transferring output files
...
005 (13791725.126.000) 11/20 10:55:37 Job terminated.
	(1) Normal termination (return value 0)
		Usr 0 00:08:26, Sys 0 00:00:26  -  Run Remote Usage
		Usr 0 00:00:00, Sys 0 00:00:00  -  Run Local Usage
		Usr 0 00:08:26, Sys 0 00:00:26  -  Total Remote Usage
		Usr 0 00:00:00, Sys 0 00:00:00  -  Total Local Usage
	17358  -  Run Bytes Sent By Job
	1411571  -  Run Bytes Received By Job
	17358  -  Total Bytes Sent By Job
	1411571  -  Total Bytes Received By Job
	Partitionable Resources :    Usage  Request Allocated Assigned
	   Cpus                 :        0       11        11 
	   Disk (KB)            :     1420  4194304   4195328 
	   GPUs                 :                 1         1 "GPU-0d3184cb"
	   Memory (MB)          :      250    33000     33000 
	   TimeExecute (s)      :      289                    
	   TimeSlotBusy (s)     :      290                    

	Job terminated of its own accord at 2025-11-20T09:55:37Z with exit-code 0.
...
