==================================================================
Processing cat000398 with EMCEE - ALL SCENARIOS
==================================================================
======================================================================
EMCEE RECONSTRUCTION FOR cat000398
======================================================================

Loading PDF from: /eos/home-e/evilla/dune/sn-tps/neural_networks/electron_direction/three_plane_three_plane_v58_200k_lr_schedule_20251118_110931/cosine_energy_pdf.npz
PDF loaded

======================================================================
SCENARIO (EMCEE): PERFECT_CT
======================================================================

Loaded 3800 matched clusters across U, V, X planes
Selected clusters: 251
Running emcee: 64 walkers × 2000 steps...
Acceptance fraction: 7.6%
Mean direction: θ=-173.17°, φ=98.14°
Uncertainties: Δθ=18.84°, Δφ=15.56°
68% credible angle: 22.97°

Angular error: 30.78°

======================================================================
SCENARIO (EMCEE): ES_MAIN_CC_SHOWER
======================================================================

Loaded 3800 matched clusters across U, V, X planes
Selected clusters: 251
Running emcee: 64 walkers × 2000 steps...
Acceptance fraction: 7.8%
Mean direction: θ=-176.02°, φ=99.51°
Uncertainties: Δθ=18.62°, Δφ=16.38°
68% credible angle: 25.58°

Angular error: 33.66°

======================================================================
SCENARIO (EMCEE): ES_MAIN_CC_ALL
======================================================================

Loaded 3800 matched clusters across U, V, X planes
Selected clusters: 251
Running emcee: 64 walkers × 2000 steps...
Acceptance fraction: 8.6%
Mean direction: θ=-172.76°, φ=94.85°
Uncertainties: Δθ=18.04°, Δφ=15.67°
68% credible angle: 22.92°

Angular error: 30.44°

======================================================================
SCENARIO (EMCEE): ES_ALL_CC_SHOWER
======================================================================

Loaded 3800 matched clusters across U, V, X planes
Selected clusters: 251
Running emcee: 64 walkers × 2000 steps...
Acceptance fraction: 8.1%
Mean direction: θ=-171.24°, φ=95.41°
Uncertainties: Δθ=17.85°, Δφ=16.22°
68% credible angle: 21.55°

Angular error: 28.90°

======================================================================
SCENARIO (EMCEE): ES_ALL_CC_ALL
======================================================================

Loaded 3800 matched clusters across U, V, X planes
Selected clusters: 251
Running emcee: 64 walkers × 2000 steps...
Acceptance fraction: 9.1%
Mean direction: θ=-177.40°, φ=99.16°
Uncertainties: Δθ=18.83°, Δφ=12.88°
68% credible angle: 25.39°

Angular error: 35.01°

======================================================================
SCENARIO (EMCEE): ALL_TRACKS_ALL_SHOWERS
======================================================================

Loaded 3800 matched clusters across U, V, X planes
Selected clusters: 3800
Running emcee: 64 walkers × 2000 steps...
Acceptance fraction: 5.8%
Mean direction: θ=-175.87°, φ=108.78°
Uncertainties: Δθ=47.49°, Δφ=20.26°
68% credible angle: 49.31°

Angular error: 35.14°

✓ Saved: /eos/project-e/ep-nu/evilla/sn-pointing/cat000398/pipeline/cat000398_scenario_perfect_ct_emcee.npz

✓ Saved: /eos/project-e/ep-nu/evilla/sn-pointing/cat000398/pipeline/cat000398_scenario_es_main_cc_shower_emcee.npz

✓ Saved: /eos/project-e/ep-nu/evilla/sn-pointing/cat000398/pipeline/cat000398_scenario_es_main_cc_all_emcee.npz

✓ Saved: /eos/project-e/ep-nu/evilla/sn-pointing/cat000398/pipeline/cat000398_scenario_es_all_cc_shower_emcee.npz

✓ Saved: /eos/project-e/ep-nu/evilla/sn-pointing/cat000398/pipeline/cat000398_scenario_es_all_cc_all_emcee.npz

✓ Saved: /eos/project-e/ep-nu/evilla/sn-pointing/cat000398/pipeline/cat000398_scenario_all_tracks_all_showers_emcee.npz
✓ cat000398 completed successfully
