Processing cat000542 with 6 scenarios...
Cat directory: /eos/project-e/ep-nu/evilla/sn-pointing/cat000542
======================================================================
EMCEE RECONSTRUCTION FOR cat000542
======================================================================

Loading PDF from: /eos/home-e/evilla/dune/sn-tps/neural_networks/electron_direction/three_plane_three_plane_v58_200k_lr_schedule_20251118_110931/cosine_energy_pdf.npz
PDF loaded

======================================================================
SCENARIO (EMCEE): BEST_CASE
======================================================================

Loaded 3464 matched main-track clusters across U, V, X planes
Selected 255 ES main tracks
After E > 3 MeV cut: 255 clusters
Running emcee: 64 walkers × 2000 steps...
Acceptance fraction: 11.9%
Mean direction: θ=167.32°, φ=102.76°
Uncertainties: Δθ=33.52°, Δφ=19.97°
68% credible angle: 15.55°

Angular error: 15.91°

======================================================================
SCENARIO (EMCEE): PERFECT_CT
======================================================================

Loaded 3464 matched main-track clusters across U, V, X planes
Selected 255 ES main tracks
Loading ED model from: /eos/home-e/evilla/dune/sn-tps/neural_networks/electron_direction/three_plane_three_plane_v58_200k_lr_schedule_20251118_110931/checkpoints/model_epoch_12_val_loss_0.8898.keras
Running ED inference...
After energy cut: 255 clusters
Running emcee: 64 walkers × 2000 steps...
Acceptance fraction: 7.1%
Mean direction: θ=175.49°, φ=102.96°
Uncertainties: Δθ=20.05°, Δφ=16.84°
68% credible angle: 30.03°

Angular error: 22.83°

======================================================================
SCENARIO (EMCEE): FULL_PIPELINE
======================================================================

Loaded 3464 matched main-track clusters across U, V, X planes
Using all 3464 main-track clusters
Loading CT model from: /eos/user/e/evilla/dune/sn-tps/neural_networks/channel_tagging/ct_volume_v52_batch_reload_20251116_101125/best_model.keras
Running CT inference...
CT selected 3150 ES candidates from 3464 clusters
  ES prob range: [0.000, 1.000]
Loading ED model from: /eos/home-e/evilla/dune/sn-tps/neural_networks/electron_direction/three_plane_three_plane_v58_200k_lr_schedule_20251118_110931/checkpoints/model_epoch_12_val_loss_0.8898.keras
Running ED inference on 3150 clusters...
After E > 3 MeV cut: 3125 clusters
Running emcee: 64 walkers × 2000 steps...
Acceptance fraction: 4.9%
Mean direction: θ=-159.93°, φ=101.05°
Uncertainties: Δθ=52.48°, Δφ=19.71°
68% credible angle: 45.10°

Angular error: 46.02°

======================================================================
SCENARIO (EMCEE): WEIGHTED_CT
======================================================================

Loaded 3464 matched main-track clusters across U, V, X planes
Using all 3464 main-track clusters
Loading CT model from: /eos/user/e/evilla/dune/sn-tps/neural_networks/channel_tagging/ct_volume_v52_batch_reload_20251116_101125/best_model.keras
Running CT inference...
CT selected 3150 ES candidates from 3464 clusters
  ES prob range: [0.000, 1.000]
Loading ED model from: /eos/home-e/evilla/dune/sn-tps/neural_networks/electron_direction/three_plane_three_plane_v58_200k_lr_schedule_20251118_110931/checkpoints/model_epoch_12_val_loss_0.8898.keras
Running ED inference on 3150 clusters...
Using CT weights (ES probabilities)
After E > 3 MeV cut: 3125 clusters
Running weighted MCMC with 3125 weights
Running emcee: 64 walkers × 2000 steps...
Acceptance fraction: 5.2%
Mean direction: θ=-156.12°, φ=103.28°
Uncertainties: Δθ=57.81°, Δφ=24.98°
68% credible angle: 49.05°

Angular error: 48.88°

======================================================================
SCENARIO (EMCEE): PERFECT_CT_E_GT_10MEV
======================================================================

Loaded 3464 matched main-track clusters across U, V, X planes
Selected 255 ES main tracks
Loading ED model from: /eos/home-e/evilla/dune/sn-tps/neural_networks/electron_direction/three_plane_three_plane_v58_200k_lr_schedule_20251118_110931/checkpoints/model_epoch_12_val_loss_0.8898.keras
Running ED inference...
Applying E > 10 MeV cut
After energy cut: 147 clusters
Running emcee: 64 walkers × 2000 steps...
Acceptance fraction: 8.2%
Mean direction: θ=175.94°, φ=104.46°
Uncertainties: Δθ=29.20°, Δφ=22.19°
68% credible angle: 29.70°

Angular error: 22.67°

======================================================================
SCENARIO (EMCEE): PERFECT_CT_E_GT_20MEV
======================================================================

Loaded 3464 matched main-track clusters across U, V, X planes
Selected 255 ES main tracks
Loading ED model from: /eos/home-e/evilla/dune/sn-tps/neural_networks/electron_direction/three_plane_three_plane_v58_200k_lr_schedule_20251118_110931/checkpoints/model_epoch_12_val_loss_0.8898.keras
Running ED inference...
Applying E > 20 MeV cut
After energy cut: 38 clusters
Running emcee: 64 walkers × 2000 steps...
Acceptance fraction: 13.2%
Mean direction: θ=170.02°, φ=107.51°
Uncertainties: Δθ=51.03°, Δφ=22.09°
68% credible angle: 26.17°

Angular error: 16.30°

✓ Saved: /eos/project-e/ep-nu/evilla/sn-pointing/cat000542/pipeline/cat000542_scenario_best_case_emcee.npz

✓ Saved: /eos/project-e/ep-nu/evilla/sn-pointing/cat000542/pipeline/cat000542_scenario_perfect_ct_emcee.npz

✓ Saved: /eos/project-e/ep-nu/evilla/sn-pointing/cat000542/pipeline/cat000542_scenario_full_pipeline_emcee.npz

✓ Saved: /eos/project-e/ep-nu/evilla/sn-pointing/cat000542/pipeline/cat000542_scenario_weighted_ct_emcee.npz

✓ Saved: /eos/project-e/ep-nu/evilla/sn-pointing/cat000542/pipeline/cat000542_scenario_perfect_ct_e_gt_10mev_emcee.npz

✓ Saved: /eos/project-e/ep-nu/evilla/sn-pointing/cat000542/pipeline/cat000542_scenario_perfect_ct_e_gt_20mev_emcee.npz
✓ cat000542 completed successfully
