Processing cat000082 with 6 scenarios...
Cat directory: /eos/project-e/ep-nu/evilla/sn-pointing/cat000082
======================================================================
EMCEE RECONSTRUCTION FOR cat000082
======================================================================

Loading PDF from: /eos/home-e/evilla/dune/sn-tps/neural_networks/electron_direction/three_plane_three_plane_v58_200k_lr_schedule_20251118_110931/cosine_energy_pdf.npz
PDF loaded

======================================================================
SCENARIO (EMCEE): BEST_CASE
======================================================================

Loaded 3678 matched main-track clusters across U, V, X planes
Selected 295 ES main tracks
After E > 3 MeV cut: 295 clusters
Running emcee: 64 walkers × 2000 steps...
Acceptance fraction: 9.5%
Mean direction: θ=76.59°, φ=33.99°
Uncertainties: Δθ=58.31°, Δφ=32.08°
68% credible angle: 25.21°

Angular error: 12.08°

======================================================================
SCENARIO (EMCEE): PERFECT_CT
======================================================================

Loaded 3678 matched main-track clusters across U, V, X planes
Selected 295 ES main tracks
Loading ED model from: /eos/home-e/evilla/dune/sn-tps/neural_networks/electron_direction/three_plane_three_plane_v58_200k_lr_schedule_20251118_110931/checkpoints/model_epoch_12_val_loss_0.8898.keras
Running ED inference...
After energy cut: 295 clusters
Running emcee: 64 walkers × 2000 steps...
Acceptance fraction: 24.9%
Mean direction: θ=88.71°, φ=28.89°
Uncertainties: Δθ=56.57°, Δφ=3.24°
68% credible angle: 26.71°

Angular error: 4.11°

======================================================================
SCENARIO (EMCEE): FULL_PIPELINE
======================================================================

Loaded 3678 matched main-track clusters across U, V, X planes
Using all 3678 main-track clusters
Loading CT model from: /eos/user/e/evilla/dune/sn-tps/neural_networks/channel_tagging/ct_volume_v52_batch_reload_20251116_101125/best_model.keras
Running CT inference...
CT selected 3375 ES candidates from 3678 clusters
  ES prob range: [0.000, 1.000]
Loading ED model from: /eos/home-e/evilla/dune/sn-tps/neural_networks/electron_direction/three_plane_three_plane_v58_200k_lr_schedule_20251118_110931/checkpoints/model_epoch_12_val_loss_0.8898.keras
Running ED inference on 3375 clusters...
After E > 3 MeV cut: 3351 clusters
Running emcee: 64 walkers × 2000 steps...
Acceptance fraction: 3.1%
Mean direction: θ=-139.62°, φ=76.15°
Uncertainties: Δθ=85.30°, Δφ=39.67°
68% credible angle: 98.00°

Angular error: 91.80°

======================================================================
SCENARIO (EMCEE): WEIGHTED_CT
======================================================================

Loaded 3678 matched main-track clusters across U, V, X planes
Using all 3678 main-track clusters
Loading CT model from: /eos/user/e/evilla/dune/sn-tps/neural_networks/channel_tagging/ct_volume_v52_batch_reload_20251116_101125/best_model.keras
Running CT inference...
CT selected 3375 ES candidates from 3678 clusters
  ES prob range: [0.000, 1.000]
Loading ED model from: /eos/home-e/evilla/dune/sn-tps/neural_networks/electron_direction/three_plane_three_plane_v58_200k_lr_schedule_20251118_110931/checkpoints/model_epoch_12_val_loss_0.8898.keras
Running ED inference on 3375 clusters...
Using CT weights (ES probabilities)
After E > 3 MeV cut: 3351 clusters
Running weighted MCMC with 3351 weights
Running emcee: 64 walkers × 2000 steps...
Acceptance fraction: 3.0%
Mean direction: θ=-156.57°, φ=75.16°
Uncertainties: Δθ=114.86°, Δφ=42.34°
68% credible angle: 90.98°

Angular error: 84.55°

======================================================================
SCENARIO (EMCEE): PERFECT_CT_E_GT_10MEV
======================================================================

Loaded 3678 matched main-track clusters across U, V, X planes
Selected 295 ES main tracks
Loading ED model from: /eos/home-e/evilla/dune/sn-tps/neural_networks/electron_direction/three_plane_three_plane_v58_200k_lr_schedule_20251118_110931/checkpoints/model_epoch_12_val_loss_0.8898.keras
Running ED inference...
Applying E > 10 MeV cut
After energy cut: 144 clusters
Running emcee: 64 walkers × 2000 steps...
Acceptance fraction: 17.8%
Mean direction: θ=56.90°, φ=37.40°
Uncertainties: Δθ=80.16°, Δφ=40.37°
68% credible angle: 44.65°

Angular error: 22.44°

======================================================================
SCENARIO (EMCEE): PERFECT_CT_E_GT_20MEV
======================================================================

Loaded 3678 matched main-track clusters across U, V, X planes
Selected 295 ES main tracks
Loading ED model from: /eos/home-e/evilla/dune/sn-tps/neural_networks/electron_direction/three_plane_three_plane_v58_200k_lr_schedule_20251118_110931/checkpoints/model_epoch_12_val_loss_0.8898.keras
Running ED inference...
Applying E > 20 MeV cut
After energy cut: 23 clusters
Running emcee: 64 walkers × 2000 steps...
Acceptance fraction: 24.6%
Mean direction: θ=84.15°, φ=40.39°
Uncertainties: Δθ=55.48°, Δφ=50.13°
68% credible angle: 40.12°

Angular error: 15.62°

✓ Saved: /eos/project-e/ep-nu/evilla/sn-pointing/cat000082/pipeline/cat000082_scenario_best_case_emcee.npz

✓ Saved: /eos/project-e/ep-nu/evilla/sn-pointing/cat000082/pipeline/cat000082_scenario_perfect_ct_emcee.npz

✓ Saved: /eos/project-e/ep-nu/evilla/sn-pointing/cat000082/pipeline/cat000082_scenario_full_pipeline_emcee.npz

✓ Saved: /eos/project-e/ep-nu/evilla/sn-pointing/cat000082/pipeline/cat000082_scenario_weighted_ct_emcee.npz

✓ Saved: /eos/project-e/ep-nu/evilla/sn-pointing/cat000082/pipeline/cat000082_scenario_perfect_ct_e_gt_10mev_emcee.npz

✓ Saved: /eos/project-e/ep-nu/evilla/sn-pointing/cat000082/pipeline/cat000082_scenario_perfect_ct_e_gt_20mev_emcee.npz
✓ cat000082 completed successfully
