Processing cat000543 with 6 scenarios...
Cat directory: /eos/project-e/ep-nu/evilla/sn-pointing/cat000543
======================================================================
EMCEE RECONSTRUCTION FOR cat000543
======================================================================

Loading PDF from: /eos/home-e/evilla/dune/sn-tps/neural_networks/electron_direction/three_plane_three_plane_v58_200k_lr_schedule_20251118_110931/cosine_energy_pdf.npz
PDF loaded

======================================================================
SCENARIO (EMCEE): BEST_CASE
======================================================================

Loaded 3332 matched main-track clusters across U, V, X planes
Selected 155 ES main tracks
After E > 3 MeV cut: 155 clusters
Running emcee: 64 walkers × 2000 steps...
Acceptance fraction: 11.0%
Mean direction: θ=-32.34°, φ=113.48°
Uncertainties: Δθ=33.10°, Δφ=22.43°
68% credible angle: 21.01°

Angular error: 19.91°

======================================================================
SCENARIO (EMCEE): PERFECT_CT
======================================================================

Loaded 3332 matched main-track clusters across U, V, X planes
Selected 155 ES main tracks
Loading ED model from: /eos/home-e/evilla/dune/sn-tps/neural_networks/electron_direction/three_plane_three_plane_v58_200k_lr_schedule_20251118_110931/checkpoints/model_epoch_12_val_loss_0.8898.keras
Running ED inference...
After energy cut: 155 clusters
Running emcee: 64 walkers × 2000 steps...
Acceptance fraction: 16.9%
Mean direction: θ=-33.56°, φ=126.31°
Uncertainties: Δθ=28.94°, Δφ=17.16°
68% credible angle: 21.52°

Angular error: 9.38°

======================================================================
SCENARIO (EMCEE): FULL_PIPELINE
======================================================================

Loaded 3332 matched main-track clusters across U, V, X planes
Using all 3332 main-track clusters
Loading CT model from: /eos/user/e/evilla/dune/sn-tps/neural_networks/channel_tagging/ct_volume_v52_batch_reload_20251116_101125/best_model.keras
Running CT inference...
CT selected 3044 ES candidates from 3332 clusters
  ES prob range: [0.000, 1.000]
Loading ED model from: /eos/home-e/evilla/dune/sn-tps/neural_networks/electron_direction/three_plane_three_plane_v58_200k_lr_schedule_20251118_110931/checkpoints/model_epoch_12_val_loss_0.8898.keras
Running ED inference on 3044 clusters...
After E > 3 MeV cut: 3022 clusters
Running emcee: 64 walkers × 2000 steps...
Acceptance fraction: 4.0%
Mean direction: θ=-92.79°, φ=92.67°
Uncertainties: Δθ=86.67°, Δφ=35.56°
68% credible angle: 98.19°

Angular error: 57.99°

======================================================================
SCENARIO (EMCEE): WEIGHTED_CT
======================================================================

Loaded 3332 matched main-track clusters across U, V, X planes
Using all 3332 main-track clusters
Loading CT model from: /eos/user/e/evilla/dune/sn-tps/neural_networks/channel_tagging/ct_volume_v52_batch_reload_20251116_101125/best_model.keras
Running CT inference...
CT selected 3044 ES candidates from 3332 clusters
  ES prob range: [0.000, 1.000]
Loading ED model from: /eos/home-e/evilla/dune/sn-tps/neural_networks/electron_direction/three_plane_three_plane_v58_200k_lr_schedule_20251118_110931/checkpoints/model_epoch_12_val_loss_0.8898.keras
Running ED inference on 3044 clusters...
Using CT weights (ES probabilities)
After E > 3 MeV cut: 3022 clusters
Running weighted MCMC with 3022 weights
Running emcee: 64 walkers × 2000 steps...
Acceptance fraction: 3.8%
Mean direction: θ=-130.84°, φ=104.18°
Uncertainties: Δθ=88.19°, Δφ=28.95°
68% credible angle: 91.16°

Angular error: 78.35°

======================================================================
SCENARIO (EMCEE): PERFECT_CT_E_GT_10MEV
======================================================================

Loaded 3332 matched main-track clusters across U, V, X planes
Selected 155 ES main tracks
Loading ED model from: /eos/home-e/evilla/dune/sn-tps/neural_networks/electron_direction/three_plane_three_plane_v58_200k_lr_schedule_20251118_110931/checkpoints/model_epoch_12_val_loss_0.8898.keras
Running ED inference...
Applying E > 10 MeV cut
After energy cut: 80 clusters
Running emcee: 64 walkers × 2000 steps...
Acceptance fraction: 12.2%
Mean direction: θ=-39.88°, φ=132.31°
Uncertainties: Δθ=33.91°, Δφ=24.44°
68% credible angle: 27.69°

Angular error: 3.53°

======================================================================
SCENARIO (EMCEE): PERFECT_CT_E_GT_20MEV
======================================================================

Loaded 3332 matched main-track clusters across U, V, X planes
Selected 155 ES main tracks
Loading ED model from: /eos/home-e/evilla/dune/sn-tps/neural_networks/electron_direction/three_plane_three_plane_v58_200k_lr_schedule_20251118_110931/checkpoints/model_epoch_12_val_loss_0.8898.keras
Running ED inference...
Applying E > 20 MeV cut
After energy cut: 20 clusters
Running emcee: 64 walkers × 2000 steps...
Acceptance fraction: 20.4%
Mean direction: θ=-48.05°, φ=119.11°
Uncertainties: Δθ=52.14°, Δφ=34.12°
68% credible angle: 26.14°

Angular error: 12.09°

✓ Saved: /eos/project-e/ep-nu/evilla/sn-pointing/cat000543/pipeline/cat000543_scenario_best_case_emcee.npz

✓ Saved: /eos/project-e/ep-nu/evilla/sn-pointing/cat000543/pipeline/cat000543_scenario_perfect_ct_emcee.npz

✓ Saved: /eos/project-e/ep-nu/evilla/sn-pointing/cat000543/pipeline/cat000543_scenario_full_pipeline_emcee.npz

✓ Saved: /eos/project-e/ep-nu/evilla/sn-pointing/cat000543/pipeline/cat000543_scenario_weighted_ct_emcee.npz

✓ Saved: /eos/project-e/ep-nu/evilla/sn-pointing/cat000543/pipeline/cat000543_scenario_perfect_ct_e_gt_10mev_emcee.npz

✓ Saved: /eos/project-e/ep-nu/evilla/sn-pointing/cat000543/pipeline/cat000543_scenario_perfect_ct_e_gt_20mev_emcee.npz
✓ cat000543 completed successfully
