==================================================================
Processing cat000217 with EMCEE - ALL SCENARIOS
==================================================================
======================================================================
EMCEE RECONSTRUCTION FOR cat000217
======================================================================

Loading PDF from: /eos/home-e/evilla/dune/sn-tps/neural_networks/electron_direction/three_plane_three_plane_v58_200k_lr_schedule_20251118_110931/cosine_energy_pdf.npz
PDF loaded

======================================================================
SCENARIO (EMCEE): PERFECT_CT
======================================================================

Loaded 3552 matched clusters across U, V, X planes
Selected clusters: 279
Running emcee: 64 walkers × 2000 steps...
Acceptance fraction: 6.7%
Mean direction: θ=31.27°, φ=141.04°
Uncertainties: Δθ=34.86°, Δφ=15.08°
68% credible angle: 23.60°

Angular error: 6.55°

======================================================================
SCENARIO (EMCEE): ES_MAIN_CC_SHOWER
======================================================================

Loaded 3552 matched clusters across U, V, X planes
Selected clusters: 279
Running emcee: 64 walkers × 2000 steps...
Acceptance fraction: 7.1%
Mean direction: θ=22.61°, φ=137.04°
Uncertainties: Δθ=38.90°, Δφ=14.76°
68% credible angle: 26.34°

Angular error: 11.04°

======================================================================
SCENARIO (EMCEE): ES_MAIN_CC_ALL
======================================================================

Loaded 3552 matched clusters across U, V, X planes
Selected clusters: 279
Running emcee: 64 walkers × 2000 steps...
Acceptance fraction: 7.6%
Mean direction: θ=-10.16°, φ=143.62°
Uncertainties: Δθ=43.67°, Δφ=13.10°
68% credible angle: 29.08°

Angular error: 22.05°

======================================================================
SCENARIO (EMCEE): ES_ALL_CC_SHOWER
======================================================================

Loaded 3552 matched clusters across U, V, X planes
Selected clusters: 279
Running emcee: 64 walkers × 2000 steps...
Acceptance fraction: 8.4%
Mean direction: θ=15.15°, φ=135.16°
Uncertainties: Δθ=37.27°, Δφ=15.78°
68% credible angle: 31.49°

Angular error: 14.88°

======================================================================
SCENARIO (EMCEE): ES_ALL_CC_ALL
======================================================================

Loaded 3552 matched clusters across U, V, X planes
Selected clusters: 279
Running emcee: 64 walkers × 2000 steps...
Acceptance fraction: 7.4%
Mean direction: θ=12.66°, φ=135.87°
Uncertainties: Δθ=38.53°, Δφ=14.91°
68% credible angle: 31.93°

Angular error: 15.21°

======================================================================
SCENARIO (EMCEE): ALL_TRACKS_ALL_SHOWERS
======================================================================

Loaded 3552 matched clusters across U, V, X planes
Selected clusters: 3552
Running emcee: 64 walkers × 2000 steps...
Acceptance fraction: 3.6%
Mean direction: θ=8.18°, φ=112.21°
Uncertainties: Δθ=130.51°, Δφ=31.53°
68% credible angle: 96.12°

Angular error: 38.27°

✓ Saved: /eos/project-e/ep-nu/evilla/sn-pointing/cat000217/pipeline/cat000217_scenario_perfect_ct_emcee.npz

✓ Saved: /eos/project-e/ep-nu/evilla/sn-pointing/cat000217/pipeline/cat000217_scenario_es_main_cc_shower_emcee.npz

✓ Saved: /eos/project-e/ep-nu/evilla/sn-pointing/cat000217/pipeline/cat000217_scenario_es_main_cc_all_emcee.npz

✓ Saved: /eos/project-e/ep-nu/evilla/sn-pointing/cat000217/pipeline/cat000217_scenario_es_all_cc_shower_emcee.npz

✓ Saved: /eos/project-e/ep-nu/evilla/sn-pointing/cat000217/pipeline/cat000217_scenario_es_all_cc_all_emcee.npz

✓ Saved: /eos/project-e/ep-nu/evilla/sn-pointing/cat000217/pipeline/cat000217_scenario_all_tracks_all_showers_emcee.npz
✓ cat000217 completed successfully
