Processing cat000507 with 6 scenarios...
Cat directory: /eos/project-e/ep-nu/evilla/sn-pointing/cat000507
======================================================================
EMCEE RECONSTRUCTION FOR cat000507
======================================================================

Loading PDF from: /eos/home-e/evilla/dune/sn-tps/neural_networks/electron_direction/three_plane_three_plane_v58_200k_lr_schedule_20251118_110931/cosine_energy_pdf.npz
PDF loaded

======================================================================
SCENARIO (EMCEE): BEST_CASE
======================================================================

Loaded 3541 matched main-track clusters across U, V, X planes
Selected 212 ES main tracks
After E > 3 MeV cut: 212 clusters
Running emcee: 64 walkers × 2000 steps...
Acceptance fraction: 7.1%
Mean direction: θ=-176.32°, φ=101.08°
Uncertainties: Δθ=37.49°, Δφ=24.88°
68% credible angle: 28.64°

Angular error: 8.87°

======================================================================
SCENARIO (EMCEE): PERFECT_CT
======================================================================

Loaded 3541 matched main-track clusters across U, V, X planes
Selected 212 ES main tracks
Loading ED model from: /eos/home-e/evilla/dune/sn-tps/neural_networks/electron_direction/three_plane_three_plane_v58_200k_lr_schedule_20251118_110931/checkpoints/model_epoch_12_val_loss_0.8898.keras
Running ED inference...
After energy cut: 212 clusters
Running emcee: 64 walkers × 2000 steps...
Acceptance fraction: 7.6%
Mean direction: θ=176.90°, φ=108.27°
Uncertainties: Δθ=27.13°, Δφ=16.34°
68% credible angle: 29.29°

Angular error: 2.06°

======================================================================
SCENARIO (EMCEE): FULL_PIPELINE
======================================================================

Loaded 3541 matched main-track clusters across U, V, X planes
Using all 3541 main-track clusters
Loading CT model from: /eos/user/e/evilla/dune/sn-tps/neural_networks/channel_tagging/ct_volume_v52_batch_reload_20251116_101125/best_model.keras
Running CT inference...
CT selected 3213 ES candidates from 3541 clusters
  ES prob range: [0.000, 1.000]
Loading ED model from: /eos/home-e/evilla/dune/sn-tps/neural_networks/electron_direction/three_plane_three_plane_v58_200k_lr_schedule_20251118_110931/checkpoints/model_epoch_12_val_loss_0.8898.keras
Running ED inference on 3213 clusters...
After E > 3 MeV cut: 3195 clusters
Running emcee: 64 walkers × 2000 steps...
Acceptance fraction: 4.0%
Mean direction: θ=175.85°, φ=98.83°
Uncertainties: Δθ=64.51°, Δφ=34.35°
68% credible angle: 70.84°

Angular error: 10.36°

======================================================================
SCENARIO (EMCEE): WEIGHTED_CT
======================================================================

Loaded 3541 matched main-track clusters across U, V, X planes
Using all 3541 main-track clusters
Loading CT model from: /eos/user/e/evilla/dune/sn-tps/neural_networks/channel_tagging/ct_volume_v52_batch_reload_20251116_101125/best_model.keras
Running CT inference...
CT selected 3213 ES candidates from 3541 clusters
  ES prob range: [0.000, 1.000]
Loading ED model from: /eos/home-e/evilla/dune/sn-tps/neural_networks/electron_direction/three_plane_three_plane_v58_200k_lr_schedule_20251118_110931/checkpoints/model_epoch_12_val_loss_0.8898.keras
Running ED inference on 3213 clusters...
Using CT weights (ES probabilities)
After E > 3 MeV cut: 3195 clusters
Running weighted MCMC with 3195 weights
Running emcee: 64 walkers × 2000 steps...
Acceptance fraction: 3.9%
Mean direction: θ=-156.04°, φ=99.00°
Uncertainties: Δθ=54.45°, Δφ=32.31°
68% credible angle: 57.79°

Angular error: 26.06°

======================================================================
SCENARIO (EMCEE): PERFECT_CT_E_GT_10MEV
======================================================================

Loaded 3541 matched main-track clusters across U, V, X planes
Selected 212 ES main tracks
Loading ED model from: /eos/home-e/evilla/dune/sn-tps/neural_networks/electron_direction/three_plane_three_plane_v58_200k_lr_schedule_20251118_110931/checkpoints/model_epoch_12_val_loss_0.8898.keras
Running ED inference...
Applying E > 10 MeV cut
After energy cut: 115 clusters
Running emcee: 64 walkers × 2000 steps...
Acceptance fraction: 10.5%
Mean direction: θ=-177.83°, φ=106.43°
Uncertainties: Δθ=31.18°, Δφ=19.01°
68% credible angle: 27.83°

Angular error: 3.78°

======================================================================
SCENARIO (EMCEE): PERFECT_CT_E_GT_20MEV
======================================================================

Loaded 3541 matched main-track clusters across U, V, X planes
Selected 212 ES main tracks
Loading ED model from: /eos/home-e/evilla/dune/sn-tps/neural_networks/electron_direction/three_plane_three_plane_v58_200k_lr_schedule_20251118_110931/checkpoints/model_epoch_12_val_loss_0.8898.keras
Running ED inference...
Applying E > 20 MeV cut
After energy cut: 27 clusters
Running emcee: 64 walkers × 2000 steps...
Acceptance fraction: 11.1%
Mean direction: θ=-174.61°, φ=102.27°
Uncertainties: Δθ=38.19°, Δφ=19.25°
68% credible angle: 21.64°

Angular error: 8.90°

✓ Saved: /eos/project-e/ep-nu/evilla/sn-pointing/cat000507/pipeline/cat000507_scenario_best_case_emcee.npz

✓ Saved: /eos/project-e/ep-nu/evilla/sn-pointing/cat000507/pipeline/cat000507_scenario_perfect_ct_emcee.npz

✓ Saved: /eos/project-e/ep-nu/evilla/sn-pointing/cat000507/pipeline/cat000507_scenario_full_pipeline_emcee.npz

✓ Saved: /eos/project-e/ep-nu/evilla/sn-pointing/cat000507/pipeline/cat000507_scenario_weighted_ct_emcee.npz

✓ Saved: /eos/project-e/ep-nu/evilla/sn-pointing/cat000507/pipeline/cat000507_scenario_perfect_ct_e_gt_10mev_emcee.npz

✓ Saved: /eos/project-e/ep-nu/evilla/sn-pointing/cat000507/pipeline/cat000507_scenario_perfect_ct_e_gt_20mev_emcee.npz
✓ cat000507 completed successfully
