==================================================================
Processing cat000102 with EMCEE - ALL SCENARIOS
==================================================================
======================================================================
EMCEE RECONSTRUCTION FOR cat000102
======================================================================

Loading PDF from: /eos/home-e/evilla/dune/sn-tps/neural_networks/electron_direction/three_plane_three_plane_v58_200k_lr_schedule_20251118_110931/cosine_energy_pdf.npz
PDF loaded

======================================================================
SCENARIO (EMCEE): PERFECT_CT
======================================================================

Loaded 3398 matched clusters across U, V, X planes
Selected clusters: 237
Running emcee: 64 walkers × 2000 steps...
Acceptance fraction: 9.3%
Mean direction: θ=-160.65°, φ=101.14°
Uncertainties: Δθ=30.52°, Δφ=12.75°
68% credible angle: 33.11°

Angular error: 17.28°

======================================================================
SCENARIO (EMCEE): ES_MAIN_CC_SHOWER
======================================================================

Loaded 3398 matched clusters across U, V, X planes
Selected clusters: 237
Running emcee: 64 walkers × 2000 steps...
Acceptance fraction: 7.4%
Mean direction: θ=-156.95°, φ=98.88°
Uncertainties: Δθ=27.88°, Δφ=14.19°
68% credible angle: 30.19°

Angular error: 14.09°

======================================================================
SCENARIO (EMCEE): ES_MAIN_CC_ALL
======================================================================

Loaded 3398 matched clusters across U, V, X planes
Selected clusters: 237
Running emcee: 64 walkers × 2000 steps...
Acceptance fraction: 7.9%
Mean direction: θ=-156.46°, φ=98.32°
Uncertainties: Δθ=26.84°, Δφ=15.99°
68% credible angle: 29.29°

Angular error: 13.79°

======================================================================
SCENARIO (EMCEE): ES_ALL_CC_SHOWER
======================================================================

Loaded 3398 matched clusters across U, V, X planes
Selected clusters: 237
Running emcee: 64 walkers × 2000 steps...
Acceptance fraction: 8.4%
Mean direction: θ=-148.78°, φ=98.17°
Uncertainties: Δθ=26.23°, Δφ=13.81°
68% credible angle: 22.69°

Angular error: 7.01°

======================================================================
SCENARIO (EMCEE): ES_ALL_CC_ALL
======================================================================

Loaded 3398 matched clusters across U, V, X planes
Selected clusters: 237
Running emcee: 64 walkers × 2000 steps...
Acceptance fraction: 10.1%
Mean direction: θ=-161.60°, φ=98.24°
Uncertainties: Δθ=29.30°, Δφ=14.36°
68% credible angle: 34.27°

Angular error: 18.71°

======================================================================
SCENARIO (EMCEE): ALL_TRACKS_ALL_SHOWERS
======================================================================

Loaded 3398 matched clusters across U, V, X planes
Selected clusters: 3398
Running emcee: 64 walkers × 2000 steps...
Acceptance fraction: 6.0%
Mean direction: θ=-157.53°, φ=106.38°
Uncertainties: Δθ=49.85°, Δφ=26.46°
68% credible angle: 43.07°

Angular error: 14.60°

✓ Saved: /eos/project-e/ep-nu/evilla/sn-pointing/cat000102/pipeline/cat000102_scenario_perfect_ct_emcee.npz

✓ Saved: /eos/project-e/ep-nu/evilla/sn-pointing/cat000102/pipeline/cat000102_scenario_es_main_cc_shower_emcee.npz

✓ Saved: /eos/project-e/ep-nu/evilla/sn-pointing/cat000102/pipeline/cat000102_scenario_es_main_cc_all_emcee.npz

✓ Saved: /eos/project-e/ep-nu/evilla/sn-pointing/cat000102/pipeline/cat000102_scenario_es_all_cc_shower_emcee.npz

✓ Saved: /eos/project-e/ep-nu/evilla/sn-pointing/cat000102/pipeline/cat000102_scenario_es_all_cc_all_emcee.npz

✓ Saved: /eos/project-e/ep-nu/evilla/sn-pointing/cat000102/pipeline/cat000102_scenario_all_tracks_all_showers_emcee.npz
✓ cat000102 completed successfully
