Processing cat000528 with 6 scenarios...
Cat directory: /eos/project-e/ep-nu/evilla/sn-pointing/cat000528
======================================================================
EMCEE RECONSTRUCTION FOR cat000528
======================================================================

Loading PDF from: /eos/home-e/evilla/dune/sn-tps/neural_networks/electron_direction/three_plane_three_plane_v58_200k_lr_schedule_20251118_110931/cosine_energy_pdf.npz
PDF loaded

======================================================================
SCENARIO (EMCEE): BEST_CASE
======================================================================

Loaded 3628 matched main-track clusters across U, V, X planes
Selected 253 ES main tracks
After E > 3 MeV cut: 253 clusters
Running emcee: 64 walkers × 2000 steps...
Acceptance fraction: 9.6%
Mean direction: θ=42.78°, φ=89.28°
Uncertainties: Δθ=20.35°, Δφ=13.50°
68% credible angle: 27.06°

Angular error: 6.68°

======================================================================
SCENARIO (EMCEE): PERFECT_CT
======================================================================

Loaded 3628 matched main-track clusters across U, V, X planes
Selected 253 ES main tracks
Loading ED model from: /eos/home-e/evilla/dune/sn-tps/neural_networks/electron_direction/three_plane_three_plane_v58_200k_lr_schedule_20251118_110931/checkpoints/model_epoch_12_val_loss_0.8898.keras
Running ED inference...
After energy cut: 253 clusters
Running emcee: 64 walkers × 2000 steps...
Acceptance fraction: 11.5%
Mean direction: θ=48.12°, φ=99.67°
Uncertainties: Δθ=18.94°, Δφ=18.01°
68% credible angle: 25.51°

Angular error: 5.03°

======================================================================
SCENARIO (EMCEE): FULL_PIPELINE
======================================================================

Loaded 3628 matched main-track clusters across U, V, X planes
Using all 3628 main-track clusters
Loading CT model from: /eos/user/e/evilla/dune/sn-tps/neural_networks/channel_tagging/ct_volume_v52_batch_reload_20251116_101125/best_model.keras
Running CT inference...
CT selected 3289 ES candidates from 3628 clusters
  ES prob range: [0.000, 1.000]
Loading ED model from: /eos/home-e/evilla/dune/sn-tps/neural_networks/electron_direction/three_plane_three_plane_v58_200k_lr_schedule_20251118_110931/checkpoints/model_epoch_12_val_loss_0.8898.keras
Running ED inference on 3289 clusters...
After E > 3 MeV cut: 3270 clusters
Running emcee: 64 walkers × 2000 steps...
Acceptance fraction: 4.0%
Mean direction: θ=176.91°, φ=90.39°
Uncertainties: Δθ=90.63°, Δφ=32.65°
68% credible angle: 72.86°

Angular error: 130.40°

======================================================================
SCENARIO (EMCEE): WEIGHTED_CT
======================================================================

Loaded 3628 matched main-track clusters across U, V, X planes
Using all 3628 main-track clusters
Loading CT model from: /eos/user/e/evilla/dune/sn-tps/neural_networks/channel_tagging/ct_volume_v52_batch_reload_20251116_101125/best_model.keras
Running CT inference...
CT selected 3289 ES candidates from 3628 clusters
  ES prob range: [0.000, 1.000]
Loading ED model from: /eos/home-e/evilla/dune/sn-tps/neural_networks/electron_direction/three_plane_three_plane_v58_200k_lr_schedule_20251118_110931/checkpoints/model_epoch_12_val_loss_0.8898.keras
Running ED inference on 3289 clusters...
Using CT weights (ES probabilities)
After E > 3 MeV cut: 3270 clusters
Running weighted MCMC with 3270 weights
Running emcee: 64 walkers × 2000 steps...
Acceptance fraction: 3.2%
Mean direction: θ=-160.67°, φ=90.79°
Uncertainties: Δθ=95.30°, Δφ=37.20°
68% credible angle: 87.33°

Angular error: 152.46°

======================================================================
SCENARIO (EMCEE): PERFECT_CT_E_GT_10MEV
======================================================================

Loaded 3628 matched main-track clusters across U, V, X planes
Selected 253 ES main tracks
Loading ED model from: /eos/home-e/evilla/dune/sn-tps/neural_networks/electron_direction/three_plane_three_plane_v58_200k_lr_schedule_20251118_110931/checkpoints/model_epoch_12_val_loss_0.8898.keras
Running ED inference...
Applying E > 10 MeV cut
After energy cut: 133 clusters
Running emcee: 64 walkers × 2000 steps...
Acceptance fraction: 9.9%
Mean direction: θ=42.55°, φ=101.11°
Uncertainties: Δθ=19.42°, Δφ=11.92°
68% credible angle: 22.98°

Angular error: 7.16°

======================================================================
SCENARIO (EMCEE): PERFECT_CT_E_GT_20MEV
======================================================================

Loaded 3628 matched main-track clusters across U, V, X planes
Selected 253 ES main tracks
Loading ED model from: /eos/home-e/evilla/dune/sn-tps/neural_networks/electron_direction/three_plane_three_plane_v58_200k_lr_schedule_20251118_110931/checkpoints/model_epoch_12_val_loss_0.8898.keras
Running ED inference...
Applying E > 20 MeV cut
After energy cut: 30 clusters
Running emcee: 64 walkers × 2000 steps...
Acceptance fraction: 27.1%
Mean direction: θ=62.99°, φ=100.46°
Uncertainties: Δθ=23.20°, Δφ=9.12°
68% credible angle: 17.31°

Angular error: 17.43°

✓ Saved: /eos/project-e/ep-nu/evilla/sn-pointing/cat000528/pipeline/cat000528_scenario_best_case_emcee.npz

✓ Saved: /eos/project-e/ep-nu/evilla/sn-pointing/cat000528/pipeline/cat000528_scenario_perfect_ct_emcee.npz

✓ Saved: /eos/project-e/ep-nu/evilla/sn-pointing/cat000528/pipeline/cat000528_scenario_full_pipeline_emcee.npz

✓ Saved: /eos/project-e/ep-nu/evilla/sn-pointing/cat000528/pipeline/cat000528_scenario_weighted_ct_emcee.npz

✓ Saved: /eos/project-e/ep-nu/evilla/sn-pointing/cat000528/pipeline/cat000528_scenario_perfect_ct_e_gt_10mev_emcee.npz

✓ Saved: /eos/project-e/ep-nu/evilla/sn-pointing/cat000528/pipeline/cat000528_scenario_perfect_ct_e_gt_20mev_emcee.npz
✓ cat000528 completed successfully
