==================================================================
Processing cat000418 with EMCEE - ALL SCENARIOS
==================================================================
======================================================================
EMCEE RECONSTRUCTION FOR cat000418
======================================================================

Loading PDF from: /eos/home-e/evilla/dune/sn-tps/neural_networks/electron_direction/three_plane_three_plane_v58_200k_lr_schedule_20251118_110931/cosine_energy_pdf.npz
PDF loaded

======================================================================
SCENARIO (EMCEE): PERFECT_CT
======================================================================

Loaded 228 matched clusters across U, V, X planes
Selected clusters: 228
Running emcee: 64 walkers × 2000 steps...
Acceptance fraction: 14.1%
Mean direction: θ=-41.40°, φ=96.78°
Uncertainties: Δθ=19.55°, Δφ=14.16°
68% credible angle: 25.40°

Angular error: 7.61°

======================================================================
SCENARIO (EMCEE): ES_MAIN_CC_SHOWER
======================================================================

Loaded 228 matched clusters across U, V, X planes
Selected clusters: 228
Running emcee: 64 walkers × 2000 steps...
Acceptance fraction: 12.5%
Mean direction: θ=-43.96°, φ=97.83°
Uncertainties: Δθ=14.99°, Δφ=15.51°
68% credible angle: 23.70°

Angular error: 5.01°

======================================================================
SCENARIO (EMCEE): ES_MAIN_CC_ALL
======================================================================

Loaded 228 matched clusters across U, V, X planes
Selected clusters: 228
Running emcee: 64 walkers × 2000 steps...
Acceptance fraction: 12.6%
Mean direction: θ=-43.93°, φ=95.23°
Uncertainties: Δθ=29.72°, Δφ=12.80°
68% credible angle: 23.07°

Angular error: 5.62°

======================================================================
SCENARIO (EMCEE): ES_ALL_CC_SHOWER
======================================================================

Loaded 228 matched clusters across U, V, X planes
Selected clusters: 228
Running emcee: 64 walkers × 2000 steps...
Acceptance fraction: 16.2%
Mean direction: θ=-40.79°, φ=96.86°
Uncertainties: Δθ=19.37°, Δφ=13.11°
68% credible angle: 18.47°

Angular error: 8.20°

======================================================================
SCENARIO (EMCEE): ES_ALL_CC_ALL
======================================================================

Loaded 228 matched clusters across U, V, X planes
Selected clusters: 228
Running emcee: 64 walkers × 2000 steps...
Acceptance fraction: 14.3%
Mean direction: θ=-42.92°, φ=103.01°
Uncertainties: Δθ=13.71°, Δφ=16.09°
68% credible angle: 21.05°

Angular error: 8.01°

======================================================================
SCENARIO (EMCEE): ALL_TRACKS_ALL_SHOWERS
======================================================================

Loaded 228 matched clusters across U, V, X planes
Selected clusters: 228
Running emcee: 64 walkers × 2000 steps...
Acceptance fraction: 12.7%
Mean direction: θ=-44.64°, φ=99.38°
Uncertainties: Δθ=21.44°, Δφ=15.64°
68% credible angle: 24.20°

Angular error: 4.64°

✓ Saved: /eos/project-e/ep-nu/evilla/sn-pointing/cat000418/pipeline/cat000418_scenario_perfect_ct_emcee.npz

✓ Saved: /eos/project-e/ep-nu/evilla/sn-pointing/cat000418/pipeline/cat000418_scenario_es_main_cc_shower_emcee.npz

✓ Saved: /eos/project-e/ep-nu/evilla/sn-pointing/cat000418/pipeline/cat000418_scenario_es_main_cc_all_emcee.npz

✓ Saved: /eos/project-e/ep-nu/evilla/sn-pointing/cat000418/pipeline/cat000418_scenario_es_all_cc_shower_emcee.npz

✓ Saved: /eos/project-e/ep-nu/evilla/sn-pointing/cat000418/pipeline/cat000418_scenario_es_all_cc_all_emcee.npz

✓ Saved: /eos/project-e/ep-nu/evilla/sn-pointing/cat000418/pipeline/cat000418_scenario_all_tracks_all_showers_emcee.npz
✓ cat000418 completed successfully
