==================================================================
Processing cat000420 with EMCEE - ALL SCENARIOS
==================================================================
======================================================================
EMCEE RECONSTRUCTION FOR cat000420
======================================================================

Loading PDF from: /eos/home-e/evilla/dune/sn-tps/neural_networks/electron_direction/three_plane_three_plane_v58_200k_lr_schedule_20251118_110931/cosine_energy_pdf.npz
PDF loaded

======================================================================
SCENARIO (EMCEE): PERFECT_CT
======================================================================

Loaded 3589 matched clusters across U, V, X planes
Selected clusters: 234
Running emcee: 64 walkers × 2000 steps...
Acceptance fraction: 15.1%
Mean direction: θ=4.75°, φ=83.66°
Uncertainties: Δθ=18.98°, Δφ=10.91°
68% credible angle: 24.11°

Angular error: 18.38°

======================================================================
SCENARIO (EMCEE): ES_MAIN_CC_SHOWER
======================================================================

Loaded 3589 matched clusters across U, V, X planes
Selected clusters: 234
Running emcee: 64 walkers × 2000 steps...
Acceptance fraction: 18.1%
Mean direction: θ=7.77°, φ=85.86°
Uncertainties: Δθ=17.50°, Δφ=9.59°
68% credible angle: 13.34°

Angular error: 15.50°

======================================================================
SCENARIO (EMCEE): ES_MAIN_CC_ALL
======================================================================

Loaded 3589 matched clusters across U, V, X planes
Selected clusters: 234
Running emcee: 64 walkers × 2000 steps...
Acceptance fraction: 20.2%
Mean direction: θ=8.45°, φ=86.43°
Uncertainties: Δθ=17.37°, Δφ=7.78°
68% credible angle: 13.37°

Angular error: 14.92°

======================================================================
SCENARIO (EMCEE): ES_ALL_CC_SHOWER
======================================================================

Loaded 3589 matched clusters across U, V, X planes
Selected clusters: 234
Running emcee: 64 walkers × 2000 steps...
Acceptance fraction: 17.1%
Mean direction: θ=6.32°, φ=86.38°
Uncertainties: Δθ=17.50°, Δφ=9.26°
68% credible angle: 14.58°

Angular error: 17.01°

======================================================================
SCENARIO (EMCEE): ES_ALL_CC_ALL
======================================================================

Loaded 3589 matched clusters across U, V, X planes
Selected clusters: 234
Running emcee: 64 walkers × 2000 steps...
Acceptance fraction: 15.8%
Mean direction: θ=4.23°, φ=81.32°
Uncertainties: Δθ=20.79°, Δφ=12.25°
68% credible angle: 26.78°

Angular error: 19.04°

======================================================================
SCENARIO (EMCEE): ALL_TRACKS_ALL_SHOWERS
======================================================================

Loaded 3589 matched clusters across U, V, X planes
Selected clusters: 3589
Running emcee: 64 walkers × 2000 steps...
Acceptance fraction: 2.3%
Mean direction: θ=-76.58°, φ=83.22°
Uncertainties: Δθ=94.09°, Δφ=32.85°
68% credible angle: 96.30°

Angular error: 98.98°

✓ Saved: /eos/project-e/ep-nu/evilla/sn-pointing/cat000420/pipeline/cat000420_scenario_perfect_ct_emcee.npz

✓ Saved: /eos/project-e/ep-nu/evilla/sn-pointing/cat000420/pipeline/cat000420_scenario_es_main_cc_shower_emcee.npz

✓ Saved: /eos/project-e/ep-nu/evilla/sn-pointing/cat000420/pipeline/cat000420_scenario_es_main_cc_all_emcee.npz

✓ Saved: /eos/project-e/ep-nu/evilla/sn-pointing/cat000420/pipeline/cat000420_scenario_es_all_cc_shower_emcee.npz

✓ Saved: /eos/project-e/ep-nu/evilla/sn-pointing/cat000420/pipeline/cat000420_scenario_es_all_cc_all_emcee.npz

✓ Saved: /eos/project-e/ep-nu/evilla/sn-pointing/cat000420/pipeline/cat000420_scenario_all_tracks_all_showers_emcee.npz
✓ cat000420 completed successfully
