Processing cat000059 with 6 scenarios...
Cat directory: /eos/project-e/ep-nu/evilla/sn-pointing/cat000059
======================================================================
EMCEE RECONSTRUCTION FOR cat000059
======================================================================

Loading PDF from: /eos/home-e/evilla/dune/sn-tps/neural_networks/electron_direction/three_plane_three_plane_v58_200k_lr_schedule_20251118_110931/cosine_energy_pdf.npz
PDF loaded

======================================================================
SCENARIO (EMCEE): BEST_CASE
======================================================================

Loaded 3685 matched main-track clusters across U, V, X planes
Selected 270 ES main tracks
After E > 3 MeV cut: 270 clusters
Running emcee: 64 walkers × 2000 steps...
Acceptance fraction: 9.1%
Mean direction: θ=41.95°, φ=95.15°
Uncertainties: Δθ=48.35°, Δφ=19.78°
68% credible angle: 28.65°

Angular error: 14.23°

======================================================================
SCENARIO (EMCEE): PERFECT_CT
======================================================================

Loaded 3685 matched main-track clusters across U, V, X planes
Selected 270 ES main tracks
Loading ED model from: /eos/home-e/evilla/dune/sn-tps/neural_networks/electron_direction/three_plane_three_plane_v58_200k_lr_schedule_20251118_110931/checkpoints/model_epoch_12_val_loss_0.8898.keras
Running ED inference...
After energy cut: 270 clusters
Running emcee: 64 walkers × 2000 steps...
Acceptance fraction: 19.1%
Mean direction: θ=36.96°, φ=107.17°
Uncertainties: Δθ=15.75°, Δφ=13.98°
68% credible angle: 21.80°

Angular error: 10.21°

======================================================================
SCENARIO (EMCEE): FULL_PIPELINE
======================================================================

Loaded 3685 matched main-track clusters across U, V, X planes
Using all 3685 main-track clusters
Loading CT model from: /eos/user/e/evilla/dune/sn-tps/neural_networks/charge_topology/best_model.keras

✗ full_pipeline failed: File not found: filepath=/eos/user/e/evilla/dune/sn-tps/neural_networks/charge_topology/best_model.keras. Please ensure the file is an accessible `.keras` zip file.

======================================================================
SCENARIO (EMCEE): WEIGHTED_CT
======================================================================

Loaded 3685 matched main-track clusters across U, V, X planes
Using all 3685 main-track clusters
Loading CT model from: /eos/user/e/evilla/dune/sn-tps/neural_networks/charge_topology/best_model.keras

✗ weighted_ct failed: File not found: filepath=/eos/user/e/evilla/dune/sn-tps/neural_networks/charge_topology/best_model.keras. Please ensure the file is an accessible `.keras` zip file.

======================================================================
SCENARIO (EMCEE): PERFECT_CT_E_GT_10MEV
======================================================================

Loaded 3685 matched main-track clusters across U, V, X planes
Selected 270 ES main tracks
Loading ED model from: /eos/home-e/evilla/dune/sn-tps/neural_networks/electron_direction/three_plane_three_plane_v58_200k_lr_schedule_20251118_110931/checkpoints/model_epoch_12_val_loss_0.8898.keras
Running ED inference...
Applying E > 10 MeV cut
After energy cut: 147 clusters
Running emcee: 64 walkers × 2000 steps...
Acceptance fraction: 20.0%
Mean direction: θ=48.98°, φ=103.05°
Uncertainties: Δθ=18.58°, Δφ=8.76°
68% credible angle: 23.94°

Angular error: 5.37°

======================================================================
SCENARIO (EMCEE): PERFECT_CT_E_GT_20MEV
======================================================================

Loaded 3685 matched main-track clusters across U, V, X planes
Selected 270 ES main tracks
Loading ED model from: /eos/home-e/evilla/dune/sn-tps/neural_networks/electron_direction/three_plane_three_plane_v58_200k_lr_schedule_20251118_110931/checkpoints/model_epoch_12_val_loss_0.8898.keras
Running ED inference...
Applying E > 20 MeV cut
After energy cut: 34 clusters
Running emcee: 64 walkers × 2000 steps...
Acceptance fraction: 37.3%
Mean direction: θ=35.25°, φ=110.27°
Uncertainties: Δθ=7.89°, Δφ=6.25°
68% credible angle: 7.93°

Angular error: 11.85°

✓ Saved: /eos/project-e/ep-nu/evilla/sn-pointing/cat000059/pipeline/cat000059_scenario_best_case_emcee.npz

✓ Saved: /eos/project-e/ep-nu/evilla/sn-pointing/cat000059/pipeline/cat000059_scenario_perfect_ct_emcee.npz

✓ Saved: /eos/project-e/ep-nu/evilla/sn-pointing/cat000059/pipeline/cat000059_scenario_perfect_ct_e_gt_10mev_emcee.npz

✓ Saved: /eos/project-e/ep-nu/evilla/sn-pointing/cat000059/pipeline/cat000059_scenario_perfect_ct_e_gt_20mev_emcee.npz
✓ cat000059 completed successfully
