==================================================================
Processing cat000229 with EMCEE - ALL SCENARIOS
==================================================================
======================================================================
EMCEE RECONSTRUCTION FOR cat000229
======================================================================

Loading PDF from: /eos/home-e/evilla/dune/sn-tps/neural_networks/electron_direction/three_plane_three_plane_v58_200k_lr_schedule_20251118_110931/cosine_energy_pdf.npz
PDF loaded

======================================================================
SCENARIO (EMCEE): PERFECT_CT
======================================================================

Loaded 3775 matched clusters across U, V, X planes
Selected clusters: 305
Running emcee: 64 walkers × 2000 steps...
Acceptance fraction: 13.6%
Mean direction: θ=118.46°, φ=98.32°
Uncertainties: Δθ=67.92°, Δφ=16.57°
68% credible angle: 35.79°

Angular error: 10.26°

======================================================================
SCENARIO (EMCEE): ES_MAIN_CC_SHOWER
======================================================================

Loaded 3775 matched clusters across U, V, X planes
Selected clusters: 305
Running emcee: 64 walkers × 2000 steps...
Acceptance fraction: 13.9%
Mean direction: θ=137.78°, φ=98.70°
Uncertainties: Δθ=81.13°, Δφ=16.20°
68% credible angle: 83.47°

Angular error: 29.22°

======================================================================
SCENARIO (EMCEE): ES_MAIN_CC_ALL
======================================================================

Loaded 3775 matched clusters across U, V, X planes
Selected clusters: 305
Running emcee: 64 walkers × 2000 steps...
Acceptance fraction: 11.8%
Mean direction: θ=140.57°, φ=100.49°
Uncertainties: Δθ=77.88°, Δφ=18.00°
68% credible angle: 58.59°

Angular error: 32.12°

======================================================================
SCENARIO (EMCEE): ES_ALL_CC_SHOWER
======================================================================

Loaded 3775 matched clusters across U, V, X planes
Selected clusters: 305
Running emcee: 64 walkers × 2000 steps...
Acceptance fraction: 14.4%
Mean direction: θ=130.80°, φ=96.37°
Uncertainties: Δθ=71.97°, Δφ=16.26°
68% credible angle: 61.72°

Angular error: 22.22°

======================================================================
SCENARIO (EMCEE): ES_ALL_CC_ALL
======================================================================

Loaded 3775 matched clusters across U, V, X planes
Selected clusters: 305
Running emcee: 64 walkers × 2000 steps...
Acceptance fraction: 10.6%
Mean direction: θ=130.89°, φ=102.02°
Uncertainties: Δθ=89.76°, Δφ=16.44°
68% credible angle: 114.08°

Angular error: 23.03°

======================================================================
SCENARIO (EMCEE): ALL_TRACKS_ALL_SHOWERS
======================================================================

Loaded 3775 matched clusters across U, V, X planes
Selected clusters: 3775
Running emcee: 64 walkers × 2000 steps...
Acceptance fraction: 2.9%
Mean direction: θ=173.01°, φ=102.35°
Uncertainties: Δθ=52.78°, Δφ=26.03°
68% credible angle: 44.80°

Angular error: 63.96°

✓ Saved: /eos/project-e/ep-nu/evilla/sn-pointing/cat000229/pipeline/cat000229_scenario_perfect_ct_emcee.npz

✓ Saved: /eos/project-e/ep-nu/evilla/sn-pointing/cat000229/pipeline/cat000229_scenario_es_main_cc_shower_emcee.npz

✓ Saved: /eos/project-e/ep-nu/evilla/sn-pointing/cat000229/pipeline/cat000229_scenario_es_main_cc_all_emcee.npz

✓ Saved: /eos/project-e/ep-nu/evilla/sn-pointing/cat000229/pipeline/cat000229_scenario_es_all_cc_shower_emcee.npz

✓ Saved: /eos/project-e/ep-nu/evilla/sn-pointing/cat000229/pipeline/cat000229_scenario_es_all_cc_all_emcee.npz

✓ Saved: /eos/project-e/ep-nu/evilla/sn-pointing/cat000229/pipeline/cat000229_scenario_all_tracks_all_showers_emcee.npz
✓ cat000229 completed successfully
