000 (13791414.224.000) 11/20 04:32:06 Job submitted from host: <188.184.90.62:9618?addrs=188.184.90.62-9618+[2001-1458-201-e4--100-238]-9618&alias=bigbird16.cern.ch&noUDP&sock=schedd_5196_9a2f>
...
040 (13791414.224.000) 11/20 04:46:19 Started transferring input files
	Transferring to host: <188.185.190.36:9618?addrs=188.185.190.36-9618+[2001-1458-d03-b--100-44]-9618&alias=b9pgpun206.cern.ch&noUDP&sock=slot1_1_3213_995c_3999>
...
040 (13791414.224.000) 11/20 04:46:19 Finished transferring input files
...
001 (13791414.224.000) 11/20 04:46:20 Job executing on host: <188.185.190.36:9618?addrs=188.185.190.36-9618+[2001-1458-d03-b--100-44]-9618&alias=b9pgpun206.cern.ch&noUDP&sock=startd_2639_b685>
	SlotName: slot1_1@b9pgpun206.cern.ch
	AvailableGPUs = { GPUs_MIG_3c3f03d5_8a61_5b82_ab18_5a74e0f14a8e }
	CondorScratchDir = "/pool/condor/dir_1868156"
	Cpus = 11
	Disk = 4195305
	GPUs = 1
	GPUs_MIG_3c3f03d5_8a61_5b82_ab18_5a74e0f14a8e = [ Id = "MIG-3c3f03d5-8a61-5b82-ab18-5a74e0f14a8e"; DeviceName = "NVIDIA H100L-2-24C MIG 2g.24gb"; DeviceUuid = "MIG-3c3f03d5-8a61-5b82-ab18-5a74e0f14a8e"; ComputeUnits = 32; GlobalMemoryMb = 21547 ]
	Memory = 33000
...
006 (13791414.224.000) 11/20 04:46:34 Image size of job updated: 309116
	302  -  MemoryUsage of job (MB)
	309116  -  ResidentSetSize of job (KB)
...
006 (13791414.224.000) 11/20 04:48:24 Image size of job updated: 1433620
	302  -  MemoryUsage of job (MB)
	309116  -  ResidentSetSize of job (KB)
...
040 (13791414.224.000) 11/20 04:48:24 Started transferring output files
...
040 (13791414.224.000) 11/20 04:48:24 Finished transferring output files
...
005 (13791414.224.000) 11/20 04:48:24 Job terminated.
	(1) Normal termination (return value 0)
		Usr 0 00:02:45, Sys 0 00:00:05  -  Run Remote Usage
		Usr 0 00:00:00, Sys 0 00:00:00  -  Run Local Usage
		Usr 0 00:02:45, Sys 0 00:00:05  -  Total Remote Usage
		Usr 0 00:00:00, Sys 0 00:00:00  -  Total Local Usage
	15430  -  Run Bytes Sent By Job
	1323  -  Run Bytes Received By Job
	15430  -  Total Bytes Sent By Job
	1323  -  Total Bytes Received By Job
	Partitionable Resources :    Usage  Request Allocated Assigned
	   Cpus                 :     0.03       11        11 
	   Disk (KB)            :    41     4194304   4195305 
	   GPUs                 :                 1         1 "MIG-3c3f03d5-8a61-5b82-ab18-5a74e0f14a8e"
	   Memory (MB)          :   302       33000     33000 
	   TimeExecute (s)      :   124                       
	   TimeSlotBusy (s)     :   125                       

	Job terminated of its own accord at 2025-11-20T03:48:24Z with exit-code 0.
...
