Processing cat000529 with 6 scenarios...
Cat directory: /eos/project-e/ep-nu/evilla/sn-pointing/cat000529
======================================================================
EMCEE RECONSTRUCTION FOR cat000529
======================================================================

Loading PDF from: /eos/home-e/evilla/dune/sn-tps/neural_networks/electron_direction/three_plane_three_plane_v58_200k_lr_schedule_20251118_110931/cosine_energy_pdf.npz
PDF loaded

======================================================================
SCENARIO (EMCEE): BEST_CASE
======================================================================

Loaded 3696 matched main-track clusters across U, V, X planes
Selected 276 ES main tracks
After E > 3 MeV cut: 276 clusters
Running emcee: 64 walkers × 2000 steps...
Acceptance fraction: 11.1%
Mean direction: θ=-99.59°, φ=90.93°
Uncertainties: Δθ=118.56°, Δφ=23.22°
68% credible angle: 148.06°

Angular error: 7.82°

======================================================================
SCENARIO (EMCEE): PERFECT_CT
======================================================================

Loaded 3696 matched main-track clusters across U, V, X planes
Selected 276 ES main tracks
Loading ED model from: /eos/home-e/evilla/dune/sn-tps/neural_networks/electron_direction/three_plane_three_plane_v58_200k_lr_schedule_20251118_110931/checkpoints/model_epoch_12_val_loss_0.8898.keras
Running ED inference...
After energy cut: 276 clusters
Running emcee: 64 walkers × 2000 steps...
Acceptance fraction: 9.5%
Mean direction: θ=-134.15°, φ=89.43°
Uncertainties: Δθ=82.16°, Δφ=16.66°
68% credible angle: 113.05°

Angular error: 30.19°

======================================================================
SCENARIO (EMCEE): FULL_PIPELINE
======================================================================

Loaded 3696 matched main-track clusters across U, V, X planes
Using all 3696 main-track clusters
Loading CT model from: /eos/user/e/evilla/dune/sn-tps/neural_networks/channel_tagging/ct_volume_v52_batch_reload_20251116_101125/best_model.keras
Running CT inference...
CT selected 3376 ES candidates from 3696 clusters
  ES prob range: [0.000, 1.000]
Loading ED model from: /eos/home-e/evilla/dune/sn-tps/neural_networks/electron_direction/three_plane_three_plane_v58_200k_lr_schedule_20251118_110931/checkpoints/model_epoch_12_val_loss_0.8898.keras
Running ED inference on 3376 clusters...
After E > 3 MeV cut: 3359 clusters
Running emcee: 64 walkers × 2000 steps...
Acceptance fraction: 3.0%
Mean direction: θ=-154.33°, φ=99.44°
Uncertainties: Δθ=61.88°, Δφ=24.92°
68% credible angle: 69.52°

Angular error: 49.07°

======================================================================
SCENARIO (EMCEE): WEIGHTED_CT
======================================================================

Loaded 3696 matched main-track clusters across U, V, X planes
Using all 3696 main-track clusters
Loading CT model from: /eos/user/e/evilla/dune/sn-tps/neural_networks/channel_tagging/ct_volume_v52_batch_reload_20251116_101125/best_model.keras
Running CT inference...
CT selected 3376 ES candidates from 3696 clusters
  ES prob range: [0.000, 1.000]
Loading ED model from: /eos/home-e/evilla/dune/sn-tps/neural_networks/electron_direction/three_plane_three_plane_v58_200k_lr_schedule_20251118_110931/checkpoints/model_epoch_12_val_loss_0.8898.keras
Running ED inference on 3376 clusters...
Using CT weights (ES probabilities)
After E > 3 MeV cut: 3359 clusters
Running weighted MCMC with 3359 weights
Running emcee: 64 walkers × 2000 steps...
Acceptance fraction: 3.5%
Mean direction: θ=-157.62°, φ=99.53°
Uncertainties: Δθ=66.36°, Δφ=25.36°
68% credible angle: 74.97°

Angular error: 52.31°

======================================================================
SCENARIO (EMCEE): PERFECT_CT_E_GT_10MEV
======================================================================

Loaded 3696 matched main-track clusters across U, V, X planes
Selected 276 ES main tracks
Loading ED model from: /eos/home-e/evilla/dune/sn-tps/neural_networks/electron_direction/three_plane_three_plane_v58_200k_lr_schedule_20251118_110931/checkpoints/model_epoch_12_val_loss_0.8898.keras
Running ED inference...
Applying E > 10 MeV cut
After energy cut: 160 clusters
Running emcee: 64 walkers × 2000 steps...
Acceptance fraction: 9.0%
Mean direction: θ=-109.61°, φ=89.57°
Uncertainties: Δθ=76.84°, Δφ=19.07°
68% credible angle: 29.87°

Angular error: 8.65°

======================================================================
SCENARIO (EMCEE): PERFECT_CT_E_GT_20MEV
======================================================================

Loaded 3696 matched main-track clusters across U, V, X planes
Selected 276 ES main tracks
Loading ED model from: /eos/home-e/evilla/dune/sn-tps/neural_networks/electron_direction/three_plane_three_plane_v58_200k_lr_schedule_20251118_110931/checkpoints/model_epoch_12_val_loss_0.8898.keras
Running ED inference...
Applying E > 20 MeV cut
After energy cut: 43 clusters
Running emcee: 64 walkers × 2000 steps...
Acceptance fraction: 10.0%
Mean direction: θ=-99.79°, φ=93.28°
Uncertainties: Δθ=116.97°, Δφ=14.07°
68% credible angle: 152.59°

Angular error: 6.08°

✓ Saved: /eos/project-e/ep-nu/evilla/sn-pointing/cat000529/pipeline/cat000529_scenario_best_case_emcee.npz

✓ Saved: /eos/project-e/ep-nu/evilla/sn-pointing/cat000529/pipeline/cat000529_scenario_perfect_ct_emcee.npz

✓ Saved: /eos/project-e/ep-nu/evilla/sn-pointing/cat000529/pipeline/cat000529_scenario_full_pipeline_emcee.npz

✓ Saved: /eos/project-e/ep-nu/evilla/sn-pointing/cat000529/pipeline/cat000529_scenario_weighted_ct_emcee.npz

✓ Saved: /eos/project-e/ep-nu/evilla/sn-pointing/cat000529/pipeline/cat000529_scenario_perfect_ct_e_gt_10mev_emcee.npz

✓ Saved: /eos/project-e/ep-nu/evilla/sn-pointing/cat000529/pipeline/cat000529_scenario_perfect_ct_e_gt_20mev_emcee.npz
✓ cat000529 completed successfully
