Processing cat000405 with 6 scenarios...
Cat directory: /eos/project-e/ep-nu/evilla/sn-pointing/cat000405
======================================================================
EMCEE RECONSTRUCTION FOR cat000405
======================================================================

Loading PDF from: /eos/home-e/evilla/dune/sn-tps/neural_networks/electron_direction/three_plane_three_plane_v58_200k_lr_schedule_20251118_110931/cosine_energy_pdf.npz
PDF loaded

======================================================================
SCENARIO (EMCEE): BEST_CASE
======================================================================

Loaded 3682 matched main-track clusters across U, V, X planes
Selected 276 ES main tracks
After E > 3 MeV cut: 276 clusters
Running emcee: 64 walkers × 2000 steps...
Acceptance fraction: 9.6%
Mean direction: θ=114.46°, φ=66.85°
Uncertainties: Δθ=48.78°, Δφ=33.02°
68% credible angle: 37.46°

Angular error: 17.66°

======================================================================
SCENARIO (EMCEE): PERFECT_CT
======================================================================

Loaded 3682 matched main-track clusters across U, V, X planes
Selected 276 ES main tracks
Loading ED model from: /eos/home-e/evilla/dune/sn-tps/neural_networks/electron_direction/three_plane_three_plane_v58_200k_lr_schedule_20251118_110931/checkpoints/model_epoch_12_val_loss_0.8898.keras
Running ED inference...
After energy cut: 276 clusters
Running emcee: 64 walkers × 2000 steps...
Acceptance fraction: 9.3%
Mean direction: θ=125.67°, φ=57.32°
Uncertainties: Δθ=67.58°, Δφ=23.64°
68% credible angle: 47.86°

Angular error: 28.73°

======================================================================
SCENARIO (EMCEE): FULL_PIPELINE
======================================================================

Loaded 3682 matched main-track clusters across U, V, X planes
Using all 3682 main-track clusters
Loading CT model from: /eos/user/e/evilla/dune/sn-tps/neural_networks/channel_tagging/ct_volume_v52_batch_reload_20251116_101125/best_model.keras
Running CT inference...
CT selected 3363 ES candidates from 3682 clusters
  ES prob range: [0.000, 1.000]
Loading ED model from: /eos/home-e/evilla/dune/sn-tps/neural_networks/electron_direction/three_plane_three_plane_v58_200k_lr_schedule_20251118_110931/checkpoints/model_epoch_12_val_loss_0.8898.keras
Running ED inference on 3363 clusters...
After E > 3 MeV cut: 3343 clusters
Running emcee: 64 walkers × 2000 steps...
Acceptance fraction: 6.1%
Mean direction: θ=-132.88°, φ=86.86°
Uncertainties: Δθ=71.16°, Δφ=29.69°
68% credible angle: 88.18°

Angular error: 126.51°

======================================================================
SCENARIO (EMCEE): WEIGHTED_CT
======================================================================

Loaded 3682 matched main-track clusters across U, V, X planes
Using all 3682 main-track clusters
Loading CT model from: /eos/user/e/evilla/dune/sn-tps/neural_networks/channel_tagging/ct_volume_v52_batch_reload_20251116_101125/best_model.keras
Running CT inference...
CT selected 3363 ES candidates from 3682 clusters
  ES prob range: [0.000, 1.000]
Loading ED model from: /eos/home-e/evilla/dune/sn-tps/neural_networks/electron_direction/three_plane_three_plane_v58_200k_lr_schedule_20251118_110931/checkpoints/model_epoch_12_val_loss_0.8898.keras
Running ED inference on 3363 clusters...
Using CT weights (ES probabilities)
After E > 3 MeV cut: 3343 clusters
Running weighted MCMC with 3343 weights
Running emcee: 64 walkers × 2000 steps...
Acceptance fraction: 4.2%
Mean direction: θ=-153.53°, φ=86.69°
Uncertainties: Δθ=81.54°, Δφ=26.01°
68% credible angle: 81.98°

Angular error: 108.14°

======================================================================
SCENARIO (EMCEE): PERFECT_CT_E_GT_10MEV
======================================================================

Loaded 3682 matched main-track clusters across U, V, X planes
Selected 276 ES main tracks
Loading ED model from: /eos/home-e/evilla/dune/sn-tps/neural_networks/electron_direction/three_plane_three_plane_v58_200k_lr_schedule_20251118_110931/checkpoints/model_epoch_12_val_loss_0.8898.keras
Running ED inference...
Applying E > 10 MeV cut
After energy cut: 156 clusters
Running emcee: 64 walkers × 2000 steps...
Acceptance fraction: 8.8%
Mean direction: θ=166.36°, φ=72.23°
Uncertainties: Δθ=112.82°, Δφ=16.15°
68% credible angle: 78.82°

Angular error: 66.29°

======================================================================
SCENARIO (EMCEE): PERFECT_CT_E_GT_20MEV
======================================================================

Loaded 3682 matched main-track clusters across U, V, X planes
Selected 276 ES main tracks
Loading ED model from: /eos/home-e/evilla/dune/sn-tps/neural_networks/electron_direction/three_plane_three_plane_v58_200k_lr_schedule_20251118_110931/checkpoints/model_epoch_12_val_loss_0.8898.keras
Running ED inference...
Applying E > 20 MeV cut
After energy cut: 38 clusters
Running emcee: 64 walkers × 2000 steps...
Acceptance fraction: 18.8%
Mean direction: θ=165.66°, φ=80.06°
Uncertainties: Δθ=108.71°, Δφ=12.09°
68% credible angle: 87.29°

Angular error: 68.16°

✓ Saved: /eos/project-e/ep-nu/evilla/sn-pointing/cat000405/pipeline/cat000405_scenario_best_case_emcee.npz

✓ Saved: /eos/project-e/ep-nu/evilla/sn-pointing/cat000405/pipeline/cat000405_scenario_perfect_ct_emcee.npz

✓ Saved: /eos/project-e/ep-nu/evilla/sn-pointing/cat000405/pipeline/cat000405_scenario_full_pipeline_emcee.npz

✓ Saved: /eos/project-e/ep-nu/evilla/sn-pointing/cat000405/pipeline/cat000405_scenario_weighted_ct_emcee.npz

✓ Saved: /eos/project-e/ep-nu/evilla/sn-pointing/cat000405/pipeline/cat000405_scenario_perfect_ct_e_gt_10mev_emcee.npz

✓ Saved: /eos/project-e/ep-nu/evilla/sn-pointing/cat000405/pipeline/cat000405_scenario_perfect_ct_e_gt_20mev_emcee.npz
✓ cat000405 completed successfully
