Processing cat000361 with 6 scenarios...
Cat directory: /eos/project-e/ep-nu/evilla/sn-pointing/cat000361
======================================================================
EMCEE RECONSTRUCTION FOR cat000361
======================================================================

Loading PDF from: /eos/home-e/evilla/dune/sn-tps/neural_networks/electron_direction/three_plane_three_plane_v58_200k_lr_schedule_20251118_110931/cosine_energy_pdf.npz
PDF loaded

======================================================================
SCENARIO (EMCEE): BEST_CASE
======================================================================

Loaded 3760 matched main-track clusters across U, V, X planes
Selected 310 ES main tracks
After E > 3 MeV cut: 310 clusters
Running emcee: 64 walkers × 2000 steps...
Acceptance fraction: 6.7%
Mean direction: θ=-128.57°, φ=127.23°
Uncertainties: Δθ=37.43°, Δφ=24.63°
68% credible angle: 34.76°

Angular error: 13.97°

======================================================================
SCENARIO (EMCEE): PERFECT_CT
======================================================================

Loaded 3760 matched main-track clusters across U, V, X planes
Selected 310 ES main tracks
Loading ED model from: /eos/home-e/evilla/dune/sn-tps/neural_networks/electron_direction/three_plane_three_plane_v58_200k_lr_schedule_20251118_110931/checkpoints/model_epoch_12_val_loss_0.8898.keras
Running ED inference...
After energy cut: 310 clusters
Running emcee: 64 walkers × 2000 steps...
Acceptance fraction: 10.6%
Mean direction: θ=-155.54°, φ=140.48°
Uncertainties: Δθ=45.47°, Δφ=17.94°
68% credible angle: 30.87°

Angular error: 28.96°

======================================================================
SCENARIO (EMCEE): FULL_PIPELINE
======================================================================

Loaded 3760 matched main-track clusters across U, V, X planes
Using all 3760 main-track clusters
Loading CT model from: /eos/user/e/evilla/dune/sn-tps/neural_networks/channel_tagging/ct_volume_v52_batch_reload_20251116_101125/best_model.keras
Running CT inference...
CT selected 3428 ES candidates from 3760 clusters
  ES prob range: [0.000, 1.000]
Loading ED model from: /eos/home-e/evilla/dune/sn-tps/neural_networks/electron_direction/three_plane_three_plane_v58_200k_lr_schedule_20251118_110931/checkpoints/model_epoch_12_val_loss_0.8898.keras
Running ED inference on 3428 clusters...
After E > 3 MeV cut: 3411 clusters
Running emcee: 64 walkers × 2000 steps...
Acceptance fraction: 3.8%
Mean direction: θ=-162.75°, φ=112.39°
Uncertainties: Δθ=57.60°, Δφ=32.93°
68% credible angle: 58.07°

Angular error: 46.26°

======================================================================
SCENARIO (EMCEE): WEIGHTED_CT
======================================================================

Loaded 3760 matched main-track clusters across U, V, X planes
Using all 3760 main-track clusters
Loading CT model from: /eos/user/e/evilla/dune/sn-tps/neural_networks/channel_tagging/ct_volume_v52_batch_reload_20251116_101125/best_model.keras
Running CT inference...
CT selected 3428 ES candidates from 3760 clusters
  ES prob range: [0.000, 1.000]
Loading ED model from: /eos/home-e/evilla/dune/sn-tps/neural_networks/electron_direction/three_plane_three_plane_v58_200k_lr_schedule_20251118_110931/checkpoints/model_epoch_12_val_loss_0.8898.keras
Running ED inference on 3428 clusters...
Using CT weights (ES probabilities)
After E > 3 MeV cut: 3411 clusters
Running weighted MCMC with 3411 weights
Running emcee: 64 walkers × 2000 steps...
Acceptance fraction: 4.2%
Mean direction: θ=-157.39°, φ=112.77°
Uncertainties: Δθ=60.27°, Δφ=30.33°
68% credible angle: 64.28°

Angular error: 42.30°

======================================================================
SCENARIO (EMCEE): PERFECT_CT_E_GT_10MEV
======================================================================

Loaded 3760 matched main-track clusters across U, V, X planes
Selected 310 ES main tracks
Loading ED model from: /eos/home-e/evilla/dune/sn-tps/neural_networks/electron_direction/three_plane_three_plane_v58_200k_lr_schedule_20251118_110931/checkpoints/model_epoch_12_val_loss_0.8898.keras
Running ED inference...
Applying E > 10 MeV cut
After energy cut: 171 clusters
Running emcee: 64 walkers × 2000 steps...
Acceptance fraction: 15.3%
Mean direction: θ=-151.60°, φ=141.00°
Uncertainties: Δθ=35.80°, Δφ=14.01°
68% credible angle: 21.68°

Angular error: 26.43°

======================================================================
SCENARIO (EMCEE): PERFECT_CT_E_GT_20MEV
======================================================================

Loaded 3760 matched main-track clusters across U, V, X planes
Selected 310 ES main tracks
Loading ED model from: /eos/home-e/evilla/dune/sn-tps/neural_networks/electron_direction/three_plane_three_plane_v58_200k_lr_schedule_20251118_110931/checkpoints/model_epoch_12_val_loss_0.8898.keras
Running ED inference...
Applying E > 20 MeV cut
After energy cut: 36 clusters
Running emcee: 64 walkers × 2000 steps...
Acceptance fraction: 23.5%
Mean direction: θ=-137.77°, φ=113.91°
Uncertainties: Δθ=74.60°, Δφ=50.34°
68% credible angle: 58.47°

Angular error: 29.00°

✓ Saved: /eos/project-e/ep-nu/evilla/sn-pointing/cat000361/pipeline/cat000361_scenario_best_case_emcee.npz

✓ Saved: /eos/project-e/ep-nu/evilla/sn-pointing/cat000361/pipeline/cat000361_scenario_perfect_ct_emcee.npz

✓ Saved: /eos/project-e/ep-nu/evilla/sn-pointing/cat000361/pipeline/cat000361_scenario_full_pipeline_emcee.npz

✓ Saved: /eos/project-e/ep-nu/evilla/sn-pointing/cat000361/pipeline/cat000361_scenario_weighted_ct_emcee.npz

✓ Saved: /eos/project-e/ep-nu/evilla/sn-pointing/cat000361/pipeline/cat000361_scenario_perfect_ct_e_gt_10mev_emcee.npz

✓ Saved: /eos/project-e/ep-nu/evilla/sn-pointing/cat000361/pipeline/cat000361_scenario_perfect_ct_e_gt_20mev_emcee.npz
✓ cat000361 completed successfully
