000 (13791725.068.000) 11/20 10:34:57 Job submitted from host: <188.184.90.62:9618?addrs=188.184.90.62-9618+[2001-1458-201-e4--100-238]-9618&alias=bigbird16.cern.ch&noUDP&sock=schedd_5196_9a2f>
...
040 (13791725.068.000) 11/20 10:43:00 Started transferring input files
	Transferring to host: <188.185.93.215:9618?addrs=188.185.93.215-9618+[2001-1458-d00-6c--100-1a1]-9618&alias=b9g57n9256.cern.ch&noUDP&sock=slot1_1_4692_b038_9146>
...
040 (13791725.068.000) 11/20 10:43:00 Finished transferring input files
...
001 (13791725.068.000) 11/20 10:43:01 Job executing on host: <188.185.93.215:9618?addrs=188.185.93.215-9618+[2001-1458-d00-6c--100-1a1]-9618&alias=b9g57n9256.cern.ch&noUDP&sock=startd_4277_3ea6>
	SlotName: slot1_1@b9g57n9256.cern.ch
	AvailableGPUs = { GPUs_GPU_98abf9b0 }
	CondorScratchDir = "/pool/condor/dir_1467586"
	Cpus = 11
	Disk = 4195078
	GPUs = 1
	GPUs_GPU_98abf9b0 = [ Id = "GPU-98abf9b0"; ClockMhz = 1410.0; Capability = 8.0; CoresPerCU = 64; DeviceName = "NVIDIA A100-PCIE-40GB"; DeviceUuid = "98abf9b0-4cf0-2f3a-0389-7e0c059ea829"; ECCEnabled = true; ComputeUnits = 108; DriverVersion = 13.0; DevicePciBusId = "0000:06:00.0"; GlobalMemoryMb = 40441; MaxSupportedVersion = 13000 ]
	Memory = 33000
...
006 (13791725.068.000) 11/20 10:43:14 Image size of job updated: 314284
	307  -  MemoryUsage of job (MB)
	314284  -  ResidentSetSize of job (KB)
...
006 (13791725.068.000) 11/20 10:45:53 Image size of job updated: 2120436
	307  -  MemoryUsage of job (MB)
	314284  -  ResidentSetSize of job (KB)
...
040 (13791725.068.000) 11/20 10:45:53 Started transferring output files
...
040 (13791725.068.000) 11/20 10:45:53 Finished transferring output files
...
005 (13791725.068.000) 11/20 10:45:53 Job terminated.
	(1) Normal termination (return value 0)
		Usr 0 00:05:19, Sys 0 00:00:31  -  Run Remote Usage
		Usr 0 00:00:00, Sys 0 00:00:00  -  Run Local Usage
		Usr 0 00:05:19, Sys 0 00:00:31  -  Total Remote Usage
		Usr 0 00:00:00, Sys 0 00:00:00  -  Total Local Usage
	17484  -  Run Bytes Sent By Job
	1411571  -  Run Bytes Received By Job
	17484  -  Total Bytes Sent By Job
	1411571  -  Total Bytes Received By Job
	Partitionable Resources :    Usage  Request Allocated Assigned
	   Cpus                 :     1.00       11        11 
	   Disk (KB)            :  1421     4194304   4195078 
	   GPUs                 :     0           1         1 "GPU-98abf9b0"
	   GpusMemory (MB)      :   526                       
	   Memory (MB)          :   307       33000     33000 
	   TimeExecute (s)      :   172                       
	   TimeSlotBusy (s)     :   174                       

	Job terminated of its own accord at 2025-11-20T09:45:53Z with exit-code 0.
...
