Processing cat000002 with 6 scenarios...
Cat directory: /eos/project-e/ep-nu/evilla/sn-pointing/cat000002
======================================================================
EMCEE RECONSTRUCTION FOR cat000002
======================================================================

Loading PDF from: /eos/home-e/evilla/dune/sn-tps/neural_networks/electron_direction/three_plane_three_plane_v58_200k_lr_schedule_20251118_110931/cosine_energy_pdf.npz
PDF loaded

======================================================================
SCENARIO (EMCEE): BEST_CASE
======================================================================

Loaded 3887 matched main-track clusters across U, V, X planes
Selected 294 ES main tracks
After E > 3 MeV cut: 294 clusters
Running emcee: 64 walkers × 2000 steps...
Acceptance fraction: 6.1%
Mean direction: θ=-59.03°, φ=84.23°
Uncertainties: Δθ=35.09°, Δφ=19.27°
68% credible angle: 26.21°

Angular error: 4.99°

======================================================================
SCENARIO (EMCEE): PERFECT_CT
======================================================================

Loaded 3887 matched main-track clusters across U, V, X planes
Selected 294 ES main tracks
Loading ED model from: /eos/home-e/evilla/dune/sn-tps/neural_networks/electron_direction/three_plane_three_plane_v58_200k_lr_schedule_20251118_110931/checkpoints/model_epoch_12_val_loss_0.8898.keras
Running ED inference...
After energy cut: 294 clusters
Running emcee: 64 walkers × 2000 steps...
Acceptance fraction: 23.2%
Mean direction: θ=-55.03°, φ=78.62°
Uncertainties: Δθ=14.19°, Δφ=10.71°
68% credible angle: 11.29°

Angular error: 1.92°

======================================================================
SCENARIO (EMCEE): FULL_PIPELINE
======================================================================

Loaded 3887 matched main-track clusters across U, V, X planes
Using all 3887 main-track clusters
Loading CT model from: /eos/user/e/evilla/dune/sn-tps/neural_networks/channel_tagging/ct_volume_v52_batch_reload_20251116_101125/best_model.keras
Running CT inference...
CT selected 3542 ES candidates from 3887 clusters
  ES prob range: [0.000, 1.000]
Loading ED model from: /eos/home-e/evilla/dune/sn-tps/neural_networks/electron_direction/three_plane_three_plane_v58_200k_lr_schedule_20251118_110931/checkpoints/model_epoch_12_val_loss_0.8898.keras
Running ED inference on 3542 clusters...
After E > 3 MeV cut: 3522 clusters
Running emcee: 64 walkers × 2000 steps...
Acceptance fraction: 6.5%
Mean direction: θ=-146.26°, φ=103.59°
Uncertainties: Δθ=74.59°, Δφ=29.62°
68% credible angle: 84.09°

Angular error: 92.19°

======================================================================
SCENARIO (EMCEE): WEIGHTED_CT
======================================================================

Loaded 3887 matched main-track clusters across U, V, X planes
Using all 3887 main-track clusters
Loading CT model from: /eos/user/e/evilla/dune/sn-tps/neural_networks/channel_tagging/ct_volume_v52_batch_reload_20251116_101125/best_model.keras
Running CT inference...
CT selected 3542 ES candidates from 3887 clusters
  ES prob range: [0.000, 1.000]
Loading ED model from: /eos/home-e/evilla/dune/sn-tps/neural_networks/electron_direction/three_plane_three_plane_v58_200k_lr_schedule_20251118_110931/checkpoints/model_epoch_12_val_loss_0.8898.keras
Running ED inference on 3542 clusters...
Using CT weights (ES probabilities)
After E > 3 MeV cut: 3522 clusters
Running weighted MCMC with 3522 weights
Running emcee: 64 walkers × 2000 steps...
Acceptance fraction: 6.2%
Mean direction: θ=-109.96°, φ=94.57°
Uncertainties: Δθ=48.05°, Δφ=28.68°
68% credible angle: 55.74°

Angular error: 55.28°

======================================================================
SCENARIO (EMCEE): PERFECT_CT_E_GT_10MEV
======================================================================

Loaded 3887 matched main-track clusters across U, V, X planes
Selected 294 ES main tracks
Loading ED model from: /eos/home-e/evilla/dune/sn-tps/neural_networks/electron_direction/three_plane_three_plane_v58_200k_lr_schedule_20251118_110931/checkpoints/model_epoch_12_val_loss_0.8898.keras
Running ED inference...
Applying E > 10 MeV cut
After energy cut: 172 clusters
Running emcee: 64 walkers × 2000 steps...
Acceptance fraction: 15.2%
Mean direction: θ=-51.78°, φ=83.15°
Uncertainties: Δθ=44.97°, Δφ=16.10°
68% credible angle: 13.08°

Angular error: 5.59°

======================================================================
SCENARIO (EMCEE): PERFECT_CT_E_GT_20MEV
======================================================================

Loaded 3887 matched main-track clusters across U, V, X planes
Selected 294 ES main tracks
Loading ED model from: /eos/home-e/evilla/dune/sn-tps/neural_networks/electron_direction/three_plane_three_plane_v58_200k_lr_schedule_20251118_110931/checkpoints/model_epoch_12_val_loss_0.8898.keras
Running ED inference...
Applying E > 20 MeV cut
After energy cut: 41 clusters
Running emcee: 64 walkers × 2000 steps...
Acceptance fraction: 14.6%
Mean direction: θ=-40.38°, φ=86.95°
Uncertainties: Δθ=86.92°, Δφ=13.63°
68% credible angle: 126.60°

Angular error: 17.39°

✓ Saved: /eos/project-e/ep-nu/evilla/sn-pointing/cat000002/pipeline/cat000002_scenario_best_case_emcee.npz

✓ Saved: /eos/project-e/ep-nu/evilla/sn-pointing/cat000002/pipeline/cat000002_scenario_perfect_ct_emcee.npz

✓ Saved: /eos/project-e/ep-nu/evilla/sn-pointing/cat000002/pipeline/cat000002_scenario_full_pipeline_emcee.npz

✓ Saved: /eos/project-e/ep-nu/evilla/sn-pointing/cat000002/pipeline/cat000002_scenario_weighted_ct_emcee.npz

✓ Saved: /eos/project-e/ep-nu/evilla/sn-pointing/cat000002/pipeline/cat000002_scenario_perfect_ct_e_gt_10mev_emcee.npz

✓ Saved: /eos/project-e/ep-nu/evilla/sn-pointing/cat000002/pipeline/cat000002_scenario_perfect_ct_e_gt_20mev_emcee.npz
✓ cat000002 completed successfully
