Processing cat000419 with 6 scenarios...
Cat directory: /eos/project-e/ep-nu/evilla/sn-pointing/cat000419
======================================================================
EMCEE RECONSTRUCTION FOR cat000419
======================================================================

Loading PDF from: /eos/home-e/evilla/dune/sn-tps/neural_networks/electron_direction/three_plane_three_plane_v58_200k_lr_schedule_20251118_110931/cosine_energy_pdf.npz
PDF loaded

======================================================================
SCENARIO (EMCEE): BEST_CASE
======================================================================

Loaded 3595 matched main-track clusters across U, V, X planes
Selected 255 ES main tracks
After E > 3 MeV cut: 255 clusters
Running emcee: 64 walkers × 2000 steps...
Acceptance fraction: 6.5%
Mean direction: θ=-177.44°, φ=71.39°
Uncertainties: Δθ=56.56°, Δφ=28.40°
68% credible angle: 31.02°

Angular error: 19.60°

======================================================================
SCENARIO (EMCEE): PERFECT_CT
======================================================================

Loaded 3595 matched main-track clusters across U, V, X planes
Selected 255 ES main tracks
Loading ED model from: /eos/home-e/evilla/dune/sn-tps/neural_networks/electron_direction/three_plane_three_plane_v58_200k_lr_schedule_20251118_110931/checkpoints/model_epoch_12_val_loss_0.8898.keras
Running ED inference...
After energy cut: 255 clusters
Running emcee: 64 walkers × 2000 steps...
Acceptance fraction: 9.1%
Mean direction: θ=177.16°, φ=59.25°
Uncertainties: Δθ=24.38°, Δφ=16.74°
68% credible angle: 30.89°

Angular error: 14.63°

======================================================================
SCENARIO (EMCEE): FULL_PIPELINE
======================================================================

Loaded 3595 matched main-track clusters across U, V, X planes
Using all 3595 main-track clusters
Loading CT model from: /eos/user/e/evilla/dune/sn-tps/neural_networks/channel_tagging/ct_volume_v52_batch_reload_20251116_101125/best_model.keras
Running CT inference...
CT selected 3275 ES candidates from 3595 clusters
  ES prob range: [0.000, 1.000]
Loading ED model from: /eos/home-e/evilla/dune/sn-tps/neural_networks/electron_direction/three_plane_three_plane_v58_200k_lr_schedule_20251118_110931/checkpoints/model_epoch_12_val_loss_0.8898.keras
Running ED inference on 3275 clusters...
After E > 3 MeV cut: 3256 clusters
Running emcee: 64 walkers × 2000 steps...
Acceptance fraction: 3.7%
Mean direction: θ=177.99°, φ=99.45°
Uncertainties: Δθ=57.00°, Δφ=26.65°
68% credible angle: 61.78°

Angular error: 47.37°

======================================================================
SCENARIO (EMCEE): WEIGHTED_CT
======================================================================

Loaded 3595 matched main-track clusters across U, V, X planes
Using all 3595 main-track clusters
Loading CT model from: /eos/user/e/evilla/dune/sn-tps/neural_networks/channel_tagging/ct_volume_v52_batch_reload_20251116_101125/best_model.keras
Running CT inference...
CT selected 3275 ES candidates from 3595 clusters
  ES prob range: [0.000, 1.000]
Loading ED model from: /eos/home-e/evilla/dune/sn-tps/neural_networks/electron_direction/three_plane_three_plane_v58_200k_lr_schedule_20251118_110931/checkpoints/model_epoch_12_val_loss_0.8898.keras
Running ED inference on 3275 clusters...
Using CT weights (ES probabilities)
After E > 3 MeV cut: 3256 clusters
Running weighted MCMC with 3256 weights
Running emcee: 64 walkers × 2000 steps...
Acceptance fraction: 3.2%
Mean direction: θ=-178.20°, φ=95.85°
Uncertainties: Δθ=54.09°, Δφ=26.32°
68% credible angle: 63.08°

Angular error: 42.88°

======================================================================
SCENARIO (EMCEE): PERFECT_CT_E_GT_10MEV
======================================================================

Loaded 3595 matched main-track clusters across U, V, X planes
Selected 255 ES main tracks
Loading ED model from: /eos/home-e/evilla/dune/sn-tps/neural_networks/electron_direction/three_plane_three_plane_v58_200k_lr_schedule_20251118_110931/checkpoints/model_epoch_12_val_loss_0.8898.keras
Running ED inference...
Applying E > 10 MeV cut
After energy cut: 153 clusters
Running emcee: 64 walkers × 2000 steps...
Acceptance fraction: 8.5%
Mean direction: θ=179.71°, φ=64.14°
Uncertainties: Δθ=31.55°, Δφ=19.87°
68% credible angle: 34.43°

Angular error: 15.42°

======================================================================
SCENARIO (EMCEE): PERFECT_CT_E_GT_20MEV
======================================================================

Loaded 3595 matched main-track clusters across U, V, X planes
Selected 255 ES main tracks
Loading ED model from: /eos/home-e/evilla/dune/sn-tps/neural_networks/electron_direction/three_plane_three_plane_v58_200k_lr_schedule_20251118_110931/checkpoints/model_epoch_12_val_loss_0.8898.keras
Running ED inference...
Applying E > 20 MeV cut
After energy cut: 27 clusters
Running emcee: 64 walkers × 2000 steps...
Acceptance fraction: 10.7%
Mean direction: θ=-171.39°, φ=67.24°
Uncertainties: Δθ=60.88°, Δφ=24.69°
68% credible angle: 28.40°

Angular error: 13.53°

✓ Saved: /eos/project-e/ep-nu/evilla/sn-pointing/cat000419/pipeline/cat000419_scenario_best_case_emcee.npz

✓ Saved: /eos/project-e/ep-nu/evilla/sn-pointing/cat000419/pipeline/cat000419_scenario_perfect_ct_emcee.npz

✓ Saved: /eos/project-e/ep-nu/evilla/sn-pointing/cat000419/pipeline/cat000419_scenario_full_pipeline_emcee.npz

✓ Saved: /eos/project-e/ep-nu/evilla/sn-pointing/cat000419/pipeline/cat000419_scenario_weighted_ct_emcee.npz

✓ Saved: /eos/project-e/ep-nu/evilla/sn-pointing/cat000419/pipeline/cat000419_scenario_perfect_ct_e_gt_10mev_emcee.npz

✓ Saved: /eos/project-e/ep-nu/evilla/sn-pointing/cat000419/pipeline/cat000419_scenario_perfect_ct_e_gt_20mev_emcee.npz
✓ cat000419 completed successfully
