Processing cat000585 with 6 scenarios...
Cat directory: /eos/project-e/ep-nu/evilla/sn-pointing/cat000585
======================================================================
EMCEE RECONSTRUCTION FOR cat000585
======================================================================

Loading PDF from: /eos/home-e/evilla/dune/sn-tps/neural_networks/electron_direction/three_plane_three_plane_v58_200k_lr_schedule_20251118_110931/cosine_energy_pdf.npz
PDF loaded

======================================================================
SCENARIO (EMCEE): BEST_CASE
======================================================================

Loaded 3324 matched main-track clusters across U, V, X planes
Selected 286 ES main tracks
After E > 3 MeV cut: 286 clusters
Running emcee: 64 walkers × 2000 steps...
Acceptance fraction: 11.2%
Mean direction: θ=-52.07°, φ=94.46°
Uncertainties: Δθ=48.72°, Δφ=19.26°
68% credible angle: 24.71°

Angular error: 6.71°

======================================================================
SCENARIO (EMCEE): PERFECT_CT
======================================================================

Loaded 3324 matched main-track clusters across U, V, X planes
Selected 286 ES main tracks
Loading ED model from: /eos/home-e/evilla/dune/sn-tps/neural_networks/electron_direction/three_plane_three_plane_v58_200k_lr_schedule_20251118_110931/checkpoints/model_epoch_12_val_loss_0.8898.keras
Running ED inference...
After energy cut: 286 clusters
Running emcee: 64 walkers × 2000 steps...
Acceptance fraction: 20.9%
Mean direction: θ=-48.10°, φ=98.08°
Uncertainties: Δθ=17.74°, Δφ=14.18°
68% credible angle: 16.98°

Angular error: 10.28°

======================================================================
SCENARIO (EMCEE): FULL_PIPELINE
======================================================================

Loaded 3324 matched main-track clusters across U, V, X planes
Using all 3324 main-track clusters
Loading CT model from: /eos/user/e/evilla/dune/sn-tps/neural_networks/channel_tagging/ct_volume_v52_batch_reload_20251116_101125/best_model.keras
Running CT inference...
CT selected 3015 ES candidates from 3324 clusters
  ES prob range: [0.000, 1.000]
Loading ED model from: /eos/home-e/evilla/dune/sn-tps/neural_networks/electron_direction/three_plane_three_plane_v58_200k_lr_schedule_20251118_110931/checkpoints/model_epoch_12_val_loss_0.8898.keras
Running ED inference on 3015 clusters...
After E > 3 MeV cut: 2989 clusters
Running emcee: 64 walkers × 2000 steps...
Acceptance fraction: 3.4%
Mean direction: θ=-152.10°, φ=101.70°
Uncertainties: Δθ=105.58°, Δφ=37.46°
68% credible angle: 88.70°

Angular error: 92.23°

======================================================================
SCENARIO (EMCEE): WEIGHTED_CT
======================================================================

Loaded 3324 matched main-track clusters across U, V, X planes
Using all 3324 main-track clusters
Loading CT model from: /eos/user/e/evilla/dune/sn-tps/neural_networks/channel_tagging/ct_volume_v52_batch_reload_20251116_101125/best_model.keras
Running CT inference...
CT selected 3015 ES candidates from 3324 clusters
  ES prob range: [0.000, 1.000]
Loading ED model from: /eos/home-e/evilla/dune/sn-tps/neural_networks/electron_direction/three_plane_three_plane_v58_200k_lr_schedule_20251118_110931/checkpoints/model_epoch_12_val_loss_0.8898.keras
Running ED inference on 3015 clusters...
Using CT weights (ES probabilities)
After E > 3 MeV cut: 2989 clusters
Running weighted MCMC with 2989 weights
Running emcee: 64 walkers × 2000 steps...
Acceptance fraction: 5.1%
Mean direction: θ=-145.00°, φ=103.34°
Uncertainties: Δθ=74.11°, Δφ=33.34°
68% credible angle: 85.69°

Angular error: 85.16°

======================================================================
SCENARIO (EMCEE): PERFECT_CT_E_GT_10MEV
======================================================================

Loaded 3324 matched main-track clusters across U, V, X planes
Selected 286 ES main tracks
Loading ED model from: /eos/home-e/evilla/dune/sn-tps/neural_networks/electron_direction/three_plane_three_plane_v58_200k_lr_schedule_20251118_110931/checkpoints/model_epoch_12_val_loss_0.8898.keras
Running ED inference...
Applying E > 10 MeV cut
After energy cut: 164 clusters
Running emcee: 64 walkers × 2000 steps...
Acceptance fraction: 16.8%
Mean direction: θ=-57.05°, φ=91.31°
Uncertainties: Δθ=18.76°, Δφ=14.22°
68% credible angle: 19.48°

Angular error: 5.67°

======================================================================
SCENARIO (EMCEE): PERFECT_CT_E_GT_20MEV
======================================================================

Loaded 3324 matched main-track clusters across U, V, X planes
Selected 286 ES main tracks
Loading ED model from: /eos/home-e/evilla/dune/sn-tps/neural_networks/electron_direction/three_plane_three_plane_v58_200k_lr_schedule_20251118_110931/checkpoints/model_epoch_12_val_loss_0.8898.keras
Running ED inference...
Applying E > 20 MeV cut
After energy cut: 34 clusters
Running emcee: 64 walkers × 2000 steps...
Acceptance fraction: 16.8%
Mean direction: θ=-60.23°, φ=95.45°
Uncertainties: Δθ=38.93°, Δφ=11.18°
68% credible angle: 15.16°

Angular error: 2.29°

✓ Saved: /eos/project-e/ep-nu/evilla/sn-pointing/cat000585/pipeline/cat000585_scenario_best_case_emcee.npz

✓ Saved: /eos/project-e/ep-nu/evilla/sn-pointing/cat000585/pipeline/cat000585_scenario_perfect_ct_emcee.npz

✓ Saved: /eos/project-e/ep-nu/evilla/sn-pointing/cat000585/pipeline/cat000585_scenario_full_pipeline_emcee.npz

✓ Saved: /eos/project-e/ep-nu/evilla/sn-pointing/cat000585/pipeline/cat000585_scenario_weighted_ct_emcee.npz

✓ Saved: /eos/project-e/ep-nu/evilla/sn-pointing/cat000585/pipeline/cat000585_scenario_perfect_ct_e_gt_10mev_emcee.npz

✓ Saved: /eos/project-e/ep-nu/evilla/sn-pointing/cat000585/pipeline/cat000585_scenario_perfect_ct_e_gt_20mev_emcee.npz
✓ cat000585 completed successfully
