==================================================================
Processing cat000510 with EMCEE - ALL SCENARIOS
==================================================================
======================================================================
EMCEE RECONSTRUCTION FOR cat000510
======================================================================

Loading PDF from: /eos/home-e/evilla/dune/sn-tps/neural_networks/electron_direction/three_plane_three_plane_v58_200k_lr_schedule_20251118_110931/cosine_energy_pdf.npz
PDF loaded

======================================================================
SCENARIO (EMCEE): PERFECT_CT
======================================================================

Loaded 3488 matched clusters across U, V, X planes
Selected clusters: 258
Running emcee: 64 walkers × 2000 steps...
Acceptance fraction: 30.4%
Mean direction: θ=-37.08°, φ=98.82°
Uncertainties: Δθ=12.21°, Δφ=12.40°
68% credible angle: 5.80°

Angular error: 7.55°

======================================================================
SCENARIO (EMCEE): ES_MAIN_CC_SHOWER
======================================================================

Loaded 3488 matched clusters across U, V, X planes
Selected clusters: 258
Running emcee: 64 walkers × 2000 steps...
Acceptance fraction: 18.0%
Mean direction: θ=-36.67°, φ=104.29°
Uncertainties: Δθ=16.80°, Δφ=15.28°
68% credible angle: 27.16°

Angular error: 6.30°

======================================================================
SCENARIO (EMCEE): ES_MAIN_CC_ALL
======================================================================

Loaded 3488 matched clusters across U, V, X planes
Selected clusters: 258
Running emcee: 64 walkers × 2000 steps...
Acceptance fraction: 12.4%
Mean direction: θ=-32.70°, φ=109.91°
Uncertainties: Δθ=21.29°, Δφ=16.07°
68% credible angle: 29.59°

Angular error: 11.84°

======================================================================
SCENARIO (EMCEE): ES_ALL_CC_SHOWER
======================================================================

Loaded 3488 matched clusters across U, V, X planes
Selected clusters: 258
Running emcee: 64 walkers × 2000 steps...
Acceptance fraction: 15.7%
Mean direction: θ=-40.31°, φ=105.26°
Uncertainties: Δθ=15.63°, Δφ=15.00°
68% credible angle: 23.31°

Angular error: 3.23°

======================================================================
SCENARIO (EMCEE): ES_ALL_CC_ALL
======================================================================

Loaded 3488 matched clusters across U, V, X planes
Selected clusters: 258
Running emcee: 64 walkers × 2000 steps...
Acceptance fraction: 30.1%
Mean direction: θ=-33.78°, φ=99.00°
Uncertainties: Δθ=14.58°, Δφ=12.47°
68% credible angle: 7.12°

Angular error: 10.20°

======================================================================
SCENARIO (EMCEE): ALL_TRACKS_ALL_SHOWERS
======================================================================

Loaded 3488 matched clusters across U, V, X planes
Selected clusters: 3488
Running emcee: 64 walkers × 2000 steps...
Acceptance fraction: 3.5%
Mean direction: θ=-102.95°, φ=99.57°
Uncertainties: Δθ=74.78°, Δφ=36.94°
68% credible angle: 76.10°

Angular error: 58.63°

✓ Saved: /eos/project-e/ep-nu/evilla/sn-pointing/cat000510/pipeline/cat000510_scenario_perfect_ct_emcee.npz

✓ Saved: /eos/project-e/ep-nu/evilla/sn-pointing/cat000510/pipeline/cat000510_scenario_es_main_cc_shower_emcee.npz

✓ Saved: /eos/project-e/ep-nu/evilla/sn-pointing/cat000510/pipeline/cat000510_scenario_es_main_cc_all_emcee.npz

✓ Saved: /eos/project-e/ep-nu/evilla/sn-pointing/cat000510/pipeline/cat000510_scenario_es_all_cc_shower_emcee.npz

✓ Saved: /eos/project-e/ep-nu/evilla/sn-pointing/cat000510/pipeline/cat000510_scenario_es_all_cc_all_emcee.npz

✓ Saved: /eos/project-e/ep-nu/evilla/sn-pointing/cat000510/pipeline/cat000510_scenario_all_tracks_all_showers_emcee.npz
✓ cat000510 completed successfully
