==================================================================
Processing cat000348 with EMCEE - ALL SCENARIOS
==================================================================
======================================================================
EMCEE RECONSTRUCTION FOR cat000348
======================================================================

Loading PDF from: /eos/home-e/evilla/dune/sn-tps/neural_networks/electron_direction/three_plane_three_plane_v58_200k_lr_schedule_20251118_110931/cosine_energy_pdf.npz
PDF loaded

======================================================================
SCENARIO (EMCEE): PERFECT_CT
======================================================================

Loaded 3835 matched clusters across U, V, X planes
Selected clusters: 271
Running emcee: 64 walkers × 2000 steps...
Acceptance fraction: 12.9%
Mean direction: θ=2.13°, φ=121.03°
Uncertainties: Δθ=22.99°, Δφ=16.60°
68% credible angle: 26.93°

Angular error: 15.62°

======================================================================
SCENARIO (EMCEE): ES_MAIN_CC_SHOWER
======================================================================

Loaded 3835 matched clusters across U, V, X planes
Selected clusters: 271
Running emcee: 64 walkers × 2000 steps...
Acceptance fraction: 11.9%
Mean direction: θ=-7.40°, φ=126.52°
Uncertainties: Δθ=25.20°, Δφ=17.72°
68% credible angle: 30.06°

Angular error: 6.37°

======================================================================
SCENARIO (EMCEE): ES_MAIN_CC_ALL
======================================================================

Loaded 3835 matched clusters across U, V, X planes
Selected clusters: 271
Running emcee: 64 walkers × 2000 steps...
Acceptance fraction: 12.2%
Mean direction: θ=-9.39°, φ=124.30°
Uncertainties: Δθ=27.05°, Δφ=19.15°
68% credible angle: 30.78°

Angular error: 7.77°

======================================================================
SCENARIO (EMCEE): ES_ALL_CC_SHOWER
======================================================================

Loaded 3835 matched clusters across U, V, X planes
Selected clusters: 271
Running emcee: 64 walkers × 2000 steps...
Acceptance fraction: 13.8%
Mean direction: θ=-1.73°, φ=115.88°
Uncertainties: Δθ=25.16°, Δφ=9.87°
68% credible angle: 24.47°

Angular error: 18.03°

======================================================================
SCENARIO (EMCEE): ES_ALL_CC_ALL
======================================================================

Loaded 3835 matched clusters across U, V, X planes
Selected clusters: 271
Running emcee: 64 walkers × 2000 steps...
Acceptance fraction: 10.5%
Mean direction: θ=-7.45°, φ=128.78°
Uncertainties: Δθ=29.91°, Δφ=16.50°
68% credible angle: 30.53°

Angular error: 4.60°

======================================================================
SCENARIO (EMCEE): ALL_TRACKS_ALL_SHOWERS
======================================================================

Loaded 3835 matched clusters across U, V, X planes
Selected clusters: 3835
Running emcee: 64 walkers × 2000 steps...
Acceptance fraction: 4.8%
Mean direction: θ=-36.81°, φ=121.31°
Uncertainties: Δθ=87.02°, Δφ=31.54°
68% credible angle: 61.78°

Angular error: 22.40°

✓ Saved: /eos/project-e/ep-nu/evilla/sn-pointing/cat000348/pipeline/cat000348_scenario_perfect_ct_emcee.npz

✓ Saved: /eos/project-e/ep-nu/evilla/sn-pointing/cat000348/pipeline/cat000348_scenario_es_main_cc_shower_emcee.npz

✓ Saved: /eos/project-e/ep-nu/evilla/sn-pointing/cat000348/pipeline/cat000348_scenario_es_main_cc_all_emcee.npz

✓ Saved: /eos/project-e/ep-nu/evilla/sn-pointing/cat000348/pipeline/cat000348_scenario_es_all_cc_shower_emcee.npz

✓ Saved: /eos/project-e/ep-nu/evilla/sn-pointing/cat000348/pipeline/cat000348_scenario_es_all_cc_all_emcee.npz

✓ Saved: /eos/project-e/ep-nu/evilla/sn-pointing/cat000348/pipeline/cat000348_scenario_all_tracks_all_showers_emcee.npz
✓ cat000348 completed successfully
