Processing cat000558 with 6 scenarios...
Cat directory: /eos/project-e/ep-nu/evilla/sn-pointing/cat000558
======================================================================
EMCEE RECONSTRUCTION FOR cat000558
======================================================================

Loading PDF from: /eos/home-e/evilla/dune/sn-tps/neural_networks/electron_direction/three_plane_three_plane_v58_200k_lr_schedule_20251118_110931/cosine_energy_pdf.npz
PDF loaded

======================================================================
SCENARIO (EMCEE): BEST_CASE
======================================================================

Loaded 3152 matched main-track clusters across U, V, X planes
Selected 0 ES main tracks
After E > 3 MeV cut: 0 clusters

✗ best_case failed: No clusters remaining for scenario best_case

======================================================================
SCENARIO (EMCEE): PERFECT_CT
======================================================================

Loaded 3152 matched main-track clusters across U, V, X planes
Selected 0 ES main tracks
Loading ED model from: /eos/home-e/evilla/dune/sn-tps/neural_networks/electron_direction/three_plane_three_plane_v58_200k_lr_schedule_20251118_110931/checkpoints/model_epoch_12_val_loss_0.8898.keras
Running ED inference...

✗ perfect_ct failed: local variable 'batch_outputs' referenced before assignment

======================================================================
SCENARIO (EMCEE): FULL_PIPELINE
======================================================================

Loaded 3152 matched main-track clusters across U, V, X planes
Using all 3152 main-track clusters
Loading CT model from: /eos/user/e/evilla/dune/sn-tps/neural_networks/channel_tagging/ct_volume_v52_batch_reload_20251116_101125/best_model.keras
Running CT inference...
CT selected 2870 ES candidates from 3152 clusters
  ES prob range: [0.000, 1.000]
Loading ED model from: /eos/home-e/evilla/dune/sn-tps/neural_networks/electron_direction/three_plane_three_plane_v58_200k_lr_schedule_20251118_110931/checkpoints/model_epoch_12_val_loss_0.8898.keras
Running ED inference on 2870 clusters...
After E > 3 MeV cut: 2853 clusters
Running emcee: 64 walkers × 2000 steps...
Acceptance fraction: 4.2%
Mean direction: θ=-154.50°, φ=103.26°
Uncertainties: Δθ=59.49°, Δφ=35.50°
68% credible angle: 52.58°

Angular error: 75.73°

======================================================================
SCENARIO (EMCEE): WEIGHTED_CT
======================================================================

Loaded 3152 matched main-track clusters across U, V, X planes
Using all 3152 main-track clusters
Loading CT model from: /eos/user/e/evilla/dune/sn-tps/neural_networks/channel_tagging/ct_volume_v52_batch_reload_20251116_101125/best_model.keras
Running CT inference...
CT selected 2870 ES candidates from 3152 clusters
  ES prob range: [0.000, 1.000]
Loading ED model from: /eos/home-e/evilla/dune/sn-tps/neural_networks/electron_direction/three_plane_three_plane_v58_200k_lr_schedule_20251118_110931/checkpoints/model_epoch_12_val_loss_0.8898.keras
Running ED inference on 2870 clusters...
Using CT weights (ES probabilities)
After E > 3 MeV cut: 2853 clusters
Running weighted MCMC with 2853 weights
Running emcee: 64 walkers × 2000 steps...
Acceptance fraction: 3.4%
Mean direction: θ=-155.26°, φ=108.97°
Uncertainties: Δθ=56.38°, Δφ=34.01°
68% credible angle: 53.23°

Angular error: 79.77°

======================================================================
SCENARIO (EMCEE): PERFECT_CT_E_GT_10MEV
======================================================================

Loaded 3152 matched main-track clusters across U, V, X planes
Selected 0 ES main tracks
Loading ED model from: /eos/home-e/evilla/dune/sn-tps/neural_networks/electron_direction/three_plane_three_plane_v58_200k_lr_schedule_20251118_110931/checkpoints/model_epoch_12_val_loss_0.8898.keras
Running ED inference...

✗ perfect_ct_e_gt_10mev failed: local variable 'batch_outputs' referenced before assignment

======================================================================
SCENARIO (EMCEE): PERFECT_CT_E_GT_20MEV
======================================================================

Loaded 3152 matched main-track clusters across U, V, X planes
Selected 0 ES main tracks
Loading ED model from: /eos/home-e/evilla/dune/sn-tps/neural_networks/electron_direction/three_plane_three_plane_v58_200k_lr_schedule_20251118_110931/checkpoints/model_epoch_12_val_loss_0.8898.keras
Running ED inference...

✗ perfect_ct_e_gt_20mev failed: local variable 'batch_outputs' referenced before assignment

✓ Saved: /eos/project-e/ep-nu/evilla/sn-pointing/cat000558/pipeline/cat000558_scenario_full_pipeline_emcee.npz

✓ Saved: /eos/project-e/ep-nu/evilla/sn-pointing/cat000558/pipeline/cat000558_scenario_weighted_ct_emcee.npz
✓ cat000558 completed successfully
