==================================================================
Processing cat000307 with EMCEE - ALL SCENARIOS
==================================================================
======================================================================
EMCEE RECONSTRUCTION FOR cat000307
======================================================================

Loading PDF from: /eos/home-e/evilla/dune/sn-tps/neural_networks/electron_direction/three_plane_three_plane_v58_200k_lr_schedule_20251118_110931/cosine_energy_pdf.npz
PDF loaded

======================================================================
SCENARIO (EMCEE): PERFECT_CT
======================================================================

Loaded 3564 matched clusters across U, V, X planes
Selected clusters: 283
Running emcee: 64 walkers × 2000 steps...
Acceptance fraction: 11.5%
Mean direction: θ=150.47°, φ=55.48°
Uncertainties: Δθ=28.67°, Δφ=18.72°
68% credible angle: 29.63°

Angular error: 26.59°

======================================================================
SCENARIO (EMCEE): ES_MAIN_CC_SHOWER
======================================================================

Loaded 3564 matched clusters across U, V, X planes
Selected clusters: 283
Running emcee: 64 walkers × 2000 steps...
Acceptance fraction: 12.1%
Mean direction: θ=150.69°, φ=53.73°
Uncertainties: Δθ=28.77°, Δφ=17.66°
68% credible angle: 28.18°

Angular error: 26.79°

======================================================================
SCENARIO (EMCEE): ES_MAIN_CC_ALL
======================================================================

Loaded 3564 matched clusters across U, V, X planes
Selected clusters: 283
Running emcee: 64 walkers × 2000 steps...
Acceptance fraction: 12.7%
Mean direction: θ=151.02°, φ=54.79°
Uncertainties: Δθ=29.14°, Δφ=18.86°
68% credible angle: 29.09°

Angular error: 27.04°

======================================================================
SCENARIO (EMCEE): ES_ALL_CC_SHOWER
======================================================================

Loaded 3564 matched clusters across U, V, X planes
Selected clusters: 283
Running emcee: 64 walkers × 2000 steps...
Acceptance fraction: 12.1%
Mean direction: θ=152.87°, φ=55.00°
Uncertainties: Δθ=29.98°, Δφ=18.05°
68% credible angle: 28.21°

Angular error: 28.55°

======================================================================
SCENARIO (EMCEE): ES_ALL_CC_ALL
======================================================================

Loaded 3564 matched clusters across U, V, X planes
Selected clusters: 283
Running emcee: 64 walkers × 2000 steps...
Acceptance fraction: 11.6%
Mean direction: θ=150.90°, φ=53.07°
Uncertainties: Δθ=27.95°, Δφ=17.22°
68% credible angle: 27.54°

Angular error: 26.99°

======================================================================
SCENARIO (EMCEE): ALL_TRACKS_ALL_SHOWERS
======================================================================

Loaded 3564 matched clusters across U, V, X planes
Selected clusters: 3564
Running emcee: 64 walkers × 2000 steps...
Acceptance fraction: 3.3%
Mean direction: θ=-167.90°, φ=96.16°
Uncertainties: Δθ=48.78°, Δφ=29.36°
68% credible angle: 49.61°

Angular error: 78.87°

✓ Saved: /eos/project-e/ep-nu/evilla/sn-pointing/cat000307/pipeline/cat000307_scenario_perfect_ct_emcee.npz

✓ Saved: /eos/project-e/ep-nu/evilla/sn-pointing/cat000307/pipeline/cat000307_scenario_es_main_cc_shower_emcee.npz

✓ Saved: /eos/project-e/ep-nu/evilla/sn-pointing/cat000307/pipeline/cat000307_scenario_es_main_cc_all_emcee.npz

✓ Saved: /eos/project-e/ep-nu/evilla/sn-pointing/cat000307/pipeline/cat000307_scenario_es_all_cc_shower_emcee.npz

✓ Saved: /eos/project-e/ep-nu/evilla/sn-pointing/cat000307/pipeline/cat000307_scenario_es_all_cc_all_emcee.npz

✓ Saved: /eos/project-e/ep-nu/evilla/sn-pointing/cat000307/pipeline/cat000307_scenario_all_tracks_all_showers_emcee.npz
✓ cat000307 completed successfully
