==================================================================
Processing cat000377 with EMCEE - ALL SCENARIOS
==================================================================
======================================================================
EMCEE RECONSTRUCTION FOR cat000377
======================================================================

Loading PDF from: /eos/home-e/evilla/dune/sn-tps/neural_networks/electron_direction/three_plane_three_plane_v58_200k_lr_schedule_20251118_110931/cosine_energy_pdf.npz
PDF loaded

======================================================================
SCENARIO (EMCEE): PERFECT_CT
======================================================================

Loaded 3428 matched clusters across U, V, X planes
Selected clusters: 236
Running emcee: 64 walkers × 2000 steps...
Acceptance fraction: 8.7%
Mean direction: θ=173.83°, φ=75.52°
Uncertainties: Δθ=23.00°, Δφ=12.52°
68% credible angle: 26.07°

Angular error: 19.14°

======================================================================
SCENARIO (EMCEE): ES_MAIN_CC_SHOWER
======================================================================

Loaded 3428 matched clusters across U, V, X planes
Selected clusters: 236
Running emcee: 64 walkers × 2000 steps...
Acceptance fraction: 10.6%
Mean direction: θ=170.61°, φ=73.46°
Uncertainties: Δθ=23.36°, Δφ=11.18°
68% credible angle: 24.27°

Angular error: 15.94°

======================================================================
SCENARIO (EMCEE): ES_MAIN_CC_ALL
======================================================================

Loaded 3428 matched clusters across U, V, X planes
Selected clusters: 236
Running emcee: 64 walkers × 2000 steps...
Acceptance fraction: 8.3%
Mean direction: θ=173.09°, φ=79.55°
Uncertainties: Δθ=21.48°, Δφ=12.07°
68% credible angle: 26.07°

Angular error: 19.30°

======================================================================
SCENARIO (EMCEE): ES_ALL_CC_SHOWER
======================================================================

Loaded 3428 matched clusters across U, V, X planes
Selected clusters: 236
Running emcee: 64 walkers × 2000 steps...
Acceptance fraction: 8.8%
Mean direction: θ=171.17°, φ=77.83°
Uncertainties: Δθ=21.91°, Δφ=10.86°
68% credible angle: 24.46°

Angular error: 17.01°

======================================================================
SCENARIO (EMCEE): ES_ALL_CC_ALL
======================================================================

Loaded 3428 matched clusters across U, V, X planes
Selected clusters: 236
Running emcee: 64 walkers × 2000 steps...
Acceptance fraction: 8.2%
Mean direction: θ=174.36°, φ=77.30°
Uncertainties: Δθ=22.16°, Δφ=11.64°
68% credible angle: 26.48°

Angular error: 19.93°

======================================================================
SCENARIO (EMCEE): ALL_TRACKS_ALL_SHOWERS
======================================================================

Loaded 3428 matched clusters across U, V, X planes
Selected clusters: 3428
Running emcee: 64 walkers × 2000 steps...
Acceptance fraction: 3.5%
Mean direction: θ=-167.42°, φ=98.05°
Uncertainties: Δθ=49.25°, Δφ=24.01°
68% credible angle: 55.74°

Angular error: 44.99°

✓ Saved: /eos/project-e/ep-nu/evilla/sn-pointing/cat000377/pipeline/cat000377_scenario_perfect_ct_emcee.npz

✓ Saved: /eos/project-e/ep-nu/evilla/sn-pointing/cat000377/pipeline/cat000377_scenario_es_main_cc_shower_emcee.npz

✓ Saved: /eos/project-e/ep-nu/evilla/sn-pointing/cat000377/pipeline/cat000377_scenario_es_main_cc_all_emcee.npz

✓ Saved: /eos/project-e/ep-nu/evilla/sn-pointing/cat000377/pipeline/cat000377_scenario_es_all_cc_shower_emcee.npz

✓ Saved: /eos/project-e/ep-nu/evilla/sn-pointing/cat000377/pipeline/cat000377_scenario_es_all_cc_all_emcee.npz

✓ Saved: /eos/project-e/ep-nu/evilla/sn-pointing/cat000377/pipeline/cat000377_scenario_all_tracks_all_showers_emcee.npz
✓ cat000377 completed successfully
