Processing cat000551 with 6 scenarios...
Cat directory: /eos/project-e/ep-nu/evilla/sn-pointing/cat000551
======================================================================
EMCEE RECONSTRUCTION FOR cat000551
======================================================================

Loading PDF from: /eos/home-e/evilla/dune/sn-tps/neural_networks/electron_direction/three_plane_three_plane_v58_200k_lr_schedule_20251118_110931/cosine_energy_pdf.npz
PDF loaded

======================================================================
SCENARIO (EMCEE): BEST_CASE
======================================================================

Loaded 3438 matched main-track clusters across U, V, X planes
Selected 234 ES main tracks
After E > 3 MeV cut: 234 clusters
Running emcee: 64 walkers × 2000 steps...
Acceptance fraction: 10.5%
Mean direction: θ=39.25°, φ=77.99°
Uncertainties: Δθ=28.86°, Δφ=15.15°
68% credible angle: 19.24°

Angular error: 15.32°

======================================================================
SCENARIO (EMCEE): PERFECT_CT
======================================================================

Loaded 3438 matched main-track clusters across U, V, X planes
Selected 234 ES main tracks
Loading ED model from: /eos/home-e/evilla/dune/sn-tps/neural_networks/electron_direction/three_plane_three_plane_v58_200k_lr_schedule_20251118_110931/checkpoints/model_epoch_12_val_loss_0.8898.keras
Running ED inference...
After energy cut: 234 clusters
Running emcee: 64 walkers × 2000 steps...
Acceptance fraction: 14.9%
Mean direction: θ=25.23°, φ=61.88°
Uncertainties: Δθ=19.97°, Δφ=15.34°
68% credible angle: 25.00°

Angular error: 10.60°

======================================================================
SCENARIO (EMCEE): FULL_PIPELINE
======================================================================

Loaded 3438 matched main-track clusters across U, V, X planes
Using all 3438 main-track clusters
Loading CT model from: /eos/user/e/evilla/dune/sn-tps/neural_networks/channel_tagging/ct_volume_v52_batch_reload_20251116_101125/best_model.keras
Running CT inference...
CT selected 3146 ES candidates from 3438 clusters
  ES prob range: [0.000, 1.000]
Loading ED model from: /eos/home-e/evilla/dune/sn-tps/neural_networks/electron_direction/three_plane_three_plane_v58_200k_lr_schedule_20251118_110931/checkpoints/model_epoch_12_val_loss_0.8898.keras
Running ED inference on 3146 clusters...
After E > 3 MeV cut: 3130 clusters
Running emcee: 64 walkers × 2000 steps...
Acceptance fraction: 3.4%
Mean direction: θ=-131.18°, φ=89.96°
Uncertainties: Δθ=88.97°, Δφ=41.53°
68% credible angle: 74.19°

Angular error: 150.55°

======================================================================
SCENARIO (EMCEE): WEIGHTED_CT
======================================================================

Loaded 3438 matched main-track clusters across U, V, X planes
Using all 3438 main-track clusters
Loading CT model from: /eos/user/e/evilla/dune/sn-tps/neural_networks/channel_tagging/ct_volume_v52_batch_reload_20251116_101125/best_model.keras
Running CT inference...
CT selected 3146 ES candidates from 3438 clusters
  ES prob range: [0.000, 1.000]
Loading ED model from: /eos/home-e/evilla/dune/sn-tps/neural_networks/electron_direction/three_plane_three_plane_v58_200k_lr_schedule_20251118_110931/checkpoints/model_epoch_12_val_loss_0.8898.keras
Running ED inference on 3146 clusters...
Using CT weights (ES probabilities)
After E > 3 MeV cut: 3130 clusters
Running weighted MCMC with 3130 weights
Running emcee: 64 walkers × 2000 steps...
Acceptance fraction: 2.6%
Mean direction: θ=-118.81°, φ=87.98°
Uncertainties: Δθ=80.08°, Δφ=37.67°
68% credible angle: 66.98°

Angular error: 142.73°

======================================================================
SCENARIO (EMCEE): PERFECT_CT_E_GT_10MEV
======================================================================

Loaded 3438 matched main-track clusters across U, V, X planes
Selected 234 ES main tracks
Loading ED model from: /eos/home-e/evilla/dune/sn-tps/neural_networks/electron_direction/three_plane_three_plane_v58_200k_lr_schedule_20251118_110931/checkpoints/model_epoch_12_val_loss_0.8898.keras
Running ED inference...
Applying E > 10 MeV cut
After energy cut: 137 clusters
Running emcee: 64 walkers × 2000 steps...
Acceptance fraction: 25.5%
Mean direction: θ=22.96°, φ=60.38°
Uncertainties: Δθ=11.34°, Δφ=13.16°
68% credible angle: 20.39°

Angular error: 12.72°

======================================================================
SCENARIO (EMCEE): PERFECT_CT_E_GT_20MEV
======================================================================

Loaded 3438 matched main-track clusters across U, V, X planes
Selected 234 ES main tracks
Loading ED model from: /eos/home-e/evilla/dune/sn-tps/neural_networks/electron_direction/three_plane_three_plane_v58_200k_lr_schedule_20251118_110931/checkpoints/model_epoch_12_val_loss_0.8898.keras
Running ED inference...
Applying E > 20 MeV cut
After energy cut: 36 clusters
Running emcee: 64 walkers × 2000 steps...
Acceptance fraction: 26.1%
Mean direction: θ=13.34°, φ=59.71°
Uncertainties: Δθ=14.96°, Δφ=9.03°
68% credible angle: 10.78°

Angular error: 21.08°

✓ Saved: /eos/project-e/ep-nu/evilla/sn-pointing/cat000551/pipeline/cat000551_scenario_best_case_emcee.npz

✓ Saved: /eos/project-e/ep-nu/evilla/sn-pointing/cat000551/pipeline/cat000551_scenario_perfect_ct_emcee.npz

✓ Saved: /eos/project-e/ep-nu/evilla/sn-pointing/cat000551/pipeline/cat000551_scenario_full_pipeline_emcee.npz

✓ Saved: /eos/project-e/ep-nu/evilla/sn-pointing/cat000551/pipeline/cat000551_scenario_weighted_ct_emcee.npz

✓ Saved: /eos/project-e/ep-nu/evilla/sn-pointing/cat000551/pipeline/cat000551_scenario_perfect_ct_e_gt_10mev_emcee.npz

✓ Saved: /eos/project-e/ep-nu/evilla/sn-pointing/cat000551/pipeline/cat000551_scenario_perfect_ct_e_gt_20mev_emcee.npz
✓ cat000551 completed successfully
