Processing cat000301 with 6 scenarios...
Cat directory: /eos/project-e/ep-nu/evilla/sn-pointing/cat000301
======================================================================
EMCEE RECONSTRUCTION FOR cat000301
======================================================================

Loading PDF from: /eos/home-e/evilla/dune/sn-tps/neural_networks/electron_direction/three_plane_three_plane_v58_200k_lr_schedule_20251118_110931/cosine_energy_pdf.npz
PDF loaded

======================================================================
SCENARIO (EMCEE): BEST_CASE
======================================================================

Loaded 3815 matched main-track clusters across U, V, X planes
Selected 298 ES main tracks
After E > 3 MeV cut: 298 clusters
Running emcee: 64 walkers × 2000 steps...
Acceptance fraction: 8.2%
Mean direction: θ=-101.52°, φ=139.66°
Uncertainties: Δθ=57.21°, Δφ=43.95°
68% credible angle: 34.27°

Angular error: 8.93°

======================================================================
SCENARIO (EMCEE): PERFECT_CT
======================================================================

Loaded 3815 matched main-track clusters across U, V, X planes
Selected 298 ES main tracks
Loading ED model from: /eos/home-e/evilla/dune/sn-tps/neural_networks/electron_direction/three_plane_three_plane_v58_200k_lr_schedule_20251118_110931/checkpoints/model_epoch_12_val_loss_0.8898.keras
Running ED inference...
After energy cut: 298 clusters
Running emcee: 64 walkers × 2000 steps...
Acceptance fraction: 10.5%
Mean direction: θ=-144.20°, φ=149.13°
Uncertainties: Δθ=50.12°, Δφ=12.90°
68% credible angle: 20.33°

Angular error: 26.81°

======================================================================
SCENARIO (EMCEE): FULL_PIPELINE
======================================================================

Loaded 3815 matched main-track clusters across U, V, X planes
Using all 3815 main-track clusters
Loading CT model from: /eos/user/e/evilla/dune/sn-tps/neural_networks/channel_tagging/ct_volume_v52_batch_reload_20251116_101125/best_model.keras
Running CT inference...
CT selected 3473 ES candidates from 3815 clusters
  ES prob range: [0.000, 1.000]
Loading ED model from: /eos/home-e/evilla/dune/sn-tps/neural_networks/electron_direction/three_plane_three_plane_v58_200k_lr_schedule_20251118_110931/checkpoints/model_epoch_12_val_loss_0.8898.keras
Running ED inference on 3473 clusters...
After E > 3 MeV cut: 3454 clusters
Running emcee: 64 walkers × 2000 steps...
Acceptance fraction: 6.2%
Mean direction: θ=-131.57°, φ=125.65°
Uncertainties: Δθ=54.33°, Δφ=21.27°
68% credible angle: 67.35°

Angular error: 33.56°

======================================================================
SCENARIO (EMCEE): WEIGHTED_CT
======================================================================

Loaded 3815 matched main-track clusters across U, V, X planes
Using all 3815 main-track clusters
Loading CT model from: /eos/user/e/evilla/dune/sn-tps/neural_networks/channel_tagging/ct_volume_v52_batch_reload_20251116_101125/best_model.keras
Running CT inference...
CT selected 3473 ES candidates from 3815 clusters
  ES prob range: [0.000, 1.000]
Loading ED model from: /eos/home-e/evilla/dune/sn-tps/neural_networks/electron_direction/three_plane_three_plane_v58_200k_lr_schedule_20251118_110931/checkpoints/model_epoch_12_val_loss_0.8898.keras
Running ED inference on 3473 clusters...
Using CT weights (ES probabilities)
After E > 3 MeV cut: 3454 clusters
Running weighted MCMC with 3454 weights
Running emcee: 64 walkers × 2000 steps...
Acceptance fraction: 4.8%
Mean direction: θ=-135.86°, φ=111.22°
Uncertainties: Δθ=70.55°, Δφ=29.95°
68% credible angle: 81.98°

Angular error: 47.61°

======================================================================
SCENARIO (EMCEE): PERFECT_CT_E_GT_10MEV
======================================================================

Loaded 3815 matched main-track clusters across U, V, X planes
Selected 298 ES main tracks
Loading ED model from: /eos/home-e/evilla/dune/sn-tps/neural_networks/electron_direction/three_plane_three_plane_v58_200k_lr_schedule_20251118_110931/checkpoints/model_epoch_12_val_loss_0.8898.keras
Running ED inference...
Applying E > 10 MeV cut
After energy cut: 158 clusters
Running emcee: 64 walkers × 2000 steps...
Acceptance fraction: 12.5%
Mean direction: θ=-133.45°, φ=139.97°
Uncertainties: Δθ=68.27°, Δφ=39.82°
68% credible angle: 50.92°

Angular error: 24.93°

======================================================================
SCENARIO (EMCEE): PERFECT_CT_E_GT_20MEV
======================================================================

Loaded 3815 matched main-track clusters across U, V, X planes
Selected 298 ES main tracks
Loading ED model from: /eos/home-e/evilla/dune/sn-tps/neural_networks/electron_direction/three_plane_three_plane_v58_200k_lr_schedule_20251118_110931/checkpoints/model_epoch_12_val_loss_0.8898.keras
Running ED inference...
Applying E > 20 MeV cut
After energy cut: 37 clusters
Running emcee: 64 walkers × 2000 steps...
Acceptance fraction: 14.4%
Mean direction: θ=-115.01°, φ=120.25°
Uncertainties: Δθ=85.26°, Δφ=62.18°
68% credible angle: 56.59°

Angular error: 30.84°

✓ Saved: /eos/project-e/ep-nu/evilla/sn-pointing/cat000301/pipeline/cat000301_scenario_best_case_emcee.npz

✓ Saved: /eos/project-e/ep-nu/evilla/sn-pointing/cat000301/pipeline/cat000301_scenario_perfect_ct_emcee.npz

✓ Saved: /eos/project-e/ep-nu/evilla/sn-pointing/cat000301/pipeline/cat000301_scenario_full_pipeline_emcee.npz

✓ Saved: /eos/project-e/ep-nu/evilla/sn-pointing/cat000301/pipeline/cat000301_scenario_weighted_ct_emcee.npz

✓ Saved: /eos/project-e/ep-nu/evilla/sn-pointing/cat000301/pipeline/cat000301_scenario_perfect_ct_e_gt_10mev_emcee.npz

✓ Saved: /eos/project-e/ep-nu/evilla/sn-pointing/cat000301/pipeline/cat000301_scenario_perfect_ct_e_gt_20mev_emcee.npz
✓ cat000301 completed successfully
