Processing cat000012 with 6 scenarios...
Cat directory: /eos/project-e/ep-nu/evilla/sn-pointing/cat000012
======================================================================
EMCEE RECONSTRUCTION FOR cat000012
======================================================================

Loading PDF from: /eos/home-e/evilla/dune/sn-tps/neural_networks/electron_direction/three_plane_three_plane_v58_200k_lr_schedule_20251118_110931/cosine_energy_pdf.npz
PDF loaded

======================================================================
SCENARIO (EMCEE): BEST_CASE
======================================================================

Loaded 3838 matched main-track clusters across U, V, X planes
Selected 270 ES main tracks
After E > 3 MeV cut: 270 clusters
Running emcee: 64 walkers × 2000 steps...
Acceptance fraction: 9.1%
Mean direction: θ=138.46°, φ=65.75°
Uncertainties: Δθ=41.50°, Δφ=20.51°
68% credible angle: 37.85°

Angular error: 12.11°

======================================================================
SCENARIO (EMCEE): PERFECT_CT
======================================================================

Loaded 3838 matched main-track clusters across U, V, X planes
Selected 270 ES main tracks
Loading ED model from: /eos/home-e/evilla/dune/sn-tps/neural_networks/electron_direction/three_plane_three_plane_v58_200k_lr_schedule_20251118_110931/checkpoints/model_epoch_12_val_loss_0.8898.keras
Running ED inference...
After energy cut: 270 clusters
Running emcee: 64 walkers × 2000 steps...
Acceptance fraction: 8.3%
Mean direction: θ=158.74°, φ=61.09°
Uncertainties: Δθ=36.26°, Δφ=17.26°
68% credible angle: 40.30°

Angular error: 29.25°

======================================================================
SCENARIO (EMCEE): FULL_PIPELINE
======================================================================

Loaded 3838 matched main-track clusters across U, V, X planes
Using all 3838 main-track clusters
Loading CT model from: /eos/user/e/evilla/dune/sn-tps/neural_networks/charge_topology/best_model.keras

✗ full_pipeline failed: File not found: filepath=/eos/user/e/evilla/dune/sn-tps/neural_networks/charge_topology/best_model.keras. Please ensure the file is an accessible `.keras` zip file.

======================================================================
SCENARIO (EMCEE): WEIGHTED_CT
======================================================================

Loaded 3838 matched main-track clusters across U, V, X planes
Using all 3838 main-track clusters
Loading CT model from: /eos/user/e/evilla/dune/sn-tps/neural_networks/charge_topology/best_model.keras

✗ weighted_ct failed: File not found: filepath=/eos/user/e/evilla/dune/sn-tps/neural_networks/charge_topology/best_model.keras. Please ensure the file is an accessible `.keras` zip file.

======================================================================
SCENARIO (EMCEE): PERFECT_CT_E_GT_10MEV
======================================================================

Loaded 3838 matched main-track clusters across U, V, X planes
Selected 270 ES main tracks
Loading ED model from: /eos/home-e/evilla/dune/sn-tps/neural_networks/electron_direction/three_plane_three_plane_v58_200k_lr_schedule_20251118_110931/checkpoints/model_epoch_12_val_loss_0.8898.keras
Running ED inference...
Applying E > 10 MeV cut
After energy cut: 142 clusters
Running emcee: 64 walkers × 2000 steps...
Acceptance fraction: 9.8%
Mean direction: θ=140.42°, φ=59.38°
Uncertainties: Δθ=34.88°, Δφ=14.83°
68% credible angle: 36.11°

Angular error: 13.42°

======================================================================
SCENARIO (EMCEE): PERFECT_CT_E_GT_20MEV
======================================================================

Loaded 3838 matched main-track clusters across U, V, X planes
Selected 270 ES main tracks
Loading ED model from: /eos/home-e/evilla/dune/sn-tps/neural_networks/electron_direction/three_plane_three_plane_v58_200k_lr_schedule_20251118_110931/checkpoints/model_epoch_12_val_loss_0.8898.keras
Running ED inference...
Applying E > 20 MeV cut
After energy cut: 33 clusters
Running emcee: 64 walkers × 2000 steps...
Acceptance fraction: 14.1%
Mean direction: θ=149.62°, φ=67.80°
Uncertainties: Δθ=53.28°, Δφ=16.77°
68% credible angle: 35.68°

Angular error: 22.49°

✓ Saved: /eos/project-e/ep-nu/evilla/sn-pointing/cat000012/pipeline/cat000012_scenario_best_case_emcee.npz

✓ Saved: /eos/project-e/ep-nu/evilla/sn-pointing/cat000012/pipeline/cat000012_scenario_perfect_ct_emcee.npz

✓ Saved: /eos/project-e/ep-nu/evilla/sn-pointing/cat000012/pipeline/cat000012_scenario_perfect_ct_e_gt_10mev_emcee.npz

✓ Saved: /eos/project-e/ep-nu/evilla/sn-pointing/cat000012/pipeline/cat000012_scenario_perfect_ct_e_gt_20mev_emcee.npz
✓ cat000012 completed successfully
