000 (13791725.072.000) 11/20 10:34:57 Job submitted from host: <188.184.90.62:9618?addrs=188.184.90.62-9618+[2001-1458-201-e4--100-238]-9618&alias=bigbird16.cern.ch&noUDP&sock=schedd_5196_9a2f>
...
040 (13791725.072.000) 11/20 10:43:03 Started transferring input files
	Transferring to host: <188.185.93.218:9618?addrs=188.185.93.218-9618+[2001-1458-d00-6c--100-34c]-9618&alias=b9g57n0991.cern.ch&noUDP&sock=slot1_1_4005_a27c_9817>
...
040 (13791725.072.000) 11/20 10:43:03 Finished transferring input files
...
001 (13791725.072.000) 11/20 10:43:04 Job executing on host: <188.185.93.218:9618?addrs=188.185.93.218-9618+[2001-1458-d00-6c--100-34c]-9618&alias=b9g57n0991.cern.ch&noUDP&sock=startd_3640_50d2>
	SlotName: slot1_1@b9g57n0991.cern.ch
	AvailableGPUs = { GPUs_GPU_481212f1 }
	CondorScratchDir = "/pool/condor/dir_3083903"
	Cpus = 11
	Disk = 4195044
	GPUs = 1
	GPUs_GPU_481212f1 = [ Id = "GPU-481212f1"; ClockMhz = 1410.0; Capability = 8.0; CoresPerCU = 64; DeviceName = "NVIDIA A100-PCIE-40GB"; DeviceUuid = "481212f1-d5bc-e456-f450-346df9467bda"; ECCEnabled = true; ComputeUnits = 108; DriverVersion = 13.0; DevicePciBusId = "0000:06:00.0"; GlobalMemoryMb = 40441; MaxSupportedVersion = 13000 ]
	Memory = 33000
...
006 (13791725.072.000) 11/20 10:43:18 Image size of job updated: 308760
	302  -  MemoryUsage of job (MB)
	308760  -  ResidentSetSize of job (KB)
...
006 (13791725.072.000) 11/20 10:46:22 Image size of job updated: 2122612
	303  -  MemoryUsage of job (MB)
	309468  -  ResidentSetSize of job (KB)
...
040 (13791725.072.000) 11/20 10:46:22 Started transferring output files
...
040 (13791725.072.000) 11/20 10:46:22 Finished transferring output files
...
005 (13791725.072.000) 11/20 10:46:22 Job terminated.
	(1) Normal termination (return value 0)
		Usr 0 00:06:00, Sys 0 00:00:27  -  Run Remote Usage
		Usr 0 00:00:00, Sys 0 00:00:00  -  Run Local Usage
		Usr 0 00:06:00, Sys 0 00:00:27  -  Total Remote Usage
		Usr 0 00:00:00, Sys 0 00:00:00  -  Total Local Usage
	16756  -  Run Bytes Sent By Job
	1411571  -  Run Bytes Received By Job
	16756  -  Total Bytes Sent By Job
	1411571  -  Total Bytes Received By Job
	Partitionable Resources :    Usage  Request Allocated Assigned
	   Cpus                 :        0       11        11 
	   Disk (KB)            :     1420  4194304   4195044 
	   GPUs                 :        0        1         1 "GPU-481212f1"
	   Memory (MB)          :      303    33000     33000 
	   TimeExecute (s)      :      198                    
	   TimeSlotBusy (s)     :      199                    

	Job terminated of its own accord at 2025-11-20T09:46:22Z with exit-code 0.
...
