000 (13791725.024.000) 11/20 10:34:57 Job submitted from host: <188.184.90.62:9618?addrs=188.184.90.62-9618+[2001-1458-201-e4--100-238]-9618&alias=bigbird16.cern.ch&noUDP&sock=schedd_5196_9a2f>
...
040 (13791725.024.000) 11/20 10:39:35 Started transferring input files
	Transferring to host: <188.185.93.15:9618?addrs=188.185.93.15-9618+[2001-1458-d00-6c--100-19a]-9618&alias=b9g57n1708.cern.ch&noUDP&sock=slot1_1_5388_1554_9725>
...
040 (13791725.024.000) 11/20 10:39:35 Finished transferring input files
...
001 (13791725.024.000) 11/20 10:39:36 Job executing on host: <188.185.93.15:9618?addrs=188.185.93.15-9618+[2001-1458-d00-6c--100-19a]-9618&alias=b9g57n1708.cern.ch&noUDP&sock=startd_5344_1e34>
	SlotName: slot1_1@b9g57n1708.cern.ch
	AvailableGPUs = { GPUs_GPU_02690ba6 }
	CondorScratchDir = "/pool/condor/dir_1834938"
	Cpus = 11
	Disk = 4195386
	GPUs = 1
	GPUs_GPU_02690ba6 = [ Id = "GPU-02690ba6"; ClockMhz = 1410.0; Capability = 8.0; CoresPerCU = 64; DeviceName = "NVIDIA A100-PCIE-40GB"; DeviceUuid = "02690ba6-da8f-b9f3-f5f5-ed6909a5a343"; ECCEnabled = true; ComputeUnits = 108; DriverVersion = 13.0; DevicePciBusId = "0000:06:00.0"; GlobalMemoryMb = 40441; MaxSupportedVersion = 13000 ]
	Memory = 33000
...
006 (13791725.024.000) 11/20 10:39:50 Image size of job updated: 288844
	283  -  MemoryUsage of job (MB)
	288844  -  ResidentSetSize of job (KB)
...
006 (13791725.024.000) 11/20 10:43:01 Image size of job updated: 2238388
	283  -  MemoryUsage of job (MB)
	288844  -  ResidentSetSize of job (KB)
...
040 (13791725.024.000) 11/20 10:43:01 Started transferring output files
...
040 (13791725.024.000) 11/20 10:43:01 Finished transferring output files
...
005 (13791725.024.000) 11/20 10:43:01 Job terminated.
	(1) Normal termination (return value 0)
		Usr 0 00:05:53, Sys 0 00:00:24  -  Run Remote Usage
		Usr 0 00:00:00, Sys 0 00:00:00  -  Run Local Usage
		Usr 0 00:05:53, Sys 0 00:00:24  -  Total Remote Usage
		Usr 0 00:00:00, Sys 0 00:00:00  -  Total Local Usage
	16756  -  Run Bytes Sent By Job
	1411571  -  Run Bytes Received By Job
	16756  -  Total Bytes Sent By Job
	1411571  -  Total Bytes Received By Job
	Partitionable Resources :    Usage  Request Allocated Assigned
	   Cpus                 :     1.00       11        11 
	   Disk (KB)            :  1419     4194304   4195386 
	   GPUs                 :     0           1         1 "GPU-02690ba6"
	   GpusMemory (MB)      :   580                       
	   Memory (MB)          :   283       33000     33000 
	   TimeExecute (s)      :   205                       
	   TimeSlotBusy (s)     :   207                       

	Job terminated of its own accord at 2025-11-20T09:43:01Z with exit-code 0.
...
