Processing cat000073 with 6 scenarios...
Cat directory: /eos/project-e/ep-nu/evilla/sn-pointing/cat000073
======================================================================
EMCEE RECONSTRUCTION FOR cat000073
======================================================================

Loading PDF from: /eos/home-e/evilla/dune/sn-tps/neural_networks/electron_direction/three_plane_three_plane_v58_200k_lr_schedule_20251118_110931/cosine_energy_pdf.npz
PDF loaded

======================================================================
SCENARIO (EMCEE): BEST_CASE
======================================================================

Loaded 3709 matched main-track clusters across U, V, X planes
Selected 260 ES main tracks
After E > 3 MeV cut: 260 clusters
Running emcee: 64 walkers × 2000 steps...
Acceptance fraction: 8.5%
Mean direction: θ=52.17°, φ=117.90°
Uncertainties: Δθ=44.32°, Δφ=26.05°
68% credible angle: 33.10°

Angular error: 18.41°

======================================================================
SCENARIO (EMCEE): PERFECT_CT
======================================================================

Loaded 3709 matched main-track clusters across U, V, X planes
Selected 260 ES main tracks
Loading ED model from: /eos/home-e/evilla/dune/sn-tps/neural_networks/electron_direction/three_plane_three_plane_v58_200k_lr_schedule_20251118_110931/checkpoints/model_epoch_12_val_loss_0.8898.keras
Running ED inference...
After energy cut: 260 clusters
Running emcee: 64 walkers × 2000 steps...
Acceptance fraction: 12.2%
Mean direction: θ=31.26°, φ=131.03°
Uncertainties: Δθ=28.08°, Δφ=8.57°
68% credible angle: 15.11°

Angular error: 14.29°

======================================================================
SCENARIO (EMCEE): FULL_PIPELINE
======================================================================

Loaded 3709 matched main-track clusters across U, V, X planes
Using all 3709 main-track clusters
Loading CT model from: /eos/user/e/evilla/dune/sn-tps/neural_networks/charge_topology/best_model.keras

✗ full_pipeline failed: File not found: filepath=/eos/user/e/evilla/dune/sn-tps/neural_networks/charge_topology/best_model.keras. Please ensure the file is an accessible `.keras` zip file.

======================================================================
SCENARIO (EMCEE): WEIGHTED_CT
======================================================================

Loaded 3709 matched main-track clusters across U, V, X planes
Using all 3709 main-track clusters
Loading CT model from: /eos/user/e/evilla/dune/sn-tps/neural_networks/charge_topology/best_model.keras

✗ weighted_ct failed: File not found: filepath=/eos/user/e/evilla/dune/sn-tps/neural_networks/charge_topology/best_model.keras. Please ensure the file is an accessible `.keras` zip file.

======================================================================
SCENARIO (EMCEE): PERFECT_CT_E_GT_10MEV
======================================================================

Loaded 3709 matched main-track clusters across U, V, X planes
Selected 260 ES main tracks
Loading ED model from: /eos/home-e/evilla/dune/sn-tps/neural_networks/electron_direction/three_plane_three_plane_v58_200k_lr_schedule_20251118_110931/checkpoints/model_epoch_12_val_loss_0.8898.keras
Running ED inference...
Applying E > 10 MeV cut
After energy cut: 148 clusters
Running emcee: 64 walkers × 2000 steps...
Acceptance fraction: 13.0%
Mean direction: θ=44.50°, φ=132.67°
Uncertainties: Δθ=25.49°, Δφ=9.87°
68% credible angle: 20.76°

Angular error: 5.15°

======================================================================
SCENARIO (EMCEE): PERFECT_CT_E_GT_20MEV
======================================================================

Loaded 3709 matched main-track clusters across U, V, X planes
Selected 260 ES main tracks
Loading ED model from: /eos/home-e/evilla/dune/sn-tps/neural_networks/electron_direction/three_plane_three_plane_v58_200k_lr_schedule_20251118_110931/checkpoints/model_epoch_12_val_loss_0.8898.keras
Running ED inference...
Applying E > 20 MeV cut
After energy cut: 34 clusters
Running emcee: 64 walkers × 2000 steps...
Acceptance fraction: 24.5%
Mean direction: θ=16.97°, φ=117.63°
Uncertainties: Δθ=55.39°, Δφ=40.20°
68% credible angle: 35.23°

Angular error: 31.75°

✓ Saved: /eos/project-e/ep-nu/evilla/sn-pointing/cat000073/pipeline/cat000073_scenario_best_case_emcee.npz

✓ Saved: /eos/project-e/ep-nu/evilla/sn-pointing/cat000073/pipeline/cat000073_scenario_perfect_ct_emcee.npz

✓ Saved: /eos/project-e/ep-nu/evilla/sn-pointing/cat000073/pipeline/cat000073_scenario_perfect_ct_e_gt_10mev_emcee.npz

✓ Saved: /eos/project-e/ep-nu/evilla/sn-pointing/cat000073/pipeline/cat000073_scenario_perfect_ct_e_gt_20mev_emcee.npz
✓ cat000073 completed successfully
