==================================================================
Processing cat000313 with EMCEE - ALL SCENARIOS
==================================================================
======================================================================
EMCEE RECONSTRUCTION FOR cat000313
======================================================================

Loading PDF from: /eos/home-e/evilla/dune/sn-tps/neural_networks/electron_direction/three_plane_three_plane_v58_200k_lr_schedule_20251118_110931/cosine_energy_pdf.npz
PDF loaded

======================================================================
SCENARIO (EMCEE): PERFECT_CT
======================================================================

Loaded 3844 matched clusters across U, V, X planes
Selected clusters: 297
Running emcee: 64 walkers × 2000 steps...
Acceptance fraction: 16.1%
Mean direction: θ=34.74°, φ=34.18°
Uncertainties: Δθ=50.78°, Δφ=6.92°
68% credible angle: 29.80°

Angular error: 16.78°

======================================================================
SCENARIO (EMCEE): ES_MAIN_CC_SHOWER
======================================================================

Loaded 3844 matched clusters across U, V, X planes
Selected clusters: 297
Running emcee: 64 walkers × 2000 steps...
Acceptance fraction: 18.7%
Mean direction: θ=23.05°, φ=32.78°
Uncertainties: Δθ=52.22°, Δφ=7.26°
68% credible angle: 26.88°

Angular error: 20.19°

======================================================================
SCENARIO (EMCEE): ES_MAIN_CC_ALL
======================================================================

Loaded 3844 matched clusters across U, V, X planes
Selected clusters: 297
Running emcee: 64 walkers × 2000 steps...
Acceptance fraction: 17.7%
Mean direction: θ=48.11°, φ=34.96°
Uncertainties: Δθ=46.58°, Δφ=7.29°
68% credible angle: 31.50°

Angular error: 13.34°

======================================================================
SCENARIO (EMCEE): ES_ALL_CC_SHOWER
======================================================================

Loaded 3844 matched clusters across U, V, X planes
Selected clusters: 297
Running emcee: 64 walkers × 2000 steps...
Acceptance fraction: 18.4%
Mean direction: θ=37.33°, φ=34.35°
Uncertainties: Δθ=50.86°, Δφ=7.15°
68% credible angle: 31.07°

Angular error: 16.01°

======================================================================
SCENARIO (EMCEE): ES_ALL_CC_ALL
======================================================================

Loaded 3844 matched clusters across U, V, X planes
Selected clusters: 297
Running emcee: 64 walkers × 2000 steps...
Acceptance fraction: 16.0%
Mean direction: θ=40.15°, φ=34.15°
Uncertainties: Δθ=51.48°, Δφ=7.54°
68% credible angle: 30.68°

Angular error: 14.91°

======================================================================
SCENARIO (EMCEE): ALL_TRACKS_ALL_SHOWERS
======================================================================

Loaded 3844 matched clusters across U, V, X planes
Selected clusters: 3844
Running emcee: 64 walkers × 2000 steps...
Acceptance fraction: 4.3%
Mean direction: θ=-160.11°, φ=83.75°
Uncertainties: Δθ=107.28°, Δφ=43.79°
68% credible angle: 94.19°

Angular error: 101.11°

✓ Saved: /eos/project-e/ep-nu/evilla/sn-pointing/cat000313/pipeline/cat000313_scenario_perfect_ct_emcee.npz

✓ Saved: /eos/project-e/ep-nu/evilla/sn-pointing/cat000313/pipeline/cat000313_scenario_es_main_cc_shower_emcee.npz

✓ Saved: /eos/project-e/ep-nu/evilla/sn-pointing/cat000313/pipeline/cat000313_scenario_es_main_cc_all_emcee.npz

✓ Saved: /eos/project-e/ep-nu/evilla/sn-pointing/cat000313/pipeline/cat000313_scenario_es_all_cc_shower_emcee.npz

✓ Saved: /eos/project-e/ep-nu/evilla/sn-pointing/cat000313/pipeline/cat000313_scenario_es_all_cc_all_emcee.npz

✓ Saved: /eos/project-e/ep-nu/evilla/sn-pointing/cat000313/pipeline/cat000313_scenario_all_tracks_all_showers_emcee.npz
✓ cat000313 completed successfully
