==================================================================
Processing cat000187 with EMCEE - ALL SCENARIOS
==================================================================
======================================================================
EMCEE RECONSTRUCTION FOR cat000187
======================================================================

Loading PDF from: /eos/home-e/evilla/dune/sn-tps/neural_networks/electron_direction/three_plane_three_plane_v58_200k_lr_schedule_20251118_110931/cosine_energy_pdf.npz
PDF loaded

======================================================================
SCENARIO (EMCEE): PERFECT_CT
======================================================================

Loaded 3203 matched clusters across U, V, X planes
Selected clusters: 294
Running emcee: 64 walkers × 2000 steps...
Acceptance fraction: 13.3%
Mean direction: θ=-172.97°, φ=33.15°
Uncertainties: Δθ=43.44°, Δφ=10.70°
68% credible angle: 24.38°

Angular error: 1.40°

======================================================================
SCENARIO (EMCEE): ES_MAIN_CC_SHOWER
======================================================================

Loaded 3203 matched clusters across U, V, X planes
Selected clusters: 294
Running emcee: 64 walkers × 2000 steps...
Acceptance fraction: 12.7%
Mean direction: θ=-176.87°, φ=33.55°
Uncertainties: Δθ=42.80°, Δφ=12.05°
68% credible angle: 23.66°

Angular error: 2.11°

======================================================================
SCENARIO (EMCEE): ES_MAIN_CC_ALL
======================================================================

Loaded 3203 matched clusters across U, V, X planes
Selected clusters: 294
Running emcee: 64 walkers × 2000 steps...
Acceptance fraction: 11.5%
Mean direction: θ=-170.63°, φ=36.91°
Uncertainties: Δθ=39.77°, Δφ=12.18°
68% credible angle: 25.82°

Angular error: 5.38°

======================================================================
SCENARIO (EMCEE): ES_ALL_CC_SHOWER
======================================================================

Loaded 3203 matched clusters across U, V, X planes
Selected clusters: 294
Running emcee: 64 walkers × 2000 steps...
Acceptance fraction: 10.0%
Mean direction: θ=-176.19°, φ=38.04°
Uncertainties: Δθ=42.73°, Δφ=14.36°
68% credible angle: 27.65°

Angular error: 6.18°

======================================================================
SCENARIO (EMCEE): ES_ALL_CC_ALL
======================================================================

Loaded 3203 matched clusters across U, V, X planes
Selected clusters: 294
Running emcee: 64 walkers × 2000 steps...
Acceptance fraction: 12.7%
Mean direction: θ=-167.55°, φ=37.28°
Uncertainties: Δθ=39.30°, Δφ=10.68°
68% credible angle: 27.40°

Angular error: 6.57°

======================================================================
SCENARIO (EMCEE): ALL_TRACKS_ALL_SHOWERS
======================================================================

Loaded 3203 matched clusters across U, V, X planes
Selected clusters: 3203
Running emcee: 64 walkers × 2000 steps...
Acceptance fraction: 4.0%
Mean direction: θ=-155.33°, φ=76.22°
Uncertainties: Δθ=65.82°, Δφ=40.60°
68% credible angle: 79.53°

Angular error: 46.52°

✓ Saved: /eos/project-e/ep-nu/evilla/sn-pointing/cat000187/pipeline/cat000187_scenario_perfect_ct_emcee.npz

✓ Saved: /eos/project-e/ep-nu/evilla/sn-pointing/cat000187/pipeline/cat000187_scenario_es_main_cc_shower_emcee.npz

✓ Saved: /eos/project-e/ep-nu/evilla/sn-pointing/cat000187/pipeline/cat000187_scenario_es_main_cc_all_emcee.npz

✓ Saved: /eos/project-e/ep-nu/evilla/sn-pointing/cat000187/pipeline/cat000187_scenario_es_all_cc_shower_emcee.npz

✓ Saved: /eos/project-e/ep-nu/evilla/sn-pointing/cat000187/pipeline/cat000187_scenario_es_all_cc_all_emcee.npz

✓ Saved: /eos/project-e/ep-nu/evilla/sn-pointing/cat000187/pipeline/cat000187_scenario_all_tracks_all_showers_emcee.npz
✓ cat000187 completed successfully
