Processing cat000017 with 6 scenarios...
Cat directory: /eos/project-e/ep-nu/evilla/sn-pointing/cat000017
======================================================================
EMCEE RECONSTRUCTION FOR cat000017
======================================================================

Loading PDF from: /eos/home-e/evilla/dune/sn-tps/neural_networks/electron_direction/three_plane_three_plane_v58_200k_lr_schedule_20251118_110931/cosine_energy_pdf.npz
PDF loaded

======================================================================
SCENARIO (EMCEE): BEST_CASE
======================================================================

Loaded 3907 matched main-track clusters across U, V, X planes
Selected 286 ES main tracks
After E > 3 MeV cut: 286 clusters
Running emcee: 64 walkers × 2000 steps...
Acceptance fraction: 7.1%
Mean direction: θ=45.19°, φ=97.71°
Uncertainties: Δθ=50.92°, Δφ=24.43°
68% credible angle: 19.84°

Angular error: 14.42°

======================================================================
SCENARIO (EMCEE): PERFECT_CT
======================================================================

Loaded 3907 matched main-track clusters across U, V, X planes
Selected 286 ES main tracks
Loading ED model from: /eos/home-e/evilla/dune/sn-tps/neural_networks/electron_direction/three_plane_three_plane_v58_200k_lr_schedule_20251118_110931/checkpoints/model_epoch_12_val_loss_0.8898.keras
Running ED inference...
After energy cut: 286 clusters
Running emcee: 64 walkers × 2000 steps...
Acceptance fraction: 21.9%
Mean direction: θ=46.22°, φ=103.76°
Uncertainties: Δθ=15.77°, Δφ=15.21°
68% credible angle: 15.06°

Angular error: 9.48°

======================================================================
SCENARIO (EMCEE): FULL_PIPELINE
======================================================================

Loaded 3907 matched main-track clusters across U, V, X planes
Using all 3907 main-track clusters
Loading CT model from: /eos/user/e/evilla/dune/sn-tps/neural_networks/charge_topology/best_model.keras

✗ full_pipeline failed: File not found: filepath=/eos/user/e/evilla/dune/sn-tps/neural_networks/charge_topology/best_model.keras. Please ensure the file is an accessible `.keras` zip file.

======================================================================
SCENARIO (EMCEE): WEIGHTED_CT
======================================================================

Loaded 3907 matched main-track clusters across U, V, X planes
Using all 3907 main-track clusters
Loading CT model from: /eos/user/e/evilla/dune/sn-tps/neural_networks/charge_topology/best_model.keras

✗ weighted_ct failed: File not found: filepath=/eos/user/e/evilla/dune/sn-tps/neural_networks/charge_topology/best_model.keras. Please ensure the file is an accessible `.keras` zip file.

======================================================================
SCENARIO (EMCEE): PERFECT_CT_E_GT_10MEV
======================================================================

Loaded 3907 matched main-track clusters across U, V, X planes
Selected 286 ES main tracks
Loading ED model from: /eos/home-e/evilla/dune/sn-tps/neural_networks/electron_direction/three_plane_three_plane_v58_200k_lr_schedule_20251118_110931/checkpoints/model_epoch_12_val_loss_0.8898.keras
Running ED inference...
Applying E > 10 MeV cut
After energy cut: 171 clusters
Running emcee: 64 walkers × 2000 steps...
Acceptance fraction: 17.7%
Mean direction: θ=52.45°, φ=104.46°
Uncertainties: Δθ=21.13°, Δφ=15.63°
68% credible angle: 18.41°

Angular error: 4.89°

======================================================================
SCENARIO (EMCEE): PERFECT_CT_E_GT_20MEV
======================================================================

Loaded 3907 matched main-track clusters across U, V, X planes
Selected 286 ES main tracks
Loading ED model from: /eos/home-e/evilla/dune/sn-tps/neural_networks/electron_direction/three_plane_three_plane_v58_200k_lr_schedule_20251118_110931/checkpoints/model_epoch_12_val_loss_0.8898.keras
Running ED inference...
Applying E > 20 MeV cut
After energy cut: 35 clusters
Running emcee: 64 walkers × 2000 steps...
Acceptance fraction: 36.7%
Mean direction: θ=31.47°, φ=112.66°
Uncertainties: Δθ=36.10°, Δφ=15.04°
68% credible angle: 9.49°

Angular error: 21.82°

✓ Saved: /eos/project-e/ep-nu/evilla/sn-pointing/cat000017/pipeline/cat000017_scenario_best_case_emcee.npz

✓ Saved: /eos/project-e/ep-nu/evilla/sn-pointing/cat000017/pipeline/cat000017_scenario_perfect_ct_emcee.npz

✓ Saved: /eos/project-e/ep-nu/evilla/sn-pointing/cat000017/pipeline/cat000017_scenario_perfect_ct_e_gt_10mev_emcee.npz

✓ Saved: /eos/project-e/ep-nu/evilla/sn-pointing/cat000017/pipeline/cat000017_scenario_perfect_ct_e_gt_20mev_emcee.npz
✓ cat000017 completed successfully
