==================================================================
Processing cat000567 with EMCEE - ALL SCENARIOS
==================================================================
======================================================================
EMCEE RECONSTRUCTION FOR cat000567
======================================================================

Loading PDF from: /eos/home-e/evilla/dune/sn-tps/neural_networks/electron_direction/three_plane_three_plane_v58_200k_lr_schedule_20251118_110931/cosine_energy_pdf.npz
PDF loaded

======================================================================
SCENARIO (EMCEE): PERFECT_CT
======================================================================

Loaded 288 matched clusters across U, V, X planes
Selected clusters: 288
Running emcee: 64 walkers × 2000 steps...
Acceptance fraction: 14.1%
Mean direction: θ=165.67°, φ=139.12°
Uncertainties: Δθ=45.06°, Δφ=10.96°
68% credible angle: 28.66°

Angular error: 13.10°

======================================================================
SCENARIO (EMCEE): ES_MAIN_CC_SHOWER
======================================================================

Loaded 288 matched clusters across U, V, X planes
Selected clusters: 288
Running emcee: 64 walkers × 2000 steps...
Acceptance fraction: 10.3%
Mean direction: θ=153.81°, φ=144.06°
Uncertainties: Δθ=58.72°, Δφ=13.05°
68% credible angle: 32.43°

Angular error: 8.59°

======================================================================
SCENARIO (EMCEE): ES_MAIN_CC_ALL
======================================================================

Loaded 288 matched clusters across U, V, X planes
Selected clusters: 288
Running emcee: 64 walkers × 2000 steps...
Acceptance fraction: 10.1%
Mean direction: θ=170.74°, φ=144.54°
Uncertainties: Δθ=54.49°, Δφ=12.52°
68% credible angle: 27.96°

Angular error: 9.10°

======================================================================
SCENARIO (EMCEE): ES_ALL_CC_SHOWER
======================================================================

Loaded 288 matched clusters across U, V, X planes
Selected clusters: 288
Running emcee: 64 walkers × 2000 steps...
Acceptance fraction: 9.4%
Mean direction: θ=164.22°, φ=141.77°
Uncertainties: Δθ=51.22°, Δφ=15.92°
68% credible angle: 28.17°

Angular error: 10.32°

======================================================================
SCENARIO (EMCEE): ES_ALL_CC_ALL
======================================================================

Loaded 288 matched clusters across U, V, X planes
Selected clusters: 288
Running emcee: 64 walkers × 2000 steps...
Acceptance fraction: 10.9%
Mean direction: θ=153.94°, φ=141.91°
Uncertainties: Δθ=47.21°, Δφ=12.00°
68% credible angle: 32.85°

Angular error: 10.59°

======================================================================
SCENARIO (EMCEE): ALL_TRACKS_ALL_SHOWERS
======================================================================

Loaded 288 matched clusters across U, V, X planes
Selected clusters: 288
Running emcee: 64 walkers × 2000 steps...
Acceptance fraction: 9.9%
Mean direction: θ=169.31°, φ=141.76°
Uncertainties: Δθ=50.10°, Δφ=12.30°
68% credible angle: 26.78°

Angular error: 11.20°

✓ Saved: /eos/project-e/ep-nu/evilla/sn-pointing/cat000567/pipeline/cat000567_scenario_perfect_ct_emcee.npz

✓ Saved: /eos/project-e/ep-nu/evilla/sn-pointing/cat000567/pipeline/cat000567_scenario_es_main_cc_shower_emcee.npz

✓ Saved: /eos/project-e/ep-nu/evilla/sn-pointing/cat000567/pipeline/cat000567_scenario_es_main_cc_all_emcee.npz

✓ Saved: /eos/project-e/ep-nu/evilla/sn-pointing/cat000567/pipeline/cat000567_scenario_es_all_cc_shower_emcee.npz

✓ Saved: /eos/project-e/ep-nu/evilla/sn-pointing/cat000567/pipeline/cat000567_scenario_es_all_cc_all_emcee.npz

✓ Saved: /eos/project-e/ep-nu/evilla/sn-pointing/cat000567/pipeline/cat000567_scenario_all_tracks_all_showers_emcee.npz
✓ cat000567 completed successfully
