000 (13791414.155.000) 11/20 04:32:06 Job submitted from host: <188.184.90.62:9618?addrs=188.184.90.62-9618+[2001-1458-201-e4--100-238]-9618&alias=bigbird16.cern.ch&noUDP&sock=schedd_5196_9a2f>
...
040 (13791414.155.000) 11/20 04:42:28 Started transferring input files
	Transferring to host: <188.185.93.124:9618?addrs=188.185.93.124-9618+[2001-1458-d00-6c--100-39b]-9618&alias=b9g57n5419.cern.ch&noUDP&sock=slot1_1_3378_db42_9402>
...
040 (13791414.155.000) 11/20 04:42:28 Finished transferring input files
...
001 (13791414.155.000) 11/20 04:42:29 Job executing on host: <188.185.93.124:9618?addrs=188.185.93.124-9618+[2001-1458-d00-6c--100-39b]-9618&alias=b9g57n5419.cern.ch&noUDP&sock=startd_3029_3874>
	SlotName: slot1_1@b9g57n5419.cern.ch
	AvailableGPUs = { GPUs_GPU_8e36ebf7 }
	CondorScratchDir = "/pool/condor/dir_1765594"
	Cpus = 11
	Disk = 4195329
	GPUs = 1
	GPUs_GPU_8e36ebf7 = [ Id = "GPU-8e36ebf7"; ClockMhz = 1410.0; Capability = 8.0; CoresPerCU = 64; DeviceName = "NVIDIA A100-PCIE-40GB"; DeviceUuid = "8e36ebf7-cfeb-baed-bbe4-21263bcdba53"; ECCEnabled = true; ComputeUnits = 108; DriverVersion = 13.0; DevicePciBusId = "0000:06:00.0"; GlobalMemoryMb = 40441; MaxSupportedVersion = 13000 ]
	Memory = 33000
...
006 (13791414.155.000) 11/20 04:42:42 Image size of job updated: 328724
	322  -  MemoryUsage of job (MB)
	328724  -  ResidentSetSize of job (KB)
...
006 (13791414.155.000) 11/20 04:45:03 Image size of job updated: 1953656
	322  -  MemoryUsage of job (MB)
	328724  -  ResidentSetSize of job (KB)
...
040 (13791414.155.000) 11/20 04:45:03 Started transferring output files
...
040 (13791414.155.000) 11/20 04:45:03 Finished transferring output files
...
005 (13791414.155.000) 11/20 04:45:03 Job terminated.
	(1) Normal termination (return value 0)
		Usr 0 00:04:10, Sys 0 00:00:17  -  Run Remote Usage
		Usr 0 00:00:00, Sys 0 00:00:00  -  Run Local Usage
		Usr 0 00:04:10, Sys 0 00:00:17  -  Total Remote Usage
		Usr 0 00:00:00, Sys 0 00:00:00  -  Total Local Usage
	14754  -  Run Bytes Sent By Job
	1323  -  Run Bytes Received By Job
	14754  -  Total Bytes Sent By Job
	1323  -  Total Bytes Received By Job
	Partitionable Resources :    Usage  Request Allocated Assigned
	   Cpus                 :        0       11        11 
	   Disk (KB)            :       41  4194304   4195329 
	   GPUs                 :        0        1         1 "GPU-8e36ebf7"
	   Memory (MB)          :      322    33000     33000 
	   TimeExecute (s)      :      154                    
	   TimeSlotBusy (s)     :      155                    

	Job terminated of its own accord at 2025-11-20T03:45:03Z with exit-code 0.
...
