Processing cat000015 with 6 scenarios...
Cat directory: /eos/project-e/ep-nu/evilla/sn-pointing/cat000015
======================================================================
EMCEE RECONSTRUCTION FOR cat000015
======================================================================

Loading PDF from: /eos/home-e/evilla/dune/sn-tps/neural_networks/electron_direction/three_plane_three_plane_v58_200k_lr_schedule_20251118_110931/cosine_energy_pdf.npz
PDF loaded

======================================================================
SCENARIO (EMCEE): BEST_CASE
======================================================================

Loaded 3880 matched main-track clusters across U, V, X planes
Selected 288 ES main tracks
After E > 3 MeV cut: 288 clusters
Running emcee: 64 walkers × 2000 steps...
Acceptance fraction: 9.6%
Mean direction: θ=42.03°, φ=97.08°
Uncertainties: Δθ=64.57°, Δφ=29.18°
68% credible angle: 34.58°

Angular error: 19.09°

======================================================================
SCENARIO (EMCEE): PERFECT_CT
======================================================================

Loaded 3880 matched main-track clusters across U, V, X planes
Selected 288 ES main tracks
Loading ED model from: /eos/home-e/evilla/dune/sn-tps/neural_networks/electron_direction/three_plane_three_plane_v58_200k_lr_schedule_20251118_110931/checkpoints/model_epoch_12_val_loss_0.8898.keras
Running ED inference...
After energy cut: 288 clusters
Running emcee: 64 walkers × 2000 steps...
Acceptance fraction: 17.6%
Mean direction: θ=44.61°, φ=109.14°
Uncertainties: Δθ=19.02°, Δφ=18.96°
68% credible angle: 28.54°

Angular error: 8.56°

======================================================================
SCENARIO (EMCEE): FULL_PIPELINE
======================================================================

Loaded 3880 matched main-track clusters across U, V, X planes
Using all 3880 main-track clusters
Loading CT model from: /eos/user/e/evilla/dune/sn-tps/neural_networks/channel_tagging/ct_volume_v52_batch_reload_20251116_101125/best_model.keras
Running CT inference...
CT selected 3516 ES candidates from 3880 clusters
  ES prob range: [0.000, 1.000]
Loading ED model from: /eos/home-e/evilla/dune/sn-tps/neural_networks/electron_direction/three_plane_three_plane_v58_200k_lr_schedule_20251118_110931/checkpoints/model_epoch_12_val_loss_0.8898.keras
Running ED inference on 3516 clusters...
After E > 3 MeV cut: 3496 clusters
Running emcee: 64 walkers × 2000 steps...
Acceptance fraction: 4.5%
Mean direction: θ=-105.69°, φ=96.16°
Uncertainties: Δθ=105.93°, Δφ=33.30°
68% credible angle: 120.34°

Angular error: 143.83°

======================================================================
SCENARIO (EMCEE): WEIGHTED_CT
======================================================================

Loaded 3880 matched main-track clusters across U, V, X planes
Using all 3880 main-track clusters
Loading CT model from: /eos/user/e/evilla/dune/sn-tps/neural_networks/channel_tagging/ct_volume_v52_batch_reload_20251116_101125/best_model.keras
Running CT inference...
CT selected 3516 ES candidates from 3880 clusters
  ES prob range: [0.000, 1.000]
Loading ED model from: /eos/home-e/evilla/dune/sn-tps/neural_networks/electron_direction/three_plane_three_plane_v58_200k_lr_schedule_20251118_110931/checkpoints/model_epoch_12_val_loss_0.8898.keras
Running ED inference on 3516 clusters...
Using CT weights (ES probabilities)
After E > 3 MeV cut: 3496 clusters
Running weighted MCMC with 3496 weights
Running emcee: 64 walkers × 2000 steps...
Acceptance fraction: 4.9%
Mean direction: θ=-145.28°, φ=106.19°
Uncertainties: Δθ=100.66°, Δφ=31.24°
68% credible angle: 86.44°

Angular error: 136.87°

======================================================================
SCENARIO (EMCEE): PERFECT_CT_E_GT_10MEV
======================================================================

Loaded 3880 matched main-track clusters across U, V, X planes
Selected 288 ES main tracks
Loading ED model from: /eos/home-e/evilla/dune/sn-tps/neural_networks/electron_direction/three_plane_three_plane_v58_200k_lr_schedule_20251118_110931/checkpoints/model_epoch_12_val_loss_0.8898.keras
Running ED inference...
Applying E > 10 MeV cut
After energy cut: 161 clusters
Running emcee: 64 walkers × 2000 steps...
Acceptance fraction: 15.3%
Mean direction: θ=46.00°, φ=105.81°
Uncertainties: Δθ=14.71°, Δφ=17.25°
68% credible angle: 24.27°

Angular error: 9.71°

======================================================================
SCENARIO (EMCEE): PERFECT_CT_E_GT_20MEV
======================================================================

Loaded 3880 matched main-track clusters across U, V, X planes
Selected 288 ES main tracks
Loading ED model from: /eos/home-e/evilla/dune/sn-tps/neural_networks/electron_direction/three_plane_three_plane_v58_200k_lr_schedule_20251118_110931/checkpoints/model_epoch_12_val_loss_0.8898.keras
Running ED inference...
Applying E > 20 MeV cut
After energy cut: 35 clusters
Running emcee: 64 walkers × 2000 steps...
Acceptance fraction: 22.6%
Mean direction: θ=34.74°, φ=109.44°
Uncertainties: Δθ=57.72°, Δφ=13.87°
68% credible angle: 18.85°

Angular error: 17.13°

✓ Saved: /eos/project-e/ep-nu/evilla/sn-pointing/cat000015/pipeline/cat000015_scenario_best_case_emcee.npz

✓ Saved: /eos/project-e/ep-nu/evilla/sn-pointing/cat000015/pipeline/cat000015_scenario_perfect_ct_emcee.npz

✓ Saved: /eos/project-e/ep-nu/evilla/sn-pointing/cat000015/pipeline/cat000015_scenario_full_pipeline_emcee.npz

✓ Saved: /eos/project-e/ep-nu/evilla/sn-pointing/cat000015/pipeline/cat000015_scenario_weighted_ct_emcee.npz

✓ Saved: /eos/project-e/ep-nu/evilla/sn-pointing/cat000015/pipeline/cat000015_scenario_perfect_ct_e_gt_10mev_emcee.npz

✓ Saved: /eos/project-e/ep-nu/evilla/sn-pointing/cat000015/pipeline/cat000015_scenario_perfect_ct_e_gt_20mev_emcee.npz
✓ cat000015 completed successfully
