Processing cat000177 with 6 scenarios...
Cat directory: /eos/project-e/ep-nu/evilla/sn-pointing/cat000177
======================================================================
EMCEE RECONSTRUCTION FOR cat000177
======================================================================

Loading PDF from: /eos/home-e/evilla/dune/sn-tps/neural_networks/electron_direction/three_plane_three_plane_v58_200k_lr_schedule_20251118_110931/cosine_energy_pdf.npz
PDF loaded

======================================================================
SCENARIO (EMCEE): BEST_CASE
======================================================================

Loaded 3473 matched main-track clusters across U, V, X planes
Selected 294 ES main tracks
After E > 3 MeV cut: 294 clusters
Running emcee: 64 walkers × 2000 steps...
Acceptance fraction: 13.6%
Mean direction: θ=8.59°, φ=49.50°
Uncertainties: Δθ=30.29°, Δφ=17.62°
68% credible angle: 26.30°

Angular error: 14.56°

======================================================================
SCENARIO (EMCEE): PERFECT_CT
======================================================================

Loaded 3473 matched main-track clusters across U, V, X planes
Selected 294 ES main tracks
Loading ED model from: /eos/home-e/evilla/dune/sn-tps/neural_networks/electron_direction/three_plane_three_plane_v58_200k_lr_schedule_20251118_110931/checkpoints/model_epoch_12_val_loss_0.8898.keras
Running ED inference...
After energy cut: 294 clusters
Running emcee: 64 walkers × 2000 steps...
Acceptance fraction: 15.5%
Mean direction: θ=2.88°, φ=47.47°
Uncertainties: Δθ=28.18°, Δφ=13.42°
68% credible angle: 25.79°

Angular error: 10.36°

======================================================================
SCENARIO (EMCEE): FULL_PIPELINE
======================================================================

Loaded 3473 matched main-track clusters across U, V, X planes
Using all 3473 main-track clusters
Loading CT model from: /eos/user/e/evilla/dune/sn-tps/neural_networks/channel_tagging/ct_volume_v52_batch_reload_20251116_101125/best_model.keras
Running CT inference...
CT selected 3132 ES candidates from 3473 clusters
  ES prob range: [0.000, 1.000]
Loading ED model from: /eos/home-e/evilla/dune/sn-tps/neural_networks/electron_direction/three_plane_three_plane_v58_200k_lr_schedule_20251118_110931/checkpoints/model_epoch_12_val_loss_0.8898.keras
Running ED inference on 3132 clusters...
After E > 3 MeV cut: 3114 clusters
Running emcee: 64 walkers × 2000 steps...
Acceptance fraction: 7.6%
Mean direction: θ=-31.64°, φ=61.45°
Uncertainties: Δθ=84.68°, Δφ=39.41°
68% credible angle: 62.32°

Angular error: 29.37°

======================================================================
SCENARIO (EMCEE): WEIGHTED_CT
======================================================================

Loaded 3473 matched main-track clusters across U, V, X planes
Using all 3473 main-track clusters
Loading CT model from: /eos/user/e/evilla/dune/sn-tps/neural_networks/channel_tagging/ct_volume_v52_batch_reload_20251116_101125/best_model.keras
Running CT inference...
CT selected 3132 ES candidates from 3473 clusters
  ES prob range: [0.000, 1.000]
Loading ED model from: /eos/home-e/evilla/dune/sn-tps/neural_networks/electron_direction/three_plane_three_plane_v58_200k_lr_schedule_20251118_110931/checkpoints/model_epoch_12_val_loss_0.8898.keras
Running ED inference on 3132 clusters...
Using CT weights (ES probabilities)
After E > 3 MeV cut: 3114 clusters
Running weighted MCMC with 3114 weights
Running emcee: 64 walkers × 2000 steps...
Acceptance fraction: 7.4%
Mean direction: θ=-63.06°, φ=68.87°
Uncertainties: Δθ=62.26°, Δφ=38.80°
68% credible angle: 64.85°

Angular error: 53.03°

======================================================================
SCENARIO (EMCEE): PERFECT_CT_E_GT_10MEV
======================================================================

Loaded 3473 matched main-track clusters across U, V, X planes
Selected 294 ES main tracks
Loading ED model from: /eos/home-e/evilla/dune/sn-tps/neural_networks/electron_direction/three_plane_three_plane_v58_200k_lr_schedule_20251118_110931/checkpoints/model_epoch_12_val_loss_0.8898.keras
Running ED inference...
Applying E > 10 MeV cut
After energy cut: 151 clusters
Running emcee: 64 walkers × 2000 steps...
Acceptance fraction: 14.8%
Mean direction: θ=2.84°, φ=42.87°
Uncertainties: Δθ=30.77°, Δφ=17.10°
68% credible angle: 24.20°

Angular error: 6.98°

======================================================================
SCENARIO (EMCEE): PERFECT_CT_E_GT_20MEV
======================================================================

Loaded 3473 matched main-track clusters across U, V, X planes
Selected 294 ES main tracks
Loading ED model from: /eos/home-e/evilla/dune/sn-tps/neural_networks/electron_direction/three_plane_three_plane_v58_200k_lr_schedule_20251118_110931/checkpoints/model_epoch_12_val_loss_0.8898.keras
Running ED inference...
Applying E > 20 MeV cut
After energy cut: 32 clusters
Running emcee: 64 walkers × 2000 steps...
Acceptance fraction: 12.9%
Mean direction: θ=11.59°, φ=72.01°
Uncertainties: Δθ=85.33°, Δφ=35.99°
68% credible angle: 132.55°

Angular error: 35.76°

✓ Saved: /eos/project-e/ep-nu/evilla/sn-pointing/cat000177/pipeline/cat000177_scenario_best_case_emcee.npz

✓ Saved: /eos/project-e/ep-nu/evilla/sn-pointing/cat000177/pipeline/cat000177_scenario_perfect_ct_emcee.npz

✓ Saved: /eos/project-e/ep-nu/evilla/sn-pointing/cat000177/pipeline/cat000177_scenario_full_pipeline_emcee.npz

✓ Saved: /eos/project-e/ep-nu/evilla/sn-pointing/cat000177/pipeline/cat000177_scenario_weighted_ct_emcee.npz

✓ Saved: /eos/project-e/ep-nu/evilla/sn-pointing/cat000177/pipeline/cat000177_scenario_perfect_ct_e_gt_10mev_emcee.npz

✓ Saved: /eos/project-e/ep-nu/evilla/sn-pointing/cat000177/pipeline/cat000177_scenario_perfect_ct_e_gt_20mev_emcee.npz
✓ cat000177 completed successfully
