Processing cat000063 with 6 scenarios...
Cat directory: /eos/project-e/ep-nu/evilla/sn-pointing/cat000063
======================================================================
EMCEE RECONSTRUCTION FOR cat000063
======================================================================

Loading PDF from: /eos/home-e/evilla/dune/sn-tps/neural_networks/electron_direction/three_plane_three_plane_v58_200k_lr_schedule_20251118_110931/cosine_energy_pdf.npz
PDF loaded

======================================================================
SCENARIO (EMCEE): BEST_CASE
======================================================================

Loaded 3821 matched main-track clusters across U, V, X planes
Selected 246 ES main tracks
After E > 3 MeV cut: 246 clusters
Running emcee: 64 walkers × 2000 steps...
Acceptance fraction: 7.1%
Mean direction: θ=178.46°, φ=69.98°
Uncertainties: Δθ=71.21°, Δφ=36.57°
68% credible angle: 57.09°

Angular error: 29.73°

======================================================================
SCENARIO (EMCEE): PERFECT_CT
======================================================================

Loaded 3821 matched main-track clusters across U, V, X planes
Selected 246 ES main tracks
Loading ED model from: /eos/home-e/evilla/dune/sn-tps/neural_networks/electron_direction/three_plane_three_plane_v58_200k_lr_schedule_20251118_110931/checkpoints/model_epoch_12_val_loss_0.8898.keras
Running ED inference...
After energy cut: 246 clusters
Running emcee: 64 walkers × 2000 steps...
Acceptance fraction: 7.8%
Mean direction: θ=-174.20°, φ=59.91°
Uncertainties: Δθ=25.39°, Δφ=15.68°
68% credible angle: 28.56°

Angular error: 17.68°

======================================================================
SCENARIO (EMCEE): FULL_PIPELINE
======================================================================

Loaded 3821 matched main-track clusters across U, V, X planes
Using all 3821 main-track clusters
Loading CT model from: /eos/user/e/evilla/dune/sn-tps/neural_networks/channel_tagging/ct_volume_v52_batch_reload_20251116_101125/best_model.keras
Running CT inference...
CT selected 3480 ES candidates from 3821 clusters
  ES prob range: [0.000, 1.000]
Loading ED model from: /eos/home-e/evilla/dune/sn-tps/neural_networks/electron_direction/three_plane_three_plane_v58_200k_lr_schedule_20251118_110931/checkpoints/model_epoch_12_val_loss_0.8898.keras
Running ED inference on 3480 clusters...
After E > 3 MeV cut: 3456 clusters
Running emcee: 64 walkers × 2000 steps...
Acceptance fraction: 6.0%
Mean direction: θ=-153.27°, φ=89.77°
Uncertainties: Δθ=47.38°, Δφ=26.59°
68% credible angle: 58.66°

Angular error: 43.37°

======================================================================
SCENARIO (EMCEE): WEIGHTED_CT
======================================================================

Loaded 3821 matched main-track clusters across U, V, X planes
Using all 3821 main-track clusters
Loading CT model from: /eos/user/e/evilla/dune/sn-tps/neural_networks/channel_tagging/ct_volume_v52_batch_reload_20251116_101125/best_model.keras
Running CT inference...
CT selected 3480 ES candidates from 3821 clusters
  ES prob range: [0.000, 1.000]
Loading ED model from: /eos/home-e/evilla/dune/sn-tps/neural_networks/electron_direction/three_plane_three_plane_v58_200k_lr_schedule_20251118_110931/checkpoints/model_epoch_12_val_loss_0.8898.keras
Running ED inference on 3480 clusters...
Using CT weights (ES probabilities)
After E > 3 MeV cut: 3456 clusters
Running weighted MCMC with 3456 weights
Running emcee: 64 walkers × 2000 steps...
Acceptance fraction: 4.9%
Mean direction: θ=-154.03°, φ=87.58°
Uncertainties: Δθ=50.85°, Δφ=28.49°
68% credible angle: 60.86°

Angular error: 41.11°

======================================================================
SCENARIO (EMCEE): PERFECT_CT_E_GT_10MEV
======================================================================

Loaded 3821 matched main-track clusters across U, V, X planes
Selected 246 ES main tracks
Loading ED model from: /eos/home-e/evilla/dune/sn-tps/neural_networks/electron_direction/three_plane_three_plane_v58_200k_lr_schedule_20251118_110931/checkpoints/model_epoch_12_val_loss_0.8898.keras
Running ED inference...
Applying E > 10 MeV cut
After energy cut: 125 clusters
Running emcee: 64 walkers × 2000 steps...
Acceptance fraction: 10.2%
Mean direction: θ=-175.61°, φ=44.85°
Uncertainties: Δθ=27.55°, Δφ=15.36°
68% credible angle: 21.28°

Angular error: 11.77°

======================================================================
SCENARIO (EMCEE): PERFECT_CT_E_GT_20MEV
======================================================================

Loaded 3821 matched main-track clusters across U, V, X planes
Selected 246 ES main tracks
Loading ED model from: /eos/home-e/evilla/dune/sn-tps/neural_networks/electron_direction/three_plane_three_plane_v58_200k_lr_schedule_20251118_110931/checkpoints/model_epoch_12_val_loss_0.8898.keras
Running ED inference...
Applying E > 20 MeV cut
After energy cut: 23 clusters
Running emcee: 64 walkers × 2000 steps...
Acceptance fraction: 12.6%
Mean direction: θ=-172.90°, φ=66.88°
Uncertainties: Δθ=67.83°, Δφ=31.80°
68% credible angle: 33.44°

Angular error: 23.02°

✓ Saved: /eos/project-e/ep-nu/evilla/sn-pointing/cat000063/pipeline/cat000063_scenario_best_case_emcee.npz

✓ Saved: /eos/project-e/ep-nu/evilla/sn-pointing/cat000063/pipeline/cat000063_scenario_perfect_ct_emcee.npz

✓ Saved: /eos/project-e/ep-nu/evilla/sn-pointing/cat000063/pipeline/cat000063_scenario_full_pipeline_emcee.npz

✓ Saved: /eos/project-e/ep-nu/evilla/sn-pointing/cat000063/pipeline/cat000063_scenario_weighted_ct_emcee.npz

✓ Saved: /eos/project-e/ep-nu/evilla/sn-pointing/cat000063/pipeline/cat000063_scenario_perfect_ct_e_gt_10mev_emcee.npz

✓ Saved: /eos/project-e/ep-nu/evilla/sn-pointing/cat000063/pipeline/cat000063_scenario_perfect_ct_e_gt_20mev_emcee.npz
✓ cat000063 completed successfully
