==================================================================
Processing cat000130 with EMCEE - ALL SCENARIOS
==================================================================
======================================================================
EMCEE RECONSTRUCTION FOR cat000130
======================================================================

Loading PDF from: /eos/home-e/evilla/dune/sn-tps/neural_networks/electron_direction/three_plane_three_plane_v58_200k_lr_schedule_20251118_110931/cosine_energy_pdf.npz
PDF loaded

======================================================================
SCENARIO (EMCEE): PERFECT_CT
======================================================================

Loaded 3651 matched clusters across U, V, X planes
Selected clusters: 249
Running emcee: 64 walkers × 2000 steps...
Acceptance fraction: 12.7%
Mean direction: θ=9.94°, φ=115.43°
Uncertainties: Δθ=22.70°, Δφ=11.75°
68% credible angle: 23.55°

Angular error: 10.56°

======================================================================
SCENARIO (EMCEE): ES_MAIN_CC_SHOWER
======================================================================

Loaded 3651 matched clusters across U, V, X planes
Selected clusters: 249
Running emcee: 64 walkers × 2000 steps...
Acceptance fraction: 9.9%
Mean direction: θ=8.05°, φ=114.88°
Uncertainties: Δθ=21.24°, Δφ=10.75°
68% credible angle: 24.28°

Angular error: 12.32°

======================================================================
SCENARIO (EMCEE): ES_MAIN_CC_ALL
======================================================================

Loaded 3651 matched clusters across U, V, X planes
Selected clusters: 249
Running emcee: 64 walkers × 2000 steps...
Acceptance fraction: 10.9%
Mean direction: θ=9.25°, φ=115.32°
Uncertainties: Δθ=20.40°, Δφ=13.08°
68% credible angle: 23.29°

Angular error: 11.18°

======================================================================
SCENARIO (EMCEE): ES_ALL_CC_SHOWER
======================================================================

Loaded 3651 matched clusters across U, V, X planes
Selected clusters: 249
Running emcee: 64 walkers × 2000 steps...
Acceptance fraction: 11.8%
Mean direction: θ=6.39°, φ=114.08°
Uncertainties: Δθ=22.38°, Δφ=12.96°
68% credible angle: 25.88°

Angular error: 13.92°

======================================================================
SCENARIO (EMCEE): ES_ALL_CC_ALL
======================================================================

Loaded 3651 matched clusters across U, V, X planes
Selected clusters: 249
Running emcee: 64 walkers × 2000 steps...
Acceptance fraction: 13.9%
Mean direction: θ=11.88°, φ=113.55°
Uncertainties: Δθ=19.86°, Δφ=11.60°
68% credible angle: 23.85°

Angular error: 9.15°

======================================================================
SCENARIO (EMCEE): ALL_TRACKS_ALL_SHOWERS
======================================================================

Loaded 3651 matched clusters across U, V, X planes
Selected clusters: 3651
Running emcee: 64 walkers × 2000 steps...
Acceptance fraction: 9.3%
Mean direction: θ=-56.68°, φ=100.72°
Uncertainties: Δθ=84.27°, Δφ=26.74°
68% credible angle: 69.92°

Angular error: 74.93°

✓ Saved: /eos/project-e/ep-nu/evilla/sn-pointing/cat000130/pipeline/cat000130_scenario_perfect_ct_emcee.npz

✓ Saved: /eos/project-e/ep-nu/evilla/sn-pointing/cat000130/pipeline/cat000130_scenario_es_main_cc_shower_emcee.npz

✓ Saved: /eos/project-e/ep-nu/evilla/sn-pointing/cat000130/pipeline/cat000130_scenario_es_main_cc_all_emcee.npz

✓ Saved: /eos/project-e/ep-nu/evilla/sn-pointing/cat000130/pipeline/cat000130_scenario_es_all_cc_shower_emcee.npz

✓ Saved: /eos/project-e/ep-nu/evilla/sn-pointing/cat000130/pipeline/cat000130_scenario_es_all_cc_all_emcee.npz

✓ Saved: /eos/project-e/ep-nu/evilla/sn-pointing/cat000130/pipeline/cat000130_scenario_all_tracks_all_showers_emcee.npz
✓ cat000130 completed successfully
