==================================================================
Processing cat000455 with EMCEE - ALL SCENARIOS
==================================================================
======================================================================
EMCEE RECONSTRUCTION FOR cat000455
======================================================================

Loading PDF from: /eos/home-e/evilla/dune/sn-tps/neural_networks/electron_direction/three_plane_three_plane_v58_200k_lr_schedule_20251118_110931/cosine_energy_pdf.npz
PDF loaded

======================================================================
SCENARIO (EMCEE): PERFECT_CT
======================================================================

Loaded 3520 matched clusters across U, V, X planes
Selected clusters: 281
Running emcee: 64 walkers × 2000 steps...
Acceptance fraction: 14.6%
Mean direction: θ=-133.56°, φ=122.17°
Uncertainties: Δθ=36.63°, Δφ=27.92°
68% credible angle: 44.49°

Angular error: 29.85°

======================================================================
SCENARIO (EMCEE): ES_MAIN_CC_SHOWER
======================================================================

Loaded 3520 matched clusters across U, V, X planes
Selected clusters: 281
Running emcee: 64 walkers × 2000 steps...
Acceptance fraction: 13.0%
Mean direction: θ=-135.39°, φ=123.00°
Uncertainties: Δθ=35.45°, Δφ=26.80°
68% credible angle: 43.02°

Angular error: 31.41°

======================================================================
SCENARIO (EMCEE): ES_MAIN_CC_ALL
======================================================================

Loaded 3520 matched clusters across U, V, X planes
Selected clusters: 281
Running emcee: 64 walkers × 2000 steps...
Acceptance fraction: 17.2%
Mean direction: θ=-134.15°, φ=116.07°
Uncertainties: Δθ=38.50°, Δφ=26.01°
68% credible angle: 44.05°

Angular error: 30.82°

======================================================================
SCENARIO (EMCEE): ES_ALL_CC_SHOWER
======================================================================

Loaded 3520 matched clusters across U, V, X planes
Selected clusters: 281
Running emcee: 64 walkers × 2000 steps...
Acceptance fraction: 10.4%
Mean direction: θ=-129.99°, φ=123.06°
Uncertainties: Δθ=38.79°, Δφ=25.11°
68% credible angle: 31.96°

Angular error: 26.89°

======================================================================
SCENARIO (EMCEE): ES_ALL_CC_ALL
======================================================================

Loaded 3520 matched clusters across U, V, X planes
Selected clusters: 281
Running emcee: 64 walkers × 2000 steps...
Acceptance fraction: 11.7%
Mean direction: θ=-137.91°, φ=127.74°
Uncertainties: Δθ=45.68°, Δφ=26.80°
68% credible angle: 38.49°

Angular error: 33.81°

======================================================================
SCENARIO (EMCEE): ALL_TRACKS_ALL_SHOWERS
======================================================================

Loaded 3520 matched clusters across U, V, X planes
Selected clusters: 3520
Running emcee: 64 walkers × 2000 steps...
Acceptance fraction: 5.1%
Mean direction: θ=-154.72°, φ=103.60°
Uncertainties: Δθ=52.49°, Δφ=27.14°
68% credible angle: 63.40°

Angular error: 52.99°

✓ Saved: /eos/project-e/ep-nu/evilla/sn-pointing/cat000455/pipeline/cat000455_scenario_perfect_ct_emcee.npz

✓ Saved: /eos/project-e/ep-nu/evilla/sn-pointing/cat000455/pipeline/cat000455_scenario_es_main_cc_shower_emcee.npz

✓ Saved: /eos/project-e/ep-nu/evilla/sn-pointing/cat000455/pipeline/cat000455_scenario_es_main_cc_all_emcee.npz

✓ Saved: /eos/project-e/ep-nu/evilla/sn-pointing/cat000455/pipeline/cat000455_scenario_es_all_cc_shower_emcee.npz

✓ Saved: /eos/project-e/ep-nu/evilla/sn-pointing/cat000455/pipeline/cat000455_scenario_es_all_cc_all_emcee.npz

✓ Saved: /eos/project-e/ep-nu/evilla/sn-pointing/cat000455/pipeline/cat000455_scenario_all_tracks_all_showers_emcee.npz
✓ cat000455 completed successfully
