Processing cat000384 with 6 scenarios...
Cat directory: /eos/project-e/ep-nu/evilla/sn-pointing/cat000384
======================================================================
EMCEE RECONSTRUCTION FOR cat000384
======================================================================

Loading PDF from: /eos/home-e/evilla/dune/sn-tps/neural_networks/electron_direction/three_plane_three_plane_v58_200k_lr_schedule_20251118_110931/cosine_energy_pdf.npz
PDF loaded

======================================================================
SCENARIO (EMCEE): BEST_CASE
======================================================================

Loaded 3724 matched main-track clusters across U, V, X planes
Selected 301 ES main tracks
After E > 3 MeV cut: 301 clusters
Running emcee: 64 walkers × 2000 steps...
Acceptance fraction: 13.8%
Mean direction: θ=-52.56°, φ=98.66°
Uncertainties: Δθ=32.31°, Δφ=14.28°
68% credible angle: 26.97°

Angular error: 5.81°

======================================================================
SCENARIO (EMCEE): PERFECT_CT
======================================================================

Loaded 3724 matched main-track clusters across U, V, X planes
Selected 301 ES main tracks
Loading ED model from: /eos/home-e/evilla/dune/sn-tps/neural_networks/electron_direction/three_plane_three_plane_v58_200k_lr_schedule_20251118_110931/checkpoints/model_epoch_12_val_loss_0.8898.keras
Running ED inference...
After energy cut: 301 clusters
Running emcee: 64 walkers × 2000 steps...
Acceptance fraction: 12.1%
Mean direction: θ=-53.84°, φ=87.92°
Uncertainties: Δθ=48.22°, Δφ=20.38°
68% credible angle: 30.01°

Angular error: 9.05°

======================================================================
SCENARIO (EMCEE): FULL_PIPELINE
======================================================================

Loaded 3724 matched main-track clusters across U, V, X planes
Using all 3724 main-track clusters
Loading CT model from: /eos/user/e/evilla/dune/sn-tps/neural_networks/channel_tagging/ct_volume_v52_batch_reload_20251116_101125/best_model.keras
Running CT inference...
CT selected 3361 ES candidates from 3724 clusters
  ES prob range: [0.000, 1.000]
Loading ED model from: /eos/home-e/evilla/dune/sn-tps/neural_networks/electron_direction/three_plane_three_plane_v58_200k_lr_schedule_20251118_110931/checkpoints/model_epoch_12_val_loss_0.8898.keras
Running ED inference on 3361 clusters...
After E > 3 MeV cut: 3339 clusters
Running emcee: 64 walkers × 2000 steps...
Acceptance fraction: 3.0%
Mean direction: θ=-95.04°, φ=98.94°
Uncertainties: Δθ=98.00°, Δφ=25.55°
68% credible angle: 113.15°

Angular error: 37.02°

======================================================================
SCENARIO (EMCEE): WEIGHTED_CT
======================================================================

Loaded 3724 matched main-track clusters across U, V, X planes
Using all 3724 main-track clusters
Loading CT model from: /eos/user/e/evilla/dune/sn-tps/neural_networks/channel_tagging/ct_volume_v52_batch_reload_20251116_101125/best_model.keras
Running CT inference...
CT selected 3361 ES candidates from 3724 clusters
  ES prob range: [0.000, 1.000]
Loading ED model from: /eos/home-e/evilla/dune/sn-tps/neural_networks/electron_direction/three_plane_three_plane_v58_200k_lr_schedule_20251118_110931/checkpoints/model_epoch_12_val_loss_0.8898.keras
Running ED inference on 3361 clusters...
Using CT weights (ES probabilities)
After E > 3 MeV cut: 3339 clusters
Running weighted MCMC with 3339 weights
Running emcee: 64 walkers × 2000 steps...
Acceptance fraction: 3.5%
Mean direction: θ=-82.79°, φ=98.49°
Uncertainties: Δθ=66.09°, Δφ=26.42°
68% credible angle: 43.51°

Angular error: 24.90°

======================================================================
SCENARIO (EMCEE): PERFECT_CT_E_GT_10MEV
======================================================================

Loaded 3724 matched main-track clusters across U, V, X planes
Selected 301 ES main tracks
Loading ED model from: /eos/home-e/evilla/dune/sn-tps/neural_networks/electron_direction/three_plane_three_plane_v58_200k_lr_schedule_20251118_110931/checkpoints/model_epoch_12_val_loss_0.8898.keras
Running ED inference...
Applying E > 10 MeV cut
After energy cut: 164 clusters
Running emcee: 64 walkers × 2000 steps...
Acceptance fraction: 14.8%
Mean direction: θ=-52.95°, φ=97.02°
Uncertainties: Δθ=42.93°, Δφ=15.56°
68% credible angle: 23.50°

Angular error: 4.91°

======================================================================
SCENARIO (EMCEE): PERFECT_CT_E_GT_20MEV
======================================================================

Loaded 3724 matched main-track clusters across U, V, X planes
Selected 301 ES main tracks
Loading ED model from: /eos/home-e/evilla/dune/sn-tps/neural_networks/electron_direction/three_plane_three_plane_v58_200k_lr_schedule_20251118_110931/checkpoints/model_epoch_12_val_loss_0.8898.keras
Running ED inference...
Applying E > 20 MeV cut
After energy cut: 39 clusters
Running emcee: 64 walkers × 2000 steps...
Acceptance fraction: 20.2%
Mean direction: θ=-57.73°, φ=97.93°
Uncertainties: Δθ=65.89°, Δφ=10.33°
68% credible angle: 16.61°

Angular error: 1.87°

✓ Saved: /eos/project-e/ep-nu/evilla/sn-pointing/cat000384/pipeline/cat000384_scenario_best_case_emcee.npz

✓ Saved: /eos/project-e/ep-nu/evilla/sn-pointing/cat000384/pipeline/cat000384_scenario_perfect_ct_emcee.npz

✓ Saved: /eos/project-e/ep-nu/evilla/sn-pointing/cat000384/pipeline/cat000384_scenario_full_pipeline_emcee.npz

✓ Saved: /eos/project-e/ep-nu/evilla/sn-pointing/cat000384/pipeline/cat000384_scenario_weighted_ct_emcee.npz

✓ Saved: /eos/project-e/ep-nu/evilla/sn-pointing/cat000384/pipeline/cat000384_scenario_perfect_ct_e_gt_10mev_emcee.npz

✓ Saved: /eos/project-e/ep-nu/evilla/sn-pointing/cat000384/pipeline/cat000384_scenario_perfect_ct_e_gt_20mev_emcee.npz
✓ cat000384 completed successfully
