==================================================================
Processing cat000256 with EMCEE - ALL SCENARIOS
==================================================================
======================================================================
EMCEE RECONSTRUCTION FOR cat000256
======================================================================

Loading PDF from: /eos/home-e/evilla/dune/sn-tps/neural_networks/electron_direction/three_plane_three_plane_v58_200k_lr_schedule_20251118_110931/cosine_energy_pdf.npz
PDF loaded

======================================================================
SCENARIO (EMCEE): PERFECT_CT
======================================================================

Loaded 3624 matched clusters across U, V, X planes
Selected clusters: 259
Running emcee: 64 walkers × 2000 steps...
Acceptance fraction: 9.4%
Mean direction: θ=166.76°, φ=109.51°
Uncertainties: Δθ=48.61°, Δφ=31.33°
68% credible angle: 35.60°

Angular error: 16.58°

======================================================================
SCENARIO (EMCEE): ES_MAIN_CC_SHOWER
======================================================================

Loaded 3624 matched clusters across U, V, X planes
Selected clusters: 259
Running emcee: 64 walkers × 2000 steps...
Acceptance fraction: 9.8%
Mean direction: θ=169.19°, φ=108.93°
Uncertainties: Δθ=38.10°, Δφ=24.46°
68% credible angle: 34.22°

Angular error: 18.03°

======================================================================
SCENARIO (EMCEE): ES_MAIN_CC_ALL
======================================================================

Loaded 3624 matched clusters across U, V, X planes
Selected clusters: 259
Running emcee: 64 walkers × 2000 steps...
Acceptance fraction: 10.2%
Mean direction: θ=170.92°, φ=120.39°
Uncertainties: Δθ=35.53°, Δφ=23.18°
68% credible angle: 27.57°

Angular error: 10.48°

======================================================================
SCENARIO (EMCEE): ES_ALL_CC_SHOWER
======================================================================

Loaded 3624 matched clusters across U, V, X planes
Selected clusters: 259
Running emcee: 64 walkers × 2000 steps...
Acceptance fraction: 8.5%
Mean direction: θ=177.85°, φ=113.59°
Uncertainties: Δθ=38.76°, Δφ=25.45°
68% credible angle: 27.93°

Angular error: 19.42°

======================================================================
SCENARIO (EMCEE): ES_ALL_CC_ALL
======================================================================

Loaded 3624 matched clusters across U, V, X planes
Selected clusters: 259
Running emcee: 64 walkers × 2000 steps...
Acceptance fraction: 10.4%
Mean direction: θ=169.22°, φ=116.65°
Uncertainties: Δθ=32.51°, Δφ=19.63°
68% credible angle: 28.94°

Angular error: 11.61°

======================================================================
SCENARIO (EMCEE): ALL_TRACKS_ALL_SHOWERS
======================================================================

Loaded 3624 matched clusters across U, V, X planes
Selected clusters: 3624
Running emcee: 64 walkers × 2000 steps...
Acceptance fraction: 4.5%
Mean direction: θ=172.58°, φ=108.13°
Uncertainties: Δθ=54.11°, Δφ=23.41°
68% credible angle: 47.99°

Angular error: 20.29°

✓ Saved: /eos/project-e/ep-nu/evilla/sn-pointing/cat000256/pipeline/cat000256_scenario_perfect_ct_emcee.npz

✓ Saved: /eos/project-e/ep-nu/evilla/sn-pointing/cat000256/pipeline/cat000256_scenario_es_main_cc_shower_emcee.npz

✓ Saved: /eos/project-e/ep-nu/evilla/sn-pointing/cat000256/pipeline/cat000256_scenario_es_main_cc_all_emcee.npz

✓ Saved: /eos/project-e/ep-nu/evilla/sn-pointing/cat000256/pipeline/cat000256_scenario_es_all_cc_shower_emcee.npz

✓ Saved: /eos/project-e/ep-nu/evilla/sn-pointing/cat000256/pipeline/cat000256_scenario_es_all_cc_all_emcee.npz

✓ Saved: /eos/project-e/ep-nu/evilla/sn-pointing/cat000256/pipeline/cat000256_scenario_all_tracks_all_showers_emcee.npz
✓ cat000256 completed successfully
