==================================================================
Processing cat000146 with EMCEE - ALL SCENARIOS
==================================================================
======================================================================
EMCEE RECONSTRUCTION FOR cat000146
======================================================================

Loading PDF from: /eos/home-e/evilla/dune/sn-tps/neural_networks/electron_direction/three_plane_three_plane_v58_200k_lr_schedule_20251118_110931/cosine_energy_pdf.npz
PDF loaded

======================================================================
SCENARIO (EMCEE): PERFECT_CT
======================================================================

Loaded 3520 matched clusters across U, V, X planes
Selected clusters: 298
Running emcee: 64 walkers × 2000 steps...
Acceptance fraction: 8.8%
Mean direction: θ=-79.32°, φ=85.00°
Uncertainties: Δθ=27.24°, Δφ=16.88°
68% credible angle: 22.85°

Angular error: 12.22°

======================================================================
SCENARIO (EMCEE): ES_MAIN_CC_SHOWER
======================================================================

Loaded 3520 matched clusters across U, V, X planes
Selected clusters: 298
Running emcee: 64 walkers × 2000 steps...
Acceptance fraction: 9.0%
Mean direction: θ=-78.74°, φ=84.86°
Uncertainties: Δθ=23.23°, Δφ=14.11°
68% credible angle: 22.20°

Angular error: 11.92°

======================================================================
SCENARIO (EMCEE): ES_MAIN_CC_ALL
======================================================================

Loaded 3520 matched clusters across U, V, X planes
Selected clusters: 298
Running emcee: 64 walkers × 2000 steps...
Acceptance fraction: 12.0%
Mean direction: θ=-80.92°, φ=92.11°
Uncertainties: Δθ=24.43°, Δφ=14.72°
68% credible angle: 25.04°

Angular error: 10.19°

======================================================================
SCENARIO (EMCEE): ES_ALL_CC_SHOWER
======================================================================

Loaded 3520 matched clusters across U, V, X planes
Selected clusters: 298
Running emcee: 64 walkers × 2000 steps...
Acceptance fraction: 10.1%
Mean direction: θ=-78.57°, φ=88.94°
Uncertainties: Δθ=21.95°, Δφ=14.12°
68% credible angle: 22.18°

Angular error: 9.11°

======================================================================
SCENARIO (EMCEE): ES_ALL_CC_ALL
======================================================================

Loaded 3520 matched clusters across U, V, X planes
Selected clusters: 298
Running emcee: 64 walkers × 2000 steps...
Acceptance fraction: 8.5%
Mean direction: θ=-79.62°, φ=84.32°
Uncertainties: Δθ=23.62°, Δφ=13.67°
68% credible angle: 23.11°

Angular error: 12.91°

======================================================================
SCENARIO (EMCEE): ALL_TRACKS_ALL_SHOWERS
======================================================================

Loaded 3520 matched clusters across U, V, X planes
Selected clusters: 3520
Running emcee: 64 walkers × 2000 steps...
Acceptance fraction: 6.3%
Mean direction: θ=-125.08°, φ=97.40°
Uncertainties: Δθ=85.42°, Δφ=32.06°
68% credible angle: 86.22°

Angular error: 54.05°

✓ Saved: /eos/project-e/ep-nu/evilla/sn-pointing/cat000146/pipeline/cat000146_scenario_perfect_ct_emcee.npz

✓ Saved: /eos/project-e/ep-nu/evilla/sn-pointing/cat000146/pipeline/cat000146_scenario_es_main_cc_shower_emcee.npz

✓ Saved: /eos/project-e/ep-nu/evilla/sn-pointing/cat000146/pipeline/cat000146_scenario_es_main_cc_all_emcee.npz

✓ Saved: /eos/project-e/ep-nu/evilla/sn-pointing/cat000146/pipeline/cat000146_scenario_es_all_cc_shower_emcee.npz

✓ Saved: /eos/project-e/ep-nu/evilla/sn-pointing/cat000146/pipeline/cat000146_scenario_es_all_cc_all_emcee.npz

✓ Saved: /eos/project-e/ep-nu/evilla/sn-pointing/cat000146/pipeline/cat000146_scenario_all_tracks_all_showers_emcee.npz
✓ cat000146 completed successfully
