==================================================================
Processing cat000090 with EMCEE - ALL SCENARIOS
==================================================================
======================================================================
EMCEE RECONSTRUCTION FOR cat000090
======================================================================

Loading PDF from: /eos/home-e/evilla/dune/sn-tps/neural_networks/electron_direction/three_plane_three_plane_v58_200k_lr_schedule_20251118_110931/cosine_energy_pdf.npz
PDF loaded

======================================================================
SCENARIO (EMCEE): PERFECT_CT
======================================================================

Loaded 3795 matched clusters across U, V, X planes
Selected clusters: 241
Running emcee: 64 walkers × 2000 steps...
Acceptance fraction: 6.2%
Mean direction: θ=176.90°, φ=91.36°
Uncertainties: Δθ=21.23°, Δφ=16.25°
68% credible angle: 28.57°

Angular error: 0.71°

======================================================================
SCENARIO (EMCEE): ES_MAIN_CC_SHOWER
======================================================================

Loaded 3795 matched clusters across U, V, X planes
Selected clusters: 241
Running emcee: 64 walkers × 2000 steps...
Acceptance fraction: 6.2%
Mean direction: θ=-179.99°, φ=90.38°
Uncertainties: Δθ=22.28°, Δφ=15.67°
68% credible angle: 27.80°

Angular error: 3.18°

======================================================================
SCENARIO (EMCEE): ES_MAIN_CC_ALL
======================================================================

Loaded 3795 matched clusters across U, V, X planes
Selected clusters: 241
Running emcee: 64 walkers × 2000 steps...
Acceptance fraction: 6.0%
Mean direction: θ=178.69°, φ=91.17°
Uncertainties: Δθ=20.73°, Δφ=16.53°
68% credible angle: 28.78°

Angular error: 1.92°

======================================================================
SCENARIO (EMCEE): ES_ALL_CC_SHOWER
======================================================================

Loaded 3795 matched clusters across U, V, X planes
Selected clusters: 241
Running emcee: 64 walkers × 2000 steps...
Acceptance fraction: 7.6%
Mean direction: θ=-179.11°, φ=91.67°
Uncertainties: Δθ=20.27°, Δφ=16.06°
68% credible angle: 27.85°

Angular error: 4.17°

======================================================================
SCENARIO (EMCEE): ES_ALL_CC_ALL
======================================================================

Loaded 3795 matched clusters across U, V, X planes
Selected clusters: 241
Running emcee: 64 walkers × 2000 steps...
Acceptance fraction: 7.4%
Mean direction: θ=-179.30°, φ=88.86°
Uncertainties: Δθ=18.85°, Δφ=16.43°
68% credible angle: 26.29°

Angular error: 4.25°

======================================================================
SCENARIO (EMCEE): ALL_TRACKS_ALL_SHOWERS
======================================================================

Loaded 3795 matched clusters across U, V, X planes
Selected clusters: 3795
Running emcee: 64 walkers × 2000 steps...
Acceptance fraction: 4.7%
Mean direction: θ=-168.18°, φ=105.98°
Uncertainties: Δθ=40.78°, Δφ=17.72°
68% credible angle: 48.49°

Angular error: 21.29°

✓ Saved: /eos/project-e/ep-nu/evilla/sn-pointing/cat000090/pipeline/cat000090_scenario_perfect_ct_emcee.npz

✓ Saved: /eos/project-e/ep-nu/evilla/sn-pointing/cat000090/pipeline/cat000090_scenario_es_main_cc_shower_emcee.npz

✓ Saved: /eos/project-e/ep-nu/evilla/sn-pointing/cat000090/pipeline/cat000090_scenario_es_main_cc_all_emcee.npz

✓ Saved: /eos/project-e/ep-nu/evilla/sn-pointing/cat000090/pipeline/cat000090_scenario_es_all_cc_shower_emcee.npz

✓ Saved: /eos/project-e/ep-nu/evilla/sn-pointing/cat000090/pipeline/cat000090_scenario_es_all_cc_all_emcee.npz

✓ Saved: /eos/project-e/ep-nu/evilla/sn-pointing/cat000090/pipeline/cat000090_scenario_all_tracks_all_showers_emcee.npz
✓ cat000090 completed successfully
