Processing cat000492 with 6 scenarios...
Cat directory: /eos/project-e/ep-nu/evilla/sn-pointing/cat000492
======================================================================
EMCEE RECONSTRUCTION FOR cat000492
======================================================================

Loading PDF from: /eos/home-e/evilla/dune/sn-tps/neural_networks/electron_direction/three_plane_three_plane_v58_200k_lr_schedule_20251118_110931/cosine_energy_pdf.npz
PDF loaded

======================================================================
SCENARIO (EMCEE): BEST_CASE
======================================================================

Loaded 3489 matched main-track clusters across U, V, X planes
Selected 261 ES main tracks
After E > 3 MeV cut: 261 clusters
Running emcee: 64 walkers × 2000 steps...
Acceptance fraction: 6.8%
Mean direction: θ=-36.41°, φ=88.30°
Uncertainties: Δθ=36.98°, Δφ=16.82°
68% credible angle: 25.39°

Angular error: 8.58°

======================================================================
SCENARIO (EMCEE): PERFECT_CT
======================================================================

Loaded 3489 matched main-track clusters across U, V, X planes
Selected 261 ES main tracks
Loading ED model from: /eos/home-e/evilla/dune/sn-tps/neural_networks/electron_direction/three_plane_three_plane_v58_200k_lr_schedule_20251118_110931/checkpoints/model_epoch_12_val_loss_0.8898.keras
Running ED inference...
After energy cut: 261 clusters
Running emcee: 64 walkers × 2000 steps...
Acceptance fraction: 11.7%
Mean direction: θ=-36.30°, φ=71.33°
Uncertainties: Δθ=14.11°, Δφ=15.39°
68% credible angle: 19.53°

Angular error: 12.50°

======================================================================
SCENARIO (EMCEE): FULL_PIPELINE
======================================================================

Loaded 3489 matched main-track clusters across U, V, X planes
Using all 3489 main-track clusters
Loading CT model from: /eos/user/e/evilla/dune/sn-tps/neural_networks/channel_tagging/ct_volume_v52_batch_reload_20251116_101125/best_model.keras
Running CT inference...
CT selected 3169 ES candidates from 3489 clusters
  ES prob range: [0.000, 1.000]
Loading ED model from: /eos/home-e/evilla/dune/sn-tps/neural_networks/electron_direction/three_plane_three_plane_v58_200k_lr_schedule_20251118_110931/checkpoints/model_epoch_12_val_loss_0.8898.keras
Running ED inference on 3169 clusters...
After E > 3 MeV cut: 3152 clusters
Running emcee: 64 walkers × 2000 steps...
Acceptance fraction: 3.6%
Mean direction: θ=-47.44°, φ=84.24°
Uncertainties: Δθ=89.99°, Δφ=35.70°
68% credible angle: 102.06°

Angular error: 5.25°

======================================================================
SCENARIO (EMCEE): WEIGHTED_CT
======================================================================

Loaded 3489 matched main-track clusters across U, V, X planes
Using all 3489 main-track clusters
Loading CT model from: /eos/user/e/evilla/dune/sn-tps/neural_networks/channel_tagging/ct_volume_v52_batch_reload_20251116_101125/best_model.keras
Running CT inference...
CT selected 3169 ES candidates from 3489 clusters
  ES prob range: [0.000, 1.000]
Loading ED model from: /eos/home-e/evilla/dune/sn-tps/neural_networks/electron_direction/three_plane_three_plane_v58_200k_lr_schedule_20251118_110931/checkpoints/model_epoch_12_val_loss_0.8898.keras
Running ED inference on 3169 clusters...
Using CT weights (ES probabilities)
After E > 3 MeV cut: 3152 clusters
Running weighted MCMC with 3152 weights
Running emcee: 64 walkers × 2000 steps...
Acceptance fraction: 4.0%
Mean direction: θ=-57.10°, φ=86.14°
Uncertainties: Δθ=79.91°, Δφ=36.95°
68% credible angle: 74.45°

Angular error: 15.00°

======================================================================
SCENARIO (EMCEE): PERFECT_CT_E_GT_10MEV
======================================================================

Loaded 3489 matched main-track clusters across U, V, X planes
Selected 261 ES main tracks
Loading ED model from: /eos/home-e/evilla/dune/sn-tps/neural_networks/electron_direction/three_plane_three_plane_v58_200k_lr_schedule_20251118_110931/checkpoints/model_epoch_12_val_loss_0.8898.keras
Running ED inference...
Applying E > 10 MeV cut
After energy cut: 141 clusters
Running emcee: 64 walkers × 2000 steps...
Acceptance fraction: 11.0%
Mean direction: θ=-39.25°, φ=78.49°
Uncertainties: Δθ=19.87°, Δφ=19.06°
68% credible angle: 21.58°

Angular error: 4.97°

======================================================================
SCENARIO (EMCEE): PERFECT_CT_E_GT_20MEV
======================================================================

Loaded 3489 matched main-track clusters across U, V, X planes
Selected 261 ES main tracks
Loading ED model from: /eos/home-e/evilla/dune/sn-tps/neural_networks/electron_direction/three_plane_three_plane_v58_200k_lr_schedule_20251118_110931/checkpoints/model_epoch_12_val_loss_0.8898.keras
Running ED inference...
Applying E > 20 MeV cut
After energy cut: 34 clusters
Running emcee: 64 walkers × 2000 steps...
Acceptance fraction: 23.5%
Mean direction: θ=-31.66°, φ=82.13°
Uncertainties: Δθ=19.05°, Δφ=8.01°
68% credible angle: 14.99°

Angular error: 10.78°

✓ Saved: /eos/project-e/ep-nu/evilla/sn-pointing/cat000492/pipeline/cat000492_scenario_best_case_emcee.npz

✓ Saved: /eos/project-e/ep-nu/evilla/sn-pointing/cat000492/pipeline/cat000492_scenario_perfect_ct_emcee.npz

✓ Saved: /eos/project-e/ep-nu/evilla/sn-pointing/cat000492/pipeline/cat000492_scenario_full_pipeline_emcee.npz

✓ Saved: /eos/project-e/ep-nu/evilla/sn-pointing/cat000492/pipeline/cat000492_scenario_weighted_ct_emcee.npz

✓ Saved: /eos/project-e/ep-nu/evilla/sn-pointing/cat000492/pipeline/cat000492_scenario_perfect_ct_e_gt_10mev_emcee.npz

✓ Saved: /eos/project-e/ep-nu/evilla/sn-pointing/cat000492/pipeline/cat000492_scenario_perfect_ct_e_gt_20mev_emcee.npz
✓ cat000492 completed successfully
