Processing cat000291 with 6 scenarios...
Cat directory: /eos/project-e/ep-nu/evilla/sn-pointing/cat000291
======================================================================
EMCEE RECONSTRUCTION FOR cat000291
======================================================================

Loading PDF from: /eos/home-e/evilla/dune/sn-tps/neural_networks/electron_direction/three_plane_three_plane_v58_200k_lr_schedule_20251118_110931/cosine_energy_pdf.npz
PDF loaded

======================================================================
SCENARIO (EMCEE): BEST_CASE
======================================================================

Loaded 3815 matched main-track clusters across U, V, X planes
Selected 234 ES main tracks
After E > 3 MeV cut: 234 clusters
Running emcee: 64 walkers × 2000 steps...
Acceptance fraction: 8.1%
Mean direction: θ=170.96°, φ=71.10°
Uncertainties: Δθ=47.19°, Δφ=26.08°
68% credible angle: 30.29°

Angular error: 11.85°

======================================================================
SCENARIO (EMCEE): PERFECT_CT
======================================================================

Loaded 3815 matched main-track clusters across U, V, X planes
Selected 234 ES main tracks
Loading ED model from: /eos/home-e/evilla/dune/sn-tps/neural_networks/electron_direction/three_plane_three_plane_v58_200k_lr_schedule_20251118_110931/checkpoints/model_epoch_12_val_loss_0.8898.keras
Running ED inference...
After energy cut: 234 clusters
Running emcee: 64 walkers × 2000 steps...
Acceptance fraction: 6.6%
Mean direction: θ=-177.10°, φ=61.83°
Uncertainties: Δθ=24.03°, Δφ=16.60°
68% credible angle: 27.07°

Angular error: 8.75°

======================================================================
SCENARIO (EMCEE): FULL_PIPELINE
======================================================================

Loaded 3815 matched main-track clusters across U, V, X planes
Using all 3815 main-track clusters
Loading CT model from: /eos/user/e/evilla/dune/sn-tps/neural_networks/channel_tagging/ct_volume_v52_batch_reload_20251116_101125/best_model.keras
Running CT inference...
CT selected 3472 ES candidates from 3815 clusters
  ES prob range: [0.000, 1.000]
Loading ED model from: /eos/home-e/evilla/dune/sn-tps/neural_networks/electron_direction/three_plane_three_plane_v58_200k_lr_schedule_20251118_110931/checkpoints/model_epoch_12_val_loss_0.8898.keras
Running ED inference on 3472 clusters...
After E > 3 MeV cut: 3449 clusters
Running emcee: 64 walkers × 2000 steps...
Acceptance fraction: 4.6%
Mean direction: θ=-174.97°, φ=86.02°
Uncertainties: Δθ=50.24°, Δφ=25.13°
68% credible angle: 63.68°

Angular error: 28.82°

======================================================================
SCENARIO (EMCEE): WEIGHTED_CT
======================================================================

Loaded 3815 matched main-track clusters across U, V, X planes
Using all 3815 main-track clusters
Loading CT model from: /eos/user/e/evilla/dune/sn-tps/neural_networks/channel_tagging/ct_volume_v52_batch_reload_20251116_101125/best_model.keras
Running CT inference...
CT selected 3472 ES candidates from 3815 clusters
  ES prob range: [0.000, 1.000]
Loading ED model from: /eos/home-e/evilla/dune/sn-tps/neural_networks/electron_direction/three_plane_three_plane_v58_200k_lr_schedule_20251118_110931/checkpoints/model_epoch_12_val_loss_0.8898.keras
Running ED inference on 3472 clusters...
Using CT weights (ES probabilities)
After E > 3 MeV cut: 3449 clusters
Running weighted MCMC with 3449 weights
Running emcee: 64 walkers × 2000 steps...
Acceptance fraction: 3.7%
Mean direction: θ=-174.84°, φ=89.08°
Uncertainties: Δθ=65.22°, Δφ=31.19°
68% credible angle: 65.54°

Angular error: 31.74°

======================================================================
SCENARIO (EMCEE): PERFECT_CT_E_GT_10MEV
======================================================================

Loaded 3815 matched main-track clusters across U, V, X planes
Selected 234 ES main tracks
Loading ED model from: /eos/home-e/evilla/dune/sn-tps/neural_networks/electron_direction/three_plane_three_plane_v58_200k_lr_schedule_20251118_110931/checkpoints/model_epoch_12_val_loss_0.8898.keras
Running ED inference...
Applying E > 10 MeV cut
After energy cut: 128 clusters
Running emcee: 64 walkers × 2000 steps...
Acceptance fraction: 10.2%
Mean direction: θ=-175.09°, φ=63.94°
Uncertainties: Δθ=31.08°, Δφ=20.57°
68% credible angle: 25.30°

Angular error: 11.22°

======================================================================
SCENARIO (EMCEE): PERFECT_CT_E_GT_20MEV
======================================================================

Loaded 3815 matched main-track clusters across U, V, X planes
Selected 234 ES main tracks
Loading ED model from: /eos/home-e/evilla/dune/sn-tps/neural_networks/electron_direction/three_plane_three_plane_v58_200k_lr_schedule_20251118_110931/checkpoints/model_epoch_12_val_loss_0.8898.keras
Running ED inference...
Applying E > 20 MeV cut
After energy cut: 28 clusters
Running emcee: 64 walkers × 2000 steps...
Acceptance fraction: 12.8%
Mean direction: θ=177.88°, φ=70.14°
Uncertainties: Δθ=47.48°, Δφ=19.24°
68% credible angle: 26.67°

Angular error: 11.50°

✓ Saved: /eos/project-e/ep-nu/evilla/sn-pointing/cat000291/pipeline/cat000291_scenario_best_case_emcee.npz

✓ Saved: /eos/project-e/ep-nu/evilla/sn-pointing/cat000291/pipeline/cat000291_scenario_perfect_ct_emcee.npz

✓ Saved: /eos/project-e/ep-nu/evilla/sn-pointing/cat000291/pipeline/cat000291_scenario_full_pipeline_emcee.npz

✓ Saved: /eos/project-e/ep-nu/evilla/sn-pointing/cat000291/pipeline/cat000291_scenario_weighted_ct_emcee.npz

✓ Saved: /eos/project-e/ep-nu/evilla/sn-pointing/cat000291/pipeline/cat000291_scenario_perfect_ct_e_gt_10mev_emcee.npz

✓ Saved: /eos/project-e/ep-nu/evilla/sn-pointing/cat000291/pipeline/cat000291_scenario_perfect_ct_e_gt_20mev_emcee.npz
✓ cat000291 completed successfully
