000 (6420432.092.000) 11/20 17:10:12 Job submitted from host: <188.185.125.71:9618?addrs=188.185.125.71-9618+[2001-1458-d00-4a--100-15e]-9618&alias=bigbird28.cern.ch&noUDP&sock=schedd_2239_58a3>
...
040 (6420432.092.000) 11/20 19:31:03 Started transferring input files
	Transferring to host: <188.185.93.105:9618?addrs=188.185.93.105-9618+[2001-1458-d00-6c--100-172]-9618&alias=b9g57n4705.cern.ch&noUDP&sock=slot1_1_4735_fc5a_9944>
...
040 (6420432.092.000) 11/20 19:31:03 Finished transferring input files
...
001 (6420432.092.000) 11/20 19:31:04 Job executing on host: <188.185.93.105:9618?addrs=188.185.93.105-9618+[2001-1458-d00-6c--100-172]-9618&alias=b9g57n4705.cern.ch&noUDP&sock=startd_4339_c585>
	SlotName: slot1_1@b9g57n4705.cern.ch
	AvailableGPUs = { GPUs_GPU_4cb0c17c }
	CondorScratchDir = "/pool/condor/dir_3981957"
	Cpus = 11
	Disk = 8389589
	GPUs = 1
	GPUs_GPU_4cb0c17c = [ Id = "GPU-4cb0c17c"; ClockMhz = 1410.0; Capability = 8.0; CoresPerCU = 64; DeviceName = "NVIDIA A100-PCIE-40GB"; DeviceUuid = "4cb0c17c-e986-12c3-223f-a139394373ed"; ECCEnabled = true; ComputeUnits = 108; DriverVersion = 13.0; DevicePciBusId = "0000:06:00.0"; GlobalMemoryMb = 40441; MaxSupportedVersion = 13000 ]
	Memory = 33000
...
006 (6420432.092.000) 11/20 19:31:17 Image size of job updated: 299100
	293  -  MemoryUsage of job (MB)
	299100  -  ResidentSetSize of job (KB)
...
006 (6420432.092.000) 11/20 19:36:17 Image size of job updated: 2187080
	1275  -  MemoryUsage of job (MB)
	1304840  -  ResidentSetSize of job (KB)
...
040 (6420432.092.000) 11/20 19:39:46 Started transferring output files
...
040 (6420432.092.000) 11/20 19:39:47 Finished transferring output files
...
005 (6420432.092.000) 11/20 19:39:47 Job terminated.
	(1) Normal termination (return value 0)
		Usr 0 00:16:28, Sys 0 00:01:25  -  Run Remote Usage
		Usr 0 00:00:00, Sys 0 00:00:00  -  Run Local Usage
		Usr 0 00:16:28, Sys 0 00:01:25  -  Total Remote Usage
		Usr 0 00:00:00, Sys 0 00:00:00  -  Total Local Usage
	30640  -  Run Bytes Sent By Job
	1412394  -  Run Bytes Received By Job
	30640  -  Total Bytes Sent By Job
	1412394  -  Total Bytes Received By Job
	Partitionable Resources :    Usage  Request Allocated Assigned
	   Cpus                 :     0.49       11        11 
	   Disk (KB)            :  1435     8388608   8389589 
	   GPUs                 :     0           1         1 "GPU-4cb0c17c"
	   GpusMemory (MB)      :   598                       
	   Memory (MB)          :  1275       33000     33000 
	   TimeExecute (s)      :   522                       
	   TimeSlotBusy (s)     :   524                       

	Job terminated of its own accord at 2025-11-20T18:39:46Z with exit-code 0.
...
