==================================================================
Processing cat000204 with EMCEE - ALL SCENARIOS
==================================================================
======================================================================
EMCEE RECONSTRUCTION FOR cat000204
======================================================================

Loading PDF from: /eos/home-e/evilla/dune/sn-tps/neural_networks/electron_direction/three_plane_three_plane_v58_200k_lr_schedule_20251118_110931/cosine_energy_pdf.npz
PDF loaded

======================================================================
SCENARIO (EMCEE): PERFECT_CT
======================================================================

Loaded 3416 matched clusters across U, V, X planes
Selected clusters: 202
Running emcee: 64 walkers × 2000 steps...
Acceptance fraction: 11.6%
Mean direction: θ=-96.71°, φ=64.99°
Uncertainties: Δθ=50.39°, Δφ=22.49°
68% credible angle: 30.02°

Angular error: 10.52°

======================================================================
SCENARIO (EMCEE): ES_MAIN_CC_SHOWER
======================================================================

Loaded 3416 matched clusters across U, V, X planes
Selected clusters: 202
Running emcee: 64 walkers × 2000 steps...
Acceptance fraction: 10.8%
Mean direction: θ=-113.81°, φ=54.92°
Uncertainties: Δθ=61.61°, Δφ=25.01°
68% credible angle: 48.18°

Angular error: 24.70°

======================================================================
SCENARIO (EMCEE): ES_MAIN_CC_ALL
======================================================================

Loaded 3416 matched clusters across U, V, X planes
Selected clusters: 202
Running emcee: 64 walkers × 2000 steps...
Acceptance fraction: 9.4%
Mean direction: θ=-98.94°, φ=68.34°
Uncertainties: Δθ=68.86°, Δφ=23.70°
68% credible angle: 30.75°

Angular error: 13.90°

======================================================================
SCENARIO (EMCEE): ES_ALL_CC_SHOWER
======================================================================

Loaded 3416 matched clusters across U, V, X planes
Selected clusters: 202
Running emcee: 64 walkers × 2000 steps...
Acceptance fraction: 11.7%
Mean direction: θ=-99.73°, φ=62.46°
Uncertainties: Δθ=52.96°, Δφ=23.08°
68% credible angle: 33.69°

Angular error: 12.48°

======================================================================
SCENARIO (EMCEE): ES_ALL_CC_ALL
======================================================================

Loaded 3416 matched clusters across U, V, X planes
Selected clusters: 202
Running emcee: 64 walkers × 2000 steps...
Acceptance fraction: 9.6%
Mean direction: θ=-114.67°, φ=66.85°
Uncertainties: Δθ=73.83°, Δφ=25.14°
68% credible angle: 65.64°

Angular error: 26.62°

======================================================================
SCENARIO (EMCEE): ALL_TRACKS_ALL_SHOWERS
======================================================================

Loaded 3416 matched clusters across U, V, X planes
Selected clusters: 3416
Running emcee: 64 walkers × 2000 steps...
Acceptance fraction: 4.4%
Mean direction: θ=-158.70°, φ=94.10°
Uncertainties: Δθ=76.06°, Δφ=41.27°
68% credible angle: 72.87°

Angular error: 77.25°

✓ Saved: /eos/project-e/ep-nu/evilla/sn-pointing/cat000204/pipeline/cat000204_scenario_perfect_ct_emcee.npz

✓ Saved: /eos/project-e/ep-nu/evilla/sn-pointing/cat000204/pipeline/cat000204_scenario_es_main_cc_shower_emcee.npz

✓ Saved: /eos/project-e/ep-nu/evilla/sn-pointing/cat000204/pipeline/cat000204_scenario_es_main_cc_all_emcee.npz

✓ Saved: /eos/project-e/ep-nu/evilla/sn-pointing/cat000204/pipeline/cat000204_scenario_es_all_cc_shower_emcee.npz

✓ Saved: /eos/project-e/ep-nu/evilla/sn-pointing/cat000204/pipeline/cat000204_scenario_es_all_cc_all_emcee.npz

✓ Saved: /eos/project-e/ep-nu/evilla/sn-pointing/cat000204/pipeline/cat000204_scenario_all_tracks_all_showers_emcee.npz
✓ cat000204 completed successfully
