000 (13791712.031.000) 11/20 10:04:24 Job submitted from host: <188.184.90.62:9618?addrs=188.184.90.62-9618+[2001-1458-201-e4--100-238]-9618&alias=bigbird16.cern.ch&noUDP&sock=schedd_5196_9a2f>
...
040 (13791712.031.000) 11/20 10:05:21 Started transferring input files
	Transferring to host: <188.185.93.144:9618?addrs=188.185.93.144-9618+[2001-1458-d00-6c--100-51]-9618&alias=b9g57n6415.cern.ch&noUDP&sock=slot1_1_20429_d418_9641>
...
040 (13791712.031.000) 11/20 10:05:21 Finished transferring input files
...
001 (13791712.031.000) 11/20 10:05:22 Job executing on host: <188.185.93.144:9618?addrs=188.185.93.144-9618+[2001-1458-d00-6c--100-51]-9618&alias=b9g57n6415.cern.ch&noUDP&sock=startd_20378_3106>
	SlotName: slot1_1@b9g57n6415.cern.ch
	AvailableGPUs = { GPUs_GPU_b1587b5f }
	CondorScratchDir = "/pool/condor/dir_2165217"
	Cpus = 11
	Disk = 4195327
	GPUs = 1
	GPUs_GPU_b1587b5f = [ Id = "GPU-b1587b5f"; ClockMhz = 1410.0; Capability = 8.0; CoresPerCU = 64; DeviceName = "NVIDIA A100-PCIE-40GB"; DeviceUuid = "b1587b5f-5c26-3004-6bcf-3ce828349df6"; ECCEnabled = true; ComputeUnits = 108; DriverVersion = 13.0; DevicePciBusId = "0000:06:00.0"; GlobalMemoryMb = 40441; MaxSupportedVersion = 13000 ]
	Memory = 33000
...
006 (13791712.031.000) 11/20 10:05:28 Image size of job updated: 1500
	0  -  MemoryUsage of job (MB)
	0  -  ResidentSetSize of job (KB)
...
040 (13791712.031.000) 11/20 10:05:28 Started transferring output files
...
040 (13791712.031.000) 11/20 10:05:28 Finished transferring output files
...
005 (13791712.031.000) 11/20 10:05:28 Job terminated.
	(1) Normal termination (return value 0)
		Usr 0 00:00:00, Sys 0 00:00:00  -  Run Remote Usage
		Usr 0 00:00:00, Sys 0 00:00:00  -  Run Local Usage
		Usr 0 00:00:00, Sys 0 00:00:00  -  Total Remote Usage
		Usr 0 00:00:00, Sys 0 00:00:00  -  Total Local Usage
	276  -  Run Bytes Sent By Job
	1410814  -  Run Bytes Received By Job
	276  -  Total Bytes Sent By Job
	1410814  -  Total Bytes Received By Job
	Partitionable Resources :    Usage  Request Allocated Assigned
	   Cpus                 :        0       11        11 
	   Disk (KB)            :     1406  4194304   4195327 
	   GPUs                 :                 1         1 "GPU-b1587b5f"
	   Memory (MB)          :        0    33000     33000 
	   TimeExecute (s)      :        6                    
	   TimeSlotBusy (s)     :        9                    

	Job terminated of its own accord at 2025-11-20T09:05:28Z with exit-code 0.
...
