000 (13791725.521.000) 11/20 10:34:58 Job submitted from host: <188.184.90.62:9618?addrs=188.184.90.62-9618+[2001-1458-201-e4--100-238]-9618&alias=bigbird16.cern.ch&noUDP&sock=schedd_5196_9a2f>
...
040 (13791725.521.000) 11/20 11:39:03 Started transferring input files
	Transferring to host: <188.185.93.169:9618?addrs=188.185.93.169-9618+[2001-1458-d00-6c--100-19e]-9618&alias=b9g57n2934.cern.ch&noUDP&sock=slot1_1_20491_835a_9257>
...
040 (13791725.521.000) 11/20 11:39:03 Finished transferring input files
...
001 (13791725.521.000) 11/20 11:39:04 Job executing on host: <188.185.93.169:9618?addrs=188.185.93.169-9618+[2001-1458-d00-6c--100-19e]-9618&alias=b9g57n2934.cern.ch&noUDP&sock=startd_20444_7646>
	SlotName: slot1_1@b9g57n2934.cern.ch
	AvailableGPUs = { GPUs_GPU_1d17f189 }
	CondorScratchDir = "/pool/condor/dir_2290616"
	Cpus = 11
	Disk = 4195168
	GPUs = 1
	GPUs_GPU_1d17f189 = [ Id = "GPU-1d17f189"; ClockMhz = 1410.0; Capability = 8.0; CoresPerCU = 64; DeviceName = "NVIDIA A100-PCIE-40GB"; DeviceUuid = "1d17f189-4819-0334-33fe-0cacfb19687c"; ECCEnabled = true; ComputeUnits = 108; DriverVersion = 13.0; DevicePciBusId = "0000:06:00.0"; GlobalMemoryMb = 40441; MaxSupportedVersion = 13000 ]
	Memory = 33000
...
006 (13791725.521.000) 11/20 11:39:17 Image size of job updated: 289156
	283  -  MemoryUsage of job (MB)
	289156  -  ResidentSetSize of job (KB)
...
006 (13791725.521.000) 11/20 11:42:36 Image size of job updated: 2047036
	283  -  MemoryUsage of job (MB)
	289156  -  ResidentSetSize of job (KB)
...
040 (13791725.521.000) 11/20 11:42:36 Started transferring output files
...
040 (13791725.521.000) 11/20 11:42:36 Finished transferring output files
...
005 (13791725.521.000) 11/20 11:42:36 Job terminated.
	(1) Normal termination (return value 0)
		Usr 0 00:05:59, Sys 0 00:00:25  -  Run Remote Usage
		Usr 0 00:00:00, Sys 0 00:00:00  -  Run Local Usage
		Usr 0 00:05:59, Sys 0 00:00:25  -  Total Remote Usage
		Usr 0 00:00:00, Sys 0 00:00:00  -  Total Local Usage
	16750  -  Run Bytes Sent By Job
	1411571  -  Run Bytes Received By Job
	16750  -  Total Bytes Sent By Job
	1411571  -  Total Bytes Received By Job
	Partitionable Resources :    Usage  Request Allocated Assigned
	   Cpus                 :                11        11 
	   Disk (KB)            :     1411  4194304   4195168 
	   GPUs                 :                 1         1 "GPU-1d17f189"
	   Memory (MB)          :      283    33000     33000 
	   TimeExecute (s)      :      212                    
	   TimeSlotBusy (s)     :      213                    

	Job terminated of its own accord at 2025-11-20T10:42:36Z with exit-code 0.
...
