Processing cat000420 with 6 scenarios...
Cat directory: /eos/project-e/ep-nu/evilla/sn-pointing/cat000420
======================================================================
EMCEE RECONSTRUCTION FOR cat000420
======================================================================

Loading PDF from: /eos/home-e/evilla/dune/sn-tps/neural_networks/electron_direction/three_plane_three_plane_v58_200k_lr_schedule_20251118_110931/cosine_energy_pdf.npz
PDF loaded

======================================================================
SCENARIO (EMCEE): BEST_CASE
======================================================================

Loaded 3589 matched main-track clusters across U, V, X planes
Selected 234 ES main tracks
After E > 3 MeV cut: 234 clusters
Running emcee: 64 walkers × 2000 steps...
Acceptance fraction: 12.7%
Mean direction: θ=27.17°, φ=85.45°
Uncertainties: Δθ=16.66°, Δφ=14.37°
68% credible angle: 23.23°

Angular error: 4.16°

======================================================================
SCENARIO (EMCEE): PERFECT_CT
======================================================================

Loaded 3589 matched main-track clusters across U, V, X planes
Selected 234 ES main tracks
Loading ED model from: /eos/home-e/evilla/dune/sn-tps/neural_networks/electron_direction/three_plane_three_plane_v58_200k_lr_schedule_20251118_110931/checkpoints/model_epoch_12_val_loss_0.8898.keras
Running ED inference...
After energy cut: 234 clusters
Running emcee: 64 walkers × 2000 steps...
Acceptance fraction: 12.9%
Mean direction: θ=1.12°, φ=82.92°
Uncertainties: Δθ=19.34°, Δφ=10.95°
68% credible angle: 21.70°

Angular error: 22.00°

======================================================================
SCENARIO (EMCEE): FULL_PIPELINE
======================================================================

Loaded 3589 matched main-track clusters across U, V, X planes
Using all 3589 main-track clusters
Loading CT model from: /eos/user/e/evilla/dune/sn-tps/neural_networks/channel_tagging/ct_volume_v52_batch_reload_20251116_101125/best_model.keras
Running CT inference...
CT selected 3266 ES candidates from 3589 clusters
  ES prob range: [0.000, 1.000]
Loading ED model from: /eos/home-e/evilla/dune/sn-tps/neural_networks/electron_direction/three_plane_three_plane_v58_200k_lr_schedule_20251118_110931/checkpoints/model_epoch_12_val_loss_0.8898.keras
Running ED inference on 3266 clusters...
After E > 3 MeV cut: 3241 clusters
Running emcee: 64 walkers × 2000 steps...
Acceptance fraction: 2.7%
Mean direction: θ=-159.44°, φ=95.25°
Uncertainties: Δθ=73.36°, Δφ=28.72°
68% credible angle: 73.19°

Angular error: 177.26°

======================================================================
SCENARIO (EMCEE): WEIGHTED_CT
======================================================================

Loaded 3589 matched main-track clusters across U, V, X planes
Using all 3589 main-track clusters
Loading CT model from: /eos/user/e/evilla/dune/sn-tps/neural_networks/channel_tagging/ct_volume_v52_batch_reload_20251116_101125/best_model.keras
Running CT inference...
CT selected 3266 ES candidates from 3589 clusters
  ES prob range: [0.000, 1.000]
Loading ED model from: /eos/home-e/evilla/dune/sn-tps/neural_networks/electron_direction/three_plane_three_plane_v58_200k_lr_schedule_20251118_110931/checkpoints/model_epoch_12_val_loss_0.8898.keras
Running ED inference on 3266 clusters...
Using CT weights (ES probabilities)
After E > 3 MeV cut: 3241 clusters
Running weighted MCMC with 3241 weights
Running emcee: 64 walkers × 2000 steps...
Acceptance fraction: 3.2%
Mean direction: θ=-126.59°, φ=89.87°
Uncertainties: Δθ=65.88°, Δφ=33.25°
68% credible angle: 75.46°

Angular error: 149.27°

======================================================================
SCENARIO (EMCEE): PERFECT_CT_E_GT_10MEV
======================================================================

Loaded 3589 matched main-track clusters across U, V, X planes
Selected 234 ES main tracks
Loading ED model from: /eos/home-e/evilla/dune/sn-tps/neural_networks/electron_direction/three_plane_three_plane_v58_200k_lr_schedule_20251118_110931/checkpoints/model_epoch_12_val_loss_0.8898.keras
Running ED inference...
Applying E > 10 MeV cut
After energy cut: 135 clusters
Running emcee: 64 walkers × 2000 steps...
Acceptance fraction: 9.2%
Mean direction: θ=10.93°, φ=88.67°
Uncertainties: Δθ=23.48°, Δφ=12.31°
68% credible angle: 25.45°

Angular error: 13.10°

======================================================================
SCENARIO (EMCEE): PERFECT_CT_E_GT_20MEV
======================================================================

Loaded 3589 matched main-track clusters across U, V, X planes
Selected 234 ES main tracks
Loading ED model from: /eos/home-e/evilla/dune/sn-tps/neural_networks/electron_direction/three_plane_three_plane_v58_200k_lr_schedule_20251118_110931/checkpoints/model_epoch_12_val_loss_0.8898.keras
Running ED inference...
Applying E > 20 MeV cut
After energy cut: 35 clusters
Running emcee: 64 walkers × 2000 steps...
Acceptance fraction: 21.9%
Mean direction: θ=6.01°, φ=87.11°
Uncertainties: Δθ=27.97°, Δφ=8.27°
68% credible angle: 15.47°

Angular error: 17.43°

✓ Saved: /eos/project-e/ep-nu/evilla/sn-pointing/cat000420/pipeline/cat000420_scenario_best_case_emcee.npz

✓ Saved: /eos/project-e/ep-nu/evilla/sn-pointing/cat000420/pipeline/cat000420_scenario_perfect_ct_emcee.npz

✓ Saved: /eos/project-e/ep-nu/evilla/sn-pointing/cat000420/pipeline/cat000420_scenario_full_pipeline_emcee.npz

✓ Saved: /eos/project-e/ep-nu/evilla/sn-pointing/cat000420/pipeline/cat000420_scenario_weighted_ct_emcee.npz

✓ Saved: /eos/project-e/ep-nu/evilla/sn-pointing/cat000420/pipeline/cat000420_scenario_perfect_ct_e_gt_10mev_emcee.npz

✓ Saved: /eos/project-e/ep-nu/evilla/sn-pointing/cat000420/pipeline/cat000420_scenario_perfect_ct_e_gt_20mev_emcee.npz
✓ cat000420 completed successfully
