==================================================================
Processing cat000494 with EMCEE - ALL SCENARIOS
==================================================================
======================================================================
EMCEE RECONSTRUCTION FOR cat000494
======================================================================

Loading PDF from: /eos/home-e/evilla/dune/sn-tps/neural_networks/electron_direction/three_plane_three_plane_v58_200k_lr_schedule_20251118_110931/cosine_energy_pdf.npz
PDF loaded

======================================================================
SCENARIO (EMCEE): PERFECT_CT
======================================================================

Loaded 3738 matched clusters across U, V, X planes
Selected clusters: 277
Running emcee: 64 walkers × 2000 steps...
Acceptance fraction: 10.6%
Mean direction: θ=23.96°, φ=42.19°
Uncertainties: Δθ=36.88°, Δφ=14.93°
68% credible angle: 29.03°

Angular error: 24.18°

======================================================================
SCENARIO (EMCEE): ES_MAIN_CC_SHOWER
======================================================================

Loaded 3738 matched clusters across U, V, X planes
Selected clusters: 277
Running emcee: 64 walkers × 2000 steps...
Acceptance fraction: 10.2%
Mean direction: θ=44.46°, φ=49.08°
Uncertainties: Δθ=30.37°, Δφ=16.56°
68% credible angle: 24.89°

Angular error: 13.03°

======================================================================
SCENARIO (EMCEE): ES_MAIN_CC_ALL
======================================================================

Loaded 3738 matched clusters across U, V, X planes
Selected clusters: 277
Running emcee: 64 walkers × 2000 steps...
Acceptance fraction: 12.2%
Mean direction: θ=21.63°, φ=41.17°
Uncertainties: Δθ=35.54°, Δφ=15.99°
68% credible angle: 27.47°

Angular error: 25.47°

======================================================================
SCENARIO (EMCEE): ES_ALL_CC_SHOWER
======================================================================

Loaded 3738 matched clusters across U, V, X planes
Selected clusters: 277
Running emcee: 64 walkers × 2000 steps...
Acceptance fraction: 11.2%
Mean direction: θ=40.22°, φ=40.89°
Uncertainties: Δθ=39.38°, Δφ=13.53°
68% credible angle: 24.52°

Angular error: 13.34°

======================================================================
SCENARIO (EMCEE): ES_ALL_CC_ALL
======================================================================

Loaded 3738 matched clusters across U, V, X planes
Selected clusters: 277
Running emcee: 64 walkers × 2000 steps...
Acceptance fraction: 12.0%
Mean direction: θ=23.03°, φ=38.46°
Uncertainties: Δθ=39.59°, Δφ=14.46°
68% credible angle: 27.49°

Angular error: 24.19°

======================================================================
SCENARIO (EMCEE): ALL_TRACKS_ALL_SHOWERS
======================================================================

Loaded 3738 matched clusters across U, V, X planes
Selected clusters: 3738
Running emcee: 64 walkers × 2000 steps...
Acceptance fraction: 2.6%
Mean direction: θ=-144.87°, φ=87.66°
Uncertainties: Δθ=90.90°, Δφ=40.23°
68% credible angle: 88.36°

Angular error: 125.52°

✓ Saved: /eos/project-e/ep-nu/evilla/sn-pointing/cat000494/pipeline/cat000494_scenario_perfect_ct_emcee.npz

✓ Saved: /eos/project-e/ep-nu/evilla/sn-pointing/cat000494/pipeline/cat000494_scenario_es_main_cc_shower_emcee.npz

✓ Saved: /eos/project-e/ep-nu/evilla/sn-pointing/cat000494/pipeline/cat000494_scenario_es_main_cc_all_emcee.npz

✓ Saved: /eos/project-e/ep-nu/evilla/sn-pointing/cat000494/pipeline/cat000494_scenario_es_all_cc_shower_emcee.npz

✓ Saved: /eos/project-e/ep-nu/evilla/sn-pointing/cat000494/pipeline/cat000494_scenario_es_all_cc_all_emcee.npz

✓ Saved: /eos/project-e/ep-nu/evilla/sn-pointing/cat000494/pipeline/cat000494_scenario_all_tracks_all_showers_emcee.npz
✓ cat000494 completed successfully
