Processing cat000569 with 6 scenarios...
Cat directory: /eos/project-e/ep-nu/evilla/sn-pointing/cat000569
======================================================================
EMCEE RECONSTRUCTION FOR cat000569
======================================================================

Loading PDF from: /eos/home-e/evilla/dune/sn-tps/neural_networks/electron_direction/three_plane_three_plane_v58_200k_lr_schedule_20251118_110931/cosine_energy_pdf.npz
PDF loaded

======================================================================
SCENARIO (EMCEE): BEST_CASE
======================================================================

Loaded 3611 matched main-track clusters across U, V, X planes
Selected 247 ES main tracks
After E > 3 MeV cut: 247 clusters
Running emcee: 64 walkers × 2000 steps...
Acceptance fraction: 9.7%
Mean direction: θ=-159.22°, φ=105.40°
Uncertainties: Δθ=26.26°, Δφ=14.02°
68% credible angle: 26.90°

Angular error: 6.40°

======================================================================
SCENARIO (EMCEE): PERFECT_CT
======================================================================

Loaded 3611 matched main-track clusters across U, V, X planes
Selected 247 ES main tracks
Loading ED model from: /eos/home-e/evilla/dune/sn-tps/neural_networks/electron_direction/three_plane_three_plane_v58_200k_lr_schedule_20251118_110931/checkpoints/model_epoch_12_val_loss_0.8898.keras
Running ED inference...
After energy cut: 247 clusters
Running emcee: 64 walkers × 2000 steps...
Acceptance fraction: 13.5%
Mean direction: θ=-175.41°, φ=103.42°
Uncertainties: Δθ=21.12°, Δφ=17.37°
68% credible angle: 30.27°

Angular error: 21.44°

======================================================================
SCENARIO (EMCEE): FULL_PIPELINE
======================================================================

Loaded 3611 matched main-track clusters across U, V, X planes
Using all 3611 main-track clusters
Loading CT model from: /eos/user/e/evilla/dune/sn-tps/neural_networks/channel_tagging/ct_volume_v52_batch_reload_20251116_101125/best_model.keras
Running CT inference...
CT selected 3290 ES candidates from 3611 clusters
  ES prob range: [0.000, 1.000]
Loading ED model from: /eos/home-e/evilla/dune/sn-tps/neural_networks/electron_direction/three_plane_three_plane_v58_200k_lr_schedule_20251118_110931/checkpoints/model_epoch_12_val_loss_0.8898.keras
Running ED inference on 3290 clusters...
After E > 3 MeV cut: 3266 clusters
Running emcee: 64 walkers × 2000 steps...
Acceptance fraction: 3.9%
Mean direction: θ=-178.63°, φ=106.57°
Uncertainties: Δθ=62.69°, Δφ=28.64°
68% credible angle: 52.51°

Angular error: 24.74°

======================================================================
SCENARIO (EMCEE): WEIGHTED_CT
======================================================================

Loaded 3611 matched main-track clusters across U, V, X planes
Using all 3611 main-track clusters
Loading CT model from: /eos/user/e/evilla/dune/sn-tps/neural_networks/channel_tagging/ct_volume_v52_batch_reload_20251116_101125/best_model.keras
Running CT inference...
CT selected 3290 ES candidates from 3611 clusters
  ES prob range: [0.000, 1.000]
Loading ED model from: /eos/home-e/evilla/dune/sn-tps/neural_networks/electron_direction/three_plane_three_plane_v58_200k_lr_schedule_20251118_110931/checkpoints/model_epoch_12_val_loss_0.8898.keras
Running ED inference on 3290 clusters...
Using CT weights (ES probabilities)
After E > 3 MeV cut: 3266 clusters
Running weighted MCMC with 3266 weights
Running emcee: 64 walkers × 2000 steps...
Acceptance fraction: 4.4%
Mean direction: θ=-174.33°, φ=108.89°
Uncertainties: Δθ=53.95°, Δφ=18.36°
68% credible angle: 54.76°

Angular error: 21.14°

======================================================================
SCENARIO (EMCEE): PERFECT_CT_E_GT_10MEV
======================================================================

Loaded 3611 matched main-track clusters across U, V, X planes
Selected 247 ES main tracks
Loading ED model from: /eos/home-e/evilla/dune/sn-tps/neural_networks/electron_direction/three_plane_three_plane_v58_200k_lr_schedule_20251118_110931/checkpoints/model_epoch_12_val_loss_0.8898.keras
Running ED inference...
Applying E > 10 MeV cut
After energy cut: 128 clusters
Running emcee: 64 walkers × 2000 steps...
Acceptance fraction: 15.3%
Mean direction: θ=-177.98°, φ=97.10°
Uncertainties: Δθ=26.09°, Δφ=15.84°
68% credible angle: 18.42°

Angular error: 24.73°

======================================================================
SCENARIO (EMCEE): PERFECT_CT_E_GT_20MEV
======================================================================

Loaded 3611 matched main-track clusters across U, V, X planes
Selected 247 ES main tracks
Loading ED model from: /eos/home-e/evilla/dune/sn-tps/neural_networks/electron_direction/three_plane_three_plane_v58_200k_lr_schedule_20251118_110931/checkpoints/model_epoch_12_val_loss_0.8898.keras
Running ED inference...
Applying E > 20 MeV cut
After energy cut: 30 clusters
Running emcee: 64 walkers × 2000 steps...
Acceptance fraction: 13.5%
Mean direction: θ=-169.47°, φ=102.65°
Uncertainties: Δθ=15.45°, Δφ=12.33°
68% credible angle: 19.91°

Angular error: 15.65°

✓ Saved: /eos/project-e/ep-nu/evilla/sn-pointing/cat000569/pipeline/cat000569_scenario_best_case_emcee.npz

✓ Saved: /eos/project-e/ep-nu/evilla/sn-pointing/cat000569/pipeline/cat000569_scenario_perfect_ct_emcee.npz

✓ Saved: /eos/project-e/ep-nu/evilla/sn-pointing/cat000569/pipeline/cat000569_scenario_full_pipeline_emcee.npz

✓ Saved: /eos/project-e/ep-nu/evilla/sn-pointing/cat000569/pipeline/cat000569_scenario_weighted_ct_emcee.npz

✓ Saved: /eos/project-e/ep-nu/evilla/sn-pointing/cat000569/pipeline/cat000569_scenario_perfect_ct_e_gt_10mev_emcee.npz

✓ Saved: /eos/project-e/ep-nu/evilla/sn-pointing/cat000569/pipeline/cat000569_scenario_perfect_ct_e_gt_20mev_emcee.npz
✓ cat000569 completed successfully
