Processing cat000039 with 6 scenarios...
Cat directory: /eos/project-e/ep-nu/evilla/sn-pointing/cat000039
======================================================================
EMCEE RECONSTRUCTION FOR cat000039
======================================================================

Loading PDF from: /eos/home-e/evilla/dune/sn-tps/neural_networks/electron_direction/three_plane_three_plane_v58_200k_lr_schedule_20251118_110931/cosine_energy_pdf.npz
PDF loaded

======================================================================
SCENARIO (EMCEE): BEST_CASE
======================================================================

Loaded 3448 matched main-track clusters across U, V, X planes
Selected 200 ES main tracks
After E > 3 MeV cut: 200 clusters
Running emcee: 64 walkers × 2000 steps...
Acceptance fraction: 7.9%
Mean direction: θ=-2.02°, φ=99.88°
Uncertainties: Δθ=20.85°, Δφ=15.27°
68% credible angle: 26.19°

Angular error: 4.61°

======================================================================
SCENARIO (EMCEE): PERFECT_CT
======================================================================

Loaded 3448 matched main-track clusters across U, V, X planes
Selected 200 ES main tracks
Loading ED model from: /eos/home-e/evilla/dune/sn-tps/neural_networks/electron_direction/three_plane_three_plane_v58_200k_lr_schedule_20251118_110931/checkpoints/model_epoch_12_val_loss_0.8898.keras
Running ED inference...
After energy cut: 200 clusters
Running emcee: 64 walkers × 2000 steps...
Acceptance fraction: 19.8%
Mean direction: θ=2.88°, φ=92.96°
Uncertainties: Δθ=23.04°, Δφ=12.39°
68% credible angle: 19.41°

Angular error: 4.58°

======================================================================
SCENARIO (EMCEE): FULL_PIPELINE
======================================================================

Loaded 3448 matched main-track clusters across U, V, X planes
Using all 3448 main-track clusters
Loading CT model from: /eos/user/e/evilla/dune/sn-tps/neural_networks/channel_tagging/ct_volume_v52_batch_reload_20251116_101125/best_model.keras
Running CT inference...
CT selected 3120 ES candidates from 3448 clusters
  ES prob range: [0.000, 1.000]
Loading ED model from: /eos/home-e/evilla/dune/sn-tps/neural_networks/electron_direction/three_plane_three_plane_v58_200k_lr_schedule_20251118_110931/checkpoints/model_epoch_12_val_loss_0.8898.keras
Running ED inference on 3120 clusters...
After E > 3 MeV cut: 3100 clusters
Running emcee: 64 walkers × 2000 steps...
Acceptance fraction: 4.2%
Mean direction: θ=-131.95°, φ=84.37°
Uncertainties: Δθ=114.77°, Δφ=30.19°
68% credible angle: 119.40°

Angular error: 131.17°

======================================================================
SCENARIO (EMCEE): WEIGHTED_CT
======================================================================

Loaded 3448 matched main-track clusters across U, V, X planes
Using all 3448 main-track clusters
Loading CT model from: /eos/user/e/evilla/dune/sn-tps/neural_networks/channel_tagging/ct_volume_v52_batch_reload_20251116_101125/best_model.keras
Running CT inference...
CT selected 3120 ES candidates from 3448 clusters
  ES prob range: [0.000, 1.000]
Loading ED model from: /eos/home-e/evilla/dune/sn-tps/neural_networks/electron_direction/three_plane_three_plane_v58_200k_lr_schedule_20251118_110931/checkpoints/model_epoch_12_val_loss_0.8898.keras
Running ED inference on 3120 clusters...
Using CT weights (ES probabilities)
After E > 3 MeV cut: 3100 clusters
Running weighted MCMC with 3100 weights
Running emcee: 64 walkers × 2000 steps...
Acceptance fraction: 5.6%
Mean direction: θ=-96.43°, φ=73.58°
Uncertainties: Δθ=75.62°, Δφ=24.85°
68% credible angle: 48.23°

Angular error: 96.69°

======================================================================
SCENARIO (EMCEE): PERFECT_CT_E_GT_10MEV
======================================================================

Loaded 3448 matched main-track clusters across U, V, X planes
Selected 200 ES main tracks
Loading ED model from: /eos/home-e/evilla/dune/sn-tps/neural_networks/electron_direction/three_plane_three_plane_v58_200k_lr_schedule_20251118_110931/checkpoints/model_epoch_12_val_loss_0.8898.keras
Running ED inference...
Applying E > 10 MeV cut
After energy cut: 108 clusters
Running emcee: 64 walkers × 2000 steps...
Acceptance fraction: 11.9%
Mean direction: θ=-4.49°, φ=94.47°
Uncertainties: Δθ=22.02°, Δφ=11.91°
68% credible angle: 18.48°

Angular error: 3.57°

======================================================================
SCENARIO (EMCEE): PERFECT_CT_E_GT_20MEV
======================================================================

Loaded 3448 matched main-track clusters across U, V, X planes
Selected 200 ES main tracks
Loading ED model from: /eos/home-e/evilla/dune/sn-tps/neural_networks/electron_direction/three_plane_three_plane_v58_200k_lr_schedule_20251118_110931/checkpoints/model_epoch_12_val_loss_0.8898.keras
Running ED inference...
Applying E > 20 MeV cut
After energy cut: 30 clusters
Running emcee: 64 walkers × 2000 steps...
Acceptance fraction: 30.7%
Mean direction: θ=-7.74°, φ=88.18°
Uncertainties: Δθ=26.68°, Δφ=8.14°
68% credible angle: 10.26°

Angular error: 9.84°

✓ Saved: /eos/project-e/ep-nu/evilla/sn-pointing/cat000039/pipeline/cat000039_scenario_best_case_emcee.npz

✓ Saved: /eos/project-e/ep-nu/evilla/sn-pointing/cat000039/pipeline/cat000039_scenario_perfect_ct_emcee.npz

✓ Saved: /eos/project-e/ep-nu/evilla/sn-pointing/cat000039/pipeline/cat000039_scenario_full_pipeline_emcee.npz

✓ Saved: /eos/project-e/ep-nu/evilla/sn-pointing/cat000039/pipeline/cat000039_scenario_weighted_ct_emcee.npz

✓ Saved: /eos/project-e/ep-nu/evilla/sn-pointing/cat000039/pipeline/cat000039_scenario_perfect_ct_e_gt_10mev_emcee.npz

✓ Saved: /eos/project-e/ep-nu/evilla/sn-pointing/cat000039/pipeline/cat000039_scenario_perfect_ct_e_gt_20mev_emcee.npz
✓ cat000039 completed successfully
