000 (13791725.099.000) 11/20 10:34:57 Job submitted from host: <188.184.90.62:9618?addrs=188.184.90.62-9618+[2001-1458-201-e4--100-238]-9618&alias=bigbird16.cern.ch&noUDP&sock=schedd_5196_9a2f>
...
040 (13791725.099.000) 11/20 10:49:23 Started transferring input files
	Transferring to host: <188.185.190.49:9618?addrs=188.185.190.49-9618+[2001-1458-d03-b--100-10d]-9618&alias=b9pgpun208.cern.ch&noUDP&sock=slot1_1_3308_8900_4150>
...
040 (13791725.099.000) 11/20 10:49:23 Finished transferring input files
...
001 (13791725.099.000) 11/20 10:49:24 Job executing on host: <188.185.190.49:9618?addrs=188.185.190.49-9618+[2001-1458-d03-b--100-10d]-9618&alias=b9pgpun208.cern.ch&noUDP&sock=startd_2698_2e9b>
	SlotName: slot1_1@b9pgpun208.cern.ch
	AvailableGPUs = { GPUs_MIG_a77cf222_9084_530d_880f_b3b2419f0fc8 }
	CondorScratchDir = "/pool/condor/dir_775291"
	Cpus = 11
	Disk = 4195274
	GPUs = 1
	GPUs_MIG_a77cf222_9084_530d_880f_b3b2419f0fc8 = [ Id = "MIG-a77cf222-9084-530d-880f-b3b2419f0fc8"; DeviceName = "NVIDIA H100L-2-24C MIG 2g.24gb"; DeviceUuid = "MIG-a77cf222-9084-530d-880f-b3b2419f0fc8"; ComputeUnits = 32; GlobalMemoryMb = 21547 ]
	Memory = 33000
...
006 (13791725.099.000) 11/20 10:49:37 Image size of job updated: 353148
	345  -  MemoryUsage of job (MB)
	353148  -  ResidentSetSize of job (KB)
...
006 (13791725.099.000) 11/20 10:51:58 Image size of job updated: 1416384
	345  -  MemoryUsage of job (MB)
	353148  -  ResidentSetSize of job (KB)
...
040 (13791725.099.000) 11/20 10:51:58 Started transferring output files
...
040 (13791725.099.000) 11/20 10:51:58 Finished transferring output files
...
005 (13791725.099.000) 11/20 10:51:58 Job terminated.
	(1) Normal termination (return value 0)
		Usr 0 00:03:54, Sys 0 00:00:11  -  Run Remote Usage
		Usr 0 00:00:00, Sys 0 00:00:00  -  Run Local Usage
		Usr 0 00:03:54, Sys 0 00:00:11  -  Total Remote Usage
		Usr 0 00:00:00, Sys 0 00:00:00  -  Total Local Usage
	17427  -  Run Bytes Sent By Job
	1411571  -  Run Bytes Received By Job
	17427  -  Total Bytes Sent By Job
	1411571  -  Total Bytes Received By Job
	Partitionable Resources :    Usage  Request Allocated Assigned
	   Cpus                 :        0       11        11 
	   Disk (KB)            :     1419  4194304   4195274 
	   GPUs                 :                 1         1 "MIG-a77cf222-9084-530d-880f-b3b2419f0fc8"
	   Memory (MB)          :      345    33000     33000 
	   TimeExecute (s)      :      154                    
	   TimeSlotBusy (s)     :      155                    

	Job terminated of its own accord at 2025-11-20T09:51:58Z with exit-code 0.
...
