Processing cat000213 with 6 scenarios...
Cat directory: /eos/project-e/ep-nu/evilla/sn-pointing/cat000213
======================================================================
EMCEE RECONSTRUCTION FOR cat000213
======================================================================

Loading PDF from: /eos/home-e/evilla/dune/sn-tps/neural_networks/electron_direction/three_plane_three_plane_v58_200k_lr_schedule_20251118_110931/cosine_energy_pdf.npz
PDF loaded

======================================================================
SCENARIO (EMCEE): BEST_CASE
======================================================================

Loaded 3225 matched main-track clusters across U, V, X planes
Selected 220 ES main tracks
After E > 3 MeV cut: 220 clusters
Running emcee: 64 walkers × 2000 steps...
Acceptance fraction: 19.4%
Mean direction: θ=155.91°, φ=96.91°
Uncertainties: Δθ=29.84°, Δφ=17.10°
68% credible angle: 33.65°

Angular error: 12.48°

======================================================================
SCENARIO (EMCEE): PERFECT_CT
======================================================================

Loaded 3225 matched main-track clusters across U, V, X planes
Selected 220 ES main tracks
Loading ED model from: /eos/home-e/evilla/dune/sn-tps/neural_networks/electron_direction/three_plane_three_plane_v58_200k_lr_schedule_20251118_110931/checkpoints/model_epoch_12_val_loss_0.8898.keras
Running ED inference...
After energy cut: 220 clusters
Running emcee: 64 walkers × 2000 steps...
Acceptance fraction: 13.4%
Mean direction: θ=172.53°, φ=105.53°
Uncertainties: Δθ=23.99°, Δφ=14.61°
68% credible angle: 30.18°

Angular error: 28.65°

======================================================================
SCENARIO (EMCEE): FULL_PIPELINE
======================================================================

Loaded 3225 matched main-track clusters across U, V, X planes
Using all 3225 main-track clusters
Loading CT model from: /eos/user/e/evilla/dune/sn-tps/neural_networks/channel_tagging/ct_volume_v52_batch_reload_20251116_101125/best_model.keras
Running CT inference...
CT selected 2950 ES candidates from 3225 clusters
  ES prob range: [0.000, 1.000]
Loading ED model from: /eos/home-e/evilla/dune/sn-tps/neural_networks/electron_direction/three_plane_three_plane_v58_200k_lr_schedule_20251118_110931/checkpoints/model_epoch_12_val_loss_0.8898.keras
Running ED inference on 2950 clusters...
After E > 3 MeV cut: 2931 clusters
Running emcee: 64 walkers × 2000 steps...
Acceptance fraction: 3.6%
Mean direction: θ=-162.97°, φ=102.52°
Uncertainties: Δθ=44.08°, Δφ=21.53°
68% credible angle: 44.75°

Angular error: 52.29°

======================================================================
SCENARIO (EMCEE): WEIGHTED_CT
======================================================================

Loaded 3225 matched main-track clusters across U, V, X planes
Using all 3225 main-track clusters
Loading CT model from: /eos/user/e/evilla/dune/sn-tps/neural_networks/channel_tagging/ct_volume_v52_batch_reload_20251116_101125/best_model.keras
Running CT inference...
CT selected 2950 ES candidates from 3225 clusters
  ES prob range: [0.000, 1.000]
Loading ED model from: /eos/home-e/evilla/dune/sn-tps/neural_networks/electron_direction/three_plane_three_plane_v58_200k_lr_schedule_20251118_110931/checkpoints/model_epoch_12_val_loss_0.8898.keras
Running ED inference on 2950 clusters...
Using CT weights (ES probabilities)
After E > 3 MeV cut: 2931 clusters
Running weighted MCMC with 2931 weights
Running emcee: 64 walkers × 2000 steps...
Acceptance fraction: 3.4%
Mean direction: θ=-157.49°, φ=98.39°
Uncertainties: Δθ=52.75°, Δφ=25.95°
68% credible angle: 58.27°

Angular error: 58.02°

======================================================================
SCENARIO (EMCEE): PERFECT_CT_E_GT_10MEV
======================================================================

Loaded 3225 matched main-track clusters across U, V, X planes
Selected 220 ES main tracks
Loading ED model from: /eos/home-e/evilla/dune/sn-tps/neural_networks/electron_direction/three_plane_three_plane_v58_200k_lr_schedule_20251118_110931/checkpoints/model_epoch_12_val_loss_0.8898.keras
Running ED inference...
Applying E > 10 MeV cut
After energy cut: 110 clusters
Running emcee: 64 walkers × 2000 steps...
Acceptance fraction: 15.7%
Mean direction: θ=173.64°, φ=107.79°
Uncertainties: Δθ=17.11°, Δφ=9.33°
68% credible angle: 19.30°

Angular error: 30.06°

======================================================================
SCENARIO (EMCEE): PERFECT_CT_E_GT_20MEV
======================================================================

Loaded 3225 matched main-track clusters across U, V, X planes
Selected 220 ES main tracks
Loading ED model from: /eos/home-e/evilla/dune/sn-tps/neural_networks/electron_direction/three_plane_three_plane_v58_200k_lr_schedule_20251118_110931/checkpoints/model_epoch_12_val_loss_0.8898.keras
Running ED inference...
Applying E > 20 MeV cut
After energy cut: 24 clusters
Running emcee: 64 walkers × 2000 steps...
Acceptance fraction: 21.5%
Mean direction: θ=167.72°, φ=103.54°
Uncertainties: Δθ=17.53°, Δφ=8.35°
68% credible angle: 19.65°

Angular error: 23.78°

✓ Saved: /eos/project-e/ep-nu/evilla/sn-pointing/cat000213/pipeline/cat000213_scenario_best_case_emcee.npz

✓ Saved: /eos/project-e/ep-nu/evilla/sn-pointing/cat000213/pipeline/cat000213_scenario_perfect_ct_emcee.npz

✓ Saved: /eos/project-e/ep-nu/evilla/sn-pointing/cat000213/pipeline/cat000213_scenario_full_pipeline_emcee.npz

✓ Saved: /eos/project-e/ep-nu/evilla/sn-pointing/cat000213/pipeline/cat000213_scenario_weighted_ct_emcee.npz

✓ Saved: /eos/project-e/ep-nu/evilla/sn-pointing/cat000213/pipeline/cat000213_scenario_perfect_ct_e_gt_10mev_emcee.npz

✓ Saved: /eos/project-e/ep-nu/evilla/sn-pointing/cat000213/pipeline/cat000213_scenario_perfect_ct_e_gt_20mev_emcee.npz
✓ cat000213 completed successfully
