==================================================================
Processing cat000490 with EMCEE - ALL SCENARIOS
==================================================================
======================================================================
EMCEE RECONSTRUCTION FOR cat000490
======================================================================

Loading PDF from: /eos/home-e/evilla/dune/sn-tps/neural_networks/electron_direction/three_plane_three_plane_v58_200k_lr_schedule_20251118_110931/cosine_energy_pdf.npz
PDF loaded

======================================================================
SCENARIO (EMCEE): PERFECT_CT
======================================================================

Loaded 3658 matched clusters across U, V, X planes
Selected clusters: 303
Running emcee: 64 walkers × 2000 steps...
Acceptance fraction: 16.7%
Mean direction: θ=-2.69°, φ=31.93°
Uncertainties: Δθ=64.07°, Δφ=5.96°
68% credible angle: 28.88°

Angular error: 19.86°

======================================================================
SCENARIO (EMCEE): ES_MAIN_CC_SHOWER
======================================================================

Loaded 3658 matched clusters across U, V, X planes
Selected clusters: 303
Running emcee: 64 walkers × 2000 steps...
Acceptance fraction: 15.6%
Mean direction: θ=-1.86°, φ=31.94°
Uncertainties: Δθ=56.95°, Δφ=6.26°
68% credible angle: 28.46°

Angular error: 20.00°

======================================================================
SCENARIO (EMCEE): ES_MAIN_CC_ALL
======================================================================

Loaded 3658 matched clusters across U, V, X planes
Selected clusters: 303
Running emcee: 64 walkers × 2000 steps...
Acceptance fraction: 17.5%
Mean direction: θ=-26.63°, φ=33.71°
Uncertainties: Δθ=58.70°, Δφ=5.87°
68% credible angle: 39.63°

Angular error: 19.74°

======================================================================
SCENARIO (EMCEE): ES_ALL_CC_SHOWER
======================================================================

Loaded 3658 matched clusters across U, V, X planes
Selected clusters: 303
Running emcee: 64 walkers × 2000 steps...
Acceptance fraction: 16.1%
Mean direction: θ=-24.77°, φ=33.98°
Uncertainties: Δθ=57.34°, Δφ=5.61°
68% credible angle: 38.31°

Angular error: 20.02°

======================================================================
SCENARIO (EMCEE): ES_ALL_CC_ALL
======================================================================

Loaded 3658 matched clusters across U, V, X planes
Selected clusters: 303
Running emcee: 64 walkers × 2000 steps...
Acceptance fraction: 15.2%
Mean direction: θ=-13.15°, φ=32.00°
Uncertainties: Δθ=56.73°, Δφ=6.17°
68% credible angle: 33.18°

Angular error: 18.65°

======================================================================
SCENARIO (EMCEE): ALL_TRACKS_ALL_SHOWERS
======================================================================

Loaded 3658 matched clusters across U, V, X planes
Selected clusters: 3658
Running emcee: 64 walkers × 2000 steps...
Acceptance fraction: 3.4%
Mean direction: θ=-173.65°, φ=75.43°
Uncertainties: Δθ=109.98°, Δφ=39.27°
68% credible angle: 97.96°

Angular error: 87.27°

✓ Saved: /eos/project-e/ep-nu/evilla/sn-pointing/cat000490/pipeline/cat000490_scenario_perfect_ct_emcee.npz

✓ Saved: /eos/project-e/ep-nu/evilla/sn-pointing/cat000490/pipeline/cat000490_scenario_es_main_cc_shower_emcee.npz

✓ Saved: /eos/project-e/ep-nu/evilla/sn-pointing/cat000490/pipeline/cat000490_scenario_es_main_cc_all_emcee.npz

✓ Saved: /eos/project-e/ep-nu/evilla/sn-pointing/cat000490/pipeline/cat000490_scenario_es_all_cc_shower_emcee.npz

✓ Saved: /eos/project-e/ep-nu/evilla/sn-pointing/cat000490/pipeline/cat000490_scenario_es_all_cc_all_emcee.npz

✓ Saved: /eos/project-e/ep-nu/evilla/sn-pointing/cat000490/pipeline/cat000490_scenario_all_tracks_all_showers_emcee.npz
✓ cat000490 completed successfully
