==================================================================
Processing cat000007 with EMCEE - ALL SCENARIOS
==================================================================
======================================================================
EMCEE RECONSTRUCTION FOR cat000007
======================================================================

Loading PDF from: /eos/home-e/evilla/dune/sn-tps/neural_networks/electron_direction/three_plane_three_plane_v58_200k_lr_schedule_20251118_110931/cosine_energy_pdf.npz
PDF loaded

======================================================================
SCENARIO (EMCEE): PERFECT_CT
======================================================================

Loaded 3876 matched clusters across U, V, X planes
Selected clusters: 287
Running emcee: 64 walkers × 2000 steps...
Acceptance fraction: 12.4%
Mean direction: θ=67.11°, φ=147.83°
Uncertainties: Δθ=57.51°, Δφ=10.87°
68% credible angle: 25.64°

Angular error: 16.07°

======================================================================
SCENARIO (EMCEE): ES_MAIN_CC_SHOWER
======================================================================

Loaded 3876 matched clusters across U, V, X planes
Selected clusters: 287
Running emcee: 64 walkers × 2000 steps...
Acceptance fraction: 13.1%
Mean direction: θ=59.97°, φ=148.37°
Uncertainties: Δθ=45.47°, Δφ=11.53°
68% credible angle: 22.94°

Angular error: 17.68°

======================================================================
SCENARIO (EMCEE): ES_MAIN_CC_ALL
======================================================================

Loaded 3876 matched clusters across U, V, X planes
Selected clusters: 287
Running emcee: 64 walkers × 2000 steps...
Acceptance fraction: 9.0%
Mean direction: θ=77.91°, φ=149.23°
Uncertainties: Δθ=63.34°, Δφ=10.23°
68% credible angle: 27.13°

Angular error: 12.30°

======================================================================
SCENARIO (EMCEE): ES_ALL_CC_SHOWER
======================================================================

Loaded 3876 matched clusters across U, V, X planes
Selected clusters: 287
Running emcee: 64 walkers × 2000 steps...
Acceptance fraction: 11.6%
Mean direction: θ=68.65°, φ=147.56°
Uncertainties: Δθ=57.16°, Δφ=10.74°
68% credible angle: 26.28°

Angular error: 15.90°

======================================================================
SCENARIO (EMCEE): ES_ALL_CC_ALL
======================================================================

Loaded 3876 matched clusters across U, V, X planes
Selected clusters: 287
Running emcee: 64 walkers × 2000 steps...
Acceptance fraction: 11.3%
Mean direction: θ=68.87°, φ=148.19°
Uncertainties: Δθ=64.35°, Δφ=10.63°
68% credible angle: 26.32°

Angular error: 15.29°

======================================================================
SCENARIO (EMCEE): ALL_TRACKS_ALL_SHOWERS
======================================================================

Loaded 3876 matched clusters across U, V, X planes
Selected clusters: 3876
Running emcee: 64 walkers × 2000 steps...
Acceptance fraction: 4.9%
Mean direction: θ=-178.00°, φ=116.70°
Uncertainties: Δθ=75.79°, Δφ=40.04°
68% credible angle: 49.42°

Angular error: 65.21°

✓ Saved: /eos/project-e/ep-nu/evilla/sn-pointing/cat000007/pipeline/cat000007_scenario_perfect_ct_emcee.npz

✓ Saved: /eos/project-e/ep-nu/evilla/sn-pointing/cat000007/pipeline/cat000007_scenario_es_main_cc_shower_emcee.npz

✓ Saved: /eos/project-e/ep-nu/evilla/sn-pointing/cat000007/pipeline/cat000007_scenario_es_main_cc_all_emcee.npz

✓ Saved: /eos/project-e/ep-nu/evilla/sn-pointing/cat000007/pipeline/cat000007_scenario_es_all_cc_shower_emcee.npz

✓ Saved: /eos/project-e/ep-nu/evilla/sn-pointing/cat000007/pipeline/cat000007_scenario_es_all_cc_all_emcee.npz

✓ Saved: /eos/project-e/ep-nu/evilla/sn-pointing/cat000007/pipeline/cat000007_scenario_all_tracks_all_showers_emcee.npz
✓ cat000007 completed successfully
