000 (13791414.514.000) 11/20 04:32:07 Job submitted from host: <188.184.90.62:9618?addrs=188.184.90.62-9618+[2001-1458-201-e4--100-238]-9618&alias=bigbird16.cern.ch&noUDP&sock=schedd_5196_9a2f>
...
040 (13791414.514.000) 11/20 05:04:46 Started transferring input files
	Transferring to host: <188.185.93.15:9618?addrs=188.185.93.15-9618+[2001-1458-d00-6c--100-19a]-9618&alias=b9g57n1708.cern.ch&noUDP&sock=slot1_1_5388_1554_9556>
...
040 (13791414.514.000) 11/20 05:04:46 Finished transferring input files
...
001 (13791414.514.000) 11/20 05:04:47 Job executing on host: <188.185.93.15:9618?addrs=188.185.93.15-9618+[2001-1458-d00-6c--100-19a]-9618&alias=b9g57n1708.cern.ch&noUDP&sock=startd_5344_1e34>
	SlotName: slot1_1@b9g57n1708.cern.ch
	AvailableGPUs = { GPUs_GPU_02690ba6 }
	CondorScratchDir = "/pool/condor/dir_1798684"
	Cpus = 11
	Disk = 4195328
	GPUs = 1
	GPUs_GPU_02690ba6 = [ Id = "GPU-02690ba6"; ClockMhz = 1410.0; Capability = 8.0; CoresPerCU = 64; DeviceName = "NVIDIA A100-PCIE-40GB"; DeviceUuid = "02690ba6-da8f-b9f3-f5f5-ed6909a5a343"; ECCEnabled = true; ComputeUnits = 108; DriverVersion = 13.0; DevicePciBusId = "0000:06:00.0"; GlobalMemoryMb = 40441; MaxSupportedVersion = 13000 ]
	Memory = 33000
...
006 (13791414.514.000) 11/20 05:05:00 Image size of job updated: 268176
	262  -  MemoryUsage of job (MB)
	268176  -  ResidentSetSize of job (KB)
...
006 (13791414.514.000) 11/20 05:07:43 Image size of job updated: 1862692
	262  -  MemoryUsage of job (MB)
	268176  -  ResidentSetSize of job (KB)
...
040 (13791414.514.000) 11/20 05:07:43 Started transferring output files
...
040 (13791414.514.000) 11/20 05:07:43 Finished transferring output files
...
005 (13791414.514.000) 11/20 05:07:43 Job terminated.
	(1) Normal termination (return value 0)
		Usr 0 00:04:23, Sys 0 00:00:17  -  Run Remote Usage
		Usr 0 00:00:00, Sys 0 00:00:00  -  Run Local Usage
		Usr 0 00:04:23, Sys 0 00:00:17  -  Total Remote Usage
		Usr 0 00:00:00, Sys 0 00:00:00  -  Total Local Usage
	14761  -  Run Bytes Sent By Job
	1323  -  Run Bytes Received By Job
	14761  -  Total Bytes Sent By Job
	1323  -  Total Bytes Received By Job
	Partitionable Resources :    Usage  Request Allocated Assigned
	   Cpus                 :     1.50       11        11 
	   Disk (KB)            :    40     4194304   4195328 
	   GPUs                 :     0           1         1 "GPU-02690ba6"
	   GpusMemory (MB)      :   580                       
	   Memory (MB)          :   262       33000     33000 
	   TimeExecute (s)      :   176                       
	   TimeSlotBusy (s)     :   177                       

	Job terminated of its own accord at 2025-11-20T04:07:43Z with exit-code 0.
...
