Processing cat000287 with 6 scenarios...
Cat directory: /eos/project-e/ep-nu/evilla/sn-pointing/cat000287
======================================================================
EMCEE RECONSTRUCTION FOR cat000287
======================================================================

Loading PDF from: /eos/home-e/evilla/dune/sn-tps/neural_networks/electron_direction/three_plane_three_plane_v58_200k_lr_schedule_20251118_110931/cosine_energy_pdf.npz
PDF loaded

======================================================================
SCENARIO (EMCEE): BEST_CASE
======================================================================

Loaded 3510 matched main-track clusters across U, V, X planes
Selected 238 ES main tracks
After E > 3 MeV cut: 238 clusters
Running emcee: 64 walkers × 2000 steps...
Acceptance fraction: 14.2%
Mean direction: θ=-163.75°, φ=94.75°
Uncertainties: Δθ=20.64°, Δφ=10.48°
68% credible angle: 27.54°

Angular error: 9.80°

======================================================================
SCENARIO (EMCEE): PERFECT_CT
======================================================================

Loaded 3510 matched main-track clusters across U, V, X planes
Selected 238 ES main tracks
Loading ED model from: /eos/home-e/evilla/dune/sn-tps/neural_networks/electron_direction/three_plane_three_plane_v58_200k_lr_schedule_20251118_110931/checkpoints/model_epoch_12_val_loss_0.8898.keras
Running ED inference...
After energy cut: 238 clusters
Running emcee: 64 walkers × 2000 steps...
Acceptance fraction: 15.1%
Mean direction: θ=-169.70°, φ=93.47°
Uncertainties: Δθ=18.59°, Δφ=8.97°
68% credible angle: 26.46°

Angular error: 15.82°

======================================================================
SCENARIO (EMCEE): FULL_PIPELINE
======================================================================

Loaded 3510 matched main-track clusters across U, V, X planes
Using all 3510 main-track clusters
Loading CT model from: /eos/user/e/evilla/dune/sn-tps/neural_networks/channel_tagging/ct_volume_v52_batch_reload_20251116_101125/best_model.keras
Running CT inference...
CT selected 3160 ES candidates from 3510 clusters
  ES prob range: [0.000, 1.000]
Loading ED model from: /eos/home-e/evilla/dune/sn-tps/neural_networks/electron_direction/three_plane_three_plane_v58_200k_lr_schedule_20251118_110931/checkpoints/model_epoch_12_val_loss_0.8898.keras
Running ED inference on 3160 clusters...
After E > 3 MeV cut: 3144 clusters
Running emcee: 64 walkers × 2000 steps...
Acceptance fraction: 3.8%
Mean direction: θ=-148.77°, φ=98.88°
Uncertainties: Δθ=65.07°, Δφ=28.56°
68% credible angle: 71.85°

Angular error: 6.39°

======================================================================
SCENARIO (EMCEE): WEIGHTED_CT
======================================================================

Loaded 3510 matched main-track clusters across U, V, X planes
Using all 3510 main-track clusters
Loading CT model from: /eos/user/e/evilla/dune/sn-tps/neural_networks/channel_tagging/ct_volume_v52_batch_reload_20251116_101125/best_model.keras
Running CT inference...
CT selected 3160 ES candidates from 3510 clusters
  ES prob range: [0.000, 1.000]
Loading ED model from: /eos/home-e/evilla/dune/sn-tps/neural_networks/electron_direction/three_plane_three_plane_v58_200k_lr_schedule_20251118_110931/checkpoints/model_epoch_12_val_loss_0.8898.keras
Running ED inference on 3160 clusters...
Using CT weights (ES probabilities)
After E > 3 MeV cut: 3144 clusters
Running weighted MCMC with 3144 weights
Running emcee: 64 walkers × 2000 steps...
Acceptance fraction: 4.2%
Mean direction: θ=-169.64°, φ=95.34°
Uncertainties: Δθ=60.60°, Δφ=26.03°
68% credible angle: 54.91°

Angular error: 15.67°

======================================================================
SCENARIO (EMCEE): PERFECT_CT_E_GT_10MEV
======================================================================

Loaded 3510 matched main-track clusters across U, V, X planes
Selected 238 ES main tracks
Loading ED model from: /eos/home-e/evilla/dune/sn-tps/neural_networks/electron_direction/three_plane_three_plane_v58_200k_lr_schedule_20251118_110931/checkpoints/model_epoch_12_val_loss_0.8898.keras
Running ED inference...
Applying E > 10 MeV cut
After energy cut: 139 clusters
Running emcee: 64 walkers × 2000 steps...
Acceptance fraction: 14.8%
Mean direction: θ=-172.84°, φ=98.87°
Uncertainties: Δθ=20.90°, Δφ=7.38°
68% credible angle: 23.58°

Angular error: 19.17°

======================================================================
SCENARIO (EMCEE): PERFECT_CT_E_GT_20MEV
======================================================================

Loaded 3510 matched main-track clusters across U, V, X planes
Selected 238 ES main tracks
Loading ED model from: /eos/home-e/evilla/dune/sn-tps/neural_networks/electron_direction/three_plane_three_plane_v58_200k_lr_schedule_20251118_110931/checkpoints/model_epoch_12_val_loss_0.8898.keras
Running ED inference...
Applying E > 20 MeV cut
After energy cut: 31 clusters
Running emcee: 64 walkers × 2000 steps...
Acceptance fraction: 14.5%
Mean direction: θ=-172.29°, φ=92.68°
Uncertainties: Δθ=11.43°, Δφ=13.22°
68% credible angle: 18.70°

Angular error: 18.49°

✓ Saved: /eos/project-e/ep-nu/evilla/sn-pointing/cat000287/pipeline/cat000287_scenario_best_case_emcee.npz

✓ Saved: /eos/project-e/ep-nu/evilla/sn-pointing/cat000287/pipeline/cat000287_scenario_perfect_ct_emcee.npz

✓ Saved: /eos/project-e/ep-nu/evilla/sn-pointing/cat000287/pipeline/cat000287_scenario_full_pipeline_emcee.npz

✓ Saved: /eos/project-e/ep-nu/evilla/sn-pointing/cat000287/pipeline/cat000287_scenario_weighted_ct_emcee.npz

✓ Saved: /eos/project-e/ep-nu/evilla/sn-pointing/cat000287/pipeline/cat000287_scenario_perfect_ct_e_gt_10mev_emcee.npz

✓ Saved: /eos/project-e/ep-nu/evilla/sn-pointing/cat000287/pipeline/cat000287_scenario_perfect_ct_e_gt_20mev_emcee.npz
✓ cat000287 completed successfully
