==================================================================
Processing cat000500 with EMCEE - ALL SCENARIOS
==================================================================
======================================================================
EMCEE RECONSTRUCTION FOR cat000500
======================================================================

Loading PDF from: /eos/home-e/evilla/dune/sn-tps/neural_networks/electron_direction/three_plane_three_plane_v58_200k_lr_schedule_20251118_110931/cosine_energy_pdf.npz
PDF loaded

======================================================================
SCENARIO (EMCEE): PERFECT_CT
======================================================================

Loaded 3615 matched clusters across U, V, X planes
Selected clusters: 256
Running emcee: 64 walkers × 2000 steps...
Acceptance fraction: 15.9%
Mean direction: θ=-20.12°, φ=98.92°
Uncertainties: Δθ=17.00°, Δφ=16.65°
68% credible angle: 25.98°

Angular error: 19.67°

======================================================================
SCENARIO (EMCEE): ES_MAIN_CC_SHOWER
======================================================================

Loaded 3615 matched clusters across U, V, X planes
Selected clusters: 256
Running emcee: 64 walkers × 2000 steps...
Acceptance fraction: 13.7%
Mean direction: θ=-25.67°, φ=94.37°
Uncertainties: Δθ=18.02°, Δφ=16.41°
68% credible angle: 22.07°

Angular error: 14.44°

======================================================================
SCENARIO (EMCEE): ES_MAIN_CC_ALL
======================================================================

Loaded 3615 matched clusters across U, V, X planes
Selected clusters: 256
Running emcee: 64 walkers × 2000 steps...
Acceptance fraction: 14.3%
Mean direction: θ=-21.59°, φ=100.62°
Uncertainties: Δθ=16.32°, Δφ=17.54°
68% credible angle: 25.49°

Angular error: 18.42°

======================================================================
SCENARIO (EMCEE): ES_ALL_CC_SHOWER
======================================================================

Loaded 3615 matched clusters across U, V, X planes
Selected clusters: 256
Running emcee: 64 walkers × 2000 steps...
Acceptance fraction: 11.8%
Mean direction: θ=-29.13°, φ=94.20°
Uncertainties: Δθ=18.90°, Δφ=16.69°
68% credible angle: 25.43°

Angular error: 11.14°

======================================================================
SCENARIO (EMCEE): ES_ALL_CC_ALL
======================================================================

Loaded 3615 matched clusters across U, V, X planes
Selected clusters: 256
Running emcee: 64 walkers × 2000 steps...
Acceptance fraction: 17.9%
Mean direction: θ=-18.12°, φ=95.53°
Uncertainties: Δθ=15.85°, Δφ=15.51°
68% credible angle: 26.04°

Angular error: 21.71°

======================================================================
SCENARIO (EMCEE): ALL_TRACKS_ALL_SHOWERS
======================================================================

Loaded 3615 matched clusters across U, V, X planes
Selected clusters: 3615
Running emcee: 64 walkers × 2000 steps...
Acceptance fraction: 5.6%
Mean direction: θ=-71.88°, φ=101.52°
Uncertainties: Δθ=71.39°, Δφ=25.75°
68% credible angle: 58.64°

Angular error: 31.82°

✓ Saved: /eos/project-e/ep-nu/evilla/sn-pointing/cat000500/pipeline/cat000500_scenario_perfect_ct_emcee.npz

✓ Saved: /eos/project-e/ep-nu/evilla/sn-pointing/cat000500/pipeline/cat000500_scenario_es_main_cc_shower_emcee.npz

✓ Saved: /eos/project-e/ep-nu/evilla/sn-pointing/cat000500/pipeline/cat000500_scenario_es_main_cc_all_emcee.npz

✓ Saved: /eos/project-e/ep-nu/evilla/sn-pointing/cat000500/pipeline/cat000500_scenario_es_all_cc_shower_emcee.npz

✓ Saved: /eos/project-e/ep-nu/evilla/sn-pointing/cat000500/pipeline/cat000500_scenario_es_all_cc_all_emcee.npz

✓ Saved: /eos/project-e/ep-nu/evilla/sn-pointing/cat000500/pipeline/cat000500_scenario_all_tracks_all_showers_emcee.npz
✓ cat000500 completed successfully
