000 (13791414.533.000) 11/20 04:32:07 Job submitted from host: <188.184.90.62:9618?addrs=188.184.90.62-9618+[2001-1458-201-e4--100-238]-9618&alias=bigbird16.cern.ch&noUDP&sock=schedd_5196_9a2f>
...
040 (13791414.533.000) 11/20 05:06:04 Started transferring input files
	Transferring to host: <188.185.190.60:9618?addrs=188.185.190.60-9618+[2001-1458-d03-b--100-1cb]-9618&alias=b9pgpun202.cern.ch&noUDP&sock=slot1_1_252619_b03a_6362>
...
040 (13791414.533.000) 11/20 05:06:04 Finished transferring input files
...
001 (13791414.533.000) 11/20 05:06:05 Job executing on host: <188.185.190.60:9618?addrs=188.185.190.60-9618+[2001-1458-d03-b--100-1cb]-9618&alias=b9pgpun202.cern.ch&noUDP&sock=startd_232823_ca84>
	SlotName: slot1_1@b9pgpun202.cern.ch
	AvailableGPUs = { GPUs_MIG_9a439bfe_8271_5aa1_bdbf_13889e814797 }
	CondorScratchDir = "/pool/condor/dir_3656549"
	Cpus = 11
	Disk = 4195261
	GPUs = 1
	GPUs_MIG_9a439bfe_8271_5aa1_bdbf_13889e814797 = [ Id = "MIG-9a439bfe-8271-5aa1-bdbf-13889e814797"; DeviceName = "NVIDIA H100L-2-24C MIG 2g.24gb"; DeviceUuid = "MIG-9a439bfe-8271-5aa1-bdbf-13889e814797"; ComputeUnits = 32; GlobalMemoryMb = 21547 ]
	Memory = 33000
...
006 (13791414.533.000) 11/20 05:06:18 Image size of job updated: 313212
	306  -  MemoryUsage of job (MB)
	313212  -  ResidentSetSize of job (KB)
...
006 (13791414.533.000) 11/20 05:07:53 Image size of job updated: 1441136
	306  -  MemoryUsage of job (MB)
	313212  -  ResidentSetSize of job (KB)
...
040 (13791414.533.000) 11/20 05:07:54 Started transferring output files
...
040 (13791414.533.000) 11/20 05:07:54 Finished transferring output files
...
005 (13791414.533.000) 11/20 05:07:54 Job terminated.
	(1) Normal termination (return value 0)
		Usr 0 00:02:26, Sys 0 00:00:05  -  Run Remote Usage
		Usr 0 00:00:00, Sys 0 00:00:00  -  Run Local Usage
		Usr 0 00:02:26, Sys 0 00:00:05  -  Total Remote Usage
		Usr 0 00:00:00, Sys 0 00:00:00  -  Total Local Usage
	16905  -  Run Bytes Sent By Job
	1323  -  Run Bytes Received By Job
	16905  -  Total Bytes Sent By Job
	1323  -  Total Bytes Received By Job
	Partitionable Resources :    Usage  Request Allocated Assigned
	   Cpus                 :        0       11        11 
	   Disk (KB)            :       41  4194304   4195261 
	   GPUs                 :                 1         1 "MIG-9a439bfe-8271-5aa1-bdbf-13889e814797"
	   Memory (MB)          :      306    33000     33000 
	   TimeExecute (s)      :      108                    
	   TimeSlotBusy (s)     :      110                    

	Job terminated of its own accord at 2025-11-20T04:07:53Z with exit-code 0.
...
