Processing cat000002 with 6 scenarios...
Cat directory: /eos/project-e/ep-nu/evilla/sn-pointing/cat000002
======================================================================
EMCEE RECONSTRUCTION FOR cat000002
======================================================================

Loading PDF from: /eos/home-e/evilla/dune/sn-tps/neural_networks/electron_direction/three_plane_three_plane_v58_200k_lr_schedule_20251118_110931/cosine_energy_pdf.npz
PDF loaded

======================================================================
SCENARIO (EMCEE): BEST_CASE
======================================================================

Loaded 3887 matched main-track clusters across U, V, X planes
Selected 294 ES main tracks
After E > 3 MeV cut: 294 clusters
Running emcee: 64 walkers × 2000 steps...
Acceptance fraction: 5.4%
Mean direction: θ=-55.14°, φ=82.91°
Uncertainties: Δθ=41.42°, Δφ=19.87°
68% credible angle: 27.48°

Angular error: 3.21°

======================================================================
SCENARIO (EMCEE): PERFECT_CT
======================================================================

Loaded 3887 matched main-track clusters across U, V, X planes
Selected 294 ES main tracks
Loading ED model from: /eos/home-e/evilla/dune/sn-tps/neural_networks/electron_direction/three_plane_three_plane_v58_200k_lr_schedule_20251118_110931/checkpoints/model_epoch_12_val_loss_0.8898.keras
Running ED inference...
After energy cut: 294 clusters
Running emcee: 64 walkers × 2000 steps...
Acceptance fraction: 21.1%
Mean direction: θ=-53.31°, φ=78.11°
Uncertainties: Δθ=11.88°, Δφ=11.71°
68% credible angle: 9.70°

Angular error: 3.58°

======================================================================
SCENARIO (EMCEE): FULL_PIPELINE
======================================================================

Loaded 3887 matched main-track clusters across U, V, X planes
Using all 3887 main-track clusters
Loading CT model from: /eos/user/e/evilla/dune/sn-tps/neural_networks/charge_topology/best_model.keras

✗ full_pipeline failed: File not found: filepath=/eos/user/e/evilla/dune/sn-tps/neural_networks/charge_topology/best_model.keras. Please ensure the file is an accessible `.keras` zip file.

======================================================================
SCENARIO (EMCEE): WEIGHTED_CT
======================================================================

Loaded 3887 matched main-track clusters across U, V, X planes
Using all 3887 main-track clusters
Loading CT model from: /eos/user/e/evilla/dune/sn-tps/neural_networks/charge_topology/best_model.keras

✗ weighted_ct failed: File not found: filepath=/eos/user/e/evilla/dune/sn-tps/neural_networks/charge_topology/best_model.keras. Please ensure the file is an accessible `.keras` zip file.

======================================================================
SCENARIO (EMCEE): PERFECT_CT_E_GT_10MEV
======================================================================

Loaded 3887 matched main-track clusters across U, V, X planes
Selected 294 ES main tracks
Loading ED model from: /eos/home-e/evilla/dune/sn-tps/neural_networks/electron_direction/three_plane_three_plane_v58_200k_lr_schedule_20251118_110931/checkpoints/model_epoch_12_val_loss_0.8898.keras
Running ED inference...
Applying E > 10 MeV cut
After energy cut: 172 clusters
Running emcee: 64 walkers × 2000 steps...
Acceptance fraction: 15.3%
Mean direction: θ=-50.14°, φ=83.56°
Uncertainties: Δθ=47.73°, Δφ=16.12°
68% credible angle: 12.67°

Angular error: 7.18°

======================================================================
SCENARIO (EMCEE): PERFECT_CT_E_GT_20MEV
======================================================================

Loaded 3887 matched main-track clusters across U, V, X planes
Selected 294 ES main tracks
Loading ED model from: /eos/home-e/evilla/dune/sn-tps/neural_networks/electron_direction/three_plane_three_plane_v58_200k_lr_schedule_20251118_110931/checkpoints/model_epoch_12_val_loss_0.8898.keras
Running ED inference...
Applying E > 20 MeV cut
After energy cut: 41 clusters
Running emcee: 64 walkers × 2000 steps...
Acceptance fraction: 16.9%
Mean direction: θ=-53.04°, φ=88.48°
Uncertainties: Δθ=72.48°, Δφ=12.06°
68% credible angle: 30.33°

Angular error: 9.15°

✓ Saved: /eos/project-e/ep-nu/evilla/sn-pointing/cat000002/pipeline/cat000002_scenario_best_case_emcee.npz

✓ Saved: /eos/project-e/ep-nu/evilla/sn-pointing/cat000002/pipeline/cat000002_scenario_perfect_ct_emcee.npz

✓ Saved: /eos/project-e/ep-nu/evilla/sn-pointing/cat000002/pipeline/cat000002_scenario_perfect_ct_e_gt_10mev_emcee.npz

✓ Saved: /eos/project-e/ep-nu/evilla/sn-pointing/cat000002/pipeline/cat000002_scenario_perfect_ct_e_gt_20mev_emcee.npz
✓ cat000002 completed successfully
