Processing cat000591 with 6 scenarios...
Cat directory: /eos/project-e/ep-nu/evilla/sn-pointing/cat000591
======================================================================
EMCEE RECONSTRUCTION FOR cat000591
======================================================================

Loading PDF from: /eos/home-e/evilla/dune/sn-tps/neural_networks/electron_direction/three_plane_three_plane_v58_200k_lr_schedule_20251118_110931/cosine_energy_pdf.npz
PDF loaded

======================================================================
SCENARIO (EMCEE): BEST_CASE
======================================================================

Loaded 3701 matched main-track clusters across U, V, X planes
Selected 228 ES main tracks
After E > 3 MeV cut: 228 clusters
Running emcee: 64 walkers × 2000 steps...
Acceptance fraction: 6.3%
Mean direction: θ=169.77°, φ=85.04°
Uncertainties: Δθ=19.86°, Δφ=15.38°
68% credible angle: 26.01°

Angular error: 5.67°

======================================================================
SCENARIO (EMCEE): PERFECT_CT
======================================================================

Loaded 3701 matched main-track clusters across U, V, X planes
Selected 228 ES main tracks
Loading ED model from: /eos/home-e/evilla/dune/sn-tps/neural_networks/electron_direction/three_plane_three_plane_v58_200k_lr_schedule_20251118_110931/checkpoints/model_epoch_12_val_loss_0.8898.keras
Running ED inference...
After energy cut: 228 clusters
Running emcee: 64 walkers × 2000 steps...
Acceptance fraction: 8.2%
Mean direction: θ=179.81°, φ=82.26°
Uncertainties: Δθ=20.08°, Δφ=15.24°
68% credible angle: 30.77°

Angular error: 13.67°

======================================================================
SCENARIO (EMCEE): FULL_PIPELINE
======================================================================

Loaded 3701 matched main-track clusters across U, V, X planes
Using all 3701 main-track clusters
Loading CT model from: /eos/user/e/evilla/dune/sn-tps/neural_networks/channel_tagging/ct_volume_v52_batch_reload_20251116_101125/best_model.keras
Running CT inference...
CT selected 3351 ES candidates from 3701 clusters
  ES prob range: [0.000, 1.000]
Loading ED model from: /eos/home-e/evilla/dune/sn-tps/neural_networks/electron_direction/three_plane_three_plane_v58_200k_lr_schedule_20251118_110931/checkpoints/model_epoch_12_val_loss_0.8898.keras
Running ED inference on 3351 clusters...
After E > 3 MeV cut: 3335 clusters
Running emcee: 64 walkers × 2000 steps...
Acceptance fraction: 4.3%
Mean direction: θ=-150.00°, φ=105.31°
Uncertainties: Δθ=52.25°, Δφ=25.12°
68% credible angle: 58.70°

Angular error: 49.98°

======================================================================
SCENARIO (EMCEE): WEIGHTED_CT
======================================================================

Loaded 3701 matched main-track clusters across U, V, X planes
Using all 3701 main-track clusters
Loading CT model from: /eos/user/e/evilla/dune/sn-tps/neural_networks/channel_tagging/ct_volume_v52_batch_reload_20251116_101125/best_model.keras
Running CT inference...
CT selected 3351 ES candidates from 3701 clusters
  ES prob range: [0.000, 1.000]
Loading ED model from: /eos/home-e/evilla/dune/sn-tps/neural_networks/electron_direction/three_plane_three_plane_v58_200k_lr_schedule_20251118_110931/checkpoints/model_epoch_12_val_loss_0.8898.keras
Running ED inference on 3351 clusters...
Using CT weights (ES probabilities)
After E > 3 MeV cut: 3335 clusters
Running weighted MCMC with 3335 weights
Running emcee: 64 walkers × 2000 steps...
Acceptance fraction: 7.5%
Mean direction: θ=-160.07°, φ=102.56°
Uncertainties: Δθ=47.91°, Δφ=21.62°
68% credible angle: 52.30°

Angular error: 40.10°

======================================================================
SCENARIO (EMCEE): PERFECT_CT_E_GT_10MEV
======================================================================

Loaded 3701 matched main-track clusters across U, V, X planes
Selected 228 ES main tracks
Loading ED model from: /eos/home-e/evilla/dune/sn-tps/neural_networks/electron_direction/three_plane_three_plane_v58_200k_lr_schedule_20251118_110931/checkpoints/model_epoch_12_val_loss_0.8898.keras
Running ED inference...
Applying E > 10 MeV cut
After energy cut: 126 clusters
Running emcee: 64 walkers × 2000 steps...
Acceptance fraction: 12.6%
Mean direction: θ=-177.94°, φ=81.17°
Uncertainties: Δθ=16.32°, Δφ=13.30°
68% credible angle: 20.04°

Angular error: 15.80°

======================================================================
SCENARIO (EMCEE): PERFECT_CT_E_GT_20MEV
======================================================================

Loaded 3701 matched main-track clusters across U, V, X planes
Selected 228 ES main tracks
Loading ED model from: /eos/home-e/evilla/dune/sn-tps/neural_networks/electron_direction/three_plane_three_plane_v58_200k_lr_schedule_20251118_110931/checkpoints/model_epoch_12_val_loss_0.8898.keras
Running ED inference...
Applying E > 20 MeV cut
After energy cut: 31 clusters
Running emcee: 64 walkers × 2000 steps...
Acceptance fraction: 14.6%
Mean direction: θ=-175.79°, φ=82.90°
Uncertainties: Δθ=12.99°, Δφ=11.61°
68% credible angle: 17.00°

Angular error: 18.08°

✓ Saved: /eos/project-e/ep-nu/evilla/sn-pointing/cat000591/pipeline/cat000591_scenario_best_case_emcee.npz

✓ Saved: /eos/project-e/ep-nu/evilla/sn-pointing/cat000591/pipeline/cat000591_scenario_perfect_ct_emcee.npz

✓ Saved: /eos/project-e/ep-nu/evilla/sn-pointing/cat000591/pipeline/cat000591_scenario_full_pipeline_emcee.npz

✓ Saved: /eos/project-e/ep-nu/evilla/sn-pointing/cat000591/pipeline/cat000591_scenario_weighted_ct_emcee.npz

✓ Saved: /eos/project-e/ep-nu/evilla/sn-pointing/cat000591/pipeline/cat000591_scenario_perfect_ct_e_gt_10mev_emcee.npz

✓ Saved: /eos/project-e/ep-nu/evilla/sn-pointing/cat000591/pipeline/cat000591_scenario_perfect_ct_e_gt_20mev_emcee.npz
✓ cat000591 completed successfully
