000 (13791725.112.000) 11/20 10:34:58 Job submitted from host: <188.184.90.62:9618?addrs=188.184.90.62-9618+[2001-1458-201-e4--100-238]-9618&alias=bigbird16.cern.ch&noUDP&sock=schedd_5196_9a2f>
...
040 (13791725.112.000) 11/20 10:49:29 Started transferring input files
	Transferring to host: <188.185.93.215:9618?addrs=188.185.93.215-9618+[2001-1458-d00-6c--100-1a1]-9618&alias=b9g57n9256.cern.ch&noUDP&sock=slot1_1_4692_b038_9150>
...
040 (13791725.112.000) 11/20 10:49:29 Finished transferring input files
...
001 (13791725.112.000) 11/20 10:49:30 Job executing on host: <188.185.93.215:9618?addrs=188.185.93.215-9618+[2001-1458-d00-6c--100-1a1]-9618&alias=b9g57n9256.cern.ch&noUDP&sock=startd_4277_3ea6>
	SlotName: slot1_1@b9g57n9256.cern.ch
	AvailableGPUs = { GPUs_GPU_98abf9b0 }
	CondorScratchDir = "/pool/condor/dir_1468230"
	Cpus = 11
	Disk = 4195338
	GPUs = 1
	GPUs_GPU_98abf9b0 = [ Id = "GPU-98abf9b0"; ClockMhz = 1410.0; Capability = 8.0; CoresPerCU = 64; DeviceName = "NVIDIA A100-PCIE-40GB"; DeviceUuid = "98abf9b0-4cf0-2f3a-0389-7e0c059ea829"; ECCEnabled = true; ComputeUnits = 108; DriverVersion = 13.0; DevicePciBusId = "0000:06:00.0"; GlobalMemoryMb = 40441; MaxSupportedVersion = 13000 ]
	Memory = 33000
...
006 (13791725.112.000) 11/20 10:49:44 Image size of job updated: 309800
	303  -  MemoryUsage of job (MB)
	309800  -  ResidentSetSize of job (KB)
...
006 (13791725.112.000) 11/20 10:52:43 Image size of job updated: 2054172
	303  -  MemoryUsage of job (MB)
	309800  -  ResidentSetSize of job (KB)
...
040 (13791725.112.000) 11/20 10:52:43 Started transferring output files
...
040 (13791725.112.000) 11/20 10:52:43 Finished transferring output files
...
005 (13791725.112.000) 11/20 10:52:43 Job terminated.
	(1) Normal termination (return value 0)
		Usr 0 00:05:21, Sys 0 00:00:27  -  Run Remote Usage
		Usr 0 00:00:00, Sys 0 00:00:00  -  Run Local Usage
		Usr 0 00:05:21, Sys 0 00:00:27  -  Total Remote Usage
		Usr 0 00:00:00, Sys 0 00:00:00  -  Total Local Usage
	16755  -  Run Bytes Sent By Job
	1411571  -  Run Bytes Received By Job
	16755  -  Total Bytes Sent By Job
	1411571  -  Total Bytes Received By Job
	Partitionable Resources :    Usage  Request Allocated Assigned
	   Cpus                 :        0       11        11 
	   Disk (KB)            :     1419  4194304   4195338 
	   GPUs                 :                 1         1 "GPU-98abf9b0"
	   Memory (MB)          :      303    33000     33000 
	   TimeExecute (s)      :      193                    
	   TimeSlotBusy (s)     :      194                    

	Job terminated of its own accord at 2025-11-20T09:52:43Z with exit-code 0.
...
