000 (13791716.036.000) 11/20 10:18:20 Job submitted from host: <188.184.90.62:9618?addrs=188.184.90.62-9618+[2001-1458-201-e4--100-238]-9618&alias=bigbird16.cern.ch&noUDP&sock=schedd_5196_9a2f>
...
040 (13791716.036.000) 11/20 10:20:25 Started transferring input files
	Transferring to host: <188.184.195.32:9618?addrs=188.184.195.32-9618+[2001-1458-301-72--100-33d]-9618&alias=b9g47n6060.cern.ch&noUDP&sock=slot1_1_17796_a44d_9516>
...
040 (13791716.036.000) 11/20 10:20:25 Finished transferring input files
...
001 (13791716.036.000) 11/20 10:20:26 Job executing on host: <188.184.195.32:9618?addrs=188.184.195.32-9618+[2001-1458-301-72--100-33d]-9618&alias=b9g47n6060.cern.ch&noUDP&sock=startd_16735_6582>
	SlotName: slot1_1@b9g47n6060.cern.ch
	AvailableGPUs = { GPUs_GPU_10305a3e }
	CondorScratchDir = "/pool/condor/dir_2488467"
	Cpus = 11
	Disk = 4195328
	GPUs = 1
	GPUs_GPU_10305a3e = [ Id = "GPU-10305a3e"; ClockMhz = 1590.0; Capability = 7.5; CoresPerCU = 64; DeviceName = "Tesla T4"; DeviceUuid = "10305a3e-bed9-e887-2406-4eb9ceb8fe6b"; ECCEnabled = true; ComputeUnits = 40; DriverVersion = 13.0; DevicePciBusId = "0000:07:00.0"; GlobalMemoryMb = 14913; MaxSupportedVersion = 13000 ]
	Memory = 33000
...
006 (13791716.036.000) 11/20 10:20:40 Image size of job updated: 235884
	231  -  MemoryUsage of job (MB)
	235884  -  ResidentSetSize of job (KB)
...
006 (13791716.036.000) 11/20 10:23:03 Image size of job updated: 1240172
	231  -  MemoryUsage of job (MB)
	235884  -  ResidentSetSize of job (KB)
...
040 (13791716.036.000) 11/20 10:23:03 Started transferring output files
...
040 (13791716.036.000) 11/20 10:23:03 Finished transferring output files
...
005 (13791716.036.000) 11/20 10:23:03 Job terminated.
	(1) Normal termination (return value 0)
		Usr 0 00:02:08, Sys 0 00:00:07  -  Run Remote Usage
		Usr 0 00:00:00, Sys 0 00:00:00  -  Run Local Usage
		Usr 0 00:02:08, Sys 0 00:00:07  -  Total Remote Usage
		Usr 0 00:00:00, Sys 0 00:00:00  -  Total Local Usage
	17520  -  Run Bytes Sent By Job
	1410806  -  Run Bytes Received By Job
	17520  -  Total Bytes Sent By Job
	1410806  -  Total Bytes Received By Job
	Partitionable Resources :    Usage  Request Allocated Assigned
	   Cpus                 :     0.93       11        11 
	   Disk (KB)            :  1419     4194304   4195328 
	   GPUs                 :     0           1         1 "GPU-10305a3e"
	   GpusMemory (MB)      :   501                       
	   Memory (MB)          :   231       33000     33000 
	   TimeExecute (s)      :   157                       
	   TimeSlotBusy (s)     :   158                       

	Job terminated of its own accord at 2025-11-20T09:23:03Z with exit-code 0.
...
