Processing cat000346 with 6 scenarios...
Cat directory: /eos/project-e/ep-nu/evilla/sn-pointing/cat000346
======================================================================
EMCEE RECONSTRUCTION FOR cat000346
======================================================================

Loading PDF from: /eos/home-e/evilla/dune/sn-tps/neural_networks/electron_direction/three_plane_three_plane_v58_200k_lr_schedule_20251118_110931/cosine_energy_pdf.npz
PDF loaded

======================================================================
SCENARIO (EMCEE): BEST_CASE
======================================================================

Loaded 3494 matched main-track clusters across U, V, X planes
Selected 260 ES main tracks
After E > 3 MeV cut: 260 clusters
Running emcee: 64 walkers × 2000 steps...
Acceptance fraction: 10.1%
Mean direction: θ=-27.91°, φ=38.26°
Uncertainties: Δθ=36.86°, Δφ=15.23°
68% credible angle: 26.32°

Angular error: 9.25°

======================================================================
SCENARIO (EMCEE): PERFECT_CT
======================================================================

Loaded 3494 matched main-track clusters across U, V, X planes
Selected 260 ES main tracks
Loading ED model from: /eos/home-e/evilla/dune/sn-tps/neural_networks/electron_direction/three_plane_three_plane_v58_200k_lr_schedule_20251118_110931/checkpoints/model_epoch_12_val_loss_0.8898.keras
Running ED inference...
After energy cut: 260 clusters
Running emcee: 64 walkers × 2000 steps...
Acceptance fraction: 10.8%
Mean direction: θ=-24.09°, φ=36.05°
Uncertainties: Δθ=47.06°, Δφ=11.34°
68% credible angle: 24.75°

Angular error: 9.57°

======================================================================
SCENARIO (EMCEE): FULL_PIPELINE
======================================================================

Loaded 3494 matched main-track clusters across U, V, X planes
Using all 3494 main-track clusters
Loading CT model from: /eos/user/e/evilla/dune/sn-tps/neural_networks/channel_tagging/ct_volume_v52_batch_reload_20251116_101125/best_model.keras
Running CT inference...
CT selected 3176 ES candidates from 3494 clusters
  ES prob range: [0.000, 1.000]
Loading ED model from: /eos/home-e/evilla/dune/sn-tps/neural_networks/electron_direction/three_plane_three_plane_v58_200k_lr_schedule_20251118_110931/checkpoints/model_epoch_12_val_loss_0.8898.keras
Running ED inference on 3176 clusters...
After E > 3 MeV cut: 3159 clusters
Running emcee: 64 walkers × 2000 steps...
Acceptance fraction: 5.9%
Mean direction: θ=-23.10°, φ=67.46°
Uncertainties: Δθ=99.85°, Δφ=34.51°
68% credible angle: 60.70°

Angular error: 37.56°

======================================================================
SCENARIO (EMCEE): WEIGHTED_CT
======================================================================

Loaded 3494 matched main-track clusters across U, V, X planes
Using all 3494 main-track clusters
Loading CT model from: /eos/user/e/evilla/dune/sn-tps/neural_networks/channel_tagging/ct_volume_v52_batch_reload_20251116_101125/best_model.keras
Running CT inference...
CT selected 3176 ES candidates from 3494 clusters
  ES prob range: [0.000, 1.000]
Loading ED model from: /eos/home-e/evilla/dune/sn-tps/neural_networks/electron_direction/three_plane_three_plane_v58_200k_lr_schedule_20251118_110931/checkpoints/model_epoch_12_val_loss_0.8898.keras
Running ED inference on 3176 clusters...
Using CT weights (ES probabilities)
After E > 3 MeV cut: 3159 clusters
Running weighted MCMC with 3159 weights
Running emcee: 64 walkers × 2000 steps...
Acceptance fraction: 3.5%
Mean direction: θ=-78.69°, φ=74.51°
Uncertainties: Δθ=95.34°, Δφ=31.85°
68% credible angle: 97.74°

Angular error: 51.64°

======================================================================
SCENARIO (EMCEE): PERFECT_CT_E_GT_10MEV
======================================================================

Loaded 3494 matched main-track clusters across U, V, X planes
Selected 260 ES main tracks
Loading ED model from: /eos/home-e/evilla/dune/sn-tps/neural_networks/electron_direction/three_plane_three_plane_v58_200k_lr_schedule_20251118_110931/checkpoints/model_epoch_12_val_loss_0.8898.keras
Running ED inference...
Applying E > 10 MeV cut
After energy cut: 137 clusters
Running emcee: 64 walkers × 2000 steps...
Acceptance fraction: 19.3%
Mean direction: θ=-13.47°, φ=38.52°
Uncertainties: Δθ=52.51°, Δφ=15.93°
68% credible angle: 29.67°

Angular error: 16.30°

======================================================================
SCENARIO (EMCEE): PERFECT_CT_E_GT_20MEV
======================================================================

Loaded 3494 matched main-track clusters across U, V, X planes
Selected 260 ES main tracks
Loading ED model from: /eos/home-e/evilla/dune/sn-tps/neural_networks/electron_direction/three_plane_three_plane_v58_200k_lr_schedule_20251118_110931/checkpoints/model_epoch_12_val_loss_0.8898.keras
Running ED inference...
Applying E > 20 MeV cut
After energy cut: 24 clusters
Running emcee: 64 walkers × 2000 steps...
Acceptance fraction: 14.5%
Mean direction: θ=-29.48°, φ=53.98°
Uncertainties: Δθ=60.95°, Δφ=49.19°
68% credible angle: 36.41°

Angular error: 23.15°

✓ Saved: /eos/project-e/ep-nu/evilla/sn-pointing/cat000346/pipeline/cat000346_scenario_best_case_emcee.npz

✓ Saved: /eos/project-e/ep-nu/evilla/sn-pointing/cat000346/pipeline/cat000346_scenario_perfect_ct_emcee.npz

✓ Saved: /eos/project-e/ep-nu/evilla/sn-pointing/cat000346/pipeline/cat000346_scenario_full_pipeline_emcee.npz

✓ Saved: /eos/project-e/ep-nu/evilla/sn-pointing/cat000346/pipeline/cat000346_scenario_weighted_ct_emcee.npz

✓ Saved: /eos/project-e/ep-nu/evilla/sn-pointing/cat000346/pipeline/cat000346_scenario_perfect_ct_e_gt_10mev_emcee.npz

✓ Saved: /eos/project-e/ep-nu/evilla/sn-pointing/cat000346/pipeline/cat000346_scenario_perfect_ct_e_gt_20mev_emcee.npz
✓ cat000346 completed successfully
