Processing cat000062 with 6 scenarios...
Cat directory: /eos/project-e/ep-nu/evilla/sn-pointing/cat000062
======================================================================
EMCEE RECONSTRUCTION FOR cat000062
======================================================================

Loading PDF from: /eos/home-e/evilla/dune/sn-tps/neural_networks/electron_direction/three_plane_three_plane_v58_200k_lr_schedule_20251118_110931/cosine_energy_pdf.npz
PDF loaded

======================================================================
SCENARIO (EMCEE): BEST_CASE
======================================================================

Loaded 3873 matched main-track clusters across U, V, X planes
Selected 284 ES main tracks
After E > 3 MeV cut: 284 clusters
Running emcee: 64 walkers × 2000 steps...
Acceptance fraction: 5.6%
Mean direction: θ=160.59°, φ=34.93°
Uncertainties: Δθ=39.58°, Δφ=19.50°
68% credible angle: 25.83°

Angular error: 5.65°

======================================================================
SCENARIO (EMCEE): PERFECT_CT
======================================================================

Loaded 3873 matched main-track clusters across U, V, X planes
Selected 284 ES main tracks
Loading ED model from: /eos/home-e/evilla/dune/sn-tps/neural_networks/electron_direction/three_plane_three_plane_v58_200k_lr_schedule_20251118_110931/checkpoints/model_epoch_12_val_loss_0.8898.keras
Running ED inference...
After energy cut: 284 clusters
Running emcee: 64 walkers × 2000 steps...
Acceptance fraction: 9.0%
Mean direction: θ=-179.61°, φ=43.13°
Uncertainties: Δθ=41.05°, Δφ=12.13°
68% credible angle: 32.31°

Angular error: 16.43°

======================================================================
SCENARIO (EMCEE): FULL_PIPELINE
======================================================================

Loaded 3873 matched main-track clusters across U, V, X planes
Using all 3873 main-track clusters
Loading CT model from: /eos/user/e/evilla/dune/sn-tps/neural_networks/channel_tagging/ct_volume_v52_batch_reload_20251116_101125/best_model.keras
Running CT inference...
CT selected 3488 ES candidates from 3873 clusters
  ES prob range: [0.000, 1.000]
Loading ED model from: /eos/home-e/evilla/dune/sn-tps/neural_networks/electron_direction/three_plane_three_plane_v58_200k_lr_schedule_20251118_110931/checkpoints/model_epoch_12_val_loss_0.8898.keras
Running ED inference on 3488 clusters...
After E > 3 MeV cut: 3467 clusters
Running emcee: 64 walkers × 2000 steps...
Acceptance fraction: 3.8%
Mean direction: θ=-174.82°, φ=82.97°
Uncertainties: Δθ=62.30°, Δφ=39.17°
68% credible angle: 65.80°

Angular error: 55.60°

======================================================================
SCENARIO (EMCEE): WEIGHTED_CT
======================================================================

Loaded 3873 matched main-track clusters across U, V, X planes
Using all 3873 main-track clusters
Loading CT model from: /eos/user/e/evilla/dune/sn-tps/neural_networks/channel_tagging/ct_volume_v52_batch_reload_20251116_101125/best_model.keras
Running CT inference...
CT selected 3488 ES candidates from 3873 clusters
  ES prob range: [0.000, 1.000]
Loading ED model from: /eos/home-e/evilla/dune/sn-tps/neural_networks/electron_direction/three_plane_three_plane_v58_200k_lr_schedule_20251118_110931/checkpoints/model_epoch_12_val_loss_0.8898.keras
Running ED inference on 3488 clusters...
Using CT weights (ES probabilities)
After E > 3 MeV cut: 3467 clusters
Running weighted MCMC with 3467 weights
Running emcee: 64 walkers × 2000 steps...
Acceptance fraction: 4.8%
Mean direction: θ=-177.90°, φ=84.89°
Uncertainties: Δθ=61.99°, Δφ=40.61°
68% credible angle: 70.70°

Angular error: 56.88°

======================================================================
SCENARIO (EMCEE): PERFECT_CT_E_GT_10MEV
======================================================================

Loaded 3873 matched main-track clusters across U, V, X planes
Selected 284 ES main tracks
Loading ED model from: /eos/home-e/evilla/dune/sn-tps/neural_networks/electron_direction/three_plane_three_plane_v58_200k_lr_schedule_20251118_110931/checkpoints/model_epoch_12_val_loss_0.8898.keras
Running ED inference...
Applying E > 10 MeV cut
After energy cut: 151 clusters
Running emcee: 64 walkers × 2000 steps...
Acceptance fraction: 7.9%
Mean direction: θ=170.87°, φ=56.05°
Uncertainties: Δθ=67.81°, Δφ=44.39°
68% credible angle: 49.09°

Angular error: 26.76°

======================================================================
SCENARIO (EMCEE): PERFECT_CT_E_GT_20MEV
======================================================================

Loaded 3873 matched main-track clusters across U, V, X planes
Selected 284 ES main tracks
Loading ED model from: /eos/home-e/evilla/dune/sn-tps/neural_networks/electron_direction/three_plane_three_plane_v58_200k_lr_schedule_20251118_110931/checkpoints/model_epoch_12_val_loss_0.8898.keras
Running ED inference...
Applying E > 20 MeV cut
After energy cut: 32 clusters
Running emcee: 64 walkers × 2000 steps...
Acceptance fraction: 12.5%
Mean direction: θ=152.91°, φ=73.15°
Uncertainties: Δθ=105.45°, Δφ=59.65°
68% credible angle: 120.83°

Angular error: 44.29°

✓ Saved: /eos/project-e/ep-nu/evilla/sn-pointing/cat000062/pipeline/cat000062_scenario_best_case_emcee.npz

✓ Saved: /eos/project-e/ep-nu/evilla/sn-pointing/cat000062/pipeline/cat000062_scenario_perfect_ct_emcee.npz

✓ Saved: /eos/project-e/ep-nu/evilla/sn-pointing/cat000062/pipeline/cat000062_scenario_full_pipeline_emcee.npz

✓ Saved: /eos/project-e/ep-nu/evilla/sn-pointing/cat000062/pipeline/cat000062_scenario_weighted_ct_emcee.npz

✓ Saved: /eos/project-e/ep-nu/evilla/sn-pointing/cat000062/pipeline/cat000062_scenario_perfect_ct_e_gt_10mev_emcee.npz

✓ Saved: /eos/project-e/ep-nu/evilla/sn-pointing/cat000062/pipeline/cat000062_scenario_perfect_ct_e_gt_20mev_emcee.npz
✓ cat000062 completed successfully
