==================================================================
Processing cat000559 with EMCEE - ALL SCENARIOS
==================================================================
======================================================================
EMCEE RECONSTRUCTION FOR cat000559
======================================================================

Loading PDF from: /eos/home-e/evilla/dune/sn-tps/neural_networks/electron_direction/three_plane_three_plane_v58_200k_lr_schedule_20251118_110931/cosine_energy_pdf.npz
PDF loaded

======================================================================
SCENARIO (EMCEE): PERFECT_CT
======================================================================

Loaded 3248 matched clusters across U, V, X planes
Selected clusters: 281
Running emcee: 64 walkers × 2000 steps...
Acceptance fraction: 12.2%
Mean direction: θ=132.82°, φ=75.81°
Uncertainties: Δθ=58.63°, Δφ=16.71°
68% credible angle: 59.09°

Angular error: 26.15°

======================================================================
SCENARIO (EMCEE): ES_MAIN_CC_SHOWER
======================================================================

Loaded 3248 matched clusters across U, V, X planes
Selected clusters: 281
Running emcee: 64 walkers × 2000 steps...
Acceptance fraction: 9.2%
Mean direction: θ=142.59°, φ=67.00°
Uncertainties: Δθ=62.19°, Δφ=16.59°
68% credible angle: 48.11°

Angular error: 34.02°

======================================================================
SCENARIO (EMCEE): ES_MAIN_CC_ALL
======================================================================

Loaded 3248 matched clusters across U, V, X planes
Selected clusters: 281
Running emcee: 64 walkers × 2000 steps...
Acceptance fraction: 12.2%
Mean direction: θ=136.01°, φ=77.48°
Uncertainties: Δθ=61.85°, Δφ=14.99°
68% credible angle: 58.10°

Angular error: 29.61°

======================================================================
SCENARIO (EMCEE): ES_ALL_CC_SHOWER
======================================================================

Loaded 3248 matched clusters across U, V, X planes
Selected clusters: 281
Running emcee: 64 walkers × 2000 steps...
Acceptance fraction: 8.0%
Mean direction: θ=135.49°, φ=72.87°
Uncertainties: Δθ=59.09°, Δφ=19.62°
68% credible angle: 56.69°

Angular error: 27.98°

======================================================================
SCENARIO (EMCEE): ES_ALL_CC_ALL
======================================================================

Loaded 3248 matched clusters across U, V, X planes
Selected clusters: 281
Running emcee: 64 walkers × 2000 steps...
Acceptance fraction: 9.3%
Mean direction: θ=135.18°, φ=71.91°
Uncertainties: Δθ=57.69°, Δφ=18.45°
68% credible angle: 56.24°

Angular error: 27.53°

======================================================================
SCENARIO (EMCEE): ALL_TRACKS_ALL_SHOWERS
======================================================================

Loaded 3248 matched clusters across U, V, X planes
Selected clusters: 3248
Running emcee: 64 walkers × 2000 steps...
Acceptance fraction: 3.0%
Mean direction: θ=177.11°, φ=86.15°
Uncertainties: Δθ=56.30°, Δφ=25.41°
68% credible angle: 59.23°

Angular error: 70.85°

✓ Saved: /eos/project-e/ep-nu/evilla/sn-pointing/cat000559/pipeline/cat000559_scenario_perfect_ct_emcee.npz

✓ Saved: /eos/project-e/ep-nu/evilla/sn-pointing/cat000559/pipeline/cat000559_scenario_es_main_cc_shower_emcee.npz

✓ Saved: /eos/project-e/ep-nu/evilla/sn-pointing/cat000559/pipeline/cat000559_scenario_es_main_cc_all_emcee.npz

✓ Saved: /eos/project-e/ep-nu/evilla/sn-pointing/cat000559/pipeline/cat000559_scenario_es_all_cc_shower_emcee.npz

✓ Saved: /eos/project-e/ep-nu/evilla/sn-pointing/cat000559/pipeline/cat000559_scenario_es_all_cc_all_emcee.npz

✓ Saved: /eos/project-e/ep-nu/evilla/sn-pointing/cat000559/pipeline/cat000559_scenario_all_tracks_all_showers_emcee.npz
✓ cat000559 completed successfully
