Processing cat000429 with 6 scenarios...
Cat directory: /eos/project-e/ep-nu/evilla/sn-pointing/cat000429
======================================================================
EMCEE RECONSTRUCTION FOR cat000429
======================================================================

Loading PDF from: /eos/home-e/evilla/dune/sn-tps/neural_networks/electron_direction/three_plane_three_plane_v58_200k_lr_schedule_20251118_110931/cosine_energy_pdf.npz
PDF loaded

======================================================================
SCENARIO (EMCEE): BEST_CASE
======================================================================

Loaded 3632 matched main-track clusters across U, V, X planes
Selected 268 ES main tracks
After E > 3 MeV cut: 268 clusters
Running emcee: 64 walkers × 2000 steps...
Acceptance fraction: 13.9%
Mean direction: θ=-8.82°, φ=132.19°
Uncertainties: Δθ=28.91°, Δφ=14.53°
68% credible angle: 28.56°

Angular error: 13.25°

======================================================================
SCENARIO (EMCEE): PERFECT_CT
======================================================================

Loaded 3632 matched main-track clusters across U, V, X planes
Selected 268 ES main tracks
Loading ED model from: /eos/home-e/evilla/dune/sn-tps/neural_networks/electron_direction/three_plane_three_plane_v58_200k_lr_schedule_20251118_110931/checkpoints/model_epoch_12_val_loss_0.8898.keras
Running ED inference...
After energy cut: 268 clusters
Running emcee: 64 walkers × 2000 steps...
Acceptance fraction: 9.5%
Mean direction: θ=-2.33°, φ=140.41°
Uncertainties: Δθ=25.17°, Δφ=14.07°
68% credible angle: 21.56°

Angular error: 5.78°

======================================================================
SCENARIO (EMCEE): FULL_PIPELINE
======================================================================

Loaded 3632 matched main-track clusters across U, V, X planes
Using all 3632 main-track clusters
Loading CT model from: /eos/user/e/evilla/dune/sn-tps/neural_networks/channel_tagging/ct_volume_v52_batch_reload_20251116_101125/best_model.keras
Running CT inference...
CT selected 3291 ES candidates from 3632 clusters
  ES prob range: [0.000, 1.000]
Loading ED model from: /eos/home-e/evilla/dune/sn-tps/neural_networks/electron_direction/three_plane_three_plane_v58_200k_lr_schedule_20251118_110931/checkpoints/model_epoch_12_val_loss_0.8898.keras
Running ED inference on 3291 clusters...
After E > 3 MeV cut: 3270 clusters
Running emcee: 64 walkers × 2000 steps...
Acceptance fraction: 5.0%
Mean direction: θ=-144.95°, φ=114.92°
Uncertainties: Δθ=84.15°, Δφ=38.49°
68% credible angle: 63.67°

Angular error: 91.99°

======================================================================
SCENARIO (EMCEE): WEIGHTED_CT
======================================================================

Loaded 3632 matched main-track clusters across U, V, X planes
Using all 3632 main-track clusters
Loading CT model from: /eos/user/e/evilla/dune/sn-tps/neural_networks/channel_tagging/ct_volume_v52_batch_reload_20251116_101125/best_model.keras
Running CT inference...
CT selected 3291 ES candidates from 3632 clusters
  ES prob range: [0.000, 1.000]
Loading ED model from: /eos/home-e/evilla/dune/sn-tps/neural_networks/electron_direction/three_plane_three_plane_v58_200k_lr_schedule_20251118_110931/checkpoints/model_epoch_12_val_loss_0.8898.keras
Running ED inference on 3291 clusters...
Using CT weights (ES probabilities)
After E > 3 MeV cut: 3270 clusters
Running weighted MCMC with 3270 weights
Running emcee: 64 walkers × 2000 steps...
Acceptance fraction: 4.4%
Mean direction: θ=-138.44°, φ=117.19°
Uncertainties: Δθ=85.71°, Δφ=34.84°
68% credible angle: 64.91°

Angular error: 87.54°

======================================================================
SCENARIO (EMCEE): PERFECT_CT_E_GT_10MEV
======================================================================

Loaded 3632 matched main-track clusters across U, V, X planes
Selected 268 ES main tracks
Loading ED model from: /eos/home-e/evilla/dune/sn-tps/neural_networks/electron_direction/three_plane_three_plane_v58_200k_lr_schedule_20251118_110931/checkpoints/model_epoch_12_val_loss_0.8898.keras
Running ED inference...
Applying E > 10 MeV cut
After energy cut: 151 clusters
Running emcee: 64 walkers × 2000 steps...
Acceptance fraction: 12.1%
Mean direction: θ=-12.18°, φ=139.09°
Uncertainties: Δθ=24.10°, Δφ=19.73°
68% credible angle: 27.62°

Angular error: 7.02°

======================================================================
SCENARIO (EMCEE): PERFECT_CT_E_GT_20MEV
======================================================================

Loaded 3632 matched main-track clusters across U, V, X planes
Selected 268 ES main tracks
Loading ED model from: /eos/home-e/evilla/dune/sn-tps/neural_networks/electron_direction/three_plane_three_plane_v58_200k_lr_schedule_20251118_110931/checkpoints/model_epoch_12_val_loss_0.8898.keras
Running ED inference...
Applying E > 20 MeV cut
After energy cut: 43 clusters
Running emcee: 64 walkers × 2000 steps...
Acceptance fraction: 25.7%
Mean direction: θ=2.16°, φ=121.33°
Uncertainties: Δθ=49.81°, Δφ=39.82°
68% credible angle: 20.77°

Angular error: 24.96°

✓ Saved: /eos/project-e/ep-nu/evilla/sn-pointing/cat000429/pipeline/cat000429_scenario_best_case_emcee.npz

✓ Saved: /eos/project-e/ep-nu/evilla/sn-pointing/cat000429/pipeline/cat000429_scenario_perfect_ct_emcee.npz

✓ Saved: /eos/project-e/ep-nu/evilla/sn-pointing/cat000429/pipeline/cat000429_scenario_full_pipeline_emcee.npz

✓ Saved: /eos/project-e/ep-nu/evilla/sn-pointing/cat000429/pipeline/cat000429_scenario_weighted_ct_emcee.npz

✓ Saved: /eos/project-e/ep-nu/evilla/sn-pointing/cat000429/pipeline/cat000429_scenario_perfect_ct_e_gt_10mev_emcee.npz

✓ Saved: /eos/project-e/ep-nu/evilla/sn-pointing/cat000429/pipeline/cat000429_scenario_perfect_ct_e_gt_20mev_emcee.npz
✓ cat000429 completed successfully
