000 (6420432.024.000) 11/20 17:10:12 Job submitted from host: <188.185.125.71:9618?addrs=188.185.125.71-9618+[2001-1458-d00-4a--100-15e]-9618&alias=bigbird28.cern.ch&noUDP&sock=schedd_2239_58a3>
...
040 (6420432.024.000) 11/20 17:59:57 Started transferring input files
	Transferring to host: <188.185.93.15:9618?addrs=188.185.93.15-9618+[2001-1458-d00-6c--100-19a]-9618&alias=b9g57n1708.cern.ch&noUDP&sock=slot1_1_5388_1554_9965>
...
040 (6420432.024.000) 11/20 17:59:57 Finished transferring input files
...
001 (6420432.024.000) 11/20 17:59:58 Job executing on host: <188.185.93.15:9618?addrs=188.185.93.15-9618+[2001-1458-d00-6c--100-19a]-9618&alias=b9g57n1708.cern.ch&noUDP&sock=startd_5344_1e34>
	SlotName: slot1_1@b9g57n1708.cern.ch
	AvailableGPUs = { GPUs_GPU_02690ba6 }
	CondorScratchDir = "/pool/condor/dir_1890510"
	Cpus = 11
	Disk = 8389597
	GPUs = 1
	GPUs_GPU_02690ba6 = [ Id = "GPU-02690ba6"; ClockMhz = 1410.0; Capability = 8.0; CoresPerCU = 64; DeviceName = "NVIDIA A100-PCIE-40GB"; DeviceUuid = "02690ba6-da8f-b9f3-f5f5-ed6909a5a343"; ECCEnabled = true; ComputeUnits = 108; DriverVersion = 13.0; DevicePciBusId = "0000:06:00.0"; GlobalMemoryMb = 40441; MaxSupportedVersion = 13000 ]
	Memory = 33000
...
006 (6420432.024.000) 11/20 18:00:11 Image size of job updated: 319300
	312  -  MemoryUsage of job (MB)
	319300  -  ResidentSetSize of job (KB)
...
006 (6420432.024.000) 11/20 18:05:11 Image size of job updated: 2125892
	1991  -  MemoryUsage of job (MB)
	2038176  -  ResidentSetSize of job (KB)
...
006 (6420432.024.000) 11/20 18:09:04 Image size of job updated: 2181224
	1991  -  MemoryUsage of job (MB)
	2038176  -  ResidentSetSize of job (KB)
...
040 (6420432.024.000) 11/20 18:09:04 Started transferring output files
...
040 (6420432.024.000) 11/20 18:09:04 Finished transferring output files
...
005 (6420432.024.000) 11/20 18:09:04 Job terminated.
	(1) Normal termination (return value 0)
		Usr 0 00:16:43, Sys 0 00:01:10  -  Run Remote Usage
		Usr 0 00:00:00, Sys 0 00:00:00  -  Run Local Usage
		Usr 0 00:16:43, Sys 0 00:01:10  -  Total Remote Usage
		Usr 0 00:00:00, Sys 0 00:00:00  -  Total Local Usage
	31372  -  Run Bytes Sent By Job
	1412394  -  Run Bytes Received By Job
	31372  -  Total Bytes Sent By Job
	1412394  -  Total Bytes Received By Job
	Partitionable Resources :    Usage  Request Allocated Assigned
	   Cpus                 :     0.39       11        11 
	   Disk (KB)            :  1436     8388608   8389597 
	   GPUs                 :     0           1         1 "GPU-02690ba6"
	   GpusMemory (MB)      :   580                       
	   Memory (MB)          :  1991       33000     33000 
	   TimeExecute (s)      :   546                       
	   TimeSlotBusy (s)     :   547                       

	Job terminated of its own accord at 2025-11-20T17:09:04Z with exit-code 0.
...
