Processing cat000497 with 6 scenarios...
Cat directory: /eos/project-e/ep-nu/evilla/sn-pointing/cat000497
======================================================================
EMCEE RECONSTRUCTION FOR cat000497
======================================================================

Loading PDF from: /eos/home-e/evilla/dune/sn-tps/neural_networks/electron_direction/three_plane_three_plane_v58_200k_lr_schedule_20251118_110931/cosine_energy_pdf.npz
PDF loaded

======================================================================
SCENARIO (EMCEE): BEST_CASE
======================================================================

Loaded 3650 matched main-track clusters across U, V, X planes
Selected 247 ES main tracks
After E > 3 MeV cut: 247 clusters
Running emcee: 64 walkers × 2000 steps...
Acceptance fraction: 7.1%
Mean direction: θ=-6.31°, φ=86.16°
Uncertainties: Δθ=22.17°, Δφ=16.58°
68% credible angle: 26.51°

Angular error: 7.63°

======================================================================
SCENARIO (EMCEE): PERFECT_CT
======================================================================

Loaded 3650 matched main-track clusters across U, V, X planes
Selected 247 ES main tracks
Loading ED model from: /eos/home-e/evilla/dune/sn-tps/neural_networks/electron_direction/three_plane_three_plane_v58_200k_lr_schedule_20251118_110931/checkpoints/model_epoch_12_val_loss_0.8898.keras
Running ED inference...
After energy cut: 247 clusters
Running emcee: 64 walkers × 2000 steps...
Acceptance fraction: 17.1%
Mean direction: θ=4.06°, φ=79.97°
Uncertainties: Δθ=23.69°, Δφ=15.06°
68% credible angle: 27.06°

Angular error: 9.75°

======================================================================
SCENARIO (EMCEE): FULL_PIPELINE
======================================================================

Loaded 3650 matched main-track clusters across U, V, X planes
Using all 3650 main-track clusters
Loading CT model from: /eos/user/e/evilla/dune/sn-tps/neural_networks/channel_tagging/ct_volume_v52_batch_reload_20251116_101125/best_model.keras
Running CT inference...
CT selected 3321 ES candidates from 3650 clusters
  ES prob range: [0.000, 1.000]
Loading ED model from: /eos/home-e/evilla/dune/sn-tps/neural_networks/electron_direction/three_plane_three_plane_v58_200k_lr_schedule_20251118_110931/checkpoints/model_epoch_12_val_loss_0.8898.keras
Running ED inference on 3321 clusters...
After E > 3 MeV cut: 3297 clusters
Running emcee: 64 walkers × 2000 steps...
Acceptance fraction: 7.6%
Mean direction: θ=-54.63°, φ=82.71°
Uncertainties: Δθ=70.88°, Δφ=27.55°
68% credible angle: 66.21°

Angular error: 48.34°

======================================================================
SCENARIO (EMCEE): WEIGHTED_CT
======================================================================

Loaded 3650 matched main-track clusters across U, V, X planes
Using all 3650 main-track clusters
Loading CT model from: /eos/user/e/evilla/dune/sn-tps/neural_networks/channel_tagging/ct_volume_v52_batch_reload_20251116_101125/best_model.keras
Running CT inference...
CT selected 3321 ES candidates from 3650 clusters
  ES prob range: [0.000, 1.000]
Loading ED model from: /eos/home-e/evilla/dune/sn-tps/neural_networks/electron_direction/three_plane_three_plane_v58_200k_lr_schedule_20251118_110931/checkpoints/model_epoch_12_val_loss_0.8898.keras
Running ED inference on 3321 clusters...
Using CT weights (ES probabilities)
After E > 3 MeV cut: 3297 clusters
Running weighted MCMC with 3297 weights
Running emcee: 64 walkers × 2000 steps...
Acceptance fraction: 9.7%
Mean direction: θ=-55.62°, φ=76.10°
Uncertainties: Δθ=59.65°, Δφ=25.33°
68% credible angle: 21.38°

Angular error: 48.62°

======================================================================
SCENARIO (EMCEE): PERFECT_CT_E_GT_10MEV
======================================================================

Loaded 3650 matched main-track clusters across U, V, X planes
Selected 247 ES main tracks
Loading ED model from: /eos/home-e/evilla/dune/sn-tps/neural_networks/electron_direction/three_plane_three_plane_v58_200k_lr_schedule_20251118_110931/checkpoints/model_epoch_12_val_loss_0.8898.keras
Running ED inference...
Applying E > 10 MeV cut
After energy cut: 133 clusters
Running emcee: 64 walkers × 2000 steps...
Acceptance fraction: 12.0%
Mean direction: θ=1.39°, φ=87.72°
Uncertainties: Δθ=28.29°, Δφ=12.15°
68% credible angle: 24.62°

Angular error: 11.59°

======================================================================
SCENARIO (EMCEE): PERFECT_CT_E_GT_20MEV
======================================================================

Loaded 3650 matched main-track clusters across U, V, X planes
Selected 247 ES main tracks
Loading ED model from: /eos/home-e/evilla/dune/sn-tps/neural_networks/electron_direction/three_plane_three_plane_v58_200k_lr_schedule_20251118_110931/checkpoints/model_epoch_12_val_loss_0.8898.keras
Running ED inference...
Applying E > 20 MeV cut
After energy cut: 38 clusters
Running emcee: 64 walkers × 2000 steps...
Acceptance fraction: 32.4%
Mean direction: θ=-12.41°, φ=79.38°
Uncertainties: Δθ=43.84°, Δφ=9.69°
68% credible angle: 5.39°

Angular error: 6.58°

✓ Saved: /eos/project-e/ep-nu/evilla/sn-pointing/cat000497/pipeline/cat000497_scenario_best_case_emcee.npz

✓ Saved: /eos/project-e/ep-nu/evilla/sn-pointing/cat000497/pipeline/cat000497_scenario_perfect_ct_emcee.npz

✓ Saved: /eos/project-e/ep-nu/evilla/sn-pointing/cat000497/pipeline/cat000497_scenario_full_pipeline_emcee.npz

✓ Saved: /eos/project-e/ep-nu/evilla/sn-pointing/cat000497/pipeline/cat000497_scenario_weighted_ct_emcee.npz

✓ Saved: /eos/project-e/ep-nu/evilla/sn-pointing/cat000497/pipeline/cat000497_scenario_perfect_ct_e_gt_10mev_emcee.npz

✓ Saved: /eos/project-e/ep-nu/evilla/sn-pointing/cat000497/pipeline/cat000497_scenario_perfect_ct_e_gt_20mev_emcee.npz
✓ cat000497 completed successfully
