Processing cat000489 with 6 scenarios...
Cat directory: /eos/project-e/ep-nu/evilla/sn-pointing/cat000489
======================================================================
EMCEE RECONSTRUCTION FOR cat000489
======================================================================

Loading PDF from: /eos/home-e/evilla/dune/sn-tps/neural_networks/electron_direction/three_plane_three_plane_v58_200k_lr_schedule_20251118_110931/cosine_energy_pdf.npz
PDF loaded

======================================================================
SCENARIO (EMCEE): BEST_CASE
======================================================================

Loaded 3509 matched main-track clusters across U, V, X planes
Selected 277 ES main tracks
After E > 3 MeV cut: 277 clusters
Running emcee: 64 walkers × 2000 steps...
Acceptance fraction: 6.8%
Mean direction: θ=-152.97°, φ=62.32°
Uncertainties: Δθ=79.45°, Δφ=56.46°
68% credible angle: 64.43°

Angular error: 39.51°

======================================================================
SCENARIO (EMCEE): PERFECT_CT
======================================================================

Loaded 3509 matched main-track clusters across U, V, X planes
Selected 277 ES main tracks
Loading ED model from: /eos/home-e/evilla/dune/sn-tps/neural_networks/electron_direction/three_plane_three_plane_v58_200k_lr_schedule_20251118_110931/checkpoints/model_epoch_12_val_loss_0.8898.keras
Running ED inference...
After energy cut: 277 clusters
Running emcee: 64 walkers × 2000 steps...
Acceptance fraction: 11.3%
Mean direction: θ=168.65°, φ=36.91°
Uncertainties: Δθ=48.40°, Δφ=13.97°
68% credible angle: 26.31°

Angular error: 17.47°

======================================================================
SCENARIO (EMCEE): FULL_PIPELINE
======================================================================

Loaded 3509 matched main-track clusters across U, V, X planes
Using all 3509 main-track clusters
Loading CT model from: /eos/user/e/evilla/dune/sn-tps/neural_networks/channel_tagging/ct_volume_v52_batch_reload_20251116_101125/best_model.keras
Running CT inference...
CT selected 3202 ES candidates from 3509 clusters
  ES prob range: [0.000, 1.000]
Loading ED model from: /eos/home-e/evilla/dune/sn-tps/neural_networks/electron_direction/three_plane_three_plane_v58_200k_lr_schedule_20251118_110931/checkpoints/model_epoch_12_val_loss_0.8898.keras
Running ED inference on 3202 clusters...
After E > 3 MeV cut: 3180 clusters
Running emcee: 64 walkers × 2000 steps...
Acceptance fraction: 3.4%
Mean direction: θ=155.30°, φ=71.12°
Uncertainties: Δθ=110.96°, Δφ=26.88°
68% credible angle: 93.13°

Angular error: 52.99°

======================================================================
SCENARIO (EMCEE): WEIGHTED_CT
======================================================================

Loaded 3509 matched main-track clusters across U, V, X planes
Using all 3509 main-track clusters
Loading CT model from: /eos/user/e/evilla/dune/sn-tps/neural_networks/channel_tagging/ct_volume_v52_batch_reload_20251116_101125/best_model.keras
Running CT inference...
CT selected 3202 ES candidates from 3509 clusters
  ES prob range: [0.000, 1.000]
Loading ED model from: /eos/home-e/evilla/dune/sn-tps/neural_networks/electron_direction/three_plane_three_plane_v58_200k_lr_schedule_20251118_110931/checkpoints/model_epoch_12_val_loss_0.8898.keras
Running ED inference on 3202 clusters...
Using CT weights (ES probabilities)
After E > 3 MeV cut: 3180 clusters
Running weighted MCMC with 3180 weights
Running emcee: 64 walkers × 2000 steps...
Acceptance fraction: 3.1%
Mean direction: θ=-120.62°, φ=82.35°
Uncertainties: Δθ=76.60°, Δφ=27.81°
68% credible angle: 69.44°

Angular error: 66.74°

======================================================================
SCENARIO (EMCEE): PERFECT_CT_E_GT_10MEV
======================================================================

Loaded 3509 matched main-track clusters across U, V, X planes
Selected 277 ES main tracks
Loading ED model from: /eos/home-e/evilla/dune/sn-tps/neural_networks/electron_direction/three_plane_three_plane_v58_200k_lr_schedule_20251118_110931/checkpoints/model_epoch_12_val_loss_0.8898.keras
Running ED inference...
Applying E > 10 MeV cut
After energy cut: 134 clusters
Running emcee: 64 walkers × 2000 steps...
Acceptance fraction: 11.3%
Mean direction: θ=159.29°, φ=38.27°
Uncertainties: Δθ=74.50°, Δφ=31.68°
68% credible angle: 32.68°

Angular error: 21.84°

======================================================================
SCENARIO (EMCEE): PERFECT_CT_E_GT_20MEV
======================================================================

Loaded 3509 matched main-track clusters across U, V, X planes
Selected 277 ES main tracks
Loading ED model from: /eos/home-e/evilla/dune/sn-tps/neural_networks/electron_direction/three_plane_three_plane_v58_200k_lr_schedule_20251118_110931/checkpoints/model_epoch_12_val_loss_0.8898.keras
Running ED inference...
Applying E > 20 MeV cut
After energy cut: 24 clusters
Running emcee: 64 walkers × 2000 steps...
Acceptance fraction: 13.1%
Mean direction: θ=172.90°, φ=62.14°
Uncertainties: Δθ=68.78°, Δφ=54.27°
68% credible angle: 48.78°

Angular error: 40.09°

✓ Saved: /eos/project-e/ep-nu/evilla/sn-pointing/cat000489/pipeline/cat000489_scenario_best_case_emcee.npz

✓ Saved: /eos/project-e/ep-nu/evilla/sn-pointing/cat000489/pipeline/cat000489_scenario_perfect_ct_emcee.npz

✓ Saved: /eos/project-e/ep-nu/evilla/sn-pointing/cat000489/pipeline/cat000489_scenario_full_pipeline_emcee.npz

✓ Saved: /eos/project-e/ep-nu/evilla/sn-pointing/cat000489/pipeline/cat000489_scenario_weighted_ct_emcee.npz

✓ Saved: /eos/project-e/ep-nu/evilla/sn-pointing/cat000489/pipeline/cat000489_scenario_perfect_ct_e_gt_10mev_emcee.npz

✓ Saved: /eos/project-e/ep-nu/evilla/sn-pointing/cat000489/pipeline/cat000489_scenario_perfect_ct_e_gt_20mev_emcee.npz
✓ cat000489 completed successfully
