Processing cat000004 with 6 scenarios...
Cat directory: /eos/project-e/ep-nu/evilla/sn-pointing/cat000004
======================================================================
EMCEE RECONSTRUCTION FOR cat000004
======================================================================

Loading PDF from: /eos/home-e/evilla/dune/sn-tps/neural_networks/electron_direction/three_plane_three_plane_v58_200k_lr_schedule_20251118_110931/cosine_energy_pdf.npz
PDF loaded

======================================================================
SCENARIO (EMCEE): BEST_CASE
======================================================================

Loaded 3835 matched main-track clusters across U, V, X planes
Selected 255 ES main tracks
After E > 3 MeV cut: 255 clusters
Running emcee: 64 walkers × 2000 steps...
Acceptance fraction: 6.7%
Mean direction: θ=171.90°, φ=73.91°
Uncertainties: Δθ=50.25°, Δφ=35.17°
68% credible angle: 38.96°

Angular error: 19.56°

======================================================================
SCENARIO (EMCEE): PERFECT_CT
======================================================================

Loaded 3835 matched main-track clusters across U, V, X planes
Selected 255 ES main tracks
Loading ED model from: /eos/home-e/evilla/dune/sn-tps/neural_networks/electron_direction/three_plane_three_plane_v58_200k_lr_schedule_20251118_110931/checkpoints/model_epoch_12_val_loss_0.8898.keras
Running ED inference...
After energy cut: 255 clusters
Running emcee: 64 walkers × 2000 steps...
Acceptance fraction: 9.2%
Mean direction: θ=176.13°, φ=57.94°
Uncertainties: Δθ=23.64°, Δφ=15.99°
68% credible angle: 28.13°

Angular error: 7.92°

======================================================================
SCENARIO (EMCEE): FULL_PIPELINE
======================================================================

Loaded 3835 matched main-track clusters across U, V, X planes
Using all 3835 main-track clusters
Loading CT model from: /eos/user/e/evilla/dune/sn-tps/neural_networks/channel_tagging/ct_volume_v52_batch_reload_20251116_101125/best_model.keras
Running CT inference...
CT selected 3456 ES candidates from 3835 clusters
  ES prob range: [0.000, 1.000]
Loading ED model from: /eos/home-e/evilla/dune/sn-tps/neural_networks/electron_direction/three_plane_three_plane_v58_200k_lr_schedule_20251118_110931/checkpoints/model_epoch_12_val_loss_0.8898.keras
Running ED inference on 3456 clusters...
After E > 3 MeV cut: 3439 clusters
Running emcee: 64 walkers × 2000 steps...
Acceptance fraction: 3.5%
Mean direction: θ=-171.50°, φ=85.86°
Uncertainties: Δθ=58.41°, Δφ=41.55°
68% credible angle: 68.91°

Angular error: 36.70°

======================================================================
SCENARIO (EMCEE): WEIGHTED_CT
======================================================================

Loaded 3835 matched main-track clusters across U, V, X planes
Using all 3835 main-track clusters
Loading CT model from: /eos/user/e/evilla/dune/sn-tps/neural_networks/channel_tagging/ct_volume_v52_batch_reload_20251116_101125/best_model.keras
Running CT inference...
CT selected 3456 ES candidates from 3835 clusters
  ES prob range: [0.000, 1.000]
Loading ED model from: /eos/home-e/evilla/dune/sn-tps/neural_networks/electron_direction/three_plane_three_plane_v58_200k_lr_schedule_20251118_110931/checkpoints/model_epoch_12_val_loss_0.8898.keras
Running ED inference on 3456 clusters...
Using CT weights (ES probabilities)
After E > 3 MeV cut: 3439 clusters
Running weighted MCMC with 3439 weights
Running emcee: 64 walkers × 2000 steps...
Acceptance fraction: 3.2%
Mean direction: θ=179.51°, φ=86.12°
Uncertainties: Δθ=60.81°, Δφ=38.71°
68% credible angle: 68.85°

Angular error: 33.29°

======================================================================
SCENARIO (EMCEE): PERFECT_CT_E_GT_10MEV
======================================================================

Loaded 3835 matched main-track clusters across U, V, X planes
Selected 255 ES main tracks
Loading ED model from: /eos/home-e/evilla/dune/sn-tps/neural_networks/electron_direction/three_plane_three_plane_v58_200k_lr_schedule_20251118_110931/checkpoints/model_epoch_12_val_loss_0.8898.keras
Running ED inference...
Applying E > 10 MeV cut
After energy cut: 146 clusters
Running emcee: 64 walkers × 2000 steps...
Acceptance fraction: 10.0%
Mean direction: θ=175.97°, φ=65.95°
Uncertainties: Δθ=42.44°, Δφ=26.27°
68% credible angle: 30.48°

Angular error: 13.41°

======================================================================
SCENARIO (EMCEE): PERFECT_CT_E_GT_20MEV
======================================================================

Loaded 3835 matched main-track clusters across U, V, X planes
Selected 255 ES main tracks
Loading ED model from: /eos/home-e/evilla/dune/sn-tps/neural_networks/electron_direction/three_plane_three_plane_v58_200k_lr_schedule_20251118_110931/checkpoints/model_epoch_12_val_loss_0.8898.keras
Running ED inference...
Applying E > 20 MeV cut
After energy cut: 32 clusters
Running emcee: 64 walkers × 2000 steps...
Acceptance fraction: 14.1%
Mean direction: θ=-176.39°, φ=60.22°
Uncertainties: Δθ=33.64°, Δφ=17.36°
68% credible angle: 16.63°

Angular error: 14.70°

✓ Saved: /eos/project-e/ep-nu/evilla/sn-pointing/cat000004/pipeline/cat000004_scenario_best_case_emcee.npz

✓ Saved: /eos/project-e/ep-nu/evilla/sn-pointing/cat000004/pipeline/cat000004_scenario_perfect_ct_emcee.npz

✓ Saved: /eos/project-e/ep-nu/evilla/sn-pointing/cat000004/pipeline/cat000004_scenario_full_pipeline_emcee.npz

✓ Saved: /eos/project-e/ep-nu/evilla/sn-pointing/cat000004/pipeline/cat000004_scenario_weighted_ct_emcee.npz

✓ Saved: /eos/project-e/ep-nu/evilla/sn-pointing/cat000004/pipeline/cat000004_scenario_perfect_ct_e_gt_10mev_emcee.npz

✓ Saved: /eos/project-e/ep-nu/evilla/sn-pointing/cat000004/pipeline/cat000004_scenario_perfect_ct_e_gt_20mev_emcee.npz
✓ cat000004 completed successfully
