==================================================================
Processing cat000284 with EMCEE - ALL SCENARIOS
==================================================================
======================================================================
EMCEE RECONSTRUCTION FOR cat000284
======================================================================

Loading PDF from: /eos/home-e/evilla/dune/sn-tps/neural_networks/electron_direction/three_plane_three_plane_v58_200k_lr_schedule_20251118_110931/cosine_energy_pdf.npz
PDF loaded

======================================================================
SCENARIO (EMCEE): PERFECT_CT
======================================================================

Loaded 3821 matched clusters across U, V, X planes
Selected clusters: 287
Running emcee: 64 walkers × 2000 steps...
Acceptance fraction: 8.7%
Mean direction: θ=-135.09°, φ=95.57°
Uncertainties: Δθ=39.17°, Δφ=21.93°
68% credible angle: 46.34°

Angular error: 23.05°

======================================================================
SCENARIO (EMCEE): ES_MAIN_CC_SHOWER
======================================================================

Loaded 3821 matched clusters across U, V, X planes
Selected clusters: 287
Running emcee: 64 walkers × 2000 steps...
Acceptance fraction: 10.0%
Mean direction: θ=-138.05°, φ=99.82°
Uncertainties: Δθ=37.62°, Δφ=21.12°
68% credible angle: 46.76°

Angular error: 25.23°

======================================================================
SCENARIO (EMCEE): ES_MAIN_CC_ALL
======================================================================

Loaded 3821 matched clusters across U, V, X planes
Selected clusters: 287
Running emcee: 64 walkers × 2000 steps...
Acceptance fraction: 10.2%
Mean direction: θ=-132.40°, φ=96.60°
Uncertainties: Δθ=36.24°, Δφ=17.31°
68% credible angle: 48.85°

Angular error: 20.20°

======================================================================
SCENARIO (EMCEE): ES_ALL_CC_SHOWER
======================================================================

Loaded 3821 matched clusters across U, V, X planes
Selected clusters: 287
Running emcee: 64 walkers × 2000 steps...
Acceptance fraction: 11.4%
Mean direction: θ=-154.67°, φ=96.95°
Uncertainties: Δθ=36.91°, Δφ=21.13°
68% credible angle: 45.53°

Angular error: 41.90°

======================================================================
SCENARIO (EMCEE): ES_ALL_CC_ALL
======================================================================

Loaded 3821 matched clusters across U, V, X planes
Selected clusters: 287
Running emcee: 64 walkers × 2000 steps...
Acceptance fraction: 9.3%
Mean direction: θ=-144.63°, φ=99.14°
Uncertainties: Δθ=44.69°, Δφ=18.38°
68% credible angle: 42.05°

Angular error: 31.76°

======================================================================
SCENARIO (EMCEE): ALL_TRACKS_ALL_SHOWERS
======================================================================

Loaded 3821 matched clusters across U, V, X planes
Selected clusters: 3821
Running emcee: 64 walkers × 2000 steps...
Acceptance fraction: 5.9%
Mean direction: θ=-162.48°, φ=111.79°
Uncertainties: Δθ=47.91°, Δφ=25.90°
68% credible angle: 46.50°

Angular error: 49.05°

✓ Saved: /eos/project-e/ep-nu/evilla/sn-pointing/cat000284/pipeline/cat000284_scenario_perfect_ct_emcee.npz

✓ Saved: /eos/project-e/ep-nu/evilla/sn-pointing/cat000284/pipeline/cat000284_scenario_es_main_cc_shower_emcee.npz

✓ Saved: /eos/project-e/ep-nu/evilla/sn-pointing/cat000284/pipeline/cat000284_scenario_es_main_cc_all_emcee.npz

✓ Saved: /eos/project-e/ep-nu/evilla/sn-pointing/cat000284/pipeline/cat000284_scenario_es_all_cc_shower_emcee.npz

✓ Saved: /eos/project-e/ep-nu/evilla/sn-pointing/cat000284/pipeline/cat000284_scenario_es_all_cc_all_emcee.npz

✓ Saved: /eos/project-e/ep-nu/evilla/sn-pointing/cat000284/pipeline/cat000284_scenario_all_tracks_all_showers_emcee.npz
✓ cat000284 completed successfully
