==================================================================
Processing cat000077 with EMCEE - ALL SCENARIOS
==================================================================
======================================================================
EMCEE RECONSTRUCTION FOR cat000077
======================================================================

Loading PDF from: /eos/home-e/evilla/dune/sn-tps/neural_networks/electron_direction/three_plane_three_plane_v58_200k_lr_schedule_20251118_110931/cosine_energy_pdf.npz
PDF loaded

======================================================================
SCENARIO (EMCEE): PERFECT_CT
======================================================================

Loaded 3672 matched clusters across U, V, X planes
Selected clusters: 221
Running emcee: 64 walkers × 2000 steps...
Acceptance fraction: 14.0%
Mean direction: θ=8.05°, φ=92.79°
Uncertainties: Δθ=20.36°, Δφ=10.51°
68% credible angle: 14.27°

Angular error: 14.86°

======================================================================
SCENARIO (EMCEE): ES_MAIN_CC_SHOWER
======================================================================

Loaded 3672 matched clusters across U, V, X planes
Selected clusters: 221
Running emcee: 64 walkers × 2000 steps...
Acceptance fraction: 16.1%
Mean direction: θ=2.31°, φ=92.25°
Uncertainties: Δθ=17.71°, Δφ=8.73°
68% credible angle: 18.73°

Angular error: 20.62°

======================================================================
SCENARIO (EMCEE): ES_MAIN_CC_ALL
======================================================================

Loaded 3672 matched clusters across U, V, X planes
Selected clusters: 221
Running emcee: 64 walkers × 2000 steps...
Acceptance fraction: 13.7%
Mean direction: θ=5.41°, φ=97.25°
Uncertainties: Δθ=18.00°, Δφ=10.76°
68% credible angle: 15.81°

Angular error: 17.82°

======================================================================
SCENARIO (EMCEE): ES_ALL_CC_SHOWER
======================================================================

Loaded 3672 matched clusters across U, V, X planes
Selected clusters: 221
Running emcee: 64 walkers × 2000 steps...
Acceptance fraction: 11.8%
Mean direction: θ=2.98°, φ=94.80°
Uncertainties: Δθ=20.77°, Δφ=11.93°
68% credible angle: 15.67°

Angular error: 19.92°

======================================================================
SCENARIO (EMCEE): ES_ALL_CC_ALL
======================================================================

Loaded 3672 matched clusters across U, V, X planes
Selected clusters: 221
Running emcee: 64 walkers × 2000 steps...
Acceptance fraction: 13.2%
Mean direction: θ=5.96°, φ=96.07°
Uncertainties: Δθ=14.56°, Δφ=9.17°
68% credible angle: 12.36°

Angular error: 17.09°

======================================================================
SCENARIO (EMCEE): ALL_TRACKS_ALL_SHOWERS
======================================================================

Loaded 3672 matched clusters across U, V, X planes
Selected clusters: 3672
Running emcee: 64 walkers × 2000 steps...
Acceptance fraction: 2.6%
Mean direction: θ=-169.91°, φ=94.55°
Uncertainties: Δθ=79.19°, Δφ=39.05°
68% credible angle: 79.44°

Angular error: 164.87°

✓ Saved: /eos/project-e/ep-nu/evilla/sn-pointing/cat000077/pipeline/cat000077_scenario_perfect_ct_emcee.npz

✓ Saved: /eos/project-e/ep-nu/evilla/sn-pointing/cat000077/pipeline/cat000077_scenario_es_main_cc_shower_emcee.npz

✓ Saved: /eos/project-e/ep-nu/evilla/sn-pointing/cat000077/pipeline/cat000077_scenario_es_main_cc_all_emcee.npz

✓ Saved: /eos/project-e/ep-nu/evilla/sn-pointing/cat000077/pipeline/cat000077_scenario_es_all_cc_shower_emcee.npz

✓ Saved: /eos/project-e/ep-nu/evilla/sn-pointing/cat000077/pipeline/cat000077_scenario_es_all_cc_all_emcee.npz

✓ Saved: /eos/project-e/ep-nu/evilla/sn-pointing/cat000077/pipeline/cat000077_scenario_all_tracks_all_showers_emcee.npz
✓ cat000077 completed successfully
