000 (6420432.084.000) 11/20 17:10:12 Job submitted from host: <188.185.125.71:9618?addrs=188.185.125.71-9618+[2001-1458-d00-4a--100-15e]-9618&alias=bigbird28.cern.ch&noUDP&sock=schedd_2239_58a3>
...
040 (6420432.084.000) 11/20 19:18:58 Started transferring input files
	Transferring to host: <188.185.93.186:9618?addrs=188.185.93.186-9618+[2001-1458-d00-6c--100-1db]-9618&alias=b9g57n3815.cern.ch&noUDP&sock=slot1_1_20473_d49a_9828>
...
040 (6420432.084.000) 11/20 19:18:58 Finished transferring input files
...
001 (6420432.084.000) 11/20 19:18:59 Job executing on host: <188.185.93.186:9618?addrs=188.185.93.186-9618+[2001-1458-d00-6c--100-1db]-9618&alias=b9g57n3815.cern.ch&noUDP&sock=startd_20428_7cc2>
	SlotName: slot1_1@b9g57n3815.cern.ch
	AvailableGPUs = { GPUs_GPU_e695cb8c }
	CondorScratchDir = "/pool/condor/dir_3591359"
	Cpus = 11
	Disk = 8389733
	GPUs = 1
	GPUs_GPU_e695cb8c = [ Id = "GPU-e695cb8c"; ClockMhz = 1410.0; Capability = 8.0; CoresPerCU = 64; DeviceName = "NVIDIA A100-PCIE-40GB"; DeviceUuid = "e695cb8c-62fb-3649-a852-b630c58fa5f9"; ECCEnabled = true; ComputeUnits = 108; DriverVersion = 13.0; DevicePciBusId = "0000:06:00.0"; GlobalMemoryMb = 40441; MaxSupportedVersion = 13000 ]
	Memory = 33000
...
006 (6420432.084.000) 11/20 19:19:12 Image size of job updated: 259952
	254  -  MemoryUsage of job (MB)
	259952  -  ResidentSetSize of job (KB)
...
006 (6420432.084.000) 11/20 19:24:12 Image size of job updated: 2194096
	1354  -  MemoryUsage of job (MB)
	1386396  -  ResidentSetSize of job (KB)
...
040 (6420432.084.000) 11/20 19:27:50 Started transferring output files
...
040 (6420432.084.000) 11/20 19:27:50 Finished transferring output files
...
005 (6420432.084.000) 11/20 19:27:50 Job terminated.
	(1) Normal termination (return value 0)
		Usr 0 00:17:01, Sys 0 00:01:12  -  Run Remote Usage
		Usr 0 00:00:00, Sys 0 00:00:00  -  Run Local Usage
		Usr 0 00:17:01, Sys 0 00:01:12  -  Total Remote Usage
		Usr 0 00:00:00, Sys 0 00:00:00  -  Total Local Usage
	30664  -  Run Bytes Sent By Job
	1412394  -  Run Bytes Received By Job
	30664  -  Total Bytes Sent By Job
	1412394  -  Total Bytes Received By Job
	Partitionable Resources :    Usage  Request Allocated Assigned
	   Cpus                 :     1.00       11        11 
	   Disk (KB)            :  1434     8388608   8389733 
	   GPUs                 :     0           1         1 "GPU-e695cb8c"
	   GpusMemory (MB)      :   558                       
	   Memory (MB)          :  1354       33000     33000 
	   TimeExecute (s)      :   531                       
	   TimeSlotBusy (s)     :   532                       

	Job terminated of its own accord at 2025-11-20T18:27:50Z with exit-code 0.
...
