==================================================================
Processing cat000442 with EMCEE - ALL SCENARIOS
==================================================================
======================================================================
EMCEE RECONSTRUCTION FOR cat000442
======================================================================

Loading PDF from: /eos/home-e/evilla/dune/sn-tps/neural_networks/electron_direction/three_plane_three_plane_v58_200k_lr_schedule_20251118_110931/cosine_energy_pdf.npz
PDF loaded

======================================================================
SCENARIO (EMCEE): PERFECT_CT
======================================================================

Loaded 3770 matched clusters across U, V, X planes
Selected clusters: 280
Running emcee: 64 walkers × 2000 steps...
Acceptance fraction: 7.6%
Mean direction: θ=-165.15°, φ=35.54°
Uncertainties: Δθ=38.47°, Δφ=18.28°
68% credible angle: 28.52°

Angular error: 15.38°

======================================================================
SCENARIO (EMCEE): ES_MAIN_CC_SHOWER
======================================================================

Loaded 3770 matched clusters across U, V, X planes
Selected clusters: 280
Running emcee: 64 walkers × 2000 steps...
Acceptance fraction: 12.6%
Mean direction: θ=-168.47°, φ=35.73°
Uncertainties: Δθ=44.27°, Δφ=20.46°
68% credible angle: 36.71°

Angular error: 17.29°

======================================================================
SCENARIO (EMCEE): ES_MAIN_CC_ALL
======================================================================

Loaded 3770 matched clusters across U, V, X planes
Selected clusters: 280
Running emcee: 64 walkers × 2000 steps...
Acceptance fraction: 11.5%
Mean direction: θ=-162.12°, φ=40.19°
Uncertainties: Δθ=46.45°, Δφ=19.67°
68% credible angle: 31.60°

Angular error: 15.38°

======================================================================
SCENARIO (EMCEE): ES_ALL_CC_SHOWER
======================================================================

Loaded 3770 matched clusters across U, V, X planes
Selected clusters: 280
Running emcee: 64 walkers × 2000 steps...
Acceptance fraction: 12.2%
Mean direction: θ=-157.82°, φ=41.44°
Uncertainties: Δθ=37.50°, Δφ=19.25°
68% credible angle: 30.30°

Angular error: 13.71°

======================================================================
SCENARIO (EMCEE): ES_ALL_CC_ALL
======================================================================

Loaded 3770 matched clusters across U, V, X planes
Selected clusters: 280
Running emcee: 64 walkers × 2000 steps...
Acceptance fraction: 10.1%
Mean direction: θ=-162.66°, φ=37.96°
Uncertainties: Δθ=44.48°, Δφ=20.31°
68% credible angle: 32.64°

Angular error: 14.70°

======================================================================
SCENARIO (EMCEE): ALL_TRACKS_ALL_SHOWERS
======================================================================

Loaded 3770 matched clusters across U, V, X planes
Selected clusters: 3770
Running emcee: 64 walkers × 2000 steps...
Acceptance fraction: 7.8%
Mean direction: θ=-117.52°, φ=71.16°
Uncertainties: Δθ=86.33°, Δφ=35.63°
68% credible angle: 83.92°

Angular error: 39.68°

✓ Saved: /eos/project-e/ep-nu/evilla/sn-pointing/cat000442/pipeline/cat000442_scenario_perfect_ct_emcee.npz

✓ Saved: /eos/project-e/ep-nu/evilla/sn-pointing/cat000442/pipeline/cat000442_scenario_es_main_cc_shower_emcee.npz

✓ Saved: /eos/project-e/ep-nu/evilla/sn-pointing/cat000442/pipeline/cat000442_scenario_es_main_cc_all_emcee.npz

✓ Saved: /eos/project-e/ep-nu/evilla/sn-pointing/cat000442/pipeline/cat000442_scenario_es_all_cc_shower_emcee.npz

✓ Saved: /eos/project-e/ep-nu/evilla/sn-pointing/cat000442/pipeline/cat000442_scenario_es_all_cc_all_emcee.npz

✓ Saved: /eos/project-e/ep-nu/evilla/sn-pointing/cat000442/pipeline/cat000442_scenario_all_tracks_all_showers_emcee.npz
✓ cat000442 completed successfully
