Processing cat000406 with 6 scenarios...
Cat directory: /eos/project-e/ep-nu/evilla/sn-pointing/cat000406
======================================================================
EMCEE RECONSTRUCTION FOR cat000406
======================================================================

Loading PDF from: /eos/home-e/evilla/dune/sn-tps/neural_networks/electron_direction/three_plane_three_plane_v58_200k_lr_schedule_20251118_110931/cosine_energy_pdf.npz
PDF loaded

======================================================================
SCENARIO (EMCEE): BEST_CASE
======================================================================

Loaded 3644 matched main-track clusters across U, V, X planes
Selected 275 ES main tracks
After E > 3 MeV cut: 275 clusters
Running emcee: 64 walkers × 2000 steps...
Acceptance fraction: 19.4%
Mean direction: θ=30.15°, φ=109.27°
Uncertainties: Δθ=22.66°, Δφ=14.70°
68% credible angle: 25.49°

Angular error: 11.19°

======================================================================
SCENARIO (EMCEE): PERFECT_CT
======================================================================

Loaded 3644 matched main-track clusters across U, V, X planes
Selected 275 ES main tracks
Loading ED model from: /eos/home-e/evilla/dune/sn-tps/neural_networks/electron_direction/three_plane_three_plane_v58_200k_lr_schedule_20251118_110931/checkpoints/model_epoch_12_val_loss_0.8898.keras
Running ED inference...
After energy cut: 275 clusters
Running emcee: 64 walkers × 2000 steps...
Acceptance fraction: 24.9%
Mean direction: θ=21.24°, φ=111.87°
Uncertainties: Δθ=23.45°, Δφ=12.51°
68% credible angle: 33.93°

Angular error: 15.33°

======================================================================
SCENARIO (EMCEE): FULL_PIPELINE
======================================================================

Loaded 3644 matched main-track clusters across U, V, X planes
Using all 3644 main-track clusters
Loading CT model from: /eos/user/e/evilla/dune/sn-tps/neural_networks/channel_tagging/ct_volume_v52_batch_reload_20251116_101125/best_model.keras
Running CT inference...
CT selected 3294 ES candidates from 3644 clusters
  ES prob range: [0.000, 1.000]
Loading ED model from: /eos/home-e/evilla/dune/sn-tps/neural_networks/electron_direction/three_plane_three_plane_v58_200k_lr_schedule_20251118_110931/checkpoints/model_epoch_12_val_loss_0.8898.keras
Running ED inference on 3294 clusters...
After E > 3 MeV cut: 3280 clusters
Running emcee: 64 walkers × 2000 steps...
Acceptance fraction: 4.4%
Mean direction: θ=-64.84°, φ=95.88°
Uncertainties: Δθ=106.02°, Δφ=36.24°
68% credible angle: 108.38°

Angular error: 96.83°

======================================================================
SCENARIO (EMCEE): WEIGHTED_CT
======================================================================

Loaded 3644 matched main-track clusters across U, V, X planes
Using all 3644 main-track clusters
Loading CT model from: /eos/user/e/evilla/dune/sn-tps/neural_networks/channel_tagging/ct_volume_v52_batch_reload_20251116_101125/best_model.keras
Running CT inference...
CT selected 3294 ES candidates from 3644 clusters
  ES prob range: [0.000, 1.000]
Loading ED model from: /eos/home-e/evilla/dune/sn-tps/neural_networks/electron_direction/three_plane_three_plane_v58_200k_lr_schedule_20251118_110931/checkpoints/model_epoch_12_val_loss_0.8898.keras
Running ED inference on 3294 clusters...
Using CT weights (ES probabilities)
After E > 3 MeV cut: 3280 clusters
Running weighted MCMC with 3280 weights
Running emcee: 64 walkers × 2000 steps...
Acceptance fraction: 3.7%
Mean direction: θ=-76.51°, φ=96.48°
Uncertainties: Δθ=120.16°, Δφ=36.45°
68% credible angle: 119.94°

Angular error: 106.43°

======================================================================
SCENARIO (EMCEE): PERFECT_CT_E_GT_10MEV
======================================================================

Loaded 3644 matched main-track clusters across U, V, X planes
Selected 275 ES main tracks
Loading ED model from: /eos/home-e/evilla/dune/sn-tps/neural_networks/electron_direction/three_plane_three_plane_v58_200k_lr_schedule_20251118_110931/checkpoints/model_epoch_12_val_loss_0.8898.keras
Running ED inference...
Applying E > 10 MeV cut
After energy cut: 144 clusters
Running emcee: 64 walkers × 2000 steps...
Acceptance fraction: 17.2%
Mean direction: θ=10.72°, φ=120.76°
Uncertainties: Δθ=22.37°, Δφ=12.59°
68% credible angle: 22.78°

Angular error: 22.22°

======================================================================
SCENARIO (EMCEE): PERFECT_CT_E_GT_20MEV
======================================================================

Loaded 3644 matched main-track clusters across U, V, X planes
Selected 275 ES main tracks
Loading ED model from: /eos/home-e/evilla/dune/sn-tps/neural_networks/electron_direction/three_plane_three_plane_v58_200k_lr_schedule_20251118_110931/checkpoints/model_epoch_12_val_loss_0.8898.keras
Running ED inference...
Applying E > 20 MeV cut
After energy cut: 38 clusters
Running emcee: 64 walkers × 2000 steps...
Acceptance fraction: 23.4%
Mean direction: θ=14.08°, φ=119.09°
Uncertainties: Δθ=38.25°, Δφ=26.28°
68% credible angle: 20.86°

Angular error: 19.42°

✓ Saved: /eos/project-e/ep-nu/evilla/sn-pointing/cat000406/pipeline/cat000406_scenario_best_case_emcee.npz

✓ Saved: /eos/project-e/ep-nu/evilla/sn-pointing/cat000406/pipeline/cat000406_scenario_perfect_ct_emcee.npz

✓ Saved: /eos/project-e/ep-nu/evilla/sn-pointing/cat000406/pipeline/cat000406_scenario_full_pipeline_emcee.npz

✓ Saved: /eos/project-e/ep-nu/evilla/sn-pointing/cat000406/pipeline/cat000406_scenario_weighted_ct_emcee.npz

✓ Saved: /eos/project-e/ep-nu/evilla/sn-pointing/cat000406/pipeline/cat000406_scenario_perfect_ct_e_gt_10mev_emcee.npz

✓ Saved: /eos/project-e/ep-nu/evilla/sn-pointing/cat000406/pipeline/cat000406_scenario_perfect_ct_e_gt_20mev_emcee.npz
✓ cat000406 completed successfully
