==================================================================
Processing cat000376 with EMCEE - ALL SCENARIOS
==================================================================
======================================================================
EMCEE RECONSTRUCTION FOR cat000376
======================================================================

Loading PDF from: /eos/home-e/evilla/dune/sn-tps/neural_networks/electron_direction/three_plane_three_plane_v58_200k_lr_schedule_20251118_110931/cosine_energy_pdf.npz
PDF loaded

======================================================================
SCENARIO (EMCEE): PERFECT_CT
======================================================================

Loaded 3337 matched clusters across U, V, X planes
Selected clusters: 290
Running emcee: 64 walkers × 2000 steps...
Acceptance fraction: 8.1%
Mean direction: θ=142.57°, φ=75.03°
Uncertainties: Δθ=49.67°, Δφ=18.80°
68% credible angle: 52.01°

Angular error: 30.06°

======================================================================
SCENARIO (EMCEE): ES_MAIN_CC_SHOWER
======================================================================

Loaded 3337 matched clusters across U, V, X planes
Selected clusters: 290
Running emcee: 64 walkers × 2000 steps...
Acceptance fraction: 8.8%
Mean direction: θ=135.51°, φ=69.58°
Uncertainties: Δθ=51.76°, Δφ=19.95°
68% credible angle: 53.57°

Angular error: 23.19°

======================================================================
SCENARIO (EMCEE): ES_MAIN_CC_ALL
======================================================================

Loaded 3337 matched clusters across U, V, X planes
Selected clusters: 290
Running emcee: 64 walkers × 2000 steps...
Acceptance fraction: 7.8%
Mean direction: θ=145.14°, φ=69.64°
Uncertainties: Δθ=50.91°, Δφ=20.44°
68% credible angle: 47.79°

Angular error: 32.21°

======================================================================
SCENARIO (EMCEE): ES_ALL_CC_SHOWER
======================================================================

Loaded 3337 matched clusters across U, V, X planes
Selected clusters: 290
Running emcee: 64 walkers × 2000 steps...
Acceptance fraction: 12.4%
Mean direction: θ=142.65°, φ=76.65°
Uncertainties: Δθ=48.42°, Δφ=18.21°
68% credible angle: 52.57°

Angular error: 30.38°

======================================================================
SCENARIO (EMCEE): ES_ALL_CC_ALL
======================================================================

Loaded 3337 matched clusters across U, V, X planes
Selected clusters: 290
Running emcee: 64 walkers × 2000 steps...
Acceptance fraction: 8.6%
Mean direction: θ=142.19°, φ=72.54°
Uncertainties: Δθ=51.42°, Δφ=19.66°
68% credible angle: 51.66°

Angular error: 29.47°

======================================================================
SCENARIO (EMCEE): ALL_TRACKS_ALL_SHOWERS
======================================================================

Loaded 3337 matched clusters across U, V, X planes
Selected clusters: 3337
Running emcee: 64 walkers × 2000 steps...
Acceptance fraction: 4.8%
Mean direction: θ=-155.07°, φ=87.77°
Uncertainties: Δθ=57.27°, Δφ=29.25°
68% credible angle: 49.44°

Angular error: 92.79°

✓ Saved: /eos/project-e/ep-nu/evilla/sn-pointing/cat000376/pipeline/cat000376_scenario_perfect_ct_emcee.npz

✓ Saved: /eos/project-e/ep-nu/evilla/sn-pointing/cat000376/pipeline/cat000376_scenario_es_main_cc_shower_emcee.npz

✓ Saved: /eos/project-e/ep-nu/evilla/sn-pointing/cat000376/pipeline/cat000376_scenario_es_main_cc_all_emcee.npz

✓ Saved: /eos/project-e/ep-nu/evilla/sn-pointing/cat000376/pipeline/cat000376_scenario_es_all_cc_shower_emcee.npz

✓ Saved: /eos/project-e/ep-nu/evilla/sn-pointing/cat000376/pipeline/cat000376_scenario_es_all_cc_all_emcee.npz

✓ Saved: /eos/project-e/ep-nu/evilla/sn-pointing/cat000376/pipeline/cat000376_scenario_all_tracks_all_showers_emcee.npz
✓ cat000376 completed successfully
