Processing cat000326 with 6 scenarios...
Cat directory: /eos/project-e/ep-nu/evilla/sn-pointing/cat000326
======================================================================
EMCEE RECONSTRUCTION FOR cat000326
======================================================================

Loading PDF from: /eos/home-e/evilla/dune/sn-tps/neural_networks/electron_direction/three_plane_three_plane_v58_200k_lr_schedule_20251118_110931/cosine_energy_pdf.npz
PDF loaded

======================================================================
SCENARIO (EMCEE): BEST_CASE
======================================================================

Loaded 3723 matched main-track clusters across U, V, X planes
Selected 279 ES main tracks
After E > 3 MeV cut: 279 clusters
Running emcee: 64 walkers × 2000 steps...
Acceptance fraction: 8.7%
Mean direction: θ=-65.87°, φ=37.45°
Uncertainties: Δθ=40.47°, Δφ=17.28°
68% credible angle: 26.37°

Angular error: 9.11°

======================================================================
SCENARIO (EMCEE): PERFECT_CT
======================================================================

Loaded 3723 matched main-track clusters across U, V, X planes
Selected 279 ES main tracks
Loading ED model from: /eos/home-e/evilla/dune/sn-tps/neural_networks/electron_direction/three_plane_three_plane_v58_200k_lr_schedule_20251118_110931/checkpoints/model_epoch_12_val_loss_0.8898.keras
Running ED inference...
After energy cut: 279 clusters
Running emcee: 64 walkers × 2000 steps...
Acceptance fraction: 12.2%
Mean direction: θ=-73.29°, φ=30.70°
Uncertainties: Δθ=38.42°, Δφ=9.76°
68% credible angle: 23.40°

Angular error: 1.19°

======================================================================
SCENARIO (EMCEE): FULL_PIPELINE
======================================================================

Loaded 3723 matched main-track clusters across U, V, X planes
Using all 3723 main-track clusters
Loading CT model from: /eos/user/e/evilla/dune/sn-tps/neural_networks/channel_tagging/ct_volume_v52_batch_reload_20251116_101125/best_model.keras
Running CT inference...
CT selected 3377 ES candidates from 3723 clusters
  ES prob range: [0.000, 1.000]
Loading ED model from: /eos/home-e/evilla/dune/sn-tps/neural_networks/electron_direction/three_plane_three_plane_v58_200k_lr_schedule_20251118_110931/checkpoints/model_epoch_12_val_loss_0.8898.keras
Running ED inference on 3377 clusters...
After E > 3 MeV cut: 3353 clusters
Running emcee: 64 walkers × 2000 steps...
Acceptance fraction: 3.4%
Mean direction: θ=-118.74°, φ=82.05°
Uncertainties: Δθ=71.92°, Δφ=38.57°
68% credible angle: 79.95°

Angular error: 61.78°

======================================================================
SCENARIO (EMCEE): WEIGHTED_CT
======================================================================

Loaded 3723 matched main-track clusters across U, V, X planes
Using all 3723 main-track clusters
Loading CT model from: /eos/user/e/evilla/dune/sn-tps/neural_networks/channel_tagging/ct_volume_v52_batch_reload_20251116_101125/best_model.keras
Running CT inference...
CT selected 3377 ES candidates from 3723 clusters
  ES prob range: [0.000, 1.000]
Loading ED model from: /eos/home-e/evilla/dune/sn-tps/neural_networks/electron_direction/three_plane_three_plane_v58_200k_lr_schedule_20251118_110931/checkpoints/model_epoch_12_val_loss_0.8898.keras
Running ED inference on 3377 clusters...
Using CT weights (ES probabilities)
After E > 3 MeV cut: 3353 clusters
Running weighted MCMC with 3353 weights
Running emcee: 64 walkers × 2000 steps...
Acceptance fraction: 3.1%
Mean direction: θ=-140.73°, φ=90.63°
Uncertainties: Δθ=79.05°, Δφ=39.38°
68% credible angle: 90.98°

Angular error: 78.96°

======================================================================
SCENARIO (EMCEE): PERFECT_CT_E_GT_10MEV
======================================================================

Loaded 3723 matched main-track clusters across U, V, X planes
Selected 279 ES main tracks
Loading ED model from: /eos/home-e/evilla/dune/sn-tps/neural_networks/electron_direction/three_plane_three_plane_v58_200k_lr_schedule_20251118_110931/checkpoints/model_epoch_12_val_loss_0.8898.keras
Running ED inference...
Applying E > 10 MeV cut
After energy cut: 138 clusters
Running emcee: 64 walkers × 2000 steps...
Acceptance fraction: 17.7%
Mean direction: θ=-51.50°, φ=32.97°
Uncertainties: Δθ=57.92°, Δφ=31.86°
68% credible angle: 20.73°

Angular error: 12.40°

======================================================================
SCENARIO (EMCEE): PERFECT_CT_E_GT_20MEV
======================================================================

Loaded 3723 matched main-track clusters across U, V, X planes
Selected 279 ES main tracks
Loading ED model from: /eos/home-e/evilla/dune/sn-tps/neural_networks/electron_direction/three_plane_three_plane_v58_200k_lr_schedule_20251118_110931/checkpoints/model_epoch_12_val_loss_0.8898.keras
Running ED inference...
Applying E > 20 MeV cut
After energy cut: 24 clusters
Running emcee: 64 walkers × 2000 steps...
Acceptance fraction: 22.5%
Mean direction: θ=-89.53°, φ=67.90°
Uncertainties: Δθ=82.54°, Δφ=56.18°
68% credible angle: 109.27°

Angular error: 39.58°

✓ Saved: /eos/project-e/ep-nu/evilla/sn-pointing/cat000326/pipeline/cat000326_scenario_best_case_emcee.npz

✓ Saved: /eos/project-e/ep-nu/evilla/sn-pointing/cat000326/pipeline/cat000326_scenario_perfect_ct_emcee.npz

✓ Saved: /eos/project-e/ep-nu/evilla/sn-pointing/cat000326/pipeline/cat000326_scenario_full_pipeline_emcee.npz

✓ Saved: /eos/project-e/ep-nu/evilla/sn-pointing/cat000326/pipeline/cat000326_scenario_weighted_ct_emcee.npz

✓ Saved: /eos/project-e/ep-nu/evilla/sn-pointing/cat000326/pipeline/cat000326_scenario_perfect_ct_e_gt_10mev_emcee.npz

✓ Saved: /eos/project-e/ep-nu/evilla/sn-pointing/cat000326/pipeline/cat000326_scenario_perfect_ct_e_gt_20mev_emcee.npz
✓ cat000326 completed successfully
