==================================================================
Processing cat000357 with EMCEE - ALL SCENARIOS
==================================================================
======================================================================
EMCEE RECONSTRUCTION FOR cat000357
======================================================================

Loading PDF from: /eos/home-e/evilla/dune/sn-tps/neural_networks/electron_direction/three_plane_three_plane_v58_200k_lr_schedule_20251118_110931/cosine_energy_pdf.npz
PDF loaded

======================================================================
SCENARIO (EMCEE): PERFECT_CT
======================================================================

Loaded 3826 matched clusters across U, V, X planes
Selected clusters: 295
Running emcee: 64 walkers × 2000 steps...
Acceptance fraction: 15.7%
Mean direction: θ=19.34°, φ=142.79°
Uncertainties: Δθ=43.09°, Δφ=11.44°
68% credible angle: 23.06°

Angular error: 22.84°

======================================================================
SCENARIO (EMCEE): ES_MAIN_CC_SHOWER
======================================================================

Loaded 3826 matched clusters across U, V, X planes
Selected clusters: 295
Running emcee: 64 walkers × 2000 steps...
Acceptance fraction: 15.2%
Mean direction: θ=20.52°, φ=143.77°
Uncertainties: Δθ=47.60°, Δφ=10.89°
68% credible angle: 22.84°

Angular error: 21.64°

======================================================================
SCENARIO (EMCEE): ES_MAIN_CC_ALL
======================================================================

Loaded 3826 matched clusters across U, V, X planes
Selected clusters: 295
Running emcee: 64 walkers × 2000 steps...
Acceptance fraction: 13.8%
Mean direction: θ=9.56°, φ=146.68°
Uncertainties: Δθ=45.08°, Δφ=11.04°
68% credible angle: 23.54°

Angular error: 24.49°

======================================================================
SCENARIO (EMCEE): ES_ALL_CC_SHOWER
======================================================================

Loaded 3826 matched clusters across U, V, X planes
Selected clusters: 295
Running emcee: 64 walkers × 2000 steps...
Acceptance fraction: 15.6%
Mean direction: θ=16.64°, φ=145.70°
Uncertainties: Δθ=52.16°, Δφ=10.37°
68% credible angle: 20.29°

Angular error: 22.03°

======================================================================
SCENARIO (EMCEE): ES_ALL_CC_ALL
======================================================================

Loaded 3826 matched clusters across U, V, X planes
Selected clusters: 295
Running emcee: 64 walkers × 2000 steps...
Acceptance fraction: 16.7%
Mean direction: θ=28.97°, φ=141.12°
Uncertainties: Δθ=44.86°, Δφ=10.91°
68% credible angle: 28.17°

Angular error: 20.13°

======================================================================
SCENARIO (EMCEE): ALL_TRACKS_ALL_SHOWERS
======================================================================

Loaded 3826 matched clusters across U, V, X planes
Selected clusters: 3826
Running emcee: 64 walkers × 2000 steps...
Acceptance fraction: 3.7%
Mean direction: θ=154.49°, φ=121.14°
Uncertainties: Δθ=77.15°, Δφ=46.82°
68% credible angle: 52.72°

Angular error: 64.80°

✓ Saved: /eos/project-e/ep-nu/evilla/sn-pointing/cat000357/pipeline/cat000357_scenario_perfect_ct_emcee.npz

✓ Saved: /eos/project-e/ep-nu/evilla/sn-pointing/cat000357/pipeline/cat000357_scenario_es_main_cc_shower_emcee.npz

✓ Saved: /eos/project-e/ep-nu/evilla/sn-pointing/cat000357/pipeline/cat000357_scenario_es_main_cc_all_emcee.npz

✓ Saved: /eos/project-e/ep-nu/evilla/sn-pointing/cat000357/pipeline/cat000357_scenario_es_all_cc_shower_emcee.npz

✓ Saved: /eos/project-e/ep-nu/evilla/sn-pointing/cat000357/pipeline/cat000357_scenario_es_all_cc_all_emcee.npz

✓ Saved: /eos/project-e/ep-nu/evilla/sn-pointing/cat000357/pipeline/cat000357_scenario_all_tracks_all_showers_emcee.npz
✓ cat000357 completed successfully
