000 (13791725.576.000) 11/20 10:34:58 Job submitted from host: <188.184.90.62:9618?addrs=188.184.90.62-9618+[2001-1458-201-e4--100-238]-9618&alias=bigbird16.cern.ch&noUDP&sock=schedd_5196_9a2f>
...
040 (13791725.576.000) 11/20 11:48:00 Started transferring input files
	Transferring to host: <188.185.93.105:9618?addrs=188.185.93.105-9618+[2001-1458-d00-6c--100-172]-9618&alias=b9g57n4705.cern.ch&noUDP&sock=slot1_1_4735_fc5a_9720>
...
040 (13791725.576.000) 11/20 11:48:00 Finished transferring input files
...
001 (13791725.576.000) 11/20 11:48:01 Job executing on host: <188.185.93.105:9618?addrs=188.185.93.105-9618+[2001-1458-d00-6c--100-172]-9618&alias=b9g57n4705.cern.ch&noUDP&sock=startd_4339_c585>
	SlotName: slot1_1@b9g57n4705.cern.ch
	AvailableGPUs = { GPUs_GPU_4cb0c17c }
	CondorScratchDir = "/pool/condor/dir_3930856"
	Cpus = 11
	Disk = 4194417
	GPUs = 1
	GPUs_GPU_4cb0c17c = [ Id = "GPU-4cb0c17c"; ClockMhz = 1410.0; Capability = 8.0; CoresPerCU = 64; DeviceName = "NVIDIA A100-PCIE-40GB"; DeviceUuid = "4cb0c17c-e986-12c3-223f-a139394373ed"; ECCEnabled = true; ComputeUnits = 108; DriverVersion = 13.0; DevicePciBusId = "0000:06:00.0"; GlobalMemoryMb = 40441; MaxSupportedVersion = 13000 ]
	Memory = 33000
...
006 (13791725.576.000) 11/20 11:48:14 Image size of job updated: 249020
	244  -  MemoryUsage of job (MB)
	249020  -  ResidentSetSize of job (KB)
...
006 (13791725.576.000) 11/20 11:51:25 Image size of job updated: 2209780
	244  -  MemoryUsage of job (MB)
	249020  -  ResidentSetSize of job (KB)
...
040 (13791725.576.000) 11/20 11:51:25 Started transferring output files
...
040 (13791725.576.000) 11/20 11:51:25 Finished transferring output files
...
005 (13791725.576.000) 11/20 11:51:25 Job terminated.
	(1) Normal termination (return value 0)
		Usr 0 00:06:19, Sys 0 00:00:34  -  Run Remote Usage
		Usr 0 00:00:00, Sys 0 00:00:00  -  Run Local Usage
		Usr 0 00:06:19, Sys 0 00:00:34  -  Total Remote Usage
		Usr 0 00:00:00, Sys 0 00:00:00  -  Total Local Usage
	16747  -  Run Bytes Sent By Job
	1411571  -  Run Bytes Received By Job
	16747  -  Total Bytes Sent By Job
	1411571  -  Total Bytes Received By Job
	Partitionable Resources :    Usage  Request Allocated Assigned
	   Cpus                 :        0       11        11 
	   Disk (KB)            :     1419  4194304   4194417 
	   GPUs                 :                 1         1 "GPU-4cb0c17c"
	   Memory (MB)          :      244    33000     33000 
	   TimeExecute (s)      :      204                    
	   TimeSlotBusy (s)     :      205                    

	Job terminated of its own accord at 2025-11-20T10:51:25Z with exit-code 0.
...
