000 (13791716.119.000) 11/20 10:18:20 Job submitted from host: <188.184.90.62:9618?addrs=188.184.90.62-9618+[2001-1458-201-e4--100-238]-9618&alias=bigbird16.cern.ch&noUDP&sock=schedd_5196_9a2f>
...
040 (13791716.119.000) 11/20 10:26:40 Started transferring input files
	Transferring to host: <188.185.190.48:9618?addrs=188.185.190.48-9618+[2001-1458-d03-b--100-230]-9618&alias=b9pgpun037.cern.ch&noUDP&sock=slot1_1_240271_67c4_6835>
...
040 (13791716.119.000) 11/20 10:26:40 Finished transferring input files
...
001 (13791716.119.000) 11/20 10:26:41 Job executing on host: <188.185.190.48:9618?addrs=188.185.190.48-9618+[2001-1458-d03-b--100-230]-9618&alias=b9pgpun037.cern.ch&noUDP&sock=startd_233660_e749>
	SlotName: slot1_1@b9pgpun037.cern.ch
	AvailableGPUs = { GPUs_MIG_ecbdaa06_9a3b_5e38_acba_14914049b6d9 }
	CondorScratchDir = "/pool/condor/dir_3493760"
	Cpus = 11
	Disk = 4194872
	GPUs = 1
	GPUs_MIG_ecbdaa06_9a3b_5e38_acba_14914049b6d9 = [ Id = "MIG-ecbdaa06-9a3b-5e38-acba-14914049b6d9"; DeviceName = "NVIDIA H100L-2-24C MIG 2g.24gb"; DeviceUuid = "MIG-ecbdaa06-9a3b-5e38-acba-14914049b6d9"; ComputeUnits = 32; GlobalMemoryMb = 21547 ]
	Memory = 33000
...
006 (13791716.119.000) 11/20 10:26:54 Image size of job updated: 347136
	339  -  MemoryUsage of job (MB)
	347136  -  ResidentSetSize of job (KB)
...
006 (13791716.119.000) 11/20 10:27:04 Image size of job updated: 612612
	339  -  MemoryUsage of job (MB)
	347136  -  ResidentSetSize of job (KB)
...
040 (13791716.119.000) 11/20 10:27:04 Started transferring output files
...
040 (13791716.119.000) 11/20 10:27:04 Finished transferring output files
...
004 (13791716.119.000) 11/20 10:27:05 Job was evicted.
	(0) CPU times
		Usr 0 00:00:07, Sys 0 00:00:01  -  Run Remote Usage
		Usr 0 00:00:00, Sys 0 00:00:00  -  Run Local Usage
	11070  -  Run Bytes Sent By Job
	1410806  -  Run Bytes Received By Job
	Partitionable Resources :    Usage  Request Allocated Assigned
	   Cpus                 :                11        11 
	   Disk (KB)            :     1405  4194304   4194872 
	   GPUs                 :                 1         1 "MIG-ecbdaa06-9a3b-5e38-acba-14914049b6d9"
	   Memory (MB)          :      339    33000     33000 
	   TimeExecute (s)      :       23                    
	   TimeSlotBusy (s)     :       24                    
...
009 (13791716.119.000) 11/20 10:27:06 Job was aborted.
	via condor_rm (by user evilla)
...
