==================================================================
Processing cat000122 with EMCEE - ALL SCENARIOS
==================================================================
======================================================================
EMCEE RECONSTRUCTION FOR cat000122
======================================================================

Loading PDF from: /eos/home-e/evilla/dune/sn-tps/neural_networks/electron_direction/three_plane_three_plane_v58_200k_lr_schedule_20251118_110931/cosine_energy_pdf.npz
PDF loaded

======================================================================
SCENARIO (EMCEE): PERFECT_CT
======================================================================

Loaded 3480 matched clusters across U, V, X planes
Selected clusters: 251
Running emcee: 64 walkers × 2000 steps...
Acceptance fraction: 7.5%
Mean direction: θ=-177.30°, φ=138.63°
Uncertainties: Δθ=29.05°, Δφ=19.75°
68% credible angle: 26.30°

Angular error: 11.63°

======================================================================
SCENARIO (EMCEE): ES_MAIN_CC_SHOWER
======================================================================

Loaded 3480 matched clusters across U, V, X planes
Selected clusters: 251
Running emcee: 64 walkers × 2000 steps...
Acceptance fraction: 7.4%
Mean direction: θ=-172.58°, φ=137.60°
Uncertainties: Δθ=28.65°, Δφ=18.25°
68% credible angle: 25.80°

Angular error: 8.33°

======================================================================
SCENARIO (EMCEE): ES_MAIN_CC_ALL
======================================================================

Loaded 3480 matched clusters across U, V, X planes
Selected clusters: 251
Running emcee: 64 walkers × 2000 steps...
Acceptance fraction: 6.2%
Mean direction: θ=-177.59°, φ=134.72°
Uncertainties: Δθ=29.02°, Δφ=21.22°
68% credible angle: 29.95°

Angular error: 11.74°

======================================================================
SCENARIO (EMCEE): ES_ALL_CC_SHOWER
======================================================================

Loaded 3480 matched clusters across U, V, X planes
Selected clusters: 251
Running emcee: 64 walkers × 2000 steps...
Acceptance fraction: 7.3%
Mean direction: θ=-174.55°, φ=138.59°
Uncertainties: Δθ=27.20°, Δφ=20.41°
68% credible angle: 25.60°

Angular error: 9.84°

======================================================================
SCENARIO (EMCEE): ES_ALL_CC_ALL
======================================================================

Loaded 3480 matched clusters across U, V, X planes
Selected clusters: 251
Running emcee: 64 walkers × 2000 steps...
Acceptance fraction: 9.3%
Mean direction: θ=-168.53°, φ=141.02°
Uncertainties: Δθ=35.67°, Δφ=26.21°
68% credible angle: 25.55°

Angular error: 7.67°

======================================================================
SCENARIO (EMCEE): ALL_TRACKS_ALL_SHOWERS
======================================================================

Loaded 3480 matched clusters across U, V, X planes
Selected clusters: 3480
Running emcee: 64 walkers × 2000 steps...
Acceptance fraction: 4.9%
Mean direction: θ=-164.58°, φ=118.06°
Uncertainties: Δθ=54.27°, Δφ=34.52°
68% credible angle: 47.48°

Angular error: 17.40°

✓ Saved: /eos/project-e/ep-nu/evilla/sn-pointing/cat000122/pipeline/cat000122_scenario_perfect_ct_emcee.npz

✓ Saved: /eos/project-e/ep-nu/evilla/sn-pointing/cat000122/pipeline/cat000122_scenario_es_main_cc_shower_emcee.npz

✓ Saved: /eos/project-e/ep-nu/evilla/sn-pointing/cat000122/pipeline/cat000122_scenario_es_main_cc_all_emcee.npz

✓ Saved: /eos/project-e/ep-nu/evilla/sn-pointing/cat000122/pipeline/cat000122_scenario_es_all_cc_shower_emcee.npz

✓ Saved: /eos/project-e/ep-nu/evilla/sn-pointing/cat000122/pipeline/cat000122_scenario_es_all_cc_all_emcee.npz

✓ Saved: /eos/project-e/ep-nu/evilla/sn-pointing/cat000122/pipeline/cat000122_scenario_all_tracks_all_showers_emcee.npz
✓ cat000122 completed successfully
