==================================================================
Processing cat000524 with EMCEE - ALL SCENARIOS
==================================================================
======================================================================
EMCEE RECONSTRUCTION FOR cat000524
======================================================================

Loading PDF from: /eos/home-e/evilla/dune/sn-tps/neural_networks/electron_direction/three_plane_three_plane_v58_200k_lr_schedule_20251118_110931/cosine_energy_pdf.npz
PDF loaded

======================================================================
SCENARIO (EMCEE): PERFECT_CT
======================================================================

Loaded 3655 matched clusters across U, V, X planes
Selected clusters: 285
Running emcee: 64 walkers × 2000 steps...
Acceptance fraction: 8.3%
Mean direction: θ=142.13°, φ=108.14°
Uncertainties: Δθ=38.97°, Δφ=21.19°
68% credible angle: 40.84°

Angular error: 33.49°

======================================================================
SCENARIO (EMCEE): ES_MAIN_CC_SHOWER
======================================================================

Loaded 3655 matched clusters across U, V, X planes
Selected clusters: 285
Running emcee: 64 walkers × 2000 steps...
Acceptance fraction: 10.1%
Mean direction: θ=146.93°, φ=107.70°
Uncertainties: Δθ=38.94°, Δφ=23.44°
68% credible angle: 36.21°

Angular error: 38.05°

======================================================================
SCENARIO (EMCEE): ES_MAIN_CC_ALL
======================================================================

Loaded 3655 matched clusters across U, V, X planes
Selected clusters: 285
Running emcee: 64 walkers × 2000 steps...
Acceptance fraction: 12.4%
Mean direction: θ=142.11°, φ=110.26°
Uncertainties: Δθ=35.54°, Δφ=22.44°
68% credible angle: 40.88°

Angular error: 33.07°

======================================================================
SCENARIO (EMCEE): ES_ALL_CC_SHOWER
======================================================================

Loaded 3655 matched clusters across U, V, X planes
Selected clusters: 285
Running emcee: 64 walkers × 2000 steps...
Acceptance fraction: 9.0%
Mean direction: θ=150.95°, φ=109.25°
Uncertainties: Δθ=40.61°, Δφ=24.25°
68% credible angle: 40.08°

Angular error: 41.42°

======================================================================
SCENARIO (EMCEE): ES_ALL_CC_ALL
======================================================================

Loaded 3655 matched clusters across U, V, X planes
Selected clusters: 285
Running emcee: 64 walkers × 2000 steps...
Acceptance fraction: 9.3%
Mean direction: θ=133.00°, φ=107.12°
Uncertainties: Δθ=36.68°, Δφ=21.01°
68% credible angle: 34.09°

Angular error: 25.30°

======================================================================
SCENARIO (EMCEE): ALL_TRACKS_ALL_SHOWERS
======================================================================

Loaded 3655 matched clusters across U, V, X planes
Selected clusters: 3655
Running emcee: 64 walkers × 2000 steps...
Acceptance fraction: 3.6%
Mean direction: θ=166.09°, φ=102.62°
Uncertainties: Δθ=68.02°, Δφ=29.44°
68% credible angle: 62.43°

Angular error: 57.21°

✓ Saved: /eos/project-e/ep-nu/evilla/sn-pointing/cat000524/pipeline/cat000524_scenario_perfect_ct_emcee.npz

✓ Saved: /eos/project-e/ep-nu/evilla/sn-pointing/cat000524/pipeline/cat000524_scenario_es_main_cc_shower_emcee.npz

✓ Saved: /eos/project-e/ep-nu/evilla/sn-pointing/cat000524/pipeline/cat000524_scenario_es_main_cc_all_emcee.npz

✓ Saved: /eos/project-e/ep-nu/evilla/sn-pointing/cat000524/pipeline/cat000524_scenario_es_all_cc_shower_emcee.npz

✓ Saved: /eos/project-e/ep-nu/evilla/sn-pointing/cat000524/pipeline/cat000524_scenario_es_all_cc_all_emcee.npz

✓ Saved: /eos/project-e/ep-nu/evilla/sn-pointing/cat000524/pipeline/cat000524_scenario_all_tracks_all_showers_emcee.npz
✓ cat000524 completed successfully
