==================================================================
Processing cat000150 with EMCEE - ALL SCENARIOS
==================================================================
======================================================================
EMCEE RECONSTRUCTION FOR cat000150
======================================================================

Loading PDF from: /eos/home-e/evilla/dune/sn-tps/neural_networks/electron_direction/three_plane_three_plane_v58_200k_lr_schedule_20251118_110931/cosine_energy_pdf.npz
PDF loaded

======================================================================
SCENARIO (EMCEE): PERFECT_CT
======================================================================

Loaded 3261 matched clusters across U, V, X planes
Selected clusters: 177
Running emcee: 64 walkers × 2000 steps...
Acceptance fraction: 10.9%
Mean direction: θ=-1.00°, φ=100.62°
Uncertainties: Δθ=30.91°, Δφ=13.48°
68% credible angle: 24.55°

Angular error: 14.49°

======================================================================
SCENARIO (EMCEE): ES_MAIN_CC_SHOWER
======================================================================

Loaded 3261 matched clusters across U, V, X planes
Selected clusters: 177
Running emcee: 64 walkers × 2000 steps...
Acceptance fraction: 12.8%
Mean direction: θ=-4.63°, φ=102.36°
Uncertainties: Δθ=18.78°, Δφ=11.12°
68% credible angle: 25.19°

Angular error: 11.63°

======================================================================
SCENARIO (EMCEE): ES_MAIN_CC_ALL
======================================================================

Loaded 3261 matched clusters across U, V, X planes
Selected clusters: 177
Running emcee: 64 walkers × 2000 steps...
Acceptance fraction: 10.6%
Mean direction: θ=-2.95°, φ=97.20°
Uncertainties: Δθ=18.68°, Δφ=11.95°
68% credible angle: 23.85°

Angular error: 12.25°

======================================================================
SCENARIO (EMCEE): ES_ALL_CC_SHOWER
======================================================================

Loaded 3261 matched clusters across U, V, X planes
Selected clusters: 177
Running emcee: 64 walkers × 2000 steps...
Acceptance fraction: 10.5%
Mean direction: θ=-6.14°, φ=97.32°
Uncertainties: Δθ=25.73°, Δφ=11.30°
68% credible angle: 24.60°

Angular error: 9.08°

======================================================================
SCENARIO (EMCEE): ES_ALL_CC_ALL
======================================================================

Loaded 3261 matched clusters across U, V, X planes
Selected clusters: 177
Running emcee: 64 walkers × 2000 steps...
Acceptance fraction: 11.4%
Mean direction: θ=0.11°, φ=98.64°
Uncertainties: Δθ=23.30°, Δφ=13.41°
68% credible angle: 24.41°

Angular error: 15.31°

======================================================================
SCENARIO (EMCEE): ALL_TRACKS_ALL_SHOWERS
======================================================================

Loaded 3261 matched clusters across U, V, X planes
Selected clusters: 3261
Running emcee: 64 walkers × 2000 steps...
Acceptance fraction: 9.3%
Mean direction: θ=-72.84°, φ=109.94°
Uncertainties: Δθ=78.49°, Δφ=22.05°
68% credible angle: 61.31°

Angular error: 57.04°

✓ Saved: /eos/project-e/ep-nu/evilla/sn-pointing/cat000150/pipeline/cat000150_scenario_perfect_ct_emcee.npz

✓ Saved: /eos/project-e/ep-nu/evilla/sn-pointing/cat000150/pipeline/cat000150_scenario_es_main_cc_shower_emcee.npz

✓ Saved: /eos/project-e/ep-nu/evilla/sn-pointing/cat000150/pipeline/cat000150_scenario_es_main_cc_all_emcee.npz

✓ Saved: /eos/project-e/ep-nu/evilla/sn-pointing/cat000150/pipeline/cat000150_scenario_es_all_cc_shower_emcee.npz

✓ Saved: /eos/project-e/ep-nu/evilla/sn-pointing/cat000150/pipeline/cat000150_scenario_es_all_cc_all_emcee.npz

✓ Saved: /eos/project-e/ep-nu/evilla/sn-pointing/cat000150/pipeline/cat000150_scenario_all_tracks_all_showers_emcee.npz
✓ cat000150 completed successfully
