Processing cat000024 with 6 scenarios...
Cat directory: /eos/project-e/ep-nu/evilla/sn-pointing/cat000024
======================================================================
EMCEE RECONSTRUCTION FOR cat000024
======================================================================

Loading PDF from: /eos/home-e/evilla/dune/sn-tps/neural_networks/electron_direction/three_plane_three_plane_v58_200k_lr_schedule_20251118_110931/cosine_energy_pdf.npz
PDF loaded

======================================================================
SCENARIO (EMCEE): BEST_CASE
======================================================================

Loaded 3843 matched main-track clusters across U, V, X planes
Selected 278 ES main tracks
After E > 3 MeV cut: 278 clusters
Running emcee: 64 walkers × 2000 steps...
Acceptance fraction: 10.6%
Mean direction: θ=-148.51°, φ=79.28°
Uncertainties: Δθ=40.58°, Δφ=23.13°
68% credible angle: 36.87°

Angular error: 26.90°

======================================================================
SCENARIO (EMCEE): PERFECT_CT
======================================================================

Loaded 3843 matched main-track clusters across U, V, X planes
Selected 278 ES main tracks
Loading ED model from: /eos/home-e/evilla/dune/sn-tps/neural_networks/electron_direction/three_plane_three_plane_v58_200k_lr_schedule_20251118_110931/checkpoints/model_epoch_12_val_loss_0.8898.keras
Running ED inference...
After energy cut: 278 clusters
Running emcee: 64 walkers × 2000 steps...
Acceptance fraction: 11.5%
Mean direction: θ=-148.74°, φ=65.23°
Uncertainties: Δθ=35.88°, Δφ=18.02°
68% credible angle: 40.56°

Angular error: 26.56°

======================================================================
SCENARIO (EMCEE): FULL_PIPELINE
======================================================================

Loaded 3843 matched main-track clusters across U, V, X planes
Using all 3843 main-track clusters
Loading CT model from: /eos/user/e/evilla/dune/sn-tps/neural_networks/channel_tagging/ct_volume_v52_batch_reload_20251116_101125/best_model.keras
Running CT inference...
CT selected 3493 ES candidates from 3843 clusters
  ES prob range: [0.000, 1.000]
Loading ED model from: /eos/home-e/evilla/dune/sn-tps/neural_networks/electron_direction/three_plane_three_plane_v58_200k_lr_schedule_20251118_110931/checkpoints/model_epoch_12_val_loss_0.8898.keras
Running ED inference on 3493 clusters...
After E > 3 MeV cut: 3470 clusters
Running emcee: 64 walkers × 2000 steps...
Acceptance fraction: 4.2%
Mean direction: θ=-159.06°, φ=89.20°
Uncertainties: Δθ=68.61°, Δφ=30.05°
68% credible angle: 64.17°

Angular error: 40.32°

======================================================================
SCENARIO (EMCEE): WEIGHTED_CT
======================================================================

Loaded 3843 matched main-track clusters across U, V, X planes
Using all 3843 main-track clusters
Loading CT model from: /eos/user/e/evilla/dune/sn-tps/neural_networks/channel_tagging/ct_volume_v52_batch_reload_20251116_101125/best_model.keras
Running CT inference...
CT selected 3493 ES candidates from 3843 clusters
  ES prob range: [0.000, 1.000]
Loading ED model from: /eos/home-e/evilla/dune/sn-tps/neural_networks/electron_direction/three_plane_three_plane_v58_200k_lr_schedule_20251118_110931/checkpoints/model_epoch_12_val_loss_0.8898.keras
Running ED inference on 3493 clusters...
Using CT weights (ES probabilities)
After E > 3 MeV cut: 3470 clusters
Running weighted MCMC with 3470 weights
Running emcee: 64 walkers × 2000 steps...
Acceptance fraction: 4.4%
Mean direction: θ=-174.06°, φ=84.96°
Uncertainties: Δθ=71.04°, Δφ=29.76°
68% credible angle: 64.82°

Angular error: 52.77°

======================================================================
SCENARIO (EMCEE): PERFECT_CT_E_GT_10MEV
======================================================================

Loaded 3843 matched main-track clusters across U, V, X planes
Selected 278 ES main tracks
Loading ED model from: /eos/home-e/evilla/dune/sn-tps/neural_networks/electron_direction/three_plane_three_plane_v58_200k_lr_schedule_20251118_110931/checkpoints/model_epoch_12_val_loss_0.8898.keras
Running ED inference...
Applying E > 10 MeV cut
After energy cut: 160 clusters
Running emcee: 64 walkers × 2000 steps...
Acceptance fraction: 9.9%
Mean direction: θ=-151.70°, φ=83.81°
Uncertainties: Δθ=57.57°, Δφ=23.49°
68% credible angle: 45.08°

Angular error: 31.40°

======================================================================
SCENARIO (EMCEE): PERFECT_CT_E_GT_20MEV
======================================================================

Loaded 3843 matched main-track clusters across U, V, X planes
Selected 278 ES main tracks
Loading ED model from: /eos/home-e/evilla/dune/sn-tps/neural_networks/electron_direction/three_plane_three_plane_v58_200k_lr_schedule_20251118_110931/checkpoints/model_epoch_12_val_loss_0.8898.keras
Running ED inference...
Applying E > 20 MeV cut
After energy cut: 38 clusters
Running emcee: 64 walkers × 2000 steps...
Acceptance fraction: 14.9%
Mean direction: θ=174.51°, φ=87.92°
Uncertainties: Δθ=87.17°, Δφ=10.54°
68% credible angle: 75.39°

Angular error: 64.53°

✓ Saved: /eos/project-e/ep-nu/evilla/sn-pointing/cat000024/pipeline/cat000024_scenario_best_case_emcee.npz

✓ Saved: /eos/project-e/ep-nu/evilla/sn-pointing/cat000024/pipeline/cat000024_scenario_perfect_ct_emcee.npz

✓ Saved: /eos/project-e/ep-nu/evilla/sn-pointing/cat000024/pipeline/cat000024_scenario_full_pipeline_emcee.npz

✓ Saved: /eos/project-e/ep-nu/evilla/sn-pointing/cat000024/pipeline/cat000024_scenario_weighted_ct_emcee.npz

✓ Saved: /eos/project-e/ep-nu/evilla/sn-pointing/cat000024/pipeline/cat000024_scenario_perfect_ct_e_gt_10mev_emcee.npz

✓ Saved: /eos/project-e/ep-nu/evilla/sn-pointing/cat000024/pipeline/cat000024_scenario_perfect_ct_e_gt_20mev_emcee.npz
✓ cat000024 completed successfully
