000 (13791725.491.000) 11/20 10:34:58 Job submitted from host: <188.184.90.62:9618?addrs=188.184.90.62-9618+[2001-1458-201-e4--100-238]-9618&alias=bigbird16.cern.ch&noUDP&sock=schedd_5196_9a2f>
...
040 (13791725.491.000) 11/20 11:37:23 Started transferring input files
	Transferring to host: <188.185.190.87:9618?addrs=188.185.190.87-9618+[2001-1458-d03-b--100-13d]-9618&alias=b9pgpun201.cern.ch&noUDP&sock=slot1_1_5075_8be7_4232>
...
040 (13791725.491.000) 11/20 11:37:23 Finished transferring input files
...
001 (13791725.491.000) 11/20 11:37:24 Job executing on host: <188.185.190.87:9618?addrs=188.185.190.87-9618+[2001-1458-d03-b--100-13d]-9618&alias=b9pgpun201.cern.ch&noUDP&sock=startd_4463_d344>
	SlotName: slot1_1@b9pgpun201.cern.ch
	AvailableGPUs = { GPUs_MIG_74270ab7_dab9_5a47_898b_f6d4c101c98c }
	CondorScratchDir = "/pool/condor/dir_930695"
	Cpus = 11
	Disk = 4194960
	GPUs = 1
	GPUs_MIG_74270ab7_dab9_5a47_898b_f6d4c101c98c = [ Id = "MIG-74270ab7-dab9-5a47-898b-f6d4c101c98c"; DeviceName = "NVIDIA H100L-2-24C MIG 2g.24gb"; DeviceUuid = "MIG-74270ab7-dab9-5a47-898b-f6d4c101c98c"; ComputeUnits = 32; GlobalMemoryMb = 21547 ]
	Memory = 33000
...
006 (13791725.491.000) 11/20 11:37:38 Image size of job updated: 352216
	344  -  MemoryUsage of job (MB)
	352216  -  ResidentSetSize of job (KB)
...
006 (13791725.491.000) 11/20 11:39:55 Image size of job updated: 1585568
	344  -  MemoryUsage of job (MB)
	352216  -  ResidentSetSize of job (KB)
...
040 (13791725.491.000) 11/20 11:39:55 Started transferring output files
...
040 (13791725.491.000) 11/20 11:39:55 Finished transferring output files
...
005 (13791725.491.000) 11/20 11:39:55 Job terminated.
	(1) Normal termination (return value 0)
		Usr 0 00:03:28, Sys 0 00:00:09  -  Run Remote Usage
		Usr 0 00:00:00, Sys 0 00:00:00  -  Run Local Usage
		Usr 0 00:03:28, Sys 0 00:00:09  -  Total Remote Usage
		Usr 0 00:00:00, Sys 0 00:00:00  -  Total Local Usage
	17416  -  Run Bytes Sent By Job
	1411571  -  Run Bytes Received By Job
	17416  -  Total Bytes Sent By Job
	1411571  -  Total Bytes Received By Job
	Partitionable Resources :    Usage  Request Allocated Assigned
	   Cpus                 :        0       11        11 
	   Disk (KB)            :     1420  4194304   4194960 
	   GPUs                 :                 1         1 "MIG-74270ab7-dab9-5a47-898b-f6d4c101c98c"
	   Memory (MB)          :      344    33000     33000 
	   TimeExecute (s)      :      151                    
	   TimeSlotBusy (s)     :      152                    

	Job terminated of its own accord at 2025-11-20T10:39:55Z with exit-code 0.
...
