Processing cat000478 with 6 scenarios...
Cat directory: /eos/project-e/ep-nu/evilla/sn-pointing/cat000478
======================================================================
EMCEE RECONSTRUCTION FOR cat000478
======================================================================

Loading PDF from: /eos/home-e/evilla/dune/sn-tps/neural_networks/electron_direction/three_plane_three_plane_v58_200k_lr_schedule_20251118_110931/cosine_energy_pdf.npz
PDF loaded

======================================================================
SCENARIO (EMCEE): BEST_CASE
======================================================================

Loaded 3502 matched main-track clusters across U, V, X planes
Selected 286 ES main tracks
After E > 3 MeV cut: 286 clusters
Running emcee: 64 walkers × 2000 steps...
Acceptance fraction: 9.9%
Mean direction: θ=-43.74°, φ=136.75°
Uncertainties: Δθ=34.91°, Δφ=28.37°
68% credible angle: 33.67°

Angular error: 10.23°

======================================================================
SCENARIO (EMCEE): PERFECT_CT
======================================================================

Loaded 3502 matched main-track clusters across U, V, X planes
Selected 286 ES main tracks
Loading ED model from: /eos/home-e/evilla/dune/sn-tps/neural_networks/electron_direction/three_plane_three_plane_v58_200k_lr_schedule_20251118_110931/checkpoints/model_epoch_12_val_loss_0.8898.keras
Running ED inference...
After energy cut: 286 clusters
Running emcee: 64 walkers × 2000 steps...
Acceptance fraction: 9.0%
Mean direction: θ=-18.87°, φ=140.67°
Uncertainties: Δθ=48.65°, Δφ=13.93°
68% credible angle: 32.35°

Angular error: 8.00°

======================================================================
SCENARIO (EMCEE): FULL_PIPELINE
======================================================================

Loaded 3502 matched main-track clusters across U, V, X planes
Using all 3502 main-track clusters
Loading CT model from: /eos/user/e/evilla/dune/sn-tps/neural_networks/channel_tagging/ct_volume_v52_batch_reload_20251116_101125/best_model.keras
Running CT inference...
CT selected 3170 ES candidates from 3502 clusters
  ES prob range: [0.000, 1.000]
Loading ED model from: /eos/home-e/evilla/dune/sn-tps/neural_networks/electron_direction/three_plane_three_plane_v58_200k_lr_schedule_20251118_110931/checkpoints/model_epoch_12_val_loss_0.8898.keras
Running ED inference on 3170 clusters...
After E > 3 MeV cut: 3148 clusters
Running emcee: 64 walkers × 2000 steps...
Acceptance fraction: 7.2%
Mean direction: θ=-59.03°, φ=115.38°
Uncertainties: Δθ=94.63°, Δφ=33.69°
68% credible angle: 70.35°

Angular error: 34.65°

======================================================================
SCENARIO (EMCEE): WEIGHTED_CT
======================================================================

Loaded 3502 matched main-track clusters across U, V, X planes
Using all 3502 main-track clusters
Loading CT model from: /eos/user/e/evilla/dune/sn-tps/neural_networks/channel_tagging/ct_volume_v52_batch_reload_20251116_101125/best_model.keras
Running CT inference...
CT selected 3170 ES candidates from 3502 clusters
  ES prob range: [0.000, 1.000]
Loading ED model from: /eos/home-e/evilla/dune/sn-tps/neural_networks/electron_direction/three_plane_three_plane_v58_200k_lr_schedule_20251118_110931/checkpoints/model_epoch_12_val_loss_0.8898.keras
Running ED inference on 3170 clusters...
Using CT weights (ES probabilities)
After E > 3 MeV cut: 3148 clusters
Running weighted MCMC with 3148 weights
Running emcee: 64 walkers × 2000 steps...
Acceptance fraction: 6.3%
Mean direction: θ=-68.37°, φ=101.18°
Uncertainties: Δθ=75.00°, Δφ=39.18°
68% credible angle: 66.64°

Angular error: 51.34°

======================================================================
SCENARIO (EMCEE): PERFECT_CT_E_GT_10MEV
======================================================================

Loaded 3502 matched main-track clusters across U, V, X planes
Selected 286 ES main tracks
Loading ED model from: /eos/home-e/evilla/dune/sn-tps/neural_networks/electron_direction/three_plane_three_plane_v58_200k_lr_schedule_20251118_110931/checkpoints/model_epoch_12_val_loss_0.8898.keras
Running ED inference...
Applying E > 10 MeV cut
After energy cut: 152 clusters
Running emcee: 64 walkers × 2000 steps...
Acceptance fraction: 19.0%
Mean direction: θ=-12.57°, φ=138.52°
Uncertainties: Δθ=34.88°, Δφ=12.93°
68% credible angle: 28.97°

Angular error: 12.61°

======================================================================
SCENARIO (EMCEE): PERFECT_CT_E_GT_20MEV
======================================================================

Loaded 3502 matched main-track clusters across U, V, X planes
Selected 286 ES main tracks
Loading ED model from: /eos/home-e/evilla/dune/sn-tps/neural_networks/electron_direction/three_plane_three_plane_v58_200k_lr_schedule_20251118_110931/checkpoints/model_epoch_12_val_loss_0.8898.keras
Running ED inference...
Applying E > 20 MeV cut
After energy cut: 30 clusters
Running emcee: 64 walkers × 2000 steps...
Acceptance fraction: 30.3%
Mean direction: θ=-15.11°, φ=115.98°
Uncertainties: Δθ=55.04°, Δφ=40.93°
68% credible angle: 21.22°

Angular error: 29.68°

✓ Saved: /eos/project-e/ep-nu/evilla/sn-pointing/cat000478/pipeline/cat000478_scenario_best_case_emcee.npz

✓ Saved: /eos/project-e/ep-nu/evilla/sn-pointing/cat000478/pipeline/cat000478_scenario_perfect_ct_emcee.npz

✓ Saved: /eos/project-e/ep-nu/evilla/sn-pointing/cat000478/pipeline/cat000478_scenario_full_pipeline_emcee.npz

✓ Saved: /eos/project-e/ep-nu/evilla/sn-pointing/cat000478/pipeline/cat000478_scenario_weighted_ct_emcee.npz

✓ Saved: /eos/project-e/ep-nu/evilla/sn-pointing/cat000478/pipeline/cat000478_scenario_perfect_ct_e_gt_10mev_emcee.npz

✓ Saved: /eos/project-e/ep-nu/evilla/sn-pointing/cat000478/pipeline/cat000478_scenario_perfect_ct_e_gt_20mev_emcee.npz
✓ cat000478 completed successfully
