Processing cat000070 with 6 scenarios...
Cat directory: /eos/project-e/ep-nu/evilla/sn-pointing/cat000070
======================================================================
EMCEE RECONSTRUCTION FOR cat000070
======================================================================

Loading PDF from: /eos/home-e/evilla/dune/sn-tps/neural_networks/electron_direction/three_plane_three_plane_v58_200k_lr_schedule_20251118_110931/cosine_energy_pdf.npz
PDF loaded

======================================================================
SCENARIO (EMCEE): BEST_CASE
======================================================================

Loaded 3737 matched main-track clusters across U, V, X planes
Selected 262 ES main tracks
After E > 3 MeV cut: 262 clusters
Running emcee: 64 walkers × 2000 steps...
Acceptance fraction: 8.9%
Mean direction: θ=31.33°, φ=87.90°
Uncertainties: Δθ=26.32°, Δφ=16.45°
68% credible angle: 27.36°

Angular error: 13.74°

======================================================================
SCENARIO (EMCEE): PERFECT_CT
======================================================================

Loaded 3737 matched main-track clusters across U, V, X planes
Selected 262 ES main tracks
Loading ED model from: /eos/home-e/evilla/dune/sn-tps/neural_networks/electron_direction/three_plane_three_plane_v58_200k_lr_schedule_20251118_110931/checkpoints/model_epoch_12_val_loss_0.8898.keras
Running ED inference...
After energy cut: 262 clusters
Running emcee: 64 walkers × 2000 steps...
Acceptance fraction: 18.1%
Mean direction: θ=3.13°, φ=72.74°
Uncertainties: Δθ=24.25°, Δφ=17.09°
68% credible angle: 22.36°

Angular error: 27.14°

======================================================================
SCENARIO (EMCEE): FULL_PIPELINE
======================================================================

Loaded 3737 matched main-track clusters across U, V, X planes
Using all 3737 main-track clusters
Loading CT model from: /eos/user/e/evilla/dune/sn-tps/neural_networks/channel_tagging/ct_volume_v52_batch_reload_20251116_101125/best_model.keras
Running CT inference...
CT selected 3348 ES candidates from 3737 clusters
  ES prob range: [0.000, 1.000]
Loading ED model from: /eos/home-e/evilla/dune/sn-tps/neural_networks/electron_direction/three_plane_three_plane_v58_200k_lr_schedule_20251118_110931/checkpoints/model_epoch_12_val_loss_0.8898.keras
Running ED inference on 3348 clusters...
After E > 3 MeV cut: 3324 clusters
Running emcee: 64 walkers × 2000 steps...
Acceptance fraction: 4.0%
Mean direction: θ=-130.21°, φ=95.77°
Uncertainties: Δθ=104.56°, Δφ=38.57°
68% credible angle: 100.99°

Angular error: 159.37°

======================================================================
SCENARIO (EMCEE): WEIGHTED_CT
======================================================================

Loaded 3737 matched main-track clusters across U, V, X planes
Using all 3737 main-track clusters
Loading CT model from: /eos/user/e/evilla/dune/sn-tps/neural_networks/channel_tagging/ct_volume_v52_batch_reload_20251116_101125/best_model.keras
Running CT inference...
CT selected 3348 ES candidates from 3737 clusters
  ES prob range: [0.000, 1.000]
Loading ED model from: /eos/home-e/evilla/dune/sn-tps/neural_networks/electron_direction/three_plane_three_plane_v58_200k_lr_schedule_20251118_110931/checkpoints/model_epoch_12_val_loss_0.8898.keras
Running ED inference on 3348 clusters...
Using CT weights (ES probabilities)
After E > 3 MeV cut: 3324 clusters
Running weighted MCMC with 3324 weights
Running emcee: 64 walkers × 2000 steps...
Acceptance fraction: 3.3%
Mean direction: θ=-132.23°, φ=95.73°
Uncertainties: Δθ=88.42°, Δφ=40.11°
68% credible angle: 96.27°

Angular error: 161.05°

======================================================================
SCENARIO (EMCEE): PERFECT_CT_E_GT_10MEV
======================================================================

Loaded 3737 matched main-track clusters across U, V, X planes
Selected 262 ES main tracks
Loading ED model from: /eos/home-e/evilla/dune/sn-tps/neural_networks/electron_direction/three_plane_three_plane_v58_200k_lr_schedule_20251118_110931/checkpoints/model_epoch_12_val_loss_0.8898.keras
Running ED inference...
Applying E > 10 MeV cut
After energy cut: 135 clusters
Running emcee: 64 walkers × 2000 steps...
Acceptance fraction: 12.0%
Mean direction: θ=11.45°, φ=73.04°
Uncertainties: Δθ=20.53°, Δφ=10.55°
68% credible angle: 23.40°

Angular error: 19.19°

======================================================================
SCENARIO (EMCEE): PERFECT_CT_E_GT_20MEV
======================================================================

Loaded 3737 matched main-track clusters across U, V, X planes
Selected 262 ES main tracks
Loading ED model from: /eos/home-e/evilla/dune/sn-tps/neural_networks/electron_direction/three_plane_three_plane_v58_200k_lr_schedule_20251118_110931/checkpoints/model_epoch_12_val_loss_0.8898.keras
Running ED inference...
Applying E > 20 MeV cut
After energy cut: 35 clusters
Running emcee: 64 walkers × 2000 steps...
Acceptance fraction: 19.1%
Mean direction: θ=3.04°, φ=69.69°
Uncertainties: Δθ=13.30°, Δφ=10.78°
68% credible angle: 15.62°

Angular error: 27.32°

✓ Saved: /eos/project-e/ep-nu/evilla/sn-pointing/cat000070/pipeline/cat000070_scenario_best_case_emcee.npz

✓ Saved: /eos/project-e/ep-nu/evilla/sn-pointing/cat000070/pipeline/cat000070_scenario_perfect_ct_emcee.npz

✓ Saved: /eos/project-e/ep-nu/evilla/sn-pointing/cat000070/pipeline/cat000070_scenario_full_pipeline_emcee.npz

✓ Saved: /eos/project-e/ep-nu/evilla/sn-pointing/cat000070/pipeline/cat000070_scenario_weighted_ct_emcee.npz

✓ Saved: /eos/project-e/ep-nu/evilla/sn-pointing/cat000070/pipeline/cat000070_scenario_perfect_ct_e_gt_10mev_emcee.npz

✓ Saved: /eos/project-e/ep-nu/evilla/sn-pointing/cat000070/pipeline/cat000070_scenario_perfect_ct_e_gt_20mev_emcee.npz
✓ cat000070 completed successfully
