==================================================================
Processing cat000545 with EMCEE - ALL SCENARIOS
==================================================================
======================================================================
EMCEE RECONSTRUCTION FOR cat000545
======================================================================

Loading PDF from: /eos/home-e/evilla/dune/sn-tps/neural_networks/electron_direction/three_plane_three_plane_v58_200k_lr_schedule_20251118_110931/cosine_energy_pdf.npz
PDF loaded

======================================================================
SCENARIO (EMCEE): PERFECT_CT
======================================================================

Loaded 2922 matched clusters across U, V, X planes

✗ perfect_ct failed: No valid clusters found for scenario perfect_ct

======================================================================
SCENARIO (EMCEE): ES_MAIN_CC_SHOWER
======================================================================

Loaded 2922 matched clusters across U, V, X planes

✗ es_main_cc_shower failed: No valid clusters found for scenario es_main_cc_shower

======================================================================
SCENARIO (EMCEE): ES_MAIN_CC_ALL
======================================================================

Loaded 2922 matched clusters across U, V, X planes

✗ es_main_cc_all failed: No valid clusters found for scenario es_main_cc_all

======================================================================
SCENARIO (EMCEE): ES_ALL_CC_SHOWER
======================================================================

Loaded 2922 matched clusters across U, V, X planes

✗ es_all_cc_shower failed: No valid clusters found for scenario es_all_cc_shower

======================================================================
SCENARIO (EMCEE): ES_ALL_CC_ALL
======================================================================

Loaded 2922 matched clusters across U, V, X planes

✗ es_all_cc_all failed: No valid clusters found for scenario es_all_cc_all

======================================================================
SCENARIO (EMCEE): ALL_TRACKS_ALL_SHOWERS
======================================================================

Loaded 2922 matched clusters across U, V, X planes
Selected clusters: 2922
Running emcee: 64 walkers × 2000 steps...
Acceptance fraction: 2.5%
Mean direction: θ=-145.17°, φ=91.24°
Uncertainties: Δθ=73.01°, Δφ=30.15°
68% credible angle: 83.51°

Angular error: 48.16°

✓ Saved: /eos/project-e/ep-nu/evilla/sn-pointing/cat000545/pipeline/cat000545_scenario_all_tracks_all_showers_emcee.npz
✓ cat000545 completed successfully
