000 (13791725.510.000) 11/20 10:34:58 Job submitted from host: <188.184.90.62:9618?addrs=188.184.90.62-9618+[2001-1458-201-e4--100-238]-9618&alias=bigbird16.cern.ch&noUDP&sock=schedd_5196_9a2f>
...
040 (13791725.510.000) 11/20 11:38:39 Started transferring input files
	Transferring to host: <188.185.93.208:9618?addrs=188.185.93.208-9618+[2001-1458-d00-6c--100-e9]-9618&alias=b9g57n3665.cern.ch&noUDP&sock=slot1_1_3730_df51_9804>
...
040 (13791725.510.000) 11/20 11:38:39 Finished transferring input files
...
001 (13791725.510.000) 11/20 11:38:40 Job executing on host: <188.185.93.208:9618?addrs=188.185.93.208-9618+[2001-1458-d00-6c--100-e9]-9618&alias=b9g57n3665.cern.ch&noUDP&sock=startd_3378_9b02>
	SlotName: slot1_1@b9g57n3665.cern.ch
	AvailableGPUs = { GPUs_GPU_836178fb }
	CondorScratchDir = "/pool/condor/dir_86758"
	Cpus = 11
	Disk = 4195386
	GPUs = 1
	GPUs_GPU_836178fb = [ Id = "GPU-836178fb"; ClockMhz = 1410.0; Capability = 8.0; CoresPerCU = 64; DeviceName = "NVIDIA A100-PCIE-40GB"; DeviceUuid = "836178fb-b193-b354-8ad9-dc95f395b443"; ECCEnabled = true; ComputeUnits = 108; DriverVersion = 13.0; DevicePciBusId = "0000:06:00.0"; GlobalMemoryMb = 40441; MaxSupportedVersion = 13000 ]
	Memory = 33000
...
006 (13791725.510.000) 11/20 11:38:53 Image size of job updated: 284672
	278  -  MemoryUsage of job (MB)
	284672  -  ResidentSetSize of job (KB)
...
006 (13791725.510.000) 11/20 11:42:00 Image size of job updated: 2119208
	278  -  MemoryUsage of job (MB)
	284672  -  ResidentSetSize of job (KB)
...
040 (13791725.510.000) 11/20 11:42:00 Started transferring output files
...
040 (13791725.510.000) 11/20 11:42:00 Finished transferring output files
...
005 (13791725.510.000) 11/20 11:42:00 Job terminated.
	(1) Normal termination (return value 0)
		Usr 0 00:05:37, Sys 0 00:00:23  -  Run Remote Usage
		Usr 0 00:00:00, Sys 0 00:00:00  -  Run Local Usage
		Usr 0 00:05:37, Sys 0 00:00:23  -  Total Remote Usage
		Usr 0 00:00:00, Sys 0 00:00:00  -  Total Local Usage
	16744  -  Run Bytes Sent By Job
	1411571  -  Run Bytes Received By Job
	16744  -  Total Bytes Sent By Job
	1411571  -  Total Bytes Received By Job
	Partitionable Resources :    Usage  Request Allocated Assigned
	   Cpus                 :     1.78       11        11 
	   Disk (KB)            :  1420     4194304   4195386 
	   GPUs                 :     0           1         1 "GPU-836178fb"
	   GpusMemory (MB)      :   598                       
	   Memory (MB)          :   278       33000     33000 
	   TimeExecute (s)      :   200                       
	   TimeSlotBusy (s)     :   201                       

	Job terminated of its own accord at 2025-11-20T10:42:00Z with exit-code 0.
...
