Processing cat000457 with 6 scenarios...
Cat directory: /eos/project-e/ep-nu/evilla/sn-pointing/cat000457
======================================================================
EMCEE RECONSTRUCTION FOR cat000457
======================================================================

Loading PDF from: /eos/home-e/evilla/dune/sn-tps/neural_networks/electron_direction/three_plane_three_plane_v58_200k_lr_schedule_20251118_110931/cosine_energy_pdf.npz
PDF loaded

======================================================================
SCENARIO (EMCEE): BEST_CASE
======================================================================

Loaded 3507 matched main-track clusters across U, V, X planes
Selected 252 ES main tracks
After E > 3 MeV cut: 252 clusters
Running emcee: 64 walkers × 2000 steps...
Acceptance fraction: 12.3%
Mean direction: θ=-170.24°, φ=76.80°
Uncertainties: Δθ=44.77°, Δφ=25.93°
68% credible angle: 26.13°

Angular error: 20.81°

======================================================================
SCENARIO (EMCEE): PERFECT_CT
======================================================================

Loaded 3507 matched main-track clusters across U, V, X planes
Selected 252 ES main tracks
Loading ED model from: /eos/home-e/evilla/dune/sn-tps/neural_networks/electron_direction/three_plane_three_plane_v58_200k_lr_schedule_20251118_110931/checkpoints/model_epoch_12_val_loss_0.8898.keras
Running ED inference...
After energy cut: 252 clusters
Running emcee: 64 walkers × 2000 steps...
Acceptance fraction: 9.9%
Mean direction: θ=-174.21°, φ=68.64°
Uncertainties: Δθ=21.20°, Δφ=14.38°
68% credible angle: 27.17°

Angular error: 21.42°

======================================================================
SCENARIO (EMCEE): FULL_PIPELINE
======================================================================

Loaded 3507 matched main-track clusters across U, V, X planes
Using all 3507 main-track clusters
Loading CT model from: /eos/user/e/evilla/dune/sn-tps/neural_networks/channel_tagging/ct_volume_v52_batch_reload_20251116_101125/best_model.keras
Running CT inference...
CT selected 3203 ES candidates from 3507 clusters
  ES prob range: [0.000, 1.000]
Loading ED model from: /eos/home-e/evilla/dune/sn-tps/neural_networks/electron_direction/three_plane_three_plane_v58_200k_lr_schedule_20251118_110931/checkpoints/model_epoch_12_val_loss_0.8898.keras
Running ED inference on 3203 clusters...
After E > 3 MeV cut: 3180 clusters
Running emcee: 64 walkers × 2000 steps...
Acceptance fraction: 5.2%
Mean direction: θ=-165.75°, φ=92.69°
Uncertainties: Δθ=57.24°, Δφ=28.73°
68% credible angle: 58.69°

Angular error: 29.77°

======================================================================
SCENARIO (EMCEE): WEIGHTED_CT
======================================================================

Loaded 3507 matched main-track clusters across U, V, X planes
Using all 3507 main-track clusters
Loading CT model from: /eos/user/e/evilla/dune/sn-tps/neural_networks/channel_tagging/ct_volume_v52_batch_reload_20251116_101125/best_model.keras
Running CT inference...
CT selected 3203 ES candidates from 3507 clusters
  ES prob range: [0.000, 1.000]
Loading ED model from: /eos/home-e/evilla/dune/sn-tps/neural_networks/electron_direction/three_plane_three_plane_v58_200k_lr_schedule_20251118_110931/checkpoints/model_epoch_12_val_loss_0.8898.keras
Running ED inference on 3203 clusters...
Using CT weights (ES probabilities)
After E > 3 MeV cut: 3180 clusters
Running weighted MCMC with 3180 weights
Running emcee: 64 walkers × 2000 steps...
Acceptance fraction: 5.5%
Mean direction: θ=-147.29°, φ=97.80°
Uncertainties: Δθ=48.82°, Δφ=29.67°
68% credible angle: 58.49°

Angular error: 31.48°

======================================================================
SCENARIO (EMCEE): PERFECT_CT_E_GT_10MEV
======================================================================

Loaded 3507 matched main-track clusters across U, V, X planes
Selected 252 ES main tracks
Loading ED model from: /eos/home-e/evilla/dune/sn-tps/neural_networks/electron_direction/three_plane_three_plane_v58_200k_lr_schedule_20251118_110931/checkpoints/model_epoch_12_val_loss_0.8898.keras
Running ED inference...
Applying E > 10 MeV cut
After energy cut: 141 clusters
Running emcee: 64 walkers × 2000 steps...
Acceptance fraction: 10.2%
Mean direction: θ=-171.39°, φ=70.00°
Uncertainties: Δθ=26.89°, Δφ=19.28°
68% credible angle: 24.99°

Angular error: 19.12°

======================================================================
SCENARIO (EMCEE): PERFECT_CT_E_GT_20MEV
======================================================================

Loaded 3507 matched main-track clusters across U, V, X planes
Selected 252 ES main tracks
Loading ED model from: /eos/home-e/evilla/dune/sn-tps/neural_networks/electron_direction/three_plane_three_plane_v58_200k_lr_schedule_20251118_110931/checkpoints/model_epoch_12_val_loss_0.8898.keras
Running ED inference...
Applying E > 20 MeV cut
After energy cut: 40 clusters
Running emcee: 64 walkers × 2000 steps...
Acceptance fraction: 13.8%
Mean direction: θ=-169.35°, φ=79.19°
Uncertainties: Δθ=51.19°, Δφ=19.64°
68% credible angle: 18.76°

Angular error: 21.48°

✓ Saved: /eos/project-e/ep-nu/evilla/sn-pointing/cat000457/pipeline/cat000457_scenario_best_case_emcee.npz

✓ Saved: /eos/project-e/ep-nu/evilla/sn-pointing/cat000457/pipeline/cat000457_scenario_perfect_ct_emcee.npz

✓ Saved: /eos/project-e/ep-nu/evilla/sn-pointing/cat000457/pipeline/cat000457_scenario_full_pipeline_emcee.npz

✓ Saved: /eos/project-e/ep-nu/evilla/sn-pointing/cat000457/pipeline/cat000457_scenario_weighted_ct_emcee.npz

✓ Saved: /eos/project-e/ep-nu/evilla/sn-pointing/cat000457/pipeline/cat000457_scenario_perfect_ct_e_gt_10mev_emcee.npz

✓ Saved: /eos/project-e/ep-nu/evilla/sn-pointing/cat000457/pipeline/cat000457_scenario_perfect_ct_e_gt_20mev_emcee.npz
✓ cat000457 completed successfully
