==================================================================
Processing cat000258 with EMCEE - ALL SCENARIOS
==================================================================
======================================================================
EMCEE RECONSTRUCTION FOR cat000258
======================================================================

Loading PDF from: /eos/home-e/evilla/dune/sn-tps/neural_networks/electron_direction/three_plane_three_plane_v58_200k_lr_schedule_20251118_110931/cosine_energy_pdf.npz
PDF loaded

======================================================================
SCENARIO (EMCEE): PERFECT_CT
======================================================================

Loaded 3736 matched clusters across U, V, X planes
Selected clusters: 287
Running emcee: 64 walkers × 2000 steps...
Acceptance fraction: 8.4%
Mean direction: θ=-73.74°, φ=104.00°
Uncertainties: Δθ=55.73°, Δφ=15.32°
68% credible angle: 22.81°

Angular error: 5.96°

======================================================================
SCENARIO (EMCEE): ES_MAIN_CC_SHOWER
======================================================================

Loaded 3736 matched clusters across U, V, X planes
Selected clusters: 287
Running emcee: 64 walkers × 2000 steps...
Acceptance fraction: 8.8%
Mean direction: θ=-73.11°, φ=104.20°
Uncertainties: Δθ=50.96°, Δφ=12.99°
68% credible angle: 22.37°

Angular error: 5.75°

======================================================================
SCENARIO (EMCEE): ES_MAIN_CC_ALL
======================================================================

Loaded 3736 matched clusters across U, V, X planes
Selected clusters: 287
Running emcee: 64 walkers × 2000 steps...
Acceptance fraction: 8.1%
Mean direction: θ=-75.40°, φ=99.41°
Uncertainties: Δθ=47.46°, Δφ=17.34°
68% credible angle: 27.29°

Angular error: 10.71°

======================================================================
SCENARIO (EMCEE): ES_ALL_CC_SHOWER
======================================================================

Loaded 3736 matched clusters across U, V, X planes
Selected clusters: 287
Running emcee: 64 walkers × 2000 steps...
Acceptance fraction: 9.4%
Mean direction: θ=-71.31°, φ=103.24°
Uncertainties: Δθ=42.05°, Δφ=12.82°
68% credible angle: 20.96°

Angular error: 7.00°

======================================================================
SCENARIO (EMCEE): ES_ALL_CC_ALL
======================================================================

Loaded 3736 matched clusters across U, V, X planes
Selected clusters: 287
Running emcee: 64 walkers × 2000 steps...
Acceptance fraction: 9.6%
Mean direction: θ=-76.10°, φ=99.30°
Uncertainties: Δθ=23.06°, Δφ=16.40°
68% credible angle: 21.26°

Angular error: 10.95°

======================================================================
SCENARIO (EMCEE): ALL_TRACKS_ALL_SHOWERS
======================================================================

Loaded 3736 matched clusters across U, V, X planes
Selected clusters: 3736
Running emcee: 64 walkers × 2000 steps...
Acceptance fraction: 3.5%
Mean direction: θ=-142.78°, φ=99.96°
Uncertainties: Δθ=74.00°, Δφ=30.73°
68% credible angle: 74.56°

Angular error: 67.33°

✓ Saved: /eos/project-e/ep-nu/evilla/sn-pointing/cat000258/pipeline/cat000258_scenario_perfect_ct_emcee.npz

✓ Saved: /eos/project-e/ep-nu/evilla/sn-pointing/cat000258/pipeline/cat000258_scenario_es_main_cc_shower_emcee.npz

✓ Saved: /eos/project-e/ep-nu/evilla/sn-pointing/cat000258/pipeline/cat000258_scenario_es_main_cc_all_emcee.npz

✓ Saved: /eos/project-e/ep-nu/evilla/sn-pointing/cat000258/pipeline/cat000258_scenario_es_all_cc_shower_emcee.npz

✓ Saved: /eos/project-e/ep-nu/evilla/sn-pointing/cat000258/pipeline/cat000258_scenario_es_all_cc_all_emcee.npz

✓ Saved: /eos/project-e/ep-nu/evilla/sn-pointing/cat000258/pipeline/cat000258_scenario_all_tracks_all_showers_emcee.npz
✓ cat000258 completed successfully
