000 (13791725.040.000) 11/20 10:34:57 Job submitted from host: <188.184.90.62:9618?addrs=188.184.90.62-9618+[2001-1458-201-e4--100-238]-9618&alias=bigbird16.cern.ch&noUDP&sock=schedd_5196_9a2f>
...
040 (13791725.040.000) 11/20 10:39:31 Started transferring input files
	Transferring to host: <188.184.195.60:9618?addrs=188.184.195.60-9618+[2001-1458-301-72--100-40b]-9618&alias=b9g47n8368.cern.ch&noUDP&sock=slot1_1_17911_ab71_9600>
...
040 (13791725.040.000) 11/20 10:39:31 Finished transferring input files
...
001 (13791725.040.000) 11/20 10:39:32 Job executing on host: <188.184.195.60:9618?addrs=188.184.195.60-9618+[2001-1458-301-72--100-40b]-9618&alias=b9g47n8368.cern.ch&noUDP&sock=startd_17076_4b4d>
	SlotName: slot1_1@b9g47n8368.cern.ch
	AvailableGPUs = { GPUs_GPU_0d3184cb }
	CondorScratchDir = "/pool/condor/dir_1240648"
	Cpus = 11
	Disk = 4195328
	GPUs = 1
	GPUs_GPU_0d3184cb = [ Id = "GPU-0d3184cb"; ClockMhz = 1590.0; Capability = 7.5; CoresPerCU = 64; DeviceName = "Tesla T4"; DeviceUuid = "0d3184cb-044b-6a85-e661-54a626111c00"; ECCEnabled = true; ComputeUnits = 40; DriverVersion = 13.0; DevicePciBusId = "0000:07:00.0"; GlobalMemoryMb = 14913; MaxSupportedVersion = 13000 ]
	Memory = 33000
...
006 (13791725.040.000) 11/20 10:39:45 Image size of job updated: 248164
	243  -  MemoryUsage of job (MB)
	248164  -  ResidentSetSize of job (KB)
...
006 (13791725.040.000) 11/20 10:44:28 Image size of job updated: 1627544
	243  -  MemoryUsage of job (MB)
	248164  -  ResidentSetSize of job (KB)
...
040 (13791725.040.000) 11/20 10:44:28 Started transferring output files
...
040 (13791725.040.000) 11/20 10:44:28 Finished transferring output files
...
005 (13791725.040.000) 11/20 10:44:28 Job terminated.
	(1) Normal termination (return value 0)
		Usr 0 00:08:20, Sys 0 00:00:26  -  Run Remote Usage
		Usr 0 00:00:00, Sys 0 00:00:00  -  Run Local Usage
		Usr 0 00:08:20, Sys 0 00:00:26  -  Total Remote Usage
		Usr 0 00:00:00, Sys 0 00:00:00  -  Total Local Usage
	17360  -  Run Bytes Sent By Job
	1411571  -  Run Bytes Received By Job
	17360  -  Total Bytes Sent By Job
	1411571  -  Total Bytes Received By Job
	Partitionable Resources :    Usage  Request Allocated Assigned
	   Cpus                 :        0       11        11 
	   Disk (KB)            :     1420  4194304   4195328 
	   GPUs                 :                 1         1 "GPU-0d3184cb"
	   Memory (MB)          :      243    33000     33000 
	   TimeExecute (s)      :      296                    
	   TimeSlotBusy (s)     :      297                    

	Job terminated of its own accord at 2025-11-20T09:44:28Z with exit-code 0.
...
