Processing cat000306 with 6 scenarios...
Cat directory: /eos/project-e/ep-nu/evilla/sn-pointing/cat000306
======================================================================
EMCEE RECONSTRUCTION FOR cat000306
======================================================================

Loading PDF from: /eos/home-e/evilla/dune/sn-tps/neural_networks/electron_direction/three_plane_three_plane_v58_200k_lr_schedule_20251118_110931/cosine_energy_pdf.npz
PDF loaded

======================================================================
SCENARIO (EMCEE): BEST_CASE
======================================================================

Loaded 3123 matched main-track clusters across U, V, X planes
Selected 286 ES main tracks
After E > 3 MeV cut: 286 clusters
Running emcee: 64 walkers × 2000 steps...
Acceptance fraction: 11.9%
Mean direction: θ=43.17°, φ=108.39°
Uncertainties: Δθ=45.78°, Δφ=22.91°
68% credible angle: 24.89°

Angular error: 19.80°

======================================================================
SCENARIO (EMCEE): PERFECT_CT
======================================================================

Loaded 3123 matched main-track clusters across U, V, X planes
Selected 286 ES main tracks
Loading ED model from: /eos/home-e/evilla/dune/sn-tps/neural_networks/electron_direction/three_plane_three_plane_v58_200k_lr_schedule_20251118_110931/checkpoints/model_epoch_12_val_loss_0.8898.keras
Running ED inference...
After energy cut: 286 clusters
Running emcee: 64 walkers × 2000 steps...
Acceptance fraction: 13.7%
Mean direction: θ=49.30°, φ=116.29°
Uncertainties: Δθ=17.88°, Δφ=9.49°
68% credible angle: 20.26°

Angular error: 10.10°

======================================================================
SCENARIO (EMCEE): FULL_PIPELINE
======================================================================

Loaded 3123 matched main-track clusters across U, V, X planes
Using all 3123 main-track clusters
Loading CT model from: /eos/user/e/evilla/dune/sn-tps/neural_networks/channel_tagging/ct_volume_v52_batch_reload_20251116_101125/best_model.keras
Running CT inference...
CT selected 2862 ES candidates from 3123 clusters
  ES prob range: [0.000, 1.000]
Loading ED model from: /eos/home-e/evilla/dune/sn-tps/neural_networks/electron_direction/three_plane_three_plane_v58_200k_lr_schedule_20251118_110931/checkpoints/model_epoch_12_val_loss_0.8898.keras
Running ED inference on 2862 clusters...
After E > 3 MeV cut: 2837 clusters
Running emcee: 64 walkers × 2000 steps...
Acceptance fraction: 4.3%
Mean direction: θ=-176.39°, φ=106.83°
Uncertainties: Δθ=122.15°, Δφ=29.04°
68% credible angle: 108.82°

Angular error: 108.49°

======================================================================
SCENARIO (EMCEE): WEIGHTED_CT
======================================================================

Loaded 3123 matched main-track clusters across U, V, X planes
Using all 3123 main-track clusters
Loading CT model from: /eos/user/e/evilla/dune/sn-tps/neural_networks/channel_tagging/ct_volume_v52_batch_reload_20251116_101125/best_model.keras
Running CT inference...
CT selected 2862 ES candidates from 3123 clusters
  ES prob range: [0.000, 1.000]
Loading ED model from: /eos/home-e/evilla/dune/sn-tps/neural_networks/electron_direction/three_plane_three_plane_v58_200k_lr_schedule_20251118_110931/checkpoints/model_epoch_12_val_loss_0.8898.keras
Running ED inference on 2862 clusters...
Using CT weights (ES probabilities)
After E > 3 MeV cut: 2837 clusters
Running weighted MCMC with 2837 weights
Running emcee: 64 walkers × 2000 steps...
Acceptance fraction: 4.3%
Mean direction: θ=170.98°, φ=95.62°
Uncertainties: Δθ=108.67°, Δφ=31.02°
68% credible angle: 100.00°

Angular error: 106.94°

======================================================================
SCENARIO (EMCEE): PERFECT_CT_E_GT_10MEV
======================================================================

Loaded 3123 matched main-track clusters across U, V, X planes
Selected 286 ES main tracks
Loading ED model from: /eos/home-e/evilla/dune/sn-tps/neural_networks/electron_direction/three_plane_three_plane_v58_200k_lr_schedule_20251118_110931/checkpoints/model_epoch_12_val_loss_0.8898.keras
Running ED inference...
Applying E > 10 MeV cut
After energy cut: 158 clusters
Running emcee: 64 walkers × 2000 steps...
Acceptance fraction: 16.3%
Mean direction: θ=49.54°, φ=126.36°
Uncertainties: Δθ=19.59°, Δφ=13.33°
68% credible angle: 22.09°

Angular error: 5.45°

======================================================================
SCENARIO (EMCEE): PERFECT_CT_E_GT_20MEV
======================================================================

Loaded 3123 matched main-track clusters across U, V, X planes
Selected 286 ES main tracks
Loading ED model from: /eos/home-e/evilla/dune/sn-tps/neural_networks/electron_direction/three_plane_three_plane_v58_200k_lr_schedule_20251118_110931/checkpoints/model_epoch_12_val_loss_0.8898.keras
Running ED inference...
Applying E > 20 MeV cut
After energy cut: 31 clusters
Running emcee: 64 walkers × 2000 steps...
Acceptance fraction: 22.1%
Mean direction: θ=46.16°, φ=127.91°
Uncertainties: Δθ=17.97°, Δφ=9.96°
68% credible angle: 18.33°

Angular error: 8.50°

✓ Saved: /eos/project-e/ep-nu/evilla/sn-pointing/cat000306/pipeline/cat000306_scenario_best_case_emcee.npz

✓ Saved: /eos/project-e/ep-nu/evilla/sn-pointing/cat000306/pipeline/cat000306_scenario_perfect_ct_emcee.npz

✓ Saved: /eos/project-e/ep-nu/evilla/sn-pointing/cat000306/pipeline/cat000306_scenario_full_pipeline_emcee.npz

✓ Saved: /eos/project-e/ep-nu/evilla/sn-pointing/cat000306/pipeline/cat000306_scenario_weighted_ct_emcee.npz

✓ Saved: /eos/project-e/ep-nu/evilla/sn-pointing/cat000306/pipeline/cat000306_scenario_perfect_ct_e_gt_10mev_emcee.npz

✓ Saved: /eos/project-e/ep-nu/evilla/sn-pointing/cat000306/pipeline/cat000306_scenario_perfect_ct_e_gt_20mev_emcee.npz
✓ cat000306 completed successfully
