000 (6420432.097.000) 11/20 17:10:12 Job submitted from host: <188.185.125.71:9618?addrs=188.185.125.71-9618+[2001-1458-d00-4a--100-15e]-9618&alias=bigbird28.cern.ch&noUDP&sock=schedd_2239_58a3>
...
040 (6420432.097.000) 11/20 19:31:06 Started transferring input files
	Transferring to host: <188.184.195.32:9618?addrs=188.184.195.32-9618+[2001-1458-301-72--100-33d]-9618&alias=b9g47n6060.cern.ch&noUDP&sock=slot1_1_17796_a44d_9794>
...
040 (6420432.097.000) 11/20 19:31:06 Finished transferring input files
...
001 (6420432.097.000) 11/20 19:31:07 Job executing on host: <188.184.195.32:9618?addrs=188.184.195.32-9618+[2001-1458-301-72--100-33d]-9618&alias=b9g47n6060.cern.ch&noUDP&sock=startd_16735_6582>
	SlotName: slot1_1@b9g47n6060.cern.ch
	AvailableGPUs = { GPUs_GPU_10305a3e }
	CondorScratchDir = "/pool/condor/dir_2574362"
	Cpus = 11
	Disk = 8389632
	GPUs = 1
	GPUs_GPU_10305a3e = [ Id = "GPU-10305a3e"; ClockMhz = 1590.0; Capability = 7.5; CoresPerCU = 64; DeviceName = "Tesla T4"; DeviceUuid = "10305a3e-bed9-e887-2406-4eb9ceb8fe6b"; ECCEnabled = true; ComputeUnits = 40; DriverVersion = 13.0; DevicePciBusId = "0000:07:00.0"; GlobalMemoryMb = 14913; MaxSupportedVersion = 13000 ]
	Memory = 33000
...
006 (6420432.097.000) 11/20 19:31:20 Image size of job updated: 235376
	230  -  MemoryUsage of job (MB)
	235376  -  ResidentSetSize of job (KB)
...
006 (6420432.097.000) 11/20 19:36:20 Image size of job updated: 1652948
	600  -  MemoryUsage of job (MB)
	613916  -  ResidentSetSize of job (KB)
...
006 (6420432.097.000) 11/20 19:41:21 Image size of job updated: 1652948
	758  -  MemoryUsage of job (MB)
	775420  -  ResidentSetSize of job (KB)
...
040 (6420432.097.000) 11/20 19:43:35 Started transferring output files
...
040 (6420432.097.000) 11/20 19:43:35 Finished transferring output files
...
005 (6420432.097.000) 11/20 19:43:36 Job terminated.
	(1) Normal termination (return value 0)
		Usr 0 00:21:40, Sys 0 00:01:03  -  Run Remote Usage
		Usr 0 00:00:00, Sys 0 00:00:00  -  Run Local Usage
		Usr 0 00:21:40, Sys 0 00:01:03  -  Total Remote Usage
		Usr 0 00:00:00, Sys 0 00:00:00  -  Total Local Usage
	33190  -  Run Bytes Sent By Job
	1412394  -  Run Bytes Received By Job
	33190  -  Total Bytes Sent By Job
	1412394  -  Total Bytes Received By Job
	Partitionable Resources :    Usage  Request Allocated Assigned
	   Cpus                 :     1.65       11        11 
	   Disk (KB)            :  1436     8388608   8389632 
	   GPUs                 :     0           1         1 "GPU-10305a3e"
	   GpusMemory (MB)      :   501                       
	   Memory (MB)          :   758       33000     33000 
	   TimeExecute (s)      :   748                       
	   TimeSlotBusy (s)     :   750                       

	Job terminated of its own accord at 2025-11-20T18:43:35Z with exit-code 0.
...
