Processing cat000135 with 6 scenarios...
Cat directory: /eos/project-e/ep-nu/evilla/sn-pointing/cat000135
======================================================================
EMCEE RECONSTRUCTION FOR cat000135
======================================================================

Loading PDF from: /eos/home-e/evilla/dune/sn-tps/neural_networks/electron_direction/three_plane_three_plane_v58_200k_lr_schedule_20251118_110931/cosine_energy_pdf.npz
PDF loaded

======================================================================
SCENARIO (EMCEE): BEST_CASE
======================================================================

Loaded 3898 matched main-track clusters across U, V, X planes
Selected 301 ES main tracks
After E > 3 MeV cut: 301 clusters
Running emcee: 64 walkers × 2000 steps...
Acceptance fraction: 11.9%
Mean direction: θ=94.92°, φ=129.84°
Uncertainties: Δθ=31.99°, Δφ=14.95°
68% credible angle: 18.20°

Angular error: 18.68°

======================================================================
SCENARIO (EMCEE): PERFECT_CT
======================================================================

Loaded 3898 matched main-track clusters across U, V, X planes
Selected 301 ES main tracks
Loading ED model from: /eos/home-e/evilla/dune/sn-tps/neural_networks/electron_direction/three_plane_three_plane_v58_200k_lr_schedule_20251118_110931/checkpoints/model_epoch_12_val_loss_0.8898.keras
Running ED inference...
After energy cut: 301 clusters
Running emcee: 64 walkers × 2000 steps...
Acceptance fraction: 10.3%
Mean direction: θ=76.17°, φ=147.04°
Uncertainties: Δθ=66.25°, Δφ=11.60°
68% credible angle: 26.47°

Angular error: 6.22°

======================================================================
SCENARIO (EMCEE): FULL_PIPELINE
======================================================================

Loaded 3898 matched main-track clusters across U, V, X planes
Using all 3898 main-track clusters
Loading CT model from: /eos/user/e/evilla/dune/sn-tps/neural_networks/channel_tagging/ct_volume_v52_batch_reload_20251116_101125/best_model.keras
Running CT inference...
CT selected 3576 ES candidates from 3898 clusters
  ES prob range: [0.000, 1.000]
Loading ED model from: /eos/home-e/evilla/dune/sn-tps/neural_networks/electron_direction/three_plane_three_plane_v58_200k_lr_schedule_20251118_110931/checkpoints/model_epoch_12_val_loss_0.8898.keras
Running ED inference on 3576 clusters...
After E > 3 MeV cut: 3550 clusters
Running emcee: 64 walkers × 2000 steps...
Acceptance fraction: 3.7%
Mean direction: θ=-161.14°, φ=126.62°
Uncertainties: Δθ=63.79°, Δφ=37.29°
68% credible angle: 54.61°

Angular error: 69.44°

======================================================================
SCENARIO (EMCEE): WEIGHTED_CT
======================================================================

Loaded 3898 matched main-track clusters across U, V, X planes
Using all 3898 main-track clusters
Loading CT model from: /eos/user/e/evilla/dune/sn-tps/neural_networks/channel_tagging/ct_volume_v52_batch_reload_20251116_101125/best_model.keras
Running CT inference...
CT selected 3576 ES candidates from 3898 clusters
  ES prob range: [0.000, 1.000]
Loading ED model from: /eos/home-e/evilla/dune/sn-tps/neural_networks/electron_direction/three_plane_three_plane_v58_200k_lr_schedule_20251118_110931/checkpoints/model_epoch_12_val_loss_0.8898.keras
Running ED inference on 3576 clusters...
Using CT weights (ES probabilities)
After E > 3 MeV cut: 3550 clusters
Running weighted MCMC with 3550 weights
Running emcee: 64 walkers × 2000 steps...
Acceptance fraction: 3.3%
Mean direction: θ=-176.34°, φ=119.17°
Uncertainties: Δθ=71.79°, Δφ=37.59°
68% credible angle: 50.16°

Angular error: 68.63°

======================================================================
SCENARIO (EMCEE): PERFECT_CT_E_GT_10MEV
======================================================================

Loaded 3898 matched main-track clusters across U, V, X planes
Selected 301 ES main tracks
Loading ED model from: /eos/home-e/evilla/dune/sn-tps/neural_networks/electron_direction/three_plane_three_plane_v58_200k_lr_schedule_20251118_110931/checkpoints/model_epoch_12_val_loss_0.8898.keras
Running ED inference...
Applying E > 10 MeV cut
After energy cut: 155 clusters
Running emcee: 64 walkers × 2000 steps...
Acceptance fraction: 15.3%
Mean direction: θ=47.11°, φ=154.70°
Uncertainties: Δθ=58.05°, Δφ=10.10°
68% credible angle: 19.62°

Angular error: 20.18°

======================================================================
SCENARIO (EMCEE): PERFECT_CT_E_GT_20MEV
======================================================================

Loaded 3898 matched main-track clusters across U, V, X planes
Selected 301 ES main tracks
Loading ED model from: /eos/home-e/evilla/dune/sn-tps/neural_networks/electron_direction/three_plane_three_plane_v58_200k_lr_schedule_20251118_110931/checkpoints/model_epoch_12_val_loss_0.8898.keras
Running ED inference...
Applying E > 20 MeV cut
After energy cut: 41 clusters
Running emcee: 64 walkers × 2000 steps...
Acceptance fraction: 15.8%
Mean direction: θ=27.72°, φ=133.65°
Uncertainties: Δθ=86.82°, Δφ=58.69°
68% credible angle: 55.36°

Angular error: 38.96°

✓ Saved: /eos/project-e/ep-nu/evilla/sn-pointing/cat000135/pipeline/cat000135_scenario_best_case_emcee.npz

✓ Saved: /eos/project-e/ep-nu/evilla/sn-pointing/cat000135/pipeline/cat000135_scenario_perfect_ct_emcee.npz

✓ Saved: /eos/project-e/ep-nu/evilla/sn-pointing/cat000135/pipeline/cat000135_scenario_full_pipeline_emcee.npz

✓ Saved: /eos/project-e/ep-nu/evilla/sn-pointing/cat000135/pipeline/cat000135_scenario_weighted_ct_emcee.npz

✓ Saved: /eos/project-e/ep-nu/evilla/sn-pointing/cat000135/pipeline/cat000135_scenario_perfect_ct_e_gt_10mev_emcee.npz

✓ Saved: /eos/project-e/ep-nu/evilla/sn-pointing/cat000135/pipeline/cat000135_scenario_perfect_ct_e_gt_20mev_emcee.npz
✓ cat000135 completed successfully
