Processing cat000222 with 6 scenarios...
Cat directory: /eos/project-e/ep-nu/evilla/sn-pointing/cat000222
======================================================================
EMCEE RECONSTRUCTION FOR cat000222
======================================================================

Loading PDF from: /eos/home-e/evilla/dune/sn-tps/neural_networks/electron_direction/three_plane_three_plane_v58_200k_lr_schedule_20251118_110931/cosine_energy_pdf.npz
PDF loaded

======================================================================
SCENARIO (EMCEE): BEST_CASE
======================================================================

Loaded 3880 matched main-track clusters across U, V, X planes
Selected 282 ES main tracks
After E > 3 MeV cut: 282 clusters
Running emcee: 64 walkers × 2000 steps...
Acceptance fraction: 9.7%
Mean direction: θ=-84.69°, φ=97.43°
Uncertainties: Δθ=61.24°, Δφ=25.09°
68% credible angle: 23.35°

Angular error: 9.09°

======================================================================
SCENARIO (EMCEE): PERFECT_CT
======================================================================

Loaded 3880 matched main-track clusters across U, V, X planes
Selected 282 ES main tracks
Loading ED model from: /eos/home-e/evilla/dune/sn-tps/neural_networks/electron_direction/three_plane_three_plane_v58_200k_lr_schedule_20251118_110931/checkpoints/model_epoch_12_val_loss_0.8898.keras
Running ED inference...
After energy cut: 282 clusters
Running emcee: 64 walkers × 2000 steps...
Acceptance fraction: 9.7%
Mean direction: θ=-87.95°, φ=100.97°
Uncertainties: Δθ=71.88°, Δφ=15.17°
68% credible angle: 29.14°

Angular error: 6.34°

======================================================================
SCENARIO (EMCEE): FULL_PIPELINE
======================================================================

Loaded 3880 matched main-track clusters across U, V, X planes
Using all 3880 main-track clusters
Loading CT model from: /eos/user/e/evilla/dune/sn-tps/neural_networks/channel_tagging/ct_volume_v52_batch_reload_20251116_101125/best_model.keras
Running CT inference...
CT selected 3537 ES candidates from 3880 clusters
  ES prob range: [0.000, 1.000]
Loading ED model from: /eos/home-e/evilla/dune/sn-tps/neural_networks/electron_direction/three_plane_three_plane_v58_200k_lr_schedule_20251118_110931/checkpoints/model_epoch_12_val_loss_0.8898.keras
Running ED inference on 3537 clusters...
After E > 3 MeV cut: 3512 clusters
Running emcee: 64 walkers × 2000 steps...
Acceptance fraction: 3.3%
Mean direction: θ=-157.02°, φ=105.50°
Uncertainties: Δθ=81.93°, Δφ=33.54°
68% credible angle: 71.83°

Angular error: 69.03°

======================================================================
SCENARIO (EMCEE): WEIGHTED_CT
======================================================================

Loaded 3880 matched main-track clusters across U, V, X planes
Using all 3880 main-track clusters
Loading CT model from: /eos/user/e/evilla/dune/sn-tps/neural_networks/channel_tagging/ct_volume_v52_batch_reload_20251116_101125/best_model.keras
Running CT inference...
CT selected 3537 ES candidates from 3880 clusters
  ES prob range: [0.000, 1.000]
Loading ED model from: /eos/home-e/evilla/dune/sn-tps/neural_networks/electron_direction/three_plane_three_plane_v58_200k_lr_schedule_20251118_110931/checkpoints/model_epoch_12_val_loss_0.8898.keras
Running ED inference on 3537 clusters...
Using CT weights (ES probabilities)
After E > 3 MeV cut: 3512 clusters
Running weighted MCMC with 3512 weights
Running emcee: 64 walkers × 2000 steps...
Acceptance fraction: 3.4%
Mean direction: θ=-163.12°, φ=108.58°
Uncertainties: Δθ=87.34°, Δφ=31.48°
68% credible angle: 68.96°

Angular error: 74.08°

======================================================================
SCENARIO (EMCEE): PERFECT_CT_E_GT_10MEV
======================================================================

Loaded 3880 matched main-track clusters across U, V, X planes
Selected 282 ES main tracks
Loading ED model from: /eos/home-e/evilla/dune/sn-tps/neural_networks/electron_direction/three_plane_three_plane_v58_200k_lr_schedule_20251118_110931/checkpoints/model_epoch_12_val_loss_0.8898.keras
Running ED inference...
Applying E > 10 MeV cut
After energy cut: 161 clusters
Running emcee: 64 walkers × 2000 steps...
Acceptance fraction: 11.5%
Mean direction: θ=-73.18°, φ=91.80°
Uncertainties: Δθ=123.81°, Δφ=15.95°
68% credible angle: 146.24°

Angular error: 18.63°

======================================================================
SCENARIO (EMCEE): PERFECT_CT_E_GT_20MEV
======================================================================

Loaded 3880 matched main-track clusters across U, V, X planes
Selected 282 ES main tracks
Loading ED model from: /eos/home-e/evilla/dune/sn-tps/neural_networks/electron_direction/three_plane_three_plane_v58_200k_lr_schedule_20251118_110931/checkpoints/model_epoch_12_val_loss_0.8898.keras
Running ED inference...
Applying E > 20 MeV cut
After energy cut: 37 clusters
Running emcee: 64 walkers × 2000 steps...
Acceptance fraction: 16.9%
Mean direction: θ=-58.26°, φ=101.34°
Uncertainties: Δθ=118.16°, Δφ=13.23°
68% credible angle: 132.89°

Angular error: 26.24°

✓ Saved: /eos/project-e/ep-nu/evilla/sn-pointing/cat000222/pipeline/cat000222_scenario_best_case_emcee.npz

✓ Saved: /eos/project-e/ep-nu/evilla/sn-pointing/cat000222/pipeline/cat000222_scenario_perfect_ct_emcee.npz

✓ Saved: /eos/project-e/ep-nu/evilla/sn-pointing/cat000222/pipeline/cat000222_scenario_full_pipeline_emcee.npz

✓ Saved: /eos/project-e/ep-nu/evilla/sn-pointing/cat000222/pipeline/cat000222_scenario_weighted_ct_emcee.npz

✓ Saved: /eos/project-e/ep-nu/evilla/sn-pointing/cat000222/pipeline/cat000222_scenario_perfect_ct_e_gt_10mev_emcee.npz

✓ Saved: /eos/project-e/ep-nu/evilla/sn-pointing/cat000222/pipeline/cat000222_scenario_perfect_ct_e_gt_20mev_emcee.npz
✓ cat000222 completed successfully
