Processing cat000005 with 6 scenarios...
Cat directory: /eos/project-e/ep-nu/evilla/sn-pointing/cat000005
======================================================================
EMCEE RECONSTRUCTION FOR cat000005
======================================================================

Loading PDF from: /eos/home-e/evilla/dune/sn-tps/neural_networks/electron_direction/three_plane_three_plane_v58_200k_lr_schedule_20251118_110931/cosine_energy_pdf.npz
PDF loaded

======================================================================
SCENARIO (EMCEE): BEST_CASE
======================================================================

Loaded 3829 matched main-track clusters across U, V, X planes
Selected 249 ES main tracks
After E > 3 MeV cut: 249 clusters
Running emcee: 64 walkers × 2000 steps...
Acceptance fraction: 6.4%
Mean direction: θ=170.67°, φ=57.54°
Uncertainties: Δθ=42.70°, Δφ=31.36°
68% credible angle: 31.23°

Angular error: 7.12°

======================================================================
SCENARIO (EMCEE): PERFECT_CT
======================================================================

Loaded 3829 matched main-track clusters across U, V, X planes
Selected 249 ES main tracks
Loading ED model from: /eos/home-e/evilla/dune/sn-tps/neural_networks/electron_direction/three_plane_three_plane_v58_200k_lr_schedule_20251118_110931/checkpoints/model_epoch_12_val_loss_0.8898.keras
Running ED inference...
After energy cut: 249 clusters
Running emcee: 64 walkers × 2000 steps...
Acceptance fraction: 7.0%
Mean direction: θ=175.64°, φ=59.94°
Uncertainties: Δθ=22.98°, Δφ=17.08°
68% credible angle: 24.05°

Angular error: 11.78°

======================================================================
SCENARIO (EMCEE): FULL_PIPELINE
======================================================================

Loaded 3829 matched main-track clusters across U, V, X planes
Using all 3829 main-track clusters
Loading CT model from: /eos/user/e/evilla/dune/sn-tps/neural_networks/charge_topology/best_model.keras

✗ full_pipeline failed: File not found: filepath=/eos/user/e/evilla/dune/sn-tps/neural_networks/charge_topology/best_model.keras. Please ensure the file is an accessible `.keras` zip file.

======================================================================
SCENARIO (EMCEE): WEIGHTED_CT
======================================================================

Loaded 3829 matched main-track clusters across U, V, X planes
Using all 3829 main-track clusters
Loading CT model from: /eos/user/e/evilla/dune/sn-tps/neural_networks/charge_topology/best_model.keras

✗ weighted_ct failed: File not found: filepath=/eos/user/e/evilla/dune/sn-tps/neural_networks/charge_topology/best_model.keras. Please ensure the file is an accessible `.keras` zip file.

======================================================================
SCENARIO (EMCEE): PERFECT_CT_E_GT_10MEV
======================================================================

Loaded 3829 matched main-track clusters across U, V, X planes
Selected 249 ES main tracks
Loading ED model from: /eos/home-e/evilla/dune/sn-tps/neural_networks/electron_direction/three_plane_three_plane_v58_200k_lr_schedule_20251118_110931/checkpoints/model_epoch_12_val_loss_0.8898.keras
Running ED inference...
Applying E > 10 MeV cut
After energy cut: 126 clusters
Running emcee: 64 walkers × 2000 steps...
Acceptance fraction: 8.7%
Mean direction: θ=172.73°, φ=62.45°
Uncertainties: Δθ=40.74°, Δφ=27.29°
68% credible angle: 30.56°

Angular error: 12.17°

======================================================================
SCENARIO (EMCEE): PERFECT_CT_E_GT_20MEV
======================================================================

Loaded 3829 matched main-track clusters across U, V, X planes
Selected 249 ES main tracks
Loading ED model from: /eos/home-e/evilla/dune/sn-tps/neural_networks/electron_direction/three_plane_three_plane_v58_200k_lr_schedule_20251118_110931/checkpoints/model_epoch_12_val_loss_0.8898.keras
Running ED inference...
Applying E > 20 MeV cut
After energy cut: 31 clusters
Running emcee: 64 walkers × 2000 steps...
Acceptance fraction: 10.9%
Mean direction: θ=-168.18°, φ=81.59°
Uncertainties: Δθ=103.85°, Δφ=39.44°
68% credible angle: 129.24°

Angular error: 38.12°

✓ Saved: /eos/project-e/ep-nu/evilla/sn-pointing/cat000005/pipeline/cat000005_scenario_best_case_emcee.npz

✓ Saved: /eos/project-e/ep-nu/evilla/sn-pointing/cat000005/pipeline/cat000005_scenario_perfect_ct_emcee.npz

✓ Saved: /eos/project-e/ep-nu/evilla/sn-pointing/cat000005/pipeline/cat000005_scenario_perfect_ct_e_gt_10mev_emcee.npz

✓ Saved: /eos/project-e/ep-nu/evilla/sn-pointing/cat000005/pipeline/cat000005_scenario_perfect_ct_e_gt_20mev_emcee.npz
✓ cat000005 completed successfully
