Processing cat000006 with 6 scenarios...
Cat directory: /eos/project-e/ep-nu/evilla/sn-pointing/cat000006
======================================================================
EMCEE RECONSTRUCTION FOR cat000006
======================================================================

Loading PDF from: /eos/home-e/evilla/dune/sn-tps/neural_networks/electron_direction/three_plane_three_plane_v58_200k_lr_schedule_20251118_110931/cosine_energy_pdf.npz
PDF loaded

======================================================================
SCENARIO (EMCEE): BEST_CASE
======================================================================

Loaded 3871 matched main-track clusters across U, V, X planes
Selected 298 ES main tracks
After E > 3 MeV cut: 298 clusters
Running emcee: 64 walkers × 2000 steps...
Acceptance fraction: 9.9%
Mean direction: θ=46.19°, φ=140.34°
Uncertainties: Δθ=38.89°, Δφ=17.52°
68% credible angle: 25.33°

Angular error: 8.91°

======================================================================
SCENARIO (EMCEE): PERFECT_CT
======================================================================

Loaded 3871 matched main-track clusters across U, V, X planes
Selected 298 ES main tracks
Loading ED model from: /eos/home-e/evilla/dune/sn-tps/neural_networks/electron_direction/three_plane_three_plane_v58_200k_lr_schedule_20251118_110931/checkpoints/model_epoch_12_val_loss_0.8898.keras
Running ED inference...
After energy cut: 298 clusters
Running emcee: 64 walkers × 2000 steps...
Acceptance fraction: 12.7%
Mean direction: θ=26.05°, φ=141.24°
Uncertainties: Δθ=44.32°, Δφ=15.64°
68% credible angle: 32.11°

Angular error: 18.98°

======================================================================
SCENARIO (EMCEE): FULL_PIPELINE
======================================================================

Loaded 3871 matched main-track clusters across U, V, X planes
Using all 3871 main-track clusters
Loading CT model from: /eos/user/e/evilla/dune/sn-tps/neural_networks/channel_tagging/ct_volume_v52_batch_reload_20251116_101125/best_model.keras
Running CT inference...
CT selected 3522 ES candidates from 3871 clusters
  ES prob range: [0.000, 1.000]
Loading ED model from: /eos/home-e/evilla/dune/sn-tps/neural_networks/electron_direction/three_plane_three_plane_v58_200k_lr_schedule_20251118_110931/checkpoints/model_epoch_12_val_loss_0.8898.keras
Running ED inference on 3522 clusters...
After E > 3 MeV cut: 3500 clusters
Running emcee: 64 walkers × 2000 steps...
Acceptance fraction: 5.6%
Mean direction: θ=-165.00°, φ=113.77°
Uncertainties: Δθ=84.39°, Δφ=35.37°
68% credible angle: 62.08°

Angular error: 92.29°

======================================================================
SCENARIO (EMCEE): WEIGHTED_CT
======================================================================

Loaded 3871 matched main-track clusters across U, V, X planes
Using all 3871 main-track clusters
Loading CT model from: /eos/user/e/evilla/dune/sn-tps/neural_networks/channel_tagging/ct_volume_v52_batch_reload_20251116_101125/best_model.keras
Running CT inference...
CT selected 3522 ES candidates from 3871 clusters
  ES prob range: [0.000, 1.000]
Loading ED model from: /eos/home-e/evilla/dune/sn-tps/neural_networks/electron_direction/three_plane_three_plane_v58_200k_lr_schedule_20251118_110931/checkpoints/model_epoch_12_val_loss_0.8898.keras
Running ED inference on 3522 clusters...
Using CT weights (ES probabilities)
After E > 3 MeV cut: 3500 clusters
Running weighted MCMC with 3500 weights
Running emcee: 64 walkers × 2000 steps...
Acceptance fraction: 5.0%
Mean direction: θ=-147.01°, φ=112.14°
Uncertainties: Δθ=79.59°, Δφ=31.75°
68% credible angle: 70.51°

Angular error: 98.89°

======================================================================
SCENARIO (EMCEE): PERFECT_CT_E_GT_10MEV
======================================================================

Loaded 3871 matched main-track clusters across U, V, X planes
Selected 298 ES main tracks
Loading ED model from: /eos/home-e/evilla/dune/sn-tps/neural_networks/electron_direction/three_plane_three_plane_v58_200k_lr_schedule_20251118_110931/checkpoints/model_epoch_12_val_loss_0.8898.keras
Running ED inference...
Applying E > 10 MeV cut
After energy cut: 143 clusters
Running emcee: 64 walkers × 2000 steps...
Acceptance fraction: 9.5%
Mean direction: θ=19.52°, φ=143.05°
Uncertainties: Δθ=64.58°, Δφ=23.32°
68% credible angle: 35.35°

Angular error: 21.81°

======================================================================
SCENARIO (EMCEE): PERFECT_CT_E_GT_20MEV
======================================================================

Loaded 3871 matched main-track clusters across U, V, X planes
Selected 298 ES main tracks
Loading ED model from: /eos/home-e/evilla/dune/sn-tps/neural_networks/electron_direction/three_plane_three_plane_v58_200k_lr_schedule_20251118_110931/checkpoints/model_epoch_12_val_loss_0.8898.keras
Running ED inference...
Applying E > 20 MeV cut
After energy cut: 26 clusters
Running emcee: 64 walkers × 2000 steps...
Acceptance fraction: 19.5%
Mean direction: θ=70.11°, φ=118.81°
Uncertainties: Δθ=73.11°, Δφ=58.79°
68% credible angle: 45.12°

Angular error: 28.96°

✓ Saved: /eos/project-e/ep-nu/evilla/sn-pointing/cat000006/pipeline/cat000006_scenario_best_case_emcee.npz

✓ Saved: /eos/project-e/ep-nu/evilla/sn-pointing/cat000006/pipeline/cat000006_scenario_perfect_ct_emcee.npz

✓ Saved: /eos/project-e/ep-nu/evilla/sn-pointing/cat000006/pipeline/cat000006_scenario_full_pipeline_emcee.npz

✓ Saved: /eos/project-e/ep-nu/evilla/sn-pointing/cat000006/pipeline/cat000006_scenario_weighted_ct_emcee.npz

✓ Saved: /eos/project-e/ep-nu/evilla/sn-pointing/cat000006/pipeline/cat000006_scenario_perfect_ct_e_gt_10mev_emcee.npz

✓ Saved: /eos/project-e/ep-nu/evilla/sn-pointing/cat000006/pipeline/cat000006_scenario_perfect_ct_e_gt_20mev_emcee.npz
✓ cat000006 completed successfully
