==================================================================
Processing cat000115 with EMCEE - ALL SCENARIOS
==================================================================
======================================================================
EMCEE RECONSTRUCTION FOR cat000115
======================================================================

Loading PDF from: /eos/home-e/evilla/dune/sn-tps/neural_networks/electron_direction/three_plane_three_plane_v58_200k_lr_schedule_20251118_110931/cosine_energy_pdf.npz
PDF loaded

======================================================================
SCENARIO (EMCEE): PERFECT_CT
======================================================================

Loaded 3410 matched clusters across U, V, X planes
Selected clusters: 277
Running emcee: 64 walkers × 2000 steps...
Acceptance fraction: 8.9%
Mean direction: θ=-134.26°, φ=143.45°
Uncertainties: Δθ=48.90°, Δφ=7.28°
68% credible angle: 32.68°

Angular error: 12.10°

======================================================================
SCENARIO (EMCEE): ES_MAIN_CC_SHOWER
======================================================================

Loaded 3410 matched clusters across U, V, X planes
Selected clusters: 277
Running emcee: 64 walkers × 2000 steps...
Acceptance fraction: 8.4%
Mean direction: θ=-144.41°, φ=146.02°
Uncertainties: Δθ=56.64°, Δφ=6.59°
68% credible angle: 33.80°

Angular error: 15.73°

======================================================================
SCENARIO (EMCEE): ES_MAIN_CC_ALL
======================================================================

Loaded 3410 matched clusters across U, V, X planes
Selected clusters: 277
Running emcee: 64 walkers × 2000 steps...
Acceptance fraction: 9.4%
Mean direction: θ=-126.98°, φ=144.44°
Uncertainties: Δθ=56.46°, Δφ=7.21°
68% credible angle: 29.74°

Angular error: 8.24°

======================================================================
SCENARIO (EMCEE): ES_ALL_CC_SHOWER
======================================================================

Loaded 3410 matched clusters across U, V, X planes
Selected clusters: 277
Running emcee: 64 walkers × 2000 steps...
Acceptance fraction: 10.6%
Mean direction: θ=-110.87°, φ=144.54°
Uncertainties: Δθ=45.13°, Δφ=6.87°
68% credible angle: 20.30°

Angular error: 5.80°

======================================================================
SCENARIO (EMCEE): ES_ALL_CC_ALL
======================================================================

Loaded 3410 matched clusters across U, V, X planes
Selected clusters: 277
Running emcee: 64 walkers × 2000 steps...
Acceptance fraction: 8.3%
Mean direction: θ=-131.83°, φ=144.03°
Uncertainties: Δθ=54.91°, Δφ=7.15°
68% credible angle: 31.54°

Angular error: 10.62°

======================================================================
SCENARIO (EMCEE): ALL_TRACKS_ALL_SHOWERS
======================================================================

Loaded 3410 matched clusters across U, V, X planes
Selected clusters: 3410
Running emcee: 64 walkers × 2000 steps...
Acceptance fraction: 3.7%
Mean direction: θ=-158.01°, φ=122.98°
Uncertainties: Δθ=55.78°, Δφ=31.83°
68% credible angle: 50.36°

Angular error: 38.64°

✓ Saved: /eos/project-e/ep-nu/evilla/sn-pointing/cat000115/pipeline/cat000115_scenario_perfect_ct_emcee.npz

✓ Saved: /eos/project-e/ep-nu/evilla/sn-pointing/cat000115/pipeline/cat000115_scenario_es_main_cc_shower_emcee.npz

✓ Saved: /eos/project-e/ep-nu/evilla/sn-pointing/cat000115/pipeline/cat000115_scenario_es_main_cc_all_emcee.npz

✓ Saved: /eos/project-e/ep-nu/evilla/sn-pointing/cat000115/pipeline/cat000115_scenario_es_all_cc_shower_emcee.npz

✓ Saved: /eos/project-e/ep-nu/evilla/sn-pointing/cat000115/pipeline/cat000115_scenario_es_all_cc_all_emcee.npz

✓ Saved: /eos/project-e/ep-nu/evilla/sn-pointing/cat000115/pipeline/cat000115_scenario_all_tracks_all_showers_emcee.npz
✓ cat000115 completed successfully
