Processing cat000565 with 6 scenarios...
Cat directory: /eos/project-e/ep-nu/evilla/sn-pointing/cat000565
======================================================================
EMCEE RECONSTRUCTION FOR cat000565
======================================================================

Loading PDF from: /eos/home-e/evilla/dune/sn-tps/neural_networks/electron_direction/three_plane_three_plane_v58_200k_lr_schedule_20251118_110931/cosine_energy_pdf.npz
PDF loaded

======================================================================
SCENARIO (EMCEE): BEST_CASE
======================================================================

Loaded 3343 matched main-track clusters across U, V, X planes
Selected 292 ES main tracks
After E > 3 MeV cut: 292 clusters
Running emcee: 64 walkers × 2000 steps...
Acceptance fraction: 18.6%
Mean direction: θ=-41.73°, φ=43.34°
Uncertainties: Δθ=32.39°, Δφ=12.69°
68% credible angle: 28.70°

Angular error: 15.32°

======================================================================
SCENARIO (EMCEE): PERFECT_CT
======================================================================

Loaded 3343 matched main-track clusters across U, V, X planes
Selected 292 ES main tracks
Loading ED model from: /eos/home-e/evilla/dune/sn-tps/neural_networks/electron_direction/three_plane_three_plane_v58_200k_lr_schedule_20251118_110931/checkpoints/model_epoch_12_val_loss_0.8898.keras
Running ED inference...
After energy cut: 292 clusters
Running emcee: 64 walkers × 2000 steps...
Acceptance fraction: 10.6%
Mean direction: θ=-19.51°, φ=36.44°
Uncertainties: Δθ=57.04°, Δφ=14.42°
68% credible angle: 30.24°

Angular error: 14.70°

======================================================================
SCENARIO (EMCEE): FULL_PIPELINE
======================================================================

Loaded 3343 matched main-track clusters across U, V, X planes
Using all 3343 main-track clusters
Loading CT model from: /eos/user/e/evilla/dune/sn-tps/neural_networks/channel_tagging/ct_volume_v52_batch_reload_20251116_101125/best_model.keras
Running CT inference...
CT selected 3052 ES candidates from 3343 clusters
  ES prob range: [0.000, 1.000]
Loading ED model from: /eos/home-e/evilla/dune/sn-tps/neural_networks/electron_direction/three_plane_three_plane_v58_200k_lr_schedule_20251118_110931/checkpoints/model_epoch_12_val_loss_0.8898.keras
Running ED inference on 3052 clusters...
After E > 3 MeV cut: 3035 clusters
Running emcee: 64 walkers × 2000 steps...
Acceptance fraction: 3.6%
Mean direction: θ=-77.56°, φ=82.80°
Uncertainties: Δθ=120.06°, Δφ=38.43°
68% credible angle: 118.65°

Angular error: 60.55°

======================================================================
SCENARIO (EMCEE): WEIGHTED_CT
======================================================================

Loaded 3343 matched main-track clusters across U, V, X planes
Using all 3343 main-track clusters
Loading CT model from: /eos/user/e/evilla/dune/sn-tps/neural_networks/channel_tagging/ct_volume_v52_batch_reload_20251116_101125/best_model.keras
Running CT inference...
CT selected 3052 ES candidates from 3343 clusters
  ES prob range: [0.000, 1.000]
Loading ED model from: /eos/home-e/evilla/dune/sn-tps/neural_networks/electron_direction/three_plane_three_plane_v58_200k_lr_schedule_20251118_110931/checkpoints/model_epoch_12_val_loss_0.8898.keras
Running ED inference on 3052 clusters...
Using CT weights (ES probabilities)
After E > 3 MeV cut: 3035 clusters
Running weighted MCMC with 3035 weights
Running emcee: 64 walkers × 2000 steps...
Acceptance fraction: 3.5%
Mean direction: θ=-86.49°, φ=80.00°
Uncertainties: Δθ=100.06°, Δφ=36.28°
68% credible angle: 118.93°

Angular error: 60.95°

======================================================================
SCENARIO (EMCEE): PERFECT_CT_E_GT_10MEV
======================================================================

Loaded 3343 matched main-track clusters across U, V, X planes
Selected 292 ES main tracks
Loading ED model from: /eos/home-e/evilla/dune/sn-tps/neural_networks/electron_direction/three_plane_three_plane_v58_200k_lr_schedule_20251118_110931/checkpoints/model_epoch_12_val_loss_0.8898.keras
Running ED inference...
Applying E > 10 MeV cut
After energy cut: 153 clusters
Running emcee: 64 walkers × 2000 steps...
Acceptance fraction: 14.1%
Mean direction: θ=-20.29°, φ=32.40°
Uncertainties: Δθ=60.47°, Δφ=14.79°
68% credible angle: 29.32°

Angular error: 11.88°

======================================================================
SCENARIO (EMCEE): PERFECT_CT_E_GT_20MEV
======================================================================

Loaded 3343 matched main-track clusters across U, V, X planes
Selected 292 ES main tracks
Loading ED model from: /eos/home-e/evilla/dune/sn-tps/neural_networks/electron_direction/three_plane_three_plane_v58_200k_lr_schedule_20251118_110931/checkpoints/model_epoch_12_val_loss_0.8898.keras
Running ED inference...
Applying E > 20 MeV cut
After energy cut: 20 clusters
Running emcee: 64 walkers × 2000 steps...
Acceptance fraction: 18.5%
Mean direction: θ=-23.59°, φ=42.04°
Uncertainties: Δθ=36.54°, Δφ=32.86°
68% credible angle: 21.93°

Angular error: 17.55°

✓ Saved: /eos/project-e/ep-nu/evilla/sn-pointing/cat000565/pipeline/cat000565_scenario_best_case_emcee.npz

✓ Saved: /eos/project-e/ep-nu/evilla/sn-pointing/cat000565/pipeline/cat000565_scenario_perfect_ct_emcee.npz

✓ Saved: /eos/project-e/ep-nu/evilla/sn-pointing/cat000565/pipeline/cat000565_scenario_full_pipeline_emcee.npz

✓ Saved: /eos/project-e/ep-nu/evilla/sn-pointing/cat000565/pipeline/cat000565_scenario_weighted_ct_emcee.npz

✓ Saved: /eos/project-e/ep-nu/evilla/sn-pointing/cat000565/pipeline/cat000565_scenario_perfect_ct_e_gt_10mev_emcee.npz

✓ Saved: /eos/project-e/ep-nu/evilla/sn-pointing/cat000565/pipeline/cat000565_scenario_perfect_ct_e_gt_20mev_emcee.npz
✓ cat000565 completed successfully
