Processing cat000180 with 6 scenarios...
Cat directory: /eos/project-e/ep-nu/evilla/sn-pointing/cat000180
======================================================================
EMCEE RECONSTRUCTION FOR cat000180
======================================================================

Loading PDF from: /eos/home-e/evilla/dune/sn-tps/neural_networks/electron_direction/three_plane_three_plane_v58_200k_lr_schedule_20251118_110931/cosine_energy_pdf.npz
PDF loaded

======================================================================
SCENARIO (EMCEE): BEST_CASE
======================================================================

Loaded 3372 matched main-track clusters across U, V, X planes
Selected 219 ES main tracks
After E > 3 MeV cut: 219 clusters
Running emcee: 64 walkers × 2000 steps...
Acceptance fraction: 11.5%
Mean direction: θ=75.64°, φ=62.15°
Uncertainties: Δθ=32.23°, Δφ=19.40°
68% credible angle: 26.28°

Angular error: 3.89°

======================================================================
SCENARIO (EMCEE): PERFECT_CT
======================================================================

Loaded 3372 matched main-track clusters across U, V, X planes
Selected 219 ES main tracks
Loading ED model from: /eos/home-e/evilla/dune/sn-tps/neural_networks/electron_direction/three_plane_three_plane_v58_200k_lr_schedule_20251118_110931/checkpoints/model_epoch_12_val_loss_0.8898.keras
Running ED inference...
After energy cut: 219 clusters
Running emcee: 64 walkers × 2000 steps...
Acceptance fraction: 15.3%
Mean direction: θ=58.01°, φ=47.48°
Uncertainties: Δθ=36.56°, Δφ=20.09°
68% credible angle: 23.57°

Angular error: 17.07°

======================================================================
SCENARIO (EMCEE): FULL_PIPELINE
======================================================================

Loaded 3372 matched main-track clusters across U, V, X planes
Using all 3372 main-track clusters
Loading CT model from: /eos/user/e/evilla/dune/sn-tps/neural_networks/channel_tagging/ct_volume_v52_batch_reload_20251116_101125/best_model.keras
Running CT inference...
CT selected 3057 ES candidates from 3372 clusters
  ES prob range: [0.000, 1.000]
Loading ED model from: /eos/home-e/evilla/dune/sn-tps/neural_networks/electron_direction/three_plane_three_plane_v58_200k_lr_schedule_20251118_110931/checkpoints/model_epoch_12_val_loss_0.8898.keras
Running ED inference on 3057 clusters...
After E > 3 MeV cut: 3042 clusters
Running emcee: 64 walkers × 2000 steps...
Acceptance fraction: 2.9%
Mean direction: θ=158.99°, φ=84.92°
Uncertainties: Δθ=70.43°, Δφ=34.51°
68% credible angle: 81.19°

Angular error: 82.61°

======================================================================
SCENARIO (EMCEE): WEIGHTED_CT
======================================================================

Loaded 3372 matched main-track clusters across U, V, X planes
Using all 3372 main-track clusters
Loading CT model from: /eos/user/e/evilla/dune/sn-tps/neural_networks/channel_tagging/ct_volume_v52_batch_reload_20251116_101125/best_model.keras
Running CT inference...
CT selected 3057 ES candidates from 3372 clusters
  ES prob range: [0.000, 1.000]
Loading ED model from: /eos/home-e/evilla/dune/sn-tps/neural_networks/electron_direction/three_plane_three_plane_v58_200k_lr_schedule_20251118_110931/checkpoints/model_epoch_12_val_loss_0.8898.keras
Running ED inference on 3057 clusters...
Using CT weights (ES probabilities)
After E > 3 MeV cut: 3042 clusters
Running weighted MCMC with 3042 weights
Running emcee: 64 walkers × 2000 steps...
Acceptance fraction: 3.4%
Mean direction: θ=142.49°, φ=92.87°
Uncertainties: Δθ=72.51°, Δφ=38.36°
68% credible angle: 81.21°

Angular error: 72.95°

======================================================================
SCENARIO (EMCEE): PERFECT_CT_E_GT_10MEV
======================================================================

Loaded 3372 matched main-track clusters across U, V, X planes
Selected 219 ES main tracks
Loading ED model from: /eos/home-e/evilla/dune/sn-tps/neural_networks/electron_direction/three_plane_three_plane_v58_200k_lr_schedule_20251118_110931/checkpoints/model_epoch_12_val_loss_0.8898.keras
Running ED inference...
Applying E > 10 MeV cut
After energy cut: 112 clusters
Running emcee: 64 walkers × 2000 steps...
Acceptance fraction: 14.9%
Mean direction: θ=69.16°, φ=55.01°
Uncertainties: Δθ=53.28°, Δφ=23.51°
68% credible angle: 25.23°

Angular error: 5.62°

======================================================================
SCENARIO (EMCEE): PERFECT_CT_E_GT_20MEV
======================================================================

Loaded 3372 matched main-track clusters across U, V, X planes
Selected 219 ES main tracks
Loading ED model from: /eos/home-e/evilla/dune/sn-tps/neural_networks/electron_direction/three_plane_three_plane_v58_200k_lr_schedule_20251118_110931/checkpoints/model_epoch_12_val_loss_0.8898.keras
Running ED inference...
Applying E > 20 MeV cut
After energy cut: 29 clusters
Running emcee: 64 walkers × 2000 steps...
Acceptance fraction: 23.6%
Mean direction: θ=66.84°, φ=69.76°
Uncertainties: Δθ=59.92°, Δφ=15.94°
68% credible angle: 22.56°

Angular error: 13.31°

✓ Saved: /eos/project-e/ep-nu/evilla/sn-pointing/cat000180/pipeline/cat000180_scenario_best_case_emcee.npz

✓ Saved: /eos/project-e/ep-nu/evilla/sn-pointing/cat000180/pipeline/cat000180_scenario_perfect_ct_emcee.npz

✓ Saved: /eos/project-e/ep-nu/evilla/sn-pointing/cat000180/pipeline/cat000180_scenario_full_pipeline_emcee.npz

✓ Saved: /eos/project-e/ep-nu/evilla/sn-pointing/cat000180/pipeline/cat000180_scenario_weighted_ct_emcee.npz

✓ Saved: /eos/project-e/ep-nu/evilla/sn-pointing/cat000180/pipeline/cat000180_scenario_perfect_ct_e_gt_10mev_emcee.npz

✓ Saved: /eos/project-e/ep-nu/evilla/sn-pointing/cat000180/pipeline/cat000180_scenario_perfect_ct_e_gt_20mev_emcee.npz
✓ cat000180 completed successfully
