Processing cat000256 with 6 scenarios...
Cat directory: /eos/project-e/ep-nu/evilla/sn-pointing/cat000256
======================================================================
EMCEE RECONSTRUCTION FOR cat000256
======================================================================

Loading PDF from: /eos/home-e/evilla/dune/sn-tps/neural_networks/electron_direction/three_plane_three_plane_v58_200k_lr_schedule_20251118_110931/cosine_energy_pdf.npz
PDF loaded

======================================================================
SCENARIO (EMCEE): BEST_CASE
======================================================================

Loaded 3624 matched main-track clusters across U, V, X planes
Selected 259 ES main tracks
After E > 3 MeV cut: 259 clusters
Running emcee: 64 walkers × 2000 steps...
Acceptance fraction: 8.0%
Mean direction: θ=176.07°, φ=117.20°
Uncertainties: Δθ=24.93°, Δφ=24.52°
68% credible angle: 25.33°

Angular error: 15.98°

======================================================================
SCENARIO (EMCEE): PERFECT_CT
======================================================================

Loaded 3624 matched main-track clusters across U, V, X planes
Selected 259 ES main tracks
Loading ED model from: /eos/home-e/evilla/dune/sn-tps/neural_networks/electron_direction/three_plane_three_plane_v58_200k_lr_schedule_20251118_110931/checkpoints/model_epoch_12_val_loss_0.8898.keras
Running ED inference...
After energy cut: 259 clusters
Running emcee: 64 walkers × 2000 steps...
Acceptance fraction: 9.9%
Mean direction: θ=170.80°, φ=115.86°
Uncertainties: Δθ=35.70°, Δφ=24.92°
68% credible angle: 30.01°

Angular error: 13.15°

======================================================================
SCENARIO (EMCEE): FULL_PIPELINE
======================================================================

Loaded 3624 matched main-track clusters across U, V, X planes
Using all 3624 main-track clusters
Loading CT model from: /eos/user/e/evilla/dune/sn-tps/neural_networks/channel_tagging/ct_volume_v52_batch_reload_20251116_101125/best_model.keras
Running CT inference...
CT selected 3280 ES candidates from 3624 clusters
  ES prob range: [0.000, 1.000]
Loading ED model from: /eos/home-e/evilla/dune/sn-tps/neural_networks/electron_direction/three_plane_three_plane_v58_200k_lr_schedule_20251118_110931/checkpoints/model_epoch_12_val_loss_0.8898.keras
Running ED inference on 3280 clusters...
After E > 3 MeV cut: 3262 clusters
Running emcee: 64 walkers × 2000 steps...
Acceptance fraction: 4.2%
Mean direction: θ=-170.60°, φ=108.73°
Uncertainties: Δθ=52.80°, Δφ=23.70°
68% credible angle: 44.07°

Angular error: 30.88°

======================================================================
SCENARIO (EMCEE): WEIGHTED_CT
======================================================================

Loaded 3624 matched main-track clusters across U, V, X planes
Using all 3624 main-track clusters
Loading CT model from: /eos/user/e/evilla/dune/sn-tps/neural_networks/channel_tagging/ct_volume_v52_batch_reload_20251116_101125/best_model.keras
Running CT inference...
CT selected 3280 ES candidates from 3624 clusters
  ES prob range: [0.000, 1.000]
Loading ED model from: /eos/home-e/evilla/dune/sn-tps/neural_networks/electron_direction/three_plane_three_plane_v58_200k_lr_schedule_20251118_110931/checkpoints/model_epoch_12_val_loss_0.8898.keras
Running ED inference on 3280 clusters...
Using CT weights (ES probabilities)
After E > 3 MeV cut: 3262 clusters
Running weighted MCMC with 3262 weights
Running emcee: 64 walkers × 2000 steps...
Acceptance fraction: 4.3%
Mean direction: θ=-170.72°, φ=104.37°
Uncertainties: Δθ=57.76°, Δφ=26.33°
68% credible angle: 43.78°

Angular error: 33.61°

======================================================================
SCENARIO (EMCEE): PERFECT_CT_E_GT_10MEV
======================================================================

Loaded 3624 matched main-track clusters across U, V, X planes
Selected 259 ES main tracks
Loading ED model from: /eos/home-e/evilla/dune/sn-tps/neural_networks/electron_direction/three_plane_three_plane_v58_200k_lr_schedule_20251118_110931/checkpoints/model_epoch_12_val_loss_0.8898.keras
Running ED inference...
Applying E > 10 MeV cut
After energy cut: 136 clusters
Running emcee: 64 walkers × 2000 steps...
Acceptance fraction: 8.4%
Mean direction: θ=172.69°, φ=121.64°
Uncertainties: Δθ=40.93°, Δφ=26.60°
68% credible angle: 29.96°

Angular error: 11.36°

======================================================================
SCENARIO (EMCEE): PERFECT_CT_E_GT_20MEV
======================================================================

Loaded 3624 matched main-track clusters across U, V, X planes
Selected 259 ES main tracks
Loading ED model from: /eos/home-e/evilla/dune/sn-tps/neural_networks/electron_direction/three_plane_three_plane_v58_200k_lr_schedule_20251118_110931/checkpoints/model_epoch_12_val_loss_0.8898.keras
Running ED inference...
Applying E > 20 MeV cut
After energy cut: 30 clusters
Running emcee: 64 walkers × 2000 steps...
Acceptance fraction: 10.1%
Mean direction: θ=174.54°, φ=107.42°
Uncertainties: Δθ=66.66°, Δφ=27.64°
68% credible angle: 30.53°

Angular error: 21.92°

✓ Saved: /eos/project-e/ep-nu/evilla/sn-pointing/cat000256/pipeline/cat000256_scenario_best_case_emcee.npz

✓ Saved: /eos/project-e/ep-nu/evilla/sn-pointing/cat000256/pipeline/cat000256_scenario_perfect_ct_emcee.npz

✓ Saved: /eos/project-e/ep-nu/evilla/sn-pointing/cat000256/pipeline/cat000256_scenario_full_pipeline_emcee.npz

✓ Saved: /eos/project-e/ep-nu/evilla/sn-pointing/cat000256/pipeline/cat000256_scenario_weighted_ct_emcee.npz

✓ Saved: /eos/project-e/ep-nu/evilla/sn-pointing/cat000256/pipeline/cat000256_scenario_perfect_ct_e_gt_10mev_emcee.npz

✓ Saved: /eos/project-e/ep-nu/evilla/sn-pointing/cat000256/pipeline/cat000256_scenario_perfect_ct_e_gt_20mev_emcee.npz
✓ cat000256 completed successfully
