Processing cat000258 with 6 scenarios...
Cat directory: /eos/project-e/ep-nu/evilla/sn-pointing/cat000258
======================================================================
EMCEE RECONSTRUCTION FOR cat000258
======================================================================

Loading PDF from: /eos/home-e/evilla/dune/sn-tps/neural_networks/electron_direction/three_plane_three_plane_v58_200k_lr_schedule_20251118_110931/cosine_energy_pdf.npz
PDF loaded

======================================================================
SCENARIO (EMCEE): BEST_CASE
======================================================================

Loaded 3736 matched main-track clusters across U, V, X planes
Selected 287 ES main tracks
After E > 3 MeV cut: 287 clusters
Running emcee: 64 walkers × 2000 steps...
Acceptance fraction: 10.3%
Mean direction: θ=-68.37°, φ=101.24°
Uncertainties: Δθ=49.69°, Δφ=26.86°
68% credible angle: 35.90°

Angular error: 9.97°

======================================================================
SCENARIO (EMCEE): PERFECT_CT
======================================================================

Loaded 3736 matched main-track clusters across U, V, X planes
Selected 287 ES main tracks
Loading ED model from: /eos/home-e/evilla/dune/sn-tps/neural_networks/electron_direction/three_plane_three_plane_v58_200k_lr_schedule_20251118_110931/checkpoints/model_epoch_12_val_loss_0.8898.keras
Running ED inference...
After energy cut: 287 clusters
Running emcee: 64 walkers × 2000 steps...
Acceptance fraction: 8.7%
Mean direction: θ=-70.50°, φ=106.89°
Uncertainties: Δθ=49.26°, Δφ=15.63°
68% credible angle: 20.96°

Angular error: 4.12°

======================================================================
SCENARIO (EMCEE): FULL_PIPELINE
======================================================================

Loaded 3736 matched main-track clusters across U, V, X planes
Using all 3736 main-track clusters
Loading CT model from: /eos/user/e/evilla/dune/sn-tps/neural_networks/channel_tagging/ct_volume_v52_batch_reload_20251116_101125/best_model.keras
Running CT inference...
CT selected 3410 ES candidates from 3736 clusters
  ES prob range: [0.000, 1.000]
Loading ED model from: /eos/home-e/evilla/dune/sn-tps/neural_networks/electron_direction/three_plane_three_plane_v58_200k_lr_schedule_20251118_110931/checkpoints/model_epoch_12_val_loss_0.8898.keras
Running ED inference on 3410 clusters...
After E > 3 MeV cut: 3391 clusters
Running emcee: 64 walkers × 2000 steps...
Acceptance fraction: 3.0%
Mean direction: θ=-160.48°, φ=98.82°
Uncertainties: Δθ=72.33°, Δφ=34.52°
68% credible angle: 68.74°

Angular error: 84.26°

======================================================================
SCENARIO (EMCEE): WEIGHTED_CT
======================================================================

Loaded 3736 matched main-track clusters across U, V, X planes
Using all 3736 main-track clusters
Loading CT model from: /eos/user/e/evilla/dune/sn-tps/neural_networks/channel_tagging/ct_volume_v52_batch_reload_20251116_101125/best_model.keras
Running CT inference...
CT selected 3410 ES candidates from 3736 clusters
  ES prob range: [0.000, 1.000]
Loading ED model from: /eos/home-e/evilla/dune/sn-tps/neural_networks/electron_direction/three_plane_three_plane_v58_200k_lr_schedule_20251118_110931/checkpoints/model_epoch_12_val_loss_0.8898.keras
Running ED inference on 3410 clusters...
Using CT weights (ES probabilities)
After E > 3 MeV cut: 3391 clusters
Running weighted MCMC with 3391 weights
Running emcee: 64 walkers × 2000 steps...
Acceptance fraction: 3.1%
Mean direction: θ=-149.44°, φ=96.27°
Uncertainties: Δθ=67.74°, Δφ=26.72°
68% credible angle: 76.87°

Angular error: 74.75°

======================================================================
SCENARIO (EMCEE): PERFECT_CT_E_GT_10MEV
======================================================================

Loaded 3736 matched main-track clusters across U, V, X planes
Selected 287 ES main tracks
Loading ED model from: /eos/home-e/evilla/dune/sn-tps/neural_networks/electron_direction/three_plane_three_plane_v58_200k_lr_schedule_20251118_110931/checkpoints/model_epoch_12_val_loss_0.8898.keras
Running ED inference...
Applying E > 10 MeV cut
After energy cut: 141 clusters
Running emcee: 64 walkers × 2000 steps...
Acceptance fraction: 15.2%
Mean direction: θ=-78.39°, φ=98.07°
Uncertainties: Δθ=36.36°, Δφ=16.05°
68% credible angle: 21.43°

Angular error: 12.81°

======================================================================
SCENARIO (EMCEE): PERFECT_CT_E_GT_20MEV
======================================================================

Loaded 3736 matched main-track clusters across U, V, X planes
Selected 287 ES main tracks
Loading ED model from: /eos/home-e/evilla/dune/sn-tps/neural_networks/electron_direction/three_plane_three_plane_v58_200k_lr_schedule_20251118_110931/checkpoints/model_epoch_12_val_loss_0.8898.keras
Running ED inference...
Applying E > 20 MeV cut
After energy cut: 37 clusters
Running emcee: 64 walkers × 2000 steps...
Acceptance fraction: 15.8%
Mean direction: θ=-58.62°, φ=97.24°
Uncertainties: Δθ=86.48°, Δφ=11.62°
68% credible angle: 141.52°

Angular error: 19.17°

✓ Saved: /eos/project-e/ep-nu/evilla/sn-pointing/cat000258/pipeline/cat000258_scenario_best_case_emcee.npz

✓ Saved: /eos/project-e/ep-nu/evilla/sn-pointing/cat000258/pipeline/cat000258_scenario_perfect_ct_emcee.npz

✓ Saved: /eos/project-e/ep-nu/evilla/sn-pointing/cat000258/pipeline/cat000258_scenario_full_pipeline_emcee.npz

✓ Saved: /eos/project-e/ep-nu/evilla/sn-pointing/cat000258/pipeline/cat000258_scenario_weighted_ct_emcee.npz

✓ Saved: /eos/project-e/ep-nu/evilla/sn-pointing/cat000258/pipeline/cat000258_scenario_perfect_ct_e_gt_10mev_emcee.npz

✓ Saved: /eos/project-e/ep-nu/evilla/sn-pointing/cat000258/pipeline/cat000258_scenario_perfect_ct_e_gt_20mev_emcee.npz
✓ cat000258 completed successfully
