==================================================================
Processing cat000451 with EMCEE - ALL SCENARIOS
==================================================================
======================================================================
EMCEE RECONSTRUCTION FOR cat000451
======================================================================

Loading PDF from: /eos/home-e/evilla/dune/sn-tps/neural_networks/electron_direction/three_plane_three_plane_v58_200k_lr_schedule_20251118_110931/cosine_energy_pdf.npz
PDF loaded

======================================================================
SCENARIO (EMCEE): PERFECT_CT
======================================================================

Loaded 3667 matched clusters across U, V, X planes
Selected clusters: 283
Running emcee: 64 walkers × 2000 steps...
Acceptance fraction: 8.7%
Mean direction: θ=-136.06°, φ=57.18°
Uncertainties: Δθ=44.67°, Δφ=27.41°
68% credible angle: 49.52°

Angular error: 32.23°

======================================================================
SCENARIO (EMCEE): ES_MAIN_CC_SHOWER
======================================================================

Loaded 3667 matched clusters across U, V, X planes
Selected clusters: 283
Running emcee: 64 walkers × 2000 steps...
Acceptance fraction: 7.4%
Mean direction: θ=-132.00°, φ=65.36°
Uncertainties: Δθ=52.61°, Δφ=24.15°
68% credible angle: 58.02°

Angular error: 29.43°

======================================================================
SCENARIO (EMCEE): ES_MAIN_CC_ALL
======================================================================

Loaded 3667 matched clusters across U, V, X planes
Selected clusters: 283
Running emcee: 64 walkers × 2000 steps...
Acceptance fraction: 7.3%
Mean direction: θ=-130.51°, φ=66.74°
Uncertainties: Δθ=56.87°, Δφ=28.56°
68% credible angle: 58.09°

Angular error: 28.41°

======================================================================
SCENARIO (EMCEE): ES_ALL_CC_SHOWER
======================================================================

Loaded 3667 matched clusters across U, V, X planes
Selected clusters: 283
Running emcee: 64 walkers × 2000 steps...
Acceptance fraction: 7.4%
Mean direction: θ=-121.07°, φ=60.79°
Uncertainties: Δθ=44.88°, Δφ=29.15°
68% credible angle: 53.70°

Angular error: 19.30°

======================================================================
SCENARIO (EMCEE): ES_ALL_CC_ALL
======================================================================

Loaded 3667 matched clusters across U, V, X planes
Selected clusters: 283
Running emcee: 64 walkers × 2000 steps...
Acceptance fraction: 6.3%
Mean direction: θ=-127.99°, φ=62.85°
Uncertainties: Δθ=53.92°, Δφ=27.60°
68% credible angle: 56.64°

Angular error: 25.48°

======================================================================
SCENARIO (EMCEE): ALL_TRACKS_ALL_SHOWERS
======================================================================

Loaded 3667 matched clusters across U, V, X planes
Selected clusters: 3667
Running emcee: 64 walkers × 2000 steps...
Acceptance fraction: 3.1%
Mean direction: θ=-145.09°, φ=96.75°
Uncertainties: Δθ=70.95°, Δφ=32.68°
68% credible angle: 77.03°

Angular error: 55.62°

✓ Saved: /eos/project-e/ep-nu/evilla/sn-pointing/cat000451/pipeline/cat000451_scenario_perfect_ct_emcee.npz

✓ Saved: /eos/project-e/ep-nu/evilla/sn-pointing/cat000451/pipeline/cat000451_scenario_es_main_cc_shower_emcee.npz

✓ Saved: /eos/project-e/ep-nu/evilla/sn-pointing/cat000451/pipeline/cat000451_scenario_es_main_cc_all_emcee.npz

✓ Saved: /eos/project-e/ep-nu/evilla/sn-pointing/cat000451/pipeline/cat000451_scenario_es_all_cc_shower_emcee.npz

✓ Saved: /eos/project-e/ep-nu/evilla/sn-pointing/cat000451/pipeline/cat000451_scenario_es_all_cc_all_emcee.npz

✓ Saved: /eos/project-e/ep-nu/evilla/sn-pointing/cat000451/pipeline/cat000451_scenario_all_tracks_all_showers_emcee.npz
✓ cat000451 completed successfully
