Processing cat000339 with 6 scenarios...
Cat directory: /eos/project-e/ep-nu/evilla/sn-pointing/cat000339
======================================================================
EMCEE RECONSTRUCTION FOR cat000339
======================================================================

Loading PDF from: /eos/home-e/evilla/dune/sn-tps/neural_networks/electron_direction/three_plane_three_plane_v58_200k_lr_schedule_20251118_110931/cosine_energy_pdf.npz
PDF loaded

======================================================================
SCENARIO (EMCEE): BEST_CASE
======================================================================

Loaded 3612 matched main-track clusters across U, V, X planes
Selected 288 ES main tracks
After E > 3 MeV cut: 288 clusters
Running emcee: 64 walkers × 2000 steps...
Acceptance fraction: 9.7%
Mean direction: θ=64.79°, φ=93.44°
Uncertainties: Δθ=39.59°, Δφ=16.50°
68% credible angle: 28.73°

Angular error: 9.06°

======================================================================
SCENARIO (EMCEE): PERFECT_CT
======================================================================

Loaded 3612 matched main-track clusters across U, V, X planes
Selected 288 ES main tracks
Loading ED model from: /eos/home-e/evilla/dune/sn-tps/neural_networks/electron_direction/three_plane_three_plane_v58_200k_lr_schedule_20251118_110931/checkpoints/model_epoch_12_val_loss_0.8898.keras
Running ED inference...
After energy cut: 288 clusters
Running emcee: 64 walkers × 2000 steps...
Acceptance fraction: 12.1%
Mean direction: θ=70.23°, φ=96.68°
Uncertainties: Δθ=52.91°, Δφ=16.01°
68% credible angle: 33.38°

Angular error: 2.79°

======================================================================
SCENARIO (EMCEE): FULL_PIPELINE
======================================================================

Loaded 3612 matched main-track clusters across U, V, X planes
Using all 3612 main-track clusters
Loading CT model from: /eos/user/e/evilla/dune/sn-tps/neural_networks/channel_tagging/ct_volume_v52_batch_reload_20251116_101125/best_model.keras
Running CT inference...
CT selected 3303 ES candidates from 3612 clusters
  ES prob range: [0.000, 1.000]
Loading ED model from: /eos/home-e/evilla/dune/sn-tps/neural_networks/electron_direction/three_plane_three_plane_v58_200k_lr_schedule_20251118_110931/checkpoints/model_epoch_12_val_loss_0.8898.keras
Running ED inference on 3303 clusters...
After E > 3 MeV cut: 3280 clusters
Running emcee: 64 walkers × 2000 steps...
Acceptance fraction: 3.7%
Mean direction: θ=-170.48°, φ=100.82°
Uncertainties: Δθ=86.04°, Δφ=26.08°
68% credible angle: 70.48°

Angular error: 114.59°

======================================================================
SCENARIO (EMCEE): WEIGHTED_CT
======================================================================

Loaded 3612 matched main-track clusters across U, V, X planes
Using all 3612 main-track clusters
Loading CT model from: /eos/user/e/evilla/dune/sn-tps/neural_networks/channel_tagging/ct_volume_v52_batch_reload_20251116_101125/best_model.keras
Running CT inference...
CT selected 3303 ES candidates from 3612 clusters
  ES prob range: [0.000, 1.000]
Loading ED model from: /eos/home-e/evilla/dune/sn-tps/neural_networks/electron_direction/three_plane_three_plane_v58_200k_lr_schedule_20251118_110931/checkpoints/model_epoch_12_val_loss_0.8898.keras
Running ED inference on 3303 clusters...
Using CT weights (ES probabilities)
After E > 3 MeV cut: 3280 clusters
Running weighted MCMC with 3280 weights
Running emcee: 64 walkers × 2000 steps...
Acceptance fraction: 3.3%
Mean direction: θ=-106.18°, φ=85.33°
Uncertainties: Δθ=89.23°, Δφ=30.68°
68% credible angle: 122.34°

Angular error: 175.85°

======================================================================
SCENARIO (EMCEE): PERFECT_CT_E_GT_10MEV
======================================================================

Loaded 3612 matched main-track clusters across U, V, X planes
Selected 288 ES main tracks
Loading ED model from: /eos/home-e/evilla/dune/sn-tps/neural_networks/electron_direction/three_plane_three_plane_v58_200k_lr_schedule_20251118_110931/checkpoints/model_epoch_12_val_loss_0.8898.keras
Running ED inference...
Applying E > 10 MeV cut
After energy cut: 184 clusters
Running emcee: 64 walkers × 2000 steps...
Acceptance fraction: 9.5%
Mean direction: θ=6.58°, φ=93.25°
Uncertainties: Δθ=100.37°, Δφ=15.22°
68% credible angle: 85.36°

Angular error: 65.53°

======================================================================
SCENARIO (EMCEE): PERFECT_CT_E_GT_20MEV
======================================================================

Loaded 3612 matched main-track clusters across U, V, X planes
Selected 288 ES main tracks
Loading ED model from: /eos/home-e/evilla/dune/sn-tps/neural_networks/electron_direction/three_plane_three_plane_v58_200k_lr_schedule_20251118_110931/checkpoints/model_epoch_12_val_loss_0.8898.keras
Running ED inference...
Applying E > 20 MeV cut
After energy cut: 47 clusters
Running emcee: 64 walkers × 2000 steps...
Acceptance fraction: 11.8%
Mean direction: θ=36.79°, φ=90.69°
Uncertainties: Δθ=121.96°, Δφ=10.77°
68% credible angle: 113.36°

Angular error: 36.24°

✓ Saved: /eos/project-e/ep-nu/evilla/sn-pointing/cat000339/pipeline/cat000339_scenario_best_case_emcee.npz

✓ Saved: /eos/project-e/ep-nu/evilla/sn-pointing/cat000339/pipeline/cat000339_scenario_perfect_ct_emcee.npz

✓ Saved: /eos/project-e/ep-nu/evilla/sn-pointing/cat000339/pipeline/cat000339_scenario_full_pipeline_emcee.npz

✓ Saved: /eos/project-e/ep-nu/evilla/sn-pointing/cat000339/pipeline/cat000339_scenario_weighted_ct_emcee.npz

✓ Saved: /eos/project-e/ep-nu/evilla/sn-pointing/cat000339/pipeline/cat000339_scenario_perfect_ct_e_gt_10mev_emcee.npz

✓ Saved: /eos/project-e/ep-nu/evilla/sn-pointing/cat000339/pipeline/cat000339_scenario_perfect_ct_e_gt_20mev_emcee.npz
✓ cat000339 completed successfully
