Processing cat000425 with 6 scenarios...
Cat directory: /eos/project-e/ep-nu/evilla/sn-pointing/cat000425
======================================================================
EMCEE RECONSTRUCTION FOR cat000425
======================================================================

Loading PDF from: /eos/home-e/evilla/dune/sn-tps/neural_networks/electron_direction/three_plane_three_plane_v58_200k_lr_schedule_20251118_110931/cosine_energy_pdf.npz
PDF loaded

======================================================================
SCENARIO (EMCEE): BEST_CASE
======================================================================

Loaded 3563 matched main-track clusters across U, V, X planes
Selected 266 ES main tracks
After E > 3 MeV cut: 266 clusters
Running emcee: 64 walkers × 2000 steps...
Acceptance fraction: 13.0%
Mean direction: θ=19.29°, φ=120.31°
Uncertainties: Δθ=19.98°, Δφ=13.27°
68% credible angle: 16.46°

Angular error: 13.30°

======================================================================
SCENARIO (EMCEE): PERFECT_CT
======================================================================

Loaded 3563 matched main-track clusters across U, V, X planes
Selected 266 ES main tracks
Loading ED model from: /eos/home-e/evilla/dune/sn-tps/neural_networks/electron_direction/three_plane_three_plane_v58_200k_lr_schedule_20251118_110931/checkpoints/model_epoch_12_val_loss_0.8898.keras
Running ED inference...
After energy cut: 266 clusters
Running emcee: 64 walkers × 2000 steps...
Acceptance fraction: 11.5%
Mean direction: θ=21.10°, φ=124.90°
Uncertainties: Δθ=26.75°, Δφ=18.06°
68% credible angle: 25.46°

Angular error: 9.24°

======================================================================
SCENARIO (EMCEE): FULL_PIPELINE
======================================================================

Loaded 3563 matched main-track clusters across U, V, X planes
Using all 3563 main-track clusters
Loading CT model from: /eos/user/e/evilla/dune/sn-tps/neural_networks/channel_tagging/ct_volume_v52_batch_reload_20251116_101125/best_model.keras
Running CT inference...
CT selected 3201 ES candidates from 3563 clusters
  ES prob range: [0.000, 1.000]
Loading ED model from: /eos/home-e/evilla/dune/sn-tps/neural_networks/electron_direction/three_plane_three_plane_v58_200k_lr_schedule_20251118_110931/checkpoints/model_epoch_12_val_loss_0.8898.keras
Running ED inference on 3201 clusters...
After E > 3 MeV cut: 3189 clusters
Running emcee: 64 walkers × 2000 steps...
Acceptance fraction: 4.9%
Mean direction: θ=36.79°, φ=123.14°
Uncertainties: Δθ=125.25°, Δφ=29.10°
68% credible angle: 82.03°

Angular error: 7.52°

======================================================================
SCENARIO (EMCEE): WEIGHTED_CT
======================================================================

Loaded 3563 matched main-track clusters across U, V, X planes
Using all 3563 main-track clusters
Loading CT model from: /eos/user/e/evilla/dune/sn-tps/neural_networks/channel_tagging/ct_volume_v52_batch_reload_20251116_101125/best_model.keras
Running CT inference...
CT selected 3201 ES candidates from 3563 clusters
  ES prob range: [0.000, 1.000]
Loading ED model from: /eos/home-e/evilla/dune/sn-tps/neural_networks/electron_direction/three_plane_three_plane_v58_200k_lr_schedule_20251118_110931/checkpoints/model_epoch_12_val_loss_0.8898.keras
Running ED inference on 3201 clusters...
Using CT weights (ES probabilities)
After E > 3 MeV cut: 3189 clusters
Running weighted MCMC with 3189 weights
Running emcee: 64 walkers × 2000 steps...
Acceptance fraction: 5.0%
Mean direction: θ=-3.86°, φ=119.12°
Uncertainties: Δθ=164.91°, Δφ=32.78°
68% credible angle: 95.10°

Angular error: 30.60°

======================================================================
SCENARIO (EMCEE): PERFECT_CT_E_GT_10MEV
======================================================================

Loaded 3563 matched main-track clusters across U, V, X planes
Selected 266 ES main tracks
Loading ED model from: /eos/home-e/evilla/dune/sn-tps/neural_networks/electron_direction/three_plane_three_plane_v58_200k_lr_schedule_20251118_110931/checkpoints/model_epoch_12_val_loss_0.8898.keras
Running ED inference...
Applying E > 10 MeV cut
After energy cut: 149 clusters
Running emcee: 64 walkers × 2000 steps...
Acceptance fraction: 12.8%
Mean direction: θ=7.15°, φ=123.06°
Uncertainties: Δθ=27.56°, Δφ=18.09°
68% credible angle: 24.84°

Angular error: 20.41°

======================================================================
SCENARIO (EMCEE): PERFECT_CT_E_GT_20MEV
======================================================================

Loaded 3563 matched main-track clusters across U, V, X planes
Selected 266 ES main tracks
Loading ED model from: /eos/home-e/evilla/dune/sn-tps/neural_networks/electron_direction/three_plane_three_plane_v58_200k_lr_schedule_20251118_110931/checkpoints/model_epoch_12_val_loss_0.8898.keras
Running ED inference...
Applying E > 20 MeV cut
After energy cut: 33 clusters
Running emcee: 64 walkers × 2000 steps...
Acceptance fraction: 14.2%
Mean direction: θ=25.24°, φ=111.05°
Uncertainties: Δθ=69.25°, Δφ=38.81°
68% credible angle: 39.56°

Angular error: 18.92°

✓ Saved: /eos/project-e/ep-nu/evilla/sn-pointing/cat000425/pipeline/cat000425_scenario_best_case_emcee.npz

✓ Saved: /eos/project-e/ep-nu/evilla/sn-pointing/cat000425/pipeline/cat000425_scenario_perfect_ct_emcee.npz

✓ Saved: /eos/project-e/ep-nu/evilla/sn-pointing/cat000425/pipeline/cat000425_scenario_full_pipeline_emcee.npz

✓ Saved: /eos/project-e/ep-nu/evilla/sn-pointing/cat000425/pipeline/cat000425_scenario_weighted_ct_emcee.npz

✓ Saved: /eos/project-e/ep-nu/evilla/sn-pointing/cat000425/pipeline/cat000425_scenario_perfect_ct_e_gt_10mev_emcee.npz

✓ Saved: /eos/project-e/ep-nu/evilla/sn-pointing/cat000425/pipeline/cat000425_scenario_perfect_ct_e_gt_20mev_emcee.npz
✓ cat000425 completed successfully
