==================================================================
Processing cat000188 with EMCEE - ALL SCENARIOS
==================================================================
======================================================================
EMCEE RECONSTRUCTION FOR cat000188
======================================================================

Loading PDF from: /eos/home-e/evilla/dune/sn-tps/neural_networks/electron_direction/three_plane_three_plane_v58_200k_lr_schedule_20251118_110931/cosine_energy_pdf.npz
PDF loaded

======================================================================
SCENARIO (EMCEE): PERFECT_CT
======================================================================

Loaded 3180 matched clusters across U, V, X planes
Selected clusters: 242
Running emcee: 64 walkers × 2000 steps...
Acceptance fraction: 11.0%
Mean direction: θ=-18.91°, φ=116.42°
Uncertainties: Δθ=25.45°, Δφ=17.56°
68% credible angle: 33.61°

Angular error: 20.94°

======================================================================
SCENARIO (EMCEE): ES_MAIN_CC_SHOWER
======================================================================

Loaded 3180 matched clusters across U, V, X planes
Selected clusters: 242
Running emcee: 64 walkers × 2000 steps...
Acceptance fraction: 12.2%
Mean direction: θ=-25.32°, φ=113.71°
Uncertainties: Δθ=21.85°, Δφ=17.07°
68% credible angle: 19.79°

Angular error: 16.52°

======================================================================
SCENARIO (EMCEE): ES_MAIN_CC_ALL
======================================================================

Loaded 3180 matched clusters across U, V, X planes
Selected clusters: 242
Running emcee: 64 walkers × 2000 steps...
Acceptance fraction: 9.6%
Mean direction: θ=-29.88°, φ=114.72°
Uncertainties: Δθ=22.07°, Δφ=16.31°
68% credible angle: 24.77°

Angular error: 12.37°

======================================================================
SCENARIO (EMCEE): ES_ALL_CC_SHOWER
======================================================================

Loaded 3180 matched clusters across U, V, X planes
Selected clusters: 242
Running emcee: 64 walkers × 2000 steps...
Acceptance fraction: 10.6%
Mean direction: θ=-17.32°, φ=113.42°
Uncertainties: Δθ=24.84°, Δφ=14.48°
68% credible angle: 29.51°

Angular error: 23.30°

======================================================================
SCENARIO (EMCEE): ES_ALL_CC_ALL
======================================================================

Loaded 3180 matched clusters across U, V, X planes
Selected clusters: 242
Running emcee: 64 walkers × 2000 steps...
Acceptance fraction: 11.6%
Mean direction: θ=-28.46°, φ=116.63°
Uncertainties: Δθ=21.36°, Δφ=18.21°
68% credible angle: 25.63°

Angular error: 12.73°

======================================================================
SCENARIO (EMCEE): ALL_TRACKS_ALL_SHOWERS
======================================================================

Loaded 3180 matched clusters across U, V, X planes
Selected clusters: 3180
Running emcee: 64 walkers × 2000 steps...
Acceptance fraction: 3.0%
Mean direction: θ=-87.13°, φ=104.72°
Uncertainties: Δθ=92.08°, Δφ=31.40°
68% credible angle: 116.27°

Angular error: 43.87°

✓ Saved: /eos/project-e/ep-nu/evilla/sn-pointing/cat000188/pipeline/cat000188_scenario_perfect_ct_emcee.npz

✓ Saved: /eos/project-e/ep-nu/evilla/sn-pointing/cat000188/pipeline/cat000188_scenario_es_main_cc_shower_emcee.npz

✓ Saved: /eos/project-e/ep-nu/evilla/sn-pointing/cat000188/pipeline/cat000188_scenario_es_main_cc_all_emcee.npz

✓ Saved: /eos/project-e/ep-nu/evilla/sn-pointing/cat000188/pipeline/cat000188_scenario_es_all_cc_shower_emcee.npz

✓ Saved: /eos/project-e/ep-nu/evilla/sn-pointing/cat000188/pipeline/cat000188_scenario_es_all_cc_all_emcee.npz

✓ Saved: /eos/project-e/ep-nu/evilla/sn-pointing/cat000188/pipeline/cat000188_scenario_all_tracks_all_showers_emcee.npz
✓ cat000188 completed successfully
