Processing cat000247 with 6 scenarios...
Cat directory: /eos/project-e/ep-nu/evilla/sn-pointing/cat000247
======================================================================
EMCEE RECONSTRUCTION FOR cat000247
======================================================================

Loading PDF from: /eos/home-e/evilla/dune/sn-tps/neural_networks/electron_direction/three_plane_three_plane_v58_200k_lr_schedule_20251118_110931/cosine_energy_pdf.npz
PDF loaded

======================================================================
SCENARIO (EMCEE): BEST_CASE
======================================================================

Loaded 3604 matched main-track clusters across U, V, X planes
Selected 265 ES main tracks
After E > 3 MeV cut: 265 clusters
Running emcee: 64 walkers × 2000 steps...
Acceptance fraction: 7.9%
Mean direction: θ=-171.28°, φ=103.52°
Uncertainties: Δθ=24.13°, Δφ=18.86°
68% credible angle: 19.30°

Angular error: 12.61°

======================================================================
SCENARIO (EMCEE): PERFECT_CT
======================================================================

Loaded 3604 matched main-track clusters across U, V, X planes
Selected 265 ES main tracks
Loading ED model from: /eos/home-e/evilla/dune/sn-tps/neural_networks/electron_direction/three_plane_three_plane_v58_200k_lr_schedule_20251118_110931/checkpoints/model_epoch_12_val_loss_0.8898.keras
Running ED inference...
After energy cut: 265 clusters
Running emcee: 64 walkers × 2000 steps...
Acceptance fraction: 8.0%
Mean direction: θ=-174.12°, φ=98.96°
Uncertainties: Δθ=27.44°, Δφ=19.25°
68% credible angle: 27.28°

Angular error: 17.12°

======================================================================
SCENARIO (EMCEE): FULL_PIPELINE
======================================================================

Loaded 3604 matched main-track clusters across U, V, X planes
Using all 3604 main-track clusters
Loading CT model from: /eos/user/e/evilla/dune/sn-tps/neural_networks/channel_tagging/ct_volume_v52_batch_reload_20251116_101125/best_model.keras
Running CT inference...
CT selected 3270 ES candidates from 3604 clusters
  ES prob range: [0.000, 1.000]
Loading ED model from: /eos/home-e/evilla/dune/sn-tps/neural_networks/electron_direction/three_plane_three_plane_v58_200k_lr_schedule_20251118_110931/checkpoints/model_epoch_12_val_loss_0.8898.keras
Running ED inference on 3270 clusters...
After E > 3 MeV cut: 3249 clusters
Running emcee: 64 walkers × 2000 steps...
Acceptance fraction: 4.4%
Mean direction: θ=-151.52°, φ=105.78°
Uncertainties: Δθ=48.75°, Δφ=17.82°
68% credible angle: 50.11°

Angular error: 7.22°

======================================================================
SCENARIO (EMCEE): WEIGHTED_CT
======================================================================

Loaded 3604 matched main-track clusters across U, V, X planes
Using all 3604 main-track clusters
Loading CT model from: /eos/user/e/evilla/dune/sn-tps/neural_networks/channel_tagging/ct_volume_v52_batch_reload_20251116_101125/best_model.keras
Running CT inference...
CT selected 3270 ES candidates from 3604 clusters
  ES prob range: [0.000, 1.000]
Loading ED model from: /eos/home-e/evilla/dune/sn-tps/neural_networks/electron_direction/three_plane_three_plane_v58_200k_lr_schedule_20251118_110931/checkpoints/model_epoch_12_val_loss_0.8898.keras
Running ED inference on 3270 clusters...
Using CT weights (ES probabilities)
After E > 3 MeV cut: 3249 clusters
Running weighted MCMC with 3249 weights
Running emcee: 64 walkers × 2000 steps...
Acceptance fraction: 4.3%
Mean direction: θ=-164.74°, φ=109.42°
Uncertainties: Δθ=50.70°, Δφ=18.62°
68% credible angle: 43.10°

Angular error: 5.92°

======================================================================
SCENARIO (EMCEE): PERFECT_CT_E_GT_10MEV
======================================================================

Loaded 3604 matched main-track clusters across U, V, X planes
Selected 265 ES main tracks
Loading ED model from: /eos/home-e/evilla/dune/sn-tps/neural_networks/electron_direction/three_plane_three_plane_v58_200k_lr_schedule_20251118_110931/checkpoints/model_epoch_12_val_loss_0.8898.keras
Running ED inference...
Applying E > 10 MeV cut
After energy cut: 137 clusters
Running emcee: 64 walkers × 2000 steps...
Acceptance fraction: 9.7%
Mean direction: θ=-177.09°, φ=102.79°
Uncertainties: Δθ=37.50°, Δφ=22.09°
68% credible angle: 24.73°

Angular error: 18.21°

======================================================================
SCENARIO (EMCEE): PERFECT_CT_E_GT_20MEV
======================================================================

Loaded 3604 matched main-track clusters across U, V, X planes
Selected 265 ES main tracks
Loading ED model from: /eos/home-e/evilla/dune/sn-tps/neural_networks/electron_direction/three_plane_three_plane_v58_200k_lr_schedule_20251118_110931/checkpoints/model_epoch_12_val_loss_0.8898.keras
Running ED inference...
Applying E > 20 MeV cut
After energy cut: 25 clusters
Running emcee: 64 walkers × 2000 steps...
Acceptance fraction: 13.7%
Mean direction: θ=174.00°, φ=95.20°
Uncertainties: Δθ=68.66°, Δφ=23.08°
68% credible angle: 36.63°

Angular error: 29.26°

✓ Saved: /eos/project-e/ep-nu/evilla/sn-pointing/cat000247/pipeline/cat000247_scenario_best_case_emcee.npz

✓ Saved: /eos/project-e/ep-nu/evilla/sn-pointing/cat000247/pipeline/cat000247_scenario_perfect_ct_emcee.npz

✓ Saved: /eos/project-e/ep-nu/evilla/sn-pointing/cat000247/pipeline/cat000247_scenario_full_pipeline_emcee.npz

✓ Saved: /eos/project-e/ep-nu/evilla/sn-pointing/cat000247/pipeline/cat000247_scenario_weighted_ct_emcee.npz

✓ Saved: /eos/project-e/ep-nu/evilla/sn-pointing/cat000247/pipeline/cat000247_scenario_perfect_ct_e_gt_10mev_emcee.npz

✓ Saved: /eos/project-e/ep-nu/evilla/sn-pointing/cat000247/pipeline/cat000247_scenario_perfect_ct_e_gt_20mev_emcee.npz
✓ cat000247 completed successfully
