Processing cat000023 with 6 scenarios...
Cat directory: /eos/project-e/ep-nu/evilla/sn-pointing/cat000023
======================================================================
EMCEE RECONSTRUCTION FOR cat000023
======================================================================

Loading PDF from: /eos/home-e/evilla/dune/sn-tps/neural_networks/electron_direction/three_plane_three_plane_v58_200k_lr_schedule_20251118_110931/cosine_energy_pdf.npz
PDF loaded

======================================================================
SCENARIO (EMCEE): BEST_CASE
======================================================================

Loaded 3856 matched main-track clusters across U, V, X planes
Selected 268 ES main tracks
After E > 3 MeV cut: 268 clusters
Running emcee: 64 walkers × 2000 steps...
Acceptance fraction: 8.6%
Mean direction: θ=128.76°, φ=62.65°
Uncertainties: Δθ=40.55°, Δφ=23.99°
68% credible angle: 41.67°

Angular error: 17.78°

======================================================================
SCENARIO (EMCEE): PERFECT_CT
======================================================================

Loaded 3856 matched main-track clusters across U, V, X planes
Selected 268 ES main tracks
Loading ED model from: /eos/home-e/evilla/dune/sn-tps/neural_networks/electron_direction/three_plane_three_plane_v58_200k_lr_schedule_20251118_110931/checkpoints/model_epoch_12_val_loss_0.8898.keras
Running ED inference...
After energy cut: 268 clusters
Running emcee: 64 walkers × 2000 steps...
Acceptance fraction: 12.6%
Mean direction: θ=142.19°, φ=55.48°
Uncertainties: Δθ=44.80°, Δφ=23.23°
68% credible angle: 43.27°

Angular error: 28.33°

======================================================================
SCENARIO (EMCEE): FULL_PIPELINE
======================================================================

Loaded 3856 matched main-track clusters across U, V, X planes
Using all 3856 main-track clusters
Loading CT model from: /eos/user/e/evilla/dune/sn-tps/neural_networks/charge_topology/best_model.keras

✗ full_pipeline failed: File not found: filepath=/eos/user/e/evilla/dune/sn-tps/neural_networks/charge_topology/best_model.keras. Please ensure the file is an accessible `.keras` zip file.

======================================================================
SCENARIO (EMCEE): WEIGHTED_CT
======================================================================

Loaded 3856 matched main-track clusters across U, V, X planes
Using all 3856 main-track clusters
Loading CT model from: /eos/user/e/evilla/dune/sn-tps/neural_networks/charge_topology/best_model.keras

✗ weighted_ct failed: File not found: filepath=/eos/user/e/evilla/dune/sn-tps/neural_networks/charge_topology/best_model.keras. Please ensure the file is an accessible `.keras` zip file.

======================================================================
SCENARIO (EMCEE): PERFECT_CT_E_GT_10MEV
======================================================================

Loaded 3856 matched main-track clusters across U, V, X planes
Selected 268 ES main tracks
Loading ED model from: /eos/home-e/evilla/dune/sn-tps/neural_networks/electron_direction/three_plane_three_plane_v58_200k_lr_schedule_20251118_110931/checkpoints/model_epoch_12_val_loss_0.8898.keras
Running ED inference...
Applying E > 10 MeV cut
After energy cut: 148 clusters
Running emcee: 64 walkers × 2000 steps...
Acceptance fraction: 12.8%
Mean direction: θ=134.52°, φ=54.33°
Uncertainties: Δθ=43.06°, Δφ=22.56°
68% credible angle: 39.83°

Angular error: 22.09°

======================================================================
SCENARIO (EMCEE): PERFECT_CT_E_GT_20MEV
======================================================================

Loaded 3856 matched main-track clusters across U, V, X planes
Selected 268 ES main tracks
Loading ED model from: /eos/home-e/evilla/dune/sn-tps/neural_networks/electron_direction/three_plane_three_plane_v58_200k_lr_schedule_20251118_110931/checkpoints/model_epoch_12_val_loss_0.8898.keras
Running ED inference...
Applying E > 20 MeV cut
After energy cut: 32 clusters
Running emcee: 64 walkers × 2000 steps...
Acceptance fraction: 13.2%
Mean direction: θ=146.37°, φ=46.25°
Uncertainties: Δθ=51.35°, Δφ=22.68°
68% credible angle: 41.94°

Angular error: 32.38°

✓ Saved: /eos/project-e/ep-nu/evilla/sn-pointing/cat000023/pipeline/cat000023_scenario_best_case_emcee.npz

✓ Saved: /eos/project-e/ep-nu/evilla/sn-pointing/cat000023/pipeline/cat000023_scenario_perfect_ct_emcee.npz

✓ Saved: /eos/project-e/ep-nu/evilla/sn-pointing/cat000023/pipeline/cat000023_scenario_perfect_ct_e_gt_10mev_emcee.npz

✓ Saved: /eos/project-e/ep-nu/evilla/sn-pointing/cat000023/pipeline/cat000023_scenario_perfect_ct_e_gt_20mev_emcee.npz
✓ cat000023 completed successfully
