==================================================================
Processing cat000576 with EMCEE - ALL SCENARIOS
==================================================================
======================================================================
EMCEE RECONSTRUCTION FOR cat000576
======================================================================

Loading PDF from: /eos/home-e/evilla/dune/sn-tps/neural_networks/electron_direction/three_plane_three_plane_v58_200k_lr_schedule_20251118_110931/cosine_energy_pdf.npz
PDF loaded

======================================================================
SCENARIO (EMCEE): PERFECT_CT
======================================================================

Loaded 2716 matched clusters across U, V, X planes
Selected clusters: 240
Running emcee: 64 walkers × 2000 steps...
Acceptance fraction: 8.6%
Mean direction: θ=173.66°, φ=85.99°
Uncertainties: Δθ=20.05°, Δφ=13.18°
68% credible angle: 27.90°

Angular error: 10.60°

======================================================================
SCENARIO (EMCEE): ES_MAIN_CC_SHOWER
======================================================================

Loaded 2716 matched clusters across U, V, X planes
Selected clusters: 240
Running emcee: 64 walkers × 2000 steps...
Acceptance fraction: 8.7%
Mean direction: θ=172.53°, φ=87.36°
Uncertainties: Δθ=18.22°, Δφ=11.11°
68% credible angle: 23.45°

Angular error: 11.14°

======================================================================
SCENARIO (EMCEE): ES_MAIN_CC_ALL
======================================================================

Loaded 2716 matched clusters across U, V, X planes
Selected clusters: 240
Running emcee: 64 walkers × 2000 steps...
Acceptance fraction: 8.4%
Mean direction: θ=174.45°, φ=86.67°
Uncertainties: Δθ=17.95°, Δφ=12.15°
68% credible angle: 21.68°

Angular error: 11.61°

======================================================================
SCENARIO (EMCEE): ES_ALL_CC_SHOWER
======================================================================

Loaded 2716 matched clusters across U, V, X planes
Selected clusters: 240
Running emcee: 64 walkers × 2000 steps...
Acceptance fraction: 8.9%
Mean direction: θ=170.26°, φ=84.14°
Uncertainties: Δθ=23.58°, Δφ=15.18°
68% credible angle: 24.31°

Angular error: 7.25°

======================================================================
SCENARIO (EMCEE): ES_ALL_CC_ALL
======================================================================

Loaded 2716 matched clusters across U, V, X planes
Selected clusters: 240
Running emcee: 64 walkers × 2000 steps...
Acceptance fraction: 7.2%
Mean direction: θ=170.61°, φ=88.95°
Uncertainties: Δθ=19.20°, Δφ=13.63°
68% credible angle: 25.95°

Angular error: 11.88°

======================================================================
SCENARIO (EMCEE): ALL_TRACKS_ALL_SHOWERS
======================================================================

Loaded 2716 matched clusters across U, V, X planes
Selected clusters: 2716
Running emcee: 64 walkers × 2000 steps...
Acceptance fraction: 3.9%
Mean direction: θ=-167.35°, φ=91.05°
Uncertainties: Δθ=43.13°, Δφ=20.74°
68% credible angle: 42.49°

Angular error: 28.68°

✓ Saved: /eos/project-e/ep-nu/evilla/sn-pointing/cat000576/pipeline/cat000576_scenario_perfect_ct_emcee.npz

✓ Saved: /eos/project-e/ep-nu/evilla/sn-pointing/cat000576/pipeline/cat000576_scenario_es_main_cc_shower_emcee.npz

✓ Saved: /eos/project-e/ep-nu/evilla/sn-pointing/cat000576/pipeline/cat000576_scenario_es_main_cc_all_emcee.npz

✓ Saved: /eos/project-e/ep-nu/evilla/sn-pointing/cat000576/pipeline/cat000576_scenario_es_all_cc_shower_emcee.npz

✓ Saved: /eos/project-e/ep-nu/evilla/sn-pointing/cat000576/pipeline/cat000576_scenario_es_all_cc_all_emcee.npz

✓ Saved: /eos/project-e/ep-nu/evilla/sn-pointing/cat000576/pipeline/cat000576_scenario_all_tracks_all_showers_emcee.npz
✓ cat000576 completed successfully
