Processing cat000054 with 6 scenarios...
Cat directory: /eos/project-e/ep-nu/evilla/sn-pointing/cat000054
======================================================================
EMCEE RECONSTRUCTION FOR cat000054
======================================================================

Loading PDF from: /eos/home-e/evilla/dune/sn-tps/neural_networks/electron_direction/three_plane_three_plane_v58_200k_lr_schedule_20251118_110931/cosine_energy_pdf.npz
PDF loaded

======================================================================
SCENARIO (EMCEE): BEST_CASE
======================================================================

Loaded 3419 matched main-track clusters across U, V, X planes
Selected 209 ES main tracks
After E > 3 MeV cut: 209 clusters
Running emcee: 64 walkers × 2000 steps...
Acceptance fraction: 14.1%
Mean direction: θ=147.89°, φ=95.60°
Uncertainties: Δθ=30.05°, Δφ=12.86°
68% credible angle: 32.15°

Angular error: 14.44°

======================================================================
SCENARIO (EMCEE): PERFECT_CT
======================================================================

Loaded 3419 matched main-track clusters across U, V, X planes
Selected 209 ES main tracks
Loading ED model from: /eos/home-e/evilla/dune/sn-tps/neural_networks/electron_direction/three_plane_three_plane_v58_200k_lr_schedule_20251118_110931/checkpoints/model_epoch_12_val_loss_0.8898.keras
Running ED inference...
After energy cut: 209 clusters
Running emcee: 64 walkers × 2000 steps...
Acceptance fraction: 13.5%
Mean direction: θ=158.38°, φ=92.71°
Uncertainties: Δθ=31.86°, Δφ=12.79°
68% credible angle: 37.97°

Angular error: 24.71°

======================================================================
SCENARIO (EMCEE): FULL_PIPELINE
======================================================================

Loaded 3419 matched main-track clusters across U, V, X planes
Using all 3419 main-track clusters
Loading CT model from: /eos/user/e/evilla/dune/sn-tps/neural_networks/channel_tagging/ct_volume_v52_batch_reload_20251116_101125/best_model.keras
Running CT inference...
CT selected 3092 ES candidates from 3419 clusters
  ES prob range: [0.000, 1.000]
Loading ED model from: /eos/home-e/evilla/dune/sn-tps/neural_networks/electron_direction/three_plane_three_plane_v58_200k_lr_schedule_20251118_110931/checkpoints/model_epoch_12_val_loss_0.8898.keras
Running ED inference on 3092 clusters...
After E > 3 MeV cut: 3068 clusters
Running emcee: 64 walkers × 2000 steps...
Acceptance fraction: 3.7%
Mean direction: θ=176.60°, φ=95.30°
Uncertainties: Δθ=83.01°, Δφ=31.21°
68% credible angle: 72.53°

Angular error: 42.90°

======================================================================
SCENARIO (EMCEE): WEIGHTED_CT
======================================================================

Loaded 3419 matched main-track clusters across U, V, X planes
Using all 3419 main-track clusters
Loading CT model from: /eos/user/e/evilla/dune/sn-tps/neural_networks/channel_tagging/ct_volume_v52_batch_reload_20251116_101125/best_model.keras
Running CT inference...
CT selected 3092 ES candidates from 3419 clusters
  ES prob range: [0.000, 1.000]
Loading ED model from: /eos/home-e/evilla/dune/sn-tps/neural_networks/electron_direction/three_plane_three_plane_v58_200k_lr_schedule_20251118_110931/checkpoints/model_epoch_12_val_loss_0.8898.keras
Running ED inference on 3092 clusters...
Using CT weights (ES probabilities)
After E > 3 MeV cut: 3068 clusters
Running weighted MCMC with 3068 weights
Running emcee: 64 walkers × 2000 steps...
Acceptance fraction: 3.3%
Mean direction: θ=176.91°, φ=93.07°
Uncertainties: Δθ=87.05°, Δφ=33.54°
68% credible angle: 76.94°

Angular error: 43.21°

======================================================================
SCENARIO (EMCEE): PERFECT_CT_E_GT_10MEV
======================================================================

Loaded 3419 matched main-track clusters across U, V, X planes
Selected 209 ES main tracks
Loading ED model from: /eos/home-e/evilla/dune/sn-tps/neural_networks/electron_direction/three_plane_three_plane_v58_200k_lr_schedule_20251118_110931/checkpoints/model_epoch_12_val_loss_0.8898.keras
Running ED inference...
Applying E > 10 MeV cut
After energy cut: 114 clusters
Running emcee: 64 walkers × 2000 steps...
Acceptance fraction: 12.6%
Mean direction: θ=158.77°, φ=95.15°
Uncertainties: Δθ=32.34°, Δφ=11.15°
68% credible angle: 34.68°

Angular error: 25.15°

======================================================================
SCENARIO (EMCEE): PERFECT_CT_E_GT_20MEV
======================================================================

Loaded 3419 matched main-track clusters across U, V, X planes
Selected 209 ES main tracks
Loading ED model from: /eos/home-e/evilla/dune/sn-tps/neural_networks/electron_direction/three_plane_three_plane_v58_200k_lr_schedule_20251118_110931/checkpoints/model_epoch_12_val_loss_0.8898.keras
Running ED inference...
Applying E > 20 MeV cut
After energy cut: 25 clusters
Running emcee: 64 walkers × 2000 steps...
Acceptance fraction: 20.4%
Mean direction: θ=168.69°, φ=95.71°
Uncertainties: Δθ=50.60°, Δφ=6.96°
68% credible angle: 54.98°

Angular error: 35.05°

✓ Saved: /eos/project-e/ep-nu/evilla/sn-pointing/cat000054/pipeline/cat000054_scenario_best_case_emcee.npz

✓ Saved: /eos/project-e/ep-nu/evilla/sn-pointing/cat000054/pipeline/cat000054_scenario_perfect_ct_emcee.npz

✓ Saved: /eos/project-e/ep-nu/evilla/sn-pointing/cat000054/pipeline/cat000054_scenario_full_pipeline_emcee.npz

✓ Saved: /eos/project-e/ep-nu/evilla/sn-pointing/cat000054/pipeline/cat000054_scenario_weighted_ct_emcee.npz

✓ Saved: /eos/project-e/ep-nu/evilla/sn-pointing/cat000054/pipeline/cat000054_scenario_perfect_ct_e_gt_10mev_emcee.npz

✓ Saved: /eos/project-e/ep-nu/evilla/sn-pointing/cat000054/pipeline/cat000054_scenario_perfect_ct_e_gt_20mev_emcee.npz
✓ cat000054 completed successfully
