==================================================================
Processing cat000279 with EMCEE - ALL SCENARIOS
==================================================================
======================================================================
EMCEE RECONSTRUCTION FOR cat000279
======================================================================

Loading PDF from: /eos/home-e/evilla/dune/sn-tps/neural_networks/electron_direction/three_plane_three_plane_v58_200k_lr_schedule_20251118_110931/cosine_energy_pdf.npz
PDF loaded

======================================================================
SCENARIO (EMCEE): PERFECT_CT
======================================================================

Loaded 3545 matched clusters across U, V, X planes
Selected clusters: 249
Running emcee: 64 walkers × 2000 steps...
Acceptance fraction: 17.0%
Mean direction: θ=-172.17°, φ=111.12°
Uncertainties: Δθ=24.76°, Δφ=11.72°
68% credible angle: 27.14°

Angular error: 13.08°

======================================================================
SCENARIO (EMCEE): ES_MAIN_CC_SHOWER
======================================================================

Loaded 3545 matched clusters across U, V, X planes
Selected clusters: 249
Running emcee: 64 walkers × 2000 steps...
Acceptance fraction: 12.5%
Mean direction: θ=-174.17°, φ=106.16°
Uncertainties: Δθ=24.22°, Δφ=13.13°
68% credible angle: 27.36°

Angular error: 13.73°

======================================================================
SCENARIO (EMCEE): ES_MAIN_CC_ALL
======================================================================

Loaded 3545 matched clusters across U, V, X planes
Selected clusters: 249
Running emcee: 64 walkers × 2000 steps...
Acceptance fraction: 13.3%
Mean direction: θ=-171.05°, φ=104.55°
Uncertainties: Δθ=23.90°, Δφ=13.64°
68% credible angle: 26.58°

Angular error: 10.73°

======================================================================
SCENARIO (EMCEE): ES_ALL_CC_SHOWER
======================================================================

Loaded 3545 matched clusters across U, V, X planes
Selected clusters: 249
Running emcee: 64 walkers × 2000 steps...
Acceptance fraction: 13.9%
Mean direction: θ=-175.99°, φ=102.88°
Uncertainties: Δθ=24.59°, Δφ=11.49°
68% credible angle: 28.01°

Angular error: 15.71°

======================================================================
SCENARIO (EMCEE): ES_ALL_CC_ALL
======================================================================

Loaded 3545 matched clusters across U, V, X planes
Selected clusters: 249
Running emcee: 64 walkers × 2000 steps...
Acceptance fraction: 12.3%
Mean direction: θ=-173.25°, φ=104.74°
Uncertainties: Δθ=23.76°, Δφ=13.48°
68% credible angle: 26.81°

Angular error: 12.84°

======================================================================
SCENARIO (EMCEE): ALL_TRACKS_ALL_SHOWERS
======================================================================

Loaded 3545 matched clusters across U, V, X planes
Selected clusters: 3545
Running emcee: 64 walkers × 2000 steps...
Acceptance fraction: 4.7%
Mean direction: θ=-160.12°, φ=97.95°
Uncertainties: Δθ=49.22°, Δφ=26.09°
68% credible angle: 60.22°

Angular error: 7.14°

✓ Saved: /eos/project-e/ep-nu/evilla/sn-pointing/cat000279/pipeline/cat000279_scenario_perfect_ct_emcee.npz

✓ Saved: /eos/project-e/ep-nu/evilla/sn-pointing/cat000279/pipeline/cat000279_scenario_es_main_cc_shower_emcee.npz

✓ Saved: /eos/project-e/ep-nu/evilla/sn-pointing/cat000279/pipeline/cat000279_scenario_es_main_cc_all_emcee.npz

✓ Saved: /eos/project-e/ep-nu/evilla/sn-pointing/cat000279/pipeline/cat000279_scenario_es_all_cc_shower_emcee.npz

✓ Saved: /eos/project-e/ep-nu/evilla/sn-pointing/cat000279/pipeline/cat000279_scenario_es_all_cc_all_emcee.npz

✓ Saved: /eos/project-e/ep-nu/evilla/sn-pointing/cat000279/pipeline/cat000279_scenario_all_tracks_all_showers_emcee.npz
✓ cat000279 completed successfully
