000 (13791716.041.000) 11/20 10:18:20 Job submitted from host: <188.184.90.62:9618?addrs=188.184.90.62-9618+[2001-1458-201-e4--100-238]-9618&alias=bigbird16.cern.ch&noUDP&sock=schedd_5196_9a2f>
...
040 (13791716.041.000) 11/20 10:20:27 Started transferring input files
	Transferring to host: <188.185.92.254:9618?addrs=188.185.92.254-9618+[2001-1458-d00-6c--100-8f]-9618&alias=b9g57n6544.cern.ch&noUDP&sock=slot1_2_21219_7478_9872>
...
040 (13791716.041.000) 11/20 10:20:27 Finished transferring input files
...
001 (13791716.041.000) 11/20 10:20:28 Job executing on host: <188.185.92.254:9618?addrs=188.185.92.254-9618+[2001-1458-d00-6c--100-8f]-9618&alias=b9g57n6544.cern.ch&noUDP&sock=startd_20748_fb11>
	SlotName: slot1_2@b9g57n6544.cern.ch
	AvailableGPUs = { GPUs_GPU_486de2a4 }
	CondorScratchDir = "/pool/condor/dir_3092283"
	Cpus = 11
	Disk = 4195725
	GPUs = 1
	GPUs_GPU_486de2a4 = [ Id = "GPU-486de2a4"; ClockMhz = 1410.0; Capability = 8.0; CoresPerCU = 64; DeviceName = "NVIDIA A100-PCIE-40GB"; DeviceUuid = "486de2a4-09f0-beaa-a3c7-aeb8fe4639c5"; ECCEnabled = true; ComputeUnits = 108; DriverVersion = 13.0; DevicePciBusId = "0000:07:00.0"; GlobalMemoryMb = 40441; MaxSupportedVersion = 13000 ]
	Memory = 33000
...
006 (13791716.041.000) 11/20 10:20:42 Image size of job updated: 201092
	197  -  MemoryUsage of job (MB)
	201092  -  ResidentSetSize of job (KB)
...
006 (13791716.041.000) 11/20 10:22:42 Image size of job updated: 1931568
	197  -  MemoryUsage of job (MB)
	201336  -  ResidentSetSize of job (KB)
...
040 (13791716.041.000) 11/20 10:22:42 Started transferring output files
...
040 (13791716.041.000) 11/20 10:22:42 Finished transferring output files
...
005 (13791716.041.000) 11/20 10:22:42 Job terminated.
	(1) Normal termination (return value 0)
		Usr 0 00:01:44, Sys 0 00:00:23  -  Run Remote Usage
		Usr 0 00:00:00, Sys 0 00:00:00  -  Run Local Usage
		Usr 0 00:01:44, Sys 0 00:00:23  -  Total Remote Usage
		Usr 0 00:00:00, Sys 0 00:00:00  -  Total Local Usage
	17657  -  Run Bytes Sent By Job
	1410806  -  Run Bytes Received By Job
	17657  -  Total Bytes Sent By Job
	1410806  -  Total Bytes Received By Job
	Partitionable Resources :    Usage  Request Allocated Assigned
	   Cpus                 :        0       11        11 
	   Disk (KB)            :     1419  4194304   4195725 
	   GPUs                 :                 1         1 "GPU-486de2a4"
	   Memory (MB)          :      197    33000     33000 
	   TimeExecute (s)      :      134                    
	   TimeSlotBusy (s)     :      135                    

	Job terminated of its own accord at 2025-11-20T09:22:42Z with exit-code 0.
...
