==================================================================
Processing cat000277 with EMCEE - ALL SCENARIOS
==================================================================
======================================================================
EMCEE RECONSTRUCTION FOR cat000277
======================================================================

Loading PDF from: /eos/home-e/evilla/dune/sn-tps/neural_networks/electron_direction/three_plane_three_plane_v58_200k_lr_schedule_20251118_110931/cosine_energy_pdf.npz
PDF loaded

======================================================================
SCENARIO (EMCEE): PERFECT_CT
======================================================================

Loaded 3393 matched clusters across U, V, X planes
Selected clusters: 212
Running emcee: 64 walkers × 2000 steps...
Acceptance fraction: 10.1%
Mean direction: θ=-173.51°, φ=108.61°
Uncertainties: Δθ=21.59°, Δφ=15.81°
68% credible angle: 24.24°

Angular error: 8.25°

======================================================================
SCENARIO (EMCEE): ES_MAIN_CC_SHOWER
======================================================================

Loaded 3393 matched clusters across U, V, X planes
Selected clusters: 212
Running emcee: 64 walkers × 2000 steps...
Acceptance fraction: 9.0%
Mean direction: θ=-179.68°, φ=112.51°
Uncertainties: Δθ=24.23°, Δφ=17.60°
68% credible angle: 30.70°

Angular error: 3.76°

======================================================================
SCENARIO (EMCEE): ES_MAIN_CC_ALL
======================================================================

Loaded 3393 matched clusters across U, V, X planes
Selected clusters: 212
Running emcee: 64 walkers × 2000 steps...
Acceptance fraction: 6.8%
Mean direction: θ=179.26°, φ=117.33°
Uncertainties: Δθ=23.30°, Δφ=20.66°
68% credible angle: 30.28°

Angular error: 3.04°

======================================================================
SCENARIO (EMCEE): ES_ALL_CC_SHOWER
======================================================================

Loaded 3393 matched clusters across U, V, X planes
Selected clusters: 212
Running emcee: 64 walkers × 2000 steps...
Acceptance fraction: 11.2%
Mean direction: θ=-172.11°, φ=108.62°
Uncertainties: Δθ=27.12°, Δφ=18.23°
68% credible angle: 26.22°

Angular error: 8.93°

======================================================================
SCENARIO (EMCEE): ES_ALL_CC_ALL
======================================================================

Loaded 3393 matched clusters across U, V, X planes
Selected clusters: 212
Running emcee: 64 walkers × 2000 steps...
Acceptance fraction: 7.5%
Mean direction: θ=-177.27°, φ=109.54°
Uncertainties: Δθ=20.77°, Δφ=19.36°
68% credible angle: 30.32°

Angular error: 6.32°

======================================================================
SCENARIO (EMCEE): ALL_TRACKS_ALL_SHOWERS
======================================================================

Loaded 3393 matched clusters across U, V, X planes
Selected clusters: 3393
Running emcee: 64 walkers × 2000 steps...
Acceptance fraction: 4.8%
Mean direction: θ=-175.42°, φ=108.31°
Uncertainties: Δθ=55.04°, Δφ=26.77°
68% credible angle: 46.95°

Angular error: 7.85°

✓ Saved: /eos/project-e/ep-nu/evilla/sn-pointing/cat000277/pipeline/cat000277_scenario_perfect_ct_emcee.npz

✓ Saved: /eos/project-e/ep-nu/evilla/sn-pointing/cat000277/pipeline/cat000277_scenario_es_main_cc_shower_emcee.npz

✓ Saved: /eos/project-e/ep-nu/evilla/sn-pointing/cat000277/pipeline/cat000277_scenario_es_main_cc_all_emcee.npz

✓ Saved: /eos/project-e/ep-nu/evilla/sn-pointing/cat000277/pipeline/cat000277_scenario_es_all_cc_shower_emcee.npz

✓ Saved: /eos/project-e/ep-nu/evilla/sn-pointing/cat000277/pipeline/cat000277_scenario_es_all_cc_all_emcee.npz

✓ Saved: /eos/project-e/ep-nu/evilla/sn-pointing/cat000277/pipeline/cat000277_scenario_all_tracks_all_showers_emcee.npz
✓ cat000277 completed successfully
