Processing cat000344 with 6 scenarios...
Cat directory: /eos/project-e/ep-nu/evilla/sn-pointing/cat000344
======================================================================
EMCEE RECONSTRUCTION FOR cat000344
======================================================================

Loading PDF from: /eos/home-e/evilla/dune/sn-tps/neural_networks/electron_direction/three_plane_three_plane_v58_200k_lr_schedule_20251118_110931/cosine_energy_pdf.npz
PDF loaded

======================================================================
SCENARIO (EMCEE): BEST_CASE
======================================================================

Loaded 3645 matched main-track clusters across U, V, X planes
Selected 250 ES main tracks
After E > 3 MeV cut: 250 clusters
Running emcee: 64 walkers × 2000 steps...
Acceptance fraction: 10.0%
Mean direction: θ=139.98°, φ=98.31°
Uncertainties: Δθ=52.03°, Δφ=22.52°
68% credible angle: 41.08°

Angular error: 12.86°

======================================================================
SCENARIO (EMCEE): PERFECT_CT
======================================================================

Loaded 3645 matched main-track clusters across U, V, X planes
Selected 250 ES main tracks
Loading ED model from: /eos/home-e/evilla/dune/sn-tps/neural_networks/electron_direction/three_plane_three_plane_v58_200k_lr_schedule_20251118_110931/checkpoints/model_epoch_12_val_loss_0.8898.keras
Running ED inference...
After energy cut: 250 clusters
Running emcee: 64 walkers × 2000 steps...
Acceptance fraction: 9.8%
Mean direction: θ=160.42°, φ=105.64°
Uncertainties: Δθ=37.32°, Δφ=16.74°
68% credible angle: 39.11°

Angular error: 31.18°

======================================================================
SCENARIO (EMCEE): FULL_PIPELINE
======================================================================

Loaded 3645 matched main-track clusters across U, V, X planes
Using all 3645 main-track clusters
Loading CT model from: /eos/user/e/evilla/dune/sn-tps/neural_networks/channel_tagging/ct_volume_v52_batch_reload_20251116_101125/best_model.keras
Running CT inference...
CT selected 3294 ES candidates from 3645 clusters
  ES prob range: [0.000, 1.000]
Loading ED model from: /eos/home-e/evilla/dune/sn-tps/neural_networks/electron_direction/three_plane_three_plane_v58_200k_lr_schedule_20251118_110931/checkpoints/model_epoch_12_val_loss_0.8898.keras
Running ED inference on 3294 clusters...
After E > 3 MeV cut: 3272 clusters
Running emcee: 64 walkers × 2000 steps...
Acceptance fraction: 6.1%
Mean direction: θ=177.44°, φ=105.33°
Uncertainties: Δθ=84.01°, Δφ=31.88°
68% credible angle: 65.91°

Angular error: 47.57°

======================================================================
SCENARIO (EMCEE): WEIGHTED_CT
======================================================================

Loaded 3645 matched main-track clusters across U, V, X planes
Using all 3645 main-track clusters
Loading CT model from: /eos/user/e/evilla/dune/sn-tps/neural_networks/channel_tagging/ct_volume_v52_batch_reload_20251116_101125/best_model.keras
Running CT inference...
CT selected 3294 ES candidates from 3645 clusters
  ES prob range: [0.000, 1.000]
Loading ED model from: /eos/home-e/evilla/dune/sn-tps/neural_networks/electron_direction/three_plane_three_plane_v58_200k_lr_schedule_20251118_110931/checkpoints/model_epoch_12_val_loss_0.8898.keras
Running ED inference on 3294 clusters...
Using CT weights (ES probabilities)
After E > 3 MeV cut: 3272 clusters
Running weighted MCMC with 3272 weights
Running emcee: 64 walkers × 2000 steps...
Acceptance fraction: 4.0%
Mean direction: θ=-179.27°, φ=105.54°
Uncertainties: Δθ=78.81°, Δφ=32.72°
68% credible angle: 63.39°

Angular error: 50.71°

======================================================================
SCENARIO (EMCEE): PERFECT_CT_E_GT_10MEV
======================================================================

Loaded 3645 matched main-track clusters across U, V, X planes
Selected 250 ES main tracks
Loading ED model from: /eos/home-e/evilla/dune/sn-tps/neural_networks/electron_direction/three_plane_three_plane_v58_200k_lr_schedule_20251118_110931/checkpoints/model_epoch_12_val_loss_0.8898.keras
Running ED inference...
Applying E > 10 MeV cut
After energy cut: 139 clusters
Running emcee: 64 walkers × 2000 steps...
Acceptance fraction: 13.4%
Mean direction: θ=158.35°, φ=105.78°
Uncertainties: Δθ=38.98°, Δφ=11.43°
68% credible angle: 39.28°

Angular error: 29.18°

======================================================================
SCENARIO (EMCEE): PERFECT_CT_E_GT_20MEV
======================================================================

Loaded 3645 matched main-track clusters across U, V, X planes
Selected 250 ES main tracks
Loading ED model from: /eos/home-e/evilla/dune/sn-tps/neural_networks/electron_direction/three_plane_three_plane_v58_200k_lr_schedule_20251118_110931/checkpoints/model_epoch_12_val_loss_0.8898.keras
Running ED inference...
Applying E > 20 MeV cut
After energy cut: 20 clusters
Running emcee: 64 walkers × 2000 steps...
Acceptance fraction: 18.9%
Mean direction: θ=-175.23°, φ=100.05°
Uncertainties: Δθ=76.44°, Δφ=17.95°
68% credible angle: 70.72°

Angular error: 55.36°

✓ Saved: /eos/project-e/ep-nu/evilla/sn-pointing/cat000344/pipeline/cat000344_scenario_best_case_emcee.npz

✓ Saved: /eos/project-e/ep-nu/evilla/sn-pointing/cat000344/pipeline/cat000344_scenario_perfect_ct_emcee.npz

✓ Saved: /eos/project-e/ep-nu/evilla/sn-pointing/cat000344/pipeline/cat000344_scenario_full_pipeline_emcee.npz

✓ Saved: /eos/project-e/ep-nu/evilla/sn-pointing/cat000344/pipeline/cat000344_scenario_weighted_ct_emcee.npz

✓ Saved: /eos/project-e/ep-nu/evilla/sn-pointing/cat000344/pipeline/cat000344_scenario_perfect_ct_e_gt_10mev_emcee.npz

✓ Saved: /eos/project-e/ep-nu/evilla/sn-pointing/cat000344/pipeline/cat000344_scenario_perfect_ct_e_gt_20mev_emcee.npz
✓ cat000344 completed successfully
