==================================================================
Processing cat000093 with EMCEE - ALL SCENARIOS
==================================================================
======================================================================
EMCEE RECONSTRUCTION FOR cat000093
======================================================================

Loading PDF from: /eos/home-e/evilla/dune/sn-tps/neural_networks/electron_direction/three_plane_three_plane_v58_200k_lr_schedule_20251118_110931/cosine_energy_pdf.npz
PDF loaded

======================================================================
SCENARIO (EMCEE): PERFECT_CT
======================================================================

Loaded 3804 matched clusters across U, V, X planes
Selected clusters: 265
Running emcee: 64 walkers × 2000 steps...
Acceptance fraction: 10.4%
Mean direction: θ=165.25°, φ=113.84°
Uncertainties: Δθ=27.22°, Δφ=15.68°
68% credible angle: 26.44°

Angular error: 35.12°

======================================================================
SCENARIO (EMCEE): ES_MAIN_CC_SHOWER
======================================================================

Loaded 3804 matched clusters across U, V, X planes
Selected clusters: 265
Running emcee: 64 walkers × 2000 steps...
Acceptance fraction: 11.6%
Mean direction: θ=168.12°, φ=108.40°
Uncertainties: Δθ=21.45°, Δφ=16.32°
68% credible angle: 23.49°

Angular error: 37.87°

======================================================================
SCENARIO (EMCEE): ES_MAIN_CC_ALL
======================================================================

Loaded 3804 matched clusters across U, V, X planes
Selected clusters: 265
Running emcee: 64 walkers × 2000 steps...
Acceptance fraction: 10.7%
Mean direction: θ=162.19°, φ=109.43°
Uncertainties: Δθ=23.38°, Δφ=16.95°
68% credible angle: 26.27°

Angular error: 32.20°

======================================================================
SCENARIO (EMCEE): ES_ALL_CC_SHOWER
======================================================================

Loaded 3804 matched clusters across U, V, X planes
Selected clusters: 265
Running emcee: 64 walkers × 2000 steps...
Acceptance fraction: 9.2%
Mean direction: θ=166.63°, φ=114.94°
Uncertainties: Δθ=23.45°, Δφ=18.74°
68% credible angle: 26.48°

Angular error: 36.45°

======================================================================
SCENARIO (EMCEE): ES_ALL_CC_ALL
======================================================================

Loaded 3804 matched clusters across U, V, X planes
Selected clusters: 265
Running emcee: 64 walkers × 2000 steps...
Acceptance fraction: 11.4%
Mean direction: θ=164.47°, φ=107.40°
Uncertainties: Δθ=23.59°, Δφ=16.12°
68% credible angle: 24.04°

Angular error: 34.50°

======================================================================
SCENARIO (EMCEE): ALL_TRACKS_ALL_SHOWERS
======================================================================

Loaded 3804 matched clusters across U, V, X planes
Selected clusters: 3804
Running emcee: 64 walkers × 2000 steps...
Acceptance fraction: 3.5%
Mean direction: θ=-170.33°, φ=101.23°
Uncertainties: Δθ=65.47°, Δφ=28.81°
68% credible angle: 62.26°

Angular error: 59.59°

✓ Saved: /eos/project-e/ep-nu/evilla/sn-pointing/cat000093/pipeline/cat000093_scenario_perfect_ct_emcee.npz

✓ Saved: /eos/project-e/ep-nu/evilla/sn-pointing/cat000093/pipeline/cat000093_scenario_es_main_cc_shower_emcee.npz

✓ Saved: /eos/project-e/ep-nu/evilla/sn-pointing/cat000093/pipeline/cat000093_scenario_es_main_cc_all_emcee.npz

✓ Saved: /eos/project-e/ep-nu/evilla/sn-pointing/cat000093/pipeline/cat000093_scenario_es_all_cc_shower_emcee.npz

✓ Saved: /eos/project-e/ep-nu/evilla/sn-pointing/cat000093/pipeline/cat000093_scenario_es_all_cc_all_emcee.npz

✓ Saved: /eos/project-e/ep-nu/evilla/sn-pointing/cat000093/pipeline/cat000093_scenario_all_tracks_all_showers_emcee.npz
✓ cat000093 completed successfully
