==================================================================
Processing cat000493 with EMCEE - ALL SCENARIOS
==================================================================
======================================================================
EMCEE RECONSTRUCTION FOR cat000493
======================================================================

Loading PDF from: /eos/home-e/evilla/dune/sn-tps/neural_networks/electron_direction/three_plane_three_plane_v58_200k_lr_schedule_20251118_110931/cosine_energy_pdf.npz
PDF loaded

======================================================================
SCENARIO (EMCEE): PERFECT_CT
======================================================================

Loaded 3495 matched clusters across U, V, X planes
Selected clusters: 278
Running emcee: 64 walkers × 2000 steps...
Acceptance fraction: 12.2%
Mean direction: θ=20.25°, φ=124.63°
Uncertainties: Δθ=23.20°, Δφ=17.08°
68% credible angle: 26.26°

Angular error: 17.57°

======================================================================
SCENARIO (EMCEE): ES_MAIN_CC_SHOWER
======================================================================

Loaded 3495 matched clusters across U, V, X planes
Selected clusters: 278
Running emcee: 64 walkers × 2000 steps...
Acceptance fraction: 15.3%
Mean direction: θ=24.65°, φ=120.63°
Uncertainties: Δθ=20.86°, Δφ=12.90°
68% credible angle: 25.82°

Angular error: 16.29°

======================================================================
SCENARIO (EMCEE): ES_MAIN_CC_ALL
======================================================================

Loaded 3495 matched clusters across U, V, X planes
Selected clusters: 278
Running emcee: 64 walkers × 2000 steps...
Acceptance fraction: 10.1%
Mean direction: θ=10.73°, φ=126.38°
Uncertainties: Δθ=27.13°, Δφ=16.91°
68% credible angle: 31.71°

Angular error: 24.35°

======================================================================
SCENARIO (EMCEE): ES_ALL_CC_SHOWER
======================================================================

Loaded 3495 matched clusters across U, V, X planes
Selected clusters: 278
Running emcee: 64 walkers × 2000 steps...
Acceptance fraction: 14.1%
Mean direction: θ=25.89°, φ=121.07°
Uncertainties: Δθ=21.88°, Δφ=13.48°
68% credible angle: 24.77°

Angular error: 15.17°

======================================================================
SCENARIO (EMCEE): ES_ALL_CC_ALL
======================================================================

Loaded 3495 matched clusters across U, V, X planes
Selected clusters: 278
Running emcee: 64 walkers × 2000 steps...
Acceptance fraction: 15.7%
Mean direction: θ=18.80°, φ=121.57°
Uncertainties: Δθ=21.18°, Δφ=14.28°
68% credible angle: 28.99°

Angular error: 19.99°

======================================================================
SCENARIO (EMCEE): ALL_TRACKS_ALL_SHOWERS
======================================================================

Loaded 3495 matched clusters across U, V, X planes
Selected clusters: 3495
Running emcee: 64 walkers × 2000 steps...
Acceptance fraction: 3.5%
Mean direction: θ=-98.06°, φ=103.06°
Uncertainties: Δθ=89.16°, Δφ=33.71°
68% credible angle: 66.94°

Angular error: 115.45°

✓ Saved: /eos/project-e/ep-nu/evilla/sn-pointing/cat000493/pipeline/cat000493_scenario_perfect_ct_emcee.npz

✓ Saved: /eos/project-e/ep-nu/evilla/sn-pointing/cat000493/pipeline/cat000493_scenario_es_main_cc_shower_emcee.npz

✓ Saved: /eos/project-e/ep-nu/evilla/sn-pointing/cat000493/pipeline/cat000493_scenario_es_main_cc_all_emcee.npz

✓ Saved: /eos/project-e/ep-nu/evilla/sn-pointing/cat000493/pipeline/cat000493_scenario_es_all_cc_shower_emcee.npz

✓ Saved: /eos/project-e/ep-nu/evilla/sn-pointing/cat000493/pipeline/cat000493_scenario_es_all_cc_all_emcee.npz

✓ Saved: /eos/project-e/ep-nu/evilla/sn-pointing/cat000493/pipeline/cat000493_scenario_all_tracks_all_showers_emcee.npz
✓ cat000493 completed successfully
