==================================================================
Processing cat000108 with EMCEE - ALL SCENARIOS
==================================================================
======================================================================
EMCEE RECONSTRUCTION FOR cat000108
======================================================================

Loading PDF from: /eos/home-e/evilla/dune/sn-tps/neural_networks/electron_direction/three_plane_three_plane_v58_200k_lr_schedule_20251118_110931/cosine_energy_pdf.npz
PDF loaded

======================================================================
SCENARIO (EMCEE): PERFECT_CT
======================================================================

Loaded 3665 matched clusters across U, V, X planes
Selected clusters: 256
Running emcee: 64 walkers × 2000 steps...
Acceptance fraction: 9.0%
Mean direction: θ=-179.89°, φ=117.82°
Uncertainties: Δθ=35.19°, Δφ=22.08°
68% credible angle: 24.71°

Angular error: 12.19°

======================================================================
SCENARIO (EMCEE): ES_MAIN_CC_SHOWER
======================================================================

Loaded 3665 matched clusters across U, V, X planes
Selected clusters: 256
Running emcee: 64 walkers × 2000 steps...
Acceptance fraction: 7.4%
Mean direction: θ=-177.35°, φ=121.21°
Uncertainties: Δθ=38.12°, Δφ=22.56°
68% credible angle: 32.10°

Angular error: 8.42°

======================================================================
SCENARIO (EMCEE): ES_MAIN_CC_ALL
======================================================================

Loaded 3665 matched clusters across U, V, X planes
Selected clusters: 256
Running emcee: 64 walkers × 2000 steps...
Acceptance fraction: 10.0%
Mean direction: θ=174.45°, φ=119.65°
Uncertainties: Δθ=36.42°, Δφ=23.26°
68% credible angle: 31.86°

Angular error: 12.67°

======================================================================
SCENARIO (EMCEE): ES_ALL_CC_SHOWER
======================================================================

Loaded 3665 matched clusters across U, V, X planes
Selected clusters: 256
Running emcee: 64 walkers × 2000 steps...
Acceptance fraction: 8.2%
Mean direction: θ=178.04°, φ=126.17°
Uncertainties: Δθ=32.81°, Δφ=16.94°
68% credible angle: 29.74°

Angular error: 5.85°

======================================================================
SCENARIO (EMCEE): ES_ALL_CC_ALL
======================================================================

Loaded 3665 matched clusters across U, V, X planes
Selected clusters: 256
Running emcee: 64 walkers × 2000 steps...
Acceptance fraction: 9.2%
Mean direction: θ=-174.71°, φ=121.56°
Uncertainties: Δθ=26.60°, Δφ=14.62°
68% credible angle: 25.95°

Angular error: 8.06°

======================================================================
SCENARIO (EMCEE): ALL_TRACKS_ALL_SHOWERS
======================================================================

Loaded 3665 matched clusters across U, V, X planes
Selected clusters: 3665
Running emcee: 64 walkers × 2000 steps...
Acceptance fraction: 4.0%
Mean direction: θ=-158.75°, φ=117.03°
Uncertainties: Δθ=53.72°, Δφ=24.57°
68% credible angle: 57.34°

Angular error: 18.98°

✓ Saved: /eos/project-e/ep-nu/evilla/sn-pointing/cat000108/pipeline/cat000108_scenario_perfect_ct_emcee.npz

✓ Saved: /eos/project-e/ep-nu/evilla/sn-pointing/cat000108/pipeline/cat000108_scenario_es_main_cc_shower_emcee.npz

✓ Saved: /eos/project-e/ep-nu/evilla/sn-pointing/cat000108/pipeline/cat000108_scenario_es_main_cc_all_emcee.npz

✓ Saved: /eos/project-e/ep-nu/evilla/sn-pointing/cat000108/pipeline/cat000108_scenario_es_all_cc_shower_emcee.npz

✓ Saved: /eos/project-e/ep-nu/evilla/sn-pointing/cat000108/pipeline/cat000108_scenario_es_all_cc_all_emcee.npz

✓ Saved: /eos/project-e/ep-nu/evilla/sn-pointing/cat000108/pipeline/cat000108_scenario_all_tracks_all_showers_emcee.npz
✓ cat000108 completed successfully
