Processing cat000021 with 6 scenarios...
Cat directory: /eos/project-e/ep-nu/evilla/sn-pointing/cat000021
======================================================================
EMCEE RECONSTRUCTION FOR cat000021
======================================================================

Loading PDF from: /eos/home-e/evilla/dune/sn-tps/neural_networks/electron_direction/three_plane_three_plane_v58_200k_lr_schedule_20251118_110931/cosine_energy_pdf.npz
PDF loaded

======================================================================
SCENARIO (EMCEE): BEST_CASE
======================================================================

Loaded 3854 matched main-track clusters across U, V, X planes
Selected 237 ES main tracks
After E > 3 MeV cut: 237 clusters
Running emcee: 64 walkers × 2000 steps...
Acceptance fraction: 13.0%
Mean direction: θ=6.22°, φ=105.22°
Uncertainties: Δθ=24.73°, Δφ=14.66°
68% credible angle: 18.80°

Angular error: 10.50°

======================================================================
SCENARIO (EMCEE): PERFECT_CT
======================================================================

Loaded 3854 matched main-track clusters across U, V, X planes
Selected 237 ES main tracks
Loading ED model from: /eos/home-e/evilla/dune/sn-tps/neural_networks/electron_direction/three_plane_three_plane_v58_200k_lr_schedule_20251118_110931/checkpoints/model_epoch_12_val_loss_0.8898.keras
Running ED inference...
After energy cut: 237 clusters
Running emcee: 64 walkers × 2000 steps...
Acceptance fraction: 9.5%
Mean direction: θ=-1.36°, φ=108.89°
Uncertainties: Δθ=21.35°, Δφ=16.67°
68% credible angle: 28.06°

Angular error: 6.81°

======================================================================
SCENARIO (EMCEE): FULL_PIPELINE
======================================================================

Loaded 3854 matched main-track clusters across U, V, X planes
Using all 3854 main-track clusters
Loading CT model from: /eos/user/e/evilla/dune/sn-tps/neural_networks/channel_tagging/ct_volume_v52_batch_reload_20251116_101125/best_model.keras
Running CT inference...
CT selected 3496 ES candidates from 3854 clusters
  ES prob range: [0.000, 1.000]
Loading ED model from: /eos/home-e/evilla/dune/sn-tps/neural_networks/electron_direction/three_plane_three_plane_v58_200k_lr_schedule_20251118_110931/checkpoints/model_epoch_12_val_loss_0.8898.keras
Running ED inference on 3496 clusters...
After E > 3 MeV cut: 3478 clusters
Running emcee: 64 walkers × 2000 steps...
Acceptance fraction: 2.7%
Mean direction: θ=-63.02°, φ=100.90°
Uncertainties: Δθ=85.39°, Δφ=34.03°
68% credible angle: 67.71°

Angular error: 62.89°

======================================================================
SCENARIO (EMCEE): WEIGHTED_CT
======================================================================

Loaded 3854 matched main-track clusters across U, V, X planes
Using all 3854 main-track clusters
Loading CT model from: /eos/user/e/evilla/dune/sn-tps/neural_networks/channel_tagging/ct_volume_v52_batch_reload_20251116_101125/best_model.keras
Running CT inference...
CT selected 3496 ES candidates from 3854 clusters
  ES prob range: [0.000, 1.000]
Loading ED model from: /eos/home-e/evilla/dune/sn-tps/neural_networks/electron_direction/three_plane_three_plane_v58_200k_lr_schedule_20251118_110931/checkpoints/model_epoch_12_val_loss_0.8898.keras
Running ED inference on 3496 clusters...
Using CT weights (ES probabilities)
After E > 3 MeV cut: 3478 clusters
Running weighted MCMC with 3478 weights
Running emcee: 64 walkers × 2000 steps...
Acceptance fraction: 3.7%
Mean direction: θ=-119.47°, φ=105.29°
Uncertainties: Δθ=116.29°, Δφ=40.61°
68% credible angle: 91.73°

Angular error: 110.22°

======================================================================
SCENARIO (EMCEE): PERFECT_CT_E_GT_10MEV
======================================================================

Loaded 3854 matched main-track clusters across U, V, X planes
Selected 237 ES main tracks
Loading ED model from: /eos/home-e/evilla/dune/sn-tps/neural_networks/electron_direction/three_plane_three_plane_v58_200k_lr_schedule_20251118_110931/checkpoints/model_epoch_12_val_loss_0.8898.keras
Running ED inference...
Applying E > 10 MeV cut
After energy cut: 138 clusters
Running emcee: 64 walkers × 2000 steps...
Acceptance fraction: 16.8%
Mean direction: θ=-4.59°, φ=103.27°
Uncertainties: Δθ=21.38°, Δφ=15.68°
68% credible angle: 19.04°

Angular error: 13.23°

======================================================================
SCENARIO (EMCEE): PERFECT_CT_E_GT_20MEV
======================================================================

Loaded 3854 matched main-track clusters across U, V, X planes
Selected 237 ES main tracks
Loading ED model from: /eos/home-e/evilla/dune/sn-tps/neural_networks/electron_direction/three_plane_three_plane_v58_200k_lr_schedule_20251118_110931/checkpoints/model_epoch_12_val_loss_0.8898.keras
Running ED inference...
Applying E > 20 MeV cut
After energy cut: 31 clusters
Running emcee: 64 walkers × 2000 steps...
Acceptance fraction: 26.9%
Mean direction: θ=-3.27°, φ=109.39°
Uncertainties: Δθ=27.19°, Δφ=13.64°
68% credible angle: 18.01°

Angular error: 7.40°

✓ Saved: /eos/project-e/ep-nu/evilla/sn-pointing/cat000021/pipeline/cat000021_scenario_best_case_emcee.npz

✓ Saved: /eos/project-e/ep-nu/evilla/sn-pointing/cat000021/pipeline/cat000021_scenario_perfect_ct_emcee.npz

✓ Saved: /eos/project-e/ep-nu/evilla/sn-pointing/cat000021/pipeline/cat000021_scenario_full_pipeline_emcee.npz

✓ Saved: /eos/project-e/ep-nu/evilla/sn-pointing/cat000021/pipeline/cat000021_scenario_weighted_ct_emcee.npz

✓ Saved: /eos/project-e/ep-nu/evilla/sn-pointing/cat000021/pipeline/cat000021_scenario_perfect_ct_e_gt_10mev_emcee.npz

✓ Saved: /eos/project-e/ep-nu/evilla/sn-pointing/cat000021/pipeline/cat000021_scenario_perfect_ct_e_gt_20mev_emcee.npz
✓ cat000021 completed successfully
