Processing cat000246 with 6 scenarios...
Cat directory: /eos/project-e/ep-nu/evilla/sn-pointing/cat000246
======================================================================
EMCEE RECONSTRUCTION FOR cat000246
======================================================================

Loading PDF from: /eos/home-e/evilla/dune/sn-tps/neural_networks/electron_direction/three_plane_three_plane_v58_200k_lr_schedule_20251118_110931/cosine_energy_pdf.npz
PDF loaded

======================================================================
SCENARIO (EMCEE): BEST_CASE
======================================================================

Loaded 3519 matched main-track clusters across U, V, X planes
Selected 292 ES main tracks
After E > 3 MeV cut: 292 clusters
Running emcee: 64 walkers × 2000 steps...
Acceptance fraction: 11.1%
Mean direction: θ=-96.49°, φ=69.99°
Uncertainties: Δθ=28.55°, Δφ=24.83°
68% credible angle: 23.53°

Angular error: 18.09°

======================================================================
SCENARIO (EMCEE): PERFECT_CT
======================================================================

Loaded 3519 matched main-track clusters across U, V, X planes
Selected 292 ES main tracks
Loading ED model from: /eos/home-e/evilla/dune/sn-tps/neural_networks/electron_direction/three_plane_three_plane_v58_200k_lr_schedule_20251118_110931/checkpoints/model_epoch_12_val_loss_0.8898.keras
Running ED inference...
After energy cut: 292 clusters
Running emcee: 64 walkers × 2000 steps...
Acceptance fraction: 9.2%
Mean direction: θ=-86.53°, φ=69.09°
Uncertainties: Δθ=44.43°, Δφ=20.85°
68% credible angle: 27.39°

Angular error: 9.28°

======================================================================
SCENARIO (EMCEE): FULL_PIPELINE
======================================================================

Loaded 3519 matched main-track clusters across U, V, X planes
Using all 3519 main-track clusters
Loading CT model from: /eos/user/e/evilla/dune/sn-tps/neural_networks/channel_tagging/ct_volume_v52_batch_reload_20251116_101125/best_model.keras
Running CT inference...
CT selected 3217 ES candidates from 3519 clusters
  ES prob range: [0.000, 1.000]
Loading ED model from: /eos/home-e/evilla/dune/sn-tps/neural_networks/electron_direction/three_plane_three_plane_v58_200k_lr_schedule_20251118_110931/checkpoints/model_epoch_12_val_loss_0.8898.keras
Running ED inference on 3217 clusters...
After E > 3 MeV cut: 3201 clusters
Running emcee: 64 walkers × 2000 steps...
Acceptance fraction: 5.4%
Mean direction: θ=-146.41°, φ=88.46°
Uncertainties: Δθ=93.37°, Δφ=33.31°
68% credible angle: 89.75°

Angular error: 70.11°

======================================================================
SCENARIO (EMCEE): WEIGHTED_CT
======================================================================

Loaded 3519 matched main-track clusters across U, V, X planes
Using all 3519 main-track clusters
Loading CT model from: /eos/user/e/evilla/dune/sn-tps/neural_networks/channel_tagging/ct_volume_v52_batch_reload_20251116_101125/best_model.keras
Running CT inference...
CT selected 3217 ES candidates from 3519 clusters
  ES prob range: [0.000, 1.000]
Loading ED model from: /eos/home-e/evilla/dune/sn-tps/neural_networks/electron_direction/three_plane_three_plane_v58_200k_lr_schedule_20251118_110931/checkpoints/model_epoch_12_val_loss_0.8898.keras
Running ED inference on 3217 clusters...
Using CT weights (ES probabilities)
After E > 3 MeV cut: 3201 clusters
Running weighted MCMC with 3201 weights
Running emcee: 64 walkers × 2000 steps...
Acceptance fraction: 4.0%
Mean direction: θ=-136.51°, φ=95.78°
Uncertainties: Δθ=68.50°, Δφ=30.36°
68% credible angle: 88.37°

Angular error: 65.01°

======================================================================
SCENARIO (EMCEE): PERFECT_CT_E_GT_10MEV
======================================================================

Loaded 3519 matched main-track clusters across U, V, X planes
Selected 292 ES main tracks
Loading ED model from: /eos/home-e/evilla/dune/sn-tps/neural_networks/electron_direction/three_plane_three_plane_v58_200k_lr_schedule_20251118_110931/checkpoints/model_epoch_12_val_loss_0.8898.keras
Running ED inference...
Applying E > 10 MeV cut
After energy cut: 158 clusters
Running emcee: 64 walkers × 2000 steps...
Acceptance fraction: 10.3%
Mean direction: θ=-93.86°, φ=69.52°
Uncertainties: Δθ=53.20°, Δφ=19.12°
68% credible angle: 32.18°

Angular error: 15.63°

======================================================================
SCENARIO (EMCEE): PERFECT_CT_E_GT_20MEV
======================================================================

Loaded 3519 matched main-track clusters across U, V, X planes
Selected 292 ES main tracks
Loading ED model from: /eos/home-e/evilla/dune/sn-tps/neural_networks/electron_direction/three_plane_three_plane_v58_200k_lr_schedule_20251118_110931/checkpoints/model_epoch_12_val_loss_0.8898.keras
Running ED inference...
Applying E > 20 MeV cut
After energy cut: 27 clusters
Running emcee: 64 walkers × 2000 steps...
Acceptance fraction: 12.5%
Mean direction: θ=-97.41°, φ=80.40°
Uncertainties: Δθ=83.06°, Δφ=20.56°
68% credible angle: 141.97°

Angular error: 24.53°

✓ Saved: /eos/project-e/ep-nu/evilla/sn-pointing/cat000246/pipeline/cat000246_scenario_best_case_emcee.npz

✓ Saved: /eos/project-e/ep-nu/evilla/sn-pointing/cat000246/pipeline/cat000246_scenario_perfect_ct_emcee.npz

✓ Saved: /eos/project-e/ep-nu/evilla/sn-pointing/cat000246/pipeline/cat000246_scenario_full_pipeline_emcee.npz

✓ Saved: /eos/project-e/ep-nu/evilla/sn-pointing/cat000246/pipeline/cat000246_scenario_weighted_ct_emcee.npz

✓ Saved: /eos/project-e/ep-nu/evilla/sn-pointing/cat000246/pipeline/cat000246_scenario_perfect_ct_e_gt_10mev_emcee.npz

✓ Saved: /eos/project-e/ep-nu/evilla/sn-pointing/cat000246/pipeline/cat000246_scenario_perfect_ct_e_gt_20mev_emcee.npz
✓ cat000246 completed successfully
