Processing cat000145 with 6 scenarios...
Cat directory: /eos/project-e/ep-nu/evilla/sn-pointing/cat000145
======================================================================
EMCEE RECONSTRUCTION FOR cat000145
======================================================================

Loading PDF from: /eos/home-e/evilla/dune/sn-tps/neural_networks/electron_direction/three_plane_three_plane_v58_200k_lr_schedule_20251118_110931/cosine_energy_pdf.npz
PDF loaded

======================================================================
SCENARIO (EMCEE): BEST_CASE
======================================================================

Loaded 3537 matched main-track clusters across U, V, X planes
Selected 255 ES main tracks
After E > 3 MeV cut: 255 clusters
Running emcee: 64 walkers × 2000 steps...
Acceptance fraction: 12.1%
Mean direction: θ=74.29°, φ=91.65°
Uncertainties: Δθ=44.33°, Δφ=16.70°
68% credible angle: 28.63°

Angular error: 8.74°

======================================================================
SCENARIO (EMCEE): PERFECT_CT
======================================================================

Loaded 3537 matched main-track clusters across U, V, X planes
Selected 255 ES main tracks
Loading ED model from: /eos/home-e/evilla/dune/sn-tps/neural_networks/electron_direction/three_plane_three_plane_v58_200k_lr_schedule_20251118_110931/checkpoints/model_epoch_12_val_loss_0.8898.keras
Running ED inference...
After energy cut: 255 clusters
Running emcee: 64 walkers × 2000 steps...
Acceptance fraction: 6.8%
Mean direction: θ=109.62°, φ=85.79°
Uncertainties: Δθ=88.82°, Δφ=18.64°
68% credible angle: 110.20°

Angular error: 28.22°

======================================================================
SCENARIO (EMCEE): FULL_PIPELINE
======================================================================

Loaded 3537 matched main-track clusters across U, V, X planes
Using all 3537 main-track clusters
Loading CT model from: /eos/user/e/evilla/dune/sn-tps/neural_networks/channel_tagging/ct_volume_v52_batch_reload_20251116_101125/best_model.keras
Running CT inference...
CT selected 3243 ES candidates from 3537 clusters
  ES prob range: [0.000, 1.000]
Loading ED model from: /eos/home-e/evilla/dune/sn-tps/neural_networks/electron_direction/three_plane_three_plane_v58_200k_lr_schedule_20251118_110931/checkpoints/model_epoch_12_val_loss_0.8898.keras
Running ED inference on 3243 clusters...
After E > 3 MeV cut: 3215 clusters
Running emcee: 64 walkers × 2000 steps...
Acceptance fraction: 3.7%
Mean direction: θ=146.62°, φ=88.53°
Uncertainties: Δθ=80.68°, Δφ=30.73°
68% credible angle: 88.86°

Angular error: 65.24°

======================================================================
SCENARIO (EMCEE): WEIGHTED_CT
======================================================================

Loaded 3537 matched main-track clusters across U, V, X planes
Using all 3537 main-track clusters
Loading CT model from: /eos/user/e/evilla/dune/sn-tps/neural_networks/channel_tagging/ct_volume_v52_batch_reload_20251116_101125/best_model.keras
Running CT inference...
CT selected 3243 ES candidates from 3537 clusters
  ES prob range: [0.000, 1.000]
Loading ED model from: /eos/home-e/evilla/dune/sn-tps/neural_networks/electron_direction/three_plane_three_plane_v58_200k_lr_schedule_20251118_110931/checkpoints/model_epoch_12_val_loss_0.8898.keras
Running ED inference on 3243 clusters...
Using CT weights (ES probabilities)
After E > 3 MeV cut: 3215 clusters
Running weighted MCMC with 3215 weights
Running emcee: 64 walkers × 2000 steps...
Acceptance fraction: 2.8%
Mean direction: θ=163.01°, φ=100.98°
Uncertainties: Δθ=102.71°, Δφ=34.25°
68% credible angle: 86.16°

Angular error: 82.51°

======================================================================
SCENARIO (EMCEE): PERFECT_CT_E_GT_10MEV
======================================================================

Loaded 3537 matched main-track clusters across U, V, X planes
Selected 255 ES main tracks
Loading ED model from: /eos/home-e/evilla/dune/sn-tps/neural_networks/electron_direction/three_plane_three_plane_v58_200k_lr_schedule_20251118_110931/checkpoints/model_epoch_12_val_loss_0.8898.keras
Running ED inference...
Applying E > 10 MeV cut
After energy cut: 137 clusters
Running emcee: 64 walkers × 2000 steps...
Acceptance fraction: 11.3%
Mean direction: θ=146.03°, φ=98.27°
Uncertainties: Δθ=112.39°, Δφ=16.56°
68% credible angle: 97.35°

Angular error: 65.57°

======================================================================
SCENARIO (EMCEE): PERFECT_CT_E_GT_20MEV
======================================================================

Loaded 3537 matched main-track clusters across U, V, X planes
Selected 255 ES main tracks
Loading ED model from: /eos/home-e/evilla/dune/sn-tps/neural_networks/electron_direction/three_plane_three_plane_v58_200k_lr_schedule_20251118_110931/checkpoints/model_epoch_12_val_loss_0.8898.keras
Running ED inference...
Applying E > 20 MeV cut
After energy cut: 35 clusters
Running emcee: 64 walkers × 2000 steps...
Acceptance fraction: 12.9%
Mean direction: θ=-121.91°, φ=90.29°
Uncertainties: Δθ=102.15°, Δφ=13.07°
68% credible angle: 137.33°

Angular error: 156.54°

✓ Saved: /eos/project-e/ep-nu/evilla/sn-pointing/cat000145/pipeline/cat000145_scenario_best_case_emcee.npz

✓ Saved: /eos/project-e/ep-nu/evilla/sn-pointing/cat000145/pipeline/cat000145_scenario_perfect_ct_emcee.npz

✓ Saved: /eos/project-e/ep-nu/evilla/sn-pointing/cat000145/pipeline/cat000145_scenario_full_pipeline_emcee.npz

✓ Saved: /eos/project-e/ep-nu/evilla/sn-pointing/cat000145/pipeline/cat000145_scenario_weighted_ct_emcee.npz

✓ Saved: /eos/project-e/ep-nu/evilla/sn-pointing/cat000145/pipeline/cat000145_scenario_perfect_ct_e_gt_10mev_emcee.npz

✓ Saved: /eos/project-e/ep-nu/evilla/sn-pointing/cat000145/pipeline/cat000145_scenario_perfect_ct_e_gt_20mev_emcee.npz
✓ cat000145 completed successfully
