Processing cat000443 with 6 scenarios...
Cat directory: /eos/project-e/ep-nu/evilla/sn-pointing/cat000443
======================================================================
EMCEE RECONSTRUCTION FOR cat000443
======================================================================

Loading PDF from: /eos/home-e/evilla/dune/sn-tps/neural_networks/electron_direction/three_plane_three_plane_v58_200k_lr_schedule_20251118_110931/cosine_energy_pdf.npz
PDF loaded

======================================================================
SCENARIO (EMCEE): BEST_CASE
======================================================================

Loaded 3700 matched main-track clusters across U, V, X planes
Selected 262 ES main tracks
After E > 3 MeV cut: 262 clusters
Running emcee: 64 walkers × 2000 steps...
Acceptance fraction: 12.7%
Mean direction: θ=27.67°, φ=50.48°
Uncertainties: Δθ=22.98°, Δφ=19.57°
68% credible angle: 10.86°

Angular error: 13.53°

======================================================================
SCENARIO (EMCEE): PERFECT_CT
======================================================================

Loaded 3700 matched main-track clusters across U, V, X planes
Selected 262 ES main tracks
Loading ED model from: /eos/home-e/evilla/dune/sn-tps/neural_networks/electron_direction/three_plane_three_plane_v58_200k_lr_schedule_20251118_110931/checkpoints/model_epoch_12_val_loss_0.8898.keras
Running ED inference...
After energy cut: 262 clusters
Running emcee: 64 walkers × 2000 steps...
Acceptance fraction: 11.5%
Mean direction: θ=6.71°, φ=49.34°
Uncertainties: Δθ=26.53°, Δφ=16.23°
68% credible angle: 27.11°

Angular error: 18.78°

======================================================================
SCENARIO (EMCEE): FULL_PIPELINE
======================================================================

Loaded 3700 matched main-track clusters across U, V, X planes
Using all 3700 main-track clusters
Loading CT model from: /eos/user/e/evilla/dune/sn-tps/neural_networks/channel_tagging/ct_volume_v52_batch_reload_20251116_101125/best_model.keras
Running CT inference...
CT selected 3388 ES candidates from 3700 clusters
  ES prob range: [0.000, 1.000]
Loading ED model from: /eos/home-e/evilla/dune/sn-tps/neural_networks/electron_direction/three_plane_three_plane_v58_200k_lr_schedule_20251118_110931/checkpoints/model_epoch_12_val_loss_0.8898.keras
Running ED inference on 3388 clusters...
After E > 3 MeV cut: 3363 clusters
Running emcee: 64 walkers × 2000 steps...
Acceptance fraction: 3.7%
Mean direction: θ=-37.79°, φ=78.20°
Uncertainties: Δθ=117.39°, Δφ=36.94°
68% credible angle: 79.34°

Angular error: 65.89°

======================================================================
SCENARIO (EMCEE): WEIGHTED_CT
======================================================================

Loaded 3700 matched main-track clusters across U, V, X planes
Using all 3700 main-track clusters
Loading CT model from: /eos/user/e/evilla/dune/sn-tps/neural_networks/channel_tagging/ct_volume_v52_batch_reload_20251116_101125/best_model.keras
Running CT inference...
CT selected 3388 ES candidates from 3700 clusters
  ES prob range: [0.000, 1.000]
Loading ED model from: /eos/home-e/evilla/dune/sn-tps/neural_networks/electron_direction/three_plane_three_plane_v58_200k_lr_schedule_20251118_110931/checkpoints/model_epoch_12_val_loss_0.8898.keras
Running ED inference on 3388 clusters...
Using CT weights (ES probabilities)
After E > 3 MeV cut: 3363 clusters
Running weighted MCMC with 3363 weights
Running emcee: 64 walkers × 2000 steps...
Acceptance fraction: 4.5%
Mean direction: θ=-18.34°, φ=75.10°
Uncertainties: Δθ=104.33°, Δφ=35.14°
68% credible angle: 97.88°

Angular error: 52.45°

======================================================================
SCENARIO (EMCEE): PERFECT_CT_E_GT_10MEV
======================================================================

Loaded 3700 matched main-track clusters across U, V, X planes
Selected 262 ES main tracks
Loading ED model from: /eos/home-e/evilla/dune/sn-tps/neural_networks/electron_direction/three_plane_three_plane_v58_200k_lr_schedule_20251118_110931/checkpoints/model_epoch_12_val_loss_0.8898.keras
Running ED inference...
Applying E > 10 MeV cut
After energy cut: 142 clusters
Running emcee: 64 walkers × 2000 steps...
Acceptance fraction: 10.4%
Mean direction: θ=12.92°, φ=49.32°
Uncertainties: Δθ=30.96°, Δφ=21.30°
68% credible angle: 27.99°

Angular error: 15.87°

======================================================================
SCENARIO (EMCEE): PERFECT_CT_E_GT_20MEV
======================================================================

Loaded 3700 matched main-track clusters across U, V, X planes
Selected 262 ES main tracks
Loading ED model from: /eos/home-e/evilla/dune/sn-tps/neural_networks/electron_direction/three_plane_three_plane_v58_200k_lr_schedule_20251118_110931/checkpoints/model_epoch_12_val_loss_0.8898.keras
Running ED inference...
Applying E > 20 MeV cut
After energy cut: 38 clusters
Running emcee: 64 walkers × 2000 steps...
Acceptance fraction: 18.6%
Mean direction: θ=20.81°, φ=56.68°
Uncertainties: Δθ=65.49°, Δφ=51.63°
68% credible angle: 37.08°

Angular error: 20.32°

✓ Saved: /eos/project-e/ep-nu/evilla/sn-pointing/cat000443/pipeline/cat000443_scenario_best_case_emcee.npz

✓ Saved: /eos/project-e/ep-nu/evilla/sn-pointing/cat000443/pipeline/cat000443_scenario_perfect_ct_emcee.npz

✓ Saved: /eos/project-e/ep-nu/evilla/sn-pointing/cat000443/pipeline/cat000443_scenario_full_pipeline_emcee.npz

✓ Saved: /eos/project-e/ep-nu/evilla/sn-pointing/cat000443/pipeline/cat000443_scenario_weighted_ct_emcee.npz

✓ Saved: /eos/project-e/ep-nu/evilla/sn-pointing/cat000443/pipeline/cat000443_scenario_perfect_ct_e_gt_10mev_emcee.npz

✓ Saved: /eos/project-e/ep-nu/evilla/sn-pointing/cat000443/pipeline/cat000443_scenario_perfect_ct_e_gt_20mev_emcee.npz
✓ cat000443 completed successfully
