Processing cat000517 with 6 scenarios...
Cat directory: /eos/project-e/ep-nu/evilla/sn-pointing/cat000517
======================================================================
EMCEE RECONSTRUCTION FOR cat000517
======================================================================

Loading PDF from: /eos/home-e/evilla/dune/sn-tps/neural_networks/electron_direction/three_plane_three_plane_v58_200k_lr_schedule_20251118_110931/cosine_energy_pdf.npz
PDF loaded

======================================================================
SCENARIO (EMCEE): BEST_CASE
======================================================================

Loaded 3811 matched main-track clusters across U, V, X planes
Selected 299 ES main tracks
After E > 3 MeV cut: 299 clusters
Running emcee: 64 walkers × 2000 steps...
Acceptance fraction: 8.5%
Mean direction: θ=-98.70°, φ=123.38°
Uncertainties: Δθ=56.44°, Δφ=37.50°
68% credible angle: 36.59°

Angular error: 13.89°

======================================================================
SCENARIO (EMCEE): PERFECT_CT
======================================================================

Loaded 3811 matched main-track clusters across U, V, X planes
Selected 299 ES main tracks
Loading ED model from: /eos/home-e/evilla/dune/sn-tps/neural_networks/electron_direction/three_plane_three_plane_v58_200k_lr_schedule_20251118_110931/checkpoints/model_epoch_12_val_loss_0.8898.keras
Running ED inference...
After energy cut: 299 clusters
Running emcee: 64 walkers × 2000 steps...
Acceptance fraction: 20.6%
Mean direction: θ=-93.90°, φ=126.96°
Uncertainties: Δθ=40.32°, Δφ=18.04°
68% credible angle: 19.32°

Angular error: 8.62°

======================================================================
SCENARIO (EMCEE): FULL_PIPELINE
======================================================================

Loaded 3811 matched main-track clusters across U, V, X planes
Using all 3811 main-track clusters
Loading CT model from: /eos/user/e/evilla/dune/sn-tps/neural_networks/channel_tagging/ct_volume_v52_batch_reload_20251116_101125/best_model.keras
Running CT inference...
CT selected 3489 ES candidates from 3811 clusters
  ES prob range: [0.000, 1.000]
Loading ED model from: /eos/home-e/evilla/dune/sn-tps/neural_networks/electron_direction/three_plane_three_plane_v58_200k_lr_schedule_20251118_110931/checkpoints/model_epoch_12_val_loss_0.8898.keras
Running ED inference on 3489 clusters...
After E > 3 MeV cut: 3464 clusters
Running emcee: 64 walkers × 2000 steps...
Acceptance fraction: 4.2%
Mean direction: θ=-136.39°, φ=105.72°
Uncertainties: Δθ=67.18°, Δφ=23.27°
68% credible angle: 74.03°

Angular error: 51.49°

======================================================================
SCENARIO (EMCEE): WEIGHTED_CT
======================================================================

Loaded 3811 matched main-track clusters across U, V, X planes
Using all 3811 main-track clusters
Loading CT model from: /eos/user/e/evilla/dune/sn-tps/neural_networks/channel_tagging/ct_volume_v52_batch_reload_20251116_101125/best_model.keras
Running CT inference...
CT selected 3489 ES candidates from 3811 clusters
  ES prob range: [0.000, 1.000]
Loading ED model from: /eos/home-e/evilla/dune/sn-tps/neural_networks/electron_direction/three_plane_three_plane_v58_200k_lr_schedule_20251118_110931/checkpoints/model_epoch_12_val_loss_0.8898.keras
Running ED inference on 3489 clusters...
Using CT weights (ES probabilities)
After E > 3 MeV cut: 3464 clusters
Running weighted MCMC with 3464 weights
Running emcee: 64 walkers × 2000 steps...
Acceptance fraction: 5.4%
Mean direction: θ=-133.29°, φ=104.03°
Uncertainties: Δθ=57.98°, Δφ=22.58°
68% credible angle: 68.95°

Angular error: 50.36°

======================================================================
SCENARIO (EMCEE): PERFECT_CT_E_GT_10MEV
======================================================================

Loaded 3811 matched main-track clusters across U, V, X planes
Selected 299 ES main tracks
Loading ED model from: /eos/home-e/evilla/dune/sn-tps/neural_networks/electron_direction/three_plane_three_plane_v58_200k_lr_schedule_20251118_110931/checkpoints/model_epoch_12_val_loss_0.8898.keras
Running ED inference...
Applying E > 10 MeV cut
After energy cut: 165 clusters
Running emcee: 64 walkers × 2000 steps...
Acceptance fraction: 15.8%
Mean direction: θ=-110.61°, φ=122.48°
Uncertainties: Δθ=58.18°, Δφ=28.69°
68% credible angle: 46.49°

Angular error: 22.74°

======================================================================
SCENARIO (EMCEE): PERFECT_CT_E_GT_20MEV
======================================================================

Loaded 3811 matched main-track clusters across U, V, X planes
Selected 299 ES main tracks
Loading ED model from: /eos/home-e/evilla/dune/sn-tps/neural_networks/electron_direction/three_plane_three_plane_v58_200k_lr_schedule_20251118_110931/checkpoints/model_epoch_12_val_loss_0.8898.keras
Running ED inference...
Applying E > 20 MeV cut
After energy cut: 34 clusters
Running emcee: 64 walkers × 2000 steps...
Acceptance fraction: 14.4%
Mean direction: θ=-118.11°, φ=121.96°
Uncertainties: Δθ=70.22°, Δφ=39.29°
68% credible angle: 54.29°

Angular error: 28.53°

✓ Saved: /eos/project-e/ep-nu/evilla/sn-pointing/cat000517/pipeline/cat000517_scenario_best_case_emcee.npz

✓ Saved: /eos/project-e/ep-nu/evilla/sn-pointing/cat000517/pipeline/cat000517_scenario_perfect_ct_emcee.npz

✓ Saved: /eos/project-e/ep-nu/evilla/sn-pointing/cat000517/pipeline/cat000517_scenario_full_pipeline_emcee.npz

✓ Saved: /eos/project-e/ep-nu/evilla/sn-pointing/cat000517/pipeline/cat000517_scenario_weighted_ct_emcee.npz

✓ Saved: /eos/project-e/ep-nu/evilla/sn-pointing/cat000517/pipeline/cat000517_scenario_perfect_ct_e_gt_10mev_emcee.npz

✓ Saved: /eos/project-e/ep-nu/evilla/sn-pointing/cat000517/pipeline/cat000517_scenario_perfect_ct_e_gt_20mev_emcee.npz
✓ cat000517 completed successfully
