==================================================================
Processing cat000281 with EMCEE - ALL SCENARIOS
==================================================================
======================================================================
EMCEE RECONSTRUCTION FOR cat000281
======================================================================

Loading PDF from: /eos/home-e/evilla/dune/sn-tps/neural_networks/electron_direction/three_plane_three_plane_v58_200k_lr_schedule_20251118_110931/cosine_energy_pdf.npz
PDF loaded

======================================================================
SCENARIO (EMCEE): PERFECT_CT
======================================================================

Loaded 3885 matched clusters across U, V, X planes
Selected clusters: 265
Running emcee: 64 walkers × 2000 steps...
Acceptance fraction: 12.5%
Mean direction: θ=-13.83°, φ=80.75°
Uncertainties: Δθ=17.80°, Δφ=13.89°
68% credible angle: 22.46°

Angular error: 16.54°

======================================================================
SCENARIO (EMCEE): ES_MAIN_CC_SHOWER
======================================================================

Loaded 3885 matched clusters across U, V, X planes
Selected clusters: 265
Running emcee: 64 walkers × 2000 steps...
Acceptance fraction: 10.6%
Mean direction: θ=-18.40°, φ=74.55°
Uncertainties: Δθ=17.05°, Δφ=16.98°
68% credible angle: 28.07°

Angular error: 10.20°

======================================================================
SCENARIO (EMCEE): ES_MAIN_CC_ALL
======================================================================

Loaded 3885 matched clusters across U, V, X planes
Selected clusters: 265
Running emcee: 64 walkers × 2000 steps...
Acceptance fraction: 10.2%
Mean direction: θ=-15.74°, φ=74.44°
Uncertainties: Δθ=18.20°, Δφ=16.57°
68% credible angle: 26.29°

Angular error: 12.72°

======================================================================
SCENARIO (EMCEE): ES_ALL_CC_SHOWER
======================================================================

Loaded 3885 matched clusters across U, V, X planes
Selected clusters: 265
Running emcee: 64 walkers × 2000 steps...
Acceptance fraction: 11.9%
Mean direction: θ=-14.48°, φ=75.03°
Uncertainties: Δθ=16.75°, Δφ=15.74°
68% credible angle: 20.12°

Angular error: 14.02°

======================================================================
SCENARIO (EMCEE): ES_ALL_CC_ALL
======================================================================

Loaded 3885 matched clusters across U, V, X planes
Selected clusters: 265
Running emcee: 64 walkers × 2000 steps...
Acceptance fraction: 12.7%
Mean direction: θ=-21.15°, φ=79.10°
Uncertainties: Δθ=14.42°, Δφ=15.49°
68% credible angle: 13.58°

Angular error: 9.61°

======================================================================
SCENARIO (EMCEE): ALL_TRACKS_ALL_SHOWERS
======================================================================

Loaded 3885 matched clusters across U, V, X planes
Selected clusters: 3885
Running emcee: 64 walkers × 2000 steps...
Acceptance fraction: 4.7%
Mean direction: θ=-47.02°, φ=85.63°
Uncertainties: Δθ=66.22°, Δφ=33.80°
68% credible angle: 71.12°

Angular error: 21.70°

✓ Saved: /eos/project-e/ep-nu/evilla/sn-pointing/cat000281/pipeline/cat000281_scenario_perfect_ct_emcee.npz

✓ Saved: /eos/project-e/ep-nu/evilla/sn-pointing/cat000281/pipeline/cat000281_scenario_es_main_cc_shower_emcee.npz

✓ Saved: /eos/project-e/ep-nu/evilla/sn-pointing/cat000281/pipeline/cat000281_scenario_es_main_cc_all_emcee.npz

✓ Saved: /eos/project-e/ep-nu/evilla/sn-pointing/cat000281/pipeline/cat000281_scenario_es_all_cc_shower_emcee.npz

✓ Saved: /eos/project-e/ep-nu/evilla/sn-pointing/cat000281/pipeline/cat000281_scenario_es_all_cc_all_emcee.npz

✓ Saved: /eos/project-e/ep-nu/evilla/sn-pointing/cat000281/pipeline/cat000281_scenario_all_tracks_all_showers_emcee.npz
✓ cat000281 completed successfully
