==================================================================
Processing cat000265 with EMCEE - ALL SCENARIOS
==================================================================
======================================================================
EMCEE RECONSTRUCTION FOR cat000265
======================================================================

Loading PDF from: /eos/home-e/evilla/dune/sn-tps/neural_networks/electron_direction/three_plane_three_plane_v58_200k_lr_schedule_20251118_110931/cosine_energy_pdf.npz
PDF loaded

======================================================================
SCENARIO (EMCEE): PERFECT_CT
======================================================================

Loaded 3234 matched clusters across U, V, X planes
Selected clusters: 256
Running emcee: 64 walkers × 2000 steps...
Acceptance fraction: 7.9%
Mean direction: θ=-156.53°, φ=54.46°
Uncertainties: Δθ=28.06°, Δφ=26.00°
68% credible angle: 40.77°

Angular error: 34.54°

======================================================================
SCENARIO (EMCEE): ES_MAIN_CC_SHOWER
======================================================================

Loaded 3234 matched clusters across U, V, X planes
Selected clusters: 256
Running emcee: 64 walkers × 2000 steps...
Acceptance fraction: 6.4%
Mean direction: θ=-156.55°, φ=49.86°
Uncertainties: Δθ=31.15°, Δφ=23.23°
68% credible angle: 35.85°

Angular error: 35.35°

======================================================================
SCENARIO (EMCEE): ES_MAIN_CC_ALL
======================================================================

Loaded 3234 matched clusters across U, V, X planes
Selected clusters: 256
Running emcee: 64 walkers × 2000 steps...
Acceptance fraction: 6.7%
Mean direction: θ=-152.80°, φ=56.31°
Uncertainties: Δθ=29.44°, Δφ=22.80°
68% credible angle: 39.09°

Angular error: 31.28°

======================================================================
SCENARIO (EMCEE): ES_ALL_CC_SHOWER
======================================================================

Loaded 3234 matched clusters across U, V, X planes
Selected clusters: 256
Running emcee: 64 walkers × 2000 steps...
Acceptance fraction: 8.4%
Mean direction: θ=-160.39°, φ=50.29°
Uncertainties: Δθ=28.71°, Δφ=26.41°
68% credible angle: 35.97°

Angular error: 38.16°

======================================================================
SCENARIO (EMCEE): ES_ALL_CC_ALL
======================================================================

Loaded 3234 matched clusters across U, V, X planes
Selected clusters: 256
Running emcee: 64 walkers × 2000 steps...
Acceptance fraction: 8.4%
Mean direction: θ=-150.76°, φ=55.74°
Uncertainties: Δθ=32.34°, Δφ=26.42°
68% credible angle: 38.56°

Angular error: 29.68°

======================================================================
SCENARIO (EMCEE): ALL_TRACKS_ALL_SHOWERS
======================================================================

Loaded 3234 matched clusters across U, V, X planes
Selected clusters: 3234
Running emcee: 64 walkers × 2000 steps...
Acceptance fraction: 2.7%
Mean direction: θ=-146.59°, φ=87.38°
Uncertainties: Δθ=65.97°, Δφ=40.19°
68% credible angle: 86.02°

Angular error: 35.54°

✓ Saved: /eos/project-e/ep-nu/evilla/sn-pointing/cat000265/pipeline/cat000265_scenario_perfect_ct_emcee.npz

✓ Saved: /eos/project-e/ep-nu/evilla/sn-pointing/cat000265/pipeline/cat000265_scenario_es_main_cc_shower_emcee.npz

✓ Saved: /eos/project-e/ep-nu/evilla/sn-pointing/cat000265/pipeline/cat000265_scenario_es_main_cc_all_emcee.npz

✓ Saved: /eos/project-e/ep-nu/evilla/sn-pointing/cat000265/pipeline/cat000265_scenario_es_all_cc_shower_emcee.npz

✓ Saved: /eos/project-e/ep-nu/evilla/sn-pointing/cat000265/pipeline/cat000265_scenario_es_all_cc_all_emcee.npz

✓ Saved: /eos/project-e/ep-nu/evilla/sn-pointing/cat000265/pipeline/cat000265_scenario_all_tracks_all_showers_emcee.npz
✓ cat000265 completed successfully
