==================================================================
Processing cat000443 with EMCEE - ALL SCENARIOS
==================================================================
======================================================================
EMCEE RECONSTRUCTION FOR cat000443
======================================================================

Loading PDF from: /eos/home-e/evilla/dune/sn-tps/neural_networks/electron_direction/three_plane_three_plane_v58_200k_lr_schedule_20251118_110931/cosine_energy_pdf.npz
PDF loaded

======================================================================
SCENARIO (EMCEE): PERFECT_CT
======================================================================

Loaded 3700 matched clusters across U, V, X planes
Selected clusters: 262
Running emcee: 64 walkers × 2000 steps...
Acceptance fraction: 16.3%
Mean direction: θ=21.68°, φ=49.55°
Uncertainties: Δθ=24.65°, Δφ=14.81°
68% credible angle: 24.58°

Angular error: 13.22°

======================================================================
SCENARIO (EMCEE): ES_MAIN_CC_SHOWER
======================================================================

Loaded 3700 matched clusters across U, V, X planes
Selected clusters: 262
Running emcee: 64 walkers × 2000 steps...
Acceptance fraction: 11.5%
Mean direction: θ=13.75°, φ=45.65°
Uncertainties: Δθ=32.07°, Δφ=16.25°
68% credible angle: 25.52°

Angular error: 12.58°

======================================================================
SCENARIO (EMCEE): ES_MAIN_CC_ALL
======================================================================

Loaded 3700 matched clusters across U, V, X planes
Selected clusters: 262
Running emcee: 64 walkers × 2000 steps...
Acceptance fraction: 16.1%
Mean direction: θ=23.61°, φ=46.02°
Uncertainties: Δθ=26.79°, Δφ=15.12°
68% credible angle: 21.01°

Angular error: 9.45°

======================================================================
SCENARIO (EMCEE): ES_ALL_CC_SHOWER
======================================================================

Loaded 3700 matched clusters across U, V, X planes
Selected clusters: 262
Running emcee: 64 walkers × 2000 steps...
Acceptance fraction: 14.0%
Mean direction: θ=7.52°, φ=47.34°
Uncertainties: Δθ=32.12°, Δφ=15.36°
68% credible angle: 29.15°

Angular error: 16.91°

======================================================================
SCENARIO (EMCEE): ES_ALL_CC_ALL
======================================================================

Loaded 3700 matched clusters across U, V, X planes
Selected clusters: 262
Running emcee: 64 walkers × 2000 steps...
Acceptance fraction: 11.1%
Mean direction: θ=13.16°, φ=45.67°
Uncertainties: Δθ=32.30°, Δφ=16.16°
68% credible angle: 25.48°

Angular error: 12.87°

======================================================================
SCENARIO (EMCEE): ALL_TRACKS_ALL_SHOWERS
======================================================================

Loaded 3700 matched clusters across U, V, X planes
Selected clusters: 3700
Running emcee: 64 walkers × 2000 steps...
Acceptance fraction: 2.8%
Mean direction: θ=-88.22°, φ=87.43°
Uncertainties: Δθ=109.20°, Δφ=38.97°
68% credible angle: 117.38°

Angular error: 103.04°

✓ Saved: /eos/project-e/ep-nu/evilla/sn-pointing/cat000443/pipeline/cat000443_scenario_perfect_ct_emcee.npz

✓ Saved: /eos/project-e/ep-nu/evilla/sn-pointing/cat000443/pipeline/cat000443_scenario_es_main_cc_shower_emcee.npz

✓ Saved: /eos/project-e/ep-nu/evilla/sn-pointing/cat000443/pipeline/cat000443_scenario_es_main_cc_all_emcee.npz

✓ Saved: /eos/project-e/ep-nu/evilla/sn-pointing/cat000443/pipeline/cat000443_scenario_es_all_cc_shower_emcee.npz

✓ Saved: /eos/project-e/ep-nu/evilla/sn-pointing/cat000443/pipeline/cat000443_scenario_es_all_cc_all_emcee.npz

✓ Saved: /eos/project-e/ep-nu/evilla/sn-pointing/cat000443/pipeline/cat000443_scenario_all_tracks_all_showers_emcee.npz
✓ cat000443 completed successfully
