Processing cat000536 with 6 scenarios...
Cat directory: /eos/project-e/ep-nu/evilla/sn-pointing/cat000536
======================================================================
EMCEE RECONSTRUCTION FOR cat000536
======================================================================

Loading PDF from: /eos/home-e/evilla/dune/sn-tps/neural_networks/electron_direction/three_plane_three_plane_v58_200k_lr_schedule_20251118_110931/cosine_energy_pdf.npz
PDF loaded

======================================================================
SCENARIO (EMCEE): BEST_CASE
======================================================================

Loaded 3666 matched main-track clusters across U, V, X planes
Selected 191 ES main tracks
After E > 3 MeV cut: 191 clusters
Running emcee: 64 walkers × 2000 steps...
Acceptance fraction: 16.8%
Mean direction: θ=62.04°, φ=112.82°
Uncertainties: Δθ=34.43°, Δφ=22.47°
68% credible angle: 24.31°

Angular error: 7.04°

======================================================================
SCENARIO (EMCEE): PERFECT_CT
======================================================================

Loaded 3666 matched main-track clusters across U, V, X planes
Selected 191 ES main tracks
Loading ED model from: /eos/home-e/evilla/dune/sn-tps/neural_networks/electron_direction/three_plane_three_plane_v58_200k_lr_schedule_20251118_110931/checkpoints/model_epoch_12_val_loss_0.8898.keras
Running ED inference...
After energy cut: 191 clusters
Running emcee: 64 walkers × 2000 steps...
Acceptance fraction: 10.4%
Mean direction: θ=48.86°, φ=121.64°
Uncertainties: Δθ=23.45°, Δφ=18.88°
68% credible angle: 23.34°

Angular error: 8.81°

======================================================================
SCENARIO (EMCEE): FULL_PIPELINE
======================================================================

Loaded 3666 matched main-track clusters across U, V, X planes
Using all 3666 main-track clusters
Loading CT model from: /eos/user/e/evilla/dune/sn-tps/neural_networks/channel_tagging/ct_volume_v52_batch_reload_20251116_101125/best_model.keras
Running CT inference...
CT selected 3332 ES candidates from 3666 clusters
  ES prob range: [0.000, 1.000]
Loading ED model from: /eos/home-e/evilla/dune/sn-tps/neural_networks/electron_direction/three_plane_three_plane_v58_200k_lr_schedule_20251118_110931/checkpoints/model_epoch_12_val_loss_0.8898.keras
Running ED inference on 3332 clusters...
After E > 3 MeV cut: 3315 clusters
Running emcee: 64 walkers × 2000 steps...
Acceptance fraction: 3.7%
Mean direction: θ=-163.77°, φ=110.83°
Uncertainties: Δθ=85.86°, Δφ=30.63°
68% credible angle: 71.58°

Angular error: 115.39°

======================================================================
SCENARIO (EMCEE): WEIGHTED_CT
======================================================================

Loaded 3666 matched main-track clusters across U, V, X planes
Using all 3666 main-track clusters
Loading CT model from: /eos/user/e/evilla/dune/sn-tps/neural_networks/channel_tagging/ct_volume_v52_batch_reload_20251116_101125/best_model.keras
Running CT inference...
CT selected 3332 ES candidates from 3666 clusters
  ES prob range: [0.000, 1.000]
Loading ED model from: /eos/home-e/evilla/dune/sn-tps/neural_networks/electron_direction/three_plane_three_plane_v58_200k_lr_schedule_20251118_110931/checkpoints/model_epoch_12_val_loss_0.8898.keras
Running ED inference on 3332 clusters...
Using CT weights (ES probabilities)
After E > 3 MeV cut: 3315 clusters
Running weighted MCMC with 3315 weights
Running emcee: 64 walkers × 2000 steps...
Acceptance fraction: 4.3%
Mean direction: θ=-179.42°, φ=105.40°
Uncertainties: Δθ=84.99°, Δφ=29.74°
68% credible angle: 62.88°

Angular error: 108.38°

======================================================================
SCENARIO (EMCEE): PERFECT_CT_E_GT_10MEV
======================================================================

Loaded 3666 matched main-track clusters across U, V, X planes
Selected 191 ES main tracks
Loading ED model from: /eos/home-e/evilla/dune/sn-tps/neural_networks/electron_direction/three_plane_three_plane_v58_200k_lr_schedule_20251118_110931/checkpoints/model_epoch_12_val_loss_0.8898.keras
Running ED inference...
Applying E > 10 MeV cut
After energy cut: 100 clusters
Running emcee: 64 walkers × 2000 steps...
Acceptance fraction: 16.9%
Mean direction: θ=45.54°, φ=115.96°
Uncertainties: Δθ=16.35°, Δφ=12.22°
68% credible angle: 18.27°

Angular error: 12.08°

======================================================================
SCENARIO (EMCEE): PERFECT_CT_E_GT_20MEV
======================================================================

Loaded 3666 matched main-track clusters across U, V, X planes
Selected 191 ES main tracks
Loading ED model from: /eos/home-e/evilla/dune/sn-tps/neural_networks/electron_direction/three_plane_three_plane_v58_200k_lr_schedule_20251118_110931/checkpoints/model_epoch_12_val_loss_0.8898.keras
Running ED inference...
Applying E > 20 MeV cut
After energy cut: 27 clusters
Running emcee: 64 walkers × 2000 steps...
Acceptance fraction: 32.3%
Mean direction: θ=66.15°, φ=110.14°
Uncertainties: Δθ=46.35°, Δφ=20.94°
68% credible angle: 15.42°

Angular error: 11.30°

✓ Saved: /eos/project-e/ep-nu/evilla/sn-pointing/cat000536/pipeline/cat000536_scenario_best_case_emcee.npz

✓ Saved: /eos/project-e/ep-nu/evilla/sn-pointing/cat000536/pipeline/cat000536_scenario_perfect_ct_emcee.npz

✓ Saved: /eos/project-e/ep-nu/evilla/sn-pointing/cat000536/pipeline/cat000536_scenario_full_pipeline_emcee.npz

✓ Saved: /eos/project-e/ep-nu/evilla/sn-pointing/cat000536/pipeline/cat000536_scenario_weighted_ct_emcee.npz

✓ Saved: /eos/project-e/ep-nu/evilla/sn-pointing/cat000536/pipeline/cat000536_scenario_perfect_ct_e_gt_10mev_emcee.npz

✓ Saved: /eos/project-e/ep-nu/evilla/sn-pointing/cat000536/pipeline/cat000536_scenario_perfect_ct_e_gt_20mev_emcee.npz
✓ cat000536 completed successfully
