000 (13791716.118.000) 11/20 10:18:20 Job submitted from host: <188.184.90.62:9618?addrs=188.184.90.62-9618+[2001-1458-201-e4--100-238]-9618&alias=bigbird16.cern.ch&noUDP&sock=schedd_5196_9a2f>
...
040 (13791716.118.000) 11/20 10:26:39 Started transferring input files
	Transferring to host: <188.185.190.90:9618?addrs=188.185.190.90-9618+[2001-1458-d03-b--100-83]-9618&alias=b9pgpun210.cern.ch&noUDP&sock=slot1_1_3804_0314_4171>
...
040 (13791716.118.000) 11/20 10:26:39 Finished transferring input files
...
001 (13791716.118.000) 11/20 10:26:40 Job executing on host: <188.185.190.90:9618?addrs=188.185.190.90-9618+[2001-1458-d03-b--100-83]-9618&alias=b9pgpun210.cern.ch&noUDP&sock=startd_3405_2011>
	SlotName: slot1_1@b9pgpun210.cern.ch
	AvailableGPUs = { GPUs_MIG_9ae26843_9166_5960_9b04_48cdd4d0fb04 }
	CondorScratchDir = "/pool/condor/dir_1645855"
	Cpus = 11
	Disk = 4195166
	GPUs = 1
	GPUs_MIG_9ae26843_9166_5960_9b04_48cdd4d0fb04 = [ Id = "MIG-9ae26843-9166-5960-9b04-48cdd4d0fb04"; DeviceName = "NVIDIA H100L-2-24C MIG 2g.24gb"; DeviceUuid = "MIG-9ae26843-9166-5960-9b04-48cdd4d0fb04"; ComputeUnits = 32; GlobalMemoryMb = 21547 ]
	Memory = 33000
...
006 (13791716.118.000) 11/20 10:26:53 Image size of job updated: 346964
	339  -  MemoryUsage of job (MB)
	346964  -  ResidentSetSize of job (KB)
...
006 (13791716.118.000) 11/20 10:27:04 Image size of job updated: 583972
	339  -  MemoryUsage of job (MB)
	347088  -  ResidentSetSize of job (KB)
...
040 (13791716.118.000) 11/20 10:27:04 Started transferring output files
...
040 (13791716.118.000) 11/20 10:27:04 Finished transferring output files
...
004 (13791716.118.000) 11/20 10:27:05 Job was evicted.
	(0) CPU times
		Usr 0 00:00:08, Sys 0 00:00:01  -  Run Remote Usage
		Usr 0 00:00:00, Sys 0 00:00:00  -  Run Local Usage
	11070  -  Run Bytes Sent By Job
	1410806  -  Run Bytes Received By Job
	Partitionable Resources :    Usage  Request Allocated Assigned
	   Cpus                 :                11        11 
	   Disk (KB)            :     1404  4194304   4195166 
	   GPUs                 :                 1         1 "MIG-9ae26843-9166-5960-9b04-48cdd4d0fb04"
	   Memory (MB)          :      339    33000     33000 
	   TimeExecute (s)      :       24                    
	   TimeSlotBusy (s)     :       25                    
...
009 (13791716.118.000) 11/20 10:27:06 Job was aborted.
	via condor_rm (by user evilla)
...
