000 (13791725.268.000) 11/20 10:34:58 Job submitted from host: <188.184.90.62:9618?addrs=188.184.90.62-9618+[2001-1458-201-e4--100-238]-9618&alias=bigbird16.cern.ch&noUDP&sock=schedd_5196_9a2f>
...
040 (13791725.268.000) 11/20 11:08:01 Started transferring input files
	Transferring to host: <188.185.190.22:9618?addrs=188.185.190.22-9618+[2001-1458-d03-b--100-82]-9618&alias=b9pgpun032.cern.ch&noUDP&sock=slot1_1_260364_bdd5_9250>
...
040 (13791725.268.000) 11/20 11:08:01 Finished transferring input files
...
001 (13791725.268.000) 11/20 11:08:02 Job executing on host: <188.185.190.22:9618?addrs=188.185.190.22-9618+[2001-1458-d03-b--100-82]-9618&alias=b9pgpun032.cern.ch&noUDP&sock=startd_254650_4c2f>
	SlotName: slot1_1@b9pgpun032.cern.ch
	AvailableGPUs = { GPUs_MIG_10819267_cb2b_50db_8d37_3de01d2f3533 }
	CondorScratchDir = "/pool/condor/dir_3113669"
	Cpus = 11
	Disk = 4195324
	GPUs = 1
	GPUs_MIG_10819267_cb2b_50db_8d37_3de01d2f3533 = [ Id = "MIG-10819267-cb2b-50db-8d37-3de01d2f3533"; DeviceName = "NVIDIA H100L-2-24C MIG 2g.24gb"; DeviceUuid = "MIG-10819267-cb2b-50db-8d37-3de01d2f3533"; ComputeUnits = 32; GlobalMemoryMb = 21547 ]
	Memory = 33000
...
006 (13791725.268.000) 11/20 11:08:16 Image size of job updated: 354208
	346  -  MemoryUsage of job (MB)
	354208  -  ResidentSetSize of job (KB)
...
006 (13791725.268.000) 11/20 11:10:30 Image size of job updated: 1549268
	346  -  MemoryUsage of job (MB)
	354208  -  ResidentSetSize of job (KB)
...
040 (13791725.268.000) 11/20 11:10:30 Started transferring output files
...
040 (13791725.268.000) 11/20 11:10:30 Finished transferring output files
...
005 (13791725.268.000) 11/20 11:10:30 Job terminated.
	(1) Normal termination (return value 0)
		Usr 0 00:03:32, Sys 0 00:00:10  -  Run Remote Usage
		Usr 0 00:00:00, Sys 0 00:00:00  -  Run Local Usage
		Usr 0 00:03:32, Sys 0 00:00:10  -  Total Remote Usage
		Usr 0 00:00:00, Sys 0 00:00:00  -  Total Local Usage
	17422  -  Run Bytes Sent By Job
	1411571  -  Run Bytes Received By Job
	17422  -  Total Bytes Sent By Job
	1411571  -  Total Bytes Received By Job
	Partitionable Resources :    Usage  Request Allocated Assigned
	   Cpus                 :        0       11        11 
	   Disk (KB)            :     1420  4194304   4195324 
	   GPUs                 :                 1         1 "MIG-10819267-cb2b-50db-8d37-3de01d2f3533"
	   Memory (MB)          :      346    33000     33000 
	   TimeExecute (s)      :      148                    
	   TimeSlotBusy (s)     :      149                    

	Job terminated of its own accord at 2025-11-20T10:10:30Z with exit-code 0.
...
