Processing cat000093 with 6 scenarios...
Cat directory: /eos/project-e/ep-nu/evilla/sn-pointing/cat000093
======================================================================
EMCEE RECONSTRUCTION FOR cat000093
======================================================================

Loading PDF from: /eos/home-e/evilla/dune/sn-tps/neural_networks/electron_direction/three_plane_three_plane_v58_200k_lr_schedule_20251118_110931/cosine_energy_pdf.npz
PDF loaded

======================================================================
SCENARIO (EMCEE): BEST_CASE
======================================================================

Loaded 3804 matched main-track clusters across U, V, X planes
Selected 265 ES main tracks
After E > 3 MeV cut: 265 clusters
Running emcee: 64 walkers × 2000 steps...
Acceptance fraction: 11.1%
Mean direction: θ=145.41°, φ=107.00°
Uncertainties: Δθ=45.32°, Δφ=21.16°
68% credible angle: 40.85°

Angular error: 16.38°

======================================================================
SCENARIO (EMCEE): PERFECT_CT
======================================================================

Loaded 3804 matched main-track clusters across U, V, X planes
Selected 265 ES main tracks
Loading ED model from: /eos/home-e/evilla/dune/sn-tps/neural_networks/electron_direction/three_plane_three_plane_v58_200k_lr_schedule_20251118_110931/checkpoints/model_epoch_12_val_loss_0.8898.keras
Running ED inference...
After energy cut: 265 clusters
Running emcee: 64 walkers × 2000 steps...
Acceptance fraction: 11.2%
Mean direction: θ=169.67°, φ=111.63°
Uncertainties: Δθ=22.55°, Δφ=18.77°
68% credible angle: 25.66°

Angular error: 39.16°

======================================================================
SCENARIO (EMCEE): FULL_PIPELINE
======================================================================

Loaded 3804 matched main-track clusters across U, V, X planes
Using all 3804 main-track clusters
Loading CT model from: /eos/user/e/evilla/dune/sn-tps/neural_networks/charge_topology/best_model.keras

✗ full_pipeline failed: File not found: filepath=/eos/user/e/evilla/dune/sn-tps/neural_networks/charge_topology/best_model.keras. Please ensure the file is an accessible `.keras` zip file.

======================================================================
SCENARIO (EMCEE): WEIGHTED_CT
======================================================================

Loaded 3804 matched main-track clusters across U, V, X planes
Using all 3804 main-track clusters
Loading CT model from: /eos/user/e/evilla/dune/sn-tps/neural_networks/charge_topology/best_model.keras

✗ weighted_ct failed: File not found: filepath=/eos/user/e/evilla/dune/sn-tps/neural_networks/charge_topology/best_model.keras. Please ensure the file is an accessible `.keras` zip file.

======================================================================
SCENARIO (EMCEE): PERFECT_CT_E_GT_10MEV
======================================================================

Loaded 3804 matched main-track clusters across U, V, X planes
Selected 265 ES main tracks
Loading ED model from: /eos/home-e/evilla/dune/sn-tps/neural_networks/electron_direction/three_plane_three_plane_v58_200k_lr_schedule_20251118_110931/checkpoints/model_epoch_12_val_loss_0.8898.keras
Running ED inference...
Applying E > 10 MeV cut
After energy cut: 151 clusters
Running emcee: 64 walkers × 2000 steps...
Acceptance fraction: 12.2%
Mean direction: θ=153.43°, φ=108.03°
Uncertainties: Δθ=28.78°, Δφ=17.21°
68% credible angle: 34.09°

Angular error: 23.97°

======================================================================
SCENARIO (EMCEE): PERFECT_CT_E_GT_20MEV
======================================================================

Loaded 3804 matched main-track clusters across U, V, X planes
Selected 265 ES main tracks
Loading ED model from: /eos/home-e/evilla/dune/sn-tps/neural_networks/electron_direction/three_plane_three_plane_v58_200k_lr_schedule_20251118_110931/checkpoints/model_epoch_12_val_loss_0.8898.keras
Running ED inference...
Applying E > 20 MeV cut
After energy cut: 26 clusters
Running emcee: 64 walkers × 2000 steps...
Acceptance fraction: 18.7%
Mean direction: θ=173.89°, φ=114.32°
Uncertainties: Δθ=20.65°, Δφ=13.11°
68% credible angle: 15.44°

Angular error: 43.02°

✓ Saved: /eos/project-e/ep-nu/evilla/sn-pointing/cat000093/pipeline/cat000093_scenario_best_case_emcee.npz

✓ Saved: /eos/project-e/ep-nu/evilla/sn-pointing/cat000093/pipeline/cat000093_scenario_perfect_ct_emcee.npz

✓ Saved: /eos/project-e/ep-nu/evilla/sn-pointing/cat000093/pipeline/cat000093_scenario_perfect_ct_e_gt_10mev_emcee.npz

✓ Saved: /eos/project-e/ep-nu/evilla/sn-pointing/cat000093/pipeline/cat000093_scenario_perfect_ct_e_gt_20mev_emcee.npz
✓ cat000093 completed successfully
