==================================================================
Processing cat000008 with EMCEE - ALL SCENARIOS
==================================================================
======================================================================
EMCEE RECONSTRUCTION FOR cat000008
======================================================================

Loading PDF from: /eos/home-e/evilla/dune/sn-tps/neural_networks/electron_direction/three_plane_three_plane_v58_200k_lr_schedule_20251118_110931/cosine_energy_pdf.npz
PDF loaded

======================================================================
SCENARIO (EMCEE): PERFECT_CT
======================================================================

Loaded 3848 matched clusters across U, V, X planes
Selected clusters: 276
Running emcee: 64 walkers × 2000 steps...
Acceptance fraction: 9.4%
Mean direction: θ=130.95°, φ=84.02°
Uncertainties: Δθ=78.32°, Δφ=17.05°
68% credible angle: 101.52°

Angular error: 36.56°

======================================================================
SCENARIO (EMCEE): ES_MAIN_CC_SHOWER
======================================================================

Loaded 3848 matched clusters across U, V, X planes
Selected clusters: 276
Running emcee: 64 walkers × 2000 steps...
Acceptance fraction: 8.5%
Mean direction: θ=174.21°, φ=79.79°
Uncertainties: Δθ=100.50°, Δφ=20.48°
68% credible angle: 80.81°

Angular error: 78.37°

======================================================================
SCENARIO (EMCEE): ES_MAIN_CC_ALL
======================================================================

Loaded 3848 matched clusters across U, V, X planes
Selected clusters: 276
Running emcee: 64 walkers × 2000 steps...
Acceptance fraction: 8.5%
Mean direction: θ=166.73°, φ=83.84°
Uncertainties: Δθ=94.85°, Δφ=15.76°
68% credible angle: 85.48°

Angular error: 71.68°

======================================================================
SCENARIO (EMCEE): ES_ALL_CC_SHOWER
======================================================================

Loaded 3848 matched clusters across U, V, X planes
Selected clusters: 276
Running emcee: 64 walkers × 2000 steps...
Acceptance fraction: 7.8%
Mean direction: θ=166.22°, φ=83.56°
Uncertainties: Δθ=92.84°, Δφ=18.45°
68% credible angle: 86.75°

Angular error: 71.13°

======================================================================
SCENARIO (EMCEE): ES_ALL_CC_ALL
======================================================================

Loaded 3848 matched clusters across U, V, X planes
Selected clusters: 276
Running emcee: 64 walkers × 2000 steps...
Acceptance fraction: 9.9%
Mean direction: θ=135.25°, φ=82.74°
Uncertainties: Δθ=76.52°, Δφ=15.61°
68% credible angle: 106.36°

Angular error: 40.58°

======================================================================
SCENARIO (EMCEE): ALL_TRACKS_ALL_SHOWERS
======================================================================

Loaded 3848 matched clusters across U, V, X planes
Selected clusters: 3848
Running emcee: 64 walkers × 2000 steps...
Acceptance fraction: 3.0%
Mean direction: θ=-159.49°, φ=88.93°
Uncertainties: Δθ=72.83°, Δφ=36.85°
68% credible angle: 78.84°

Angular error: 105.74°

✓ Saved: /eos/project-e/ep-nu/evilla/sn-pointing/cat000008/pipeline/cat000008_scenario_perfect_ct_emcee.npz

✓ Saved: /eos/project-e/ep-nu/evilla/sn-pointing/cat000008/pipeline/cat000008_scenario_es_main_cc_shower_emcee.npz

✓ Saved: /eos/project-e/ep-nu/evilla/sn-pointing/cat000008/pipeline/cat000008_scenario_es_main_cc_all_emcee.npz

✓ Saved: /eos/project-e/ep-nu/evilla/sn-pointing/cat000008/pipeline/cat000008_scenario_es_all_cc_shower_emcee.npz

✓ Saved: /eos/project-e/ep-nu/evilla/sn-pointing/cat000008/pipeline/cat000008_scenario_es_all_cc_all_emcee.npz

✓ Saved: /eos/project-e/ep-nu/evilla/sn-pointing/cat000008/pipeline/cat000008_scenario_all_tracks_all_showers_emcee.npz
✓ cat000008 completed successfully
