==================================================================
Processing cat000513 with EMCEE - ALL SCENARIOS
==================================================================
======================================================================
EMCEE RECONSTRUCTION FOR cat000513
======================================================================

Loading PDF from: /eos/home-e/evilla/dune/sn-tps/neural_networks/electron_direction/three_plane_three_plane_v58_200k_lr_schedule_20251118_110931/cosine_energy_pdf.npz
PDF loaded

======================================================================
SCENARIO (EMCEE): PERFECT_CT
======================================================================

Loaded 3516 matched clusters across U, V, X planes
Selected clusters: 295
Running emcee: 64 walkers × 2000 steps...
Acceptance fraction: 8.3%
Mean direction: θ=-166.58°, φ=122.58°
Uncertainties: Δθ=35.46°, Δφ=20.91°
68% credible angle: 32.18°

Angular error: 22.28°

======================================================================
SCENARIO (EMCEE): ES_MAIN_CC_SHOWER
======================================================================

Loaded 3516 matched clusters across U, V, X planes
Selected clusters: 295
Running emcee: 64 walkers × 2000 steps...
Acceptance fraction: 8.1%
Mean direction: θ=-173.78°, φ=119.71°
Uncertainties: Δθ=44.46°, Δφ=27.96°
68% credible angle: 37.02°

Angular error: 29.07°

======================================================================
SCENARIO (EMCEE): ES_MAIN_CC_ALL
======================================================================

Loaded 3516 matched clusters across U, V, X planes
Selected clusters: 295
Running emcee: 64 walkers × 2000 steps...
Acceptance fraction: 10.8%
Mean direction: θ=-154.36°, φ=119.65°
Uncertainties: Δθ=37.78°, Δφ=26.81°
68% credible angle: 31.77°

Angular error: 15.29°

======================================================================
SCENARIO (EMCEE): ES_ALL_CC_SHOWER
======================================================================

Loaded 3516 matched clusters across U, V, X planes
Selected clusters: 295
Running emcee: 64 walkers × 2000 steps...
Acceptance fraction: 8.3%
Mean direction: θ=-167.61°, φ=125.65°
Uncertainties: Δθ=40.68°, Δφ=24.54°
68% credible angle: 32.93°

Angular error: 21.90°

======================================================================
SCENARIO (EMCEE): ES_ALL_CC_ALL
======================================================================

Loaded 3516 matched clusters across U, V, X planes
Selected clusters: 295
Running emcee: 64 walkers × 2000 steps...
Acceptance fraction: 8.6%
Mean direction: θ=-171.19°, φ=124.37°
Uncertainties: Δθ=33.21°, Δφ=17.28°
68% credible angle: 35.34°

Angular error: 25.08°

======================================================================
SCENARIO (EMCEE): ALL_TRACKS_ALL_SHOWERS
======================================================================

Loaded 3516 matched clusters across U, V, X planes
Selected clusters: 3516
Running emcee: 64 walkers × 2000 steps...
Acceptance fraction: 4.4%
Mean direction: θ=-151.31°, φ=117.88°
Uncertainties: Δθ=51.93°, Δφ=23.17°
68% credible angle: 47.75°

Angular error: 14.93°

✓ Saved: /eos/project-e/ep-nu/evilla/sn-pointing/cat000513/pipeline/cat000513_scenario_perfect_ct_emcee.npz

✓ Saved: /eos/project-e/ep-nu/evilla/sn-pointing/cat000513/pipeline/cat000513_scenario_es_main_cc_shower_emcee.npz

✓ Saved: /eos/project-e/ep-nu/evilla/sn-pointing/cat000513/pipeline/cat000513_scenario_es_main_cc_all_emcee.npz

✓ Saved: /eos/project-e/ep-nu/evilla/sn-pointing/cat000513/pipeline/cat000513_scenario_es_all_cc_shower_emcee.npz

✓ Saved: /eos/project-e/ep-nu/evilla/sn-pointing/cat000513/pipeline/cat000513_scenario_es_all_cc_all_emcee.npz

✓ Saved: /eos/project-e/ep-nu/evilla/sn-pointing/cat000513/pipeline/cat000513_scenario_all_tracks_all_showers_emcee.npz
✓ cat000513 completed successfully
