Processing cat000284 with 6 scenarios...
Cat directory: /eos/project-e/ep-nu/evilla/sn-pointing/cat000284
======================================================================
EMCEE RECONSTRUCTION FOR cat000284
======================================================================

Loading PDF from: /eos/home-e/evilla/dune/sn-tps/neural_networks/electron_direction/three_plane_three_plane_v58_200k_lr_schedule_20251118_110931/cosine_energy_pdf.npz
PDF loaded

======================================================================
SCENARIO (EMCEE): BEST_CASE
======================================================================

Loaded 3821 matched main-track clusters across U, V, X planes
Selected 287 ES main tracks
After E > 3 MeV cut: 287 clusters
Running emcee: 64 walkers × 2000 steps...
Acceptance fraction: 9.9%
Mean direction: θ=-129.36°, φ=98.67°
Uncertainties: Δθ=47.99°, Δφ=20.28°
68% credible angle: 44.23°

Angular error: 16.84°

======================================================================
SCENARIO (EMCEE): PERFECT_CT
======================================================================

Loaded 3821 matched main-track clusters across U, V, X planes
Selected 287 ES main tracks
Loading ED model from: /eos/home-e/evilla/dune/sn-tps/neural_networks/electron_direction/three_plane_three_plane_v58_200k_lr_schedule_20251118_110931/checkpoints/model_epoch_12_val_loss_0.8898.keras
Running ED inference...
After energy cut: 287 clusters
Running emcee: 64 walkers × 2000 steps...
Acceptance fraction: 9.9%
Mean direction: θ=-142.17°, φ=98.82°
Uncertainties: Δθ=41.71°, Δφ=17.79°
68% credible angle: 45.98°

Angular error: 29.38°

======================================================================
SCENARIO (EMCEE): FULL_PIPELINE
======================================================================

Loaded 3821 matched main-track clusters across U, V, X planes
Using all 3821 main-track clusters
Loading CT model from: /eos/user/e/evilla/dune/sn-tps/neural_networks/channel_tagging/ct_volume_v52_batch_reload_20251116_101125/best_model.keras
Running CT inference...
CT selected 3506 ES candidates from 3821 clusters
  ES prob range: [0.000, 1.000]
Loading ED model from: /eos/home-e/evilla/dune/sn-tps/neural_networks/electron_direction/three_plane_three_plane_v58_200k_lr_schedule_20251118_110931/checkpoints/model_epoch_12_val_loss_0.8898.keras
Running ED inference on 3506 clusters...
After E > 3 MeV cut: 3484 clusters
Running emcee: 64 walkers × 2000 steps...
Acceptance fraction: 3.4%
Mean direction: θ=-165.96°, φ=108.11°
Uncertainties: Δθ=59.15°, Δφ=32.54°
68% credible angle: 49.19°

Angular error: 52.17°

======================================================================
SCENARIO (EMCEE): WEIGHTED_CT
======================================================================

Loaded 3821 matched main-track clusters across U, V, X planes
Using all 3821 main-track clusters
Loading CT model from: /eos/user/e/evilla/dune/sn-tps/neural_networks/channel_tagging/ct_volume_v52_batch_reload_20251116_101125/best_model.keras
Running CT inference...
CT selected 3506 ES candidates from 3821 clusters
  ES prob range: [0.000, 1.000]
Loading ED model from: /eos/home-e/evilla/dune/sn-tps/neural_networks/electron_direction/three_plane_three_plane_v58_200k_lr_schedule_20251118_110931/checkpoints/model_epoch_12_val_loss_0.8898.keras
Running ED inference on 3506 clusters...
Using CT weights (ES probabilities)
After E > 3 MeV cut: 3484 clusters
Running weighted MCMC with 3484 weights
Running emcee: 64 walkers × 2000 steps...
Acceptance fraction: 4.3%
Mean direction: θ=-161.87°, φ=109.39°
Uncertainties: Δθ=61.56°, Δφ=34.93°
68% credible angle: 57.20°

Angular error: 48.33°

======================================================================
SCENARIO (EMCEE): PERFECT_CT_E_GT_10MEV
======================================================================

Loaded 3821 matched main-track clusters across U, V, X planes
Selected 287 ES main tracks
Loading ED model from: /eos/home-e/evilla/dune/sn-tps/neural_networks/electron_direction/three_plane_three_plane_v58_200k_lr_schedule_20251118_110931/checkpoints/model_epoch_12_val_loss_0.8898.keras
Running ED inference...
Applying E > 10 MeV cut
After energy cut: 158 clusters
Running emcee: 64 walkers × 2000 steps...
Acceptance fraction: 6.3%
Mean direction: θ=-142.53°, φ=92.67°
Uncertainties: Δθ=78.40°, Δφ=17.03°
68% credible angle: 103.11°

Angular error: 30.98°

======================================================================
SCENARIO (EMCEE): PERFECT_CT_E_GT_20MEV
======================================================================

Loaded 3821 matched main-track clusters across U, V, X planes
Selected 287 ES main tracks
Loading ED model from: /eos/home-e/evilla/dune/sn-tps/neural_networks/electron_direction/three_plane_three_plane_v58_200k_lr_schedule_20251118_110931/checkpoints/model_epoch_12_val_loss_0.8898.keras
Running ED inference...
Applying E > 20 MeV cut
After energy cut: 38 clusters
Running emcee: 64 walkers × 2000 steps...
Acceptance fraction: 18.0%
Mean direction: θ=-148.34°, φ=86.95°
Uncertainties: Δθ=141.28°, Δφ=10.02°
68% credible angle: 124.06°

Angular error: 38.37°

✓ Saved: /eos/project-e/ep-nu/evilla/sn-pointing/cat000284/pipeline/cat000284_scenario_best_case_emcee.npz

✓ Saved: /eos/project-e/ep-nu/evilla/sn-pointing/cat000284/pipeline/cat000284_scenario_perfect_ct_emcee.npz

✓ Saved: /eos/project-e/ep-nu/evilla/sn-pointing/cat000284/pipeline/cat000284_scenario_full_pipeline_emcee.npz

✓ Saved: /eos/project-e/ep-nu/evilla/sn-pointing/cat000284/pipeline/cat000284_scenario_weighted_ct_emcee.npz

✓ Saved: /eos/project-e/ep-nu/evilla/sn-pointing/cat000284/pipeline/cat000284_scenario_perfect_ct_e_gt_10mev_emcee.npz

✓ Saved: /eos/project-e/ep-nu/evilla/sn-pointing/cat000284/pipeline/cat000284_scenario_perfect_ct_e_gt_20mev_emcee.npz
✓ cat000284 completed successfully
