000 (6417132.135.000) 11/20 16:19:58 Job submitted from host: <188.185.125.71:9618?addrs=188.185.125.71-9618+[2001-1458-d00-4a--100-15e]-9618&alias=bigbird28.cern.ch&noUDP&sock=schedd_2239_58a3>
...
040 (6417132.135.000) 11/20 16:53:22 Started transferring input files
	Transferring to host: <188.185.190.49:9618?addrs=188.185.190.49-9618+[2001-1458-d03-b--100-10d]-9618&alias=b9pgpun208.cern.ch&noUDP&sock=slot1_1_3308_8900_4343>
...
040 (6417132.135.000) 11/20 16:53:22 Finished transferring input files
...
001 (6417132.135.000) 11/20 16:53:23 Job executing on host: <188.185.190.49:9618?addrs=188.185.190.49-9618+[2001-1458-d03-b--100-10d]-9618&alias=b9pgpun208.cern.ch&noUDP&sock=startd_2698_2e9b>
	SlotName: slot1_1@b9pgpun208.cern.ch
	AvailableGPUs = { GPUs_MIG_a77cf222_9084_530d_880f_b3b2419f0fc8 }
	CondorScratchDir = "/pool/condor/dir_818541"
	Cpus = 11
	Disk = 4195333
	GPUs = 1
	GPUs_MIG_a77cf222_9084_530d_880f_b3b2419f0fc8 = [ Id = "MIG-a77cf222-9084-530d-880f-b3b2419f0fc8"; DeviceName = "NVIDIA H100L-2-24C MIG 2g.24gb"; DeviceUuid = "MIG-a77cf222-9084-530d-880f-b3b2419f0fc8"; ComputeUnits = 32; GlobalMemoryMb = 21547 ]
	Memory = 33000
...
006 (6417132.135.000) 11/20 16:53:28 Image size of job updated: 1500
	0  -  MemoryUsage of job (MB)
	0  -  ResidentSetSize of job (KB)
...
040 (6417132.135.000) 11/20 16:53:28 Started transferring output files
...
040 (6417132.135.000) 11/20 16:53:28 Finished transferring output files
...
005 (6417132.135.000) 11/20 16:53:28 Job terminated.
	(1) Normal termination (return value 0)
		Usr 0 00:00:00, Sys 0 00:00:00  -  Run Remote Usage
		Usr 0 00:00:00, Sys 0 00:00:00  -  Run Local Usage
		Usr 0 00:00:00, Sys 0 00:00:00  -  Total Remote Usage
		Usr 0 00:00:00, Sys 0 00:00:00  -  Total Local Usage
	991  -  Run Bytes Sent By Job
	1411577  -  Run Bytes Received By Job
	991  -  Total Bytes Sent By Job
	1411577  -  Total Bytes Received By Job
	Partitionable Resources :    Usage  Request Allocated Assigned
	   Cpus                 :        0       11        11 
	   Disk (KB)            :     1406  4194304   4195333 
	   GPUs                 :                 1         1 "MIG-a77cf222-9084-530d-880f-b3b2419f0fc8"
	   Memory (MB)          :        0    33000     33000 
	   TimeExecute (s)      :        5                    
	   TimeSlotBusy (s)     :        6                    

	Job terminated of its own accord at 2025-11-20T15:53:28Z with exit-code 0.
...
