Processing cat000112 with 6 scenarios...
Cat directory: /eos/project-e/ep-nu/evilla/sn-pointing/cat000112
======================================================================
EMCEE RECONSTRUCTION FOR cat000112
======================================================================

Loading PDF from: /eos/home-e/evilla/dune/sn-tps/neural_networks/electron_direction/three_plane_three_plane_v58_200k_lr_schedule_20251118_110931/cosine_energy_pdf.npz
PDF loaded

======================================================================
SCENARIO (EMCEE): BEST_CASE
======================================================================

Loaded 3518 matched main-track clusters across U, V, X planes
Selected 271 ES main tracks
After E > 3 MeV cut: 271 clusters
Running emcee: 64 walkers × 2000 steps...
Acceptance fraction: 11.9%
Mean direction: θ=-158.22°, φ=111.45°
Uncertainties: Δθ=51.81°, Δφ=23.96°
68% credible angle: 32.90°

Angular error: 21.58°

======================================================================
SCENARIO (EMCEE): PERFECT_CT
======================================================================

Loaded 3518 matched main-track clusters across U, V, X planes
Selected 271 ES main tracks
Loading ED model from: /eos/home-e/evilla/dune/sn-tps/neural_networks/electron_direction/three_plane_three_plane_v58_200k_lr_schedule_20251118_110931/checkpoints/model_epoch_12_val_loss_0.8898.keras
Running ED inference...
After energy cut: 271 clusters
Running emcee: 64 walkers × 2000 steps...
Acceptance fraction: 7.3%
Mean direction: θ=-175.31°, φ=126.27°
Uncertainties: Δθ=38.82°, Δφ=27.95°
68% credible angle: 25.84°

Angular error: 21.93°

======================================================================
SCENARIO (EMCEE): FULL_PIPELINE
======================================================================

Loaded 3518 matched main-track clusters across U, V, X planes
Using all 3518 main-track clusters
Loading CT model from: /eos/user/e/evilla/dune/sn-tps/neural_networks/channel_tagging/ct_volume_v52_batch_reload_20251116_101125/best_model.keras
Running CT inference...
CT selected 3193 ES candidates from 3518 clusters
  ES prob range: [0.000, 1.000]
Loading ED model from: /eos/home-e/evilla/dune/sn-tps/neural_networks/electron_direction/three_plane_three_plane_v58_200k_lr_schedule_20251118_110931/checkpoints/model_epoch_12_val_loss_0.8898.keras
Running ED inference on 3193 clusters...
After E > 3 MeV cut: 3179 clusters
Running emcee: 64 walkers × 2000 steps...
Acceptance fraction: 4.2%
Mean direction: θ=-150.51°, φ=100.52°
Uncertainties: Δθ=66.55°, Δφ=30.77°
68% credible angle: 65.98°

Angular error: 30.73°

======================================================================
SCENARIO (EMCEE): WEIGHTED_CT
======================================================================

Loaded 3518 matched main-track clusters across U, V, X planes
Using all 3518 main-track clusters
Loading CT model from: /eos/user/e/evilla/dune/sn-tps/neural_networks/channel_tagging/ct_volume_v52_batch_reload_20251116_101125/best_model.keras
Running CT inference...
CT selected 3193 ES candidates from 3518 clusters
  ES prob range: [0.000, 1.000]
Loading ED model from: /eos/home-e/evilla/dune/sn-tps/neural_networks/electron_direction/three_plane_three_plane_v58_200k_lr_schedule_20251118_110931/checkpoints/model_epoch_12_val_loss_0.8898.keras
Running ED inference on 3193 clusters...
Using CT weights (ES probabilities)
After E > 3 MeV cut: 3179 clusters
Running weighted MCMC with 3179 weights
Running emcee: 64 walkers × 2000 steps...
Acceptance fraction: 5.5%
Mean direction: θ=-160.90°, φ=102.32°
Uncertainties: Δθ=52.80°, Δφ=26.86°
68% credible angle: 56.62°

Angular error: 31.03°

======================================================================
SCENARIO (EMCEE): PERFECT_CT_E_GT_10MEV
======================================================================

Loaded 3518 matched main-track clusters across U, V, X planes
Selected 271 ES main tracks
Loading ED model from: /eos/home-e/evilla/dune/sn-tps/neural_networks/electron_direction/three_plane_three_plane_v58_200k_lr_schedule_20251118_110931/checkpoints/model_epoch_12_val_loss_0.8898.keras
Running ED inference...
Applying E > 10 MeV cut
After energy cut: 130 clusters
Running emcee: 64 walkers × 2000 steps...
Acceptance fraction: 7.3%
Mean direction: θ=-174.44°, φ=116.14°
Uncertainties: Δθ=59.77°, Δφ=32.43°
68% credible angle: 34.82°

Angular error: 26.61°

======================================================================
SCENARIO (EMCEE): PERFECT_CT_E_GT_20MEV
======================================================================

Loaded 3518 matched main-track clusters across U, V, X planes
Selected 271 ES main tracks
Loading ED model from: /eos/home-e/evilla/dune/sn-tps/neural_networks/electron_direction/three_plane_three_plane_v58_200k_lr_schedule_20251118_110931/checkpoints/model_epoch_12_val_loss_0.8898.keras
Running ED inference...
Applying E > 20 MeV cut
After energy cut: 35 clusters
Running emcee: 64 walkers × 2000 steps...
Acceptance fraction: 11.3%
Mean direction: θ=178.58°, φ=102.80°
Uncertainties: Δθ=102.32°, Δφ=37.88°
68% credible angle: 139.86°

Angular error: 40.78°

✓ Saved: /eos/project-e/ep-nu/evilla/sn-pointing/cat000112/pipeline/cat000112_scenario_best_case_emcee.npz

✓ Saved: /eos/project-e/ep-nu/evilla/sn-pointing/cat000112/pipeline/cat000112_scenario_perfect_ct_emcee.npz

✓ Saved: /eos/project-e/ep-nu/evilla/sn-pointing/cat000112/pipeline/cat000112_scenario_full_pipeline_emcee.npz

✓ Saved: /eos/project-e/ep-nu/evilla/sn-pointing/cat000112/pipeline/cat000112_scenario_weighted_ct_emcee.npz

✓ Saved: /eos/project-e/ep-nu/evilla/sn-pointing/cat000112/pipeline/cat000112_scenario_perfect_ct_e_gt_10mev_emcee.npz

✓ Saved: /eos/project-e/ep-nu/evilla/sn-pointing/cat000112/pipeline/cat000112_scenario_perfect_ct_e_gt_20mev_emcee.npz
✓ cat000112 completed successfully
