==================================================================
Processing cat000379 with EMCEE - ALL SCENARIOS
==================================================================
======================================================================
EMCEE RECONSTRUCTION FOR cat000379
======================================================================

Loading PDF from: /eos/home-e/evilla/dune/sn-tps/neural_networks/electron_direction/three_plane_three_plane_v58_200k_lr_schedule_20251118_110931/cosine_energy_pdf.npz
PDF loaded

======================================================================
SCENARIO (EMCEE): PERFECT_CT
======================================================================

Loaded 3737 matched clusters across U, V, X planes
Selected clusters: 297
Running emcee: 64 walkers × 2000 steps...
Acceptance fraction: 21.2%
Mean direction: θ=58.97°, φ=31.10°
Uncertainties: Δθ=66.23°, Δφ=6.07°
68% credible angle: 37.55°

Angular error: 11.90°

======================================================================
SCENARIO (EMCEE): ES_MAIN_CC_SHOWER
======================================================================

Loaded 3737 matched clusters across U, V, X planes
Selected clusters: 297
Running emcee: 64 walkers × 2000 steps...
Acceptance fraction: 15.9%
Mean direction: θ=56.74°, φ=31.15°
Uncertainties: Δθ=65.31°, Δφ=5.95°
68% credible angle: 29.24°

Angular error: 12.73°

======================================================================
SCENARIO (EMCEE): ES_MAIN_CC_ALL
======================================================================

Loaded 3737 matched clusters across U, V, X planes
Selected clusters: 297
Running emcee: 64 walkers × 2000 steps...
Acceptance fraction: 17.1%
Mean direction: θ=45.91°, φ=29.78°
Uncertainties: Δθ=72.56°, Δφ=6.54°
68% credible angle: 33.07°

Angular error: 15.95°

======================================================================
SCENARIO (EMCEE): ES_ALL_CC_SHOWER
======================================================================

Loaded 3737 matched clusters across U, V, X planes
Selected clusters: 297
Running emcee: 64 walkers × 2000 steps...
Acceptance fraction: 19.0%
Mean direction: θ=56.61°, φ=30.86°
Uncertainties: Δθ=69.91°, Δφ=5.84°
68% credible angle: 37.52°

Angular error: 12.57°

======================================================================
SCENARIO (EMCEE): ES_ALL_CC_ALL
======================================================================

Loaded 3737 matched clusters across U, V, X planes
Selected clusters: 297
Running emcee: 64 walkers × 2000 steps...
Acceptance fraction: 17.4%
Mean direction: θ=67.84°, φ=31.34°
Uncertainties: Δθ=64.30°, Δφ=5.97°
68% credible angle: 21.63°

Angular error: 9.41°

======================================================================
SCENARIO (EMCEE): ALL_TRACKS_ALL_SHOWERS
======================================================================

Loaded 3737 matched clusters across U, V, X planes
Selected clusters: 3737
Running emcee: 64 walkers × 2000 steps...
Acceptance fraction: 3.5%
Mean direction: θ=-148.41°, φ=74.60°
Uncertainties: Δθ=57.59°, Δφ=31.54°
68% credible angle: 63.37°

Angular error: 90.88°

✓ Saved: /eos/project-e/ep-nu/evilla/sn-pointing/cat000379/pipeline/cat000379_scenario_perfect_ct_emcee.npz

✓ Saved: /eos/project-e/ep-nu/evilla/sn-pointing/cat000379/pipeline/cat000379_scenario_es_main_cc_shower_emcee.npz

✓ Saved: /eos/project-e/ep-nu/evilla/sn-pointing/cat000379/pipeline/cat000379_scenario_es_main_cc_all_emcee.npz

✓ Saved: /eos/project-e/ep-nu/evilla/sn-pointing/cat000379/pipeline/cat000379_scenario_es_all_cc_shower_emcee.npz

✓ Saved: /eos/project-e/ep-nu/evilla/sn-pointing/cat000379/pipeline/cat000379_scenario_es_all_cc_all_emcee.npz

✓ Saved: /eos/project-e/ep-nu/evilla/sn-pointing/cat000379/pipeline/cat000379_scenario_all_tracks_all_showers_emcee.npz
✓ cat000379 completed successfully
