Processing cat000475 with 6 scenarios...
Cat directory: /eos/project-e/ep-nu/evilla/sn-pointing/cat000475
======================================================================
EMCEE RECONSTRUCTION FOR cat000475
======================================================================

Loading PDF from: /eos/home-e/evilla/dune/sn-tps/neural_networks/electron_direction/three_plane_three_plane_v58_200k_lr_schedule_20251118_110931/cosine_energy_pdf.npz
PDF loaded

======================================================================
SCENARIO (EMCEE): BEST_CASE
======================================================================

Loaded 3251 matched main-track clusters across U, V, X planes
Selected 220 ES main tracks
After E > 3 MeV cut: 220 clusters
Running emcee: 64 walkers × 2000 steps...
Acceptance fraction: 7.6%
Mean direction: θ=0.45°, φ=95.14°
Uncertainties: Δθ=32.46°, Δφ=13.01°
68% credible angle: 27.71°

Angular error: 9.92°

======================================================================
SCENARIO (EMCEE): PERFECT_CT
======================================================================

Loaded 3251 matched main-track clusters across U, V, X planes
Selected 220 ES main tracks
Loading ED model from: /eos/home-e/evilla/dune/sn-tps/neural_networks/electron_direction/three_plane_three_plane_v58_200k_lr_schedule_20251118_110931/checkpoints/model_epoch_12_val_loss_0.8898.keras
Running ED inference...
After energy cut: 220 clusters
Running emcee: 64 walkers × 2000 steps...
Acceptance fraction: 12.6%
Mean direction: θ=-13.58°, φ=84.14°
Uncertainties: Δθ=23.40°, Δφ=14.11°
68% credible angle: 31.42°

Angular error: 15.32°

======================================================================
SCENARIO (EMCEE): FULL_PIPELINE
======================================================================

Loaded 3251 matched main-track clusters across U, V, X planes
Using all 3251 main-track clusters
Loading CT model from: /eos/user/e/evilla/dune/sn-tps/neural_networks/channel_tagging/ct_volume_v52_batch_reload_20251116_101125/best_model.keras
Running CT inference...
CT selected 2919 ES candidates from 3251 clusters
  ES prob range: [0.000, 1.000]
Loading ED model from: /eos/home-e/evilla/dune/sn-tps/neural_networks/electron_direction/three_plane_three_plane_v58_200k_lr_schedule_20251118_110931/checkpoints/model_epoch_12_val_loss_0.8898.keras
Running ED inference on 2919 clusters...
After E > 3 MeV cut: 2908 clusters
Running emcee: 64 walkers × 2000 steps...
Acceptance fraction: 9.3%
Mean direction: θ=-38.94°, φ=86.04°
Uncertainties: Δθ=38.09°, Δφ=24.58°
68% credible angle: 15.38°

Angular error: 40.58°

======================================================================
SCENARIO (EMCEE): WEIGHTED_CT
======================================================================

Loaded 3251 matched main-track clusters across U, V, X planes
Using all 3251 main-track clusters
Loading CT model from: /eos/user/e/evilla/dune/sn-tps/neural_networks/channel_tagging/ct_volume_v52_batch_reload_20251116_101125/best_model.keras
Running CT inference...
CT selected 2919 ES candidates from 3251 clusters
  ES prob range: [0.000, 1.000]
Loading ED model from: /eos/home-e/evilla/dune/sn-tps/neural_networks/electron_direction/three_plane_three_plane_v58_200k_lr_schedule_20251118_110931/checkpoints/model_epoch_12_val_loss_0.8898.keras
Running ED inference on 2919 clusters...
Using CT weights (ES probabilities)
After E > 3 MeV cut: 2908 clusters
Running weighted MCMC with 2908 weights
Running emcee: 64 walkers × 2000 steps...
Acceptance fraction: 8.1%
Mean direction: θ=-42.43°, φ=89.03°
Uncertainties: Δθ=48.21°, Δφ=27.60°
68% credible angle: 51.76°

Angular error: 44.28°

======================================================================
SCENARIO (EMCEE): PERFECT_CT_E_GT_10MEV
======================================================================

Loaded 3251 matched main-track clusters across U, V, X planes
Selected 220 ES main tracks
Loading ED model from: /eos/home-e/evilla/dune/sn-tps/neural_networks/electron_direction/three_plane_three_plane_v58_200k_lr_schedule_20251118_110931/checkpoints/model_epoch_12_val_loss_0.8898.keras
Running ED inference...
Applying E > 10 MeV cut
After energy cut: 132 clusters
Running emcee: 64 walkers × 2000 steps...
Acceptance fraction: 10.5%
Mean direction: θ=0.52°, φ=86.81°
Uncertainties: Δθ=29.07°, Δφ=16.23°
68% credible angle: 26.28°

Angular error: 1.95°

======================================================================
SCENARIO (EMCEE): PERFECT_CT_E_GT_20MEV
======================================================================

Loaded 3251 matched main-track clusters across U, V, X planes
Selected 220 ES main tracks
Loading ED model from: /eos/home-e/evilla/dune/sn-tps/neural_networks/electron_direction/three_plane_three_plane_v58_200k_lr_schedule_20251118_110931/checkpoints/model_epoch_12_val_loss_0.8898.keras
Running ED inference...
Applying E > 20 MeV cut
After energy cut: 32 clusters
Running emcee: 64 walkers × 2000 steps...
Acceptance fraction: 17.7%
Mean direction: θ=6.11°, φ=86.81°
Uncertainties: Δθ=68.44°, Δφ=13.12°
68% credible angle: 20.75°

Angular error: 4.59°

✓ Saved: /eos/project-e/ep-nu/evilla/sn-pointing/cat000475/pipeline/cat000475_scenario_best_case_emcee.npz

✓ Saved: /eos/project-e/ep-nu/evilla/sn-pointing/cat000475/pipeline/cat000475_scenario_perfect_ct_emcee.npz

✓ Saved: /eos/project-e/ep-nu/evilla/sn-pointing/cat000475/pipeline/cat000475_scenario_full_pipeline_emcee.npz

✓ Saved: /eos/project-e/ep-nu/evilla/sn-pointing/cat000475/pipeline/cat000475_scenario_weighted_ct_emcee.npz

✓ Saved: /eos/project-e/ep-nu/evilla/sn-pointing/cat000475/pipeline/cat000475_scenario_perfect_ct_e_gt_10mev_emcee.npz

✓ Saved: /eos/project-e/ep-nu/evilla/sn-pointing/cat000475/pipeline/cat000475_scenario_perfect_ct_e_gt_20mev_emcee.npz
✓ cat000475 completed successfully
