==================================================================
Processing cat000029 with EMCEE - ALL SCENARIOS
==================================================================
======================================================================
EMCEE RECONSTRUCTION FOR cat000029
======================================================================

Loading PDF from: /eos/home-e/evilla/dune/sn-tps/neural_networks/electron_direction/three_plane_three_plane_v58_200k_lr_schedule_20251118_110931/cosine_energy_pdf.npz
PDF loaded

======================================================================
SCENARIO (EMCEE): PERFECT_CT
======================================================================

Loaded 3821 matched clusters across U, V, X planes
Selected clusters: 241
Running emcee: 64 walkers × 2000 steps...
Acceptance fraction: 15.8%
Mean direction: θ=10.89°, φ=76.18°
Uncertainties: Δθ=15.72°, Δφ=14.12°
68% credible angle: 19.85°

Angular error: 12.26°

======================================================================
SCENARIO (EMCEE): ES_MAIN_CC_SHOWER
======================================================================

Loaded 3821 matched clusters across U, V, X planes
Selected clusters: 241
Running emcee: 64 walkers × 2000 steps...
Acceptance fraction: 18.4%
Mean direction: θ=11.52°, φ=81.16°
Uncertainties: Δθ=13.56°, Δφ=12.20°
68% credible angle: 22.19°

Angular error: 13.27°

======================================================================
SCENARIO (EMCEE): ES_MAIN_CC_ALL
======================================================================

Loaded 3821 matched clusters across U, V, X planes
Selected clusters: 241
Running emcee: 64 walkers × 2000 steps...
Acceptance fraction: 16.6%
Mean direction: θ=9.71°, φ=80.23°
Uncertainties: Δθ=13.58°, Δφ=10.43°
68% credible angle: 20.40°

Angular error: 14.47°

======================================================================
SCENARIO (EMCEE): ES_ALL_CC_SHOWER
======================================================================

Loaded 3821 matched clusters across U, V, X planes
Selected clusters: 241
Running emcee: 64 walkers × 2000 steps...
Acceptance fraction: 15.8%
Mean direction: θ=9.56°, φ=77.43°
Uncertainties: Δθ=15.98°, Δφ=12.62°
68% credible angle: 19.24°

Angular error: 13.75°

======================================================================
SCENARIO (EMCEE): ES_ALL_CC_ALL
======================================================================

Loaded 3821 matched clusters across U, V, X planes
Selected clusters: 241
Running emcee: 64 walkers × 2000 steps...
Acceptance fraction: 17.1%
Mean direction: θ=6.29°, φ=78.33°
Uncertainties: Δθ=14.39°, Δφ=11.03°
68% credible angle: 16.97°

Angular error: 17.07°

======================================================================
SCENARIO (EMCEE): ALL_TRACKS_ALL_SHOWERS
======================================================================

Loaded 3821 matched clusters across U, V, X planes
Selected clusters: 3821
Running emcee: 64 walkers × 2000 steps...
Acceptance fraction: 5.2%
Mean direction: θ=-59.58°, φ=91.35°
Uncertainties: Δθ=69.31°, Δφ=28.55°
68% credible angle: 67.69°

Angular error: 83.66°

✓ Saved: /eos/project-e/ep-nu/evilla/sn-pointing/cat000029/pipeline/cat000029_scenario_perfect_ct_emcee.npz

✓ Saved: /eos/project-e/ep-nu/evilla/sn-pointing/cat000029/pipeline/cat000029_scenario_es_main_cc_shower_emcee.npz

✓ Saved: /eos/project-e/ep-nu/evilla/sn-pointing/cat000029/pipeline/cat000029_scenario_es_main_cc_all_emcee.npz

✓ Saved: /eos/project-e/ep-nu/evilla/sn-pointing/cat000029/pipeline/cat000029_scenario_es_all_cc_shower_emcee.npz

✓ Saved: /eos/project-e/ep-nu/evilla/sn-pointing/cat000029/pipeline/cat000029_scenario_es_all_cc_all_emcee.npz

✓ Saved: /eos/project-e/ep-nu/evilla/sn-pointing/cat000029/pipeline/cat000029_scenario_all_tracks_all_showers_emcee.npz
✓ cat000029 completed successfully
