==================================================================
Processing cat000214 with EMCEE - ALL SCENARIOS
==================================================================
======================================================================
EMCEE RECONSTRUCTION FOR cat000214
======================================================================

Loading PDF from: /eos/home-e/evilla/dune/sn-tps/neural_networks/electron_direction/three_plane_three_plane_v58_200k_lr_schedule_20251118_110931/cosine_energy_pdf.npz
PDF loaded

======================================================================
SCENARIO (EMCEE): PERFECT_CT
======================================================================

Loaded 3411 matched clusters across U, V, X planes
Selected clusters: 195
Running emcee: 64 walkers × 2000 steps...
Acceptance fraction: 16.9%
Mean direction: θ=-135.55°, φ=136.71°
Uncertainties: Δθ=36.29°, Δφ=13.42°
68% credible angle: 30.14°

Angular error: 28.09°

======================================================================
SCENARIO (EMCEE): ES_MAIN_CC_SHOWER
======================================================================

Loaded 3411 matched clusters across U, V, X planes
Selected clusters: 195
Running emcee: 64 walkers × 2000 steps...
Acceptance fraction: 13.2%
Mean direction: θ=-149.76°, φ=141.10°
Uncertainties: Δθ=44.66°, Δφ=13.05°
68% credible angle: 24.34°

Angular error: 35.41°

======================================================================
SCENARIO (EMCEE): ES_MAIN_CC_ALL
======================================================================

Loaded 3411 matched clusters across U, V, X planes
Selected clusters: 195
Running emcee: 64 walkers × 2000 steps...
Acceptance fraction: 12.9%
Mean direction: θ=-153.33°, φ=143.19°
Uncertainties: Δθ=46.10°, Δφ=13.67°
68% credible angle: 18.54°

Angular error: 36.81°

======================================================================
SCENARIO (EMCEE): ES_ALL_CC_SHOWER
======================================================================

Loaded 3411 matched clusters across U, V, X planes
Selected clusters: 195
Running emcee: 64 walkers × 2000 steps...
Acceptance fraction: 15.3%
Mean direction: θ=-146.81°, φ=140.44°
Uncertainties: Δθ=42.54°, Δφ=13.38°
68% credible angle: 22.38°

Angular error: 33.87°

======================================================================
SCENARIO (EMCEE): ES_ALL_CC_ALL
======================================================================

Loaded 3411 matched clusters across U, V, X planes
Selected clusters: 195
Running emcee: 64 walkers × 2000 steps...
Acceptance fraction: 14.1%
Mean direction: θ=-150.04°, φ=140.30°
Uncertainties: Δθ=55.04°, Δφ=14.29°
68% credible angle: 39.19°

Angular error: 35.86°

======================================================================
SCENARIO (EMCEE): ALL_TRACKS_ALL_SHOWERS
======================================================================

Loaded 3411 matched clusters across U, V, X planes
Selected clusters: 3411
Running emcee: 64 walkers × 2000 steps...
Acceptance fraction: 3.5%
Mean direction: θ=-162.31°, φ=103.35°
Uncertainties: Δθ=65.32°, Δφ=33.94°
68% credible angle: 65.79°

Angular error: 66.27°

✓ Saved: /eos/project-e/ep-nu/evilla/sn-pointing/cat000214/pipeline/cat000214_scenario_perfect_ct_emcee.npz

✓ Saved: /eos/project-e/ep-nu/evilla/sn-pointing/cat000214/pipeline/cat000214_scenario_es_main_cc_shower_emcee.npz

✓ Saved: /eos/project-e/ep-nu/evilla/sn-pointing/cat000214/pipeline/cat000214_scenario_es_main_cc_all_emcee.npz

✓ Saved: /eos/project-e/ep-nu/evilla/sn-pointing/cat000214/pipeline/cat000214_scenario_es_all_cc_shower_emcee.npz

✓ Saved: /eos/project-e/ep-nu/evilla/sn-pointing/cat000214/pipeline/cat000214_scenario_es_all_cc_all_emcee.npz

✓ Saved: /eos/project-e/ep-nu/evilla/sn-pointing/cat000214/pipeline/cat000214_scenario_all_tracks_all_showers_emcee.npz
✓ cat000214 completed successfully
