Processing cat000606 with 6 scenarios...
Cat directory: /eos/project-e/ep-nu/evilla/sn-pointing/cat000606
======================================================================
EMCEE RECONSTRUCTION FOR cat000606
======================================================================

Loading PDF from: /eos/home-e/evilla/dune/sn-tps/neural_networks/electron_direction/three_plane_three_plane_v58_200k_lr_schedule_20251118_110931/cosine_energy_pdf.npz
PDF loaded

======================================================================
SCENARIO (EMCEE): BEST_CASE
======================================================================

Loaded 3651 matched main-track clusters across U, V, X planes
Selected 241 ES main tracks
After E > 3 MeV cut: 241 clusters
Running emcee: 64 walkers × 2000 steps...
Acceptance fraction: 17.6%
Mean direction: θ=162.76°, φ=83.28°
Uncertainties: Δθ=21.20°, Δφ=11.91°
68% credible angle: 27.78°

Angular error: 12.77°

======================================================================
SCENARIO (EMCEE): PERFECT_CT
======================================================================

Loaded 3651 matched main-track clusters across U, V, X planes
Selected 241 ES main tracks
Loading ED model from: /eos/home-e/evilla/dune/sn-tps/neural_networks/electron_direction/three_plane_three_plane_v58_200k_lr_schedule_20251118_110931/checkpoints/model_epoch_12_val_loss_0.8898.keras
Running ED inference...
After energy cut: 241 clusters
Running emcee: 64 walkers × 2000 steps...
Acceptance fraction: 8.6%
Mean direction: θ=177.14°, φ=93.77°
Uncertainties: Δθ=21.03°, Δφ=16.90°
68% credible angle: 30.76°

Angular error: 27.56°

======================================================================
SCENARIO (EMCEE): FULL_PIPELINE
======================================================================

Loaded 3651 matched main-track clusters across U, V, X planes
Using all 3651 main-track clusters
Loading CT model from: /eos/user/e/evilla/dune/sn-tps/neural_networks/channel_tagging/ct_volume_v52_batch_reload_20251116_101125/best_model.keras
Running CT inference...
CT selected 3341 ES candidates from 3651 clusters
  ES prob range: [0.000, 1.000]
Loading ED model from: /eos/home-e/evilla/dune/sn-tps/neural_networks/electron_direction/three_plane_three_plane_v58_200k_lr_schedule_20251118_110931/checkpoints/model_epoch_12_val_loss_0.8898.keras
Running ED inference on 3341 clusters...
After E > 3 MeV cut: 3320 clusters
Running emcee: 64 walkers × 2000 steps...
Acceptance fraction: 3.2%
Mean direction: θ=-167.93°, φ=101.20°
Uncertainties: Δθ=61.42°, Δφ=28.10°
68% credible angle: 65.91°

Angular error: 43.82°

======================================================================
SCENARIO (EMCEE): WEIGHTED_CT
======================================================================

Loaded 3651 matched main-track clusters across U, V, X planes
Using all 3651 main-track clusters
Loading CT model from: /eos/user/e/evilla/dune/sn-tps/neural_networks/channel_tagging/ct_volume_v52_batch_reload_20251116_101125/best_model.keras
Running CT inference...
CT selected 3341 ES candidates from 3651 clusters
  ES prob range: [0.000, 1.000]
Loading ED model from: /eos/home-e/evilla/dune/sn-tps/neural_networks/electron_direction/three_plane_three_plane_v58_200k_lr_schedule_20251118_110931/checkpoints/model_epoch_12_val_loss_0.8898.keras
Running ED inference on 3341 clusters...
Using CT weights (ES probabilities)
After E > 3 MeV cut: 3320 clusters
Running weighted MCMC with 3320 weights
Running emcee: 64 walkers × 2000 steps...
Acceptance fraction: 2.6%
Mean direction: θ=-176.43°, φ=97.50°
Uncertainties: Δθ=62.82°, Δφ=26.29°
68% credible angle: 65.49°

Angular error: 34.72°

======================================================================
SCENARIO (EMCEE): PERFECT_CT_E_GT_10MEV
======================================================================

Loaded 3651 matched main-track clusters across U, V, X planes
Selected 241 ES main tracks
Loading ED model from: /eos/home-e/evilla/dune/sn-tps/neural_networks/electron_direction/three_plane_three_plane_v58_200k_lr_schedule_20251118_110931/checkpoints/model_epoch_12_val_loss_0.8898.keras
Running ED inference...
Applying E > 10 MeV cut
After energy cut: 137 clusters
Running emcee: 64 walkers × 2000 steps...
Acceptance fraction: 9.2%
Mean direction: θ=176.61°, φ=96.22°
Uncertainties: Δθ=17.90°, Δφ=14.16°
68% credible angle: 24.10°

Angular error: 27.76°

======================================================================
SCENARIO (EMCEE): PERFECT_CT_E_GT_20MEV
======================================================================

Loaded 3651 matched main-track clusters across U, V, X planes
Selected 241 ES main tracks
Loading ED model from: /eos/home-e/evilla/dune/sn-tps/neural_networks/electron_direction/three_plane_three_plane_v58_200k_lr_schedule_20251118_110931/checkpoints/model_epoch_12_val_loss_0.8898.keras
Running ED inference...
Applying E > 20 MeV cut
After energy cut: 34 clusters
Running emcee: 64 walkers × 2000 steps...
Acceptance fraction: 17.1%
Mean direction: θ=175.05°, φ=101.35°
Uncertainties: Δθ=11.00°, Δφ=10.02°
68% credible angle: 13.13°

Angular error: 28.45°

✓ Saved: /eos/project-e/ep-nu/evilla/sn-pointing/cat000606/pipeline/cat000606_scenario_best_case_emcee.npz

✓ Saved: /eos/project-e/ep-nu/evilla/sn-pointing/cat000606/pipeline/cat000606_scenario_perfect_ct_emcee.npz

✓ Saved: /eos/project-e/ep-nu/evilla/sn-pointing/cat000606/pipeline/cat000606_scenario_full_pipeline_emcee.npz

✓ Saved: /eos/project-e/ep-nu/evilla/sn-pointing/cat000606/pipeline/cat000606_scenario_weighted_ct_emcee.npz

✓ Saved: /eos/project-e/ep-nu/evilla/sn-pointing/cat000606/pipeline/cat000606_scenario_perfect_ct_e_gt_10mev_emcee.npz

✓ Saved: /eos/project-e/ep-nu/evilla/sn-pointing/cat000606/pipeline/cat000606_scenario_perfect_ct_e_gt_20mev_emcee.npz
✓ cat000606 completed successfully
