Processing cat000223 with 6 scenarios...
Cat directory: /eos/project-e/ep-nu/evilla/sn-pointing/cat000223
======================================================================
EMCEE RECONSTRUCTION FOR cat000223
======================================================================

Loading PDF from: /eos/home-e/evilla/dune/sn-tps/neural_networks/electron_direction/three_plane_three_plane_v58_200k_lr_schedule_20251118_110931/cosine_energy_pdf.npz
PDF loaded

======================================================================
SCENARIO (EMCEE): BEST_CASE
======================================================================

Loaded 3891 matched main-track clusters across U, V, X planes
Selected 280 ES main tracks
After E > 3 MeV cut: 280 clusters
Running emcee: 64 walkers × 2000 steps...
Acceptance fraction: 5.5%
Mean direction: θ=156.94°, φ=104.35°
Uncertainties: Δθ=81.72°, Δφ=42.56°
68% credible angle: 75.82°

Angular error: 36.90°

======================================================================
SCENARIO (EMCEE): PERFECT_CT
======================================================================

Loaded 3891 matched main-track clusters across U, V, X planes
Selected 280 ES main tracks
Loading ED model from: /eos/home-e/evilla/dune/sn-tps/neural_networks/electron_direction/three_plane_three_plane_v58_200k_lr_schedule_20251118_110931/checkpoints/model_epoch_12_val_loss_0.8898.keras
Running ED inference...
After energy cut: 280 clusters
Running emcee: 64 walkers × 2000 steps...
Acceptance fraction: 6.8%
Mean direction: θ=-179.54°, φ=129.15°
Uncertainties: Δθ=23.13°, Δφ=20.42°
68% credible angle: 27.07°

Angular error: 7.48°

======================================================================
SCENARIO (EMCEE): FULL_PIPELINE
======================================================================

Loaded 3891 matched main-track clusters across U, V, X planes
Using all 3891 main-track clusters
Loading CT model from: /eos/user/e/evilla/dune/sn-tps/neural_networks/channel_tagging/ct_volume_v52_batch_reload_20251116_101125/best_model.keras
Running CT inference...
CT selected 3515 ES candidates from 3891 clusters
  ES prob range: [0.000, 1.000]
Loading ED model from: /eos/home-e/evilla/dune/sn-tps/neural_networks/electron_direction/three_plane_three_plane_v58_200k_lr_schedule_20251118_110931/checkpoints/model_epoch_12_val_loss_0.8898.keras
Running ED inference on 3515 clusters...
After E > 3 MeV cut: 3495 clusters
Running emcee: 64 walkers × 2000 steps...
Acceptance fraction: 3.8%
Mean direction: θ=-161.32°, φ=117.86°
Uncertainties: Δθ=55.75°, Δφ=31.55°
68% credible angle: 56.82°

Angular error: 24.44°

======================================================================
SCENARIO (EMCEE): WEIGHTED_CT
======================================================================

Loaded 3891 matched main-track clusters across U, V, X planes
Using all 3891 main-track clusters
Loading CT model from: /eos/user/e/evilla/dune/sn-tps/neural_networks/channel_tagging/ct_volume_v52_batch_reload_20251116_101125/best_model.keras
Running CT inference...
CT selected 3515 ES candidates from 3891 clusters
  ES prob range: [0.000, 1.000]
Loading ED model from: /eos/home-e/evilla/dune/sn-tps/neural_networks/electron_direction/three_plane_three_plane_v58_200k_lr_schedule_20251118_110931/checkpoints/model_epoch_12_val_loss_0.8898.keras
Running ED inference on 3515 clusters...
Using CT weights (ES probabilities)
After E > 3 MeV cut: 3495 clusters
Running weighted MCMC with 3495 weights
Running emcee: 64 walkers × 2000 steps...
Acceptance fraction: 2.8%
Mean direction: θ=172.63°, φ=121.40°
Uncertainties: Δθ=57.57°, Δφ=29.17°
68% credible angle: 44.64°

Angular error: 15.78°

======================================================================
SCENARIO (EMCEE): PERFECT_CT_E_GT_10MEV
======================================================================

Loaded 3891 matched main-track clusters across U, V, X planes
Selected 280 ES main tracks
Loading ED model from: /eos/home-e/evilla/dune/sn-tps/neural_networks/electron_direction/three_plane_three_plane_v58_200k_lr_schedule_20251118_110931/checkpoints/model_epoch_12_val_loss_0.8898.keras
Running ED inference...
Applying E > 10 MeV cut
After energy cut: 155 clusters
Running emcee: 64 walkers × 2000 steps...
Acceptance fraction: 5.4%
Mean direction: θ=-176.64°, φ=121.78°
Uncertainties: Δθ=55.73°, Δφ=42.02°
68% credible angle: 34.58°

Angular error: 15.18°

======================================================================
SCENARIO (EMCEE): PERFECT_CT_E_GT_20MEV
======================================================================

Loaded 3891 matched main-track clusters across U, V, X planes
Selected 280 ES main tracks
Loading ED model from: /eos/home-e/evilla/dune/sn-tps/neural_networks/electron_direction/three_plane_three_plane_v58_200k_lr_schedule_20251118_110931/checkpoints/model_epoch_12_val_loss_0.8898.keras
Running ED inference...
Applying E > 20 MeV cut
After energy cut: 34 clusters
Running emcee: 64 walkers × 2000 steps...
Acceptance fraction: 11.1%
Mean direction: θ=169.39°, φ=105.17°
Uncertainties: Δθ=73.59°, Δφ=38.55°
68% credible angle: 45.56°

Angular error: 32.26°

✓ Saved: /eos/project-e/ep-nu/evilla/sn-pointing/cat000223/pipeline/cat000223_scenario_best_case_emcee.npz

✓ Saved: /eos/project-e/ep-nu/evilla/sn-pointing/cat000223/pipeline/cat000223_scenario_perfect_ct_emcee.npz

✓ Saved: /eos/project-e/ep-nu/evilla/sn-pointing/cat000223/pipeline/cat000223_scenario_full_pipeline_emcee.npz

✓ Saved: /eos/project-e/ep-nu/evilla/sn-pointing/cat000223/pipeline/cat000223_scenario_weighted_ct_emcee.npz

✓ Saved: /eos/project-e/ep-nu/evilla/sn-pointing/cat000223/pipeline/cat000223_scenario_perfect_ct_e_gt_10mev_emcee.npz

✓ Saved: /eos/project-e/ep-nu/evilla/sn-pointing/cat000223/pipeline/cat000223_scenario_perfect_ct_e_gt_20mev_emcee.npz
✓ cat000223 completed successfully
