==================================================================
Processing cat000291 with EMCEE - ALL SCENARIOS
==================================================================
======================================================================
EMCEE RECONSTRUCTION FOR cat000291
======================================================================

Loading PDF from: /eos/home-e/evilla/dune/sn-tps/neural_networks/electron_direction/three_plane_three_plane_v58_200k_lr_schedule_20251118_110931/cosine_energy_pdf.npz
PDF loaded

======================================================================
SCENARIO (EMCEE): PERFECT_CT
======================================================================

Loaded 3815 matched clusters across U, V, X planes
Selected clusters: 234
Running emcee: 64 walkers × 2000 steps...
Acceptance fraction: 7.9%
Mean direction: θ=176.26°, φ=67.40°
Uncertainties: Δθ=25.13°, Δφ=15.76°
68% credible angle: 28.36°

Angular error: 8.42°

======================================================================
SCENARIO (EMCEE): ES_MAIN_CC_SHOWER
======================================================================

Loaded 3815 matched clusters across U, V, X planes
Selected clusters: 234
Running emcee: 64 walkers × 2000 steps...
Acceptance fraction: 5.9%
Mean direction: θ=177.43°, φ=58.57°
Uncertainties: Δθ=26.09°, Δφ=21.19°
68% credible angle: 28.51°

Angular error: 3.70°

======================================================================
SCENARIO (EMCEE): ES_MAIN_CC_ALL
======================================================================

Loaded 3815 matched clusters across U, V, X planes
Selected clusters: 234
Running emcee: 64 walkers × 2000 steps...
Acceptance fraction: 7.5%
Mean direction: θ=171.30°, φ=63.92°
Uncertainties: Δθ=27.65°, Δφ=15.41°
68% credible angle: 32.00°

Angular error: 4.80°

======================================================================
SCENARIO (EMCEE): ES_ALL_CC_SHOWER
======================================================================

Loaded 3815 matched clusters across U, V, X planes
Selected clusters: 234
Running emcee: 64 walkers × 2000 steps...
Acceptance fraction: 7.4%
Mean direction: θ=-175.47°, φ=61.31°
Uncertainties: Δθ=24.40°, Δφ=17.65°
68% credible angle: 28.79°

Angular error: 10.00°

======================================================================
SCENARIO (EMCEE): ES_ALL_CC_ALL
======================================================================

Loaded 3815 matched clusters across U, V, X planes
Selected clusters: 234
Running emcee: 64 walkers × 2000 steps...
Acceptance fraction: 7.1%
Mean direction: θ=174.88°, φ=61.33°
Uncertainties: Δθ=25.74°, Δφ=16.44°
68% credible angle: 30.95°

Angular error: 2.38°

======================================================================
SCENARIO (EMCEE): ALL_TRACKS_ALL_SHOWERS
======================================================================

Loaded 3815 matched clusters across U, V, X planes
Selected clusters: 3815
Running emcee: 64 walkers × 2000 steps...
Acceptance fraction: 3.1%
Mean direction: θ=-176.79°, φ=80.74°
Uncertainties: Δθ=47.76°, Δφ=24.13°
68% credible angle: 33.23°

Angular error: 23.26°

✓ Saved: /eos/project-e/ep-nu/evilla/sn-pointing/cat000291/pipeline/cat000291_scenario_perfect_ct_emcee.npz

✓ Saved: /eos/project-e/ep-nu/evilla/sn-pointing/cat000291/pipeline/cat000291_scenario_es_main_cc_shower_emcee.npz

✓ Saved: /eos/project-e/ep-nu/evilla/sn-pointing/cat000291/pipeline/cat000291_scenario_es_main_cc_all_emcee.npz

✓ Saved: /eos/project-e/ep-nu/evilla/sn-pointing/cat000291/pipeline/cat000291_scenario_es_all_cc_shower_emcee.npz

✓ Saved: /eos/project-e/ep-nu/evilla/sn-pointing/cat000291/pipeline/cat000291_scenario_es_all_cc_all_emcee.npz

✓ Saved: /eos/project-e/ep-nu/evilla/sn-pointing/cat000291/pipeline/cat000291_scenario_all_tracks_all_showers_emcee.npz
✓ cat000291 completed successfully
