000 (13791725.424.000) 11/20 10:34:58 Job submitted from host: <188.184.90.62:9618?addrs=188.184.90.62-9618+[2001-1458-201-e4--100-238]-9618&alias=bigbird16.cern.ch&noUDP&sock=schedd_5196_9a2f>
...
040 (13791725.424.000) 11/20 11:29:44 Started transferring input files
	Transferring to host: <188.184.195.60:9618?addrs=188.184.195.60-9618+[2001-1458-301-72--100-40b]-9618&alias=b9g47n8368.cern.ch&noUDP&sock=slot1_1_17911_ab71_9631>
...
040 (13791725.424.000) 11/20 11:29:44 Finished transferring input files
...
001 (13791725.424.000) 11/20 11:29:45 Job executing on host: <188.184.195.60:9618?addrs=188.184.195.60-9618+[2001-1458-301-72--100-40b]-9618&alias=b9g47n8368.cern.ch&noUDP&sock=startd_17076_4b4d>
	SlotName: slot1_1@b9g47n8368.cern.ch
	AvailableGPUs = { GPUs_GPU_0d3184cb }
	CondorScratchDir = "/pool/condor/dir_1250550"
	Cpus = 11
	Disk = 4195328
	GPUs = 1
	GPUs_GPU_0d3184cb = [ Id = "GPU-0d3184cb"; ClockMhz = 1590.0; Capability = 7.5; CoresPerCU = 64; DeviceName = "Tesla T4"; DeviceUuid = "0d3184cb-044b-6a85-e661-54a626111c00"; ECCEnabled = true; ComputeUnits = 40; DriverVersion = 13.0; DevicePciBusId = "0000:07:00.0"; GlobalMemoryMb = 14913; MaxSupportedVersion = 13000 ]
	Memory = 33000
...
006 (13791725.424.000) 11/20 11:29:58 Image size of job updated: 299560
	293  -  MemoryUsage of job (MB)
	299560  -  ResidentSetSize of job (KB)
...
006 (13791725.424.000) 11/20 11:34:39 Image size of job updated: 1565228
	293  -  MemoryUsage of job (MB)
	299560  -  ResidentSetSize of job (KB)
...
040 (13791725.424.000) 11/20 11:34:39 Started transferring output files
...
040 (13791725.424.000) 11/20 11:34:39 Finished transferring output files
...
005 (13791725.424.000) 11/20 11:34:39 Job terminated.
	(1) Normal termination (return value 0)
		Usr 0 00:08:24, Sys 0 00:00:25  -  Run Remote Usage
		Usr 0 00:00:00, Sys 0 00:00:00  -  Run Local Usage
		Usr 0 00:08:24, Sys 0 00:00:25  -  Total Remote Usage
		Usr 0 00:00:00, Sys 0 00:00:00  -  Total Local Usage
	17359  -  Run Bytes Sent By Job
	1411571  -  Run Bytes Received By Job
	17359  -  Total Bytes Sent By Job
	1411571  -  Total Bytes Received By Job
	Partitionable Resources :    Usage  Request Allocated Assigned
	   Cpus                 :     0.99       11        11 
	   Disk (KB)            :  1421     4194304   4195328 
	   GPUs                 :     0           1         1 "GPU-0d3184cb"
	   GpusMemory (MB)      :   573                       
	   Memory (MB)          :   293       33000     33000 
	   TimeExecute (s)      :   294                       
	   TimeSlotBusy (s)     :   295                       

	Job terminated of its own accord at 2025-11-20T10:34:39Z with exit-code 0.
...
