==================================================================
Processing cat000487 with EMCEE - ALL SCENARIOS
==================================================================
======================================================================
EMCEE RECONSTRUCTION FOR cat000487
======================================================================

Loading PDF from: /eos/home-e/evilla/dune/sn-tps/neural_networks/electron_direction/three_plane_three_plane_v58_200k_lr_schedule_20251118_110931/cosine_energy_pdf.npz
PDF loaded

======================================================================
SCENARIO (EMCEE): PERFECT_CT
======================================================================

Loaded 3586 matched clusters across U, V, X planes
Selected clusters: 285
Running emcee: 64 walkers × 2000 steps...
Acceptance fraction: 17.7%
Mean direction: θ=0.39°, φ=48.77°
Uncertainties: Δθ=30.36°, Δφ=9.66°
68% credible angle: 24.53°

Angular error: 19.34°

======================================================================
SCENARIO (EMCEE): ES_MAIN_CC_SHOWER
======================================================================

Loaded 3586 matched clusters across U, V, X planes
Selected clusters: 285
Running emcee: 64 walkers × 2000 steps...
Acceptance fraction: 16.3%
Mean direction: θ=5.17°, φ=48.86°
Uncertainties: Δθ=31.21°, Δφ=8.71°
68% credible angle: 21.01°

Angular error: 19.53°

======================================================================
SCENARIO (EMCEE): ES_MAIN_CC_ALL
======================================================================

Loaded 3586 matched clusters across U, V, X planes
Selected clusters: 285
Running emcee: 64 walkers × 2000 steps...
Acceptance fraction: 19.2%
Mean direction: θ=4.68°, φ=49.18°
Uncertainties: Δθ=31.00°, Δφ=8.91°
68% credible angle: 21.33°

Angular error: 19.83°

======================================================================
SCENARIO (EMCEE): ES_ALL_CC_SHOWER
======================================================================

Loaded 3586 matched clusters across U, V, X planes
Selected clusters: 285
Running emcee: 64 walkers × 2000 steps...
Acceptance fraction: 20.0%
Mean direction: θ=-2.50°, φ=50.11°
Uncertainties: Δθ=28.45°, Δφ=7.87°
68% credible angle: 26.70°

Angular error: 20.83°

======================================================================
SCENARIO (EMCEE): ES_ALL_CC_ALL
======================================================================

Loaded 3586 matched clusters across U, V, X planes
Selected clusters: 285
Running emcee: 64 walkers × 2000 steps...
Acceptance fraction: 16.9%
Mean direction: θ=10.59°, φ=47.87°
Uncertainties: Δθ=31.25°, Δφ=10.47°
68% credible angle: 24.51°

Angular error: 19.21°

======================================================================
SCENARIO (EMCEE): ALL_TRACKS_ALL_SHOWERS
======================================================================

Loaded 3586 matched clusters across U, V, X planes
Selected clusters: 3586
Running emcee: 64 walkers × 2000 steps...
Acceptance fraction: 3.1%
Mean direction: θ=-59.35°, φ=71.99°
Uncertainties: Δθ=85.28°, Δφ=36.89°
68% credible angle: 105.14°

Angular error: 60.28°

✓ Saved: /eos/project-e/ep-nu/evilla/sn-pointing/cat000487/pipeline/cat000487_scenario_perfect_ct_emcee.npz

✓ Saved: /eos/project-e/ep-nu/evilla/sn-pointing/cat000487/pipeline/cat000487_scenario_es_main_cc_shower_emcee.npz

✓ Saved: /eos/project-e/ep-nu/evilla/sn-pointing/cat000487/pipeline/cat000487_scenario_es_main_cc_all_emcee.npz

✓ Saved: /eos/project-e/ep-nu/evilla/sn-pointing/cat000487/pipeline/cat000487_scenario_es_all_cc_shower_emcee.npz

✓ Saved: /eos/project-e/ep-nu/evilla/sn-pointing/cat000487/pipeline/cat000487_scenario_es_all_cc_all_emcee.npz

✓ Saved: /eos/project-e/ep-nu/evilla/sn-pointing/cat000487/pipeline/cat000487_scenario_all_tracks_all_showers_emcee.npz
✓ cat000487 completed successfully
