000 (13791725.462.000) 11/20 10:34:58 Job submitted from host: <188.184.90.62:9618?addrs=188.184.90.62-9618+[2001-1458-201-e4--100-238]-9618&alias=bigbird16.cern.ch&noUDP&sock=schedd_5196_9a2f>
...
040 (13791725.462.000) 11/20 11:35:38 Started transferring input files
	Transferring to host: <188.185.190.23:9618?addrs=188.185.190.23-9618&alias=b9pgpun207.cern.ch&noUDP&sock=slot1_1_4083_97bf_4235>
...
040 (13791725.462.000) 11/20 11:35:38 Finished transferring input files
...
001 (13791725.462.000) 11/20 11:35:39 Job executing on host: <188.185.190.23:9618?addrs=188.185.190.23-9618&alias=b9pgpun207.cern.ch&noUDP&sock=startd_3478_327a>
	SlotName: slot1_1@b9pgpun207.cern.ch
	AvailableGPUs = { GPUs_MIG_4d9b3513_d6da_57e7_a0c7_9a60d8efc097 }
	CondorScratchDir = "/pool/condor/dir_2226380"
	Cpus = 11
	Disk = 4195285
	GPUs = 1
	GPUs_MIG_4d9b3513_d6da_57e7_a0c7_9a60d8efc097 = [ Id = "MIG-4d9b3513-d6da-57e7-a0c7-9a60d8efc097"; DeviceName = "NVIDIA H100L-2-24C MIG 2g.24gb"; DeviceUuid = "MIG-4d9b3513-d6da-57e7-a0c7-9a60d8efc097"; ComputeUnits = 32; GlobalMemoryMb = 21547 ]
	Memory = 33000
...
006 (13791725.462.000) 11/20 11:35:52 Image size of job updated: 316184
	309  -  MemoryUsage of job (MB)
	316184  -  ResidentSetSize of job (KB)
...
006 (13791725.462.000) 11/20 11:38:07 Image size of job updated: 1446220
	309  -  MemoryUsage of job (MB)
	316184  -  ResidentSetSize of job (KB)
...
040 (13791725.462.000) 11/20 11:38:07 Started transferring output files
...
040 (13791725.462.000) 11/20 11:38:07 Finished transferring output files
...
005 (13791725.462.000) 11/20 11:38:07 Job terminated.
	(1) Normal termination (return value 0)
		Usr 0 00:03:37, Sys 0 00:00:09  -  Run Remote Usage
		Usr 0 00:00:00, Sys 0 00:00:00  -  Run Local Usage
		Usr 0 00:03:37, Sys 0 00:00:09  -  Total Remote Usage
		Usr 0 00:00:00, Sys 0 00:00:00  -  Total Local Usage
	17420  -  Run Bytes Sent By Job
	1411571  -  Run Bytes Received By Job
	17420  -  Total Bytes Sent By Job
	1411571  -  Total Bytes Received By Job
	Partitionable Resources :    Usage  Request Allocated Assigned
	   Cpus                 :        0       11        11 
	   Disk (KB)            :     1418  4194304   4195285 
	   GPUs                 :                 1         1 "MIG-4d9b3513-d6da-57e7-a0c7-9a60d8efc097"
	   Memory (MB)          :      309    33000     33000 
	   TimeExecute (s)      :      148                    
	   TimeSlotBusy (s)     :      149                    

	Job terminated of its own accord at 2025-11-20T10:38:07Z with exit-code 0.
...
