Processing cat000465 with 6 scenarios...
Cat directory: /eos/project-e/ep-nu/evilla/sn-pointing/cat000465
======================================================================
EMCEE RECONSTRUCTION FOR cat000465
======================================================================

Loading PDF from: /eos/home-e/evilla/dune/sn-tps/neural_networks/electron_direction/three_plane_three_plane_v58_200k_lr_schedule_20251118_110931/cosine_energy_pdf.npz
PDF loaded

======================================================================
SCENARIO (EMCEE): BEST_CASE
======================================================================

Loaded 3490 matched main-track clusters across U, V, X planes
Selected 283 ES main tracks
After E > 3 MeV cut: 282 clusters
Running emcee: 64 walkers × 2000 steps...
Acceptance fraction: 14.2%
Mean direction: θ=-150.43°, φ=82.39°
Uncertainties: Δθ=28.70°, Δφ=14.11°
68% credible angle: 32.46°

Angular error: 15.58°

======================================================================
SCENARIO (EMCEE): PERFECT_CT
======================================================================

Loaded 3490 matched main-track clusters across U, V, X planes
Selected 283 ES main tracks
Loading ED model from: /eos/home-e/evilla/dune/sn-tps/neural_networks/electron_direction/three_plane_three_plane_v58_200k_lr_schedule_20251118_110931/checkpoints/model_epoch_12_val_loss_0.8898.keras
Running ED inference...
After energy cut: 282 clusters
Running emcee: 64 walkers × 2000 steps...
Acceptance fraction: 5.4%
Mean direction: θ=-160.51°, φ=87.17°
Uncertainties: Δθ=27.36°, Δφ=16.54°
68% credible angle: 37.59°

Angular error: 26.01°

======================================================================
SCENARIO (EMCEE): FULL_PIPELINE
======================================================================

Loaded 3490 matched main-track clusters across U, V, X planes
Using all 3490 main-track clusters
Loading CT model from: /eos/user/e/evilla/dune/sn-tps/neural_networks/channel_tagging/ct_volume_v52_batch_reload_20251116_101125/best_model.keras
Running CT inference...
CT selected 3173 ES candidates from 3490 clusters
  ES prob range: [0.000, 1.000]
Loading ED model from: /eos/home-e/evilla/dune/sn-tps/neural_networks/electron_direction/three_plane_three_plane_v58_200k_lr_schedule_20251118_110931/checkpoints/model_epoch_12_val_loss_0.8898.keras
Running ED inference on 3173 clusters...
After E > 3 MeV cut: 3159 clusters
Running emcee: 64 walkers × 2000 steps...
Acceptance fraction: 5.5%
Mean direction: θ=-162.27°, φ=98.82°
Uncertainties: Δθ=54.35°, Δφ=22.34°
68% credible angle: 50.27°

Angular error: 31.68°

======================================================================
SCENARIO (EMCEE): WEIGHTED_CT
======================================================================

Loaded 3490 matched main-track clusters across U, V, X planes
Using all 3490 main-track clusters
Loading CT model from: /eos/user/e/evilla/dune/sn-tps/neural_networks/channel_tagging/ct_volume_v52_batch_reload_20251116_101125/best_model.keras
Running CT inference...
CT selected 3173 ES candidates from 3490 clusters
  ES prob range: [0.000, 1.000]
Loading ED model from: /eos/home-e/evilla/dune/sn-tps/neural_networks/electron_direction/three_plane_three_plane_v58_200k_lr_schedule_20251118_110931/checkpoints/model_epoch_12_val_loss_0.8898.keras
Running ED inference on 3173 clusters...
Using CT weights (ES probabilities)
After E > 3 MeV cut: 3159 clusters
Running weighted MCMC with 3159 weights
Running emcee: 64 walkers × 2000 steps...
Acceptance fraction: 4.6%
Mean direction: θ=-155.23°, φ=97.42°
Uncertainties: Δθ=56.67°, Δφ=24.93°
68% credible angle: 64.79°

Angular error: 25.01°

======================================================================
SCENARIO (EMCEE): PERFECT_CT_E_GT_10MEV
======================================================================

Loaded 3490 matched main-track clusters across U, V, X planes
Selected 283 ES main tracks
Loading ED model from: /eos/home-e/evilla/dune/sn-tps/neural_networks/electron_direction/three_plane_three_plane_v58_200k_lr_schedule_20251118_110931/checkpoints/model_epoch_12_val_loss_0.8898.keras
Running ED inference...
Applying E > 10 MeV cut
After energy cut: 167 clusters
Running emcee: 64 walkers × 2000 steps...
Acceptance fraction: 12.5%
Mean direction: θ=-146.44°, φ=86.66°
Uncertainties: Δθ=30.94°, Δφ=14.92°
68% credible angle: 40.35°

Angular error: 12.21°

======================================================================
SCENARIO (EMCEE): PERFECT_CT_E_GT_20MEV
======================================================================

Loaded 3490 matched main-track clusters across U, V, X planes
Selected 283 ES main tracks
Loading ED model from: /eos/home-e/evilla/dune/sn-tps/neural_networks/electron_direction/three_plane_three_plane_v58_200k_lr_schedule_20251118_110931/checkpoints/model_epoch_12_val_loss_0.8898.keras
Running ED inference...
Applying E > 20 MeV cut
After energy cut: 40 clusters
Running emcee: 64 walkers × 2000 steps...
Acceptance fraction: 15.0%
Mean direction: θ=-166.21°, φ=85.65°
Uncertainties: Δθ=21.36°, Δφ=8.96°
68% credible angle: 28.09°

Angular error: 31.43°

✓ Saved: /eos/project-e/ep-nu/evilla/sn-pointing/cat000465/pipeline/cat000465_scenario_best_case_emcee.npz

✓ Saved: /eos/project-e/ep-nu/evilla/sn-pointing/cat000465/pipeline/cat000465_scenario_perfect_ct_emcee.npz

✓ Saved: /eos/project-e/ep-nu/evilla/sn-pointing/cat000465/pipeline/cat000465_scenario_full_pipeline_emcee.npz

✓ Saved: /eos/project-e/ep-nu/evilla/sn-pointing/cat000465/pipeline/cat000465_scenario_weighted_ct_emcee.npz

✓ Saved: /eos/project-e/ep-nu/evilla/sn-pointing/cat000465/pipeline/cat000465_scenario_perfect_ct_e_gt_10mev_emcee.npz

✓ Saved: /eos/project-e/ep-nu/evilla/sn-pointing/cat000465/pipeline/cat000465_scenario_perfect_ct_e_gt_20mev_emcee.npz
✓ cat000465 completed successfully
