==================================================================
Processing cat000476 with EMCEE - ALL SCENARIOS
==================================================================
======================================================================
EMCEE RECONSTRUCTION FOR cat000476
======================================================================

Loading PDF from: /eos/home-e/evilla/dune/sn-tps/neural_networks/electron_direction/three_plane_three_plane_v58_200k_lr_schedule_20251118_110931/cosine_energy_pdf.npz
PDF loaded

======================================================================
SCENARIO (EMCEE): PERFECT_CT
======================================================================

Loaded 3439 matched clusters across U, V, X planes
Selected clusters: 272
Running emcee: 64 walkers × 2000 steps...
Acceptance fraction: 8.3%
Mean direction: θ=-175.68°, φ=49.10°
Uncertainties: Δθ=30.45°, Δφ=15.66°
68% credible angle: 27.49°

Angular error: 8.26°

======================================================================
SCENARIO (EMCEE): ES_MAIN_CC_SHOWER
======================================================================

Loaded 3439 matched clusters across U, V, X planes
Selected clusters: 272
Running emcee: 64 walkers × 2000 steps...
Acceptance fraction: 9.0%
Mean direction: θ=-175.11°, φ=46.78°
Uncertainties: Δθ=34.68°, Δφ=13.99°
68% credible angle: 30.01°

Angular error: 6.56°

======================================================================
SCENARIO (EMCEE): ES_MAIN_CC_ALL
======================================================================

Loaded 3439 matched clusters across U, V, X planes
Selected clusters: 272
Running emcee: 64 walkers × 2000 steps...
Acceptance fraction: 8.9%
Mean direction: θ=-176.40°, φ=49.92°
Uncertainties: Δθ=31.84°, Δφ=14.52°
68% credible angle: 27.27°

Angular error: 9.22°

======================================================================
SCENARIO (EMCEE): ES_ALL_CC_SHOWER
======================================================================

Loaded 3439 matched clusters across U, V, X planes
Selected clusters: 272
Running emcee: 64 walkers × 2000 steps...
Acceptance fraction: 7.6%
Mean direction: θ=-172.12°, φ=46.03°
Uncertainties: Δθ=36.21°, Δφ=14.32°
68% credible angle: 28.97°

Angular error: 4.31°

======================================================================
SCENARIO (EMCEE): ES_ALL_CC_ALL
======================================================================

Loaded 3439 matched clusters across U, V, X planes
Selected clusters: 272
Running emcee: 64 walkers × 2000 steps...
Acceptance fraction: 10.9%
Mean direction: θ=-172.61°, φ=52.72°
Uncertainties: Δθ=30.94°, Δφ=12.40°
68% credible angle: 30.00°

Angular error: 9.80°

======================================================================
SCENARIO (EMCEE): ALL_TRACKS_ALL_SHOWERS
======================================================================

Loaded 3439 matched clusters across U, V, X planes
Selected clusters: 3439
Running emcee: 64 walkers × 2000 steps...
Acceptance fraction: 3.4%
Mean direction: θ=-157.29°, φ=81.59°
Uncertainties: Δθ=55.06°, Δφ=34.92°
68% credible angle: 63.16°

Angular error: 38.54°

✓ Saved: /eos/project-e/ep-nu/evilla/sn-pointing/cat000476/pipeline/cat000476_scenario_perfect_ct_emcee.npz

✓ Saved: /eos/project-e/ep-nu/evilla/sn-pointing/cat000476/pipeline/cat000476_scenario_es_main_cc_shower_emcee.npz

✓ Saved: /eos/project-e/ep-nu/evilla/sn-pointing/cat000476/pipeline/cat000476_scenario_es_main_cc_all_emcee.npz

✓ Saved: /eos/project-e/ep-nu/evilla/sn-pointing/cat000476/pipeline/cat000476_scenario_es_all_cc_shower_emcee.npz

✓ Saved: /eos/project-e/ep-nu/evilla/sn-pointing/cat000476/pipeline/cat000476_scenario_es_all_cc_all_emcee.npz

✓ Saved: /eos/project-e/ep-nu/evilla/sn-pointing/cat000476/pipeline/cat000476_scenario_all_tracks_all_showers_emcee.npz
✓ cat000476 completed successfully
