Processing cat000050 with 6 scenarios...
Cat directory: /eos/project-e/ep-nu/evilla/sn-pointing/cat000050
======================================================================
EMCEE RECONSTRUCTION FOR cat000050
======================================================================

Loading PDF from: /eos/home-e/evilla/dune/sn-tps/neural_networks/electron_direction/three_plane_three_plane_v58_200k_lr_schedule_20251118_110931/cosine_energy_pdf.npz
PDF loaded

======================================================================
SCENARIO (EMCEE): BEST_CASE
======================================================================

Loaded 3250 matched main-track clusters across U, V, X planes
Selected 270 ES main tracks
After E > 3 MeV cut: 270 clusters
Running emcee: 64 walkers × 2000 steps...
Acceptance fraction: 10.6%
Mean direction: θ=-66.42°, φ=56.53°
Uncertainties: Δθ=39.26°, Δφ=25.74°
68% credible angle: 31.19°

Angular error: 9.84°

======================================================================
SCENARIO (EMCEE): PERFECT_CT
======================================================================

Loaded 3250 matched main-track clusters across U, V, X planes
Selected 270 ES main tracks
Loading ED model from: /eos/home-e/evilla/dune/sn-tps/neural_networks/electron_direction/three_plane_three_plane_v58_200k_lr_schedule_20251118_110931/checkpoints/model_epoch_12_val_loss_0.8898.keras
Running ED inference...
After energy cut: 270 clusters
Running emcee: 64 walkers × 2000 steps...
Acceptance fraction: 14.3%
Mean direction: θ=-70.11°, φ=44.98°
Uncertainties: Δθ=24.56°, Δφ=10.40°
68% credible angle: 16.84°

Angular error: 3.64°

======================================================================
SCENARIO (EMCEE): FULL_PIPELINE
======================================================================

Loaded 3250 matched main-track clusters across U, V, X planes
Using all 3250 main-track clusters
Loading CT model from: /eos/user/e/evilla/dune/sn-tps/neural_networks/channel_tagging/ct_volume_v52_batch_reload_20251116_101125/best_model.keras
Running CT inference...
CT selected 2940 ES candidates from 3250 clusters
  ES prob range: [0.000, 1.000]
Loading ED model from: /eos/home-e/evilla/dune/sn-tps/neural_networks/electron_direction/three_plane_three_plane_v58_200k_lr_schedule_20251118_110931/checkpoints/model_epoch_12_val_loss_0.8898.keras
Running ED inference on 2940 clusters...
After E > 3 MeV cut: 2922 clusters
Running emcee: 64 walkers × 2000 steps...
Acceptance fraction: 6.0%
Mean direction: θ=-90.83°, φ=70.88°
Uncertainties: Δθ=85.24°, Δφ=41.22°
68% credible angle: 109.12°

Angular error: 27.49°

======================================================================
SCENARIO (EMCEE): WEIGHTED_CT
======================================================================

Loaded 3250 matched main-track clusters across U, V, X planes
Using all 3250 main-track clusters
Loading CT model from: /eos/user/e/evilla/dune/sn-tps/neural_networks/channel_tagging/ct_volume_v52_batch_reload_20251116_101125/best_model.keras
Running CT inference...
CT selected 2940 ES candidates from 3250 clusters
  ES prob range: [0.000, 1.000]
Loading ED model from: /eos/home-e/evilla/dune/sn-tps/neural_networks/electron_direction/three_plane_three_plane_v58_200k_lr_schedule_20251118_110931/checkpoints/model_epoch_12_val_loss_0.8898.keras
Running ED inference on 2940 clusters...
Using CT weights (ES probabilities)
After E > 3 MeV cut: 2922 clusters
Running weighted MCMC with 2922 weights
Running emcee: 64 walkers × 2000 steps...
Acceptance fraction: 5.7%
Mean direction: θ=-94.45°, φ=67.62°
Uncertainties: Δθ=72.44°, Δφ=41.69°
68% credible angle: 63.03°

Angular error: 26.66°

======================================================================
SCENARIO (EMCEE): PERFECT_CT_E_GT_10MEV
======================================================================

Loaded 3250 matched main-track clusters across U, V, X planes
Selected 270 ES main tracks
Loading ED model from: /eos/home-e/evilla/dune/sn-tps/neural_networks/electron_direction/three_plane_three_plane_v58_200k_lr_schedule_20251118_110931/checkpoints/model_epoch_12_val_loss_0.8898.keras
Running ED inference...
Applying E > 10 MeV cut
After energy cut: 144 clusters
Running emcee: 64 walkers × 2000 steps...
Acceptance fraction: 13.2%
Mean direction: θ=-57.64°, φ=45.67°
Uncertainties: Δθ=24.29°, Δφ=15.28°
68% credible angle: 22.45°

Angular error: 11.28°

======================================================================
SCENARIO (EMCEE): PERFECT_CT_E_GT_20MEV
======================================================================

Loaded 3250 matched main-track clusters across U, V, X planes
Selected 270 ES main tracks
Loading ED model from: /eos/home-e/evilla/dune/sn-tps/neural_networks/electron_direction/three_plane_three_plane_v58_200k_lr_schedule_20251118_110931/checkpoints/model_epoch_12_val_loss_0.8898.keras
Running ED inference...
Applying E > 20 MeV cut
After energy cut: 37 clusters
Running emcee: 64 walkers × 2000 steps...
Acceptance fraction: 42.1%
Mean direction: θ=-49.02°, φ=34.74°
Uncertainties: Δθ=26.31°, Δφ=19.77°
68% credible angle: 9.16°

Angular error: 20.42°

✓ Saved: /eos/project-e/ep-nu/evilla/sn-pointing/cat000050/pipeline/cat000050_scenario_best_case_emcee.npz

✓ Saved: /eos/project-e/ep-nu/evilla/sn-pointing/cat000050/pipeline/cat000050_scenario_perfect_ct_emcee.npz

✓ Saved: /eos/project-e/ep-nu/evilla/sn-pointing/cat000050/pipeline/cat000050_scenario_full_pipeline_emcee.npz

✓ Saved: /eos/project-e/ep-nu/evilla/sn-pointing/cat000050/pipeline/cat000050_scenario_weighted_ct_emcee.npz

✓ Saved: /eos/project-e/ep-nu/evilla/sn-pointing/cat000050/pipeline/cat000050_scenario_perfect_ct_e_gt_10mev_emcee.npz

✓ Saved: /eos/project-e/ep-nu/evilla/sn-pointing/cat000050/pipeline/cat000050_scenario_perfect_ct_e_gt_20mev_emcee.npz
✓ cat000050 completed successfully
