==================================================================
Processing cat000501 with EMCEE - ALL SCENARIOS
==================================================================
======================================================================
EMCEE RECONSTRUCTION FOR cat000501
======================================================================

Loading PDF from: /eos/home-e/evilla/dune/sn-tps/neural_networks/electron_direction/three_plane_three_plane_v58_200k_lr_schedule_20251118_110931/cosine_energy_pdf.npz
PDF loaded

======================================================================
SCENARIO (EMCEE): PERFECT_CT
======================================================================

Loaded 3694 matched clusters across U, V, X planes
Selected clusters: 295
Running emcee: 64 walkers × 2000 steps...
Acceptance fraction: 12.7%
Mean direction: θ=19.87°, φ=46.81°
Uncertainties: Δθ=34.85°, Δφ=15.52°
68% credible angle: 32.75°

Angular error: 22.17°

======================================================================
SCENARIO (EMCEE): ES_MAIN_CC_SHOWER
======================================================================

Loaded 3694 matched clusters across U, V, X planes
Selected clusters: 295
Running emcee: 64 walkers × 2000 steps...
Acceptance fraction: 13.3%
Mean direction: θ=31.30°, φ=47.69°
Uncertainties: Δθ=32.78°, Δφ=15.51°
68% credible angle: 28.09°

Angular error: 15.55°

======================================================================
SCENARIO (EMCEE): ES_MAIN_CC_ALL
======================================================================

Loaded 3694 matched clusters across U, V, X planes
Selected clusters: 295
Running emcee: 64 walkers × 2000 steps...
Acceptance fraction: 11.5%
Mean direction: θ=17.48°, φ=45.73°
Uncertainties: Δθ=32.87°, Δφ=16.89°
68% credible angle: 30.93°

Angular error: 23.20°

======================================================================
SCENARIO (EMCEE): ES_ALL_CC_SHOWER
======================================================================

Loaded 3694 matched clusters across U, V, X planes
Selected clusters: 295
Running emcee: 64 walkers × 2000 steps...
Acceptance fraction: 11.3%
Mean direction: θ=22.95°, φ=48.38°
Uncertainties: Δθ=31.38°, Δφ=15.00°
68% credible angle: 32.93°

Angular error: 21.04°

======================================================================
SCENARIO (EMCEE): ES_ALL_CC_ALL
======================================================================

Loaded 3694 matched clusters across U, V, X planes
Selected clusters: 295
Running emcee: 64 walkers × 2000 steps...
Acceptance fraction: 11.9%
Mean direction: θ=25.31°, φ=45.42°
Uncertainties: Δθ=33.68°, Δφ=17.50°
68% credible angle: 32.47°

Angular error: 18.06°

======================================================================
SCENARIO (EMCEE): ALL_TRACKS_ALL_SHOWERS
======================================================================

Loaded 3694 matched clusters across U, V, X planes
Selected clusters: 3694
Running emcee: 64 walkers × 2000 steps...
Acceptance fraction: 3.3%
Mean direction: θ=-42.16°, φ=58.79°
Uncertainties: Δθ=77.11°, Δφ=37.11°
68% credible angle: 70.68°

Angular error: 68.33°

✓ Saved: /eos/project-e/ep-nu/evilla/sn-pointing/cat000501/pipeline/cat000501_scenario_perfect_ct_emcee.npz

✓ Saved: /eos/project-e/ep-nu/evilla/sn-pointing/cat000501/pipeline/cat000501_scenario_es_main_cc_shower_emcee.npz

✓ Saved: /eos/project-e/ep-nu/evilla/sn-pointing/cat000501/pipeline/cat000501_scenario_es_main_cc_all_emcee.npz

✓ Saved: /eos/project-e/ep-nu/evilla/sn-pointing/cat000501/pipeline/cat000501_scenario_es_all_cc_shower_emcee.npz

✓ Saved: /eos/project-e/ep-nu/evilla/sn-pointing/cat000501/pipeline/cat000501_scenario_es_all_cc_all_emcee.npz

✓ Saved: /eos/project-e/ep-nu/evilla/sn-pointing/cat000501/pipeline/cat000501_scenario_all_tracks_all_showers_emcee.npz
✓ cat000501 completed successfully
