Processing cat000065 with 6 scenarios...
Cat directory: /eos/project-e/ep-nu/evilla/sn-pointing/cat000065
======================================================================
EMCEE RECONSTRUCTION FOR cat000065
======================================================================

Loading PDF from: /eos/home-e/evilla/dune/sn-tps/neural_networks/electron_direction/three_plane_three_plane_v58_200k_lr_schedule_20251118_110931/cosine_energy_pdf.npz
PDF loaded

======================================================================
SCENARIO (EMCEE): BEST_CASE
======================================================================

Loaded 3674 matched main-track clusters across U, V, X planes
Selected 285 ES main tracks
After E > 3 MeV cut: 285 clusters
Running emcee: 64 walkers × 2000 steps...
Acceptance fraction: 12.1%
Mean direction: θ=27.15°, φ=36.06°
Uncertainties: Δθ=29.96°, Δφ=18.09°
68% credible angle: 28.68°

Angular error: 6.51°

======================================================================
SCENARIO (EMCEE): PERFECT_CT
======================================================================

Loaded 3674 matched main-track clusters across U, V, X planes
Selected 285 ES main tracks
Loading ED model from: /eos/home-e/evilla/dune/sn-tps/neural_networks/electron_direction/three_plane_three_plane_v58_200k_lr_schedule_20251118_110931/checkpoints/model_epoch_12_val_loss_0.8898.keras
Running ED inference...
After energy cut: 285 clusters
Running emcee: 64 walkers × 2000 steps...
Acceptance fraction: 16.8%
Mean direction: θ=27.34°, φ=40.11°
Uncertainties: Δθ=34.62°, Δφ=18.14°
68% credible angle: 29.35°

Angular error: 10.37°

======================================================================
SCENARIO (EMCEE): FULL_PIPELINE
======================================================================

Loaded 3674 matched main-track clusters across U, V, X planes
Using all 3674 main-track clusters
Loading CT model from: /eos/user/e/evilla/dune/sn-tps/neural_networks/channel_tagging/ct_volume_v52_batch_reload_20251116_101125/best_model.keras
Running CT inference...
CT selected 3331 ES candidates from 3674 clusters
  ES prob range: [0.000, 1.000]
Loading ED model from: /eos/home-e/evilla/dune/sn-tps/neural_networks/electron_direction/three_plane_three_plane_v58_200k_lr_schedule_20251118_110931/checkpoints/model_epoch_12_val_loss_0.8898.keras
Running ED inference on 3331 clusters...
After E > 3 MeV cut: 3303 clusters
Running emcee: 64 walkers × 2000 steps...
Acceptance fraction: 2.5%
Mean direction: θ=-170.41°, φ=81.12°
Uncertainties: Δθ=106.11°, Δφ=37.81°
68% credible angle: 94.28°

Angular error: 110.63°

======================================================================
SCENARIO (EMCEE): WEIGHTED_CT
======================================================================

Loaded 3674 matched main-track clusters across U, V, X planes
Using all 3674 main-track clusters
Loading CT model from: /eos/user/e/evilla/dune/sn-tps/neural_networks/channel_tagging/ct_volume_v52_batch_reload_20251116_101125/best_model.keras
Running CT inference...
CT selected 3331 ES candidates from 3674 clusters
  ES prob range: [0.000, 1.000]
Loading ED model from: /eos/home-e/evilla/dune/sn-tps/neural_networks/electron_direction/three_plane_three_plane_v58_200k_lr_schedule_20251118_110931/checkpoints/model_epoch_12_val_loss_0.8898.keras
Running ED inference on 3331 clusters...
Using CT weights (ES probabilities)
After E > 3 MeV cut: 3303 clusters
Running weighted MCMC with 3303 weights
Running emcee: 64 walkers × 2000 steps...
Acceptance fraction: 2.9%
Mean direction: θ=-161.95°, φ=87.39°
Uncertainties: Δθ=94.74°, Δφ=33.82°
68% credible angle: 90.53°

Angular error: 117.53°

======================================================================
SCENARIO (EMCEE): PERFECT_CT_E_GT_10MEV
======================================================================

Loaded 3674 matched main-track clusters across U, V, X planes
Selected 285 ES main tracks
Loading ED model from: /eos/home-e/evilla/dune/sn-tps/neural_networks/electron_direction/three_plane_three_plane_v58_200k_lr_schedule_20251118_110931/checkpoints/model_epoch_12_val_loss_0.8898.keras
Running ED inference...
Applying E > 10 MeV cut
After energy cut: 144 clusters
Running emcee: 64 walkers × 2000 steps...
Acceptance fraction: 16.0%
Mean direction: θ=17.20°, φ=50.87°
Uncertainties: Δθ=25.03°, Δφ=14.35°
68% credible angle: 30.30°

Angular error: 20.88°

======================================================================
SCENARIO (EMCEE): PERFECT_CT_E_GT_20MEV
======================================================================

Loaded 3674 matched main-track clusters across U, V, X planes
Selected 285 ES main tracks
Loading ED model from: /eos/home-e/evilla/dune/sn-tps/neural_networks/electron_direction/three_plane_three_plane_v58_200k_lr_schedule_20251118_110931/checkpoints/model_epoch_12_val_loss_0.8898.keras
Running ED inference...
Applying E > 20 MeV cut
After energy cut: 32 clusters
Running emcee: 64 walkers × 2000 steps...
Acceptance fraction: 14.0%
Mean direction: θ=9.12°, φ=47.59°
Uncertainties: Δθ=58.02°, Δφ=47.85°
68% credible angle: 31.71°

Angular error: 19.07°

✓ Saved: /eos/project-e/ep-nu/evilla/sn-pointing/cat000065/pipeline/cat000065_scenario_best_case_emcee.npz

✓ Saved: /eos/project-e/ep-nu/evilla/sn-pointing/cat000065/pipeline/cat000065_scenario_perfect_ct_emcee.npz

✓ Saved: /eos/project-e/ep-nu/evilla/sn-pointing/cat000065/pipeline/cat000065_scenario_full_pipeline_emcee.npz

✓ Saved: /eos/project-e/ep-nu/evilla/sn-pointing/cat000065/pipeline/cat000065_scenario_weighted_ct_emcee.npz

✓ Saved: /eos/project-e/ep-nu/evilla/sn-pointing/cat000065/pipeline/cat000065_scenario_perfect_ct_e_gt_10mev_emcee.npz

✓ Saved: /eos/project-e/ep-nu/evilla/sn-pointing/cat000065/pipeline/cat000065_scenario_perfect_ct_e_gt_20mev_emcee.npz
✓ cat000065 completed successfully
