==================================================================
Processing cat000234 with EMCEE - ALL SCENARIOS
==================================================================
======================================================================
EMCEE RECONSTRUCTION FOR cat000234
======================================================================

Loading PDF from: /eos/home-e/evilla/dune/sn-tps/neural_networks/electron_direction/three_plane_three_plane_v58_200k_lr_schedule_20251118_110931/cosine_energy_pdf.npz
PDF loaded

======================================================================
SCENARIO (EMCEE): PERFECT_CT
======================================================================

Loaded 3865 matched clusters across U, V, X planes
Selected clusters: 299
Running emcee: 64 walkers × 2000 steps...
Acceptance fraction: 13.8%
Mean direction: θ=85.06°, φ=98.34°
Uncertainties: Δθ=40.04°, Δφ=18.86°
68% credible angle: 27.76°

Angular error: 13.09°

======================================================================
SCENARIO (EMCEE): ES_MAIN_CC_SHOWER
======================================================================

Loaded 3865 matched clusters across U, V, X planes
Selected clusters: 299
Running emcee: 64 walkers × 2000 steps...
Acceptance fraction: 17.6%
Mean direction: θ=78.56°, φ=95.64°
Uncertainties: Δθ=28.53°, Δφ=16.10°
68% credible angle: 28.81°

Angular error: 8.20°

======================================================================
SCENARIO (EMCEE): ES_MAIN_CC_ALL
======================================================================

Loaded 3865 matched clusters across U, V, X planes
Selected clusters: 299
Running emcee: 64 walkers × 2000 steps...
Acceptance fraction: 12.4%
Mean direction: θ=82.57°, φ=98.44°
Uncertainties: Δθ=39.85°, Δφ=18.92°
68% credible angle: 29.53°

Angular error: 10.66°

======================================================================
SCENARIO (EMCEE): ES_ALL_CC_SHOWER
======================================================================

Loaded 3865 matched clusters across U, V, X planes
Selected clusters: 299
Running emcee: 64 walkers × 2000 steps...
Acceptance fraction: 13.5%
Mean direction: θ=83.77°, φ=95.12°
Uncertainties: Δθ=40.22°, Δφ=19.14°
68% credible angle: 30.37°

Angular error: 12.90°

======================================================================
SCENARIO (EMCEE): ES_ALL_CC_ALL
======================================================================

Loaded 3865 matched clusters across U, V, X planes
Selected clusters: 299
Running emcee: 64 walkers × 2000 steps...
Acceptance fraction: 10.3%
Mean direction: θ=75.52°, φ=98.54°
Uncertainties: Δθ=45.23°, Δφ=18.18°
68% credible angle: 25.90°

Angular error: 4.06°

======================================================================
SCENARIO (EMCEE): ALL_TRACKS_ALL_SHOWERS
======================================================================

Loaded 3865 matched clusters across U, V, X planes
Selected clusters: 3865
Running emcee: 64 walkers × 2000 steps...
Acceptance fraction: 3.6%
Mean direction: θ=174.43°, φ=103.40°
Uncertainties: Δθ=93.55°, Δφ=34.32°
68% credible angle: 66.40°

Angular error: 99.39°

✓ Saved: /eos/project-e/ep-nu/evilla/sn-pointing/cat000234/pipeline/cat000234_scenario_perfect_ct_emcee.npz

✓ Saved: /eos/project-e/ep-nu/evilla/sn-pointing/cat000234/pipeline/cat000234_scenario_es_main_cc_shower_emcee.npz

✓ Saved: /eos/project-e/ep-nu/evilla/sn-pointing/cat000234/pipeline/cat000234_scenario_es_main_cc_all_emcee.npz

✓ Saved: /eos/project-e/ep-nu/evilla/sn-pointing/cat000234/pipeline/cat000234_scenario_es_all_cc_shower_emcee.npz

✓ Saved: /eos/project-e/ep-nu/evilla/sn-pointing/cat000234/pipeline/cat000234_scenario_es_all_cc_all_emcee.npz

✓ Saved: /eos/project-e/ep-nu/evilla/sn-pointing/cat000234/pipeline/cat000234_scenario_all_tracks_all_showers_emcee.npz
✓ cat000234 completed successfully
