==================================================================
Processing cat000243 with EMCEE - ALL SCENARIOS
==================================================================
======================================================================
EMCEE RECONSTRUCTION FOR cat000243
======================================================================

Loading PDF from: /eos/home-e/evilla/dune/sn-tps/neural_networks/electron_direction/three_plane_three_plane_v58_200k_lr_schedule_20251118_110931/cosine_energy_pdf.npz
PDF loaded

======================================================================
SCENARIO (EMCEE): PERFECT_CT
======================================================================

Loaded 3737 matched clusters across U, V, X planes
Selected clusters: 254
Running emcee: 64 walkers × 2000 steps...
Acceptance fraction: 8.8%
Mean direction: θ=139.13°, φ=31.50°
Uncertainties: Δθ=70.75°, Δφ=11.47°
68% credible angle: 37.57°

Angular error: 13.98°

======================================================================
SCENARIO (EMCEE): ES_MAIN_CC_SHOWER
======================================================================

Loaded 3737 matched clusters across U, V, X planes
Selected clusters: 254
Running emcee: 64 walkers × 2000 steps...
Acceptance fraction: 8.5%
Mean direction: θ=150.73°, φ=30.48°
Uncertainties: Δθ=69.29°, Δφ=9.76°
68% credible angle: 37.31°

Angular error: 18.34°

======================================================================
SCENARIO (EMCEE): ES_MAIN_CC_ALL
======================================================================

Loaded 3737 matched clusters across U, V, X planes
Selected clusters: 254
Running emcee: 64 walkers × 2000 steps...
Acceptance fraction: 10.7%
Mean direction: θ=134.46°, φ=30.32°
Uncertainties: Δθ=65.90°, Δφ=8.79°
68% credible angle: 39.32°

Angular error: 11.35°

======================================================================
SCENARIO (EMCEE): ES_ALL_CC_SHOWER
======================================================================

Loaded 3737 matched clusters across U, V, X planes
Selected clusters: 254
Running emcee: 64 walkers × 2000 steps...
Acceptance fraction: 8.6%
Mean direction: θ=144.39°, φ=29.86°
Uncertainties: Δθ=67.46°, Δφ=9.74°
68% credible angle: 39.19°

Angular error: 15.30°

======================================================================
SCENARIO (EMCEE): ES_ALL_CC_ALL
======================================================================

Loaded 3737 matched clusters across U, V, X planes
Selected clusters: 254
Running emcee: 64 walkers × 2000 steps...
Acceptance fraction: 9.3%
Mean direction: θ=117.80°, φ=34.81°
Uncertainties: Δθ=54.80°, Δφ=10.41°
68% credible angle: 33.03°

Angular error: 9.80°

======================================================================
SCENARIO (EMCEE): ALL_TRACKS_ALL_SHOWERS
======================================================================

Loaded 3737 matched clusters across U, V, X planes
Selected clusters: 3737
Running emcee: 64 walkers × 2000 steps...
Acceptance fraction: 2.9%
Mean direction: θ=-125.01°, φ=67.97°
Uncertainties: Δθ=93.06°, Δφ=40.02°
68% credible angle: 76.45°

Angular error: 82.83°

✓ Saved: /eos/project-e/ep-nu/evilla/sn-pointing/cat000243/pipeline/cat000243_scenario_perfect_ct_emcee.npz

✓ Saved: /eos/project-e/ep-nu/evilla/sn-pointing/cat000243/pipeline/cat000243_scenario_es_main_cc_shower_emcee.npz

✓ Saved: /eos/project-e/ep-nu/evilla/sn-pointing/cat000243/pipeline/cat000243_scenario_es_main_cc_all_emcee.npz

✓ Saved: /eos/project-e/ep-nu/evilla/sn-pointing/cat000243/pipeline/cat000243_scenario_es_all_cc_shower_emcee.npz

✓ Saved: /eos/project-e/ep-nu/evilla/sn-pointing/cat000243/pipeline/cat000243_scenario_es_all_cc_all_emcee.npz

✓ Saved: /eos/project-e/ep-nu/evilla/sn-pointing/cat000243/pipeline/cat000243_scenario_all_tracks_all_showers_emcee.npz
✓ cat000243 completed successfully
