Processing cat000515 with 6 scenarios...
Cat directory: /eos/project-e/ep-nu/evilla/sn-pointing/cat000515
======================================================================
EMCEE RECONSTRUCTION FOR cat000515
======================================================================

Loading PDF from: /eos/home-e/evilla/dune/sn-tps/neural_networks/electron_direction/three_plane_three_plane_v58_200k_lr_schedule_20251118_110931/cosine_energy_pdf.npz
PDF loaded

======================================================================
SCENARIO (EMCEE): BEST_CASE
======================================================================

Loaded 3674 matched main-track clusters across U, V, X planes
Selected 291 ES main tracks
After E > 3 MeV cut: 291 clusters
Running emcee: 64 walkers × 2000 steps...
Acceptance fraction: 7.9%
Mean direction: θ=48.72°, φ=102.01°
Uncertainties: Δθ=54.34°, Δφ=28.72°
68% credible angle: 29.26°

Angular error: 18.61°

======================================================================
SCENARIO (EMCEE): PERFECT_CT
======================================================================

Loaded 3674 matched main-track clusters across U, V, X planes
Selected 291 ES main tracks
Loading ED model from: /eos/home-e/evilla/dune/sn-tps/neural_networks/electron_direction/three_plane_three_plane_v58_200k_lr_schedule_20251118_110931/checkpoints/model_epoch_12_val_loss_0.8898.keras
Running ED inference...
After energy cut: 291 clusters
Running emcee: 64 walkers × 2000 steps...
Acceptance fraction: 12.8%
Mean direction: θ=51.29°, φ=118.72°
Uncertainties: Δθ=20.97°, Δφ=16.77°
68% credible angle: 24.32°

Angular error: 10.62°

======================================================================
SCENARIO (EMCEE): FULL_PIPELINE
======================================================================

Loaded 3674 matched main-track clusters across U, V, X planes
Using all 3674 main-track clusters
Loading CT model from: /eos/user/e/evilla/dune/sn-tps/neural_networks/channel_tagging/ct_volume_v52_batch_reload_20251116_101125/best_model.keras
Running CT inference...
CT selected 3308 ES candidates from 3674 clusters
  ES prob range: [0.000, 1.000]
Loading ED model from: /eos/home-e/evilla/dune/sn-tps/neural_networks/electron_direction/three_plane_three_plane_v58_200k_lr_schedule_20251118_110931/checkpoints/model_epoch_12_val_loss_0.8898.keras
Running ED inference on 3308 clusters...
After E > 3 MeV cut: 3294 clusters
Running emcee: 64 walkers × 2000 steps...
Acceptance fraction: 4.5%
Mean direction: θ=139.02°, φ=105.19°
Uncertainties: Δθ=124.52°, Δφ=35.46°
68% credible angle: 109.33°

Angular error: 71.57°

======================================================================
SCENARIO (EMCEE): WEIGHTED_CT
======================================================================

Loaded 3674 matched main-track clusters across U, V, X planes
Using all 3674 main-track clusters
Loading CT model from: /eos/user/e/evilla/dune/sn-tps/neural_networks/channel_tagging/ct_volume_v52_batch_reload_20251116_101125/best_model.keras
Running CT inference...
CT selected 3308 ES candidates from 3674 clusters
  ES prob range: [0.000, 1.000]
Loading ED model from: /eos/home-e/evilla/dune/sn-tps/neural_networks/electron_direction/three_plane_three_plane_v58_200k_lr_schedule_20251118_110931/checkpoints/model_epoch_12_val_loss_0.8898.keras
Running ED inference on 3308 clusters...
Using CT weights (ES probabilities)
After E > 3 MeV cut: 3294 clusters
Running weighted MCMC with 3294 weights
Running emcee: 64 walkers × 2000 steps...
Acceptance fraction: 4.8%
Mean direction: θ=125.39°, φ=106.79°
Uncertainties: Δθ=100.75°, Δφ=31.13°
68% credible angle: 121.97°

Angular error: 58.76°

======================================================================
SCENARIO (EMCEE): PERFECT_CT_E_GT_10MEV
======================================================================

Loaded 3674 matched main-track clusters across U, V, X planes
Selected 291 ES main tracks
Loading ED model from: /eos/home-e/evilla/dune/sn-tps/neural_networks/electron_direction/three_plane_three_plane_v58_200k_lr_schedule_20251118_110931/checkpoints/model_epoch_12_val_loss_0.8898.keras
Running ED inference...
Applying E > 10 MeV cut
After energy cut: 166 clusters
Running emcee: 64 walkers × 2000 steps...
Acceptance fraction: 18.7%
Mean direction: θ=54.78°, φ=115.57°
Uncertainties: Δθ=42.87°, Δφ=21.15°
68% credible angle: 28.24°

Angular error: 7.03°

======================================================================
SCENARIO (EMCEE): PERFECT_CT_E_GT_20MEV
======================================================================

Loaded 3674 matched main-track clusters across U, V, X planes
Selected 291 ES main tracks
Loading ED model from: /eos/home-e/evilla/dune/sn-tps/neural_networks/electron_direction/three_plane_three_plane_v58_200k_lr_schedule_20251118_110931/checkpoints/model_epoch_12_val_loss_0.8898.keras
Running ED inference...
Applying E > 20 MeV cut
After energy cut: 45 clusters
Running emcee: 64 walkers × 2000 steps...
Acceptance fraction: 13.5%
Mean direction: θ=62.92°, φ=102.87°
Uncertainties: Δθ=76.91°, Δφ=26.48°
68% credible angle: 38.67°

Angular error: 12.40°

✓ Saved: /eos/project-e/ep-nu/evilla/sn-pointing/cat000515/pipeline/cat000515_scenario_best_case_emcee.npz

✓ Saved: /eos/project-e/ep-nu/evilla/sn-pointing/cat000515/pipeline/cat000515_scenario_perfect_ct_emcee.npz

✓ Saved: /eos/project-e/ep-nu/evilla/sn-pointing/cat000515/pipeline/cat000515_scenario_full_pipeline_emcee.npz

✓ Saved: /eos/project-e/ep-nu/evilla/sn-pointing/cat000515/pipeline/cat000515_scenario_weighted_ct_emcee.npz

✓ Saved: /eos/project-e/ep-nu/evilla/sn-pointing/cat000515/pipeline/cat000515_scenario_perfect_ct_e_gt_10mev_emcee.npz

✓ Saved: /eos/project-e/ep-nu/evilla/sn-pointing/cat000515/pipeline/cat000515_scenario_perfect_ct_e_gt_20mev_emcee.npz
✓ cat000515 completed successfully
