000 (13791725.397.000) 11/20 10:34:58 Job submitted from host: <188.184.90.62:9618?addrs=188.184.90.62-9618+[2001-1458-201-e4--100-238]-9618&alias=bigbird16.cern.ch&noUDP&sock=schedd_5196_9a2f>
...
040 (13791725.397.000) 11/20 11:26:45 Started transferring input files
	Transferring to host: <188.185.190.58:9618?addrs=188.185.190.58-9618+[2001-1458-d03-b--100-198]-9618&alias=b9pgpun203.cern.ch&noUDP&sock=slot1_1_3631_1e2d_4198>
...
040 (13791725.397.000) 11/20 11:26:45 Finished transferring input files
...
001 (13791725.397.000) 11/20 11:26:46 Job executing on host: <188.185.190.58:9618?addrs=188.185.190.58-9618+[2001-1458-d03-b--100-198]-9618&alias=b9pgpun203.cern.ch&noUDP&sock=startd_2775_ff66>
	SlotName: slot1_1@b9pgpun203.cern.ch
	AvailableGPUs = { GPUs_MIG_b40c26bf_6eb1_567e_af53_6f2fba821803 }
	CondorScratchDir = "/pool/condor/dir_792118"
	Cpus = 11
	Disk = 4195282
	GPUs = 1
	GPUs_MIG_b40c26bf_6eb1_567e_af53_6f2fba821803 = [ Id = "MIG-b40c26bf-6eb1-567e-af53-6f2fba821803"; DeviceName = "NVIDIA H100L-2-24C MIG 2g.24gb"; DeviceUuid = "MIG-b40c26bf-6eb1-567e-af53-6f2fba821803"; ComputeUnits = 32; GlobalMemoryMb = 21547 ]
	Memory = 33000
...
006 (13791725.397.000) 11/20 11:27:00 Image size of job updated: 298884
	292  -  MemoryUsage of job (MB)
	298884  -  ResidentSetSize of job (KB)
...
006 (13791725.397.000) 11/20 11:29:13 Image size of job updated: 1706404
	292  -  MemoryUsage of job (MB)
	298884  -  ResidentSetSize of job (KB)
...
040 (13791725.397.000) 11/20 11:29:38 Started transferring output files
...
040 (13791725.397.000) 11/20 11:29:42 Finished transferring output files
...
005 (13791725.397.000) 11/20 11:29:43 Job terminated.
	(1) Normal termination (return value 0)
		Usr 0 00:03:41, Sys 0 00:00:11  -  Run Remote Usage
		Usr 0 00:00:00, Sys 0 00:00:00  -  Run Local Usage
		Usr 0 00:03:41, Sys 0 00:00:11  -  Total Remote Usage
		Usr 0 00:00:00, Sys 0 00:00:00  -  Total Local Usage
	18150  -  Run Bytes Sent By Job
	1411571  -  Run Bytes Received By Job
	18150  -  Total Bytes Sent By Job
	1411571  -  Total Bytes Received By Job
	Partitionable Resources :    Usage  Request Allocated Assigned
	   Cpus                 :        0       11        11 
	   Disk (KB)            :     1420  4194304   4195282 
	   GPUs                 :                 1         1 "MIG-b40c26bf-6eb1-567e-af53-6f2fba821803"
	   Memory (MB)          :      292    33000     33000 
	   TimeExecute (s)      :      147                    
	   TimeSlotBusy (s)     :      177                    

	Job terminated of its own accord at 2025-11-20T10:29:13Z with exit-code 0.
...
