==================================================================
Processing cat000254 with EMCEE - ALL SCENARIOS
==================================================================
======================================================================
EMCEE RECONSTRUCTION FOR cat000254
======================================================================

Loading PDF from: /eos/home-e/evilla/dune/sn-tps/neural_networks/electron_direction/three_plane_three_plane_v58_200k_lr_schedule_20251118_110931/cosine_energy_pdf.npz
PDF loaded

======================================================================
SCENARIO (EMCEE): PERFECT_CT
======================================================================

Loaded 3886 matched clusters across U, V, X planes
Selected clusters: 298
Running emcee: 64 walkers × 2000 steps...
Acceptance fraction: 18.3%
Mean direction: θ=29.78°, φ=125.66°
Uncertainties: Δθ=22.70°, Δφ=12.79°
68% credible angle: 9.21°

Angular error: 15.81°

======================================================================
SCENARIO (EMCEE): ES_MAIN_CC_SHOWER
======================================================================

Loaded 3886 matched clusters across U, V, X planes
Selected clusters: 298
Running emcee: 64 walkers × 2000 steps...
Acceptance fraction: 12.4%
Mean direction: θ=24.00°, φ=132.85°
Uncertainties: Δθ=27.68°, Δφ=17.12°
68% credible angle: 24.45°

Angular error: 15.25°

======================================================================
SCENARIO (EMCEE): ES_MAIN_CC_ALL
======================================================================

Loaded 3886 matched clusters across U, V, X planes
Selected clusters: 298
Running emcee: 64 walkers × 2000 steps...
Acceptance fraction: 14.0%
Mean direction: θ=16.19°, φ=134.70°
Uncertainties: Δθ=30.17°, Δφ=17.41°
68% credible angle: 30.77°

Angular error: 20.01°

======================================================================
SCENARIO (EMCEE): ES_ALL_CC_SHOWER
======================================================================

Loaded 3886 matched clusters across U, V, X planes
Selected clusters: 298
Running emcee: 64 walkers × 2000 steps...
Acceptance fraction: 16.9%
Mean direction: θ=21.13°, φ=129.62°
Uncertainties: Δθ=27.68°, Δφ=16.13°
68% credible angle: 16.80°

Angular error: 18.62°

======================================================================
SCENARIO (EMCEE): ES_ALL_CC_ALL
======================================================================

Loaded 3886 matched clusters across U, V, X planes
Selected clusters: 298
Running emcee: 64 walkers × 2000 steps...
Acceptance fraction: 14.8%
Mean direction: θ=29.38°, φ=128.29°
Uncertainties: Δθ=29.92°, Δφ=13.80°
68% credible angle: 11.80°

Angular error: 14.16°

======================================================================
SCENARIO (EMCEE): ALL_TRACKS_ALL_SHOWERS
======================================================================

Loaded 3886 matched clusters across U, V, X planes
Selected clusters: 3886
Running emcee: 64 walkers × 2000 steps...
Acceptance fraction: 7.0%
Mean direction: θ=173.42°, φ=128.60°
Uncertainties: Δθ=71.17°, Δφ=29.21°
68% credible angle: 47.88°

Angular error: 83.08°

✓ Saved: /eos/project-e/ep-nu/evilla/sn-pointing/cat000254/pipeline/cat000254_scenario_perfect_ct_emcee.npz

✓ Saved: /eos/project-e/ep-nu/evilla/sn-pointing/cat000254/pipeline/cat000254_scenario_es_main_cc_shower_emcee.npz

✓ Saved: /eos/project-e/ep-nu/evilla/sn-pointing/cat000254/pipeline/cat000254_scenario_es_main_cc_all_emcee.npz

✓ Saved: /eos/project-e/ep-nu/evilla/sn-pointing/cat000254/pipeline/cat000254_scenario_es_all_cc_shower_emcee.npz

✓ Saved: /eos/project-e/ep-nu/evilla/sn-pointing/cat000254/pipeline/cat000254_scenario_es_all_cc_all_emcee.npz

✓ Saved: /eos/project-e/ep-nu/evilla/sn-pointing/cat000254/pipeline/cat000254_scenario_all_tracks_all_showers_emcee.npz
✓ cat000254 completed successfully
