Processing cat000103 with 6 scenarios...
Cat directory: /eos/project-e/ep-nu/evilla/sn-pointing/cat000103
======================================================================
EMCEE RECONSTRUCTION FOR cat000103
======================================================================

Loading PDF from: /eos/home-e/evilla/dune/sn-tps/neural_networks/electron_direction/three_plane_three_plane_v58_200k_lr_schedule_20251118_110931/cosine_energy_pdf.npz
PDF loaded

======================================================================
SCENARIO (EMCEE): BEST_CASE
======================================================================

Loaded 3676 matched main-track clusters across U, V, X planes
Selected 229 ES main tracks
After E > 3 MeV cut: 229 clusters
Running emcee: 64 walkers × 2000 steps...
Acceptance fraction: 6.8%
Mean direction: θ=-179.09°, φ=89.97°
Uncertainties: Δθ=15.65°, Δφ=17.71°
68% credible angle: 26.34°

Angular error: 3.71°

======================================================================
SCENARIO (EMCEE): PERFECT_CT
======================================================================

Loaded 3676 matched main-track clusters across U, V, X planes
Selected 229 ES main tracks
Loading ED model from: /eos/home-e/evilla/dune/sn-tps/neural_networks/electron_direction/three_plane_three_plane_v58_200k_lr_schedule_20251118_110931/checkpoints/model_epoch_12_val_loss_0.8898.keras
Running ED inference...
After energy cut: 229 clusters
Running emcee: 64 walkers × 2000 steps...
Acceptance fraction: 8.9%
Mean direction: θ=179.77°, φ=90.83°
Uncertainties: Δθ=22.88°, Δφ=16.49°
68% credible angle: 31.70°

Angular error: 4.54°

======================================================================
SCENARIO (EMCEE): FULL_PIPELINE
======================================================================

Loaded 3676 matched main-track clusters across U, V, X planes
Using all 3676 main-track clusters
Loading CT model from: /eos/user/e/evilla/dune/sn-tps/neural_networks/channel_tagging/ct_volume_v52_batch_reload_20251116_101125/best_model.keras
Running CT inference...
CT selected 3318 ES candidates from 3676 clusters
  ES prob range: [0.000, 1.000]
Loading ED model from: /eos/home-e/evilla/dune/sn-tps/neural_networks/electron_direction/three_plane_three_plane_v58_200k_lr_schedule_20251118_110931/checkpoints/model_epoch_12_val_loss_0.8898.keras
Running ED inference on 3318 clusters...
After E > 3 MeV cut: 3287 clusters
Running emcee: 64 walkers × 2000 steps...
Acceptance fraction: 4.3%
Mean direction: θ=-171.19°, φ=102.53°
Uncertainties: Δθ=56.95°, Δφ=28.09°
68% credible angle: 60.36°

Angular error: 18.33°

======================================================================
SCENARIO (EMCEE): WEIGHTED_CT
======================================================================

Loaded 3676 matched main-track clusters across U, V, X planes
Using all 3676 main-track clusters
Loading CT model from: /eos/user/e/evilla/dune/sn-tps/neural_networks/channel_tagging/ct_volume_v52_batch_reload_20251116_101125/best_model.keras
Running CT inference...
CT selected 3318 ES candidates from 3676 clusters
  ES prob range: [0.000, 1.000]
Loading ED model from: /eos/home-e/evilla/dune/sn-tps/neural_networks/electron_direction/three_plane_three_plane_v58_200k_lr_schedule_20251118_110931/checkpoints/model_epoch_12_val_loss_0.8898.keras
Running ED inference on 3318 clusters...
Using CT weights (ES probabilities)
After E > 3 MeV cut: 3287 clusters
Running weighted MCMC with 3287 weights
Running emcee: 64 walkers × 2000 steps...
Acceptance fraction: 3.2%
Mean direction: θ=-172.96°, φ=99.04°
Uncertainties: Δθ=60.41°, Δφ=26.56°
68% credible angle: 59.66°

Angular error: 14.43°

======================================================================
SCENARIO (EMCEE): PERFECT_CT_E_GT_10MEV
======================================================================

Loaded 3676 matched main-track clusters across U, V, X planes
Selected 229 ES main tracks
Loading ED model from: /eos/home-e/evilla/dune/sn-tps/neural_networks/electron_direction/three_plane_three_plane_v58_200k_lr_schedule_20251118_110931/checkpoints/model_epoch_12_val_loss_0.8898.keras
Running ED inference...
Applying E > 10 MeV cut
After energy cut: 139 clusters
Running emcee: 64 walkers × 2000 steps...
Acceptance fraction: 12.5%
Mean direction: θ=-178.42°, φ=93.05°
Uncertainties: Δθ=19.09°, Δφ=14.63°
68% credible angle: 23.04°

Angular error: 6.87°

======================================================================
SCENARIO (EMCEE): PERFECT_CT_E_GT_20MEV
======================================================================

Loaded 3676 matched main-track clusters across U, V, X planes
Selected 229 ES main tracks
Loading ED model from: /eos/home-e/evilla/dune/sn-tps/neural_networks/electron_direction/three_plane_three_plane_v58_200k_lr_schedule_20251118_110931/checkpoints/model_epoch_12_val_loss_0.8898.keras
Running ED inference...
Applying E > 20 MeV cut
After energy cut: 33 clusters
Running emcee: 64 walkers × 2000 steps...
Acceptance fraction: 13.5%
Mean direction: θ=176.90°, φ=90.16°
Uncertainties: Δθ=14.88°, Δφ=12.98°
68% credible angle: 21.13°

Angular error: 5.09°

✓ Saved: /eos/project-e/ep-nu/evilla/sn-pointing/cat000103/pipeline/cat000103_scenario_best_case_emcee.npz

✓ Saved: /eos/project-e/ep-nu/evilla/sn-pointing/cat000103/pipeline/cat000103_scenario_perfect_ct_emcee.npz

✓ Saved: /eos/project-e/ep-nu/evilla/sn-pointing/cat000103/pipeline/cat000103_scenario_full_pipeline_emcee.npz

✓ Saved: /eos/project-e/ep-nu/evilla/sn-pointing/cat000103/pipeline/cat000103_scenario_weighted_ct_emcee.npz

✓ Saved: /eos/project-e/ep-nu/evilla/sn-pointing/cat000103/pipeline/cat000103_scenario_perfect_ct_e_gt_10mev_emcee.npz

✓ Saved: /eos/project-e/ep-nu/evilla/sn-pointing/cat000103/pipeline/cat000103_scenario_perfect_ct_e_gt_20mev_emcee.npz
✓ cat000103 completed successfully
