Processing cat000272 with 6 scenarios...
Cat directory: /eos/project-e/ep-nu/evilla/sn-pointing/cat000272
======================================================================
EMCEE RECONSTRUCTION FOR cat000272
======================================================================

Loading PDF from: /eos/home-e/evilla/dune/sn-tps/neural_networks/electron_direction/three_plane_three_plane_v58_200k_lr_schedule_20251118_110931/cosine_energy_pdf.npz
PDF loaded

======================================================================
SCENARIO (EMCEE): BEST_CASE
======================================================================

Loaded 3494 matched main-track clusters across U, V, X planes
Selected 223 ES main tracks
After E > 3 MeV cut: 223 clusters
Running emcee: 64 walkers × 2000 steps...
Acceptance fraction: 10.7%
Mean direction: θ=56.31°, φ=89.98°
Uncertainties: Δθ=46.97°, Δφ=18.30°
68% credible angle: 28.48°

Angular error: 9.97°

======================================================================
SCENARIO (EMCEE): PERFECT_CT
======================================================================

Loaded 3494 matched main-track clusters across U, V, X planes
Selected 223 ES main tracks
Loading ED model from: /eos/home-e/evilla/dune/sn-tps/neural_networks/electron_direction/three_plane_three_plane_v58_200k_lr_schedule_20251118_110931/checkpoints/model_epoch_12_val_loss_0.8898.keras
Running ED inference...
After energy cut: 223 clusters
Running emcee: 64 walkers × 2000 steps...
Acceptance fraction: 31.0%
Mean direction: θ=44.64°, φ=89.27°
Uncertainties: Δθ=15.59°, Δφ=11.98°
68% credible angle: 5.40°

Angular error: 5.84°

======================================================================
SCENARIO (EMCEE): FULL_PIPELINE
======================================================================

Loaded 3494 matched main-track clusters across U, V, X planes
Using all 3494 main-track clusters
Loading CT model from: /eos/user/e/evilla/dune/sn-tps/neural_networks/channel_tagging/ct_volume_v52_batch_reload_20251116_101125/best_model.keras
Running CT inference...
CT selected 3191 ES candidates from 3494 clusters
  ES prob range: [0.000, 1.000]
Loading ED model from: /eos/home-e/evilla/dune/sn-tps/neural_networks/electron_direction/three_plane_three_plane_v58_200k_lr_schedule_20251118_110931/checkpoints/model_epoch_12_val_loss_0.8898.keras
Running ED inference on 3191 clusters...
After E > 3 MeV cut: 3170 clusters
Running emcee: 64 walkers × 2000 steps...
Acceptance fraction: 5.7%
Mean direction: θ=167.76°, φ=95.43°
Uncertainties: Δθ=96.97°, Δφ=30.91°
68% credible angle: 83.61°

Angular error: 120.09°

======================================================================
SCENARIO (EMCEE): WEIGHTED_CT
======================================================================

Loaded 3494 matched main-track clusters across U, V, X planes
Using all 3494 main-track clusters
Loading CT model from: /eos/user/e/evilla/dune/sn-tps/neural_networks/channel_tagging/ct_volume_v52_batch_reload_20251116_101125/best_model.keras
Running CT inference...
CT selected 3191 ES candidates from 3494 clusters
  ES prob range: [0.000, 1.000]
Loading ED model from: /eos/home-e/evilla/dune/sn-tps/neural_networks/electron_direction/three_plane_three_plane_v58_200k_lr_schedule_20251118_110931/checkpoints/model_epoch_12_val_loss_0.8898.keras
Running ED inference on 3191 clusters...
Using CT weights (ES probabilities)
After E > 3 MeV cut: 3170 clusters
Running weighted MCMC with 3170 weights
Running emcee: 64 walkers × 2000 steps...
Acceptance fraction: 3.0%
Mean direction: θ=-135.77°, φ=85.82°
Uncertainties: Δθ=93.84°, Δφ=29.67°
68% credible angle: 90.20°

Angular error: 169.61°

======================================================================
SCENARIO (EMCEE): PERFECT_CT_E_GT_10MEV
======================================================================

Loaded 3494 matched main-track clusters across U, V, X planes
Selected 223 ES main tracks
Loading ED model from: /eos/home-e/evilla/dune/sn-tps/neural_networks/electron_direction/three_plane_three_plane_v58_200k_lr_schedule_20251118_110931/checkpoints/model_epoch_12_val_loss_0.8898.keras
Running ED inference...
Applying E > 10 MeV cut
After energy cut: 130 clusters
Running emcee: 64 walkers × 2000 steps...
Acceptance fraction: 31.0%
Mean direction: θ=46.84°, φ=89.50°
Uncertainties: Δθ=17.87°, Δφ=10.01°
68% credible angle: 6.16°

Angular error: 5.15°

======================================================================
SCENARIO (EMCEE): PERFECT_CT_E_GT_20MEV
======================================================================

Loaded 3494 matched main-track clusters across U, V, X planes
Selected 223 ES main tracks
Loading ED model from: /eos/home-e/evilla/dune/sn-tps/neural_networks/electron_direction/three_plane_three_plane_v58_200k_lr_schedule_20251118_110931/checkpoints/model_epoch_12_val_loss_0.8898.keras
Running ED inference...
Applying E > 20 MeV cut
After energy cut: 41 clusters
Running emcee: 64 walkers × 2000 steps...
Acceptance fraction: 25.0%
Mean direction: θ=52.88°, φ=86.24°
Uncertainties: Δθ=35.76°, Δφ=10.26°
68% credible angle: 16.24°

Angular error: 5.20°

✓ Saved: /eos/project-e/ep-nu/evilla/sn-pointing/cat000272/pipeline/cat000272_scenario_best_case_emcee.npz

✓ Saved: /eos/project-e/ep-nu/evilla/sn-pointing/cat000272/pipeline/cat000272_scenario_perfect_ct_emcee.npz

✓ Saved: /eos/project-e/ep-nu/evilla/sn-pointing/cat000272/pipeline/cat000272_scenario_full_pipeline_emcee.npz

✓ Saved: /eos/project-e/ep-nu/evilla/sn-pointing/cat000272/pipeline/cat000272_scenario_weighted_ct_emcee.npz

✓ Saved: /eos/project-e/ep-nu/evilla/sn-pointing/cat000272/pipeline/cat000272_scenario_perfect_ct_e_gt_10mev_emcee.npz

✓ Saved: /eos/project-e/ep-nu/evilla/sn-pointing/cat000272/pipeline/cat000272_scenario_perfect_ct_e_gt_20mev_emcee.npz
✓ cat000272 completed successfully
