Processing cat000148 with 6 scenarios...
Cat directory: /eos/project-e/ep-nu/evilla/sn-pointing/cat000148
======================================================================
EMCEE RECONSTRUCTION FOR cat000148
======================================================================

Loading PDF from: /eos/home-e/evilla/dune/sn-tps/neural_networks/electron_direction/three_plane_three_plane_v58_200k_lr_schedule_20251118_110931/cosine_energy_pdf.npz
PDF loaded

======================================================================
SCENARIO (EMCEE): BEST_CASE
======================================================================

Loaded 3646 matched main-track clusters across U, V, X planes
Selected 291 ES main tracks
After E > 3 MeV cut: 291 clusters
Running emcee: 64 walkers × 2000 steps...
Acceptance fraction: 6.6%
Mean direction: θ=134.98°, φ=139.05°
Uncertainties: Δθ=42.38°, Δφ=22.92°
68% credible angle: 31.76°

Angular error: 8.10°

======================================================================
SCENARIO (EMCEE): PERFECT_CT
======================================================================

Loaded 3646 matched main-track clusters across U, V, X planes
Selected 291 ES main tracks
Loading ED model from: /eos/home-e/evilla/dune/sn-tps/neural_networks/electron_direction/three_plane_three_plane_v58_200k_lr_schedule_20251118_110931/checkpoints/model_epoch_12_val_loss_0.8898.keras
Running ED inference...
After energy cut: 291 clusters
Running emcee: 64 walkers × 2000 steps...
Acceptance fraction: 13.0%
Mean direction: θ=140.80°, φ=144.75°
Uncertainties: Δθ=44.70°, Δφ=12.19°
68% credible angle: 29.53°

Angular error: 7.20°

======================================================================
SCENARIO (EMCEE): FULL_PIPELINE
======================================================================

Loaded 3646 matched main-track clusters across U, V, X planes
Using all 3646 main-track clusters
Loading CT model from: /eos/user/e/evilla/dune/sn-tps/neural_networks/channel_tagging/ct_volume_v52_batch_reload_20251116_101125/best_model.keras
Running CT inference...
CT selected 3325 ES candidates from 3646 clusters
  ES prob range: [0.000, 1.000]
Loading ED model from: /eos/home-e/evilla/dune/sn-tps/neural_networks/electron_direction/three_plane_three_plane_v58_200k_lr_schedule_20251118_110931/checkpoints/model_epoch_12_val_loss_0.8898.keras
Running ED inference on 3325 clusters...
After E > 3 MeV cut: 3300 clusters
Running emcee: 64 walkers × 2000 steps...
Acceptance fraction: 3.9%
Mean direction: θ=-173.56°, φ=119.59°
Uncertainties: Δθ=62.01°, Δφ=40.75°
68% credible angle: 60.71°

Angular error: 48.25°

======================================================================
SCENARIO (EMCEE): WEIGHTED_CT
======================================================================

Loaded 3646 matched main-track clusters across U, V, X planes
Using all 3646 main-track clusters
Loading CT model from: /eos/user/e/evilla/dune/sn-tps/neural_networks/channel_tagging/ct_volume_v52_batch_reload_20251116_101125/best_model.keras
Running CT inference...
CT selected 3325 ES candidates from 3646 clusters
  ES prob range: [0.000, 1.000]
Loading ED model from: /eos/home-e/evilla/dune/sn-tps/neural_networks/electron_direction/three_plane_three_plane_v58_200k_lr_schedule_20251118_110931/checkpoints/model_epoch_12_val_loss_0.8898.keras
Running ED inference on 3325 clusters...
Using CT weights (ES probabilities)
After E > 3 MeV cut: 3300 clusters
Running weighted MCMC with 3300 weights
Running emcee: 64 walkers × 2000 steps...
Acceptance fraction: 5.1%
Mean direction: θ=-178.91°, φ=122.91°
Uncertainties: Δθ=61.07°, Δφ=33.23°
68% credible angle: 55.09°

Angular error: 42.75°

======================================================================
SCENARIO (EMCEE): PERFECT_CT_E_GT_10MEV
======================================================================

Loaded 3646 matched main-track clusters across U, V, X planes
Selected 291 ES main tracks
Loading ED model from: /eos/home-e/evilla/dune/sn-tps/neural_networks/electron_direction/three_plane_three_plane_v58_200k_lr_schedule_20251118_110931/checkpoints/model_epoch_12_val_loss_0.8898.keras
Running ED inference...
Applying E > 10 MeV cut
After energy cut: 135 clusters
Running emcee: 64 walkers × 2000 steps...
Acceptance fraction: 7.9%
Mean direction: θ=163.24°, φ=146.12°
Uncertainties: Δθ=30.32°, Δφ=20.15°
68% credible angle: 28.20°

Angular error: 19.27°

======================================================================
SCENARIO (EMCEE): PERFECT_CT_E_GT_20MEV
======================================================================

Loaded 3646 matched main-track clusters across U, V, X planes
Selected 291 ES main tracks
Loading ED model from: /eos/home-e/evilla/dune/sn-tps/neural_networks/electron_direction/three_plane_three_plane_v58_200k_lr_schedule_20251118_110931/checkpoints/model_epoch_12_val_loss_0.8898.keras
Running ED inference...
Applying E > 20 MeV cut
After energy cut: 45 clusters
Running emcee: 64 walkers × 2000 steps...
Acceptance fraction: 9.5%
Mean direction: θ=-152.80°, φ=103.03°
Uncertainties: Δθ=100.83°, Δφ=51.18°
68% credible angle: 92.81°

Angular error: 73.03°

✓ Saved: /eos/project-e/ep-nu/evilla/sn-pointing/cat000148/pipeline/cat000148_scenario_best_case_emcee.npz

✓ Saved: /eos/project-e/ep-nu/evilla/sn-pointing/cat000148/pipeline/cat000148_scenario_perfect_ct_emcee.npz

✓ Saved: /eos/project-e/ep-nu/evilla/sn-pointing/cat000148/pipeline/cat000148_scenario_full_pipeline_emcee.npz

✓ Saved: /eos/project-e/ep-nu/evilla/sn-pointing/cat000148/pipeline/cat000148_scenario_weighted_ct_emcee.npz

✓ Saved: /eos/project-e/ep-nu/evilla/sn-pointing/cat000148/pipeline/cat000148_scenario_perfect_ct_e_gt_10mev_emcee.npz

✓ Saved: /eos/project-e/ep-nu/evilla/sn-pointing/cat000148/pipeline/cat000148_scenario_perfect_ct_e_gt_20mev_emcee.npz
✓ cat000148 completed successfully
