Processing cat000097 with 6 scenarios...
Cat directory: /eos/project-e/ep-nu/evilla/sn-pointing/cat000097
======================================================================
EMCEE RECONSTRUCTION FOR cat000097
======================================================================

Loading PDF from: /eos/home-e/evilla/dune/sn-tps/neural_networks/electron_direction/three_plane_three_plane_v58_200k_lr_schedule_20251118_110931/cosine_energy_pdf.npz
PDF loaded

======================================================================
SCENARIO (EMCEE): BEST_CASE
======================================================================

Loaded 3646 matched main-track clusters across U, V, X planes
Selected 285 ES main tracks
After E > 3 MeV cut: 285 clusters
Running emcee: 64 walkers × 2000 steps...
Acceptance fraction: 15.0%
Mean direction: θ=147.78°, φ=93.14°
Uncertainties: Δθ=49.99°, Δφ=19.00°
68% credible angle: 34.46°

Angular error: 19.70°

======================================================================
SCENARIO (EMCEE): PERFECT_CT
======================================================================

Loaded 3646 matched main-track clusters across U, V, X planes
Selected 285 ES main tracks
Loading ED model from: /eos/home-e/evilla/dune/sn-tps/neural_networks/electron_direction/three_plane_three_plane_v58_200k_lr_schedule_20251118_110931/checkpoints/model_epoch_12_val_loss_0.8898.keras
Running ED inference...
After energy cut: 285 clusters
Running emcee: 64 walkers × 2000 steps...
Acceptance fraction: 11.5%
Mean direction: θ=161.85°, φ=103.55°
Uncertainties: Δθ=29.26°, Δφ=18.37°
68% credible angle: 36.74°

Angular error: 32.50°

======================================================================
SCENARIO (EMCEE): FULL_PIPELINE
======================================================================

Loaded 3646 matched main-track clusters across U, V, X planes
Using all 3646 main-track clusters
Loading CT model from: /eos/user/e/evilla/dune/sn-tps/neural_networks/channel_tagging/ct_volume_v52_batch_reload_20251116_101125/best_model.keras
Running CT inference...
CT selected 3326 ES candidates from 3646 clusters
  ES prob range: [0.000, 1.000]
Loading ED model from: /eos/home-e/evilla/dune/sn-tps/neural_networks/electron_direction/three_plane_three_plane_v58_200k_lr_schedule_20251118_110931/checkpoints/model_epoch_12_val_loss_0.8898.keras
Running ED inference on 3326 clusters...
After E > 3 MeV cut: 3306 clusters
Running emcee: 64 walkers × 2000 steps...
Acceptance fraction: 4.6%
Mean direction: θ=-171.62°, φ=98.23°
Uncertainties: Δθ=72.14°, Δφ=31.42°
68% credible angle: 67.91°

Angular error: 58.68°

======================================================================
SCENARIO (EMCEE): WEIGHTED_CT
======================================================================

Loaded 3646 matched main-track clusters across U, V, X planes
Using all 3646 main-track clusters
Loading CT model from: /eos/user/e/evilla/dune/sn-tps/neural_networks/channel_tagging/ct_volume_v52_batch_reload_20251116_101125/best_model.keras
Running CT inference...
CT selected 3326 ES candidates from 3646 clusters
  ES prob range: [0.000, 1.000]
Loading ED model from: /eos/home-e/evilla/dune/sn-tps/neural_networks/electron_direction/three_plane_three_plane_v58_200k_lr_schedule_20251118_110931/checkpoints/model_epoch_12_val_loss_0.8898.keras
Running ED inference on 3326 clusters...
Using CT weights (ES probabilities)
After E > 3 MeV cut: 3306 clusters
Running weighted MCMC with 3306 weights
Running emcee: 64 walkers × 2000 steps...
Acceptance fraction: 4.4%
Mean direction: θ=174.12°, φ=106.79°
Uncertainties: Δθ=58.40°, Δφ=24.84°
68% credible angle: 55.90°

Angular error: 44.54°

======================================================================
SCENARIO (EMCEE): PERFECT_CT_E_GT_10MEV
======================================================================

Loaded 3646 matched main-track clusters across U, V, X planes
Selected 285 ES main tracks
Loading ED model from: /eos/home-e/evilla/dune/sn-tps/neural_networks/electron_direction/three_plane_three_plane_v58_200k_lr_schedule_20251118_110931/checkpoints/model_epoch_12_val_loss_0.8898.keras
Running ED inference...
Applying E > 10 MeV cut
After energy cut: 166 clusters
Running emcee: 64 walkers × 2000 steps...
Acceptance fraction: 7.3%
Mean direction: θ=162.83°, φ=103.53°
Uncertainties: Δθ=28.47°, Δφ=16.24°
68% credible angle: 33.06°

Angular error: 33.45°

======================================================================
SCENARIO (EMCEE): PERFECT_CT_E_GT_20MEV
======================================================================

Loaded 3646 matched main-track clusters across U, V, X planes
Selected 285 ES main tracks
Loading ED model from: /eos/home-e/evilla/dune/sn-tps/neural_networks/electron_direction/three_plane_three_plane_v58_200k_lr_schedule_20251118_110931/checkpoints/model_epoch_12_val_loss_0.8898.keras
Running ED inference...
Applying E > 20 MeV cut
After energy cut: 48 clusters
Running emcee: 64 walkers × 2000 steps...
Acceptance fraction: 14.3%
Mean direction: θ=139.32°, φ=96.79°
Uncertainties: Δθ=53.96°, Δφ=13.61°
68% credible angle: 40.71°

Angular error: 10.58°

✓ Saved: /eos/project-e/ep-nu/evilla/sn-pointing/cat000097/pipeline/cat000097_scenario_best_case_emcee.npz

✓ Saved: /eos/project-e/ep-nu/evilla/sn-pointing/cat000097/pipeline/cat000097_scenario_perfect_ct_emcee.npz

✓ Saved: /eos/project-e/ep-nu/evilla/sn-pointing/cat000097/pipeline/cat000097_scenario_full_pipeline_emcee.npz

✓ Saved: /eos/project-e/ep-nu/evilla/sn-pointing/cat000097/pipeline/cat000097_scenario_weighted_ct_emcee.npz

✓ Saved: /eos/project-e/ep-nu/evilla/sn-pointing/cat000097/pipeline/cat000097_scenario_perfect_ct_e_gt_10mev_emcee.npz

✓ Saved: /eos/project-e/ep-nu/evilla/sn-pointing/cat000097/pipeline/cat000097_scenario_perfect_ct_e_gt_20mev_emcee.npz
✓ cat000097 completed successfully
