Processing cat000342 with 6 scenarios...
Cat directory: /eos/project-e/ep-nu/evilla/sn-pointing/cat000342
======================================================================
EMCEE RECONSTRUCTION FOR cat000342
======================================================================

Loading PDF from: /eos/home-e/evilla/dune/sn-tps/neural_networks/electron_direction/three_plane_three_plane_v58_200k_lr_schedule_20251118_110931/cosine_energy_pdf.npz
PDF loaded

======================================================================
SCENARIO (EMCEE): BEST_CASE
======================================================================

Loaded 3523 matched main-track clusters across U, V, X planes
Selected 237 ES main tracks
After E > 3 MeV cut: 237 clusters
Running emcee: 64 walkers × 2000 steps...
Acceptance fraction: 8.3%
Mean direction: θ=-49.47°, φ=106.49°
Uncertainties: Δθ=36.00°, Δφ=19.81°
68% credible angle: 24.87°

Angular error: 9.37°

======================================================================
SCENARIO (EMCEE): PERFECT_CT
======================================================================

Loaded 3523 matched main-track clusters across U, V, X planes
Selected 237 ES main tracks
Loading ED model from: /eos/home-e/evilla/dune/sn-tps/neural_networks/electron_direction/three_plane_three_plane_v58_200k_lr_schedule_20251118_110931/checkpoints/model_epoch_12_val_loss_0.8898.keras
Running ED inference...
After energy cut: 237 clusters
Running emcee: 64 walkers × 2000 steps...
Acceptance fraction: 10.6%
Mean direction: θ=-29.81°, φ=111.73°
Uncertainties: Δθ=20.61°, Δφ=17.52°
68% credible angle: 30.67°

Angular error: 14.43°

======================================================================
SCENARIO (EMCEE): FULL_PIPELINE
======================================================================

Loaded 3523 matched main-track clusters across U, V, X planes
Using all 3523 main-track clusters
Loading CT model from: /eos/user/e/evilla/dune/sn-tps/neural_networks/channel_tagging/ct_volume_v52_batch_reload_20251116_101125/best_model.keras
Running CT inference...
CT selected 3213 ES candidates from 3523 clusters
  ES prob range: [0.000, 1.000]
Loading ED model from: /eos/home-e/evilla/dune/sn-tps/neural_networks/electron_direction/three_plane_three_plane_v58_200k_lr_schedule_20251118_110931/checkpoints/model_epoch_12_val_loss_0.8898.keras
Running ED inference on 3213 clusters...
After E > 3 MeV cut: 3195 clusters
Running emcee: 64 walkers × 2000 steps...
Acceptance fraction: 6.8%
Mean direction: θ=-58.48°, φ=96.55°
Uncertainties: Δθ=102.93°, Δφ=35.67°
68% credible angle: 105.50°

Angular error: 22.38°

======================================================================
SCENARIO (EMCEE): WEIGHTED_CT
======================================================================

Loaded 3523 matched main-track clusters across U, V, X planes
Using all 3523 main-track clusters
Loading CT model from: /eos/user/e/evilla/dune/sn-tps/neural_networks/channel_tagging/ct_volume_v52_batch_reload_20251116_101125/best_model.keras
Running CT inference...
CT selected 3213 ES candidates from 3523 clusters
  ES prob range: [0.000, 1.000]
Loading ED model from: /eos/home-e/evilla/dune/sn-tps/neural_networks/electron_direction/three_plane_three_plane_v58_200k_lr_schedule_20251118_110931/checkpoints/model_epoch_12_val_loss_0.8898.keras
Running ED inference on 3213 clusters...
Using CT weights (ES probabilities)
After E > 3 MeV cut: 3195 clusters
Running weighted MCMC with 3195 weights
Running emcee: 64 walkers × 2000 steps...
Acceptance fraction: 5.4%
Mean direction: θ=-59.36°, φ=87.29°
Uncertainties: Δθ=88.51°, Δφ=33.68°
68% credible angle: 99.52°

Angular error: 30.90°

======================================================================
SCENARIO (EMCEE): PERFECT_CT_E_GT_10MEV
======================================================================

Loaded 3523 matched main-track clusters across U, V, X planes
Selected 237 ES main tracks
Loading ED model from: /eos/home-e/evilla/dune/sn-tps/neural_networks/electron_direction/three_plane_three_plane_v58_200k_lr_schedule_20251118_110931/checkpoints/model_epoch_12_val_loss_0.8898.keras
Running ED inference...
Applying E > 10 MeV cut
After energy cut: 139 clusters
Running emcee: 64 walkers × 2000 steps...
Acceptance fraction: 14.6%
Mean direction: θ=-28.86°, φ=113.88°
Uncertainties: Δθ=20.74°, Δφ=13.37°
68% credible angle: 26.54°

Angular error: 14.85°

======================================================================
SCENARIO (EMCEE): PERFECT_CT_E_GT_20MEV
======================================================================

Loaded 3523 matched main-track clusters across U, V, X planes
Selected 237 ES main tracks
Loading ED model from: /eos/home-e/evilla/dune/sn-tps/neural_networks/electron_direction/three_plane_three_plane_v58_200k_lr_schedule_20251118_110931/checkpoints/model_epoch_12_val_loss_0.8898.keras
Running ED inference...
Applying E > 20 MeV cut
After energy cut: 36 clusters
Running emcee: 64 walkers × 2000 steps...
Acceptance fraction: 20.4%
Mean direction: θ=-26.25°, φ=115.62°
Uncertainties: Δθ=30.23°, Δφ=14.37°
68% credible angle: 15.71°

Angular error: 17.09°

✓ Saved: /eos/project-e/ep-nu/evilla/sn-pointing/cat000342/pipeline/cat000342_scenario_best_case_emcee.npz

✓ Saved: /eos/project-e/ep-nu/evilla/sn-pointing/cat000342/pipeline/cat000342_scenario_perfect_ct_emcee.npz

✓ Saved: /eos/project-e/ep-nu/evilla/sn-pointing/cat000342/pipeline/cat000342_scenario_full_pipeline_emcee.npz

✓ Saved: /eos/project-e/ep-nu/evilla/sn-pointing/cat000342/pipeline/cat000342_scenario_weighted_ct_emcee.npz

✓ Saved: /eos/project-e/ep-nu/evilla/sn-pointing/cat000342/pipeline/cat000342_scenario_perfect_ct_e_gt_10mev_emcee.npz

✓ Saved: /eos/project-e/ep-nu/evilla/sn-pointing/cat000342/pipeline/cat000342_scenario_perfect_ct_e_gt_20mev_emcee.npz
✓ cat000342 completed successfully
