Processing cat000214 with 6 scenarios...
Cat directory: /eos/project-e/ep-nu/evilla/sn-pointing/cat000214
======================================================================
EMCEE RECONSTRUCTION FOR cat000214
======================================================================

Loading PDF from: /eos/home-e/evilla/dune/sn-tps/neural_networks/electron_direction/three_plane_three_plane_v58_200k_lr_schedule_20251118_110931/cosine_energy_pdf.npz
PDF loaded

======================================================================
SCENARIO (EMCEE): BEST_CASE
======================================================================

Loaded 3411 matched main-track clusters across U, V, X planes
Selected 195 ES main tracks
After E > 3 MeV cut: 195 clusters
Running emcee: 64 walkers × 2000 steps...
Acceptance fraction: 10.1%
Mean direction: θ=-105.29°, φ=132.03°
Uncertainties: Δθ=30.35°, Δφ=22.95°
68% credible angle: 27.43°

Angular error: 10.94°

======================================================================
SCENARIO (EMCEE): PERFECT_CT
======================================================================

Loaded 3411 matched main-track clusters across U, V, X planes
Selected 195 ES main tracks
Loading ED model from: /eos/home-e/evilla/dune/sn-tps/neural_networks/electron_direction/three_plane_three_plane_v58_200k_lr_schedule_20251118_110931/checkpoints/model_epoch_12_val_loss_0.8898.keras
Running ED inference...
After energy cut: 195 clusters
Running emcee: 64 walkers × 2000 steps...
Acceptance fraction: 12.2%
Mean direction: θ=-147.35°, φ=142.58°
Uncertainties: Δθ=49.74°, Δφ=13.94°
68% credible angle: 26.62°

Angular error: 33.54°

======================================================================
SCENARIO (EMCEE): FULL_PIPELINE
======================================================================

Loaded 3411 matched main-track clusters across U, V, X planes
Using all 3411 main-track clusters
Loading CT model from: /eos/user/e/evilla/dune/sn-tps/neural_networks/channel_tagging/ct_volume_v52_batch_reload_20251116_101125/best_model.keras
Running CT inference...
CT selected 3113 ES candidates from 3411 clusters
  ES prob range: [0.000, 1.000]
Loading ED model from: /eos/home-e/evilla/dune/sn-tps/neural_networks/electron_direction/three_plane_three_plane_v58_200k_lr_schedule_20251118_110931/checkpoints/model_epoch_12_val_loss_0.8898.keras
Running ED inference on 3113 clusters...
After E > 3 MeV cut: 3095 clusters
Running emcee: 64 walkers × 2000 steps...
Acceptance fraction: 5.3%
Mean direction: θ=-152.05°, φ=107.67°
Uncertainties: Δθ=74.70°, Δφ=31.86°
68% credible angle: 72.80°

Angular error: 56.43°

======================================================================
SCENARIO (EMCEE): WEIGHTED_CT
======================================================================

Loaded 3411 matched main-track clusters across U, V, X planes
Using all 3411 main-track clusters
Loading CT model from: /eos/user/e/evilla/dune/sn-tps/neural_networks/channel_tagging/ct_volume_v52_batch_reload_20251116_101125/best_model.keras
Running CT inference...
CT selected 3113 ES candidates from 3411 clusters
  ES prob range: [0.000, 1.000]
Loading ED model from: /eos/home-e/evilla/dune/sn-tps/neural_networks/electron_direction/three_plane_three_plane_v58_200k_lr_schedule_20251118_110931/checkpoints/model_epoch_12_val_loss_0.8898.keras
Running ED inference on 3113 clusters...
Using CT weights (ES probabilities)
After E > 3 MeV cut: 3095 clusters
Running weighted MCMC with 3095 weights
Running emcee: 64 walkers × 2000 steps...
Acceptance fraction: 7.3%
Mean direction: θ=-154.75°, φ=104.15°
Uncertainties: Δθ=67.67°, Δφ=34.29°
68% credible angle: 68.83°

Angular error: 60.79°

======================================================================
SCENARIO (EMCEE): PERFECT_CT_E_GT_10MEV
======================================================================

Loaded 3411 matched main-track clusters across U, V, X planes
Selected 195 ES main tracks
Loading ED model from: /eos/home-e/evilla/dune/sn-tps/neural_networks/electron_direction/three_plane_three_plane_v58_200k_lr_schedule_20251118_110931/checkpoints/model_epoch_12_val_loss_0.8898.keras
Running ED inference...
Applying E > 10 MeV cut
After energy cut: 97 clusters
Running emcee: 64 walkers × 2000 steps...
Acceptance fraction: 18.6%
Mean direction: θ=-148.21°, φ=144.60°
Uncertainties: Δθ=43.95°, Δφ=18.60°
68% credible angle: 22.20°

Angular error: 33.52°

======================================================================
SCENARIO (EMCEE): PERFECT_CT_E_GT_20MEV
======================================================================

Loaded 3411 matched main-track clusters across U, V, X planes
Selected 195 ES main tracks
Loading ED model from: /eos/home-e/evilla/dune/sn-tps/neural_networks/electron_direction/three_plane_three_plane_v58_200k_lr_schedule_20251118_110931/checkpoints/model_epoch_12_val_loss_0.8898.keras
Running ED inference...
Applying E > 20 MeV cut
After energy cut: 19 clusters
Running emcee: 64 walkers × 2000 steps...
Acceptance fraction: 19.4%
Mean direction: θ=-126.08°, φ=142.50°
Uncertainties: Δθ=53.92°, Δφ=15.52°
68% credible angle: 35.46°

Angular error: 20.85°

✓ Saved: /eos/project-e/ep-nu/evilla/sn-pointing/cat000214/pipeline/cat000214_scenario_best_case_emcee.npz

✓ Saved: /eos/project-e/ep-nu/evilla/sn-pointing/cat000214/pipeline/cat000214_scenario_perfect_ct_emcee.npz

✓ Saved: /eos/project-e/ep-nu/evilla/sn-pointing/cat000214/pipeline/cat000214_scenario_full_pipeline_emcee.npz

✓ Saved: /eos/project-e/ep-nu/evilla/sn-pointing/cat000214/pipeline/cat000214_scenario_weighted_ct_emcee.npz

✓ Saved: /eos/project-e/ep-nu/evilla/sn-pointing/cat000214/pipeline/cat000214_scenario_perfect_ct_e_gt_10mev_emcee.npz

✓ Saved: /eos/project-e/ep-nu/evilla/sn-pointing/cat000214/pipeline/cat000214_scenario_perfect_ct_e_gt_20mev_emcee.npz
✓ cat000214 completed successfully
