==================================================================
Processing cat000544 with EMCEE - ALL SCENARIOS
==================================================================
======================================================================
EMCEE RECONSTRUCTION FOR cat000544
======================================================================

Loading PDF from: /eos/home-e/evilla/dune/sn-tps/neural_networks/electron_direction/three_plane_three_plane_v58_200k_lr_schedule_20251118_110931/cosine_energy_pdf.npz
PDF loaded

======================================================================
SCENARIO (EMCEE): PERFECT_CT
======================================================================

Loaded 3626 matched clusters across U, V, X planes
Selected clusters: 280
Running emcee: 64 walkers × 2000 steps...
Acceptance fraction: 7.8%
Mean direction: θ=138.05°, φ=119.76°
Uncertainties: Δθ=31.85°, Δφ=19.53°
68% credible angle: 33.78°

Angular error: 22.29°

======================================================================
SCENARIO (EMCEE): ES_MAIN_CC_SHOWER
======================================================================

Loaded 3626 matched clusters across U, V, X planes
Selected clusters: 280
Running emcee: 64 walkers × 2000 steps...
Acceptance fraction: 8.1%
Mean direction: θ=140.94°, φ=117.88°
Uncertainties: Δθ=34.97°, Δφ=21.81°
68% credible angle: 34.66°

Angular error: 25.12°

======================================================================
SCENARIO (EMCEE): ES_MAIN_CC_ALL
======================================================================

Loaded 3626 matched clusters across U, V, X planes
Selected clusters: 280
Running emcee: 64 walkers × 2000 steps...
Acceptance fraction: 7.2%
Mean direction: θ=144.00°, φ=118.30°
Uncertainties: Δθ=32.14°, Δφ=20.55°
68% credible angle: 34.88°

Angular error: 27.67°

======================================================================
SCENARIO (EMCEE): ES_ALL_CC_SHOWER
======================================================================

Loaded 3626 matched clusters across U, V, X planes
Selected clusters: 280
Running emcee: 64 walkers × 2000 steps...
Acceptance fraction: 7.7%
Mean direction: θ=144.14°, φ=119.63°
Uncertainties: Δθ=33.28°, Δφ=21.81°
68% credible angle: 36.08°

Angular error: 27.53°

======================================================================
SCENARIO (EMCEE): ES_ALL_CC_ALL
======================================================================

Loaded 3626 matched clusters across U, V, X planes
Selected clusters: 280
Running emcee: 64 walkers × 2000 steps...
Acceptance fraction: 8.9%
Mean direction: θ=141.95°, φ=120.32°
Uncertainties: Δθ=30.22°, Δφ=23.60°
68% credible angle: 35.80°

Angular error: 25.56°

======================================================================
SCENARIO (EMCEE): ALL_TRACKS_ALL_SHOWERS
======================================================================

Loaded 3626 matched clusters across U, V, X planes
Selected clusters: 3626
Running emcee: 64 walkers × 2000 steps...
Acceptance fraction: 3.0%
Mean direction: θ=-147.67°, φ=103.39°
Uncertainties: Δθ=62.62°, Δφ=28.76°
68% credible angle: 63.66°

Angular error: 91.71°

✓ Saved: /eos/project-e/ep-nu/evilla/sn-pointing/cat000544/pipeline/cat000544_scenario_perfect_ct_emcee.npz

✓ Saved: /eos/project-e/ep-nu/evilla/sn-pointing/cat000544/pipeline/cat000544_scenario_es_main_cc_shower_emcee.npz

✓ Saved: /eos/project-e/ep-nu/evilla/sn-pointing/cat000544/pipeline/cat000544_scenario_es_main_cc_all_emcee.npz

✓ Saved: /eos/project-e/ep-nu/evilla/sn-pointing/cat000544/pipeline/cat000544_scenario_es_all_cc_shower_emcee.npz

✓ Saved: /eos/project-e/ep-nu/evilla/sn-pointing/cat000544/pipeline/cat000544_scenario_es_all_cc_all_emcee.npz

✓ Saved: /eos/project-e/ep-nu/evilla/sn-pointing/cat000544/pipeline/cat000544_scenario_all_tracks_all_showers_emcee.npz
✓ cat000544 completed successfully
