000 (13791712.059.000) 11/20 10:04:24 Job submitted from host: <188.184.90.62:9618?addrs=188.184.90.62-9618+[2001-1458-201-e4--100-238]-9618&alias=bigbird16.cern.ch&noUDP&sock=schedd_5196_9a2f>
...
040 (13791712.059.000) 11/20 10:07:21 Started transferring input files
	Transferring to host: <188.185.93.15:9618?addrs=188.185.93.15-9618+[2001-1458-d00-6c--100-19a]-9618&alias=b9g57n1708.cern.ch&noUDP&sock=slot1_1_5388_1554_9699>
...
040 (13791712.059.000) 11/20 10:07:21 Finished transferring input files
...
001 (13791712.059.000) 11/20 10:07:22 Job executing on host: <188.185.93.15:9618?addrs=188.185.93.15-9618+[2001-1458-d00-6c--100-19a]-9618&alias=b9g57n1708.cern.ch&noUDP&sock=startd_5344_1e34>
	SlotName: slot1_1@b9g57n1708.cern.ch
	AvailableGPUs = { GPUs_GPU_02690ba6 }
	CondorScratchDir = "/pool/condor/dir_1829278"
	Cpus = 11
	Disk = 4195460
	GPUs = 1
	GPUs_GPU_02690ba6 = [ Id = "GPU-02690ba6"; ClockMhz = 1410.0; Capability = 8.0; CoresPerCU = 64; DeviceName = "NVIDIA A100-PCIE-40GB"; DeviceUuid = "02690ba6-da8f-b9f3-f5f5-ed6909a5a343"; ECCEnabled = true; ComputeUnits = 108; DriverVersion = 13.0; DevicePciBusId = "0000:06:00.0"; GlobalMemoryMb = 40441; MaxSupportedVersion = 13000 ]
	Memory = 33000
...
006 (13791712.059.000) 11/20 10:07:27 Image size of job updated: 1500
	0  -  MemoryUsage of job (MB)
	0  -  ResidentSetSize of job (KB)
...
040 (13791712.059.000) 11/20 10:07:28 Started transferring output files
...
040 (13791712.059.000) 11/20 10:07:28 Finished transferring output files
...
005 (13791712.059.000) 11/20 10:07:30 Job terminated.
	(1) Normal termination (return value 0)
		Usr 0 00:00:00, Sys 0 00:00:00  -  Run Remote Usage
		Usr 0 00:00:00, Sys 0 00:00:00  -  Run Local Usage
		Usr 0 00:00:00, Sys 0 00:00:00  -  Total Remote Usage
		Usr 0 00:00:00, Sys 0 00:00:00  -  Total Local Usage
	276  -  Run Bytes Sent By Job
	1410814  -  Run Bytes Received By Job
	276  -  Total Bytes Sent By Job
	1410814  -  Total Bytes Received By Job
	Partitionable Resources :    Usage  Request Allocated Assigned
	   Cpus                 :        0       11        11 
	   Disk (KB)            :     1406  4194304   4195460 
	   GPUs                 :        0        1         1 "GPU-02690ba6"
	   Memory (MB)          :        0    33000     33000 
	   TimeExecute (s)      :        5                    
	   TimeSlotBusy (s)     :        8                    

	Job terminated of its own accord at 2025-11-20T09:07:27Z with exit-code 0.
...
