000 (13791725.609.000) 11/20 10:34:58 Job submitted from host: <188.184.90.62:9618?addrs=188.184.90.62-9618+[2001-1458-201-e4--100-238]-9618&alias=bigbird16.cern.ch&noUDP&sock=schedd_5196_9a2f>
...
040 (13791725.609.000) 11/20 11:52:17 Started transferring input files
	Transferring to host: <188.185.92.254:9618?addrs=188.185.92.254-9618+[2001-1458-d00-6c--100-8f]-9618&alias=b9g57n6544.cern.ch&noUDP&sock=slot1_4_21219_7478_9949>
...
040 (13791725.609.000) 11/20 11:52:17 Finished transferring input files
...
001 (13791725.609.000) 11/20 11:52:18 Job executing on host: <188.185.92.254:9618?addrs=188.185.92.254-9618+[2001-1458-d00-6c--100-8f]-9618&alias=b9g57n6544.cern.ch&noUDP&sock=startd_20748_fb11>
	SlotName: slot1_4@b9g57n6544.cern.ch
	AvailableGPUs = { GPUs_GPU_8f5f97a2 }
	CondorScratchDir = "/pool/condor/dir_3138448"
	Cpus = 11
	Disk = 4195721
	GPUs = 1
	GPUs_GPU_8f5f97a2 = [ Id = "GPU-8f5f97a2"; ClockMhz = 1410.0; Capability = 8.0; CoresPerCU = 64; DeviceName = "NVIDIA A100-PCIE-40GB"; DeviceUuid = "8f5f97a2-c8cf-cf5d-bd1a-0a219e343c73"; ECCEnabled = true; ComputeUnits = 108; DriverVersion = 13.0; DevicePciBusId = "0000:09:00.0"; GlobalMemoryMb = 40441; MaxSupportedVersion = 13000 ]
	Memory = 33000
...
006 (13791725.609.000) 11/20 11:52:31 Image size of job updated: 275892
	270  -  MemoryUsage of job (MB)
	275892  -  ResidentSetSize of job (KB)
...
006 (13791725.609.000) 11/20 11:56:43 Image size of job updated: 4802976
	270  -  MemoryUsage of job (MB)
	275892  -  ResidentSetSize of job (KB)
...
040 (13791725.609.000) 11/20 11:56:43 Started transferring output files
...
040 (13791725.609.000) 11/20 11:56:43 Finished transferring output files
...
005 (13791725.609.000) 11/20 11:56:43 Job terminated.
	(1) Normal termination (return value 0)
		Usr 0 00:11:07, Sys 0 00:02:57  -  Run Remote Usage
		Usr 0 00:00:00, Sys 0 00:00:00  -  Run Local Usage
		Usr 0 00:11:07, Sys 0 00:02:57  -  Total Remote Usage
		Usr 0 00:00:00, Sys 0 00:00:00  -  Total Local Usage
	16758  -  Run Bytes Sent By Job
	1411571  -  Run Bytes Received By Job
	16758  -  Total Bytes Sent By Job
	1411571  -  Total Bytes Received By Job
	Partitionable Resources :    Usage  Request Allocated Assigned
	   Cpus                 :     2.44       11        11 
	   Disk (KB)            :  1419     4194304   4195721 
	   GPUs                 :     0           1         1 "GPU-8f5f97a2"
	   GpusMemory (MB)      :   596                       
	   Memory (MB)          :   270       33000     33000 
	   TimeExecute (s)      :   265                       
	   TimeSlotBusy (s)     :   266                       

	Job terminated of its own accord at 2025-11-20T10:56:43Z with exit-code 0.
...
