Processing cat000303 with 6 scenarios...
Cat directory: /eos/project-e/ep-nu/evilla/sn-pointing/cat000303
======================================================================
EMCEE RECONSTRUCTION FOR cat000303
======================================================================

Loading PDF from: /eos/home-e/evilla/dune/sn-tps/neural_networks/electron_direction/three_plane_three_plane_v58_200k_lr_schedule_20251118_110931/cosine_energy_pdf.npz
PDF loaded

======================================================================
SCENARIO (EMCEE): BEST_CASE
======================================================================

Loaded 3742 matched main-track clusters across U, V, X planes
Selected 256 ES main tracks
After E > 3 MeV cut: 256 clusters
Running emcee: 64 walkers × 2000 steps...
Acceptance fraction: 9.5%
Mean direction: θ=-29.48°, φ=76.02°
Uncertainties: Δθ=51.61°, Δφ=26.12°
68% credible angle: 27.67°

Angular error: 16.26°

======================================================================
SCENARIO (EMCEE): PERFECT_CT
======================================================================

Loaded 3742 matched main-track clusters across U, V, X planes
Selected 256 ES main tracks
Loading ED model from: /eos/home-e/evilla/dune/sn-tps/neural_networks/electron_direction/three_plane_three_plane_v58_200k_lr_schedule_20251118_110931/checkpoints/model_epoch_12_val_loss_0.8898.keras
Running ED inference...
After energy cut: 256 clusters
Running emcee: 64 walkers × 2000 steps...
Acceptance fraction: 8.5%
Mean direction: θ=-24.89°, φ=63.82°
Uncertainties: Δθ=27.22°, Δφ=16.29°
68% credible angle: 33.88°

Angular error: 13.11°

======================================================================
SCENARIO (EMCEE): FULL_PIPELINE
======================================================================

Loaded 3742 matched main-track clusters across U, V, X planes
Using all 3742 main-track clusters
Loading CT model from: /eos/user/e/evilla/dune/sn-tps/neural_networks/channel_tagging/ct_volume_v52_batch_reload_20251116_101125/best_model.keras
Running CT inference...
CT selected 3427 ES candidates from 3742 clusters
  ES prob range: [0.000, 1.000]
Loading ED model from: /eos/home-e/evilla/dune/sn-tps/neural_networks/electron_direction/three_plane_three_plane_v58_200k_lr_schedule_20251118_110931/checkpoints/model_epoch_12_val_loss_0.8898.keras
Running ED inference on 3427 clusters...
After E > 3 MeV cut: 3394 clusters
Running emcee: 64 walkers × 2000 steps...
Acceptance fraction: 5.0%
Mean direction: θ=-63.35°, φ=82.06°
Uncertainties: Δθ=62.95°, Δφ=27.59°
68% credible angle: 41.31°

Angular error: 29.69°

======================================================================
SCENARIO (EMCEE): WEIGHTED_CT
======================================================================

Loaded 3742 matched main-track clusters across U, V, X planes
Using all 3742 main-track clusters
Loading CT model from: /eos/user/e/evilla/dune/sn-tps/neural_networks/channel_tagging/ct_volume_v52_batch_reload_20251116_101125/best_model.keras
Running CT inference...
CT selected 3427 ES candidates from 3742 clusters
  ES prob range: [0.000, 1.000]
Loading ED model from: /eos/home-e/evilla/dune/sn-tps/neural_networks/electron_direction/three_plane_three_plane_v58_200k_lr_schedule_20251118_110931/checkpoints/model_epoch_12_val_loss_0.8898.keras
Running ED inference on 3427 clusters...
Using CT weights (ES probabilities)
After E > 3 MeV cut: 3394 clusters
Running weighted MCMC with 3394 weights
Running emcee: 64 walkers × 2000 steps...
Acceptance fraction: 4.6%
Mean direction: θ=-60.47°, φ=89.66°
Uncertainties: Δθ=79.03°, Δφ=29.50°
68% credible angle: 80.37°

Angular error: 33.60°

======================================================================
SCENARIO (EMCEE): PERFECT_CT_E_GT_10MEV
======================================================================

Loaded 3742 matched main-track clusters across U, V, X planes
Selected 256 ES main tracks
Loading ED model from: /eos/home-e/evilla/dune/sn-tps/neural_networks/electron_direction/three_plane_three_plane_v58_200k_lr_schedule_20251118_110931/checkpoints/model_epoch_12_val_loss_0.8898.keras
Running ED inference...
Applying E > 10 MeV cut
After energy cut: 141 clusters
Running emcee: 64 walkers × 2000 steps...
Acceptance fraction: 13.2%
Mean direction: θ=-28.46°, φ=65.31°
Uncertainties: Δθ=20.74°, Δφ=15.40°
68% credible angle: 25.90°

Angular error: 10.28°

======================================================================
SCENARIO (EMCEE): PERFECT_CT_E_GT_20MEV
======================================================================

Loaded 3742 matched main-track clusters across U, V, X planes
Selected 256 ES main tracks
Loading ED model from: /eos/home-e/evilla/dune/sn-tps/neural_networks/electron_direction/three_plane_three_plane_v58_200k_lr_schedule_20251118_110931/checkpoints/model_epoch_12_val_loss_0.8898.keras
Running ED inference...
Applying E > 20 MeV cut
After energy cut: 28 clusters
Running emcee: 64 walkers × 2000 steps...
Acceptance fraction: 30.3%
Mean direction: θ=-30.21°, φ=61.63°
Uncertainties: Δθ=21.82°, Δφ=13.67°
68% credible angle: 16.22°

Angular error: 8.32°

✓ Saved: /eos/project-e/ep-nu/evilla/sn-pointing/cat000303/pipeline/cat000303_scenario_best_case_emcee.npz

✓ Saved: /eos/project-e/ep-nu/evilla/sn-pointing/cat000303/pipeline/cat000303_scenario_perfect_ct_emcee.npz

✓ Saved: /eos/project-e/ep-nu/evilla/sn-pointing/cat000303/pipeline/cat000303_scenario_full_pipeline_emcee.npz

✓ Saved: /eos/project-e/ep-nu/evilla/sn-pointing/cat000303/pipeline/cat000303_scenario_weighted_ct_emcee.npz

✓ Saved: /eos/project-e/ep-nu/evilla/sn-pointing/cat000303/pipeline/cat000303_scenario_perfect_ct_e_gt_10mev_emcee.npz

✓ Saved: /eos/project-e/ep-nu/evilla/sn-pointing/cat000303/pipeline/cat000303_scenario_perfect_ct_e_gt_20mev_emcee.npz
✓ cat000303 completed successfully
