Processing cat000547 with 6 scenarios...
Cat directory: /eos/project-e/ep-nu/evilla/sn-pointing/cat000547
======================================================================
EMCEE RECONSTRUCTION FOR cat000547
======================================================================

Loading PDF from: /eos/home-e/evilla/dune/sn-tps/neural_networks/electron_direction/three_plane_three_plane_v58_200k_lr_schedule_20251118_110931/cosine_energy_pdf.npz
PDF loaded

======================================================================
SCENARIO (EMCEE): BEST_CASE
======================================================================

Loaded 3794 matched main-track clusters across U, V, X planes
Selected 247 ES main tracks
After E > 3 MeV cut: 247 clusters
Running emcee: 64 walkers × 2000 steps...
Acceptance fraction: 17.5%
Mean direction: θ=13.60°, φ=109.54°
Uncertainties: Δθ=27.15°, Δφ=20.54°
68% credible angle: 31.62°

Angular error: 11.65°

======================================================================
SCENARIO (EMCEE): PERFECT_CT
======================================================================

Loaded 3794 matched main-track clusters across U, V, X planes
Selected 247 ES main tracks
Loading ED model from: /eos/home-e/evilla/dune/sn-tps/neural_networks/electron_direction/three_plane_three_plane_v58_200k_lr_schedule_20251118_110931/checkpoints/model_epoch_12_val_loss_0.8898.keras
Running ED inference...
After energy cut: 247 clusters
Running emcee: 64 walkers × 2000 steps...
Acceptance fraction: 6.2%
Mean direction: θ=6.51°, φ=113.40°
Uncertainties: Δθ=20.86°, Δφ=18.59°
68% credible angle: 30.53°

Angular error: 7.50°

======================================================================
SCENARIO (EMCEE): FULL_PIPELINE
======================================================================

Loaded 3794 matched main-track clusters across U, V, X planes
Using all 3794 main-track clusters
Loading CT model from: /eos/user/e/evilla/dune/sn-tps/neural_networks/channel_tagging/ct_volume_v52_batch_reload_20251116_101125/best_model.keras
Running CT inference...
CT selected 3461 ES candidates from 3794 clusters
  ES prob range: [0.000, 1.000]
Loading ED model from: /eos/home-e/evilla/dune/sn-tps/neural_networks/electron_direction/three_plane_three_plane_v58_200k_lr_schedule_20251118_110931/checkpoints/model_epoch_12_val_loss_0.8898.keras
Running ED inference on 3461 clusters...
After E > 3 MeV cut: 3443 clusters
Running emcee: 64 walkers × 2000 steps...
Acceptance fraction: 7.4%
Mean direction: θ=-154.82°, φ=105.49°
Uncertainties: Δθ=102.96°, Δφ=35.74°
68% credible angle: 94.87°

Angular error: 131.51°

======================================================================
SCENARIO (EMCEE): WEIGHTED_CT
======================================================================

Loaded 3794 matched main-track clusters across U, V, X planes
Using all 3794 main-track clusters
Loading CT model from: /eos/user/e/evilla/dune/sn-tps/neural_networks/channel_tagging/ct_volume_v52_batch_reload_20251116_101125/best_model.keras
Running CT inference...
CT selected 3461 ES candidates from 3794 clusters
  ES prob range: [0.000, 1.000]
Loading ED model from: /eos/home-e/evilla/dune/sn-tps/neural_networks/electron_direction/three_plane_three_plane_v58_200k_lr_schedule_20251118_110931/checkpoints/model_epoch_12_val_loss_0.8898.keras
Running ED inference on 3461 clusters...
Using CT weights (ES probabilities)
After E > 3 MeV cut: 3443 clusters
Running weighted MCMC with 3443 weights
Running emcee: 64 walkers × 2000 steps...
Acceptance fraction: 2.6%
Mean direction: θ=-138.75°, φ=105.68°
Uncertainties: Δθ=102.21°, Δφ=38.53°
68% credible angle: 85.18°

Angular error: 124.48°

======================================================================
SCENARIO (EMCEE): PERFECT_CT_E_GT_10MEV
======================================================================

Loaded 3794 matched main-track clusters across U, V, X planes
Selected 247 ES main tracks
Loading ED model from: /eos/home-e/evilla/dune/sn-tps/neural_networks/electron_direction/three_plane_three_plane_v58_200k_lr_schedule_20251118_110931/checkpoints/model_epoch_12_val_loss_0.8898.keras
Running ED inference...
Applying E > 10 MeV cut
After energy cut: 134 clusters
Running emcee: 64 walkers × 2000 steps...
Acceptance fraction: 19.1%
Mean direction: θ=0.24°, φ=118.40°
Uncertainties: Δθ=21.67°, Δφ=15.73°
68% credible angle: 31.86°

Angular error: 8.11°

======================================================================
SCENARIO (EMCEE): PERFECT_CT_E_GT_20MEV
======================================================================

Loaded 3794 matched main-track clusters across U, V, X planes
Selected 247 ES main tracks
Loading ED model from: /eos/home-e/evilla/dune/sn-tps/neural_networks/electron_direction/three_plane_three_plane_v58_200k_lr_schedule_20251118_110931/checkpoints/model_epoch_12_val_loss_0.8898.keras
Running ED inference...
Applying E > 20 MeV cut
After energy cut: 34 clusters
Running emcee: 64 walkers × 2000 steps...
Acceptance fraction: 15.5%
Mean direction: θ=7.10°, φ=108.03°
Uncertainties: Δθ=48.77°, Δφ=23.61°
68% credible angle: 25.40°

Angular error: 12.62°

✓ Saved: /eos/project-e/ep-nu/evilla/sn-pointing/cat000547/pipeline/cat000547_scenario_best_case_emcee.npz

✓ Saved: /eos/project-e/ep-nu/evilla/sn-pointing/cat000547/pipeline/cat000547_scenario_perfect_ct_emcee.npz

✓ Saved: /eos/project-e/ep-nu/evilla/sn-pointing/cat000547/pipeline/cat000547_scenario_full_pipeline_emcee.npz

✓ Saved: /eos/project-e/ep-nu/evilla/sn-pointing/cat000547/pipeline/cat000547_scenario_weighted_ct_emcee.npz

✓ Saved: /eos/project-e/ep-nu/evilla/sn-pointing/cat000547/pipeline/cat000547_scenario_perfect_ct_e_gt_10mev_emcee.npz

✓ Saved: /eos/project-e/ep-nu/evilla/sn-pointing/cat000547/pipeline/cat000547_scenario_perfect_ct_e_gt_20mev_emcee.npz
✓ cat000547 completed successfully
