Processing cat000593 with 6 scenarios...
Cat directory: /eos/project-e/ep-nu/evilla/sn-pointing/cat000593
======================================================================
EMCEE RECONSTRUCTION FOR cat000593
======================================================================

Loading PDF from: /eos/home-e/evilla/dune/sn-tps/neural_networks/electron_direction/three_plane_three_plane_v58_200k_lr_schedule_20251118_110931/cosine_energy_pdf.npz
PDF loaded

======================================================================
SCENARIO (EMCEE): BEST_CASE
======================================================================

Loaded 3853 matched main-track clusters across U, V, X planes
Selected 299 ES main tracks
After E > 3 MeV cut: 299 clusters
Running emcee: 64 walkers × 2000 steps...
Acceptance fraction: 10.6%
Mean direction: θ=38.39°, φ=158.39°
Uncertainties: Δθ=57.46°, Δφ=16.85°
68% credible angle: 23.31°

Angular error: 9.23°

======================================================================
SCENARIO (EMCEE): PERFECT_CT
======================================================================

Loaded 3853 matched main-track clusters across U, V, X planes
Selected 299 ES main tracks
Loading ED model from: /eos/home-e/evilla/dune/sn-tps/neural_networks/electron_direction/three_plane_three_plane_v58_200k_lr_schedule_20251118_110931/checkpoints/model_epoch_12_val_loss_0.8898.keras
Running ED inference...
After energy cut: 299 clusters
Running emcee: 64 walkers × 2000 steps...
Acceptance fraction: 17.6%
Mean direction: θ=43.15°, φ=142.60°
Uncertainties: Δθ=58.35°, Δφ=13.75°
68% credible angle: 26.46°

Angular error: 15.80°

======================================================================
SCENARIO (EMCEE): FULL_PIPELINE
======================================================================

Loaded 3853 matched main-track clusters across U, V, X planes
Using all 3853 main-track clusters
Loading CT model from: /eos/user/e/evilla/dune/sn-tps/neural_networks/channel_tagging/ct_volume_v52_batch_reload_20251116_101125/best_model.keras
Running CT inference...
CT selected 3524 ES candidates from 3853 clusters
  ES prob range: [0.000, 1.000]
Loading ED model from: /eos/home-e/evilla/dune/sn-tps/neural_networks/electron_direction/three_plane_three_plane_v58_200k_lr_schedule_20251118_110931/checkpoints/model_epoch_12_val_loss_0.8898.keras
Running ED inference on 3524 clusters...
After E > 3 MeV cut: 3510 clusters
Running emcee: 64 walkers × 2000 steps...
Acceptance fraction: 4.7%
Mean direction: θ=-165.16°, φ=114.02°
Uncertainties: Δθ=70.16°, Δφ=31.55°
68% credible angle: 69.78°

Angular error: 83.71°

======================================================================
SCENARIO (EMCEE): WEIGHTED_CT
======================================================================

Loaded 3853 matched main-track clusters across U, V, X planes
Using all 3853 main-track clusters
Loading CT model from: /eos/user/e/evilla/dune/sn-tps/neural_networks/channel_tagging/ct_volume_v52_batch_reload_20251116_101125/best_model.keras
Running CT inference...
CT selected 3524 ES candidates from 3853 clusters
  ES prob range: [0.000, 1.000]
Loading ED model from: /eos/home-e/evilla/dune/sn-tps/neural_networks/electron_direction/three_plane_three_plane_v58_200k_lr_schedule_20251118_110931/checkpoints/model_epoch_12_val_loss_0.8898.keras
Running ED inference on 3524 clusters...
Using CT weights (ES probabilities)
After E > 3 MeV cut: 3510 clusters
Running weighted MCMC with 3510 weights
Running emcee: 64 walkers × 2000 steps...
Acceptance fraction: 5.3%
Mean direction: θ=-167.37°, φ=105.83°
Uncertainties: Δθ=84.99°, Δφ=34.51°
68% credible angle: 73.37°

Angular error: 90.87°

======================================================================
SCENARIO (EMCEE): PERFECT_CT_E_GT_10MEV
======================================================================

Loaded 3853 matched main-track clusters across U, V, X planes
Selected 299 ES main tracks
Loading ED model from: /eos/home-e/evilla/dune/sn-tps/neural_networks/electron_direction/three_plane_three_plane_v58_200k_lr_schedule_20251118_110931/checkpoints/model_epoch_12_val_loss_0.8898.keras
Running ED inference...
Applying E > 10 MeV cut
After energy cut: 160 clusters
Running emcee: 64 walkers × 2000 steps...
Acceptance fraction: 11.1%
Mean direction: θ=54.25°, φ=132.28°
Uncertainties: Δθ=69.91°, Δφ=40.62°
68% credible angle: 41.37°

Angular error: 23.63°

======================================================================
SCENARIO (EMCEE): PERFECT_CT_E_GT_20MEV
======================================================================

Loaded 3853 matched main-track clusters across U, V, X planes
Selected 299 ES main tracks
Loading ED model from: /eos/home-e/evilla/dune/sn-tps/neural_networks/electron_direction/three_plane_three_plane_v58_200k_lr_schedule_20251118_110931/checkpoints/model_epoch_12_val_loss_0.8898.keras
Running ED inference...
Applying E > 20 MeV cut
After energy cut: 28 clusters
Running emcee: 64 walkers × 2000 steps...
Acceptance fraction: 22.1%
Mean direction: θ=54.38°, φ=133.56°
Uncertainties: Δθ=67.74°, Δφ=53.16°
68% credible angle: 45.15°

Angular error: 22.35°

✓ Saved: /eos/project-e/ep-nu/evilla/sn-pointing/cat000593/pipeline/cat000593_scenario_best_case_emcee.npz

✓ Saved: /eos/project-e/ep-nu/evilla/sn-pointing/cat000593/pipeline/cat000593_scenario_perfect_ct_emcee.npz

✓ Saved: /eos/project-e/ep-nu/evilla/sn-pointing/cat000593/pipeline/cat000593_scenario_full_pipeline_emcee.npz

✓ Saved: /eos/project-e/ep-nu/evilla/sn-pointing/cat000593/pipeline/cat000593_scenario_weighted_ct_emcee.npz

✓ Saved: /eos/project-e/ep-nu/evilla/sn-pointing/cat000593/pipeline/cat000593_scenario_perfect_ct_e_gt_10mev_emcee.npz

✓ Saved: /eos/project-e/ep-nu/evilla/sn-pointing/cat000593/pipeline/cat000593_scenario_perfect_ct_e_gt_20mev_emcee.npz
✓ cat000593 completed successfully
