Processing cat000191 with 6 scenarios...
Cat directory: /eos/project-e/ep-nu/evilla/sn-pointing/cat000191
======================================================================
EMCEE RECONSTRUCTION FOR cat000191
======================================================================

Loading PDF from: /eos/home-e/evilla/dune/sn-tps/neural_networks/electron_direction/three_plane_three_plane_v58_200k_lr_schedule_20251118_110931/cosine_energy_pdf.npz
PDF loaded

======================================================================
SCENARIO (EMCEE): BEST_CASE
======================================================================

Loaded 2971 matched main-track clusters across U, V, X planes
Selected 221 ES main tracks
After E > 3 MeV cut: 221 clusters
Running emcee: 64 walkers × 2000 steps...
Acceptance fraction: 7.1%
Mean direction: θ=-170.88°, φ=114.80°
Uncertainties: Δθ=75.47°, Δφ=52.26°
68% credible angle: 57.48°

Angular error: 36.67°

======================================================================
SCENARIO (EMCEE): PERFECT_CT
======================================================================

Loaded 2971 matched main-track clusters across U, V, X planes
Selected 221 ES main tracks
Loading ED model from: /eos/home-e/evilla/dune/sn-tps/neural_networks/electron_direction/three_plane_three_plane_v58_200k_lr_schedule_20251118_110931/checkpoints/model_epoch_12_val_loss_0.8898.keras
Running ED inference...
After energy cut: 221 clusters
Running emcee: 64 walkers × 2000 steps...
Acceptance fraction: 6.7%
Mean direction: θ=-171.70°, φ=144.87°
Uncertainties: Δθ=44.87°, Δφ=19.86°
68% credible angle: 31.03°

Angular error: 8.15°

======================================================================
SCENARIO (EMCEE): FULL_PIPELINE
======================================================================

Loaded 2971 matched main-track clusters across U, V, X planes
Using all 2971 main-track clusters
Loading CT model from: /eos/user/e/evilla/dune/sn-tps/neural_networks/channel_tagging/ct_volume_v52_batch_reload_20251116_101125/best_model.keras
Running CT inference...
CT selected 2718 ES candidates from 2971 clusters
  ES prob range: [0.000, 1.000]
Loading ED model from: /eos/home-e/evilla/dune/sn-tps/neural_networks/electron_direction/three_plane_three_plane_v58_200k_lr_schedule_20251118_110931/checkpoints/model_epoch_12_val_loss_0.8898.keras
Running ED inference on 2718 clusters...
After E > 3 MeV cut: 2697 clusters
Running emcee: 64 walkers × 2000 steps...
Acceptance fraction: 3.2%
Mean direction: θ=-156.15°, φ=125.64°
Uncertainties: Δθ=70.27°, Δφ=28.81°
68% credible angle: 58.16°

Angular error: 25.45°

======================================================================
SCENARIO (EMCEE): WEIGHTED_CT
======================================================================

Loaded 2971 matched main-track clusters across U, V, X planes
Using all 2971 main-track clusters
Loading CT model from: /eos/user/e/evilla/dune/sn-tps/neural_networks/channel_tagging/ct_volume_v52_batch_reload_20251116_101125/best_model.keras
Running CT inference...
CT selected 2718 ES candidates from 2971 clusters
  ES prob range: [0.000, 1.000]
Loading ED model from: /eos/home-e/evilla/dune/sn-tps/neural_networks/electron_direction/three_plane_three_plane_v58_200k_lr_schedule_20251118_110931/checkpoints/model_epoch_12_val_loss_0.8898.keras
Running ED inference on 2718 clusters...
Using CT weights (ES probabilities)
After E > 3 MeV cut: 2697 clusters
Running weighted MCMC with 2697 weights
Running emcee: 64 walkers × 2000 steps...
Acceptance fraction: 3.7%
Mean direction: θ=175.49°, φ=125.06°
Uncertainties: Δθ=60.00°, Δφ=25.07°
68% credible angle: 50.05°

Angular error: 29.79°

======================================================================
SCENARIO (EMCEE): PERFECT_CT_E_GT_10MEV
======================================================================

Loaded 2971 matched main-track clusters across U, V, X planes
Selected 221 ES main tracks
Loading ED model from: /eos/home-e/evilla/dune/sn-tps/neural_networks/electron_direction/three_plane_three_plane_v58_200k_lr_schedule_20251118_110931/checkpoints/model_epoch_12_val_loss_0.8898.keras
Running ED inference...
Applying E > 10 MeV cut
After energy cut: 108 clusters
Running emcee: 64 walkers × 2000 steps...
Acceptance fraction: 8.4%
Mean direction: θ=-167.10°, φ=113.55°
Uncertainties: Δθ=70.67°, Δφ=48.28°
68% credible angle: 60.10°

Angular error: 37.55°

======================================================================
SCENARIO (EMCEE): PERFECT_CT_E_GT_20MEV
======================================================================

Loaded 2971 matched main-track clusters across U, V, X planes
Selected 221 ES main tracks
Loading ED model from: /eos/home-e/evilla/dune/sn-tps/neural_networks/electron_direction/three_plane_three_plane_v58_200k_lr_schedule_20251118_110931/checkpoints/model_epoch_12_val_loss_0.8898.keras
Running ED inference...
Applying E > 20 MeV cut
After energy cut: 23 clusters
Running emcee: 64 walkers × 2000 steps...
Acceptance fraction: 13.0%
Mean direction: θ=158.97°, φ=121.85°
Uncertainties: Δθ=65.59°, Δφ=50.00°
68% credible angle: 42.27°

Angular error: 38.84°

✓ Saved: /eos/project-e/ep-nu/evilla/sn-pointing/cat000191/pipeline/cat000191_scenario_best_case_emcee.npz

✓ Saved: /eos/project-e/ep-nu/evilla/sn-pointing/cat000191/pipeline/cat000191_scenario_perfect_ct_emcee.npz

✓ Saved: /eos/project-e/ep-nu/evilla/sn-pointing/cat000191/pipeline/cat000191_scenario_full_pipeline_emcee.npz

✓ Saved: /eos/project-e/ep-nu/evilla/sn-pointing/cat000191/pipeline/cat000191_scenario_weighted_ct_emcee.npz

✓ Saved: /eos/project-e/ep-nu/evilla/sn-pointing/cat000191/pipeline/cat000191_scenario_perfect_ct_e_gt_10mev_emcee.npz

✓ Saved: /eos/project-e/ep-nu/evilla/sn-pointing/cat000191/pipeline/cat000191_scenario_perfect_ct_e_gt_20mev_emcee.npz
✓ cat000191 completed successfully
