==================================================================
Processing cat000546 with EMCEE - ALL SCENARIOS
==================================================================
======================================================================
EMCEE RECONSTRUCTION FOR cat000546
======================================================================

Loading PDF from: /eos/home-e/evilla/dune/sn-tps/neural_networks/electron_direction/three_plane_three_plane_v58_200k_lr_schedule_20251118_110931/cosine_energy_pdf.npz
PDF loaded

======================================================================
SCENARIO (EMCEE): PERFECT_CT
======================================================================

Loaded 3635 matched clusters across U, V, X planes
Selected clusters: 265
Running emcee: 64 walkers × 2000 steps...
Acceptance fraction: 12.0%
Mean direction: θ=178.97°, φ=42.37°
Uncertainties: Δθ=34.15°, Δφ=18.00°
68% credible angle: 23.68°

Angular error: 25.92°

======================================================================
SCENARIO (EMCEE): ES_MAIN_CC_SHOWER
======================================================================

Loaded 3635 matched clusters across U, V, X planes
Selected clusters: 265
Running emcee: 64 walkers × 2000 steps...
Acceptance fraction: 9.7%
Mean direction: θ=170.69°, φ=43.00°
Uncertainties: Δθ=37.20°, Δφ=17.08°
68% credible angle: 26.85°

Angular error: 20.82°

======================================================================
SCENARIO (EMCEE): ES_MAIN_CC_ALL
======================================================================

Loaded 3635 matched clusters across U, V, X planes
Selected clusters: 265
Running emcee: 64 walkers × 2000 steps...
Acceptance fraction: 11.9%
Mean direction: θ=171.08°, φ=42.66°
Uncertainties: Δθ=36.30°, Δφ=17.56°
68% credible angle: 26.48°

Angular error: 20.97°

======================================================================
SCENARIO (EMCEE): ES_ALL_CC_SHOWER
======================================================================

Loaded 3635 matched clusters across U, V, X planes
Selected clusters: 265
Running emcee: 64 walkers × 2000 steps...
Acceptance fraction: 12.0%
Mean direction: θ=173.55°, φ=43.83°
Uncertainties: Δθ=34.94°, Δφ=18.68°
68% credible angle: 26.36°

Angular error: 22.95°

======================================================================
SCENARIO (EMCEE): ES_ALL_CC_ALL
======================================================================

Loaded 3635 matched clusters across U, V, X planes
Selected clusters: 265
Running emcee: 64 walkers × 2000 steps...
Acceptance fraction: 8.7%
Mean direction: θ=161.65°, φ=42.52°
Uncertainties: Δθ=38.14°, Δφ=19.01°
68% credible angle: 30.14°

Angular error: 14.83°

======================================================================
SCENARIO (EMCEE): ALL_TRACKS_ALL_SHOWERS
======================================================================

Loaded 3635 matched clusters across U, V, X planes
Selected clusters: 3635
Running emcee: 64 walkers × 2000 steps...
Acceptance fraction: 4.8%
Mean direction: θ=-179.75°, φ=93.35°
Uncertainties: Δθ=45.65°, Δφ=32.78°
68% credible angle: 58.68°

Angular error: 63.64°

✓ Saved: /eos/project-e/ep-nu/evilla/sn-pointing/cat000546/pipeline/cat000546_scenario_perfect_ct_emcee.npz

✓ Saved: /eos/project-e/ep-nu/evilla/sn-pointing/cat000546/pipeline/cat000546_scenario_es_main_cc_shower_emcee.npz

✓ Saved: /eos/project-e/ep-nu/evilla/sn-pointing/cat000546/pipeline/cat000546_scenario_es_main_cc_all_emcee.npz

✓ Saved: /eos/project-e/ep-nu/evilla/sn-pointing/cat000546/pipeline/cat000546_scenario_es_all_cc_shower_emcee.npz

✓ Saved: /eos/project-e/ep-nu/evilla/sn-pointing/cat000546/pipeline/cat000546_scenario_es_all_cc_all_emcee.npz

✓ Saved: /eos/project-e/ep-nu/evilla/sn-pointing/cat000546/pipeline/cat000546_scenario_all_tracks_all_showers_emcee.npz
✓ cat000546 completed successfully
