Processing cat000031 with 6 scenarios...
Cat directory: /eos/project-e/ep-nu/evilla/sn-pointing/cat000031
======================================================================
EMCEE RECONSTRUCTION FOR cat000031
======================================================================

Loading PDF from: /eos/home-e/evilla/dune/sn-tps/neural_networks/electron_direction/three_plane_three_plane_v58_200k_lr_schedule_20251118_110931/cosine_energy_pdf.npz
PDF loaded

======================================================================
SCENARIO (EMCEE): BEST_CASE
======================================================================

Loaded 3803 matched main-track clusters across U, V, X planes
Selected 299 ES main tracks
After E > 3 MeV cut: 298 clusters
Running emcee: 64 walkers × 2000 steps...
Acceptance fraction: 7.8%
Mean direction: θ=-100.07°, φ=126.40°
Uncertainties: Δθ=39.99°, Δφ=28.03°
68% credible angle: 29.79°

Angular error: 4.30°

======================================================================
SCENARIO (EMCEE): PERFECT_CT
======================================================================

Loaded 3803 matched main-track clusters across U, V, X planes
Selected 299 ES main tracks
Loading ED model from: /eos/home-e/evilla/dune/sn-tps/neural_networks/electron_direction/three_plane_three_plane_v58_200k_lr_schedule_20251118_110931/checkpoints/model_epoch_12_val_loss_0.8898.keras
Running ED inference...
After energy cut: 298 clusters
Running emcee: 64 walkers × 2000 steps...
Acceptance fraction: 9.9%
Mean direction: θ=-98.29°, φ=128.88°
Uncertainties: Δθ=35.96°, Δφ=16.56°
68% credible angle: 22.85°

Angular error: 3.34°

======================================================================
SCENARIO (EMCEE): FULL_PIPELINE
======================================================================

Loaded 3803 matched main-track clusters across U, V, X planes
Using all 3803 main-track clusters
Loading CT model from: /eos/user/e/evilla/dune/sn-tps/neural_networks/channel_tagging/ct_volume_v52_batch_reload_20251116_101125/best_model.keras
Running CT inference...
CT selected 3470 ES candidates from 3803 clusters
  ES prob range: [0.000, 1.000]
Loading ED model from: /eos/home-e/evilla/dune/sn-tps/neural_networks/electron_direction/three_plane_three_plane_v58_200k_lr_schedule_20251118_110931/checkpoints/model_epoch_12_val_loss_0.8898.keras
Running ED inference on 3470 clusters...
After E > 3 MeV cut: 3443 clusters
Running emcee: 64 walkers × 2000 steps...
Acceptance fraction: 7.4%
Mean direction: θ=-153.63°, φ=126.21°
Uncertainties: Δθ=51.53°, Δφ=16.40°
68% credible angle: 30.20°

Angular error: 46.46°

======================================================================
SCENARIO (EMCEE): WEIGHTED_CT
======================================================================

Loaded 3803 matched main-track clusters across U, V, X planes
Using all 3803 main-track clusters
Loading CT model from: /eos/user/e/evilla/dune/sn-tps/neural_networks/channel_tagging/ct_volume_v52_batch_reload_20251116_101125/best_model.keras
Running CT inference...
CT selected 3470 ES candidates from 3803 clusters
  ES prob range: [0.000, 1.000]
Loading ED model from: /eos/home-e/evilla/dune/sn-tps/neural_networks/electron_direction/three_plane_three_plane_v58_200k_lr_schedule_20251118_110931/checkpoints/model_epoch_12_val_loss_0.8898.keras
Running ED inference on 3470 clusters...
Using CT weights (ES probabilities)
After E > 3 MeV cut: 3443 clusters
Running weighted MCMC with 3443 weights
Running emcee: 64 walkers × 2000 steps...
Acceptance fraction: 5.1%
Mean direction: θ=-155.72°, φ=114.59°
Uncertainties: Δθ=58.74°, Δφ=28.95°
68% credible angle: 64.51°

Angular error: 52.91°

======================================================================
SCENARIO (EMCEE): PERFECT_CT_E_GT_10MEV
======================================================================

Loaded 3803 matched main-track clusters across U, V, X planes
Selected 299 ES main tracks
Loading ED model from: /eos/home-e/evilla/dune/sn-tps/neural_networks/electron_direction/three_plane_three_plane_v58_200k_lr_schedule_20251118_110931/checkpoints/model_epoch_12_val_loss_0.8898.keras
Running ED inference...
Applying E > 10 MeV cut
After energy cut: 170 clusters
Running emcee: 64 walkers × 2000 steps...
Acceptance fraction: 8.5%
Mean direction: θ=-122.63°, φ=131.21°
Uncertainties: Δθ=46.97°, Δφ=23.17°
68% credible angle: 43.92°

Angular error: 21.92°

======================================================================
SCENARIO (EMCEE): PERFECT_CT_E_GT_20MEV
======================================================================

Loaded 3803 matched main-track clusters across U, V, X planes
Selected 299 ES main tracks
Loading ED model from: /eos/home-e/evilla/dune/sn-tps/neural_networks/electron_direction/three_plane_three_plane_v58_200k_lr_schedule_20251118_110931/checkpoints/model_epoch_12_val_loss_0.8898.keras
Running ED inference...
Applying E > 20 MeV cut
After energy cut: 31 clusters
Running emcee: 64 walkers × 2000 steps...
Acceptance fraction: 16.3%
Mean direction: θ=-134.62°, φ=143.54°
Uncertainties: Δθ=40.22°, Δφ=13.55°
68% credible angle: 25.75°

Angular error: 31.94°

✓ Saved: /eos/project-e/ep-nu/evilla/sn-pointing/cat000031/pipeline/cat000031_scenario_best_case_emcee.npz

✓ Saved: /eos/project-e/ep-nu/evilla/sn-pointing/cat000031/pipeline/cat000031_scenario_perfect_ct_emcee.npz

✓ Saved: /eos/project-e/ep-nu/evilla/sn-pointing/cat000031/pipeline/cat000031_scenario_full_pipeline_emcee.npz

✓ Saved: /eos/project-e/ep-nu/evilla/sn-pointing/cat000031/pipeline/cat000031_scenario_weighted_ct_emcee.npz

✓ Saved: /eos/project-e/ep-nu/evilla/sn-pointing/cat000031/pipeline/cat000031_scenario_perfect_ct_e_gt_10mev_emcee.npz

✓ Saved: /eos/project-e/ep-nu/evilla/sn-pointing/cat000031/pipeline/cat000031_scenario_perfect_ct_e_gt_20mev_emcee.npz
✓ cat000031 completed successfully
