Processing cat000068 with 6 scenarios...
Cat directory: /eos/project-e/ep-nu/evilla/sn-pointing/cat000068
======================================================================
EMCEE RECONSTRUCTION FOR cat000068
======================================================================

Loading PDF from: /eos/home-e/evilla/dune/sn-tps/neural_networks/electron_direction/three_plane_three_plane_v58_200k_lr_schedule_20251118_110931/cosine_energy_pdf.npz
PDF loaded

======================================================================
SCENARIO (EMCEE): BEST_CASE
======================================================================

Loaded 3840 matched main-track clusters across U, V, X planes
Selected 291 ES main tracks
After E > 3 MeV cut: 291 clusters
Running emcee: 64 walkers × 2000 steps...
Acceptance fraction: 10.7%
Mean direction: θ=97.02°, φ=88.12°
Uncertainties: Δθ=73.83°, Δφ=17.95°
68% credible angle: 28.39°

Angular error: 5.03°

======================================================================
SCENARIO (EMCEE): PERFECT_CT
======================================================================

Loaded 3840 matched main-track clusters across U, V, X planes
Selected 291 ES main tracks
Loading ED model from: /eos/home-e/evilla/dune/sn-tps/neural_networks/electron_direction/three_plane_three_plane_v58_200k_lr_schedule_20251118_110931/checkpoints/model_epoch_12_val_loss_0.8898.keras
Running ED inference...
After energy cut: 291 clusters
Running emcee: 64 walkers × 2000 steps...
Acceptance fraction: 10.4%
Mean direction: θ=142.43°, φ=87.51°
Uncertainties: Δθ=84.94°, Δφ=20.62°
68% credible angle: 104.14°

Angular error: 40.35°

======================================================================
SCENARIO (EMCEE): FULL_PIPELINE
======================================================================

Loaded 3840 matched main-track clusters across U, V, X planes
Using all 3840 main-track clusters
Loading CT model from: /eos/user/e/evilla/dune/sn-tps/neural_networks/channel_tagging/ct_volume_v52_batch_reload_20251116_101125/best_model.keras
Running CT inference...
CT selected 3499 ES candidates from 3840 clusters
  ES prob range: [0.000, 1.000]
Loading ED model from: /eos/home-e/evilla/dune/sn-tps/neural_networks/electron_direction/three_plane_three_plane_v58_200k_lr_schedule_20251118_110931/checkpoints/model_epoch_12_val_loss_0.8898.keras
Running ED inference on 3499 clusters...
After E > 3 MeV cut: 3479 clusters
Running emcee: 64 walkers × 2000 steps...
Acceptance fraction: 3.4%
Mean direction: θ=-138.08°, φ=90.71°
Uncertainties: Δθ=81.35°, Δφ=30.82°
68% credible angle: 92.05°

Angular error: 119.88°

======================================================================
SCENARIO (EMCEE): WEIGHTED_CT
======================================================================

Loaded 3840 matched main-track clusters across U, V, X planes
Using all 3840 main-track clusters
Loading CT model from: /eos/user/e/evilla/dune/sn-tps/neural_networks/channel_tagging/ct_volume_v52_batch_reload_20251116_101125/best_model.keras
Running CT inference...
CT selected 3499 ES candidates from 3840 clusters
  ES prob range: [0.000, 1.000]
Loading ED model from: /eos/home-e/evilla/dune/sn-tps/neural_networks/electron_direction/three_plane_three_plane_v58_200k_lr_schedule_20251118_110931/checkpoints/model_epoch_12_val_loss_0.8898.keras
Running ED inference on 3499 clusters...
Using CT weights (ES probabilities)
After E > 3 MeV cut: 3479 clusters
Running weighted MCMC with 3479 weights
Running emcee: 64 walkers × 2000 steps...
Acceptance fraction: 2.7%
Mean direction: θ=-126.77°, φ=92.13°
Uncertainties: Δθ=90.16°, Δφ=30.87°
68% credible angle: 100.67°

Angular error: 131.23°

======================================================================
SCENARIO (EMCEE): PERFECT_CT_E_GT_10MEV
======================================================================

Loaded 3840 matched main-track clusters across U, V, X planes
Selected 291 ES main tracks
Loading ED model from: /eos/home-e/evilla/dune/sn-tps/neural_networks/electron_direction/three_plane_three_plane_v58_200k_lr_schedule_20251118_110931/checkpoints/model_epoch_12_val_loss_0.8898.keras
Running ED inference...
Applying E > 10 MeV cut
After energy cut: 164 clusters
Running emcee: 64 walkers × 2000 steps...
Acceptance fraction: 9.6%
Mean direction: θ=-159.64°, φ=89.49°
Uncertainties: Δθ=130.85°, Δφ=15.76°
68% credible angle: 92.46°

Angular error: 98.29°

======================================================================
SCENARIO (EMCEE): PERFECT_CT_E_GT_20MEV
======================================================================

Loaded 3840 matched main-track clusters across U, V, X planes
Selected 291 ES main tracks
Loading ED model from: /eos/home-e/evilla/dune/sn-tps/neural_networks/electron_direction/three_plane_three_plane_v58_200k_lr_schedule_20251118_110931/checkpoints/model_epoch_12_val_loss_0.8898.keras
Running ED inference...
Applying E > 20 MeV cut
After energy cut: 38 clusters
Running emcee: 64 walkers × 2000 steps...
Acceptance fraction: 10.3%
Mean direction: θ=94.15°, φ=84.89°
Uncertainties: Δθ=117.31°, Δφ=12.57°
68% credible angle: 151.16°

Angular error: 8.41°

✓ Saved: /eos/project-e/ep-nu/evilla/sn-pointing/cat000068/pipeline/cat000068_scenario_best_case_emcee.npz

✓ Saved: /eos/project-e/ep-nu/evilla/sn-pointing/cat000068/pipeline/cat000068_scenario_perfect_ct_emcee.npz

✓ Saved: /eos/project-e/ep-nu/evilla/sn-pointing/cat000068/pipeline/cat000068_scenario_full_pipeline_emcee.npz

✓ Saved: /eos/project-e/ep-nu/evilla/sn-pointing/cat000068/pipeline/cat000068_scenario_weighted_ct_emcee.npz

✓ Saved: /eos/project-e/ep-nu/evilla/sn-pointing/cat000068/pipeline/cat000068_scenario_perfect_ct_e_gt_10mev_emcee.npz

✓ Saved: /eos/project-e/ep-nu/evilla/sn-pointing/cat000068/pipeline/cat000068_scenario_perfect_ct_e_gt_20mev_emcee.npz
✓ cat000068 completed successfully
