==================================================================
Processing cat000492 with EMCEE - ALL SCENARIOS
==================================================================
======================================================================
EMCEE RECONSTRUCTION FOR cat000492
======================================================================

Loading PDF from: /eos/home-e/evilla/dune/sn-tps/neural_networks/electron_direction/three_plane_three_plane_v58_200k_lr_schedule_20251118_110931/cosine_energy_pdf.npz
PDF loaded

======================================================================
SCENARIO (EMCEE): PERFECT_CT
======================================================================

Loaded 3489 matched clusters across U, V, X planes
Selected clusters: 261
Running emcee: 64 walkers × 2000 steps...
Acceptance fraction: 11.3%
Mean direction: θ=-31.75°, φ=76.37°
Uncertainties: Δθ=15.94°, Δφ=16.34°
68% credible angle: 24.49°

Angular error: 12.12°

======================================================================
SCENARIO (EMCEE): ES_MAIN_CC_SHOWER
======================================================================

Loaded 3489 matched clusters across U, V, X planes
Selected clusters: 261
Running emcee: 64 walkers × 2000 steps...
Acceptance fraction: 12.2%
Mean direction: θ=-35.81°, φ=72.29°
Uncertainties: Δθ=15.81°, Δφ=14.90°
68% credible angle: 20.40°

Angular error: 11.93°

======================================================================
SCENARIO (EMCEE): ES_MAIN_CC_ALL
======================================================================

Loaded 3489 matched clusters across U, V, X planes
Selected clusters: 261
Running emcee: 64 walkers × 2000 steps...
Acceptance fraction: 11.3%
Mean direction: θ=-33.83°, φ=73.37°
Uncertainties: Δθ=16.97°, Δφ=15.81°
68% credible angle: 21.55°

Angular error: 12.30°

======================================================================
SCENARIO (EMCEE): ES_ALL_CC_SHOWER
======================================================================

Loaded 3489 matched clusters across U, V, X planes
Selected clusters: 261
Running emcee: 64 walkers × 2000 steps...
Acceptance fraction: 13.6%
Mean direction: θ=-24.34°, φ=77.98°
Uncertainties: Δθ=17.69°, Δφ=16.34°
68% credible angle: 27.21°

Angular error: 18.42°

======================================================================
SCENARIO (EMCEE): ES_ALL_CC_ALL
======================================================================

Loaded 3489 matched clusters across U, V, X planes
Selected clusters: 261
Running emcee: 64 walkers × 2000 steps...
Acceptance fraction: 13.3%
Mean direction: θ=-34.07°, φ=79.27°
Uncertainties: Δθ=15.73°, Δφ=14.74°
68% credible angle: 27.10°

Angular error: 8.88°

======================================================================
SCENARIO (EMCEE): ALL_TRACKS_ALL_SHOWERS
======================================================================

Loaded 3489 matched clusters across U, V, X planes
Selected clusters: 3489
Running emcee: 64 walkers × 2000 steps...
Acceptance fraction: 3.4%
Mean direction: θ=-66.37°, φ=86.23°
Uncertainties: Δθ=59.99°, Δφ=35.92°
68% credible angle: 59.04°

Angular error: 24.04°

✓ Saved: /eos/project-e/ep-nu/evilla/sn-pointing/cat000492/pipeline/cat000492_scenario_perfect_ct_emcee.npz

✓ Saved: /eos/project-e/ep-nu/evilla/sn-pointing/cat000492/pipeline/cat000492_scenario_es_main_cc_shower_emcee.npz

✓ Saved: /eos/project-e/ep-nu/evilla/sn-pointing/cat000492/pipeline/cat000492_scenario_es_main_cc_all_emcee.npz

✓ Saved: /eos/project-e/ep-nu/evilla/sn-pointing/cat000492/pipeline/cat000492_scenario_es_all_cc_shower_emcee.npz

✓ Saved: /eos/project-e/ep-nu/evilla/sn-pointing/cat000492/pipeline/cat000492_scenario_es_all_cc_all_emcee.npz

✓ Saved: /eos/project-e/ep-nu/evilla/sn-pointing/cat000492/pipeline/cat000492_scenario_all_tracks_all_showers_emcee.npz
✓ cat000492 completed successfully
