Processing cat000460 with 6 scenarios...
Cat directory: /eos/project-e/ep-nu/evilla/sn-pointing/cat000460
======================================================================
EMCEE RECONSTRUCTION FOR cat000460
======================================================================

Loading PDF from: /eos/home-e/evilla/dune/sn-tps/neural_networks/electron_direction/three_plane_three_plane_v58_200k_lr_schedule_20251118_110931/cosine_energy_pdf.npz
PDF loaded

======================================================================
SCENARIO (EMCEE): BEST_CASE
======================================================================

Loaded 3307 matched main-track clusters across U, V, X planes
Selected 287 ES main tracks
After E > 3 MeV cut: 287 clusters
Running emcee: 64 walkers × 2000 steps...
Acceptance fraction: 10.7%
Mean direction: θ=-40.72°, φ=127.97°
Uncertainties: Δθ=36.68°, Δφ=17.10°
68% credible angle: 23.09°

Angular error: 13.02°

======================================================================
SCENARIO (EMCEE): PERFECT_CT
======================================================================

Loaded 3307 matched main-track clusters across U, V, X planes
Selected 287 ES main tracks
Loading ED model from: /eos/home-e/evilla/dune/sn-tps/neural_networks/electron_direction/three_plane_three_plane_v58_200k_lr_schedule_20251118_110931/checkpoints/model_epoch_12_val_loss_0.8898.keras
Running ED inference...
After energy cut: 287 clusters
Running emcee: 64 walkers × 2000 steps...
Acceptance fraction: 11.8%
Mean direction: θ=-35.61°, φ=129.69°
Uncertainties: Δθ=24.51°, Δφ=5.13°
68% credible angle: 18.38°

Angular error: 12.90°

======================================================================
SCENARIO (EMCEE): FULL_PIPELINE
======================================================================

Loaded 3307 matched main-track clusters across U, V, X planes
Using all 3307 main-track clusters
Loading CT model from: /eos/user/e/evilla/dune/sn-tps/neural_networks/channel_tagging/ct_volume_v52_batch_reload_20251116_101125/best_model.keras
Running CT inference...
CT selected 3037 ES candidates from 3307 clusters
  ES prob range: [0.000, 1.000]
Loading ED model from: /eos/home-e/evilla/dune/sn-tps/neural_networks/electron_direction/three_plane_three_plane_v58_200k_lr_schedule_20251118_110931/checkpoints/model_epoch_12_val_loss_0.8898.keras
Running ED inference on 3037 clusters...
After E > 3 MeV cut: 3021 clusters
Running emcee: 64 walkers × 2000 steps...
Acceptance fraction: 4.0%
Mean direction: θ=-165.60°, φ=118.50°
Uncertainties: Δθ=83.63°, Δφ=27.80°
68% credible angle: 71.86°

Angular error: 84.90°

======================================================================
SCENARIO (EMCEE): WEIGHTED_CT
======================================================================

Loaded 3307 matched main-track clusters across U, V, X planes
Using all 3307 main-track clusters
Loading CT model from: /eos/user/e/evilla/dune/sn-tps/neural_networks/channel_tagging/ct_volume_v52_batch_reload_20251116_101125/best_model.keras
Running CT inference...
CT selected 3037 ES candidates from 3307 clusters
  ES prob range: [0.000, 1.000]
Loading ED model from: /eos/home-e/evilla/dune/sn-tps/neural_networks/electron_direction/three_plane_three_plane_v58_200k_lr_schedule_20251118_110931/checkpoints/model_epoch_12_val_loss_0.8898.keras
Running ED inference on 3037 clusters...
Using CT weights (ES probabilities)
After E > 3 MeV cut: 3021 clusters
Running weighted MCMC with 3021 weights
Running emcee: 64 walkers × 2000 steps...
Acceptance fraction: 5.6%
Mean direction: θ=-143.57°, φ=125.28°
Uncertainties: Δθ=83.84°, Δφ=22.04°
68% credible angle: 61.80°

Angular error: 68.04°

======================================================================
SCENARIO (EMCEE): PERFECT_CT_E_GT_10MEV
======================================================================

Loaded 3307 matched main-track clusters across U, V, X planes
Selected 287 ES main tracks
Loading ED model from: /eos/home-e/evilla/dune/sn-tps/neural_networks/electron_direction/three_plane_three_plane_v58_200k_lr_schedule_20251118_110931/checkpoints/model_epoch_12_val_loss_0.8898.keras
Running ED inference...
Applying E > 10 MeV cut
After energy cut: 148 clusters
Running emcee: 64 walkers × 2000 steps...
Acceptance fraction: 17.1%
Mean direction: θ=-36.08°, φ=133.88°
Uncertainties: Δθ=29.94°, Δφ=11.92°
68% credible angle: 26.32°

Angular error: 9.26°

======================================================================
SCENARIO (EMCEE): PERFECT_CT_E_GT_20MEV
======================================================================

Loaded 3307 matched main-track clusters across U, V, X planes
Selected 287 ES main tracks
Loading ED model from: /eos/home-e/evilla/dune/sn-tps/neural_networks/electron_direction/three_plane_three_plane_v58_200k_lr_schedule_20251118_110931/checkpoints/model_epoch_12_val_loss_0.8898.keras
Running ED inference...
Applying E > 20 MeV cut
After energy cut: 28 clusters
Running emcee: 64 walkers × 2000 steps...
Acceptance fraction: 21.7%
Mean direction: θ=-19.89°, φ=124.09°
Uncertainties: Δθ=52.32°, Δφ=37.69°
68% credible angle: 31.89°

Angular error: 24.90°

✓ Saved: /eos/project-e/ep-nu/evilla/sn-pointing/cat000460/pipeline/cat000460_scenario_best_case_emcee.npz

✓ Saved: /eos/project-e/ep-nu/evilla/sn-pointing/cat000460/pipeline/cat000460_scenario_perfect_ct_emcee.npz

✓ Saved: /eos/project-e/ep-nu/evilla/sn-pointing/cat000460/pipeline/cat000460_scenario_full_pipeline_emcee.npz

✓ Saved: /eos/project-e/ep-nu/evilla/sn-pointing/cat000460/pipeline/cat000460_scenario_weighted_ct_emcee.npz

✓ Saved: /eos/project-e/ep-nu/evilla/sn-pointing/cat000460/pipeline/cat000460_scenario_perfect_ct_e_gt_10mev_emcee.npz

✓ Saved: /eos/project-e/ep-nu/evilla/sn-pointing/cat000460/pipeline/cat000460_scenario_perfect_ct_e_gt_20mev_emcee.npz
✓ cat000460 completed successfully
