000 (13791725.193.000) 11/20 10:34:58 Job submitted from host: <188.184.90.62:9618?addrs=188.184.90.62-9618+[2001-1458-201-e4--100-238]-9618&alias=bigbird16.cern.ch&noUDP&sock=schedd_5196_9a2f>
...
040 (13791725.193.000) 11/20 10:57:13 Started transferring input files
	Transferring to host: <188.185.92.130:9618?addrs=188.185.92.130-9618+[2001-1458-d00-6c--100-3d4]-9618&alias=b9g57n6407.cern.ch&noUDP&sock=slot1_1_15811_079c_9760>
...
040 (13791725.193.000) 11/20 10:57:13 Finished transferring input files
...
001 (13791725.193.000) 11/20 10:57:15 Job executing on host: <188.185.92.130:9618?addrs=188.185.92.130-9618+[2001-1458-d00-6c--100-3d4]-9618&alias=b9g57n6407.cern.ch&noUDP&sock=startd_14825_4b9e>
	SlotName: slot1_1@b9g57n6407.cern.ch
	AvailableGPUs = { GPUs_GPU_47e13020 }
	CondorScratchDir = "/pool/condor/dir_941656"
	Cpus = 11
	Disk = 4195346
	GPUs = 1
	GPUs_GPU_47e13020 = [ Id = "GPU-47e13020"; ClockMhz = 1410.0; Capability = 8.0; CoresPerCU = 64; DeviceName = "NVIDIA A100-PCIE-40GB"; DeviceUuid = "47e13020-0bf2-ad62-b596-87133bf5bb68"; ECCEnabled = true; ComputeUnits = 108; DriverVersion = 13.0; DevicePciBusId = "0000:06:00.0"; GlobalMemoryMb = 40441; MaxSupportedVersion = 13000 ]
	Memory = 33000
...
006 (13791725.193.000) 11/20 10:57:29 Image size of job updated: 332464
	325  -  MemoryUsage of job (MB)
	332464  -  ResidentSetSize of job (KB)
...
006 (13791725.193.000) 11/20 11:00:14 Image size of job updated: 2041460
	325  -  MemoryUsage of job (MB)
	332464  -  ResidentSetSize of job (KB)
...
040 (13791725.193.000) 11/20 11:00:15 Started transferring output files
...
040 (13791725.193.000) 11/20 11:00:15 Finished transferring output files
...
005 (13791725.193.000) 11/20 11:00:15 Job terminated.
	(1) Normal termination (return value 0)
		Usr 0 00:05:27, Sys 0 00:00:25  -  Run Remote Usage
		Usr 0 00:00:00, Sys 0 00:00:00  -  Run Local Usage
		Usr 0 00:05:27, Sys 0 00:00:25  -  Total Remote Usage
		Usr 0 00:00:00, Sys 0 00:00:00  -  Total Local Usage
	17474  -  Run Bytes Sent By Job
	1411571  -  Run Bytes Received By Job
	17474  -  Total Bytes Sent By Job
	1411571  -  Total Bytes Received By Job
	Partitionable Resources :    Usage  Request Allocated Assigned
	   Cpus                 :        0       11        11 
	   Disk (KB)            :     1420  4194304   4195346 
	   GPUs                 :                 1         1 "GPU-47e13020"
	   Memory (MB)          :      325    33000     33000 
	   TimeExecute (s)      :      180                    
	   TimeSlotBusy (s)     :      182                    

	Job terminated of its own accord at 2025-11-20T10:00:14Z with exit-code 0.
...
