==================================================================
Processing cat000575 with EMCEE - ALL SCENARIOS
==================================================================
======================================================================
EMCEE RECONSTRUCTION FOR cat000575
======================================================================

Loading PDF from: /eos/home-e/evilla/dune/sn-tps/neural_networks/electron_direction/three_plane_three_plane_v58_200k_lr_schedule_20251118_110931/cosine_energy_pdf.npz
PDF loaded

======================================================================
SCENARIO (EMCEE): PERFECT_CT
======================================================================

Loaded 3333 matched clusters across U, V, X planes
Selected clusters: 286
Running emcee: 64 walkers × 2000 steps...
Acceptance fraction: 13.8%
Mean direction: θ=174.07°, φ=42.99°
Uncertainties: Δθ=42.04°, Δφ=10.11°
68% credible angle: 31.38°

Angular error: 18.95°

======================================================================
SCENARIO (EMCEE): ES_MAIN_CC_SHOWER
======================================================================

Loaded 3333 matched clusters across U, V, X planes
Selected clusters: 286
Running emcee: 64 walkers × 2000 steps...
Acceptance fraction: 14.7%
Mean direction: θ=168.52°, φ=41.66°
Uncertainties: Δθ=48.62°, Δφ=12.26°
68% credible angle: 22.58°

Angular error: 20.35°

======================================================================
SCENARIO (EMCEE): ES_MAIN_CC_ALL
======================================================================

Loaded 3333 matched clusters across U, V, X planes
Selected clusters: 286
Running emcee: 64 walkers × 2000 steps...
Acceptance fraction: 13.6%
Mean direction: θ=-170.34°, φ=37.44°
Uncertainties: Δθ=64.80°, Δφ=18.06°
68% credible angle: 34.53°

Angular error: 8.81°

======================================================================
SCENARIO (EMCEE): ES_ALL_CC_SHOWER
======================================================================

Loaded 3333 matched clusters across U, V, X planes
Selected clusters: 286
Running emcee: 64 walkers × 2000 steps...
Acceptance fraction: 12.1%
Mean direction: θ=-171.25°, φ=37.49°
Uncertainties: Δθ=60.91°, Δφ=14.42°
68% credible angle: 33.99°

Angular error: 9.10°

======================================================================
SCENARIO (EMCEE): ES_ALL_CC_ALL
======================================================================

Loaded 3333 matched clusters across U, V, X planes
Selected clusters: 286
Running emcee: 64 walkers × 2000 steps...
Acceptance fraction: 13.8%
Mean direction: θ=-176.83°, φ=40.97°
Uncertainties: Δθ=49.76°, Δφ=11.32°
68% credible angle: 31.17°

Angular error: 13.86°

======================================================================
SCENARIO (EMCEE): ALL_TRACKS_ALL_SHOWERS
======================================================================

Loaded 3333 matched clusters across U, V, X planes
Selected clusters: 3333
Running emcee: 64 walkers × 2000 steps...
Acceptance fraction: 3.9%
Mean direction: θ=179.37°, φ=79.57°
Uncertainties: Δθ=48.68°, Δφ=31.48°
68% credible angle: 57.00°

Angular error: 51.62°

✓ Saved: /eos/project-e/ep-nu/evilla/sn-pointing/cat000575/pipeline/cat000575_scenario_perfect_ct_emcee.npz

✓ Saved: /eos/project-e/ep-nu/evilla/sn-pointing/cat000575/pipeline/cat000575_scenario_es_main_cc_shower_emcee.npz

✓ Saved: /eos/project-e/ep-nu/evilla/sn-pointing/cat000575/pipeline/cat000575_scenario_es_main_cc_all_emcee.npz

✓ Saved: /eos/project-e/ep-nu/evilla/sn-pointing/cat000575/pipeline/cat000575_scenario_es_all_cc_shower_emcee.npz

✓ Saved: /eos/project-e/ep-nu/evilla/sn-pointing/cat000575/pipeline/cat000575_scenario_es_all_cc_all_emcee.npz

✓ Saved: /eos/project-e/ep-nu/evilla/sn-pointing/cat000575/pipeline/cat000575_scenario_all_tracks_all_showers_emcee.npz
✓ cat000575 completed successfully
