==================================================================
Processing cat000479 with EMCEE - ALL SCENARIOS
==================================================================
======================================================================
EMCEE RECONSTRUCTION FOR cat000479
======================================================================

Loading PDF from: /eos/home-e/evilla/dune/sn-tps/neural_networks/electron_direction/three_plane_three_plane_v58_200k_lr_schedule_20251118_110931/cosine_energy_pdf.npz
PDF loaded

======================================================================
SCENARIO (EMCEE): PERFECT_CT
======================================================================

Loaded 3515 matched clusters across U, V, X planes
Selected clusters: 276
Running emcee: 64 walkers × 2000 steps...
Acceptance fraction: 8.7%
Mean direction: θ=-155.13°, φ=131.52°
Uncertainties: Δθ=32.18°, Δφ=15.16°
68% credible angle: 28.19°

Angular error: 12.16°

======================================================================
SCENARIO (EMCEE): ES_MAIN_CC_SHOWER
======================================================================

Loaded 3515 matched clusters across U, V, X planes
Selected clusters: 276
Running emcee: 64 walkers × 2000 steps...
Acceptance fraction: 8.7%
Mean direction: θ=-167.78°, φ=130.26°
Uncertainties: Δθ=33.85°, Δφ=16.00°
68% credible angle: 28.37°

Angular error: 21.80°

======================================================================
SCENARIO (EMCEE): ES_MAIN_CC_ALL
======================================================================

Loaded 3515 matched clusters across U, V, X planes
Selected clusters: 276
Running emcee: 64 walkers × 2000 steps...
Acceptance fraction: 9.7%
Mean direction: θ=-171.26°, φ=131.92°
Uncertainties: Δθ=31.00°, Δφ=17.32°
68% credible angle: 25.50°

Angular error: 24.08°

======================================================================
SCENARIO (EMCEE): ES_ALL_CC_SHOWER
======================================================================

Loaded 3515 matched clusters across U, V, X planes
Selected clusters: 276
Running emcee: 64 walkers × 2000 steps...
Acceptance fraction: 8.7%
Mean direction: θ=-166.97°, φ=132.14°
Uncertainties: Δθ=34.53°, Δφ=17.47°
68% credible angle: 27.02°

Angular error: 20.89°

======================================================================
SCENARIO (EMCEE): ES_ALL_CC_ALL
======================================================================

Loaded 3515 matched clusters across U, V, X planes
Selected clusters: 276
Running emcee: 64 walkers × 2000 steps...
Acceptance fraction: 7.1%
Mean direction: θ=-168.18°, φ=136.86°
Uncertainties: Δθ=33.57°, Δφ=15.15°
68% credible angle: 27.94°

Angular error: 21.68°

======================================================================
SCENARIO (EMCEE): ALL_TRACKS_ALL_SHOWERS
======================================================================

Loaded 3515 matched clusters across U, V, X planes
Selected clusters: 3515
Running emcee: 64 walkers × 2000 steps...
Acceptance fraction: 4.5%
Mean direction: θ=-167.99°, φ=116.99°
Uncertainties: Δθ=41.93°, Δφ=21.34°
68% credible angle: 42.30°

Angular error: 27.71°

✓ Saved: /eos/project-e/ep-nu/evilla/sn-pointing/cat000479/pipeline/cat000479_scenario_perfect_ct_emcee.npz

✓ Saved: /eos/project-e/ep-nu/evilla/sn-pointing/cat000479/pipeline/cat000479_scenario_es_main_cc_shower_emcee.npz

✓ Saved: /eos/project-e/ep-nu/evilla/sn-pointing/cat000479/pipeline/cat000479_scenario_es_main_cc_all_emcee.npz

✓ Saved: /eos/project-e/ep-nu/evilla/sn-pointing/cat000479/pipeline/cat000479_scenario_es_all_cc_shower_emcee.npz

✓ Saved: /eos/project-e/ep-nu/evilla/sn-pointing/cat000479/pipeline/cat000479_scenario_es_all_cc_all_emcee.npz

✓ Saved: /eos/project-e/ep-nu/evilla/sn-pointing/cat000479/pipeline/cat000479_scenario_all_tracks_all_showers_emcee.npz
✓ cat000479 completed successfully
