Processing cat000340 with 6 scenarios...
Cat directory: /eos/project-e/ep-nu/evilla/sn-pointing/cat000340
======================================================================
EMCEE RECONSTRUCTION FOR cat000340
======================================================================

Loading PDF from: /eos/home-e/evilla/dune/sn-tps/neural_networks/electron_direction/three_plane_three_plane_v58_200k_lr_schedule_20251118_110931/cosine_energy_pdf.npz
PDF loaded

======================================================================
SCENARIO (EMCEE): BEST_CASE
======================================================================

Loaded 3584 matched main-track clusters across U, V, X planes
Selected 280 ES main tracks
After E > 3 MeV cut: 280 clusters
Running emcee: 64 walkers × 2000 steps...
Acceptance fraction: 7.8%
Mean direction: θ=127.39°, φ=113.03°
Uncertainties: Δθ=54.97°, Δφ=27.35°
68% credible angle: 41.52°

Angular error: 14.64°

======================================================================
SCENARIO (EMCEE): PERFECT_CT
======================================================================

Loaded 3584 matched main-track clusters across U, V, X planes
Selected 280 ES main tracks
Loading ED model from: /eos/home-e/evilla/dune/sn-tps/neural_networks/electron_direction/three_plane_three_plane_v58_200k_lr_schedule_20251118_110931/checkpoints/model_epoch_12_val_loss_0.8898.keras
Running ED inference...
After energy cut: 280 clusters
Running emcee: 64 walkers × 2000 steps...
Acceptance fraction: 7.5%
Mean direction: θ=146.57°, φ=117.07°
Uncertainties: Δθ=36.22°, Δφ=22.57°
68% credible angle: 38.88°

Angular error: 29.09°

======================================================================
SCENARIO (EMCEE): FULL_PIPELINE
======================================================================

Loaded 3584 matched main-track clusters across U, V, X planes
Using all 3584 main-track clusters
Loading CT model from: /eos/user/e/evilla/dune/sn-tps/neural_networks/channel_tagging/ct_volume_v52_batch_reload_20251116_101125/best_model.keras
Running CT inference...
CT selected 3254 ES candidates from 3584 clusters
  ES prob range: [0.000, 1.000]
Loading ED model from: /eos/home-e/evilla/dune/sn-tps/neural_networks/electron_direction/three_plane_three_plane_v58_200k_lr_schedule_20251118_110931/checkpoints/model_epoch_12_val_loss_0.8898.keras
Running ED inference on 3254 clusters...
After E > 3 MeV cut: 3236 clusters
Running emcee: 64 walkers × 2000 steps...
Acceptance fraction: 3.7%
Mean direction: θ=-116.01°, φ=95.08°
Uncertainties: Δθ=100.69°, Δφ=26.79°
68% credible angle: 104.71°

Angular error: 120.66°

======================================================================
SCENARIO (EMCEE): WEIGHTED_CT
======================================================================

Loaded 3584 matched main-track clusters across U, V, X planes
Using all 3584 main-track clusters
Loading CT model from: /eos/user/e/evilla/dune/sn-tps/neural_networks/channel_tagging/ct_volume_v52_batch_reload_20251116_101125/best_model.keras
Running CT inference...
CT selected 3254 ES candidates from 3584 clusters
  ES prob range: [0.000, 1.000]
Loading ED model from: /eos/home-e/evilla/dune/sn-tps/neural_networks/electron_direction/three_plane_three_plane_v58_200k_lr_schedule_20251118_110931/checkpoints/model_epoch_12_val_loss_0.8898.keras
Running ED inference on 3254 clusters...
Using CT weights (ES probabilities)
After E > 3 MeV cut: 3236 clusters
Running weighted MCMC with 3236 weights
Running emcee: 64 walkers × 2000 steps...
Acceptance fraction: 3.8%
Mean direction: θ=-166.11°, φ=100.48°
Uncertainties: Δθ=125.88°, Δφ=33.09°
68% credible angle: 104.72°

Angular error: 76.47°

======================================================================
SCENARIO (EMCEE): PERFECT_CT_E_GT_10MEV
======================================================================

Loaded 3584 matched main-track clusters across U, V, X planes
Selected 280 ES main tracks
Loading ED model from: /eos/home-e/evilla/dune/sn-tps/neural_networks/electron_direction/three_plane_three_plane_v58_200k_lr_schedule_20251118_110931/checkpoints/model_epoch_12_val_loss_0.8898.keras
Running ED inference...
Applying E > 10 MeV cut
After energy cut: 141 clusters
Running emcee: 64 walkers × 2000 steps...
Acceptance fraction: 11.9%
Mean direction: θ=162.75°, φ=120.88°
Uncertainties: Δθ=62.45°, Δφ=26.38°
68% credible angle: 51.35°

Angular error: 41.92°

======================================================================
SCENARIO (EMCEE): PERFECT_CT_E_GT_20MEV
======================================================================

Loaded 3584 matched main-track clusters across U, V, X planes
Selected 280 ES main tracks
Loading ED model from: /eos/home-e/evilla/dune/sn-tps/neural_networks/electron_direction/three_plane_three_plane_v58_200k_lr_schedule_20251118_110931/checkpoints/model_epoch_12_val_loss_0.8898.keras
Running ED inference...
Applying E > 20 MeV cut
After energy cut: 32 clusters
Running emcee: 64 walkers × 2000 steps...
Acceptance fraction: 10.4%
Mean direction: θ=-178.41°, φ=108.65°
Uncertainties: Δθ=82.04°, Δφ=26.08°
68% credible angle: 79.75°

Angular error: 62.14°

✓ Saved: /eos/project-e/ep-nu/evilla/sn-pointing/cat000340/pipeline/cat000340_scenario_best_case_emcee.npz

✓ Saved: /eos/project-e/ep-nu/evilla/sn-pointing/cat000340/pipeline/cat000340_scenario_perfect_ct_emcee.npz

✓ Saved: /eos/project-e/ep-nu/evilla/sn-pointing/cat000340/pipeline/cat000340_scenario_full_pipeline_emcee.npz

✓ Saved: /eos/project-e/ep-nu/evilla/sn-pointing/cat000340/pipeline/cat000340_scenario_weighted_ct_emcee.npz

✓ Saved: /eos/project-e/ep-nu/evilla/sn-pointing/cat000340/pipeline/cat000340_scenario_perfect_ct_e_gt_10mev_emcee.npz

✓ Saved: /eos/project-e/ep-nu/evilla/sn-pointing/cat000340/pipeline/cat000340_scenario_perfect_ct_e_gt_20mev_emcee.npz
✓ cat000340 completed successfully
