000 (13791716.069.000) 11/20 10:18:20 Job submitted from host: <188.184.90.62:9618?addrs=188.184.90.62-9618+[2001-1458-201-e4--100-238]-9618&alias=bigbird16.cern.ch&noUDP&sock=schedd_5196_9a2f>
...
040 (13791716.069.000) 11/20 10:22:06 Started transferring input files
	Transferring to host: <188.185.93.186:9618?addrs=188.185.93.186-9618+[2001-1458-d00-6c--100-1db]-9618&alias=b9g57n3815.cern.ch&noUDP&sock=slot1_1_20473_d49a_9550>
...
040 (13791716.069.000) 11/20 10:22:06 Finished transferring input files
...
001 (13791716.069.000) 11/20 10:22:07 Job executing on host: <188.185.93.186:9618?addrs=188.185.93.186-9618+[2001-1458-d00-6c--100-1db]-9618&alias=b9g57n3815.cern.ch&noUDP&sock=startd_20428_7cc2>
	SlotName: slot1_1@b9g57n3815.cern.ch
	AvailableGPUs = { GPUs_GPU_e695cb8c }
	CondorScratchDir = "/pool/condor/dir_3391389"
	Cpus = 11
	Disk = 4195102
	GPUs = 1
	GPUs_GPU_e695cb8c = [ Id = "GPU-e695cb8c"; ClockMhz = 1410.0; Capability = 8.0; CoresPerCU = 64; DeviceName = "NVIDIA A100-PCIE-40GB"; DeviceUuid = "e695cb8c-62fb-3649-a852-b630c58fa5f9"; ECCEnabled = true; ComputeUnits = 108; DriverVersion = 13.0; DevicePciBusId = "0000:06:00.0"; GlobalMemoryMb = 40441; MaxSupportedVersion = 13000 ]
	Memory = 33000
...
006 (13791716.069.000) 11/20 10:22:21 Image size of job updated: 276692
	271  -  MemoryUsage of job (MB)
	276692  -  ResidentSetSize of job (KB)
...
006 (13791716.069.000) 11/20 10:23:58 Image size of job updated: 1525208
	271  -  MemoryUsage of job (MB)
	276692  -  ResidentSetSize of job (KB)
...
040 (13791716.069.000) 11/20 10:23:58 Started transferring output files
...
040 (13791716.069.000) 11/20 10:23:58 Finished transferring output files
...
005 (13791716.069.000) 11/20 10:23:58 Job terminated.
	(1) Normal termination (return value 0)
		Usr 0 00:01:17, Sys 0 00:00:06  -  Run Remote Usage
		Usr 0 00:00:00, Sys 0 00:00:00  -  Run Local Usage
		Usr 0 00:01:17, Sys 0 00:00:06  -  Total Remote Usage
		Usr 0 00:00:00, Sys 0 00:00:00  -  Total Local Usage
	16906  -  Run Bytes Sent By Job
	1410806  -  Run Bytes Received By Job
	16906  -  Total Bytes Sent By Job
	1410806  -  Total Bytes Received By Job
	Partitionable Resources :    Usage  Request Allocated Assigned
	   Cpus                 :        0       11        11 
	   Disk (KB)            :     1420  4194304   4195102 
	   GPUs                 :        0        1         1 "GPU-e695cb8c"
	   Memory (MB)          :      271    33000     33000 
	   TimeExecute (s)      :      111                    
	   TimeSlotBusy (s)     :      112                    

	Job terminated of its own accord at 2025-11-20T09:23:58Z with exit-code 0.
...
