Processing cat000161 with 6 scenarios...
Cat directory: /eos/project-e/ep-nu/evilla/sn-pointing/cat000161
======================================================================
EMCEE RECONSTRUCTION FOR cat000161
======================================================================

Loading PDF from: /eos/home-e/evilla/dune/sn-tps/neural_networks/electron_direction/three_plane_three_plane_v58_200k_lr_schedule_20251118_110931/cosine_energy_pdf.npz
PDF loaded

======================================================================
SCENARIO (EMCEE): BEST_CASE
======================================================================

Loaded 3477 matched main-track clusters across U, V, X planes
Selected 286 ES main tracks
After E > 3 MeV cut: 286 clusters
Running emcee: 64 walkers × 2000 steps...
Acceptance fraction: 8.5%
Mean direction: θ=48.78°, φ=102.17°
Uncertainties: Δθ=46.37°, Δφ=21.19°
68% credible angle: 24.61°

Angular error: 13.93°

======================================================================
SCENARIO (EMCEE): PERFECT_CT
======================================================================

Loaded 3477 matched main-track clusters across U, V, X planes
Selected 286 ES main tracks
Loading ED model from: /eos/home-e/evilla/dune/sn-tps/neural_networks/electron_direction/three_plane_three_plane_v58_200k_lr_schedule_20251118_110931/checkpoints/model_epoch_12_val_loss_0.8898.keras
Running ED inference...
After energy cut: 286 clusters
Running emcee: 64 walkers × 2000 steps...
Acceptance fraction: 15.1%
Mean direction: θ=48.72°, φ=116.36°
Uncertainties: Δθ=20.68°, Δφ=13.46°
68% credible angle: 23.97°

Angular error: 5.91°

======================================================================
SCENARIO (EMCEE): FULL_PIPELINE
======================================================================

Loaded 3477 matched main-track clusters across U, V, X planes
Using all 3477 main-track clusters
Loading CT model from: /eos/user/e/evilla/dune/sn-tps/neural_networks/channel_tagging/ct_volume_v52_batch_reload_20251116_101125/best_model.keras
Running CT inference...
CT selected 3175 ES candidates from 3477 clusters
  ES prob range: [0.000, 1.000]
Loading ED model from: /eos/home-e/evilla/dune/sn-tps/neural_networks/electron_direction/three_plane_three_plane_v58_200k_lr_schedule_20251118_110931/checkpoints/model_epoch_12_val_loss_0.8898.keras
Running ED inference on 3175 clusters...
After E > 3 MeV cut: 3155 clusters
Running emcee: 64 walkers × 2000 steps...
Acceptance fraction: 3.7%
Mean direction: θ=172.55°, φ=98.97°
Uncertainties: Δθ=76.41°, Δφ=25.28°
68% credible angle: 64.79°

Angular error: 110.42°

======================================================================
SCENARIO (EMCEE): WEIGHTED_CT
======================================================================

Loaded 3477 matched main-track clusters across U, V, X planes
Using all 3477 main-track clusters
Loading CT model from: /eos/user/e/evilla/dune/sn-tps/neural_networks/channel_tagging/ct_volume_v52_batch_reload_20251116_101125/best_model.keras
Running CT inference...
CT selected 3175 ES candidates from 3477 clusters
  ES prob range: [0.000, 1.000]
Loading ED model from: /eos/home-e/evilla/dune/sn-tps/neural_networks/electron_direction/three_plane_three_plane_v58_200k_lr_schedule_20251118_110931/checkpoints/model_epoch_12_val_loss_0.8898.keras
Running ED inference on 3175 clusters...
Using CT weights (ES probabilities)
After E > 3 MeV cut: 3155 clusters
Running weighted MCMC with 3155 weights
Running emcee: 64 walkers × 2000 steps...
Acceptance fraction: 4.3%
Mean direction: θ=-175.61°, φ=100.37°
Uncertainties: Δθ=83.95°, Δφ=28.34°
68% credible angle: 70.90°

Angular error: 119.39°

======================================================================
SCENARIO (EMCEE): PERFECT_CT_E_GT_10MEV
======================================================================

Loaded 3477 matched main-track clusters across U, V, X planes
Selected 286 ES main tracks
Loading ED model from: /eos/home-e/evilla/dune/sn-tps/neural_networks/electron_direction/three_plane_three_plane_v58_200k_lr_schedule_20251118_110931/checkpoints/model_epoch_12_val_loss_0.8898.keras
Running ED inference...
Applying E > 10 MeV cut
After energy cut: 154 clusters
Running emcee: 64 walkers × 2000 steps...
Acceptance fraction: 21.1%
Mean direction: θ=51.55°, φ=112.01°
Uncertainties: Δθ=12.28°, Δφ=11.69°
68% credible angle: 14.96°

Angular error: 4.23°

======================================================================
SCENARIO (EMCEE): PERFECT_CT_E_GT_20MEV
======================================================================

Loaded 3477 matched main-track clusters across U, V, X planes
Selected 286 ES main tracks
Loading ED model from: /eos/home-e/evilla/dune/sn-tps/neural_networks/electron_direction/three_plane_three_plane_v58_200k_lr_schedule_20251118_110931/checkpoints/model_epoch_12_val_loss_0.8898.keras
Running ED inference...
Applying E > 20 MeV cut
After energy cut: 35 clusters
Running emcee: 64 walkers × 2000 steps...
Acceptance fraction: 38.1%
Mean direction: θ=30.94°, φ=123.03°
Uncertainties: Δθ=11.32°, Δφ=5.61°
68% credible angle: 10.15°

Angular error: 22.58°

✓ Saved: /eos/project-e/ep-nu/evilla/sn-pointing/cat000161/pipeline/cat000161_scenario_best_case_emcee.npz

✓ Saved: /eos/project-e/ep-nu/evilla/sn-pointing/cat000161/pipeline/cat000161_scenario_perfect_ct_emcee.npz

✓ Saved: /eos/project-e/ep-nu/evilla/sn-pointing/cat000161/pipeline/cat000161_scenario_full_pipeline_emcee.npz

✓ Saved: /eos/project-e/ep-nu/evilla/sn-pointing/cat000161/pipeline/cat000161_scenario_weighted_ct_emcee.npz

✓ Saved: /eos/project-e/ep-nu/evilla/sn-pointing/cat000161/pipeline/cat000161_scenario_perfect_ct_e_gt_10mev_emcee.npz

✓ Saved: /eos/project-e/ep-nu/evilla/sn-pointing/cat000161/pipeline/cat000161_scenario_perfect_ct_e_gt_20mev_emcee.npz
✓ cat000161 completed successfully
