Processing cat000294 with 6 scenarios...
Cat directory: /eos/project-e/ep-nu/evilla/sn-pointing/cat000294
======================================================================
EMCEE RECONSTRUCTION FOR cat000294
======================================================================

Loading PDF from: /eos/home-e/evilla/dune/sn-tps/neural_networks/electron_direction/three_plane_three_plane_v58_200k_lr_schedule_20251118_110931/cosine_energy_pdf.npz
PDF loaded

======================================================================
SCENARIO (EMCEE): BEST_CASE
======================================================================

Loaded 3512 matched main-track clusters across U, V, X planes
Selected 281 ES main tracks
After E > 3 MeV cut: 281 clusters
Running emcee: 64 walkers × 2000 steps...
Acceptance fraction: 7.2%
Mean direction: θ=-29.15°, φ=111.27°
Uncertainties: Δθ=22.53°, Δφ=17.99°
68% credible angle: 23.34°

Angular error: 8.01°

======================================================================
SCENARIO (EMCEE): PERFECT_CT
======================================================================

Loaded 3512 matched main-track clusters across U, V, X planes
Selected 281 ES main tracks
Loading ED model from: /eos/home-e/evilla/dune/sn-tps/neural_networks/electron_direction/three_plane_three_plane_v58_200k_lr_schedule_20251118_110931/checkpoints/model_epoch_12_val_loss_0.8898.keras
Running ED inference...
After energy cut: 281 clusters
Running emcee: 64 walkers × 2000 steps...
Acceptance fraction: 17.1%
Mean direction: θ=-16.17°, φ=111.52°
Uncertainties: Δθ=22.08°, Δφ=16.78°
68% credible angle: 28.54°

Angular error: 16.12°

======================================================================
SCENARIO (EMCEE): FULL_PIPELINE
======================================================================

Loaded 3512 matched main-track clusters across U, V, X planes
Using all 3512 main-track clusters
Loading CT model from: /eos/user/e/evilla/dune/sn-tps/neural_networks/channel_tagging/ct_volume_v52_batch_reload_20251116_101125/best_model.keras
Running CT inference...
CT selected 3184 ES candidates from 3512 clusters
  ES prob range: [0.000, 1.000]
Loading ED model from: /eos/home-e/evilla/dune/sn-tps/neural_networks/electron_direction/three_plane_three_plane_v58_200k_lr_schedule_20251118_110931/checkpoints/model_epoch_12_val_loss_0.8898.keras
Running ED inference on 3184 clusters...
After E > 3 MeV cut: 3164 clusters
Running emcee: 64 walkers × 2000 steps...
Acceptance fraction: 8.4%
Mean direction: θ=-42.42°, φ=103.87°
Uncertainties: Δθ=53.91°, Δφ=26.44°
68% credible angle: 62.05°

Angular error: 17.78°

======================================================================
SCENARIO (EMCEE): WEIGHTED_CT
======================================================================

Loaded 3512 matched main-track clusters across U, V, X planes
Using all 3512 main-track clusters
Loading CT model from: /eos/user/e/evilla/dune/sn-tps/neural_networks/channel_tagging/ct_volume_v52_batch_reload_20251116_101125/best_model.keras
Running CT inference...
CT selected 3184 ES candidates from 3512 clusters
  ES prob range: [0.000, 1.000]
Loading ED model from: /eos/home-e/evilla/dune/sn-tps/neural_networks/electron_direction/three_plane_three_plane_v58_200k_lr_schedule_20251118_110931/checkpoints/model_epoch_12_val_loss_0.8898.keras
Running ED inference on 3184 clusters...
Using CT weights (ES probabilities)
After E > 3 MeV cut: 3164 clusters
Running weighted MCMC with 3164 weights
Running emcee: 64 walkers × 2000 steps...
Acceptance fraction: 11.7%
Mean direction: θ=-42.81°, φ=115.59°
Uncertainties: Δθ=63.81°, Δφ=22.82°
68% credible angle: 37.23°

Angular error: 10.08°

======================================================================
SCENARIO (EMCEE): PERFECT_CT_E_GT_10MEV
======================================================================

Loaded 3512 matched main-track clusters across U, V, X planes
Selected 281 ES main tracks
Loading ED model from: /eos/home-e/evilla/dune/sn-tps/neural_networks/electron_direction/three_plane_three_plane_v58_200k_lr_schedule_20251118_110931/checkpoints/model_epoch_12_val_loss_0.8898.keras
Running ED inference...
Applying E > 10 MeV cut
After energy cut: 164 clusters
Running emcee: 64 walkers × 2000 steps...
Acceptance fraction: 18.7%
Mean direction: θ=-20.35°, φ=110.24°
Uncertainties: Δθ=21.13°, Δφ=16.28°
68% credible angle: 28.05°

Angular error: 13.68°

======================================================================
SCENARIO (EMCEE): PERFECT_CT_E_GT_20MEV
======================================================================

Loaded 3512 matched main-track clusters across U, V, X planes
Selected 281 ES main tracks
Loading ED model from: /eos/home-e/evilla/dune/sn-tps/neural_networks/electron_direction/three_plane_three_plane_v58_200k_lr_schedule_20251118_110931/checkpoints/model_epoch_12_val_loss_0.8898.keras
Running ED inference...
Applying E > 20 MeV cut
After energy cut: 37 clusters
Running emcee: 64 walkers × 2000 steps...
Acceptance fraction: 17.2%
Mean direction: θ=-9.38°, φ=108.03°
Uncertainties: Δθ=40.50°, Δφ=21.08°
68% credible angle: 21.20°

Angular error: 23.39°

✓ Saved: /eos/project-e/ep-nu/evilla/sn-pointing/cat000294/pipeline/cat000294_scenario_best_case_emcee.npz

✓ Saved: /eos/project-e/ep-nu/evilla/sn-pointing/cat000294/pipeline/cat000294_scenario_perfect_ct_emcee.npz

✓ Saved: /eos/project-e/ep-nu/evilla/sn-pointing/cat000294/pipeline/cat000294_scenario_full_pipeline_emcee.npz

✓ Saved: /eos/project-e/ep-nu/evilla/sn-pointing/cat000294/pipeline/cat000294_scenario_weighted_ct_emcee.npz

✓ Saved: /eos/project-e/ep-nu/evilla/sn-pointing/cat000294/pipeline/cat000294_scenario_perfect_ct_e_gt_10mev_emcee.npz

✓ Saved: /eos/project-e/ep-nu/evilla/sn-pointing/cat000294/pipeline/cat000294_scenario_perfect_ct_e_gt_20mev_emcee.npz
✓ cat000294 completed successfully
