Processing cat000483 with 6 scenarios...
Cat directory: /eos/project-e/ep-nu/evilla/sn-pointing/cat000483
======================================================================
EMCEE RECONSTRUCTION FOR cat000483
======================================================================

Loading PDF from: /eos/home-e/evilla/dune/sn-tps/neural_networks/electron_direction/three_plane_three_plane_v58_200k_lr_schedule_20251118_110931/cosine_energy_pdf.npz
PDF loaded

======================================================================
SCENARIO (EMCEE): BEST_CASE
======================================================================

Loaded 3654 matched main-track clusters across U, V, X planes
Selected 300 ES main tracks
After E > 3 MeV cut: 300 clusters
Running emcee: 64 walkers × 2000 steps...
Acceptance fraction: 11.7%
Mean direction: θ=95.07°, φ=119.80°
Uncertainties: Δθ=99.79°, Δφ=55.19°
68% credible angle: 80.79°

Angular error: 58.95°

======================================================================
SCENARIO (EMCEE): PERFECT_CT
======================================================================

Loaded 3654 matched main-track clusters across U, V, X planes
Selected 300 ES main tracks
Loading ED model from: /eos/home-e/evilla/dune/sn-tps/neural_networks/electron_direction/three_plane_three_plane_v58_200k_lr_schedule_20251118_110931/checkpoints/model_epoch_12_val_loss_0.8898.keras
Running ED inference...
After energy cut: 300 clusters
Running emcee: 64 walkers × 2000 steps...
Acceptance fraction: 9.8%
Mean direction: θ=-170.14°, φ=149.13°
Uncertainties: Δθ=65.02°, Δφ=6.48°
68% credible angle: 33.15°

Angular error: 22.88°

======================================================================
SCENARIO (EMCEE): FULL_PIPELINE
======================================================================

Loaded 3654 matched main-track clusters across U, V, X planes
Using all 3654 main-track clusters
Loading CT model from: /eos/user/e/evilla/dune/sn-tps/neural_networks/channel_tagging/ct_volume_v52_batch_reload_20251116_101125/best_model.keras
Running CT inference...
CT selected 3348 ES candidates from 3654 clusters
  ES prob range: [0.000, 1.000]
Loading ED model from: /eos/home-e/evilla/dune/sn-tps/neural_networks/electron_direction/three_plane_three_plane_v58_200k_lr_schedule_20251118_110931/checkpoints/model_epoch_12_val_loss_0.8898.keras
Running ED inference on 3348 clusters...
After E > 3 MeV cut: 3327 clusters
Running emcee: 64 walkers × 2000 steps...
Acceptance fraction: 9.6%
Mean direction: θ=-145.51°, φ=120.43°
Uncertainties: Δθ=75.42°, Δφ=35.89°
68% credible angle: 73.30°

Angular error: 53.35°

======================================================================
SCENARIO (EMCEE): WEIGHTED_CT
======================================================================

Loaded 3654 matched main-track clusters across U, V, X planes
Using all 3654 main-track clusters
Loading CT model from: /eos/user/e/evilla/dune/sn-tps/neural_networks/channel_tagging/ct_volume_v52_batch_reload_20251116_101125/best_model.keras
Running CT inference...
CT selected 3348 ES candidates from 3654 clusters
  ES prob range: [0.000, 1.000]
Loading ED model from: /eos/home-e/evilla/dune/sn-tps/neural_networks/electron_direction/three_plane_three_plane_v58_200k_lr_schedule_20251118_110931/checkpoints/model_epoch_12_val_loss_0.8898.keras
Running ED inference on 3348 clusters...
Using CT weights (ES probabilities)
After E > 3 MeV cut: 3327 clusters
Running weighted MCMC with 3327 weights
Running emcee: 64 walkers × 2000 steps...
Acceptance fraction: 4.7%
Mean direction: θ=-172.52°, φ=108.85°
Uncertainties: Δθ=93.56°, Δφ=42.91°
68% credible angle: 67.72°

Angular error: 62.99°

======================================================================
SCENARIO (EMCEE): PERFECT_CT_E_GT_10MEV
======================================================================

Loaded 3654 matched main-track clusters across U, V, X planes
Selected 300 ES main tracks
Loading ED model from: /eos/home-e/evilla/dune/sn-tps/neural_networks/electron_direction/three_plane_three_plane_v58_200k_lr_schedule_20251118_110931/checkpoints/model_epoch_12_val_loss_0.8898.keras
Running ED inference...
Applying E > 10 MeV cut
After energy cut: 145 clusters
Running emcee: 64 walkers × 2000 steps...
Acceptance fraction: 9.6%
Mean direction: θ=-144.75°, φ=149.75°
Uncertainties: Δθ=58.84°, Δφ=22.93°
68% credible angle: 27.57°

Angular error: 24.49°

======================================================================
SCENARIO (EMCEE): PERFECT_CT_E_GT_20MEV
======================================================================

Loaded 3654 matched main-track clusters across U, V, X planes
Selected 300 ES main tracks
Loading ED model from: /eos/home-e/evilla/dune/sn-tps/neural_networks/electron_direction/three_plane_three_plane_v58_200k_lr_schedule_20251118_110931/checkpoints/model_epoch_12_val_loss_0.8898.keras
Running ED inference...
Applying E > 20 MeV cut
After energy cut: 27 clusters
Running emcee: 64 walkers × 2000 steps...
Acceptance fraction: 16.3%
Mean direction: θ=177.61°, φ=152.38°
Uncertainties: Δθ=79.80°, Δφ=26.68°
68% credible angle: 27.12°

Angular error: 19.24°

✓ Saved: /eos/project-e/ep-nu/evilla/sn-pointing/cat000483/pipeline/cat000483_scenario_best_case_emcee.npz

✓ Saved: /eos/project-e/ep-nu/evilla/sn-pointing/cat000483/pipeline/cat000483_scenario_perfect_ct_emcee.npz

✓ Saved: /eos/project-e/ep-nu/evilla/sn-pointing/cat000483/pipeline/cat000483_scenario_full_pipeline_emcee.npz

✓ Saved: /eos/project-e/ep-nu/evilla/sn-pointing/cat000483/pipeline/cat000483_scenario_weighted_ct_emcee.npz

✓ Saved: /eos/project-e/ep-nu/evilla/sn-pointing/cat000483/pipeline/cat000483_scenario_perfect_ct_e_gt_10mev_emcee.npz

✓ Saved: /eos/project-e/ep-nu/evilla/sn-pointing/cat000483/pipeline/cat000483_scenario_perfect_ct_e_gt_20mev_emcee.npz
✓ cat000483 completed successfully
