Processing cat000252 with 6 scenarios...
Cat directory: /eos/project-e/ep-nu/evilla/sn-pointing/cat000252
======================================================================
EMCEE RECONSTRUCTION FOR cat000252
======================================================================

Loading PDF from: /eos/home-e/evilla/dune/sn-tps/neural_networks/electron_direction/three_plane_three_plane_v58_200k_lr_schedule_20251118_110931/cosine_energy_pdf.npz
PDF loaded

======================================================================
SCENARIO (EMCEE): BEST_CASE
======================================================================

Loaded 3664 matched main-track clusters across U, V, X planes
Selected 243 ES main tracks
After E > 3 MeV cut: 243 clusters
Running emcee: 64 walkers × 2000 steps...
Acceptance fraction: 9.8%
Mean direction: θ=1.60°, φ=103.70°
Uncertainties: Δθ=22.19°, Δφ=17.00°
68% credible angle: 23.48°

Angular error: 8.86°

======================================================================
SCENARIO (EMCEE): PERFECT_CT
======================================================================

Loaded 3664 matched main-track clusters across U, V, X planes
Selected 243 ES main tracks
Loading ED model from: /eos/home-e/evilla/dune/sn-tps/neural_networks/electron_direction/three_plane_three_plane_v58_200k_lr_schedule_20251118_110931/checkpoints/model_epoch_12_val_loss_0.8898.keras
Running ED inference...
After energy cut: 243 clusters
Running emcee: 64 walkers × 2000 steps...
Acceptance fraction: 10.5%
Mean direction: θ=-2.29°, φ=101.10°
Uncertainties: Δθ=21.86°, Δφ=14.31°
68% credible angle: 25.93°

Angular error: 12.72°

======================================================================
SCENARIO (EMCEE): FULL_PIPELINE
======================================================================

Loaded 3664 matched main-track clusters across U, V, X planes
Using all 3664 main-track clusters
Loading CT model from: /eos/user/e/evilla/dune/sn-tps/neural_networks/channel_tagging/ct_volume_v52_batch_reload_20251116_101125/best_model.keras
Running CT inference...
CT selected 3338 ES candidates from 3664 clusters
  ES prob range: [0.000, 1.000]
Loading ED model from: /eos/home-e/evilla/dune/sn-tps/neural_networks/electron_direction/three_plane_three_plane_v58_200k_lr_schedule_20251118_110931/checkpoints/model_epoch_12_val_loss_0.8898.keras
Running ED inference on 3338 clusters...
After E > 3 MeV cut: 3317 clusters
Running emcee: 64 walkers × 2000 steps...
Acceptance fraction: 4.2%
Mean direction: θ=-118.36°, φ=110.73°
Uncertainties: Δθ=74.41°, Δφ=29.91°
68% credible angle: 82.79°

Angular error: 109.38°

======================================================================
SCENARIO (EMCEE): WEIGHTED_CT
======================================================================

Loaded 3664 matched main-track clusters across U, V, X planes
Using all 3664 main-track clusters
Loading CT model from: /eos/user/e/evilla/dune/sn-tps/neural_networks/channel_tagging/ct_volume_v52_batch_reload_20251116_101125/best_model.keras
Running CT inference...
CT selected 3338 ES candidates from 3664 clusters
  ES prob range: [0.000, 1.000]
Loading ED model from: /eos/home-e/evilla/dune/sn-tps/neural_networks/electron_direction/three_plane_three_plane_v58_200k_lr_schedule_20251118_110931/checkpoints/model_epoch_12_val_loss_0.8898.keras
Running ED inference on 3338 clusters...
Using CT weights (ES probabilities)
After E > 3 MeV cut: 3317 clusters
Running weighted MCMC with 3317 weights
Running emcee: 64 walkers × 2000 steps...
Acceptance fraction: 4.4%
Mean direction: θ=-124.35°, φ=111.29°
Uncertainties: Δθ=87.91°, Δφ=31.31°
68% credible angle: 88.88°

Angular error: 113.58°

======================================================================
SCENARIO (EMCEE): PERFECT_CT_E_GT_10MEV
======================================================================

Loaded 3664 matched main-track clusters across U, V, X planes
Selected 243 ES main tracks
Loading ED model from: /eos/home-e/evilla/dune/sn-tps/neural_networks/electron_direction/three_plane_three_plane_v58_200k_lr_schedule_20251118_110931/checkpoints/model_epoch_12_val_loss_0.8898.keras
Running ED inference...
Applying E > 10 MeV cut
After energy cut: 131 clusters
Running emcee: 64 walkers × 2000 steps...
Acceptance fraction: 14.6%
Mean direction: θ=-3.87°, φ=109.51°
Uncertainties: Δθ=19.34°, Δφ=10.55°
68% credible angle: 21.12°

Angular error: 7.99°

======================================================================
SCENARIO (EMCEE): PERFECT_CT_E_GT_20MEV
======================================================================

Loaded 3664 matched main-track clusters across U, V, X planes
Selected 243 ES main tracks
Loading ED model from: /eos/home-e/evilla/dune/sn-tps/neural_networks/electron_direction/three_plane_three_plane_v58_200k_lr_schedule_20251118_110931/checkpoints/model_epoch_12_val_loss_0.8898.keras
Running ED inference...
Applying E > 20 MeV cut
After energy cut: 29 clusters
Running emcee: 64 walkers × 2000 steps...
Acceptance fraction: 22.2%
Mean direction: θ=2.28°, φ=108.02°
Uncertainties: Δθ=19.84°, Δφ=11.34°
68% credible angle: 14.31°

Angular error: 4.55°

✓ Saved: /eos/project-e/ep-nu/evilla/sn-pointing/cat000252/pipeline/cat000252_scenario_best_case_emcee.npz

✓ Saved: /eos/project-e/ep-nu/evilla/sn-pointing/cat000252/pipeline/cat000252_scenario_perfect_ct_emcee.npz

✓ Saved: /eos/project-e/ep-nu/evilla/sn-pointing/cat000252/pipeline/cat000252_scenario_full_pipeline_emcee.npz

✓ Saved: /eos/project-e/ep-nu/evilla/sn-pointing/cat000252/pipeline/cat000252_scenario_weighted_ct_emcee.npz

✓ Saved: /eos/project-e/ep-nu/evilla/sn-pointing/cat000252/pipeline/cat000252_scenario_perfect_ct_e_gt_10mev_emcee.npz

✓ Saved: /eos/project-e/ep-nu/evilla/sn-pointing/cat000252/pipeline/cat000252_scenario_perfect_ct_e_gt_20mev_emcee.npz
✓ cat000252 completed successfully
