==================================================================
Processing cat000199 with EMCEE - ALL SCENARIOS
==================================================================
======================================================================
EMCEE RECONSTRUCTION FOR cat000199
======================================================================

Loading PDF from: /eos/home-e/evilla/dune/sn-tps/neural_networks/electron_direction/three_plane_three_plane_v58_200k_lr_schedule_20251118_110931/cosine_energy_pdf.npz
PDF loaded

======================================================================
SCENARIO (EMCEE): PERFECT_CT
======================================================================

Loaded 3137 matched clusters across U, V, X planes
Selected clusters: 174
Running emcee: 64 walkers × 2000 steps...
Acceptance fraction: 17.5%
Mean direction: θ=17.17°, φ=76.92°
Uncertainties: Δθ=23.58°, Δφ=13.15°
68% credible angle: 29.76°

Angular error: 20.41°

======================================================================
SCENARIO (EMCEE): ES_MAIN_CC_SHOWER
======================================================================

Loaded 3137 matched clusters across U, V, X planes
Selected clusters: 174
Running emcee: 64 walkers × 2000 steps...
Acceptance fraction: 22.4%
Mean direction: θ=21.34°, φ=75.92°
Uncertainties: Δθ=23.60°, Δφ=13.86°
68% credible angle: 25.26°

Angular error: 16.24°

======================================================================
SCENARIO (EMCEE): ES_MAIN_CC_ALL
======================================================================

Loaded 3137 matched clusters across U, V, X planes
Selected clusters: 174
Running emcee: 64 walkers × 2000 steps...
Acceptance fraction: 16.6%
Mean direction: θ=18.64°, φ=73.70°
Uncertainties: Δθ=24.42°, Δφ=14.64°
68% credible angle: 31.35°

Angular error: 18.55°

======================================================================
SCENARIO (EMCEE): ES_ALL_CC_SHOWER
======================================================================

Loaded 3137 matched clusters across U, V, X planes
Selected clusters: 174
Running emcee: 64 walkers × 2000 steps...
Acceptance fraction: 20.0%
Mean direction: θ=31.09°, φ=75.74°
Uncertainties: Δθ=16.80°, Δφ=13.13°
68% credible angle: 20.38°

Angular error: 7.04°

======================================================================
SCENARIO (EMCEE): ES_ALL_CC_ALL
======================================================================

Loaded 3137 matched clusters across U, V, X planes
Selected clusters: 174
Running emcee: 64 walkers × 2000 steps...
Acceptance fraction: 20.5%
Mean direction: θ=22.27°, φ=77.20°
Uncertainties: Δθ=23.35°, Δφ=12.03°
68% credible angle: 25.95°

Angular error: 15.66°

======================================================================
SCENARIO (EMCEE): ALL_TRACKS_ALL_SHOWERS
======================================================================

Loaded 3137 matched clusters across U, V, X planes
Selected clusters: 3137
Running emcee: 64 walkers × 2000 steps...
Acceptance fraction: 5.9%
Mean direction: θ=7.13°, φ=89.59°
Uncertainties: Δθ=96.18°, Δφ=36.84°
68% credible angle: 109.46°

Angular error: 34.43°

✓ Saved: /eos/project-e/ep-nu/evilla/sn-pointing/cat000199/pipeline/cat000199_scenario_perfect_ct_emcee.npz

✓ Saved: /eos/project-e/ep-nu/evilla/sn-pointing/cat000199/pipeline/cat000199_scenario_es_main_cc_shower_emcee.npz

✓ Saved: /eos/project-e/ep-nu/evilla/sn-pointing/cat000199/pipeline/cat000199_scenario_es_main_cc_all_emcee.npz

✓ Saved: /eos/project-e/ep-nu/evilla/sn-pointing/cat000199/pipeline/cat000199_scenario_es_all_cc_shower_emcee.npz

✓ Saved: /eos/project-e/ep-nu/evilla/sn-pointing/cat000199/pipeline/cat000199_scenario_es_all_cc_all_emcee.npz

✓ Saved: /eos/project-e/ep-nu/evilla/sn-pointing/cat000199/pipeline/cat000199_scenario_all_tracks_all_showers_emcee.npz
✓ cat000199 completed successfully
