Processing cat000399 with 6 scenarios...
Cat directory: /eos/project-e/ep-nu/evilla/sn-pointing/cat000399
======================================================================
EMCEE RECONSTRUCTION FOR cat000399
======================================================================

Loading PDF from: /eos/home-e/evilla/dune/sn-tps/neural_networks/electron_direction/three_plane_three_plane_v58_200k_lr_schedule_20251118_110931/cosine_energy_pdf.npz
PDF loaded

======================================================================
SCENARIO (EMCEE): BEST_CASE
======================================================================

Loaded 3756 matched main-track clusters across U, V, X planes
Selected 257 ES main tracks
After E > 3 MeV cut: 257 clusters
Running emcee: 64 walkers × 2000 steps...
Acceptance fraction: 19.7%
Mean direction: θ=49.45°, φ=138.45°
Uncertainties: Δθ=52.11°, Δφ=29.25°
68% credible angle: 27.96°

Angular error: 26.20°

======================================================================
SCENARIO (EMCEE): PERFECT_CT
======================================================================

Loaded 3756 matched main-track clusters across U, V, X planes
Selected 257 ES main tracks
Loading ED model from: /eos/home-e/evilla/dune/sn-tps/neural_networks/electron_direction/three_plane_three_plane_v58_200k_lr_schedule_20251118_110931/checkpoints/model_epoch_12_val_loss_0.8898.keras
Running ED inference...
After energy cut: 257 clusters
Running emcee: 64 walkers × 2000 steps...
Acceptance fraction: 11.6%
Mean direction: θ=93.32°, φ=155.00°
Uncertainties: Δθ=114.29°, Δφ=7.96°
68% credible angle: 32.77°

Angular error: 8.06°

======================================================================
SCENARIO (EMCEE): FULL_PIPELINE
======================================================================

Loaded 3756 matched main-track clusters across U, V, X planes
Using all 3756 main-track clusters
Loading CT model from: /eos/user/e/evilla/dune/sn-tps/neural_networks/channel_tagging/ct_volume_v52_batch_reload_20251116_101125/best_model.keras
Running CT inference...
CT selected 3429 ES candidates from 3756 clusters
  ES prob range: [0.000, 1.000]
Loading ED model from: /eos/home-e/evilla/dune/sn-tps/neural_networks/electron_direction/three_plane_three_plane_v58_200k_lr_schedule_20251118_110931/checkpoints/model_epoch_12_val_loss_0.8898.keras
Running ED inference on 3429 clusters...
After E > 3 MeV cut: 3403 clusters
Running emcee: 64 walkers × 2000 steps...
Acceptance fraction: 3.8%
Mean direction: θ=164.23°, φ=112.77°
Uncertainties: Δθ=78.83°, Δφ=41.84°
68% credible angle: 60.99°

Angular error: 67.17°

======================================================================
SCENARIO (EMCEE): WEIGHTED_CT
======================================================================

Loaded 3756 matched main-track clusters across U, V, X planes
Using all 3756 main-track clusters
Loading CT model from: /eos/user/e/evilla/dune/sn-tps/neural_networks/channel_tagging/ct_volume_v52_batch_reload_20251116_101125/best_model.keras
Running CT inference...
CT selected 3429 ES candidates from 3756 clusters
  ES prob range: [0.000, 1.000]
Loading ED model from: /eos/home-e/evilla/dune/sn-tps/neural_networks/electron_direction/three_plane_three_plane_v58_200k_lr_schedule_20251118_110931/checkpoints/model_epoch_12_val_loss_0.8898.keras
Running ED inference on 3429 clusters...
Using CT weights (ES probabilities)
After E > 3 MeV cut: 3403 clusters
Running weighted MCMC with 3403 weights
Running emcee: 64 walkers × 2000 steps...
Acceptance fraction: 4.5%
Mean direction: θ=-179.08°, φ=118.00°
Uncertainties: Δθ=80.52°, Δφ=40.27°
68% credible angle: 47.80°

Angular error: 67.60°

======================================================================
SCENARIO (EMCEE): PERFECT_CT_E_GT_10MEV
======================================================================

Loaded 3756 matched main-track clusters across U, V, X planes
Selected 257 ES main tracks
Loading ED model from: /eos/home-e/evilla/dune/sn-tps/neural_networks/electron_direction/three_plane_three_plane_v58_200k_lr_schedule_20251118_110931/checkpoints/model_epoch_12_val_loss_0.8898.keras
Running ED inference...
Applying E > 10 MeV cut
After energy cut: 151 clusters
Running emcee: 64 walkers × 2000 steps...
Acceptance fraction: 9.4%
Mean direction: θ=106.73°, φ=146.36°
Uncertainties: Δθ=94.13°, Δφ=32.47°
68% credible angle: 39.57°

Angular error: 18.83°

======================================================================
SCENARIO (EMCEE): PERFECT_CT_E_GT_20MEV
======================================================================

Loaded 3756 matched main-track clusters across U, V, X planes
Selected 257 ES main tracks
Loading ED model from: /eos/home-e/evilla/dune/sn-tps/neural_networks/electron_direction/three_plane_three_plane_v58_200k_lr_schedule_20251118_110931/checkpoints/model_epoch_12_val_loss_0.8898.keras
Running ED inference...
Applying E > 20 MeV cut
After energy cut: 36 clusters
Running emcee: 64 walkers × 2000 steps...
Acceptance fraction: 13.7%
Mean direction: θ=13.41°, φ=117.99°
Uncertainties: Δθ=84.23°, Δφ=67.93°
68% credible angle: 100.78°

Angular error: 55.56°

✓ Saved: /eos/project-e/ep-nu/evilla/sn-pointing/cat000399/pipeline/cat000399_scenario_best_case_emcee.npz

✓ Saved: /eos/project-e/ep-nu/evilla/sn-pointing/cat000399/pipeline/cat000399_scenario_perfect_ct_emcee.npz

✓ Saved: /eos/project-e/ep-nu/evilla/sn-pointing/cat000399/pipeline/cat000399_scenario_full_pipeline_emcee.npz

✓ Saved: /eos/project-e/ep-nu/evilla/sn-pointing/cat000399/pipeline/cat000399_scenario_weighted_ct_emcee.npz

✓ Saved: /eos/project-e/ep-nu/evilla/sn-pointing/cat000399/pipeline/cat000399_scenario_perfect_ct_e_gt_10mev_emcee.npz

✓ Saved: /eos/project-e/ep-nu/evilla/sn-pointing/cat000399/pipeline/cat000399_scenario_perfect_ct_e_gt_20mev_emcee.npz
✓ cat000399 completed successfully
