==================================================================
Processing cat000065 with EMCEE - ALL SCENARIOS
==================================================================
======================================================================
EMCEE RECONSTRUCTION FOR cat000065
======================================================================

Loading PDF from: /eos/home-e/evilla/dune/sn-tps/neural_networks/electron_direction/three_plane_three_plane_v58_200k_lr_schedule_20251118_110931/cosine_energy_pdf.npz
PDF loaded

======================================================================
SCENARIO (EMCEE): PERFECT_CT
======================================================================

Loaded 3674 matched clusters across U, V, X planes
Selected clusters: 285
Running emcee: 64 walkers × 2000 steps...
Acceptance fraction: 11.9%
Mean direction: θ=3.80°, φ=40.77°
Uncertainties: Δθ=42.10°, Δφ=16.58°
68% credible angle: 30.11°

Angular error: 14.80°

======================================================================
SCENARIO (EMCEE): ES_MAIN_CC_SHOWER
======================================================================

Loaded 3674 matched clusters across U, V, X planes
Selected clusters: 285
Running emcee: 64 walkers × 2000 steps...
Acceptance fraction: 13.6%
Mean direction: θ=8.12°, φ=36.96°
Uncertainties: Δθ=44.71°, Δφ=15.40°
68% credible angle: 28.83°

Angular error: 10.15°

======================================================================
SCENARIO (EMCEE): ES_MAIN_CC_ALL
======================================================================

Loaded 3674 matched clusters across U, V, X planes
Selected clusters: 285
Running emcee: 64 walkers × 2000 steps...
Acceptance fraction: 13.3%
Mean direction: θ=7.15°, φ=38.44°
Uncertainties: Δθ=44.55°, Δφ=16.06°
68% credible angle: 29.18°

Angular error: 11.65°

======================================================================
SCENARIO (EMCEE): ES_ALL_CC_SHOWER
======================================================================

Loaded 3674 matched clusters across U, V, X planes
Selected clusters: 285
Running emcee: 64 walkers × 2000 steps...
Acceptance fraction: 14.9%
Mean direction: θ=-9.06°, φ=37.97°
Uncertainties: Δθ=43.05°, Δφ=14.91°
68% credible angle: 28.75°

Angular error: 18.79°

======================================================================
SCENARIO (EMCEE): ES_ALL_CC_ALL
======================================================================

Loaded 3674 matched clusters across U, V, X planes
Selected clusters: 285
Running emcee: 64 walkers × 2000 steps...
Acceptance fraction: 12.5%
Mean direction: θ=13.62°, φ=39.45°
Uncertainties: Δθ=42.26°, Δφ=16.76°
68% credible angle: 31.68°

Angular error: 10.37°

======================================================================
SCENARIO (EMCEE): ALL_TRACKS_ALL_SHOWERS
======================================================================

Loaded 3674 matched clusters across U, V, X planes
Selected clusters: 3674
Running emcee: 64 walkers × 2000 steps...
Acceptance fraction: 2.6%
Mean direction: θ=-147.21°, φ=85.95°
Uncertainties: Δθ=86.35°, Δφ=34.15°
68% credible angle: 84.71°

Angular error: 115.59°

✓ Saved: /eos/project-e/ep-nu/evilla/sn-pointing/cat000065/pipeline/cat000065_scenario_perfect_ct_emcee.npz

✓ Saved: /eos/project-e/ep-nu/evilla/sn-pointing/cat000065/pipeline/cat000065_scenario_es_main_cc_shower_emcee.npz

✓ Saved: /eos/project-e/ep-nu/evilla/sn-pointing/cat000065/pipeline/cat000065_scenario_es_main_cc_all_emcee.npz

✓ Saved: /eos/project-e/ep-nu/evilla/sn-pointing/cat000065/pipeline/cat000065_scenario_es_all_cc_shower_emcee.npz

✓ Saved: /eos/project-e/ep-nu/evilla/sn-pointing/cat000065/pipeline/cat000065_scenario_es_all_cc_all_emcee.npz

✓ Saved: /eos/project-e/ep-nu/evilla/sn-pointing/cat000065/pipeline/cat000065_scenario_all_tracks_all_showers_emcee.npz
✓ cat000065 completed successfully
