Processing cat000046 with 6 scenarios...
Cat directory: /eos/project-e/ep-nu/evilla/sn-pointing/cat000046
======================================================================
EMCEE RECONSTRUCTION FOR cat000046
======================================================================

Loading PDF from: /eos/home-e/evilla/dune/sn-tps/neural_networks/electron_direction/three_plane_three_plane_v58_200k_lr_schedule_20251118_110931/cosine_energy_pdf.npz
PDF loaded

======================================================================
SCENARIO (EMCEE): BEST_CASE
======================================================================

Loaded 3337 matched main-track clusters across U, V, X planes
Selected 295 ES main tracks
After E > 3 MeV cut: 295 clusters
Running emcee: 64 walkers × 2000 steps...
Acceptance fraction: 7.3%
Mean direction: θ=69.09°, φ=84.03°
Uncertainties: Δθ=32.63°, Δφ=15.20°
68% credible angle: 23.74°

Angular error: 10.77°

======================================================================
SCENARIO (EMCEE): PERFECT_CT
======================================================================

Loaded 3337 matched main-track clusters across U, V, X planes
Selected 295 ES main tracks
Loading ED model from: /eos/home-e/evilla/dune/sn-tps/neural_networks/electron_direction/three_plane_three_plane_v58_200k_lr_schedule_20251118_110931/checkpoints/model_epoch_12_val_loss_0.8898.keras
Running ED inference...
After energy cut: 295 clusters
Running emcee: 64 walkers × 2000 steps...
Acceptance fraction: 6.4%
Mean direction: θ=99.37°, φ=82.14°
Uncertainties: Δθ=84.37°, Δφ=16.44°
68% credible angle: 121.39°

Angular error: 19.37°

======================================================================
SCENARIO (EMCEE): FULL_PIPELINE
======================================================================

Loaded 3337 matched main-track clusters across U, V, X planes
Using all 3337 main-track clusters
Loading CT model from: /eos/user/e/evilla/dune/sn-tps/neural_networks/channel_tagging/ct_volume_v52_batch_reload_20251116_101125/best_model.keras
Running CT inference...
CT selected 3050 ES candidates from 3337 clusters
  ES prob range: [0.000, 1.000]
Loading ED model from: /eos/home-e/evilla/dune/sn-tps/neural_networks/electron_direction/three_plane_three_plane_v58_200k_lr_schedule_20251118_110931/checkpoints/model_epoch_12_val_loss_0.8898.keras
Running ED inference on 3050 clusters...
After E > 3 MeV cut: 3035 clusters
Running emcee: 64 walkers × 2000 steps...
Acceptance fraction: 3.4%
Mean direction: θ=160.39°, φ=91.55°
Uncertainties: Δθ=77.72°, Δφ=30.75°
68% credible angle: 81.38°

Angular error: 80.86°

======================================================================
SCENARIO (EMCEE): WEIGHTED_CT
======================================================================

Loaded 3337 matched main-track clusters across U, V, X planes
Using all 3337 main-track clusters
Loading CT model from: /eos/user/e/evilla/dune/sn-tps/neural_networks/channel_tagging/ct_volume_v52_batch_reload_20251116_101125/best_model.keras
Running CT inference...
CT selected 3050 ES candidates from 3337 clusters
  ES prob range: [0.000, 1.000]
Loading ED model from: /eos/home-e/evilla/dune/sn-tps/neural_networks/electron_direction/three_plane_three_plane_v58_200k_lr_schedule_20251118_110931/checkpoints/model_epoch_12_val_loss_0.8898.keras
Running ED inference on 3050 clusters...
Using CT weights (ES probabilities)
After E > 3 MeV cut: 3035 clusters
Running weighted MCMC with 3035 weights
Running emcee: 64 walkers × 2000 steps...
Acceptance fraction: 3.5%
Mean direction: θ=-157.51°, φ=97.23°
Uncertainties: Δθ=81.51°, Δφ=30.60°
68% credible angle: 85.27°

Angular error: 123.19°

======================================================================
SCENARIO (EMCEE): PERFECT_CT_E_GT_10MEV
======================================================================

Loaded 3337 matched main-track clusters across U, V, X planes
Selected 295 ES main tracks
Loading ED model from: /eos/home-e/evilla/dune/sn-tps/neural_networks/electron_direction/three_plane_three_plane_v58_200k_lr_schedule_20251118_110931/checkpoints/model_epoch_12_val_loss_0.8898.keras
Running ED inference...
Applying E > 10 MeV cut
After energy cut: 167 clusters
Running emcee: 64 walkers × 2000 steps...
Acceptance fraction: 8.4%
Mean direction: θ=-65.75°, φ=89.52°
Uncertainties: Δθ=135.35°, Δφ=15.29°
68% credible angle: 133.30°

Angular error: 144.75°

======================================================================
SCENARIO (EMCEE): PERFECT_CT_E_GT_20MEV
======================================================================

Loaded 3337 matched main-track clusters across U, V, X planes
Selected 295 ES main tracks
Loading ED model from: /eos/home-e/evilla/dune/sn-tps/neural_networks/electron_direction/three_plane_three_plane_v58_200k_lr_schedule_20251118_110931/checkpoints/model_epoch_12_val_loss_0.8898.keras
Running ED inference...
Applying E > 20 MeV cut
After energy cut: 55 clusters
Running emcee: 64 walkers × 2000 steps...
Acceptance fraction: 13.0%
Mean direction: θ=75.95°, φ=86.73°
Uncertainties: Δθ=122.35°, Δφ=15.48°
68% credible angle: 149.03°

Angular error: 5.73°

✓ Saved: /eos/project-e/ep-nu/evilla/sn-pointing/cat000046/pipeline/cat000046_scenario_best_case_emcee.npz

✓ Saved: /eos/project-e/ep-nu/evilla/sn-pointing/cat000046/pipeline/cat000046_scenario_perfect_ct_emcee.npz

✓ Saved: /eos/project-e/ep-nu/evilla/sn-pointing/cat000046/pipeline/cat000046_scenario_full_pipeline_emcee.npz

✓ Saved: /eos/project-e/ep-nu/evilla/sn-pointing/cat000046/pipeline/cat000046_scenario_weighted_ct_emcee.npz

✓ Saved: /eos/project-e/ep-nu/evilla/sn-pointing/cat000046/pipeline/cat000046_scenario_perfect_ct_e_gt_10mev_emcee.npz

✓ Saved: /eos/project-e/ep-nu/evilla/sn-pointing/cat000046/pipeline/cat000046_scenario_perfect_ct_e_gt_20mev_emcee.npz
✓ cat000046 completed successfully
