Processing cat000387 with 6 scenarios...
Cat directory: /eos/project-e/ep-nu/evilla/sn-pointing/cat000387
======================================================================
EMCEE RECONSTRUCTION FOR cat000387
======================================================================

Loading PDF from: /eos/home-e/evilla/dune/sn-tps/neural_networks/electron_direction/three_plane_three_plane_v58_200k_lr_schedule_20251118_110931/cosine_energy_pdf.npz
PDF loaded

======================================================================
SCENARIO (EMCEE): BEST_CASE
======================================================================

Loaded 3318 matched main-track clusters across U, V, X planes
Selected 276 ES main tracks
After E > 3 MeV cut: 276 clusters
Running emcee: 64 walkers × 2000 steps...
Acceptance fraction: 6.8%
Mean direction: θ=70.74°, φ=126.98°
Uncertainties: Δθ=40.78°, Δφ=27.46°
68% credible angle: 22.87°

Angular error: 6.65°

======================================================================
SCENARIO (EMCEE): PERFECT_CT
======================================================================

Loaded 3318 matched main-track clusters across U, V, X planes
Selected 276 ES main tracks
Loading ED model from: /eos/home-e/evilla/dune/sn-tps/neural_networks/electron_direction/three_plane_three_plane_v58_200k_lr_schedule_20251118_110931/checkpoints/model_epoch_12_val_loss_0.8898.keras
Running ED inference...
After energy cut: 276 clusters
Running emcee: 64 walkers × 2000 steps...
Acceptance fraction: 10.5%
Mean direction: θ=64.91°, φ=125.93°
Uncertainties: Δθ=45.21°, Δφ=21.46°
68% credible angle: 28.54°

Angular error: 8.39°

======================================================================
SCENARIO (EMCEE): FULL_PIPELINE
======================================================================

Loaded 3318 matched main-track clusters across U, V, X planes
Using all 3318 main-track clusters
Loading CT model from: /eos/user/e/evilla/dune/sn-tps/neural_networks/channel_tagging/ct_volume_v52_batch_reload_20251116_101125/best_model.keras
Running CT inference...
CT selected 3048 ES candidates from 3318 clusters
  ES prob range: [0.000, 1.000]
Loading ED model from: /eos/home-e/evilla/dune/sn-tps/neural_networks/electron_direction/three_plane_three_plane_v58_200k_lr_schedule_20251118_110931/checkpoints/model_epoch_12_val_loss_0.8898.keras
Running ED inference on 3048 clusters...
After E > 3 MeV cut: 3028 clusters
Running emcee: 64 walkers × 2000 steps...
Acceptance fraction: 5.7%
Mean direction: θ=-165.09°, φ=110.04°
Uncertainties: Δθ=85.27°, Δφ=37.81°
68% credible angle: 62.00°

Angular error: 99.13°

======================================================================
SCENARIO (EMCEE): WEIGHTED_CT
======================================================================

Loaded 3318 matched main-track clusters across U, V, X planes
Using all 3318 main-track clusters
Loading CT model from: /eos/user/e/evilla/dune/sn-tps/neural_networks/channel_tagging/ct_volume_v52_batch_reload_20251116_101125/best_model.keras
Running CT inference...
CT selected 3048 ES candidates from 3318 clusters
  ES prob range: [0.000, 1.000]
Loading ED model from: /eos/home-e/evilla/dune/sn-tps/neural_networks/electron_direction/three_plane_three_plane_v58_200k_lr_schedule_20251118_110931/checkpoints/model_epoch_12_val_loss_0.8898.keras
Running ED inference on 3048 clusters...
Using CT weights (ES probabilities)
After E > 3 MeV cut: 3028 clusters
Running weighted MCMC with 3028 weights
Running emcee: 64 walkers × 2000 steps...
Acceptance fraction: 9.4%
Mean direction: θ=-178.96°, φ=118.54°
Uncertainties: Δθ=77.17°, Δφ=32.83°
68% credible angle: 54.33°

Angular error: 84.54°

======================================================================
SCENARIO (EMCEE): PERFECT_CT_E_GT_10MEV
======================================================================

Loaded 3318 matched main-track clusters across U, V, X planes
Selected 276 ES main tracks
Loading ED model from: /eos/home-e/evilla/dune/sn-tps/neural_networks/electron_direction/three_plane_three_plane_v58_200k_lr_schedule_20251118_110931/checkpoints/model_epoch_12_val_loss_0.8898.keras
Running ED inference...
Applying E > 10 MeV cut
After energy cut: 141 clusters
Running emcee: 64 walkers × 2000 steps...
Acceptance fraction: 9.8%
Mean direction: θ=56.22°, φ=127.66°
Uncertainties: Δθ=67.70°, Δφ=29.21°
68% credible angle: 37.28°

Angular error: 11.64°

======================================================================
SCENARIO (EMCEE): PERFECT_CT_E_GT_20MEV
======================================================================

Loaded 3318 matched main-track clusters across U, V, X planes
Selected 276 ES main tracks
Loading ED model from: /eos/home-e/evilla/dune/sn-tps/neural_networks/electron_direction/three_plane_three_plane_v58_200k_lr_schedule_20251118_110931/checkpoints/model_epoch_12_val_loss_0.8898.keras
Running ED inference...
Applying E > 20 MeV cut
After energy cut: 27 clusters
Running emcee: 64 walkers × 2000 steps...
Acceptance fraction: 20.3%
Mean direction: θ=70.08°, φ=131.61°
Uncertainties: Δθ=49.72°, Δφ=33.66°
68% credible angle: 28.05°

Angular error: 1.99°

✓ Saved: /eos/project-e/ep-nu/evilla/sn-pointing/cat000387/pipeline/cat000387_scenario_best_case_emcee.npz

✓ Saved: /eos/project-e/ep-nu/evilla/sn-pointing/cat000387/pipeline/cat000387_scenario_perfect_ct_emcee.npz

✓ Saved: /eos/project-e/ep-nu/evilla/sn-pointing/cat000387/pipeline/cat000387_scenario_full_pipeline_emcee.npz

✓ Saved: /eos/project-e/ep-nu/evilla/sn-pointing/cat000387/pipeline/cat000387_scenario_weighted_ct_emcee.npz

✓ Saved: /eos/project-e/ep-nu/evilla/sn-pointing/cat000387/pipeline/cat000387_scenario_perfect_ct_e_gt_10mev_emcee.npz

✓ Saved: /eos/project-e/ep-nu/evilla/sn-pointing/cat000387/pipeline/cat000387_scenario_perfect_ct_e_gt_20mev_emcee.npz
✓ cat000387 completed successfully
