Processing cat000065 with 6 scenarios...
Cat directory: /eos/project-e/ep-nu/evilla/sn-pointing/cat000065
======================================================================
EMCEE RECONSTRUCTION FOR cat000065
======================================================================

Loading PDF from: /eos/home-e/evilla/dune/sn-tps/neural_networks/electron_direction/three_plane_three_plane_v58_200k_lr_schedule_20251118_110931/cosine_energy_pdf.npz
PDF loaded

======================================================================
SCENARIO (EMCEE): BEST_CASE
======================================================================

Loaded 3674 matched main-track clusters across U, V, X planes
Selected 285 ES main tracks
After E > 3 MeV cut: 285 clusters
Running emcee: 64 walkers × 2000 steps...
Acceptance fraction: 10.7%
Mean direction: θ=20.33°, φ=33.00°
Uncertainties: Δθ=41.12°, Δφ=15.82°
68% credible angle: 25.09°

Angular error: 2.92°

======================================================================
SCENARIO (EMCEE): PERFECT_CT
======================================================================

Loaded 3674 matched main-track clusters across U, V, X planes
Selected 285 ES main tracks
Loading ED model from: /eos/home-e/evilla/dune/sn-tps/neural_networks/electron_direction/three_plane_three_plane_v58_200k_lr_schedule_20251118_110931/checkpoints/model_epoch_12_val_loss_0.8898.keras
Running ED inference...
After energy cut: 285 clusters
Running emcee: 64 walkers × 2000 steps...
Acceptance fraction: 15.4%
Mean direction: θ=18.20°, φ=37.74°
Uncertainties: Δθ=42.41°, Δφ=16.46°
68% credible angle: 32.54°

Angular error: 7.81°

======================================================================
SCENARIO (EMCEE): FULL_PIPELINE
======================================================================

Loaded 3674 matched main-track clusters across U, V, X planes
Using all 3674 main-track clusters
Loading CT model from: /eos/user/e/evilla/dune/sn-tps/neural_networks/charge_topology/best_model.keras

✗ full_pipeline failed: File not found: filepath=/eos/user/e/evilla/dune/sn-tps/neural_networks/charge_topology/best_model.keras. Please ensure the file is an accessible `.keras` zip file.

======================================================================
SCENARIO (EMCEE): WEIGHTED_CT
======================================================================

Loaded 3674 matched main-track clusters across U, V, X planes
Using all 3674 main-track clusters
Loading CT model from: /eos/user/e/evilla/dune/sn-tps/neural_networks/charge_topology/best_model.keras

✗ weighted_ct failed: File not found: filepath=/eos/user/e/evilla/dune/sn-tps/neural_networks/charge_topology/best_model.keras. Please ensure the file is an accessible `.keras` zip file.

======================================================================
SCENARIO (EMCEE): PERFECT_CT_E_GT_10MEV
======================================================================

Loaded 3674 matched main-track clusters across U, V, X planes
Selected 285 ES main tracks
Loading ED model from: /eos/home-e/evilla/dune/sn-tps/neural_networks/electron_direction/three_plane_three_plane_v58_200k_lr_schedule_20251118_110931/checkpoints/model_epoch_12_val_loss_0.8898.keras
Running ED inference...
Applying E > 10 MeV cut
After energy cut: 144 clusters
Running emcee: 64 walkers × 2000 steps...
Acceptance fraction: 17.8%
Mean direction: θ=22.21°, φ=49.94°
Uncertainties: Δθ=27.19°, Δφ=20.55°
68% credible angle: 30.31°

Angular error: 19.73°

======================================================================
SCENARIO (EMCEE): PERFECT_CT_E_GT_20MEV
======================================================================

Loaded 3674 matched main-track clusters across U, V, X planes
Selected 285 ES main tracks
Loading ED model from: /eos/home-e/evilla/dune/sn-tps/neural_networks/electron_direction/three_plane_three_plane_v58_200k_lr_schedule_20251118_110931/checkpoints/model_epoch_12_val_loss_0.8898.keras
Running ED inference...
Applying E > 20 MeV cut
After energy cut: 32 clusters
Running emcee: 64 walkers × 2000 steps...
Acceptance fraction: 12.9%
Mean direction: θ=18.37°, φ=56.92°
Uncertainties: Δθ=62.38°, Δφ=50.58°
68% credible angle: 40.88°

Angular error: 26.82°

✓ Saved: /eos/project-e/ep-nu/evilla/sn-pointing/cat000065/pipeline/cat000065_scenario_best_case_emcee.npz

✓ Saved: /eos/project-e/ep-nu/evilla/sn-pointing/cat000065/pipeline/cat000065_scenario_perfect_ct_emcee.npz

✓ Saved: /eos/project-e/ep-nu/evilla/sn-pointing/cat000065/pipeline/cat000065_scenario_perfect_ct_e_gt_10mev_emcee.npz

✓ Saved: /eos/project-e/ep-nu/evilla/sn-pointing/cat000065/pipeline/cat000065_scenario_perfect_ct_e_gt_20mev_emcee.npz
✓ cat000065 completed successfully
