Processing cat000532 with 6 scenarios...
Cat directory: /eos/project-e/ep-nu/evilla/sn-pointing/cat000532
======================================================================
EMCEE RECONSTRUCTION FOR cat000532
======================================================================

Loading PDF from: /eos/home-e/evilla/dune/sn-tps/neural_networks/electron_direction/three_plane_three_plane_v58_200k_lr_schedule_20251118_110931/cosine_energy_pdf.npz
PDF loaded

======================================================================
SCENARIO (EMCEE): BEST_CASE
======================================================================

Loaded 3801 matched main-track clusters across U, V, X planes
Selected 301 ES main tracks
After E > 3 MeV cut: 301 clusters
Running emcee: 64 walkers × 2000 steps...
Acceptance fraction: 6.3%
Mean direction: θ=-111.21°, φ=65.27°
Uncertainties: Δθ=61.71°, Δφ=33.14°
68% credible angle: 41.95°

Angular error: 18.84°

======================================================================
SCENARIO (EMCEE): PERFECT_CT
======================================================================

Loaded 3801 matched main-track clusters across U, V, X planes
Selected 301 ES main tracks
Loading ED model from: /eos/home-e/evilla/dune/sn-tps/neural_networks/electron_direction/three_plane_three_plane_v58_200k_lr_schedule_20251118_110931/checkpoints/model_epoch_12_val_loss_0.8898.keras
Running ED inference...
After energy cut: 301 clusters
Running emcee: 64 walkers × 2000 steps...
Acceptance fraction: 9.2%
Mean direction: θ=-114.60°, φ=42.62°
Uncertainties: Δθ=41.08°, Δφ=14.59°
68% credible angle: 30.12°

Angular error: 16.14°

======================================================================
SCENARIO (EMCEE): FULL_PIPELINE
======================================================================

Loaded 3801 matched main-track clusters across U, V, X planes
Using all 3801 main-track clusters
Loading CT model from: /eos/user/e/evilla/dune/sn-tps/neural_networks/channel_tagging/ct_volume_v52_batch_reload_20251116_101125/best_model.keras
Running CT inference...
CT selected 3469 ES candidates from 3801 clusters
  ES prob range: [0.000, 1.000]
Loading ED model from: /eos/home-e/evilla/dune/sn-tps/neural_networks/electron_direction/three_plane_three_plane_v58_200k_lr_schedule_20251118_110931/checkpoints/model_epoch_12_val_loss_0.8898.keras
Running ED inference on 3469 clusters...
After E > 3 MeV cut: 3452 clusters
Running emcee: 64 walkers × 2000 steps...
Acceptance fraction: 5.0%
Mean direction: θ=-145.50°, φ=88.06°
Uncertainties: Δθ=72.07°, Δφ=30.36°
68% credible angle: 67.22°

Angular error: 58.03°

======================================================================
SCENARIO (EMCEE): WEIGHTED_CT
======================================================================

Loaded 3801 matched main-track clusters across U, V, X planes
Using all 3801 main-track clusters
Loading CT model from: /eos/user/e/evilla/dune/sn-tps/neural_networks/channel_tagging/ct_volume_v52_batch_reload_20251116_101125/best_model.keras
Running CT inference...
CT selected 3469 ES candidates from 3801 clusters
  ES prob range: [0.000, 1.000]
Loading ED model from: /eos/home-e/evilla/dune/sn-tps/neural_networks/electron_direction/three_plane_three_plane_v58_200k_lr_schedule_20251118_110931/checkpoints/model_epoch_12_val_loss_0.8898.keras
Running ED inference on 3469 clusters...
Using CT weights (ES probabilities)
After E > 3 MeV cut: 3452 clusters
Running weighted MCMC with 3452 weights
Running emcee: 64 walkers × 2000 steps...
Acceptance fraction: 5.3%
Mean direction: θ=-165.20°, φ=88.51°
Uncertainties: Δθ=83.79°, Δφ=34.72°
68% credible angle: 76.04°

Angular error: 72.87°

======================================================================
SCENARIO (EMCEE): PERFECT_CT_E_GT_10MEV
======================================================================

Loaded 3801 matched main-track clusters across U, V, X planes
Selected 301 ES main tracks
Loading ED model from: /eos/home-e/evilla/dune/sn-tps/neural_networks/electron_direction/three_plane_three_plane_v58_200k_lr_schedule_20251118_110931/checkpoints/model_epoch_12_val_loss_0.8898.keras
Running ED inference...
Applying E > 10 MeV cut
After energy cut: 161 clusters
Running emcee: 64 walkers × 2000 steps...
Acceptance fraction: 17.4%
Mean direction: θ=-91.32°, φ=51.18°
Uncertainties: Δθ=39.00°, Δφ=18.25°
68% credible angle: 23.85°

Angular error: 3.70°

======================================================================
SCENARIO (EMCEE): PERFECT_CT_E_GT_20MEV
======================================================================

Loaded 3801 matched main-track clusters across U, V, X planes
Selected 301 ES main tracks
Loading ED model from: /eos/home-e/evilla/dune/sn-tps/neural_networks/electron_direction/three_plane_three_plane_v58_200k_lr_schedule_20251118_110931/checkpoints/model_epoch_12_val_loss_0.8898.keras
Running ED inference...
Applying E > 20 MeV cut
After energy cut: 35 clusters
Running emcee: 64 walkers × 2000 steps...
Acceptance fraction: 16.8%
Mean direction: θ=-108.11°, φ=54.95°
Uncertainties: Δθ=52.12°, Δφ=35.38°
68% credible angle: 25.17°

Angular error: 10.25°

✓ Saved: /eos/project-e/ep-nu/evilla/sn-pointing/cat000532/pipeline/cat000532_scenario_best_case_emcee.npz

✓ Saved: /eos/project-e/ep-nu/evilla/sn-pointing/cat000532/pipeline/cat000532_scenario_perfect_ct_emcee.npz

✓ Saved: /eos/project-e/ep-nu/evilla/sn-pointing/cat000532/pipeline/cat000532_scenario_full_pipeline_emcee.npz

✓ Saved: /eos/project-e/ep-nu/evilla/sn-pointing/cat000532/pipeline/cat000532_scenario_weighted_ct_emcee.npz

✓ Saved: /eos/project-e/ep-nu/evilla/sn-pointing/cat000532/pipeline/cat000532_scenario_perfect_ct_e_gt_10mev_emcee.npz

✓ Saved: /eos/project-e/ep-nu/evilla/sn-pointing/cat000532/pipeline/cat000532_scenario_perfect_ct_e_gt_20mev_emcee.npz
✓ cat000532 completed successfully
