Processing cat000028 with 6 scenarios...
Cat directory: /eos/project-e/ep-nu/evilla/sn-pointing/cat000028
======================================================================
EMCEE RECONSTRUCTION FOR cat000028
======================================================================

Loading PDF from: /eos/home-e/evilla/dune/sn-tps/neural_networks/electron_direction/three_plane_three_plane_v58_200k_lr_schedule_20251118_110931/cosine_energy_pdf.npz
PDF loaded

======================================================================
SCENARIO (EMCEE): BEST_CASE
======================================================================

Loaded 3852 matched main-track clusters across U, V, X planes
Selected 269 ES main tracks
After E > 3 MeV cut: 269 clusters
Running emcee: 64 walkers × 2000 steps...
Acceptance fraction: 11.7%
Mean direction: θ=-131.78°, φ=122.35°
Uncertainties: Δθ=40.36°, Δφ=25.90°
68% credible angle: 40.31°

Angular error: 15.39°

======================================================================
SCENARIO (EMCEE): PERFECT_CT
======================================================================

Loaded 3852 matched main-track clusters across U, V, X planes
Selected 269 ES main tracks
Loading ED model from: /eos/home-e/evilla/dune/sn-tps/neural_networks/electron_direction/three_plane_three_plane_v58_200k_lr_schedule_20251118_110931/checkpoints/model_epoch_12_val_loss_0.8898.keras
Running ED inference...
After energy cut: 269 clusters
Running emcee: 64 walkers × 2000 steps...
Acceptance fraction: 11.0%
Mean direction: θ=-139.00°, φ=138.96°
Uncertainties: Δθ=37.77°, Δφ=15.07°
68% credible angle: 28.50°

Angular error: 17.55°

======================================================================
SCENARIO (EMCEE): FULL_PIPELINE
======================================================================

Loaded 3852 matched main-track clusters across U, V, X planes
Using all 3852 main-track clusters
Loading CT model from: /eos/user/e/evilla/dune/sn-tps/neural_networks/charge_topology/best_model.keras

✗ full_pipeline failed: File not found: filepath=/eos/user/e/evilla/dune/sn-tps/neural_networks/charge_topology/best_model.keras. Please ensure the file is an accessible `.keras` zip file.

======================================================================
SCENARIO (EMCEE): WEIGHTED_CT
======================================================================

Loaded 3852 matched main-track clusters across U, V, X planes
Using all 3852 main-track clusters
Loading CT model from: /eos/user/e/evilla/dune/sn-tps/neural_networks/charge_topology/best_model.keras

✗ weighted_ct failed: File not found: filepath=/eos/user/e/evilla/dune/sn-tps/neural_networks/charge_topology/best_model.keras. Please ensure the file is an accessible `.keras` zip file.

======================================================================
SCENARIO (EMCEE): PERFECT_CT_E_GT_10MEV
======================================================================

Loaded 3852 matched main-track clusters across U, V, X planes
Selected 269 ES main tracks
Loading ED model from: /eos/home-e/evilla/dune/sn-tps/neural_networks/electron_direction/three_plane_three_plane_v58_200k_lr_schedule_20251118_110931/checkpoints/model_epoch_12_val_loss_0.8898.keras
Running ED inference...
Applying E > 10 MeV cut
After energy cut: 135 clusters
Running emcee: 64 walkers × 2000 steps...
Acceptance fraction: 12.6%
Mean direction: θ=-145.24°, φ=133.67°
Uncertainties: Δθ=38.90°, Δφ=32.37°
68% credible angle: 27.64°

Angular error: 21.32°

======================================================================
SCENARIO (EMCEE): PERFECT_CT_E_GT_20MEV
======================================================================

Loaded 3852 matched main-track clusters across U, V, X planes
Selected 269 ES main tracks
Loading ED model from: /eos/home-e/evilla/dune/sn-tps/neural_networks/electron_direction/three_plane_three_plane_v58_200k_lr_schedule_20251118_110931/checkpoints/model_epoch_12_val_loss_0.8898.keras
Running ED inference...
Applying E > 20 MeV cut
After energy cut: 39 clusters
Running emcee: 64 walkers × 2000 steps...
Acceptance fraction: 17.5%
Mean direction: θ=-156.42°, φ=122.39°
Uncertainties: Δθ=60.99°, Δφ=39.92°
68% credible angle: 37.99°

Angular error: 33.04°

✓ Saved: /eos/project-e/ep-nu/evilla/sn-pointing/cat000028/pipeline/cat000028_scenario_best_case_emcee.npz

✓ Saved: /eos/project-e/ep-nu/evilla/sn-pointing/cat000028/pipeline/cat000028_scenario_perfect_ct_emcee.npz

✓ Saved: /eos/project-e/ep-nu/evilla/sn-pointing/cat000028/pipeline/cat000028_scenario_perfect_ct_e_gt_10mev_emcee.npz

✓ Saved: /eos/project-e/ep-nu/evilla/sn-pointing/cat000028/pipeline/cat000028_scenario_perfect_ct_e_gt_20mev_emcee.npz
✓ cat000028 completed successfully
