Processing cat000520 with 6 scenarios...
Cat directory: /eos/project-e/ep-nu/evilla/sn-pointing/cat000520
======================================================================
EMCEE RECONSTRUCTION FOR cat000520
======================================================================

Loading PDF from: /eos/home-e/evilla/dune/sn-tps/neural_networks/electron_direction/three_plane_three_plane_v58_200k_lr_schedule_20251118_110931/cosine_energy_pdf.npz
PDF loaded

======================================================================
SCENARIO (EMCEE): BEST_CASE
======================================================================

Loaded 3320 matched main-track clusters across U, V, X planes
Selected 269 ES main tracks
After E > 3 MeV cut: 269 clusters
Running emcee: 64 walkers × 2000 steps...
Acceptance fraction: 15.6%
Mean direction: θ=-18.75°, φ=105.85°
Uncertainties: Δθ=36.28°, Δφ=18.38°
68% credible angle: 15.64°

Angular error: 13.14°

======================================================================
SCENARIO (EMCEE): PERFECT_CT
======================================================================

Loaded 3320 matched main-track clusters across U, V, X planes
Selected 269 ES main tracks
Loading ED model from: /eos/home-e/evilla/dune/sn-tps/neural_networks/electron_direction/three_plane_three_plane_v58_200k_lr_schedule_20251118_110931/checkpoints/model_epoch_12_val_loss_0.8898.keras
Running ED inference...
After energy cut: 269 clusters
Running emcee: 64 walkers × 2000 steps...
Acceptance fraction: 24.8%
Mean direction: θ=-12.41°, φ=111.25°
Uncertainties: Δθ=19.11°, Δφ=18.63°
68% credible angle: 25.70°

Angular error: 16.45°

======================================================================
SCENARIO (EMCEE): FULL_PIPELINE
======================================================================

Loaded 3320 matched main-track clusters across U, V, X planes
Using all 3320 main-track clusters
Loading CT model from: /eos/user/e/evilla/dune/sn-tps/neural_networks/channel_tagging/ct_volume_v52_batch_reload_20251116_101125/best_model.keras
Running CT inference...
CT selected 3013 ES candidates from 3320 clusters
  ES prob range: [0.000, 1.000]
Loading ED model from: /eos/home-e/evilla/dune/sn-tps/neural_networks/electron_direction/three_plane_three_plane_v58_200k_lr_schedule_20251118_110931/checkpoints/model_epoch_12_val_loss_0.8898.keras
Running ED inference on 3013 clusters...
After E > 3 MeV cut: 2993 clusters
Running emcee: 64 walkers × 2000 steps...
Acceptance fraction: 2.5%
Mean direction: θ=-20.99°, φ=98.65°
Uncertainties: Δθ=71.43°, Δφ=28.66°
68% credible angle: 65.26°

Angular error: 17.28°

======================================================================
SCENARIO (EMCEE): WEIGHTED_CT
======================================================================

Loaded 3320 matched main-track clusters across U, V, X planes
Using all 3320 main-track clusters
Loading CT model from: /eos/user/e/evilla/dune/sn-tps/neural_networks/channel_tagging/ct_volume_v52_batch_reload_20251116_101125/best_model.keras
Running CT inference...
CT selected 3013 ES candidates from 3320 clusters
  ES prob range: [0.000, 1.000]
Loading ED model from: /eos/home-e/evilla/dune/sn-tps/neural_networks/electron_direction/three_plane_three_plane_v58_200k_lr_schedule_20251118_110931/checkpoints/model_epoch_12_val_loss_0.8898.keras
Running ED inference on 3013 clusters...
Using CT weights (ES probabilities)
After E > 3 MeV cut: 2993 clusters
Running weighted MCMC with 2993 weights
Running emcee: 64 walkers × 2000 steps...
Acceptance fraction: 3.7%
Mean direction: θ=-38.70°, φ=99.65°
Uncertainties: Δθ=59.30°, Δφ=27.91°
68% credible angle: 52.75°

Angular error: 16.23°

======================================================================
SCENARIO (EMCEE): PERFECT_CT_E_GT_10MEV
======================================================================

Loaded 3320 matched main-track clusters across U, V, X planes
Selected 269 ES main tracks
Loading ED model from: /eos/home-e/evilla/dune/sn-tps/neural_networks/electron_direction/three_plane_three_plane_v58_200k_lr_schedule_20251118_110931/checkpoints/model_epoch_12_val_loss_0.8898.keras
Running ED inference...
Applying E > 10 MeV cut
After energy cut: 156 clusters
Running emcee: 64 walkers × 2000 steps...
Acceptance fraction: 16.7%
Mean direction: θ=-21.78°, φ=113.85°
Uncertainties: Δθ=29.07°, Δφ=23.56°
68% credible angle: 27.67°

Angular error: 7.55°

======================================================================
SCENARIO (EMCEE): PERFECT_CT_E_GT_20MEV
======================================================================

Loaded 3320 matched main-track clusters across U, V, X planes
Selected 269 ES main tracks
Loading ED model from: /eos/home-e/evilla/dune/sn-tps/neural_networks/electron_direction/three_plane_three_plane_v58_200k_lr_schedule_20251118_110931/checkpoints/model_epoch_12_val_loss_0.8898.keras
Running ED inference...
Applying E > 20 MeV cut
After energy cut: 45 clusters
Running emcee: 64 walkers × 2000 steps...
Acceptance fraction: 17.2%
Mean direction: θ=-19.19°, φ=106.34°
Uncertainties: Δθ=53.48°, Δφ=25.98°
68% credible angle: 31.66°

Angular error: 12.50°

✓ Saved: /eos/project-e/ep-nu/evilla/sn-pointing/cat000520/pipeline/cat000520_scenario_best_case_emcee.npz

✓ Saved: /eos/project-e/ep-nu/evilla/sn-pointing/cat000520/pipeline/cat000520_scenario_perfect_ct_emcee.npz

✓ Saved: /eos/project-e/ep-nu/evilla/sn-pointing/cat000520/pipeline/cat000520_scenario_full_pipeline_emcee.npz

✓ Saved: /eos/project-e/ep-nu/evilla/sn-pointing/cat000520/pipeline/cat000520_scenario_weighted_ct_emcee.npz

✓ Saved: /eos/project-e/ep-nu/evilla/sn-pointing/cat000520/pipeline/cat000520_scenario_perfect_ct_e_gt_10mev_emcee.npz

✓ Saved: /eos/project-e/ep-nu/evilla/sn-pointing/cat000520/pipeline/cat000520_scenario_perfect_ct_e_gt_20mev_emcee.npz
✓ cat000520 completed successfully
