==================================================================
Processing cat000616 with EMCEE - ALL SCENARIOS
==================================================================
======================================================================
EMCEE RECONSTRUCTION FOR cat000616
======================================================================

Loading PDF from: /eos/home-e/evilla/dune/sn-tps/neural_networks/electron_direction/three_plane_three_plane_v58_200k_lr_schedule_20251118_110931/cosine_energy_pdf.npz
PDF loaded

======================================================================
SCENARIO (EMCEE): PERFECT_CT
======================================================================

Loaded 311 matched clusters across U, V, X planes
Selected clusters: 275
Running emcee: 64 walkers × 2000 steps...
Acceptance fraction: 13.2%
Mean direction: θ=-133.90°, φ=30.60°
Uncertainties: Δθ=81.88°, Δφ=11.87°
68% credible angle: 37.28°

Angular error: 10.76°

======================================================================
SCENARIO (EMCEE): ES_MAIN_CC_SHOWER
======================================================================

Loaded 311 matched clusters across U, V, X planes
Selected clusters: 275
Running emcee: 64 walkers × 2000 steps...
Acceptance fraction: 13.2%
Mean direction: θ=-105.02°, φ=33.47°
Uncertainties: Δθ=74.88°, Δφ=11.65°
68% credible angle: 30.42°

Angular error: 4.76°

======================================================================
SCENARIO (EMCEE): ES_MAIN_CC_ALL
======================================================================

Loaded 311 matched clusters across U, V, X planes
Selected clusters: 275
Running emcee: 64 walkers × 2000 steps...
Acceptance fraction: 11.3%
Mean direction: θ=-63.94°, φ=27.41°
Uncertainties: Δθ=106.15°, Δφ=12.38°
68% credible angle: 35.11°

Angular error: 23.70°

======================================================================
SCENARIO (EMCEE): ES_ALL_CC_SHOWER
======================================================================

Loaded 311 matched clusters across U, V, X planes
Selected clusters: 275
Running emcee: 64 walkers × 2000 steps...
Acceptance fraction: 11.6%
Mean direction: θ=-126.67°, φ=30.59°
Uncertainties: Δθ=86.46°, Δφ=12.23°
68% credible angle: 33.74°

Angular error: 7.09°

======================================================================
SCENARIO (EMCEE): ES_ALL_CC_ALL
======================================================================

Loaded 311 matched clusters across U, V, X planes
Selected clusters: 275
Running emcee: 64 walkers × 2000 steps...
Acceptance fraction: 11.6%
Mean direction: θ=-85.19°, φ=29.52°
Uncertainties: Δθ=99.96°, Δφ=12.56°
68% credible angle: 39.14°

Angular error: 14.02°

======================================================================
SCENARIO (EMCEE): ALL_TRACKS_ALL_SHOWERS
======================================================================

Loaded 311 matched clusters across U, V, X planes
Selected clusters: 311
Running emcee: 64 walkers × 2000 steps...
Acceptance fraction: 13.6%
Mean direction: θ=-42.55°, φ=28.07°
Uncertainties: Δθ=92.95°, Δφ=13.30°
68% credible angle: 32.38°

Angular error: 33.24°

✓ Saved: /eos/project-e/ep-nu/evilla/sn-pointing/cat000616/pipeline/cat000616_scenario_perfect_ct_emcee.npz

✓ Saved: /eos/project-e/ep-nu/evilla/sn-pointing/cat000616/pipeline/cat000616_scenario_es_main_cc_shower_emcee.npz

✓ Saved: /eos/project-e/ep-nu/evilla/sn-pointing/cat000616/pipeline/cat000616_scenario_es_main_cc_all_emcee.npz

✓ Saved: /eos/project-e/ep-nu/evilla/sn-pointing/cat000616/pipeline/cat000616_scenario_es_all_cc_shower_emcee.npz

✓ Saved: /eos/project-e/ep-nu/evilla/sn-pointing/cat000616/pipeline/cat000616_scenario_es_all_cc_all_emcee.npz

✓ Saved: /eos/project-e/ep-nu/evilla/sn-pointing/cat000616/pipeline/cat000616_scenario_all_tracks_all_showers_emcee.npz
✓ cat000616 completed successfully
