Processing cat000076 with 6 scenarios...
Cat directory: /eos/project-e/ep-nu/evilla/sn-pointing/cat000076
======================================================================
EMCEE RECONSTRUCTION FOR cat000076
======================================================================

Loading PDF from: /eos/home-e/evilla/dune/sn-tps/neural_networks/electron_direction/three_plane_three_plane_v58_200k_lr_schedule_20251118_110931/cosine_energy_pdf.npz
PDF loaded

======================================================================
SCENARIO (EMCEE): BEST_CASE
======================================================================

Loaded 3823 matched main-track clusters across U, V, X planes
Selected 293 ES main tracks
After E > 3 MeV cut: 292 clusters
Running emcee: 64 walkers × 2000 steps...
Acceptance fraction: 12.6%
Mean direction: θ=-34.07°, φ=88.55°
Uncertainties: Δθ=58.17°, Δφ=18.66°
68% credible angle: 30.72°

Angular error: 20.63°

======================================================================
SCENARIO (EMCEE): PERFECT_CT
======================================================================

Loaded 3823 matched main-track clusters across U, V, X planes
Selected 293 ES main tracks
Loading ED model from: /eos/home-e/evilla/dune/sn-tps/neural_networks/electron_direction/three_plane_three_plane_v58_200k_lr_schedule_20251118_110931/checkpoints/model_epoch_12_val_loss_0.8898.keras
Running ED inference...
After energy cut: 292 clusters
Running emcee: 64 walkers × 2000 steps...
Acceptance fraction: 12.3%
Mean direction: θ=-61.13°, φ=91.66°
Uncertainties: Δθ=20.69°, Δφ=17.07°
68% credible angle: 22.55°

Angular error: 6.63°

======================================================================
SCENARIO (EMCEE): FULL_PIPELINE
======================================================================

Loaded 3823 matched main-track clusters across U, V, X planes
Using all 3823 main-track clusters
Loading CT model from: /eos/user/e/evilla/dune/sn-tps/neural_networks/charge_topology/best_model.keras

✗ full_pipeline failed: File not found: filepath=/eos/user/e/evilla/dune/sn-tps/neural_networks/charge_topology/best_model.keras. Please ensure the file is an accessible `.keras` zip file.

======================================================================
SCENARIO (EMCEE): WEIGHTED_CT
======================================================================

Loaded 3823 matched main-track clusters across U, V, X planes
Using all 3823 main-track clusters
Loading CT model from: /eos/user/e/evilla/dune/sn-tps/neural_networks/charge_topology/best_model.keras

✗ weighted_ct failed: File not found: filepath=/eos/user/e/evilla/dune/sn-tps/neural_networks/charge_topology/best_model.keras. Please ensure the file is an accessible `.keras` zip file.

======================================================================
SCENARIO (EMCEE): PERFECT_CT_E_GT_10MEV
======================================================================

Loaded 3823 matched main-track clusters across U, V, X planes
Selected 293 ES main tracks
Loading ED model from: /eos/home-e/evilla/dune/sn-tps/neural_networks/electron_direction/three_plane_three_plane_v58_200k_lr_schedule_20251118_110931/checkpoints/model_epoch_12_val_loss_0.8898.keras
Running ED inference...
Applying E > 10 MeV cut
After energy cut: 158 clusters
Running emcee: 64 walkers × 2000 steps...
Acceptance fraction: 13.5%
Mean direction: θ=-61.58°, φ=92.37°
Uncertainties: Δθ=20.06°, Δφ=14.69°
68% credible angle: 20.61°

Angular error: 7.14°

======================================================================
SCENARIO (EMCEE): PERFECT_CT_E_GT_20MEV
======================================================================

Loaded 3823 matched main-track clusters across U, V, X planes
Selected 293 ES main tracks
Loading ED model from: /eos/home-e/evilla/dune/sn-tps/neural_networks/electron_direction/three_plane_three_plane_v58_200k_lr_schedule_20251118_110931/checkpoints/model_epoch_12_val_loss_0.8898.keras
Running ED inference...
Applying E > 20 MeV cut
After energy cut: 40 clusters
Running emcee: 64 walkers × 2000 steps...
Acceptance fraction: 16.6%
Mean direction: θ=-68.39°, φ=92.71°
Uncertainties: Δθ=40.07°, Δφ=13.36°
68% credible angle: 18.54°

Angular error: 13.94°

✓ Saved: /eos/project-e/ep-nu/evilla/sn-pointing/cat000076/pipeline/cat000076_scenario_best_case_emcee.npz

✓ Saved: /eos/project-e/ep-nu/evilla/sn-pointing/cat000076/pipeline/cat000076_scenario_perfect_ct_emcee.npz

✓ Saved: /eos/project-e/ep-nu/evilla/sn-pointing/cat000076/pipeline/cat000076_scenario_perfect_ct_e_gt_10mev_emcee.npz

✓ Saved: /eos/project-e/ep-nu/evilla/sn-pointing/cat000076/pipeline/cat000076_scenario_perfect_ct_e_gt_20mev_emcee.npz
✓ cat000076 completed successfully
