==================================================================
Processing cat000341 with EMCEE - ALL SCENARIOS
==================================================================
======================================================================
EMCEE RECONSTRUCTION FOR cat000341
======================================================================

Loading PDF from: /eos/home-e/evilla/dune/sn-tps/neural_networks/electron_direction/three_plane_three_plane_v58_200k_lr_schedule_20251118_110931/cosine_energy_pdf.npz
PDF loaded

======================================================================
SCENARIO (EMCEE): PERFECT_CT
======================================================================

Loaded 3875 matched clusters across U, V, X planes
Selected clusters: 300
Running emcee: 64 walkers × 2000 steps...
Acceptance fraction: 18.8%
Mean direction: θ=49.56°, φ=37.00°
Uncertainties: Δθ=58.31°, Δφ=14.61°
68% credible angle: 31.13°

Angular error: 13.45°

======================================================================
SCENARIO (EMCEE): ES_MAIN_CC_SHOWER
======================================================================

Loaded 3875 matched clusters across U, V, X planes
Selected clusters: 300
Running emcee: 64 walkers × 2000 steps...
Acceptance fraction: 22.8%
Mean direction: θ=62.71°, φ=38.17°
Uncertainties: Δθ=57.32°, Δφ=15.33°
68% credible angle: 31.82°

Angular error: 7.84°

======================================================================
SCENARIO (EMCEE): ES_MAIN_CC_ALL
======================================================================

Loaded 3875 matched clusters across U, V, X planes
Selected clusters: 300
Running emcee: 64 walkers × 2000 steps...
Acceptance fraction: 20.2%
Mean direction: θ=60.37°, φ=37.72°
Uncertainties: Δθ=59.10°, Δφ=14.89°
68% credible angle: 35.68°

Angular error: 8.48°

======================================================================
SCENARIO (EMCEE): ES_ALL_CC_SHOWER
======================================================================

Loaded 3875 matched clusters across U, V, X planes
Selected clusters: 300
Running emcee: 64 walkers × 2000 steps...
Acceptance fraction: 24.0%
Mean direction: θ=54.42°, φ=41.43°
Uncertainties: Δθ=43.35°, Δφ=11.60°
68% credible angle: 11.99°

Angular error: 13.78°

======================================================================
SCENARIO (EMCEE): ES_ALL_CC_ALL
======================================================================

Loaded 3875 matched clusters across U, V, X planes
Selected clusters: 300
Running emcee: 64 walkers × 2000 steps...
Acceptance fraction: 17.8%
Mean direction: θ=47.39°, φ=37.10°
Uncertainties: Δθ=56.17°, Δφ=13.90°
68% credible angle: 30.33°

Angular error: 14.64°

======================================================================
SCENARIO (EMCEE): ALL_TRACKS_ALL_SHOWERS
======================================================================

Loaded 3875 matched clusters across U, V, X planes
Selected clusters: 3875
Running emcee: 64 walkers × 2000 steps...
Acceptance fraction: 2.9%
Mean direction: θ=-140.82°, φ=88.64°
Uncertainties: Δθ=84.51°, Δφ=37.02°
68% credible angle: 81.47°

Angular error: 115.50°

✓ Saved: /eos/project-e/ep-nu/evilla/sn-pointing/cat000341/pipeline/cat000341_scenario_perfect_ct_emcee.npz

✓ Saved: /eos/project-e/ep-nu/evilla/sn-pointing/cat000341/pipeline/cat000341_scenario_es_main_cc_shower_emcee.npz

✓ Saved: /eos/project-e/ep-nu/evilla/sn-pointing/cat000341/pipeline/cat000341_scenario_es_main_cc_all_emcee.npz

✓ Saved: /eos/project-e/ep-nu/evilla/sn-pointing/cat000341/pipeline/cat000341_scenario_es_all_cc_shower_emcee.npz

✓ Saved: /eos/project-e/ep-nu/evilla/sn-pointing/cat000341/pipeline/cat000341_scenario_es_all_cc_all_emcee.npz

✓ Saved: /eos/project-e/ep-nu/evilla/sn-pointing/cat000341/pipeline/cat000341_scenario_all_tracks_all_showers_emcee.npz
✓ cat000341 completed successfully
