Processing cat000620 with 6 scenarios...
Cat directory: /eos/project-e/ep-nu/evilla/sn-pointing/cat000620
======================================================================
EMCEE RECONSTRUCTION FOR cat000620
======================================================================

Loading PDF from: /eos/home-e/evilla/dune/sn-tps/neural_networks/electron_direction/three_plane_three_plane_v58_200k_lr_schedule_20251118_110931/cosine_energy_pdf.npz
PDF loaded

======================================================================
SCENARIO (EMCEE): BEST_CASE
======================================================================

Loaded 3559 matched main-track clusters across U, V, X planes
Selected 294 ES main tracks
After E > 3 MeV cut: 294 clusters
Running emcee: 64 walkers × 2000 steps...
Acceptance fraction: 10.3%
Mean direction: θ=-23.13°, φ=151.82°
Uncertainties: Δθ=95.74°, Δφ=15.49°
68% credible angle: 33.60°

Angular error: 14.39°

======================================================================
SCENARIO (EMCEE): PERFECT_CT
======================================================================

Loaded 3559 matched main-track clusters across U, V, X planes
Selected 294 ES main tracks
Loading ED model from: /eos/home-e/evilla/dune/sn-tps/neural_networks/electron_direction/three_plane_three_plane_v58_200k_lr_schedule_20251118_110931/checkpoints/model_epoch_12_val_loss_0.8898.keras
Running ED inference...
After energy cut: 294 clusters
Running emcee: 64 walkers × 2000 steps...
Acceptance fraction: 8.4%
Mean direction: θ=64.38°, φ=147.70°
Uncertainties: Δθ=103.64°, Δφ=18.78°
68% credible angle: 43.63°

Angular error: 37.04°

======================================================================
SCENARIO (EMCEE): FULL_PIPELINE
======================================================================

Loaded 3559 matched main-track clusters across U, V, X planes
Using all 3559 main-track clusters
Loading CT model from: /eos/user/e/evilla/dune/sn-tps/neural_networks/channel_tagging/ct_volume_v52_batch_reload_20251116_101125/best_model.keras
Running CT inference...
CT selected 3268 ES candidates from 3559 clusters
  ES prob range: [0.000, 1.000]
Loading ED model from: /eos/home-e/evilla/dune/sn-tps/neural_networks/electron_direction/three_plane_three_plane_v58_200k_lr_schedule_20251118_110931/checkpoints/model_epoch_12_val_loss_0.8898.keras
Running ED inference on 3268 clusters...
After E > 3 MeV cut: 3245 clusters
Running emcee: 64 walkers × 2000 steps...
Acceptance fraction: 4.7%
Mean direction: θ=-150.31°, φ=118.27°
Uncertainties: Δθ=64.56°, Δφ=37.75°
68% credible angle: 59.85°

Angular error: 68.64°

======================================================================
SCENARIO (EMCEE): WEIGHTED_CT
======================================================================

Loaded 3559 matched main-track clusters across U, V, X planes
Using all 3559 main-track clusters
Loading CT model from: /eos/user/e/evilla/dune/sn-tps/neural_networks/channel_tagging/ct_volume_v52_batch_reload_20251116_101125/best_model.keras
Running CT inference...
CT selected 3268 ES candidates from 3559 clusters
  ES prob range: [0.000, 1.000]
Loading ED model from: /eos/home-e/evilla/dune/sn-tps/neural_networks/electron_direction/three_plane_three_plane_v58_200k_lr_schedule_20251118_110931/checkpoints/model_epoch_12_val_loss_0.8898.keras
Running ED inference on 3268 clusters...
Using CT weights (ES probabilities)
After E > 3 MeV cut: 3245 clusters
Running weighted MCMC with 3245 weights
Running emcee: 64 walkers × 2000 steps...
Acceptance fraction: 4.3%
Mean direction: θ=-156.53°, φ=118.12°
Uncertainties: Δθ=66.26°, Δφ=38.30°
68% credible angle: 56.44°

Angular error: 70.06°

======================================================================
SCENARIO (EMCEE): PERFECT_CT_E_GT_10MEV
======================================================================

Loaded 3559 matched main-track clusters across U, V, X planes
Selected 294 ES main tracks
Loading ED model from: /eos/home-e/evilla/dune/sn-tps/neural_networks/electron_direction/three_plane_three_plane_v58_200k_lr_schedule_20251118_110931/checkpoints/model_epoch_12_val_loss_0.8898.keras
Running ED inference...
Applying E > 10 MeV cut
After energy cut: 153 clusters
Running emcee: 64 walkers × 2000 steps...
Acceptance fraction: 8.5%
Mean direction: θ=51.47°, φ=137.99°
Uncertainties: Δθ=97.28°, Δφ=48.42°
68% credible angle: 57.68°

Angular error: 43.01°

======================================================================
SCENARIO (EMCEE): PERFECT_CT_E_GT_20MEV
======================================================================

Loaded 3559 matched main-track clusters across U, V, X planes
Selected 294 ES main tracks
Loading ED model from: /eos/home-e/evilla/dune/sn-tps/neural_networks/electron_direction/three_plane_three_plane_v58_200k_lr_schedule_20251118_110931/checkpoints/model_epoch_12_val_loss_0.8898.keras
Running ED inference...
Applying E > 20 MeV cut
After energy cut: 34 clusters
Running emcee: 64 walkers × 2000 steps...
Acceptance fraction: 12.6%
Mean direction: θ=37.00°, φ=121.42°
Uncertainties: Δθ=85.53°, Δφ=63.75°
68% credible angle: 65.85°

Angular error: 55.13°

✓ Saved: /eos/project-e/ep-nu/evilla/sn-pointing/cat000620/pipeline/cat000620_scenario_best_case_emcee.npz

✓ Saved: /eos/project-e/ep-nu/evilla/sn-pointing/cat000620/pipeline/cat000620_scenario_perfect_ct_emcee.npz

✓ Saved: /eos/project-e/ep-nu/evilla/sn-pointing/cat000620/pipeline/cat000620_scenario_full_pipeline_emcee.npz

✓ Saved: /eos/project-e/ep-nu/evilla/sn-pointing/cat000620/pipeline/cat000620_scenario_weighted_ct_emcee.npz

✓ Saved: /eos/project-e/ep-nu/evilla/sn-pointing/cat000620/pipeline/cat000620_scenario_perfect_ct_e_gt_10mev_emcee.npz

✓ Saved: /eos/project-e/ep-nu/evilla/sn-pointing/cat000620/pipeline/cat000620_scenario_perfect_ct_e_gt_20mev_emcee.npz
✓ cat000620 completed successfully
