000 (13791414.165.000) 11/20 04:32:06 Job submitted from host: <188.184.90.62:9618?addrs=188.184.90.62-9618+[2001-1458-201-e4--100-238]-9618&alias=bigbird16.cern.ch&noUDP&sock=schedd_5196_9a2f>
...
040 (13791414.165.000) 11/20 04:43:22 Started transferring input files
	Transferring to host: <188.185.190.108:9618?addrs=188.185.190.108-9618+[2001-1458-d03-b--100-2ff]-9618&alias=b9pgpun015.cern.ch&noUDP&sock=slot1_3_1615979_24ca_2715>
...
040 (13791414.165.000) 11/20 04:43:22 Finished transferring input files
...
001 (13791414.165.000) 11/20 04:43:23 Job executing on host: <188.185.190.108:9618?addrs=188.185.190.108-9618+[2001-1458-d03-b--100-2ff]-9618&alias=b9pgpun015.cern.ch&noUDP&sock=startd_16497_25f7>
	SlotName: slot1_3@b9pgpun015.cern.ch
	AvailableGPUs = { GPUs_GPU_6c758778 }
	CondorScratchDir = "/pool/condor/dir_698879"
	Cpus = 11
	Disk = 4200439
	GPUs = 1
	GPUs_GPU_6c758778 = [ Id = "GPU-6c758778"; ClockMhz = 1785.0; Capability = 9.0; CoresPerCU = 128; DeviceName = "NVIDIA H100 NVL"; DeviceUuid = "6c758778-f190-832d-194b-c3fac08a8c33"; ECCEnabled = true; ComputeUnits = 132; DriverVersion = 13.0; DevicePciBusId = "0000:AE:00.0"; GlobalMemoryMb = 95320; MaxSupportedVersion = 13000 ]
	Memory = 33000
...
006 (13791414.165.000) 11/20 04:43:36 Image size of job updated: 326352
	319  -  MemoryUsage of job (MB)
	326352  -  ResidentSetSize of job (KB)
...
006 (13791414.165.000) 11/20 04:45:03 Image size of job updated: 1838268
	319  -  MemoryUsage of job (MB)
	326360  -  ResidentSetSize of job (KB)
...
040 (13791414.165.000) 11/20 04:45:03 Started transferring output files
...
040 (13791414.165.000) 11/20 04:45:03 Finished transferring output files
...
005 (13791414.165.000) 11/20 04:45:03 Job terminated.
	(1) Normal termination (return value 0)
		Usr 0 00:04:56, Sys 0 00:00:25  -  Run Remote Usage
		Usr 0 00:00:00, Sys 0 00:00:00  -  Run Local Usage
		Usr 0 00:04:56, Sys 0 00:00:25  -  Total Remote Usage
		Usr 0 00:00:00, Sys 0 00:00:00  -  Total Local Usage
	15431  -  Run Bytes Sent By Job
	1323  -  Run Bytes Received By Job
	15431  -  Total Bytes Sent By Job
	1323  -  Total Bytes Received By Job
	Partitionable Resources :    Usage  Request Allocated Assigned
	   Cpus                 :        0       11        11 
	   Disk (KB)            :       42  4194304   4200439 
	   GPUs                 :                 1         1 "GPU-6c758778"
	   Memory (MB)          :      319    33000     33000 
	   TimeExecute (s)      :      100                    
	   TimeSlotBusy (s)     :      101                    

	Job terminated of its own accord at 2025-11-20T03:45:03Z with exit-code 0.
...
