==================================================================
Processing cat000138 with EMCEE - ALL SCENARIOS
==================================================================
======================================================================
EMCEE RECONSTRUCTION FOR cat000138
======================================================================

Loading PDF from: /eos/home-e/evilla/dune/sn-tps/neural_networks/electron_direction/three_plane_three_plane_v58_200k_lr_schedule_20251118_110931/cosine_energy_pdf.npz
PDF loaded

======================================================================
SCENARIO (EMCEE): PERFECT_CT
======================================================================

Loaded 3757 matched clusters across U, V, X planes
Selected clusters: 279
Running emcee: 64 walkers × 2000 steps...
Acceptance fraction: 5.6%
Mean direction: θ=159.33°, φ=118.92°
Uncertainties: Δθ=33.49°, Δφ=17.69°
68% credible angle: 37.41°

Angular error: 25.18°

======================================================================
SCENARIO (EMCEE): ES_MAIN_CC_SHOWER
======================================================================

Loaded 3757 matched clusters across U, V, X planes
Selected clusters: 279
Running emcee: 64 walkers × 2000 steps...
Acceptance fraction: 4.6%
Mean direction: θ=165.08°, φ=124.26°
Uncertainties: Δθ=32.48°, Δφ=19.71°
68% credible angle: 37.93°

Angular error: 27.47°

======================================================================
SCENARIO (EMCEE): ES_MAIN_CC_ALL
======================================================================

Loaded 3757 matched clusters across U, V, X planes
Selected clusters: 279
Running emcee: 64 walkers × 2000 steps...
Acceptance fraction: 6.1%
Mean direction: θ=172.69°, φ=124.04°
Uncertainties: Δθ=29.93°, Δφ=19.81°
68% credible angle: 34.15°

Angular error: 33.49°

======================================================================
SCENARIO (EMCEE): ES_ALL_CC_SHOWER
======================================================================

Loaded 3757 matched clusters across U, V, X planes
Selected clusters: 279
Running emcee: 64 walkers × 2000 steps...
Acceptance fraction: 6.2%
Mean direction: θ=172.25°, φ=123.47°
Uncertainties: Δθ=31.98°, Δφ=21.40°
68% credible angle: 36.93°

Angular error: 33.35°

======================================================================
SCENARIO (EMCEE): ES_ALL_CC_ALL
======================================================================

Loaded 3757 matched clusters across U, V, X planes
Selected clusters: 279
Running emcee: 64 walkers × 2000 steps...
Acceptance fraction: 5.4%
Mean direction: θ=171.43°, φ=124.19°
Uncertainties: Δθ=30.67°, Δφ=17.69°
68% credible angle: 34.15°

Angular error: 32.46°

======================================================================
SCENARIO (EMCEE): ALL_TRACKS_ALL_SHOWERS
======================================================================

Loaded 3757 matched clusters across U, V, X planes
Selected clusters: 3757
Running emcee: 64 walkers × 2000 steps...
Acceptance fraction: 4.3%
Mean direction: θ=-169.08°, φ=99.55°
Uncertainties: Δθ=82.84°, Δφ=32.22°
68% credible angle: 75.48°

Angular error: 60.52°

✓ Saved: /eos/project-e/ep-nu/evilla/sn-pointing/cat000138/pipeline/cat000138_scenario_perfect_ct_emcee.npz

✓ Saved: /eos/project-e/ep-nu/evilla/sn-pointing/cat000138/pipeline/cat000138_scenario_es_main_cc_shower_emcee.npz

✓ Saved: /eos/project-e/ep-nu/evilla/sn-pointing/cat000138/pipeline/cat000138_scenario_es_main_cc_all_emcee.npz

✓ Saved: /eos/project-e/ep-nu/evilla/sn-pointing/cat000138/pipeline/cat000138_scenario_es_all_cc_shower_emcee.npz

✓ Saved: /eos/project-e/ep-nu/evilla/sn-pointing/cat000138/pipeline/cat000138_scenario_es_all_cc_all_emcee.npz

✓ Saved: /eos/project-e/ep-nu/evilla/sn-pointing/cat000138/pipeline/cat000138_scenario_all_tracks_all_showers_emcee.npz
✓ cat000138 completed successfully
