Processing cat000008 with 6 scenarios...
Cat directory: /eos/project-e/ep-nu/evilla/sn-pointing/cat000008
======================================================================
EMCEE RECONSTRUCTION FOR cat000008
======================================================================

Loading PDF from: /eos/home-e/evilla/dune/sn-tps/neural_networks/electron_direction/three_plane_three_plane_v58_200k_lr_schedule_20251118_110931/cosine_energy_pdf.npz
PDF loaded

======================================================================
SCENARIO (EMCEE): BEST_CASE
======================================================================

Loaded 3848 matched main-track clusters across U, V, X planes
Selected 276 ES main tracks
After E > 3 MeV cut: 276 clusters
Running emcee: 64 walkers × 2000 steps...
Acceptance fraction: 5.3%
Mean direction: θ=90.71°, φ=87.85°
Uncertainties: Δθ=39.74°, Δφ=16.22°
68% credible angle: 28.39°

Angular error: 9.15°

======================================================================
SCENARIO (EMCEE): PERFECT_CT
======================================================================

Loaded 3848 matched main-track clusters across U, V, X planes
Selected 276 ES main tracks
Loading ED model from: /eos/home-e/evilla/dune/sn-tps/neural_networks/electron_direction/three_plane_three_plane_v58_200k_lr_schedule_20251118_110931/checkpoints/model_epoch_12_val_loss_0.8898.keras
Running ED inference...
After energy cut: 276 clusters
Running emcee: 64 walkers × 2000 steps...
Acceptance fraction: 10.8%
Mean direction: θ=153.98°, φ=82.01°
Uncertainties: Δθ=94.11°, Δφ=17.51°
68% credible angle: 97.47°

Angular error: 58.90°

======================================================================
SCENARIO (EMCEE): FULL_PIPELINE
======================================================================

Loaded 3848 matched main-track clusters across U, V, X planes
Using all 3848 main-track clusters
Loading CT model from: /eos/user/e/evilla/dune/sn-tps/neural_networks/charge_topology/best_model.keras

✗ full_pipeline failed: File not found: filepath=/eos/user/e/evilla/dune/sn-tps/neural_networks/charge_topology/best_model.keras. Please ensure the file is an accessible `.keras` zip file.

======================================================================
SCENARIO (EMCEE): WEIGHTED_CT
======================================================================

Loaded 3848 matched main-track clusters across U, V, X planes
Using all 3848 main-track clusters
Loading CT model from: /eos/user/e/evilla/dune/sn-tps/neural_networks/charge_topology/best_model.keras

✗ weighted_ct failed: File not found: filepath=/eos/user/e/evilla/dune/sn-tps/neural_networks/charge_topology/best_model.keras. Please ensure the file is an accessible `.keras` zip file.

======================================================================
SCENARIO (EMCEE): PERFECT_CT_E_GT_10MEV
======================================================================

Loaded 3848 matched main-track clusters across U, V, X planes
Selected 276 ES main tracks
Loading ED model from: /eos/home-e/evilla/dune/sn-tps/neural_networks/electron_direction/three_plane_three_plane_v58_200k_lr_schedule_20251118_110931/checkpoints/model_epoch_12_val_loss_0.8898.keras
Running ED inference...
Applying E > 10 MeV cut
After energy cut: 146 clusters
Running emcee: 64 walkers × 2000 steps...
Acceptance fraction: 9.8%
Mean direction: θ=143.45°, φ=90.21°
Uncertainties: Δθ=98.32°, Δφ=16.52°
68% credible angle: 110.64°

Angular error: 50.06°

======================================================================
SCENARIO (EMCEE): PERFECT_CT_E_GT_20MEV
======================================================================

Loaded 3848 matched main-track clusters across U, V, X planes
Selected 276 ES main tracks
Loading ED model from: /eos/home-e/evilla/dune/sn-tps/neural_networks/electron_direction/three_plane_three_plane_v58_200k_lr_schedule_20251118_110931/checkpoints/model_epoch_12_val_loss_0.8898.keras
Running ED inference...
Applying E > 20 MeV cut
After energy cut: 31 clusters
Running emcee: 64 walkers × 2000 steps...
Acceptance fraction: 14.8%
Mean direction: θ=-167.94°, φ=90.33°
Uncertainties: Δθ=112.69°, Δφ=10.78°
68% credible angle: 86.37°

Angular error: 97.72°

✓ Saved: /eos/project-e/ep-nu/evilla/sn-pointing/cat000008/pipeline/cat000008_scenario_best_case_emcee.npz

✓ Saved: /eos/project-e/ep-nu/evilla/sn-pointing/cat000008/pipeline/cat000008_scenario_perfect_ct_emcee.npz

✓ Saved: /eos/project-e/ep-nu/evilla/sn-pointing/cat000008/pipeline/cat000008_scenario_perfect_ct_e_gt_10mev_emcee.npz

✓ Saved: /eos/project-e/ep-nu/evilla/sn-pointing/cat000008/pipeline/cat000008_scenario_perfect_ct_e_gt_20mev_emcee.npz
✓ cat000008 completed successfully
