000 (13791414.142.000) 11/20 04:32:06 Job submitted from host: <188.184.90.62:9618?addrs=188.184.90.62-9618+[2001-1458-201-e4--100-238]-9618&alias=bigbird16.cern.ch&noUDP&sock=schedd_5196_9a2f>
...
040 (13791414.142.000) 11/20 04:40:53 Started transferring input files
	Transferring to host: <188.185.190.22:9618?addrs=188.185.190.22-9618+[2001-1458-d03-b--100-82]-9618&alias=b9pgpun032.cern.ch&noUDP&sock=slot1_1_260364_bdd5_9035>
...
040 (13791414.142.000) 11/20 04:40:53 Finished transferring input files
...
001 (13791414.142.000) 11/20 04:40:54 Job executing on host: <188.185.190.22:9618?addrs=188.185.190.22-9618+[2001-1458-d03-b--100-82]-9618&alias=b9pgpun032.cern.ch&noUDP&sock=startd_254650_4c2f>
	SlotName: slot1_1@b9pgpun032.cern.ch
	AvailableGPUs = { GPUs_MIG_10819267_cb2b_50db_8d37_3de01d2f3533 }
	CondorScratchDir = "/pool/condor/dir_2983246"
	Cpus = 11
	Disk = 4195318
	GPUs = 1
	GPUs_MIG_10819267_cb2b_50db_8d37_3de01d2f3533 = [ Id = "MIG-10819267-cb2b-50db-8d37-3de01d2f3533"; DeviceName = "NVIDIA H100L-2-24C MIG 2g.24gb"; DeviceUuid = "MIG-10819267-cb2b-50db-8d37-3de01d2f3533"; ComputeUnits = 32; GlobalMemoryMb = 21547 ]
	Memory = 33000
...
006 (13791414.142.000) 11/20 04:41:08 Image size of job updated: 315608
	309  -  MemoryUsage of job (MB)
	315608  -  ResidentSetSize of job (KB)
...
006 (13791414.142.000) 11/20 04:43:21 Image size of job updated: 1449368
	309  -  MemoryUsage of job (MB)
	315608  -  ResidentSetSize of job (KB)
...
040 (13791414.142.000) 11/20 04:43:21 Started transferring output files
...
040 (13791414.142.000) 11/20 04:43:21 Finished transferring output files
...
005 (13791414.142.000) 11/20 04:43:21 Job terminated.
	(1) Normal termination (return value 0)
		Usr 0 00:02:44, Sys 0 00:00:06  -  Run Remote Usage
		Usr 0 00:00:00, Sys 0 00:00:00  -  Run Local Usage
		Usr 0 00:02:44, Sys 0 00:00:06  -  Total Remote Usage
		Usr 0 00:00:00, Sys 0 00:00:00  -  Total Local Usage
	15455  -  Run Bytes Sent By Job
	1323  -  Run Bytes Received By Job
	15455  -  Total Bytes Sent By Job
	1323  -  Total Bytes Received By Job
	Partitionable Resources :    Usage  Request Allocated Assigned
	   Cpus                 :        0       11        11 
	   Disk (KB)            :       40  4194304   4195318 
	   GPUs                 :                 1         1 "MIG-10819267-cb2b-50db-8d37-3de01d2f3533"
	   Memory (MB)          :      309    33000     33000 
	   TimeExecute (s)      :      147                    
	   TimeSlotBusy (s)     :      148                    

	Job terminated of its own accord at 2025-11-20T03:43:21Z with exit-code 0.
...
