Processing cat000031 with 6 scenarios...
Cat directory: /eos/project-e/ep-nu/evilla/sn-pointing/cat000031
======================================================================
EMCEE RECONSTRUCTION FOR cat000031
======================================================================

Loading PDF from: /eos/home-e/evilla/dune/sn-tps/neural_networks/electron_direction/three_plane_three_plane_v58_200k_lr_schedule_20251118_110931/cosine_energy_pdf.npz
PDF loaded

======================================================================
SCENARIO (EMCEE): BEST_CASE
======================================================================

Loaded 3803 matched main-track clusters across U, V, X planes
Selected 299 ES main tracks
After E > 3 MeV cut: 298 clusters
Running emcee: 64 walkers × 2000 steps...
Acceptance fraction: 9.2%
Mean direction: θ=-97.48°, φ=122.07°
Uncertainties: Δθ=41.89°, Δφ=27.80°
68% credible angle: 27.66°

Angular error: 5.45°

======================================================================
SCENARIO (EMCEE): PERFECT_CT
======================================================================

Loaded 3803 matched main-track clusters across U, V, X planes
Selected 299 ES main tracks
Loading ED model from: /eos/home-e/evilla/dune/sn-tps/neural_networks/electron_direction/three_plane_three_plane_v58_200k_lr_schedule_20251118_110931/checkpoints/model_epoch_12_val_loss_0.8898.keras
Running ED inference...
After energy cut: 298 clusters
Running emcee: 64 walkers × 2000 steps...
Acceptance fraction: 9.9%
Mean direction: θ=-108.14°, φ=134.64°
Uncertainties: Δθ=53.82°, Δφ=24.24°
68% credible angle: 43.12°

Angular error: 12.63°

======================================================================
SCENARIO (EMCEE): FULL_PIPELINE
======================================================================

Loaded 3803 matched main-track clusters across U, V, X planes
Using all 3803 main-track clusters
Loading CT model from: /eos/user/e/evilla/dune/sn-tps/neural_networks/charge_topology/best_model.keras

✗ full_pipeline failed: File not found: filepath=/eos/user/e/evilla/dune/sn-tps/neural_networks/charge_topology/best_model.keras. Please ensure the file is an accessible `.keras` zip file.

======================================================================
SCENARIO (EMCEE): WEIGHTED_CT
======================================================================

Loaded 3803 matched main-track clusters across U, V, X planes
Using all 3803 main-track clusters
Loading CT model from: /eos/user/e/evilla/dune/sn-tps/neural_networks/charge_topology/best_model.keras

✗ weighted_ct failed: File not found: filepath=/eos/user/e/evilla/dune/sn-tps/neural_networks/charge_topology/best_model.keras. Please ensure the file is an accessible `.keras` zip file.

======================================================================
SCENARIO (EMCEE): PERFECT_CT_E_GT_10MEV
======================================================================

Loaded 3803 matched main-track clusters across U, V, X planes
Selected 299 ES main tracks
Loading ED model from: /eos/home-e/evilla/dune/sn-tps/neural_networks/electron_direction/three_plane_three_plane_v58_200k_lr_schedule_20251118_110931/checkpoints/model_epoch_12_val_loss_0.8898.keras
Running ED inference...
Applying E > 10 MeV cut
After energy cut: 170 clusters
Running emcee: 64 walkers × 2000 steps...
Acceptance fraction: 8.0%
Mean direction: θ=-113.22°, φ=128.93°
Uncertainties: Δθ=50.02°, Δφ=23.78°
68% credible angle: 43.11°

Angular error: 14.64°

======================================================================
SCENARIO (EMCEE): PERFECT_CT_E_GT_20MEV
======================================================================

Loaded 3803 matched main-track clusters across U, V, X planes
Selected 299 ES main tracks
Loading ED model from: /eos/home-e/evilla/dune/sn-tps/neural_networks/electron_direction/three_plane_three_plane_v58_200k_lr_schedule_20251118_110931/checkpoints/model_epoch_12_val_loss_0.8898.keras
Running ED inference...
Applying E > 20 MeV cut
After energy cut: 31 clusters
Running emcee: 64 walkers × 2000 steps...
Acceptance fraction: 17.4%
Mean direction: θ=-137.30°, φ=142.83°
Uncertainties: Δθ=39.76°, Δφ=13.67°
68% credible angle: 26.32°

Angular error: 33.35°

✓ Saved: /eos/project-e/ep-nu/evilla/sn-pointing/cat000031/pipeline/cat000031_scenario_best_case_emcee.npz

✓ Saved: /eos/project-e/ep-nu/evilla/sn-pointing/cat000031/pipeline/cat000031_scenario_perfect_ct_emcee.npz

✓ Saved: /eos/project-e/ep-nu/evilla/sn-pointing/cat000031/pipeline/cat000031_scenario_perfect_ct_e_gt_10mev_emcee.npz

✓ Saved: /eos/project-e/ep-nu/evilla/sn-pointing/cat000031/pipeline/cat000031_scenario_perfect_ct_e_gt_20mev_emcee.npz
✓ cat000031 completed successfully
