000 (13791414.312.000) 11/20 04:32:06 Job submitted from host: <188.184.90.62:9618?addrs=188.184.90.62-9618+[2001-1458-201-e4--100-238]-9618&alias=bigbird16.cern.ch&noUDP&sock=schedd_5196_9a2f>
...
040 (13791414.312.000) 11/20 04:51:24 Started transferring input files
	Transferring to host: <188.185.238.10:9618?addrs=188.185.238.10-9618+[2001-1458-303-28--100-6]-9618&alias=b9pgpun002.cern.ch&noUDP&sock=slot1_4_1939520_0c0f_1776>
...
040 (13791414.312.000) 11/20 04:51:24 Finished transferring input files
...
001 (13791414.312.000) 11/20 04:51:25 Job executing on host: <188.185.238.10:9618?addrs=188.185.238.10-9618+[2001-1458-303-28--100-6]-9618&alias=b9pgpun002.cern.ch&noUDP&sock=startd_1939478_2ae8>
	SlotName: slot1_4@b9pgpun002.cern.ch
	AvailableGPUs = { GPUs_GPU_a111cc3f }
	CondorScratchDir = "/pool/condor/dir_2602373"
	Cpus = 11
	Disk = 4200505
	GPUs = 1
	GPUs_GPU_a111cc3f = [ Id = "GPU-a111cc3f"; ClockMhz = 1785.0; Capability = 9.0; CoresPerCU = 128; DeviceName = "NVIDIA H100 NVL"; DeviceUuid = "a111cc3f-b0ac-64c9-aeec-748e3fd5b066"; ECCEnabled = true; ComputeUnits = 132; DriverVersion = 13.0; DevicePciBusId = "0000:AE:00.0"; GlobalMemoryMb = 95320; MaxSupportedVersion = 13000 ]
	Memory = 33000
...
006 (13791414.312.000) 11/20 04:51:38 Image size of job updated: 341952
	334  -  MemoryUsage of job (MB)
	341952  -  ResidentSetSize of job (KB)
...
006 (13791414.312.000) 11/20 04:53:12 Image size of job updated: 1812952
	334  -  MemoryUsage of job (MB)
	341952  -  ResidentSetSize of job (KB)
...
040 (13791414.312.000) 11/20 04:53:12 Started transferring output files
...
040 (13791414.312.000) 11/20 04:53:12 Finished transferring output files
...
005 (13791414.312.000) 11/20 04:53:12 Job terminated.
	(1) Normal termination (return value 0)
		Usr 0 00:05:04, Sys 0 00:00:29  -  Run Remote Usage
		Usr 0 00:00:00, Sys 0 00:00:00  -  Run Local Usage
		Usr 0 00:05:04, Sys 0 00:00:29  -  Total Remote Usage
		Usr 0 00:00:00, Sys 0 00:00:00  -  Total Local Usage
	15422  -  Run Bytes Sent By Job
	1323  -  Run Bytes Received By Job
	15422  -  Total Bytes Sent By Job
	1323  -  Total Bytes Received By Job
	Partitionable Resources :    Usage  Request Allocated Assigned
	   Cpus                 :        0       11        11 
	   Disk (KB)            :       41  4194304   4200505 
	   GPUs                 :                 1         1 "GPU-a111cc3f"
	   Memory (MB)          :      334    33000     33000 
	   TimeExecute (s)      :      107                    
	   TimeSlotBusy (s)     :      108                    

	Job terminated of its own accord at 2025-11-20T03:53:12Z with exit-code 0.
...
