Processing cat000269 with 6 scenarios...
Cat directory: /eos/project-e/ep-nu/evilla/sn-pointing/cat000269
======================================================================
EMCEE RECONSTRUCTION FOR cat000269
======================================================================

Loading PDF from: /eos/home-e/evilla/dune/sn-tps/neural_networks/electron_direction/three_plane_three_plane_v58_200k_lr_schedule_20251118_110931/cosine_energy_pdf.npz
PDF loaded

======================================================================
SCENARIO (EMCEE): BEST_CASE
======================================================================

Loaded 3757 matched main-track clusters across U, V, X planes
Selected 283 ES main tracks
After E > 3 MeV cut: 283 clusters
Running emcee: 64 walkers × 2000 steps...
Acceptance fraction: 10.2%
Mean direction: θ=36.85°, φ=48.68°
Uncertainties: Δθ=30.02°, Δφ=14.69°
68% credible angle: 24.74°

Angular error: 9.04°

======================================================================
SCENARIO (EMCEE): PERFECT_CT
======================================================================

Loaded 3757 matched main-track clusters across U, V, X planes
Selected 283 ES main tracks
Loading ED model from: /eos/home-e/evilla/dune/sn-tps/neural_networks/electron_direction/three_plane_three_plane_v58_200k_lr_schedule_20251118_110931/checkpoints/model_epoch_12_val_loss_0.8898.keras
Running ED inference...
After energy cut: 283 clusters
Running emcee: 64 walkers × 2000 steps...
Acceptance fraction: 13.2%
Mean direction: θ=4.97°, φ=48.58°
Uncertainties: Δθ=24.75°, Δφ=16.59°
68% credible angle: 27.69°

Angular error: 22.19°

======================================================================
SCENARIO (EMCEE): FULL_PIPELINE
======================================================================

Loaded 3757 matched main-track clusters across U, V, X planes
Using all 3757 main-track clusters
Loading CT model from: /eos/user/e/evilla/dune/sn-tps/neural_networks/channel_tagging/ct_volume_v52_batch_reload_20251116_101125/best_model.keras
Running CT inference...
CT selected 3419 ES candidates from 3757 clusters
  ES prob range: [0.000, 1.000]
Loading ED model from: /eos/home-e/evilla/dune/sn-tps/neural_networks/electron_direction/three_plane_three_plane_v58_200k_lr_schedule_20251118_110931/checkpoints/model_epoch_12_val_loss_0.8898.keras
Running ED inference on 3419 clusters...
After E > 3 MeV cut: 3397 clusters
Running emcee: 64 walkers × 2000 steps...
Acceptance fraction: 2.8%
Mean direction: θ=-117.46°, φ=81.41°
Uncertainties: Δθ=119.62°, Δφ=38.74°
68% credible angle: 116.77°

Angular error: 116.34°

======================================================================
SCENARIO (EMCEE): WEIGHTED_CT
======================================================================

Loaded 3757 matched main-track clusters across U, V, X planes
Using all 3757 main-track clusters
Loading CT model from: /eos/user/e/evilla/dune/sn-tps/neural_networks/channel_tagging/ct_volume_v52_batch_reload_20251116_101125/best_model.keras
Running CT inference...
CT selected 3419 ES candidates from 3757 clusters
  ES prob range: [0.000, 1.000]
Loading ED model from: /eos/home-e/evilla/dune/sn-tps/neural_networks/electron_direction/three_plane_three_plane_v58_200k_lr_schedule_20251118_110931/checkpoints/model_epoch_12_val_loss_0.8898.keras
Running ED inference on 3419 clusters...
Using CT weights (ES probabilities)
After E > 3 MeV cut: 3397 clusters
Running weighted MCMC with 3397 weights
Running emcee: 64 walkers × 2000 steps...
Acceptance fraction: 3.5%
Mean direction: θ=-162.97°, φ=83.35°
Uncertainties: Δθ=116.07°, Δφ=35.53°
68% credible angle: 92.12°

Angular error: 121.16°

======================================================================
SCENARIO (EMCEE): PERFECT_CT_E_GT_10MEV
======================================================================

Loaded 3757 matched main-track clusters across U, V, X planes
Selected 283 ES main tracks
Loading ED model from: /eos/home-e/evilla/dune/sn-tps/neural_networks/electron_direction/three_plane_three_plane_v58_200k_lr_schedule_20251118_110931/checkpoints/model_epoch_12_val_loss_0.8898.keras
Running ED inference...
Applying E > 10 MeV cut
After energy cut: 146 clusters
Running emcee: 64 walkers × 2000 steps...
Acceptance fraction: 15.6%
Mean direction: θ=17.11°, φ=46.86°
Uncertainties: Δθ=33.21°, Δφ=25.63°
68% credible angle: 23.00°

Angular error: 13.81°

======================================================================
SCENARIO (EMCEE): PERFECT_CT_E_GT_20MEV
======================================================================

Loaded 3757 matched main-track clusters across U, V, X planes
Selected 283 ES main tracks
Loading ED model from: /eos/home-e/evilla/dune/sn-tps/neural_networks/electron_direction/three_plane_three_plane_v58_200k_lr_schedule_20251118_110931/checkpoints/model_epoch_12_val_loss_0.8898.keras
Running ED inference...
Applying E > 20 MeV cut
After energy cut: 33 clusters
Running emcee: 64 walkers × 2000 steps...
Acceptance fraction: 12.5%
Mean direction: θ=18.72°, φ=74.19°
Uncertainties: Δθ=83.89°, Δφ=49.63°
68% credible angle: 120.80°

Angular error: 36.68°

✓ Saved: /eos/project-e/ep-nu/evilla/sn-pointing/cat000269/pipeline/cat000269_scenario_best_case_emcee.npz

✓ Saved: /eos/project-e/ep-nu/evilla/sn-pointing/cat000269/pipeline/cat000269_scenario_perfect_ct_emcee.npz

✓ Saved: /eos/project-e/ep-nu/evilla/sn-pointing/cat000269/pipeline/cat000269_scenario_full_pipeline_emcee.npz

✓ Saved: /eos/project-e/ep-nu/evilla/sn-pointing/cat000269/pipeline/cat000269_scenario_weighted_ct_emcee.npz

✓ Saved: /eos/project-e/ep-nu/evilla/sn-pointing/cat000269/pipeline/cat000269_scenario_perfect_ct_e_gt_10mev_emcee.npz

✓ Saved: /eos/project-e/ep-nu/evilla/sn-pointing/cat000269/pipeline/cat000269_scenario_perfect_ct_e_gt_20mev_emcee.npz
✓ cat000269 completed successfully
