==================================================================
Processing cat000020 with EMCEE - ALL SCENARIOS
==================================================================
======================================================================
EMCEE RECONSTRUCTION FOR cat000020
======================================================================

Loading PDF from: /eos/home-e/evilla/dune/sn-tps/neural_networks/electron_direction/three_plane_three_plane_v58_200k_lr_schedule_20251118_110931/cosine_energy_pdf.npz
PDF loaded

======================================================================
SCENARIO (EMCEE): PERFECT_CT
======================================================================

Loaded 3847 matched clusters across U, V, X planes
Selected clusters: 275
Running emcee: 64 walkers × 2000 steps...
Acceptance fraction: 12.2%
Mean direction: θ=-168.93°, φ=57.65°
Uncertainties: Δθ=26.75°, Δφ=15.29°
68% credible angle: 25.55°

Angular error: 21.87°

======================================================================
SCENARIO (EMCEE): ES_MAIN_CC_SHOWER
======================================================================

Loaded 3847 matched clusters across U, V, X planes
Selected clusters: 275
Running emcee: 64 walkers × 2000 steps...
Acceptance fraction: 9.8%
Mean direction: θ=-164.62°, φ=56.18°
Uncertainties: Δθ=27.55°, Δφ=16.55°
68% credible angle: 29.00°

Angular error: 18.01°

======================================================================
SCENARIO (EMCEE): ES_MAIN_CC_ALL
======================================================================

Loaded 3847 matched clusters across U, V, X planes
Selected clusters: 275
Running emcee: 64 walkers × 2000 steps...
Acceptance fraction: 12.3%
Mean direction: θ=-167.22°, φ=59.93°
Uncertainties: Δθ=25.44°, Δφ=14.23°
68% credible angle: 26.71°

Angular error: 21.23°

======================================================================
SCENARIO (EMCEE): ES_ALL_CC_SHOWER
======================================================================

Loaded 3847 matched clusters across U, V, X planes
Selected clusters: 275
Running emcee: 64 walkers × 2000 steps...
Acceptance fraction: 9.0%
Mean direction: θ=-158.58°, φ=53.98°
Uncertainties: Δθ=28.07°, Δφ=16.30°
68% credible angle: 30.79°

Angular error: 12.80°

======================================================================
SCENARIO (EMCEE): ES_ALL_CC_ALL
======================================================================

Loaded 3847 matched clusters across U, V, X planes
Selected clusters: 275
Running emcee: 64 walkers × 2000 steps...
Acceptance fraction: 15.1%
Mean direction: θ=-166.68°, φ=60.73°
Uncertainties: Δθ=26.41°, Δφ=15.07°
68% credible angle: 27.76°

Angular error: 21.11°

======================================================================
SCENARIO (EMCEE): ALL_TRACKS_ALL_SHOWERS
======================================================================

Loaded 3847 matched clusters across U, V, X planes
Selected clusters: 3847
Running emcee: 64 walkers × 2000 steps...
Acceptance fraction: 4.0%
Mean direction: θ=-160.09°, φ=90.29°
Uncertainties: Δθ=53.50°, Δφ=31.27°
68% credible angle: 69.14°

Angular error: 39.46°

✓ Saved: /eos/project-e/ep-nu/evilla/sn-pointing/cat000020/pipeline/cat000020_scenario_perfect_ct_emcee.npz

✓ Saved: /eos/project-e/ep-nu/evilla/sn-pointing/cat000020/pipeline/cat000020_scenario_es_main_cc_shower_emcee.npz

✓ Saved: /eos/project-e/ep-nu/evilla/sn-pointing/cat000020/pipeline/cat000020_scenario_es_main_cc_all_emcee.npz

✓ Saved: /eos/project-e/ep-nu/evilla/sn-pointing/cat000020/pipeline/cat000020_scenario_es_all_cc_shower_emcee.npz

✓ Saved: /eos/project-e/ep-nu/evilla/sn-pointing/cat000020/pipeline/cat000020_scenario_es_all_cc_all_emcee.npz

✓ Saved: /eos/project-e/ep-nu/evilla/sn-pointing/cat000020/pipeline/cat000020_scenario_all_tracks_all_showers_emcee.npz
✓ cat000020 completed successfully
