Processing cat000491 with 6 scenarios...
Cat directory: /eos/project-e/ep-nu/evilla/sn-pointing/cat000491
======================================================================
EMCEE RECONSTRUCTION FOR cat000491
======================================================================

Loading PDF from: /eos/home-e/evilla/dune/sn-tps/neural_networks/electron_direction/three_plane_three_plane_v58_200k_lr_schedule_20251118_110931/cosine_energy_pdf.npz
PDF loaded

======================================================================
SCENARIO (EMCEE): BEST_CASE
======================================================================

Loaded 3596 matched main-track clusters across U, V, X planes
Selected 288 ES main tracks
After E > 3 MeV cut: 288 clusters
Running emcee: 64 walkers × 2000 steps...
Acceptance fraction: 10.8%
Mean direction: θ=146.98°, φ=118.76°
Uncertainties: Δθ=35.14°, Δφ=19.30°
68% credible angle: 31.01°

Angular error: 10.11°

======================================================================
SCENARIO (EMCEE): PERFECT_CT
======================================================================

Loaded 3596 matched main-track clusters across U, V, X planes
Selected 288 ES main tracks
Loading ED model from: /eos/home-e/evilla/dune/sn-tps/neural_networks/electron_direction/three_plane_three_plane_v58_200k_lr_schedule_20251118_110931/checkpoints/model_epoch_12_val_loss_0.8898.keras
Running ED inference...
After energy cut: 288 clusters
Running emcee: 64 walkers × 2000 steps...
Acceptance fraction: 8.5%
Mean direction: θ=159.24°, φ=117.31°
Uncertainties: Δθ=27.29°, Δφ=17.44°
68% credible angle: 34.36°

Angular error: 20.92°

======================================================================
SCENARIO (EMCEE): FULL_PIPELINE
======================================================================

Loaded 3596 matched main-track clusters across U, V, X planes
Using all 3596 main-track clusters
Loading CT model from: /eos/user/e/evilla/dune/sn-tps/neural_networks/channel_tagging/ct_volume_v52_batch_reload_20251116_101125/best_model.keras
Running CT inference...
CT selected 3285 ES candidates from 3596 clusters
  ES prob range: [0.000, 1.000]
Loading ED model from: /eos/home-e/evilla/dune/sn-tps/neural_networks/electron_direction/three_plane_three_plane_v58_200k_lr_schedule_20251118_110931/checkpoints/model_epoch_12_val_loss_0.8898.keras
Running ED inference on 3285 clusters...
After E > 3 MeV cut: 3266 clusters
Running emcee: 64 walkers × 2000 steps...
Acceptance fraction: 3.4%
Mean direction: θ=-168.84°, φ=93.68°
Uncertainties: Δθ=72.11°, Δφ=26.75°
68% credible angle: 68.21°

Angular error: 58.89°

======================================================================
SCENARIO (EMCEE): WEIGHTED_CT
======================================================================

Loaded 3596 matched main-track clusters across U, V, X planes
Using all 3596 main-track clusters
Loading CT model from: /eos/user/e/evilla/dune/sn-tps/neural_networks/channel_tagging/ct_volume_v52_batch_reload_20251116_101125/best_model.keras
Running CT inference...
CT selected 3285 ES candidates from 3596 clusters
  ES prob range: [0.000, 1.000]
Loading ED model from: /eos/home-e/evilla/dune/sn-tps/neural_networks/electron_direction/three_plane_three_plane_v58_200k_lr_schedule_20251118_110931/checkpoints/model_epoch_12_val_loss_0.8898.keras
Running ED inference on 3285 clusters...
Using CT weights (ES probabilities)
After E > 3 MeV cut: 3266 clusters
Running weighted MCMC with 3266 weights
Running emcee: 64 walkers × 2000 steps...
Acceptance fraction: 3.3%
Mean direction: θ=-170.21°, φ=102.29°
Uncertainties: Δθ=73.33°, Δφ=25.75°
68% credible angle: 65.20°

Angular error: 53.15°

======================================================================
SCENARIO (EMCEE): PERFECT_CT_E_GT_10MEV
======================================================================

Loaded 3596 matched main-track clusters across U, V, X planes
Selected 288 ES main tracks
Loading ED model from: /eos/home-e/evilla/dune/sn-tps/neural_networks/electron_direction/three_plane_three_plane_v58_200k_lr_schedule_20251118_110931/checkpoints/model_epoch_12_val_loss_0.8898.keras
Running ED inference...
Applying E > 10 MeV cut
After energy cut: 163 clusters
Running emcee: 64 walkers × 2000 steps...
Acceptance fraction: 14.4%
Mean direction: θ=172.64°, φ=120.81°
Uncertainties: Δθ=25.19°, Δφ=14.65°
68% credible angle: 23.77°

Angular error: 31.61°

======================================================================
SCENARIO (EMCEE): PERFECT_CT_E_GT_20MEV
======================================================================

Loaded 3596 matched main-track clusters across U, V, X planes
Selected 288 ES main tracks
Loading ED model from: /eos/home-e/evilla/dune/sn-tps/neural_networks/electron_direction/three_plane_three_plane_v58_200k_lr_schedule_20251118_110931/checkpoints/model_epoch_12_val_loss_0.8898.keras
Running ED inference...
Applying E > 20 MeV cut
After energy cut: 30 clusters
Running emcee: 64 walkers × 2000 steps...
Acceptance fraction: 14.7%
Mean direction: θ=176.85°, φ=107.15°
Uncertainties: Δθ=58.42°, Δφ=30.73°
68% credible angle: 28.19°

Angular error: 39.86°

✓ Saved: /eos/project-e/ep-nu/evilla/sn-pointing/cat000491/pipeline/cat000491_scenario_best_case_emcee.npz

✓ Saved: /eos/project-e/ep-nu/evilla/sn-pointing/cat000491/pipeline/cat000491_scenario_perfect_ct_emcee.npz

✓ Saved: /eos/project-e/ep-nu/evilla/sn-pointing/cat000491/pipeline/cat000491_scenario_full_pipeline_emcee.npz

✓ Saved: /eos/project-e/ep-nu/evilla/sn-pointing/cat000491/pipeline/cat000491_scenario_weighted_ct_emcee.npz

✓ Saved: /eos/project-e/ep-nu/evilla/sn-pointing/cat000491/pipeline/cat000491_scenario_perfect_ct_e_gt_10mev_emcee.npz

✓ Saved: /eos/project-e/ep-nu/evilla/sn-pointing/cat000491/pipeline/cat000491_scenario_perfect_ct_e_gt_20mev_emcee.npz
✓ cat000491 completed successfully
