Processing cat000325 with 6 scenarios...
Cat directory: /eos/project-e/ep-nu/evilla/sn-pointing/cat000325
======================================================================
EMCEE RECONSTRUCTION FOR cat000325
======================================================================

Loading PDF from: /eos/home-e/evilla/dune/sn-tps/neural_networks/electron_direction/three_plane_three_plane_v58_200k_lr_schedule_20251118_110931/cosine_energy_pdf.npz
PDF loaded

======================================================================
SCENARIO (EMCEE): BEST_CASE
======================================================================

Loaded 3324 matched main-track clusters across U, V, X planes
Selected 302 ES main tracks
After E > 3 MeV cut: 302 clusters
Running emcee: 64 walkers × 2000 steps...
Acceptance fraction: 8.3%
Mean direction: θ=147.29°, φ=133.68°
Uncertainties: Δθ=49.68°, Δφ=36.81°
68% credible angle: 39.88°

Angular error: 18.19°

======================================================================
SCENARIO (EMCEE): PERFECT_CT
======================================================================

Loaded 3324 matched main-track clusters across U, V, X planes
Selected 302 ES main tracks
Loading ED model from: /eos/home-e/evilla/dune/sn-tps/neural_networks/electron_direction/three_plane_three_plane_v58_200k_lr_schedule_20251118_110931/checkpoints/model_epoch_12_val_loss_0.8898.keras
Running ED inference...
After energy cut: 302 clusters
Running emcee: 64 walkers × 2000 steps...
Acceptance fraction: 8.5%
Mean direction: θ=148.61°, φ=144.63°
Uncertainties: Δθ=56.96°, Δφ=13.78°
68% credible angle: 31.97°

Angular error: 11.72°

======================================================================
SCENARIO (EMCEE): FULL_PIPELINE
======================================================================

Loaded 3324 matched main-track clusters across U, V, X planes
Using all 3324 main-track clusters
Loading CT model from: /eos/user/e/evilla/dune/sn-tps/neural_networks/channel_tagging/ct_volume_v52_batch_reload_20251116_101125/best_model.keras
Running CT inference...
CT selected 3015 ES candidates from 3324 clusters
  ES prob range: [0.000, 1.000]
Loading ED model from: /eos/home-e/evilla/dune/sn-tps/neural_networks/electron_direction/three_plane_three_plane_v58_200k_lr_schedule_20251118_110931/checkpoints/model_epoch_12_val_loss_0.8898.keras
Running ED inference on 3015 clusters...
After E > 3 MeV cut: 2997 clusters
Running emcee: 64 walkers × 2000 steps...
Acceptance fraction: 5.2%
Mean direction: θ=-175.11°, φ=133.36°
Uncertainties: Δθ=49.19°, Δφ=23.58°
68% credible angle: 37.40°

Angular error: 37.51°

======================================================================
SCENARIO (EMCEE): WEIGHTED_CT
======================================================================

Loaded 3324 matched main-track clusters across U, V, X planes
Using all 3324 main-track clusters
Loading CT model from: /eos/user/e/evilla/dune/sn-tps/neural_networks/channel_tagging/ct_volume_v52_batch_reload_20251116_101125/best_model.keras
Running CT inference...
CT selected 3015 ES candidates from 3324 clusters
  ES prob range: [0.000, 1.000]
Loading ED model from: /eos/home-e/evilla/dune/sn-tps/neural_networks/electron_direction/three_plane_three_plane_v58_200k_lr_schedule_20251118_110931/checkpoints/model_epoch_12_val_loss_0.8898.keras
Running ED inference on 3015 clusters...
Using CT weights (ES probabilities)
After E > 3 MeV cut: 2997 clusters
Running weighted MCMC with 2997 weights
Running emcee: 64 walkers × 2000 steps...
Acceptance fraction: 4.7%
Mean direction: θ=-157.85°, φ=129.27°
Uncertainties: Δθ=44.51°, Δφ=32.12°
68% credible angle: 50.35°

Angular error: 49.59°

======================================================================
SCENARIO (EMCEE): PERFECT_CT_E_GT_10MEV
======================================================================

Loaded 3324 matched main-track clusters across U, V, X planes
Selected 302 ES main tracks
Loading ED model from: /eos/home-e/evilla/dune/sn-tps/neural_networks/electron_direction/three_plane_three_plane_v58_200k_lr_schedule_20251118_110931/checkpoints/model_epoch_12_val_loss_0.8898.keras
Running ED inference...
Applying E > 10 MeV cut
After energy cut: 158 clusters
Running emcee: 64 walkers × 2000 steps...
Acceptance fraction: 19.0%
Mean direction: θ=137.47°, φ=134.07°
Uncertainties: Δθ=38.89°, Δφ=24.13°
68% credible angle: 28.21°

Angular error: 14.53°

======================================================================
SCENARIO (EMCEE): PERFECT_CT_E_GT_20MEV
======================================================================

Loaded 3324 matched main-track clusters across U, V, X planes
Selected 302 ES main tracks
Loading ED model from: /eos/home-e/evilla/dune/sn-tps/neural_networks/electron_direction/three_plane_three_plane_v58_200k_lr_schedule_20251118_110931/checkpoints/model_epoch_12_val_loss_0.8898.keras
Running ED inference...
Applying E > 20 MeV cut
After energy cut: 36 clusters
Running emcee: 64 walkers × 2000 steps...
Acceptance fraction: 10.8%
Mean direction: θ=178.20°, φ=109.17°
Uncertainties: Δθ=81.95°, Δφ=54.08°
68% credible angle: 117.52°

Angular error: 52.87°

✓ Saved: /eos/project-e/ep-nu/evilla/sn-pointing/cat000325/pipeline/cat000325_scenario_best_case_emcee.npz

✓ Saved: /eos/project-e/ep-nu/evilla/sn-pointing/cat000325/pipeline/cat000325_scenario_perfect_ct_emcee.npz

✓ Saved: /eos/project-e/ep-nu/evilla/sn-pointing/cat000325/pipeline/cat000325_scenario_full_pipeline_emcee.npz

✓ Saved: /eos/project-e/ep-nu/evilla/sn-pointing/cat000325/pipeline/cat000325_scenario_weighted_ct_emcee.npz

✓ Saved: /eos/project-e/ep-nu/evilla/sn-pointing/cat000325/pipeline/cat000325_scenario_perfect_ct_e_gt_10mev_emcee.npz

✓ Saved: /eos/project-e/ep-nu/evilla/sn-pointing/cat000325/pipeline/cat000325_scenario_perfect_ct_e_gt_20mev_emcee.npz
✓ cat000325 completed successfully
