Processing cat000077 with 6 scenarios...
Cat directory: /eos/project-e/ep-nu/evilla/sn-pointing/cat000077
======================================================================
EMCEE RECONSTRUCTION FOR cat000077
======================================================================

Loading PDF from: /eos/home-e/evilla/dune/sn-tps/neural_networks/electron_direction/three_plane_three_plane_v58_200k_lr_schedule_20251118_110931/cosine_energy_pdf.npz
PDF loaded

======================================================================
SCENARIO (EMCEE): BEST_CASE
======================================================================

Loaded 3672 matched main-track clusters across U, V, X planes
Selected 221 ES main tracks
After E > 3 MeV cut: 221 clusters
Running emcee: 64 walkers × 2000 steps...
Acceptance fraction: 8.1%
Mean direction: θ=23.69°, φ=87.05°
Uncertainties: Δθ=20.30°, Δφ=14.53°
68% credible angle: 26.86°

Angular error: 6.49°

======================================================================
SCENARIO (EMCEE): PERFECT_CT
======================================================================

Loaded 3672 matched main-track clusters across U, V, X planes
Selected 221 ES main tracks
Loading ED model from: /eos/home-e/evilla/dune/sn-tps/neural_networks/electron_direction/three_plane_three_plane_v58_200k_lr_schedule_20251118_110931/checkpoints/model_epoch_12_val_loss_0.8898.keras
Running ED inference...
After energy cut: 221 clusters
Running emcee: 64 walkers × 2000 steps...
Acceptance fraction: 10.7%
Mean direction: θ=0.31°, φ=95.53°
Uncertainties: Δθ=26.89°, Δφ=13.51°
68% credible angle: 24.13°

Angular error: 22.63°

======================================================================
SCENARIO (EMCEE): FULL_PIPELINE
======================================================================

Loaded 3672 matched main-track clusters across U, V, X planes
Using all 3672 main-track clusters
Loading CT model from: /eos/user/e/evilla/dune/sn-tps/neural_networks/charge_topology/best_model.keras

✗ full_pipeline failed: File not found: filepath=/eos/user/e/evilla/dune/sn-tps/neural_networks/charge_topology/best_model.keras. Please ensure the file is an accessible `.keras` zip file.

======================================================================
SCENARIO (EMCEE): WEIGHTED_CT
======================================================================

Loaded 3672 matched main-track clusters across U, V, X planes
Using all 3672 main-track clusters
Loading CT model from: /eos/user/e/evilla/dune/sn-tps/neural_networks/charge_topology/best_model.keras

✗ weighted_ct failed: File not found: filepath=/eos/user/e/evilla/dune/sn-tps/neural_networks/charge_topology/best_model.keras. Please ensure the file is an accessible `.keras` zip file.

======================================================================
SCENARIO (EMCEE): PERFECT_CT_E_GT_10MEV
======================================================================

Loaded 3672 matched main-track clusters across U, V, X planes
Selected 221 ES main tracks
Loading ED model from: /eos/home-e/evilla/dune/sn-tps/neural_networks/electron_direction/three_plane_three_plane_v58_200k_lr_schedule_20251118_110931/checkpoints/model_epoch_12_val_loss_0.8898.keras
Running ED inference...
Applying E > 10 MeV cut
After energy cut: 120 clusters
Running emcee: 64 walkers × 2000 steps...
Acceptance fraction: 20.6%
Mean direction: θ=7.78°, φ=94.72°
Uncertainties: Δθ=17.65°, Δφ=11.53°
68% credible angle: 13.90°

Angular error: 15.14°

======================================================================
SCENARIO (EMCEE): PERFECT_CT_E_GT_20MEV
======================================================================

Loaded 3672 matched main-track clusters across U, V, X planes
Selected 221 ES main tracks
Loading ED model from: /eos/home-e/evilla/dune/sn-tps/neural_networks/electron_direction/three_plane_three_plane_v58_200k_lr_schedule_20251118_110931/checkpoints/model_epoch_12_val_loss_0.8898.keras
Running ED inference...
Applying E > 20 MeV cut
After energy cut: 22 clusters
Running emcee: 64 walkers × 2000 steps...
Acceptance fraction: 34.7%
Mean direction: θ=-12.58°, φ=91.61°
Uncertainties: Δθ=10.41°, Δφ=9.08°
68% credible angle: 15.53°

Angular error: 35.50°

✓ Saved: /eos/project-e/ep-nu/evilla/sn-pointing/cat000077/pipeline/cat000077_scenario_best_case_emcee.npz

✓ Saved: /eos/project-e/ep-nu/evilla/sn-pointing/cat000077/pipeline/cat000077_scenario_perfect_ct_emcee.npz

✓ Saved: /eos/project-e/ep-nu/evilla/sn-pointing/cat000077/pipeline/cat000077_scenario_perfect_ct_e_gt_10mev_emcee.npz

✓ Saved: /eos/project-e/ep-nu/evilla/sn-pointing/cat000077/pipeline/cat000077_scenario_perfect_ct_e_gt_20mev_emcee.npz
✓ cat000077 completed successfully
