Processing cat000564 with 6 scenarios...
Cat directory: /eos/project-e/ep-nu/evilla/sn-pointing/cat000564
======================================================================
EMCEE RECONSTRUCTION FOR cat000564
======================================================================

Loading PDF from: /eos/home-e/evilla/dune/sn-tps/neural_networks/electron_direction/three_plane_three_plane_v58_200k_lr_schedule_20251118_110931/cosine_energy_pdf.npz
PDF loaded

======================================================================
SCENARIO (EMCEE): BEST_CASE
======================================================================

Loaded 3293 matched main-track clusters across U, V, X planes
Selected 273 ES main tracks
After E > 3 MeV cut: 273 clusters
Running emcee: 64 walkers × 2000 steps...
Acceptance fraction: 14.0%
Mean direction: θ=140.56°, φ=56.86°
Uncertainties: Δθ=40.22°, Δφ=17.80°
68% credible angle: 32.23°

Angular error: 4.97°

======================================================================
SCENARIO (EMCEE): PERFECT_CT
======================================================================

Loaded 3293 matched main-track clusters across U, V, X planes
Selected 273 ES main tracks
Loading ED model from: /eos/home-e/evilla/dune/sn-tps/neural_networks/electron_direction/three_plane_three_plane_v58_200k_lr_schedule_20251118_110931/checkpoints/model_epoch_12_val_loss_0.8898.keras
Running ED inference...
After energy cut: 273 clusters
Running emcee: 64 walkers × 2000 steps...
Acceptance fraction: 7.2%
Mean direction: θ=161.90°, φ=65.37°
Uncertainties: Δθ=30.50°, Δφ=17.96°
68% credible angle: 35.93°

Angular error: 22.58°

======================================================================
SCENARIO (EMCEE): FULL_PIPELINE
======================================================================

Loaded 3293 matched main-track clusters across U, V, X planes
Using all 3293 main-track clusters
Loading CT model from: /eos/user/e/evilla/dune/sn-tps/neural_networks/channel_tagging/ct_volume_v52_batch_reload_20251116_101125/best_model.keras
Running CT inference...
CT selected 3016 ES candidates from 3293 clusters
  ES prob range: [0.000, 1.000]
Loading ED model from: /eos/home-e/evilla/dune/sn-tps/neural_networks/electron_direction/three_plane_three_plane_v58_200k_lr_schedule_20251118_110931/checkpoints/model_epoch_12_val_loss_0.8898.keras
Running ED inference on 3016 clusters...
After E > 3 MeV cut: 3000 clusters
Running emcee: 64 walkers × 2000 steps...
Acceptance fraction: 6.3%
Mean direction: θ=-161.32°, φ=83.77°
Uncertainties: Δθ=49.25°, Δφ=27.44°
68% credible angle: 52.11°

Angular error: 62.27°

======================================================================
SCENARIO (EMCEE): WEIGHTED_CT
======================================================================

Loaded 3293 matched main-track clusters across U, V, X planes
Using all 3293 main-track clusters
Loading CT model from: /eos/user/e/evilla/dune/sn-tps/neural_networks/channel_tagging/ct_volume_v52_batch_reload_20251116_101125/best_model.keras
Running CT inference...
CT selected 3016 ES candidates from 3293 clusters
  ES prob range: [0.000, 1.000]
Loading ED model from: /eos/home-e/evilla/dune/sn-tps/neural_networks/electron_direction/three_plane_three_plane_v58_200k_lr_schedule_20251118_110931/checkpoints/model_epoch_12_val_loss_0.8898.keras
Running ED inference on 3016 clusters...
Using CT weights (ES probabilities)
After E > 3 MeV cut: 3000 clusters
Running weighted MCMC with 3000 weights
Running emcee: 64 walkers × 2000 steps...
Acceptance fraction: 4.0%
Mean direction: θ=-174.98°, φ=75.37°
Uncertainties: Δθ=59.87°, Δφ=31.81°
68% credible angle: 57.24°

Angular error: 46.48°

======================================================================
SCENARIO (EMCEE): PERFECT_CT_E_GT_10MEV
======================================================================

Loaded 3293 matched main-track clusters across U, V, X planes
Selected 273 ES main tracks
Loading ED model from: /eos/home-e/evilla/dune/sn-tps/neural_networks/electron_direction/three_plane_three_plane_v58_200k_lr_schedule_20251118_110931/checkpoints/model_epoch_12_val_loss_0.8898.keras
Running ED inference...
Applying E > 10 MeV cut
After energy cut: 130 clusters
Running emcee: 64 walkers × 2000 steps...
Acceptance fraction: 8.9%
Mean direction: θ=166.70°, φ=57.96°
Uncertainties: Δθ=27.62°, Δφ=17.03°
68% credible angle: 27.21°

Angular error: 25.61°

======================================================================
SCENARIO (EMCEE): PERFECT_CT_E_GT_20MEV
======================================================================

Loaded 3293 matched main-track clusters across U, V, X planes
Selected 273 ES main tracks
Loading ED model from: /eos/home-e/evilla/dune/sn-tps/neural_networks/electron_direction/three_plane_three_plane_v58_200k_lr_schedule_20251118_110931/checkpoints/model_epoch_12_val_loss_0.8898.keras
Running ED inference...
Applying E > 20 MeV cut
After energy cut: 25 clusters
Running emcee: 64 walkers × 2000 steps...
Acceptance fraction: 25.1%
Mean direction: θ=171.83°, φ=58.33°
Uncertainties: Δθ=25.09°, Δφ=12.61°
68% credible angle: 16.38°

Angular error: 29.98°

✓ Saved: /eos/project-e/ep-nu/evilla/sn-pointing/cat000564/pipeline/cat000564_scenario_best_case_emcee.npz

✓ Saved: /eos/project-e/ep-nu/evilla/sn-pointing/cat000564/pipeline/cat000564_scenario_perfect_ct_emcee.npz

✓ Saved: /eos/project-e/ep-nu/evilla/sn-pointing/cat000564/pipeline/cat000564_scenario_full_pipeline_emcee.npz

✓ Saved: /eos/project-e/ep-nu/evilla/sn-pointing/cat000564/pipeline/cat000564_scenario_weighted_ct_emcee.npz

✓ Saved: /eos/project-e/ep-nu/evilla/sn-pointing/cat000564/pipeline/cat000564_scenario_perfect_ct_e_gt_10mev_emcee.npz

✓ Saved: /eos/project-e/ep-nu/evilla/sn-pointing/cat000564/pipeline/cat000564_scenario_perfect_ct_e_gt_20mev_emcee.npz
✓ cat000564 completed successfully
