Processing cat000112 with 6 scenarios...
Cat directory: /eos/project-e/ep-nu/evilla/sn-pointing/cat000112
======================================================================
EMCEE RECONSTRUCTION FOR cat000112
======================================================================

Loading PDF from: /eos/home-e/evilla/dune/sn-tps/neural_networks/electron_direction/three_plane_three_plane_v58_200k_lr_schedule_20251118_110931/cosine_energy_pdf.npz
PDF loaded

======================================================================
SCENARIO (EMCEE): BEST_CASE
======================================================================

Loaded 3518 matched main-track clusters across U, V, X planes
Selected 271 ES main tracks
After E > 3 MeV cut: 271 clusters
Running emcee: 64 walkers × 2000 steps...
Acceptance fraction: 9.9%
Mean direction: θ=-154.09°, φ=123.33°
Uncertainties: Δθ=38.66°, Δφ=22.38°
68% credible angle: 34.32°

Angular error: 9.29°

======================================================================
SCENARIO (EMCEE): PERFECT_CT
======================================================================

Loaded 3518 matched main-track clusters across U, V, X planes
Selected 271 ES main tracks
Loading ED model from: /eos/home-e/evilla/dune/sn-tps/neural_networks/electron_direction/three_plane_three_plane_v58_200k_lr_schedule_20251118_110931/checkpoints/model_epoch_12_val_loss_0.8898.keras
Running ED inference...
After energy cut: 271 clusters
Running emcee: 64 walkers × 2000 steps...
Acceptance fraction: 8.1%
Mean direction: θ=-171.43°, φ=132.77°
Uncertainties: Δθ=27.86°, Δφ=16.75°
68% credible angle: 25.93°

Angular error: 17.59°

======================================================================
SCENARIO (EMCEE): FULL_PIPELINE
======================================================================

Loaded 3518 matched main-track clusters across U, V, X planes
Using all 3518 main-track clusters
Loading CT model from: /eos/user/e/evilla/dune/sn-tps/neural_networks/charge_topology/best_model.keras

✗ full_pipeline failed: File not found: filepath=/eos/user/e/evilla/dune/sn-tps/neural_networks/charge_topology/best_model.keras. Please ensure the file is an accessible `.keras` zip file.

======================================================================
SCENARIO (EMCEE): WEIGHTED_CT
======================================================================

Loaded 3518 matched main-track clusters across U, V, X planes
Using all 3518 main-track clusters
Loading CT model from: /eos/user/e/evilla/dune/sn-tps/neural_networks/charge_topology/best_model.keras

✗ weighted_ct failed: File not found: filepath=/eos/user/e/evilla/dune/sn-tps/neural_networks/charge_topology/best_model.keras. Please ensure the file is an accessible `.keras` zip file.

======================================================================
SCENARIO (EMCEE): PERFECT_CT_E_GT_10MEV
======================================================================

Loaded 3518 matched main-track clusters across U, V, X planes
Selected 271 ES main tracks
Loading ED model from: /eos/home-e/evilla/dune/sn-tps/neural_networks/electron_direction/three_plane_three_plane_v58_200k_lr_schedule_20251118_110931/checkpoints/model_epoch_12_val_loss_0.8898.keras
Running ED inference...
Applying E > 10 MeV cut
After energy cut: 130 clusters
Running emcee: 64 walkers × 2000 steps...
Acceptance fraction: 7.3%
Mean direction: θ=-169.03°, φ=119.02°
Uncertainties: Δθ=50.74°, Δφ=31.92°
68% credible angle: 34.24°

Angular error: 21.10°

======================================================================
SCENARIO (EMCEE): PERFECT_CT_E_GT_20MEV
======================================================================

Loaded 3518 matched main-track clusters across U, V, X planes
Selected 271 ES main tracks
Loading ED model from: /eos/home-e/evilla/dune/sn-tps/neural_networks/electron_direction/three_plane_three_plane_v58_200k_lr_schedule_20251118_110931/checkpoints/model_epoch_12_val_loss_0.8898.keras
Running ED inference...
Applying E > 20 MeV cut
After energy cut: 35 clusters
Running emcee: 64 walkers × 2000 steps...
Acceptance fraction: 12.3%
Mean direction: θ=-169.93°, φ=110.82°
Uncertainties: Δθ=79.01°, Δφ=35.17°
68% credible angle: 39.06°

Angular error: 27.65°

✓ Saved: /eos/project-e/ep-nu/evilla/sn-pointing/cat000112/pipeline/cat000112_scenario_best_case_emcee.npz

✓ Saved: /eos/project-e/ep-nu/evilla/sn-pointing/cat000112/pipeline/cat000112_scenario_perfect_ct_emcee.npz

✓ Saved: /eos/project-e/ep-nu/evilla/sn-pointing/cat000112/pipeline/cat000112_scenario_perfect_ct_e_gt_10mev_emcee.npz

✓ Saved: /eos/project-e/ep-nu/evilla/sn-pointing/cat000112/pipeline/cat000112_scenario_perfect_ct_e_gt_20mev_emcee.npz
✓ cat000112 completed successfully
