==================================================================
Processing cat000203 with EMCEE - ALL SCENARIOS
==================================================================
======================================================================
EMCEE RECONSTRUCTION FOR cat000203
======================================================================

Loading PDF from: /eos/home-e/evilla/dune/sn-tps/neural_networks/electron_direction/three_plane_three_plane_v58_200k_lr_schedule_20251118_110931/cosine_energy_pdf.npz
PDF loaded

======================================================================
SCENARIO (EMCEE): PERFECT_CT
======================================================================

Loaded 3239 matched clusters across U, V, X planes
Selected clusters: 231
Running emcee: 64 walkers × 2000 steps...
Acceptance fraction: 13.8%
Mean direction: θ=-178.23°, φ=80.87°
Uncertainties: Δθ=18.64°, Δφ=14.25°
68% credible angle: 25.97°

Angular error: 11.24°

======================================================================
SCENARIO (EMCEE): ES_MAIN_CC_SHOWER
======================================================================

Loaded 3239 matched clusters across U, V, X planes
Selected clusters: 231
Running emcee: 64 walkers × 2000 steps...
Acceptance fraction: 14.7%
Mean direction: θ=-177.13°, φ=82.80°
Uncertainties: Δθ=18.05°, Δφ=14.91°
68% credible angle: 23.90°

Angular error: 10.37°

======================================================================
SCENARIO (EMCEE): ES_MAIN_CC_ALL
======================================================================

Loaded 3239 matched clusters across U, V, X planes
Selected clusters: 231
Running emcee: 64 walkers × 2000 steps...
Acceptance fraction: 13.7%
Mean direction: θ=176.35°, φ=83.68°
Uncertainties: Δθ=17.51°, Δφ=14.20°
68% credible angle: 27.94°

Angular error: 16.89°

======================================================================
SCENARIO (EMCEE): ES_ALL_CC_SHOWER
======================================================================

Loaded 3239 matched clusters across U, V, X planes
Selected clusters: 231
Running emcee: 64 walkers × 2000 steps...
Acceptance fraction: 10.2%
Mean direction: θ=-173.83°, φ=77.52°
Uncertainties: Δθ=18.44°, Δφ=15.79°
68% credible angle: 25.97°

Angular error: 7.60°

======================================================================
SCENARIO (EMCEE): ES_ALL_CC_ALL
======================================================================

Loaded 3239 matched clusters across U, V, X planes
Selected clusters: 231
Running emcee: 64 walkers × 2000 steps...
Acceptance fraction: 11.6%
Mean direction: θ=-176.01°, φ=81.99°
Uncertainties: Δθ=18.56°, Δφ=15.69°
68% credible angle: 24.02°

Angular error: 9.14°

======================================================================
SCENARIO (EMCEE): ALL_TRACKS_ALL_SHOWERS
======================================================================

Loaded 3239 matched clusters across U, V, X planes
Selected clusters: 3239
Running emcee: 64 walkers × 2000 steps...
Acceptance fraction: 3.1%
Mean direction: θ=-175.86°, φ=92.59°
Uncertainties: Δθ=60.82°, Δφ=36.99°
68% credible angle: 62.24°

Angular error: 14.83°

✓ Saved: /eos/project-e/ep-nu/evilla/sn-pointing/cat000203/pipeline/cat000203_scenario_perfect_ct_emcee.npz

✓ Saved: /eos/project-e/ep-nu/evilla/sn-pointing/cat000203/pipeline/cat000203_scenario_es_main_cc_shower_emcee.npz

✓ Saved: /eos/project-e/ep-nu/evilla/sn-pointing/cat000203/pipeline/cat000203_scenario_es_main_cc_all_emcee.npz

✓ Saved: /eos/project-e/ep-nu/evilla/sn-pointing/cat000203/pipeline/cat000203_scenario_es_all_cc_shower_emcee.npz

✓ Saved: /eos/project-e/ep-nu/evilla/sn-pointing/cat000203/pipeline/cat000203_scenario_es_all_cc_all_emcee.npz

✓ Saved: /eos/project-e/ep-nu/evilla/sn-pointing/cat000203/pipeline/cat000203_scenario_all_tracks_all_showers_emcee.npz
✓ cat000203 completed successfully
