000 (13791716.126.000) 11/20 10:18:20 Job submitted from host: <188.184.90.62:9618?addrs=188.184.90.62-9618+[2001-1458-201-e4--100-238]-9618&alias=bigbird16.cern.ch&noUDP&sock=schedd_5196_9a2f>
...
040 (13791716.126.000) 11/20 10:26:42 Started transferring input files
	Transferring to host: <188.185.190.60:9618?addrs=188.185.190.60-9618+[2001-1458-d03-b--100-1cb]-9618&alias=b9pgpun202.cern.ch&noUDP&sock=slot1_1_252619_b03a_6522>
...
040 (13791716.126.000) 11/20 10:26:42 Finished transferring input files
...
001 (13791716.126.000) 11/20 10:26:43 Job executing on host: <188.185.190.60:9618?addrs=188.185.190.60-9618+[2001-1458-d03-b--100-1cb]-9618&alias=b9pgpun202.cern.ch&noUDP&sock=startd_232823_ca84>
	SlotName: slot1_1@b9pgpun202.cern.ch
	AvailableGPUs = { GPUs_MIG_9a439bfe_8271_5aa1_bdbf_13889e814797 }
	CondorScratchDir = "/pool/condor/dir_3681598"
	Cpus = 11
	Disk = 4195387
	GPUs = 1
	GPUs_MIG_9a439bfe_8271_5aa1_bdbf_13889e814797 = [ Id = "MIG-9a439bfe-8271-5aa1-bdbf-13889e814797"; DeviceName = "NVIDIA H100L-2-24C MIG 2g.24gb"; DeviceUuid = "MIG-9a439bfe-8271-5aa1-bdbf-13889e814797"; ComputeUnits = 32; GlobalMemoryMb = 21547 ]
	Memory = 33000
...
006 (13791716.126.000) 11/20 10:26:56 Image size of job updated: 341232
	334  -  MemoryUsage of job (MB)
	341232  -  ResidentSetSize of job (KB)
...
006 (13791716.126.000) 11/20 10:27:05 Image size of job updated: 602900
	334  -  MemoryUsage of job (MB)
	341232  -  ResidentSetSize of job (KB)
...
040 (13791716.126.000) 11/20 10:27:05 Started transferring output files
...
040 (13791716.126.000) 11/20 10:27:06 Finished transferring output files
...
004 (13791716.126.000) 11/20 10:27:07 Job was evicted.
	(0) CPU times
		Usr 0 00:00:05, Sys 0 00:00:01  -  Run Remote Usage
		Usr 0 00:00:00, Sys 0 00:00:00  -  Run Local Usage
	11070  -  Run Bytes Sent By Job
	1410806  -  Run Bytes Received By Job
	Partitionable Resources :    Usage  Request Allocated Assigned
	   Cpus                 :                11        11 
	   Disk (KB)            :     1405  4194304   4195387 
	   GPUs                 :                 1         1 "MIG-9a439bfe-8271-5aa1-bdbf-13889e814797"
	   Memory (MB)          :      334    33000     33000 
	   TimeExecute (s)      :       22                    
	   TimeSlotBusy (s)     :       24                    
...
009 (13791716.126.000) 11/20 10:27:08 Job was aborted.
	via condor_rm (by user evilla)
...
