000 (13791414.439.000) 11/20 04:32:06 Job submitted from host: <188.184.90.62:9618?addrs=188.184.90.62-9618+[2001-1458-201-e4--100-238]-9618&alias=bigbird16.cern.ch&noUDP&sock=schedd_5196_9a2f>
...
040 (13791414.439.000) 11/20 04:59:25 Started transferring input files
	Transferring to host: <188.184.195.60:9618?addrs=188.184.195.60-9618+[2001-1458-301-72--100-40b]-9618&alias=b9g47n8368.cern.ch&noUDP&sock=slot1_1_17911_ab71_9429>
...
040 (13791414.439.000) 11/20 04:59:25 Finished transferring input files
...
001 (13791414.439.000) 11/20 04:59:26 Job executing on host: <188.184.195.60:9618?addrs=188.184.195.60-9618+[2001-1458-301-72--100-40b]-9618&alias=b9g47n8368.cern.ch&noUDP&sock=startd_17076_4b4d>
	SlotName: slot1_1@b9g47n8368.cern.ch
	AvailableGPUs = { GPUs_GPU_0d3184cb }
	CondorScratchDir = "/pool/condor/dir_1203334"
	Cpus = 11
	Disk = 4195329
	GPUs = 1
	GPUs_GPU_0d3184cb = [ Id = "GPU-0d3184cb"; ClockMhz = 1590.0; Capability = 7.5; CoresPerCU = 64; DeviceName = "Tesla T4"; DeviceUuid = "0d3184cb-044b-6a85-e661-54a626111c00"; ECCEnabled = true; ComputeUnits = 40; DriverVersion = 13.0; DevicePciBusId = "0000:07:00.0"; GlobalMemoryMb = 14913; MaxSupportedVersion = 13000 ]
	Memory = 33000
...
006 (13791414.439.000) 11/20 04:59:39 Image size of job updated: 317028
	310  -  MemoryUsage of job (MB)
	317028  -  ResidentSetSize of job (KB)
...
006 (13791414.439.000) 11/20 05:03:15 Image size of job updated: 1546972
	310  -  MemoryUsage of job (MB)
	317028  -  ResidentSetSize of job (KB)
...
040 (13791414.439.000) 11/20 05:03:15 Started transferring output files
...
040 (13791414.439.000) 11/20 05:03:15 Finished transferring output files
...
005 (13791414.439.000) 11/20 05:03:15 Job terminated.
	(1) Normal termination (return value 0)
		Usr 0 00:06:05, Sys 0 00:00:13  -  Run Remote Usage
		Usr 0 00:00:00, Sys 0 00:00:00  -  Run Local Usage
		Usr 0 00:06:05, Sys 0 00:00:13  -  Total Remote Usage
		Usr 0 00:00:00, Sys 0 00:00:00  -  Total Local Usage
	15377  -  Run Bytes Sent By Job
	1323  -  Run Bytes Received By Job
	15377  -  Total Bytes Sent By Job
	1323  -  Total Bytes Received By Job
	Partitionable Resources :    Usage  Request Allocated Assigned
	   Cpus                 :     1.63       11        11 
	   Disk (KB)            :    42     4194304   4195329 
	   GPUs                 :     0           1         1 "GPU-0d3184cb"
	   GpusMemory (MB)      :   573                       
	   Memory (MB)          :   310       33000     33000 
	   TimeExecute (s)      :   229                       
	   TimeSlotBusy (s)     :   230                       

	Job terminated of its own accord at 2025-11-20T04:03:15Z with exit-code 0.
...
