000 (13791716.112.000) 11/20 10:18:20 Job submitted from host: <188.184.90.62:9618?addrs=188.184.90.62-9618+[2001-1458-201-e4--100-238]-9618&alias=bigbird16.cern.ch&noUDP&sock=schedd_5196_9a2f>
...
040 (13791716.112.000) 11/20 10:26:36 Started transferring input files
	Transferring to host: <188.185.238.10:9618?addrs=188.185.238.10-9618+[2001-1458-303-28--100-6]-9618&alias=b9pgpun002.cern.ch&noUDP&sock=slot1_2_1939520_0c0f_1985>
...
040 (13791716.112.000) 11/20 10:26:36 Finished transferring input files
...
001 (13791716.112.000) 11/20 10:26:37 Job executing on host: <188.185.238.10:9618?addrs=188.185.238.10-9618+[2001-1458-303-28--100-6]-9618&alias=b9pgpun002.cern.ch&noUDP&sock=startd_1939478_2ae8>
	SlotName: slot1_2@b9pgpun002.cern.ch
	AvailableGPUs = { GPUs_GPU_195dba93 }
	CondorScratchDir = "/pool/condor/dir_2747980"
	Cpus = 11
	Disk = 4200504
	GPUs = 1
	GPUs_GPU_195dba93 = [ Id = "GPU-195dba93"; ClockMhz = 1785.0; Capability = 9.0; CoresPerCU = 128; DeviceName = "NVIDIA H100 NVL"; DeviceUuid = "195dba93-e951-b119-dea3-1f3b18bdda48"; ECCEnabled = true; ComputeUnits = 132; DriverVersion = 13.0; DevicePciBusId = "0000:3B:00.0"; GlobalMemoryMb = 95320; MaxSupportedVersion = 13000 ]
	Memory = 33000
...
006 (13791716.112.000) 11/20 10:26:51 Image size of job updated: 356736
	349  -  MemoryUsage of job (MB)
	356736  -  ResidentSetSize of job (KB)
...
006 (13791716.112.000) 11/20 10:27:04 Image size of job updated: 572700
	349  -  MemoryUsage of job (MB)
	356736  -  ResidentSetSize of job (KB)
...
040 (13791716.112.000) 11/20 10:27:04 Started transferring output files
...
040 (13791716.112.000) 11/20 10:27:04 Finished transferring output files
...
004 (13791716.112.000) 11/20 10:27:05 Job was evicted.
	(0) CPU times
		Usr 0 00:00:11, Sys 0 00:00:02  -  Run Remote Usage
		Usr 0 00:00:00, Sys 0 00:00:00  -  Run Local Usage
	11524  -  Run Bytes Sent By Job
	1410806  -  Run Bytes Received By Job
	Partitionable Resources :    Usage  Request Allocated Assigned
	   Cpus                 :        0       11        11 
	   Disk (KB)            :     1415  4194304   4200504 
	   GPUs                 :        0        1         1 "GPU-195dba93"
	   Memory (MB)          :      349    33000     33000 
	   TimeExecute (s)      :       27                    
	   TimeSlotBusy (s)     :       28                    
...
009 (13791716.112.000) 11/20 10:27:06 Job was aborted.
	via condor_rm (by user evilla)
...
