==================================================================
Processing cat000139 with EMCEE - ALL SCENARIOS
==================================================================
======================================================================
EMCEE RECONSTRUCTION FOR cat000139
======================================================================

Loading PDF from: /eos/home-e/evilla/dune/sn-tps/neural_networks/electron_direction/three_plane_three_plane_v58_200k_lr_schedule_20251118_110931/cosine_energy_pdf.npz
PDF loaded

======================================================================
SCENARIO (EMCEE): PERFECT_CT
======================================================================

Loaded 3315 matched clusters across U, V, X planes
Selected clusters: 279
Running emcee: 64 walkers × 2000 steps...
Acceptance fraction: 12.0%
Mean direction: θ=73.31°, φ=100.78°
Uncertainties: Δθ=24.68°, Δφ=10.29°
68% credible angle: 16.60°

Angular error: 9.61°

======================================================================
SCENARIO (EMCEE): ES_MAIN_CC_SHOWER
======================================================================

Loaded 3315 matched clusters across U, V, X planes
Selected clusters: 279
Running emcee: 64 walkers × 2000 steps...
Acceptance fraction: 12.6%
Mean direction: θ=69.85°, φ=99.75°
Uncertainties: Δθ=33.73°, Δφ=11.80°
68% credible angle: 18.10°

Angular error: 10.32°

======================================================================
SCENARIO (EMCEE): ES_MAIN_CC_ALL
======================================================================

Loaded 3315 matched clusters across U, V, X planes
Selected clusters: 279
Running emcee: 64 walkers × 2000 steps...
Acceptance fraction: 18.2%
Mean direction: θ=72.30°, φ=106.62°
Uncertainties: Δθ=23.30°, Δφ=12.23°
68% credible angle: 14.00°

Angular error: 3.76°

======================================================================
SCENARIO (EMCEE): ES_ALL_CC_SHOWER
======================================================================

Loaded 3315 matched clusters across U, V, X planes
Selected clusters: 279
Running emcee: 64 walkers × 2000 steps...
Acceptance fraction: 12.8%
Mean direction: θ=73.28°, φ=99.33°
Uncertainties: Δθ=19.01°, Δφ=10.84°
68% credible angle: 17.93°

Angular error: 11.01°

======================================================================
SCENARIO (EMCEE): ES_ALL_CC_ALL
======================================================================

Loaded 3315 matched clusters across U, V, X planes
Selected clusters: 279
Running emcee: 64 walkers × 2000 steps...
Acceptance fraction: 12.6%
Mean direction: θ=72.05°, φ=102.46°
Uncertainties: Δθ=34.76°, Δφ=12.37°
68% credible angle: 15.39°

Angular error: 7.70°

======================================================================
SCENARIO (EMCEE): ALL_TRACKS_ALL_SHOWERS
======================================================================

Loaded 3315 matched clusters across U, V, X planes
Selected clusters: 3315
Running emcee: 64 walkers × 2000 steps...
Acceptance fraction: 4.6%
Mean direction: θ=167.90°, φ=106.34°
Uncertainties: Δθ=82.63°, Δφ=31.54°
68% credible angle: 64.68°

Angular error: 90.98°

✓ Saved: /eos/project-e/ep-nu/evilla/sn-pointing/cat000139/pipeline/cat000139_scenario_perfect_ct_emcee.npz

✓ Saved: /eos/project-e/ep-nu/evilla/sn-pointing/cat000139/pipeline/cat000139_scenario_es_main_cc_shower_emcee.npz

✓ Saved: /eos/project-e/ep-nu/evilla/sn-pointing/cat000139/pipeline/cat000139_scenario_es_main_cc_all_emcee.npz

✓ Saved: /eos/project-e/ep-nu/evilla/sn-pointing/cat000139/pipeline/cat000139_scenario_es_all_cc_shower_emcee.npz

✓ Saved: /eos/project-e/ep-nu/evilla/sn-pointing/cat000139/pipeline/cat000139_scenario_es_all_cc_all_emcee.npz

✓ Saved: /eos/project-e/ep-nu/evilla/sn-pointing/cat000139/pipeline/cat000139_scenario_all_tracks_all_showers_emcee.npz
✓ cat000139 completed successfully
