Processing cat000504 with 6 scenarios...
Cat directory: /eos/project-e/ep-nu/evilla/sn-pointing/cat000504
======================================================================
EMCEE RECONSTRUCTION FOR cat000504
======================================================================

Loading PDF from: /eos/home-e/evilla/dune/sn-tps/neural_networks/electron_direction/three_plane_three_plane_v58_200k_lr_schedule_20251118_110931/cosine_energy_pdf.npz
PDF loaded

======================================================================
SCENARIO (EMCEE): BEST_CASE
======================================================================

Loaded 3815 matched main-track clusters across U, V, X planes
Selected 303 ES main tracks
After E > 3 MeV cut: 303 clusters
Running emcee: 64 walkers × 2000 steps...
Acceptance fraction: 12.3%
Mean direction: θ=-66.57°, φ=34.00°
Uncertainties: Δθ=70.56°, Δφ=22.64°
68% credible angle: 33.23°

Angular error: 17.04°

======================================================================
SCENARIO (EMCEE): PERFECT_CT
======================================================================

Loaded 3815 matched main-track clusters across U, V, X planes
Selected 303 ES main tracks
Loading ED model from: /eos/home-e/evilla/dune/sn-tps/neural_networks/electron_direction/three_plane_three_plane_v58_200k_lr_schedule_20251118_110931/checkpoints/model_epoch_12_val_loss_0.8898.keras
Running ED inference...
After energy cut: 303 clusters
Running emcee: 64 walkers × 2000 steps...
Acceptance fraction: 9.6%
Mean direction: θ=-75.91°, φ=30.17°
Uncertainties: Δθ=67.68°, Δφ=13.61°
68% credible angle: 33.28°

Angular error: 11.26°

======================================================================
SCENARIO (EMCEE): FULL_PIPELINE
======================================================================

Loaded 3815 matched main-track clusters across U, V, X planes
Using all 3815 main-track clusters
Loading CT model from: /eos/user/e/evilla/dune/sn-tps/neural_networks/channel_tagging/ct_volume_v52_batch_reload_20251116_101125/best_model.keras
Running CT inference...
CT selected 3463 ES candidates from 3815 clusters
  ES prob range: [0.000, 1.000]
Loading ED model from: /eos/home-e/evilla/dune/sn-tps/neural_networks/electron_direction/three_plane_three_plane_v58_200k_lr_schedule_20251118_110931/checkpoints/model_epoch_12_val_loss_0.8898.keras
Running ED inference on 3463 clusters...
After E > 3 MeV cut: 3440 clusters
Running emcee: 64 walkers × 2000 steps...
Acceptance fraction: 5.4%
Mean direction: θ=-111.29°, φ=82.59°
Uncertainties: Δθ=123.98°, Δφ=39.44°
68% credible angle: 123.78°

Angular error: 63.06°

======================================================================
SCENARIO (EMCEE): WEIGHTED_CT
======================================================================

Loaded 3815 matched main-track clusters across U, V, X planes
Using all 3815 main-track clusters
Loading CT model from: /eos/user/e/evilla/dune/sn-tps/neural_networks/channel_tagging/ct_volume_v52_batch_reload_20251116_101125/best_model.keras
Running CT inference...
CT selected 3463 ES candidates from 3815 clusters
  ES prob range: [0.000, 1.000]
Loading ED model from: /eos/home-e/evilla/dune/sn-tps/neural_networks/electron_direction/three_plane_three_plane_v58_200k_lr_schedule_20251118_110931/checkpoints/model_epoch_12_val_loss_0.8898.keras
Running ED inference on 3463 clusters...
Using CT weights (ES probabilities)
After E > 3 MeV cut: 3440 clusters
Running weighted MCMC with 3440 weights
Running emcee: 64 walkers × 2000 steps...
Acceptance fraction: 4.7%
Mean direction: θ=-56.49°, φ=81.96°
Uncertainties: Δθ=134.35°, Δφ=39.92°
68% credible angle: 102.43°

Angular error: 65.05°

======================================================================
SCENARIO (EMCEE): PERFECT_CT_E_GT_10MEV
======================================================================

Loaded 3815 matched main-track clusters across U, V, X planes
Selected 303 ES main tracks
Loading ED model from: /eos/home-e/evilla/dune/sn-tps/neural_networks/electron_direction/three_plane_three_plane_v58_200k_lr_schedule_20251118_110931/checkpoints/model_epoch_12_val_loss_0.8898.keras
Running ED inference...
Applying E > 10 MeV cut
After energy cut: 139 clusters
Running emcee: 64 walkers × 2000 steps...
Acceptance fraction: 10.8%
Mean direction: θ=-84.00°, φ=40.41°
Uncertainties: Δθ=65.42°, Δφ=33.37°
68% credible angle: 30.43°

Angular error: 19.78°

======================================================================
SCENARIO (EMCEE): PERFECT_CT_E_GT_20MEV
======================================================================

Loaded 3815 matched main-track clusters across U, V, X planes
Selected 303 ES main tracks
Loading ED model from: /eos/home-e/evilla/dune/sn-tps/neural_networks/electron_direction/three_plane_three_plane_v58_200k_lr_schedule_20251118_110931/checkpoints/model_epoch_12_val_loss_0.8898.keras
Running ED inference...
Applying E > 20 MeV cut
After energy cut: 25 clusters
Running emcee: 64 walkers × 2000 steps...
Acceptance fraction: 18.3%
Mean direction: θ=-130.26°, φ=47.13°
Uncertainties: Δθ=93.96°, Δφ=60.22°
68% credible angle: 48.38°

Angular error: 33.01°

✓ Saved: /eos/project-e/ep-nu/evilla/sn-pointing/cat000504/pipeline/cat000504_scenario_best_case_emcee.npz

✓ Saved: /eos/project-e/ep-nu/evilla/sn-pointing/cat000504/pipeline/cat000504_scenario_perfect_ct_emcee.npz

✓ Saved: /eos/project-e/ep-nu/evilla/sn-pointing/cat000504/pipeline/cat000504_scenario_full_pipeline_emcee.npz

✓ Saved: /eos/project-e/ep-nu/evilla/sn-pointing/cat000504/pipeline/cat000504_scenario_weighted_ct_emcee.npz

✓ Saved: /eos/project-e/ep-nu/evilla/sn-pointing/cat000504/pipeline/cat000504_scenario_perfect_ct_e_gt_10mev_emcee.npz

✓ Saved: /eos/project-e/ep-nu/evilla/sn-pointing/cat000504/pipeline/cat000504_scenario_perfect_ct_e_gt_20mev_emcee.npz
✓ cat000504 completed successfully
