Processing cat000456 with 6 scenarios...
Cat directory: /eos/project-e/ep-nu/evilla/sn-pointing/cat000456
======================================================================
EMCEE RECONSTRUCTION FOR cat000456
======================================================================

Loading PDF from: /eos/home-e/evilla/dune/sn-tps/neural_networks/electron_direction/three_plane_three_plane_v58_200k_lr_schedule_20251118_110931/cosine_energy_pdf.npz
PDF loaded

======================================================================
SCENARIO (EMCEE): BEST_CASE
======================================================================

Loaded 3710 matched main-track clusters across U, V, X planes
Selected 300 ES main tracks
After E > 3 MeV cut: 300 clusters
Running emcee: 64 walkers × 2000 steps...
Acceptance fraction: 8.8%
Mean direction: θ=-78.50°, φ=75.49°
Uncertainties: Δθ=55.10°, Δφ=31.34°
68% credible angle: 26.36°

Angular error: 16.62°

======================================================================
SCENARIO (EMCEE): PERFECT_CT
======================================================================

Loaded 3710 matched main-track clusters across U, V, X planes
Selected 300 ES main tracks
Loading ED model from: /eos/home-e/evilla/dune/sn-tps/neural_networks/electron_direction/three_plane_three_plane_v58_200k_lr_schedule_20251118_110931/checkpoints/model_epoch_12_val_loss_0.8898.keras
Running ED inference...
After energy cut: 300 clusters
Running emcee: 64 walkers × 2000 steps...
Acceptance fraction: 15.6%
Mean direction: θ=-90.09°, φ=59.81°
Uncertainties: Δθ=33.14°, Δφ=16.89°
68% credible angle: 26.63°

Angular error: 15.46°

======================================================================
SCENARIO (EMCEE): FULL_PIPELINE
======================================================================

Loaded 3710 matched main-track clusters across U, V, X planes
Using all 3710 main-track clusters
Loading CT model from: /eos/user/e/evilla/dune/sn-tps/neural_networks/channel_tagging/ct_volume_v52_batch_reload_20251116_101125/best_model.keras
Running CT inference...
CT selected 3366 ES candidates from 3710 clusters
  ES prob range: [0.000, 1.000]
Loading ED model from: /eos/home-e/evilla/dune/sn-tps/neural_networks/electron_direction/three_plane_three_plane_v58_200k_lr_schedule_20251118_110931/checkpoints/model_epoch_12_val_loss_0.8898.keras
Running ED inference on 3366 clusters...
After E > 3 MeV cut: 3343 clusters
Running emcee: 64 walkers × 2000 steps...
Acceptance fraction: 5.9%
Mean direction: θ=-114.91°, φ=82.08°
Uncertainties: Δθ=76.50°, Δφ=27.06°
68% credible angle: 87.72°

Angular error: 45.67°

======================================================================
SCENARIO (EMCEE): WEIGHTED_CT
======================================================================

Loaded 3710 matched main-track clusters across U, V, X planes
Using all 3710 main-track clusters
Loading CT model from: /eos/user/e/evilla/dune/sn-tps/neural_networks/channel_tagging/ct_volume_v52_batch_reload_20251116_101125/best_model.keras
Running CT inference...
CT selected 3366 ES candidates from 3710 clusters
  ES prob range: [0.000, 1.000]
Loading ED model from: /eos/home-e/evilla/dune/sn-tps/neural_networks/electron_direction/three_plane_three_plane_v58_200k_lr_schedule_20251118_110931/checkpoints/model_epoch_12_val_loss_0.8898.keras
Running ED inference on 3366 clusters...
Using CT weights (ES probabilities)
After E > 3 MeV cut: 3343 clusters
Running weighted MCMC with 3343 weights
Running emcee: 64 walkers × 2000 steps...
Acceptance fraction: 3.4%
Mean direction: θ=-123.74°, φ=86.05°
Uncertainties: Δθ=76.76°, Δφ=29.33°
68% credible angle: 78.63°

Angular error: 55.16°

======================================================================
SCENARIO (EMCEE): PERFECT_CT_E_GT_10MEV
======================================================================

Loaded 3710 matched main-track clusters across U, V, X planes
Selected 300 ES main tracks
Loading ED model from: /eos/home-e/evilla/dune/sn-tps/neural_networks/electron_direction/three_plane_three_plane_v58_200k_lr_schedule_20251118_110931/checkpoints/model_epoch_12_val_loss_0.8898.keras
Running ED inference...
Applying E > 10 MeV cut
After energy cut: 160 clusters
Running emcee: 64 walkers × 2000 steps...
Acceptance fraction: 12.6%
Mean direction: θ=-88.87°, φ=72.93°
Uncertainties: Δθ=52.78°, Δφ=20.92°
68% credible angle: 23.09°

Angular error: 20.03°

======================================================================
SCENARIO (EMCEE): PERFECT_CT_E_GT_20MEV
======================================================================

Loaded 3710 matched main-track clusters across U, V, X planes
Selected 300 ES main tracks
Loading ED model from: /eos/home-e/evilla/dune/sn-tps/neural_networks/electron_direction/three_plane_three_plane_v58_200k_lr_schedule_20251118_110931/checkpoints/model_epoch_12_val_loss_0.8898.keras
Running ED inference...
Applying E > 20 MeV cut
After energy cut: 39 clusters
Running emcee: 64 walkers × 2000 steps...
Acceptance fraction: 19.2%
Mean direction: θ=-66.85°, φ=71.70°
Uncertainties: Δθ=61.98°, Δφ=18.37°
68% credible angle: 29.47°

Angular error: 12.74°

✓ Saved: /eos/project-e/ep-nu/evilla/sn-pointing/cat000456/pipeline/cat000456_scenario_best_case_emcee.npz

✓ Saved: /eos/project-e/ep-nu/evilla/sn-pointing/cat000456/pipeline/cat000456_scenario_perfect_ct_emcee.npz

✓ Saved: /eos/project-e/ep-nu/evilla/sn-pointing/cat000456/pipeline/cat000456_scenario_full_pipeline_emcee.npz

✓ Saved: /eos/project-e/ep-nu/evilla/sn-pointing/cat000456/pipeline/cat000456_scenario_weighted_ct_emcee.npz

✓ Saved: /eos/project-e/ep-nu/evilla/sn-pointing/cat000456/pipeline/cat000456_scenario_perfect_ct_e_gt_10mev_emcee.npz

✓ Saved: /eos/project-e/ep-nu/evilla/sn-pointing/cat000456/pipeline/cat000456_scenario_perfect_ct_e_gt_20mev_emcee.npz
✓ cat000456 completed successfully
