Processing cat000185 with 6 scenarios...
Cat directory: /eos/project-e/ep-nu/evilla/sn-pointing/cat000185
======================================================================
EMCEE RECONSTRUCTION FOR cat000185
======================================================================

Loading PDF from: /eos/home-e/evilla/dune/sn-tps/neural_networks/electron_direction/three_plane_three_plane_v58_200k_lr_schedule_20251118_110931/cosine_energy_pdf.npz
PDF loaded

======================================================================
SCENARIO (EMCEE): BEST_CASE
======================================================================

Loaded 3295 matched main-track clusters across U, V, X planes
Selected 218 ES main tracks
After E > 3 MeV cut: 218 clusters
Running emcee: 64 walkers × 2000 steps...
Acceptance fraction: 6.8%
Mean direction: θ=58.91°, φ=110.02°
Uncertainties: Δθ=23.10°, Δφ=13.65°
68% credible angle: 27.35°

Angular error: 8.77°

======================================================================
SCENARIO (EMCEE): PERFECT_CT
======================================================================

Loaded 3295 matched main-track clusters across U, V, X planes
Selected 218 ES main tracks
Loading ED model from: /eos/home-e/evilla/dune/sn-tps/neural_networks/electron_direction/three_plane_three_plane_v58_200k_lr_schedule_20251118_110931/checkpoints/model_epoch_12_val_loss_0.8898.keras
Running ED inference...
After energy cut: 218 clusters
Running emcee: 64 walkers × 2000 steps...
Acceptance fraction: 18.7%
Mean direction: θ=45.00°, φ=112.29°
Uncertainties: Δθ=23.37°, Δφ=14.97°
68% credible angle: 24.89°

Angular error: 10.83°

======================================================================
SCENARIO (EMCEE): FULL_PIPELINE
======================================================================

Loaded 3295 matched main-track clusters across U, V, X planes
Using all 3295 main-track clusters
Loading CT model from: /eos/user/e/evilla/dune/sn-tps/neural_networks/channel_tagging/ct_volume_v52_batch_reload_20251116_101125/best_model.keras
Running CT inference...
CT selected 3007 ES candidates from 3295 clusters
  ES prob range: [0.000, 1.000]
Loading ED model from: /eos/home-e/evilla/dune/sn-tps/neural_networks/electron_direction/three_plane_three_plane_v58_200k_lr_schedule_20251118_110931/checkpoints/model_epoch_12_val_loss_0.8898.keras
Running ED inference on 3007 clusters...
After E > 3 MeV cut: 2985 clusters
Running emcee: 64 walkers × 2000 steps...
Acceptance fraction: 3.5%
Mean direction: θ=168.44°, φ=115.05°
Uncertainties: Δθ=90.96°, Δφ=24.57°
68% credible angle: 63.44°

Angular error: 96.72°

======================================================================
SCENARIO (EMCEE): WEIGHTED_CT
======================================================================

Loaded 3295 matched main-track clusters across U, V, X planes
Using all 3295 main-track clusters
Loading CT model from: /eos/user/e/evilla/dune/sn-tps/neural_networks/channel_tagging/ct_volume_v52_batch_reload_20251116_101125/best_model.keras
Running CT inference...
CT selected 3007 ES candidates from 3295 clusters
  ES prob range: [0.000, 1.000]
Loading ED model from: /eos/home-e/evilla/dune/sn-tps/neural_networks/electron_direction/three_plane_three_plane_v58_200k_lr_schedule_20251118_110931/checkpoints/model_epoch_12_val_loss_0.8898.keras
Running ED inference on 3007 clusters...
Using CT weights (ES probabilities)
After E > 3 MeV cut: 2985 clusters
Running weighted MCMC with 2985 weights
Running emcee: 64 walkers × 2000 steps...
Acceptance fraction: 3.6%
Mean direction: θ=155.30°, φ=104.53°
Uncertainties: Δθ=87.38°, Δφ=31.49°
68% credible angle: 79.68°

Angular error: 91.87°

======================================================================
SCENARIO (EMCEE): PERFECT_CT_E_GT_10MEV
======================================================================

Loaded 3295 matched main-track clusters across U, V, X planes
Selected 218 ES main tracks
Loading ED model from: /eos/home-e/evilla/dune/sn-tps/neural_networks/electron_direction/three_plane_three_plane_v58_200k_lr_schedule_20251118_110931/checkpoints/model_epoch_12_val_loss_0.8898.keras
Running ED inference...
Applying E > 10 MeV cut
After energy cut: 107 clusters
Running emcee: 64 walkers × 2000 steps...
Acceptance fraction: 16.8%
Mean direction: θ=45.48°, φ=116.48°
Uncertainties: Δθ=21.11°, Δφ=12.03°
68% credible angle: 25.85°

Angular error: 8.72°

======================================================================
SCENARIO (EMCEE): PERFECT_CT_E_GT_20MEV
======================================================================

Loaded 3295 matched main-track clusters across U, V, X planes
Selected 218 ES main tracks
Loading ED model from: /eos/home-e/evilla/dune/sn-tps/neural_networks/electron_direction/three_plane_three_plane_v58_200k_lr_schedule_20251118_110931/checkpoints/model_epoch_12_val_loss_0.8898.keras
Running ED inference...
Applying E > 20 MeV cut
After energy cut: 20 clusters
Running emcee: 64 walkers × 2000 steps...
Acceptance fraction: 29.7%
Mean direction: θ=42.15°, φ=123.53°
Uncertainties: Δθ=11.00°, Δφ=7.71°
68% credible angle: 14.07°

Angular error: 12.39°

✓ Saved: /eos/project-e/ep-nu/evilla/sn-pointing/cat000185/pipeline/cat000185_scenario_best_case_emcee.npz

✓ Saved: /eos/project-e/ep-nu/evilla/sn-pointing/cat000185/pipeline/cat000185_scenario_perfect_ct_emcee.npz

✓ Saved: /eos/project-e/ep-nu/evilla/sn-pointing/cat000185/pipeline/cat000185_scenario_full_pipeline_emcee.npz

✓ Saved: /eos/project-e/ep-nu/evilla/sn-pointing/cat000185/pipeline/cat000185_scenario_weighted_ct_emcee.npz

✓ Saved: /eos/project-e/ep-nu/evilla/sn-pointing/cat000185/pipeline/cat000185_scenario_perfect_ct_e_gt_10mev_emcee.npz

✓ Saved: /eos/project-e/ep-nu/evilla/sn-pointing/cat000185/pipeline/cat000185_scenario_perfect_ct_e_gt_20mev_emcee.npz
✓ cat000185 completed successfully
