000 (13791414.230.000) 11/20 04:32:06 Job submitted from host: <188.184.90.62:9618?addrs=188.184.90.62-9618+[2001-1458-201-e4--100-238]-9618&alias=bigbird16.cern.ch&noUDP&sock=schedd_5196_9a2f>
...
040 (13791414.230.000) 11/20 04:46:37 Started transferring input files
	Transferring to host: <188.185.92.254:9618?addrs=188.185.92.254-9618+[2001-1458-d00-6c--100-8f]-9618&alias=b9g57n6544.cern.ch&noUDP&sock=slot1_4_21219_7478_9694>
...
040 (13791414.230.000) 11/20 04:46:37 Finished transferring input files
...
001 (13791414.230.000) 11/20 04:46:38 Job executing on host: <188.185.92.254:9618?addrs=188.185.92.254-9618+[2001-1458-d00-6c--100-8f]-9618&alias=b9g57n6544.cern.ch&noUDP&sock=startd_20748_fb11>
	SlotName: slot1_4@b9g57n6544.cern.ch
	AvailableGPUs = { GPUs_GPU_8f5f97a2 }
	CondorScratchDir = "/pool/condor/dir_3018299"
	Cpus = 11
	Disk = 4195724
	GPUs = 1
	GPUs_GPU_8f5f97a2 = [ Id = "GPU-8f5f97a2"; ClockMhz = 1410.0; Capability = 8.0; CoresPerCU = 64; DeviceName = "NVIDIA A100-PCIE-40GB"; DeviceUuid = "8f5f97a2-c8cf-cf5d-bd1a-0a219e343c73"; ECCEnabled = true; ComputeUnits = 108; DriverVersion = 13.0; DevicePciBusId = "0000:09:00.0"; GlobalMemoryMb = 40441; MaxSupportedVersion = 13000 ]
	Memory = 33000
...
006 (13791414.230.000) 11/20 04:46:52 Image size of job updated: 265568
	260  -  MemoryUsage of job (MB)
	265568  -  ResidentSetSize of job (KB)
...
006 (13791414.230.000) 11/20 04:50:56 Image size of job updated: 4278496
	260  -  MemoryUsage of job (MB)
	265568  -  ResidentSetSize of job (KB)
...
040 (13791414.230.000) 11/20 04:50:56 Started transferring output files
...
040 (13791414.230.000) 11/20 04:50:56 Finished transferring output files
...
005 (13791414.230.000) 11/20 04:50:56 Job terminated.
	(1) Normal termination (return value 0)
		Usr 0 00:08:09, Sys 0 00:01:46  -  Run Remote Usage
		Usr 0 00:00:00, Sys 0 00:00:00  -  Run Local Usage
		Usr 0 00:08:09, Sys 0 00:01:46  -  Total Remote Usage
		Usr 0 00:00:00, Sys 0 00:00:00  -  Total Local Usage
	16231  -  Run Bytes Sent By Job
	1323  -  Run Bytes Received By Job
	16231  -  Total Bytes Sent By Job
	1323  -  Total Bytes Received By Job
	Partitionable Resources :    Usage  Request Allocated Assigned
	   Cpus                 :        0       11        11 
	   Disk (KB)            :       43  4194304   4195724 
	   GPUs                 :        0        1         1 "GPU-8f5f97a2"
	   Memory (MB)          :      260    33000     33000 
	   TimeExecute (s)      :      258                    
	   TimeSlotBusy (s)     :      259                    

	Job terminated of its own accord at 2025-11-20T03:50:56Z with exit-code 0.
...
