Processing cat000071 with 6 scenarios...
Cat directory: /eos/project-e/ep-nu/evilla/sn-pointing/cat000071
======================================================================
EMCEE RECONSTRUCTION FOR cat000071
======================================================================

Loading PDF from: /eos/home-e/evilla/dune/sn-tps/neural_networks/electron_direction/three_plane_three_plane_v58_200k_lr_schedule_20251118_110931/cosine_energy_pdf.npz
PDF loaded

======================================================================
SCENARIO (EMCEE): BEST_CASE
======================================================================

Loaded 3572 matched main-track clusters across U, V, X planes
Selected 248 ES main tracks
After E > 3 MeV cut: 248 clusters
Running emcee: 64 walkers × 2000 steps...
Acceptance fraction: 12.2%
Mean direction: θ=19.83°, φ=77.59°
Uncertainties: Δθ=36.04°, Δφ=15.74°
68% credible angle: 26.97°

Angular error: 11.15°

======================================================================
SCENARIO (EMCEE): PERFECT_CT
======================================================================

Loaded 3572 matched main-track clusters across U, V, X planes
Selected 248 ES main tracks
Loading ED model from: /eos/home-e/evilla/dune/sn-tps/neural_networks/electron_direction/three_plane_three_plane_v58_200k_lr_schedule_20251118_110931/checkpoints/model_epoch_12_val_loss_0.8898.keras
Running ED inference...
After energy cut: 248 clusters
Running emcee: 64 walkers × 2000 steps...
Acceptance fraction: 17.6%
Mean direction: θ=19.07°, φ=68.69°
Uncertainties: Δθ=23.84°, Δφ=13.00°
68% credible angle: 30.52°

Angular error: 6.88°

======================================================================
SCENARIO (EMCEE): FULL_PIPELINE
======================================================================

Loaded 3572 matched main-track clusters across U, V, X planes
Using all 3572 main-track clusters
Loading CT model from: /eos/user/e/evilla/dune/sn-tps/neural_networks/charge_topology/best_model.keras

✗ full_pipeline failed: File not found: filepath=/eos/user/e/evilla/dune/sn-tps/neural_networks/charge_topology/best_model.keras. Please ensure the file is an accessible `.keras` zip file.

======================================================================
SCENARIO (EMCEE): WEIGHTED_CT
======================================================================

Loaded 3572 matched main-track clusters across U, V, X planes
Using all 3572 main-track clusters
Loading CT model from: /eos/user/e/evilla/dune/sn-tps/neural_networks/charge_topology/best_model.keras

✗ weighted_ct failed: File not found: filepath=/eos/user/e/evilla/dune/sn-tps/neural_networks/charge_topology/best_model.keras. Please ensure the file is an accessible `.keras` zip file.

======================================================================
SCENARIO (EMCEE): PERFECT_CT_E_GT_10MEV
======================================================================

Loaded 3572 matched main-track clusters across U, V, X planes
Selected 248 ES main tracks
Loading ED model from: /eos/home-e/evilla/dune/sn-tps/neural_networks/electron_direction/three_plane_three_plane_v58_200k_lr_schedule_20251118_110931/checkpoints/model_epoch_12_val_loss_0.8898.keras
Running ED inference...
Applying E > 10 MeV cut
After energy cut: 146 clusters
Running emcee: 64 walkers × 2000 steps...
Acceptance fraction: 14.6%
Mean direction: θ=5.15°, φ=65.45°
Uncertainties: Δθ=23.13°, Δφ=12.56°
68% credible angle: 26.70°

Angular error: 19.80°

======================================================================
SCENARIO (EMCEE): PERFECT_CT_E_GT_20MEV
======================================================================

Loaded 3572 matched main-track clusters across U, V, X planes
Selected 248 ES main tracks
Loading ED model from: /eos/home-e/evilla/dune/sn-tps/neural_networks/electron_direction/three_plane_three_plane_v58_200k_lr_schedule_20251118_110931/checkpoints/model_epoch_12_val_loss_0.8898.keras
Running ED inference...
Applying E > 20 MeV cut
After energy cut: 22 clusters
Running emcee: 64 walkers × 2000 steps...
Acceptance fraction: 24.9%
Mean direction: θ=11.61°, φ=68.04°
Uncertainties: Δθ=61.95°, Δφ=18.52°
68% credible angle: 17.82°

Angular error: 13.79°

✓ Saved: /eos/project-e/ep-nu/evilla/sn-pointing/cat000071/pipeline/cat000071_scenario_best_case_emcee.npz

✓ Saved: /eos/project-e/ep-nu/evilla/sn-pointing/cat000071/pipeline/cat000071_scenario_perfect_ct_emcee.npz

✓ Saved: /eos/project-e/ep-nu/evilla/sn-pointing/cat000071/pipeline/cat000071_scenario_perfect_ct_e_gt_10mev_emcee.npz

✓ Saved: /eos/project-e/ep-nu/evilla/sn-pointing/cat000071/pipeline/cat000071_scenario_perfect_ct_e_gt_20mev_emcee.npz
✓ cat000071 completed successfully
