==================================================================
Processing cat000039 with EMCEE - ALL SCENARIOS
==================================================================
======================================================================
EMCEE RECONSTRUCTION FOR cat000039
======================================================================

Loading PDF from: /eos/home-e/evilla/dune/sn-tps/neural_networks/electron_direction/three_plane_three_plane_v58_200k_lr_schedule_20251118_110931/cosine_energy_pdf.npz
PDF loaded

======================================================================
SCENARIO (EMCEE): PERFECT_CT
======================================================================

Loaded 3448 matched clusters across U, V, X planes
Selected clusters: 200
Running emcee: 64 walkers × 2000 steps...
Acceptance fraction: 17.3%
Mean direction: θ=-0.13°, φ=89.48°
Uncertainties: Δθ=19.04°, Δφ=13.28°
68% credible angle: 16.19°

Angular error: 5.96°

======================================================================
SCENARIO (EMCEE): ES_MAIN_CC_SHOWER
======================================================================

Loaded 3448 matched clusters across U, V, X planes
Selected clusters: 200
Running emcee: 64 walkers × 2000 steps...
Acceptance fraction: 17.7%
Mean direction: θ=-2.98°, φ=89.10°
Uncertainties: Δθ=23.78°, Δφ=13.68°
68% credible angle: 17.66°

Angular error: 6.57°

======================================================================
SCENARIO (EMCEE): ES_MAIN_CC_ALL
======================================================================

Loaded 3448 matched clusters across U, V, X planes
Selected clusters: 200
Running emcee: 64 walkers × 2000 steps...
Acceptance fraction: 17.5%
Mean direction: θ=-0.50°, φ=90.46°
Uncertainties: Δθ=23.34°, Δφ=12.08°
68% credible angle: 15.88°

Angular error: 4.94°

======================================================================
SCENARIO (EMCEE): ES_ALL_CC_SHOWER
======================================================================

Loaded 3448 matched clusters across U, V, X planes
Selected clusters: 200
Running emcee: 64 walkers × 2000 steps...
Acceptance fraction: 16.7%
Mean direction: θ=-2.88°, φ=90.73°
Uncertainties: Δθ=23.54°, Δφ=11.02°
68% credible angle: 16.85°

Angular error: 5.01°

======================================================================
SCENARIO (EMCEE): ES_ALL_CC_ALL
======================================================================

Loaded 3448 matched clusters across U, V, X planes
Selected clusters: 200
Running emcee: 64 walkers × 2000 steps...
Acceptance fraction: 19.9%
Mean direction: θ=0.19°, φ=91.31°
Uncertainties: Δθ=11.74°, Δφ=11.12°
68% credible angle: 16.45°

Angular error: 4.24°

======================================================================
SCENARIO (EMCEE): ALL_TRACKS_ALL_SHOWERS
======================================================================

Loaded 3448 matched clusters across U, V, X planes
Selected clusters: 3448
Running emcee: 64 walkers × 2000 steps...
Acceptance fraction: 4.5%
Mean direction: θ=-105.64°, φ=87.54°
Uncertainties: Δθ=102.20°, Δφ=33.19°
68% credible angle: 107.64°

Angular error: 104.77°

✓ Saved: /eos/project-e/ep-nu/evilla/sn-pointing/cat000039/pipeline/cat000039_scenario_perfect_ct_emcee.npz

✓ Saved: /eos/project-e/ep-nu/evilla/sn-pointing/cat000039/pipeline/cat000039_scenario_es_main_cc_shower_emcee.npz

✓ Saved: /eos/project-e/ep-nu/evilla/sn-pointing/cat000039/pipeline/cat000039_scenario_es_main_cc_all_emcee.npz

✓ Saved: /eos/project-e/ep-nu/evilla/sn-pointing/cat000039/pipeline/cat000039_scenario_es_all_cc_shower_emcee.npz

✓ Saved: /eos/project-e/ep-nu/evilla/sn-pointing/cat000039/pipeline/cat000039_scenario_es_all_cc_all_emcee.npz

✓ Saved: /eos/project-e/ep-nu/evilla/sn-pointing/cat000039/pipeline/cat000039_scenario_all_tracks_all_showers_emcee.npz
✓ cat000039 completed successfully
