==================================================================
Processing cat000111 with EMCEE - ALL SCENARIOS
==================================================================
======================================================================
EMCEE RECONSTRUCTION FOR cat000111
======================================================================

Loading PDF from: /eos/home-e/evilla/dune/sn-tps/neural_networks/electron_direction/three_plane_three_plane_v58_200k_lr_schedule_20251118_110931/cosine_energy_pdf.npz
PDF loaded

======================================================================
SCENARIO (EMCEE): PERFECT_CT
======================================================================

Loaded 3293 matched clusters across U, V, X planes
Selected clusters: 223
Running emcee: 64 walkers × 2000 steps...
Acceptance fraction: 8.3%
Mean direction: θ=-176.42°, φ=84.23°
Uncertainties: Δθ=24.87°, Δφ=14.21°
68% credible angle: 31.50°

Angular error: 14.15°

======================================================================
SCENARIO (EMCEE): ES_MAIN_CC_SHOWER
======================================================================

Loaded 3293 matched clusters across U, V, X planes
Selected clusters: 223
Running emcee: 64 walkers × 2000 steps...
Acceptance fraction: 6.6%
Mean direction: θ=176.86°, φ=88.65°
Uncertainties: Δθ=23.80°, Δφ=13.21°
68% credible angle: 26.72°

Angular error: 9.94°

======================================================================
SCENARIO (EMCEE): ES_MAIN_CC_ALL
======================================================================

Loaded 3293 matched clusters across U, V, X planes
Selected clusters: 223
Running emcee: 64 walkers × 2000 steps...
Acceptance fraction: 6.7%
Mean direction: θ=179.71°, φ=86.38°
Uncertainties: Δθ=24.03°, Δφ=13.80°
68% credible angle: 28.78°

Angular error: 11.07°

======================================================================
SCENARIO (EMCEE): ES_ALL_CC_SHOWER
======================================================================

Loaded 3293 matched clusters across U, V, X planes
Selected clusters: 223
Running emcee: 64 walkers × 2000 steps...
Acceptance fraction: 8.5%
Mean direction: θ=172.66°, φ=85.63°
Uncertainties: Δθ=26.66°, Δφ=18.05°
68% credible angle: 30.61°

Angular error: 4.85°

======================================================================
SCENARIO (EMCEE): ES_ALL_CC_ALL
======================================================================

Loaded 3293 matched clusters across U, V, X planes
Selected clusters: 223
Running emcee: 64 walkers × 2000 steps...
Acceptance fraction: 8.9%
Mean direction: θ=178.54°, φ=80.97°
Uncertainties: Δθ=25.03°, Δφ=13.38°
68% credible angle: 27.94°

Angular error: 8.98°

======================================================================
SCENARIO (EMCEE): ALL_TRACKS_ALL_SHOWERS
======================================================================

Loaded 3293 matched clusters across U, V, X planes
Selected clusters: 3293
Running emcee: 64 walkers × 2000 steps...
Acceptance fraction: 3.4%
Mean direction: θ=-172.69°, φ=95.09°
Uncertainties: Δθ=52.58°, Δφ=25.90°
68% credible angle: 52.40°

Angular error: 22.10°

✓ Saved: /eos/project-e/ep-nu/evilla/sn-pointing/cat000111/pipeline/cat000111_scenario_perfect_ct_emcee.npz

✓ Saved: /eos/project-e/ep-nu/evilla/sn-pointing/cat000111/pipeline/cat000111_scenario_es_main_cc_shower_emcee.npz

✓ Saved: /eos/project-e/ep-nu/evilla/sn-pointing/cat000111/pipeline/cat000111_scenario_es_main_cc_all_emcee.npz

✓ Saved: /eos/project-e/ep-nu/evilla/sn-pointing/cat000111/pipeline/cat000111_scenario_es_all_cc_shower_emcee.npz

✓ Saved: /eos/project-e/ep-nu/evilla/sn-pointing/cat000111/pipeline/cat000111_scenario_es_all_cc_all_emcee.npz

✓ Saved: /eos/project-e/ep-nu/evilla/sn-pointing/cat000111/pipeline/cat000111_scenario_all_tracks_all_showers_emcee.npz
✓ cat000111 completed successfully
