Processing cat000069 with 6 scenarios...
Cat directory: /eos/project-e/ep-nu/evilla/sn-pointing/cat000069
======================================================================
EMCEE RECONSTRUCTION FOR cat000069
======================================================================

Loading PDF from: /eos/home-e/evilla/dune/sn-tps/neural_networks/electron_direction/three_plane_three_plane_v58_200k_lr_schedule_20251118_110931/cosine_energy_pdf.npz
PDF loaded

======================================================================
SCENARIO (EMCEE): BEST_CASE
======================================================================

Loaded 3489 matched main-track clusters across U, V, X planes
Selected 242 ES main tracks
After E > 3 MeV cut: 242 clusters
Running emcee: 64 walkers × 2000 steps...
Acceptance fraction: 6.8%
Mean direction: θ=-164.03°, φ=101.57°
Uncertainties: Δθ=29.43°, Δφ=17.77°
68% credible angle: 28.53°

Angular error: 8.15°

======================================================================
SCENARIO (EMCEE): PERFECT_CT
======================================================================

Loaded 3489 matched main-track clusters across U, V, X planes
Selected 242 ES main tracks
Loading ED model from: /eos/home-e/evilla/dune/sn-tps/neural_networks/electron_direction/three_plane_three_plane_v58_200k_lr_schedule_20251118_110931/checkpoints/model_epoch_12_val_loss_0.8898.keras
Running ED inference...
After energy cut: 242 clusters
Running emcee: 64 walkers × 2000 steps...
Acceptance fraction: 10.0%
Mean direction: θ=-172.54°, φ=107.41°
Uncertainties: Δθ=29.37°, Δφ=20.98°
68% credible angle: 30.73°

Angular error: 14.31°

======================================================================
SCENARIO (EMCEE): FULL_PIPELINE
======================================================================

Loaded 3489 matched main-track clusters across U, V, X planes
Using all 3489 main-track clusters
Loading CT model from: /eos/user/e/evilla/dune/sn-tps/neural_networks/channel_tagging/ct_volume_v52_batch_reload_20251116_101125/best_model.keras
Running CT inference...
CT selected 3171 ES candidates from 3489 clusters
  ES prob range: [0.000, 1.000]
Loading ED model from: /eos/home-e/evilla/dune/sn-tps/neural_networks/electron_direction/three_plane_three_plane_v58_200k_lr_schedule_20251118_110931/checkpoints/model_epoch_12_val_loss_0.8898.keras
Running ED inference on 3171 clusters...
After E > 3 MeV cut: 3160 clusters
Running emcee: 64 walkers × 2000 steps...
Acceptance fraction: 3.4%
Mean direction: θ=-179.19°, φ=120.21°
Uncertainties: Δθ=58.95°, Δφ=26.40°
68% credible angle: 45.55°

Angular error: 23.86°

======================================================================
SCENARIO (EMCEE): WEIGHTED_CT
======================================================================

Loaded 3489 matched main-track clusters across U, V, X planes
Using all 3489 main-track clusters
Loading CT model from: /eos/user/e/evilla/dune/sn-tps/neural_networks/channel_tagging/ct_volume_v52_batch_reload_20251116_101125/best_model.keras
Running CT inference...
CT selected 3171 ES candidates from 3489 clusters
  ES prob range: [0.000, 1.000]
Loading ED model from: /eos/home-e/evilla/dune/sn-tps/neural_networks/electron_direction/three_plane_three_plane_v58_200k_lr_schedule_20251118_110931/checkpoints/model_epoch_12_val_loss_0.8898.keras
Running ED inference on 3171 clusters...
Using CT weights (ES probabilities)
After E > 3 MeV cut: 3160 clusters
Running weighted MCMC with 3160 weights
Running emcee: 64 walkers × 2000 steps...
Acceptance fraction: 5.1%
Mean direction: θ=-161.17°, φ=116.69°
Uncertainties: Δθ=57.62°, Δφ=26.69°
68% credible angle: 55.53°

Angular error: 10.45°

======================================================================
SCENARIO (EMCEE): PERFECT_CT_E_GT_10MEV
======================================================================

Loaded 3489 matched main-track clusters across U, V, X planes
Selected 242 ES main tracks
Loading ED model from: /eos/home-e/evilla/dune/sn-tps/neural_networks/electron_direction/three_plane_three_plane_v58_200k_lr_schedule_20251118_110931/checkpoints/model_epoch_12_val_loss_0.8898.keras
Running ED inference...
Applying E > 10 MeV cut
After energy cut: 130 clusters
Running emcee: 64 walkers × 2000 steps...
Acceptance fraction: 7.3%
Mean direction: θ=-176.33°, φ=104.20°
Uncertainties: Δθ=24.66°, Δφ=21.05°
68% credible angle: 28.07°

Angular error: 18.25°

======================================================================
SCENARIO (EMCEE): PERFECT_CT_E_GT_20MEV
======================================================================

Loaded 3489 matched main-track clusters across U, V, X planes
Selected 242 ES main tracks
Loading ED model from: /eos/home-e/evilla/dune/sn-tps/neural_networks/electron_direction/three_plane_three_plane_v58_200k_lr_schedule_20251118_110931/checkpoints/model_epoch_12_val_loss_0.8898.keras
Running ED inference...
Applying E > 20 MeV cut
After energy cut: 20 clusters
Running emcee: 64 walkers × 2000 steps...
Acceptance fraction: 23.6%
Mean direction: θ=-169.78°, φ=104.00°
Uncertainties: Δθ=12.98°, Δφ=8.91°
68% credible angle: 15.38°

Angular error: 12.09°

✓ Saved: /eos/project-e/ep-nu/evilla/sn-pointing/cat000069/pipeline/cat000069_scenario_best_case_emcee.npz

✓ Saved: /eos/project-e/ep-nu/evilla/sn-pointing/cat000069/pipeline/cat000069_scenario_perfect_ct_emcee.npz

✓ Saved: /eos/project-e/ep-nu/evilla/sn-pointing/cat000069/pipeline/cat000069_scenario_full_pipeline_emcee.npz

✓ Saved: /eos/project-e/ep-nu/evilla/sn-pointing/cat000069/pipeline/cat000069_scenario_weighted_ct_emcee.npz

✓ Saved: /eos/project-e/ep-nu/evilla/sn-pointing/cat000069/pipeline/cat000069_scenario_perfect_ct_e_gt_10mev_emcee.npz

✓ Saved: /eos/project-e/ep-nu/evilla/sn-pointing/cat000069/pipeline/cat000069_scenario_perfect_ct_e_gt_20mev_emcee.npz
✓ cat000069 completed successfully
