==================================================================
Processing cat000424 with EMCEE - ALL SCENARIOS
==================================================================
======================================================================
EMCEE RECONSTRUCTION FOR cat000424
======================================================================

Loading PDF from: /eos/home-e/evilla/dune/sn-tps/neural_networks/electron_direction/three_plane_three_plane_v58_200k_lr_schedule_20251118_110931/cosine_energy_pdf.npz
PDF loaded

======================================================================
SCENARIO (EMCEE): PERFECT_CT
======================================================================

Loaded 3581 matched clusters across U, V, X planes
Selected clusters: 274
Running emcee: 64 walkers × 2000 steps...
Acceptance fraction: 11.4%
Mean direction: θ=-11.71°, φ=53.24°
Uncertainties: Δθ=20.39°, Δφ=17.11°
68% credible angle: 25.98°

Angular error: 13.37°

======================================================================
SCENARIO (EMCEE): ES_MAIN_CC_SHOWER
======================================================================

Loaded 3581 matched clusters across U, V, X planes
Selected clusters: 274
Running emcee: 64 walkers × 2000 steps...
Acceptance fraction: 14.4%
Mean direction: θ=-10.17°, φ=55.04°
Uncertainties: Δθ=23.57°, Δφ=15.89°
68% credible angle: 20.73°

Angular error: 15.49°

======================================================================
SCENARIO (EMCEE): ES_MAIN_CC_ALL
======================================================================

Loaded 3581 matched clusters across U, V, X planes
Selected clusters: 274
Running emcee: 64 walkers × 2000 steps...
Acceptance fraction: 13.0%
Mean direction: θ=-9.70°, φ=54.82°
Uncertainties: Δθ=26.51°, Δφ=15.17°
68% credible angle: 20.35°

Angular error: 15.63°

======================================================================
SCENARIO (EMCEE): ES_ALL_CC_SHOWER
======================================================================

Loaded 3581 matched clusters across U, V, X planes
Selected clusters: 274
Running emcee: 64 walkers × 2000 steps...
Acceptance fraction: 13.1%
Mean direction: θ=-12.28°, φ=47.29°
Uncertainties: Δθ=23.15°, Δφ=16.49°
68% credible angle: 23.67°

Angular error: 10.27°

======================================================================
SCENARIO (EMCEE): ES_ALL_CC_ALL
======================================================================

Loaded 3581 matched clusters across U, V, X planes
Selected clusters: 274
Running emcee: 64 walkers × 2000 steps...
Acceptance fraction: 12.8%
Mean direction: θ=-13.95°, φ=52.65°
Uncertainties: Δθ=22.02°, Δφ=16.03°
68% credible angle: 25.23°

Angular error: 11.62°

======================================================================
SCENARIO (EMCEE): ALL_TRACKS_ALL_SHOWERS
======================================================================

Loaded 3581 matched clusters across U, V, X planes
Selected clusters: 3581
Running emcee: 64 walkers × 2000 steps...
Acceptance fraction: 6.6%
Mean direction: θ=-53.55°, φ=72.46°
Uncertainties: Δθ=71.14°, Δφ=46.62°
68% credible angle: 81.68°

Angular error: 35.21°

✓ Saved: /eos/project-e/ep-nu/evilla/sn-pointing/cat000424/pipeline/cat000424_scenario_perfect_ct_emcee.npz

✓ Saved: /eos/project-e/ep-nu/evilla/sn-pointing/cat000424/pipeline/cat000424_scenario_es_main_cc_shower_emcee.npz

✓ Saved: /eos/project-e/ep-nu/evilla/sn-pointing/cat000424/pipeline/cat000424_scenario_es_main_cc_all_emcee.npz

✓ Saved: /eos/project-e/ep-nu/evilla/sn-pointing/cat000424/pipeline/cat000424_scenario_es_all_cc_shower_emcee.npz

✓ Saved: /eos/project-e/ep-nu/evilla/sn-pointing/cat000424/pipeline/cat000424_scenario_es_all_cc_all_emcee.npz

✓ Saved: /eos/project-e/ep-nu/evilla/sn-pointing/cat000424/pipeline/cat000424_scenario_all_tracks_all_showers_emcee.npz
✓ cat000424 completed successfully
