Processing cat000307 with 6 scenarios...
Cat directory: /eos/project-e/ep-nu/evilla/sn-pointing/cat000307
======================================================================
EMCEE RECONSTRUCTION FOR cat000307
======================================================================

Loading PDF from: /eos/home-e/evilla/dune/sn-tps/neural_networks/electron_direction/three_plane_three_plane_v58_200k_lr_schedule_20251118_110931/cosine_energy_pdf.npz
PDF loaded

======================================================================
SCENARIO (EMCEE): BEST_CASE
======================================================================

Loaded 3564 matched main-track clusters across U, V, X planes
Selected 283 ES main tracks
After E > 3 MeV cut: 283 clusters
Running emcee: 64 walkers × 2000 steps...
Acceptance fraction: 8.3%
Mean direction: θ=138.96°, φ=65.66°
Uncertainties: Δθ=38.25°, Δφ=28.00°
68% credible angle: 23.40°

Angular error: 18.83°

======================================================================
SCENARIO (EMCEE): PERFECT_CT
======================================================================

Loaded 3564 matched main-track clusters across U, V, X planes
Selected 283 ES main tracks
Loading ED model from: /eos/home-e/evilla/dune/sn-tps/neural_networks/electron_direction/three_plane_three_plane_v58_200k_lr_schedule_20251118_110931/checkpoints/model_epoch_12_val_loss_0.8898.keras
Running ED inference...
After energy cut: 283 clusters
Running emcee: 64 walkers × 2000 steps...
Acceptance fraction: 14.5%
Mean direction: θ=153.44°, φ=54.42°
Uncertainties: Δθ=28.57°, Δφ=19.37°
68% credible angle: 27.53°

Angular error: 29.01°

======================================================================
SCENARIO (EMCEE): FULL_PIPELINE
======================================================================

Loaded 3564 matched main-track clusters across U, V, X planes
Using all 3564 main-track clusters
Loading CT model from: /eos/user/e/evilla/dune/sn-tps/neural_networks/channel_tagging/ct_volume_v52_batch_reload_20251116_101125/best_model.keras
Running CT inference...
CT selected 3229 ES candidates from 3564 clusters
  ES prob range: [0.000, 1.000]
Loading ED model from: /eos/home-e/evilla/dune/sn-tps/neural_networks/electron_direction/three_plane_three_plane_v58_200k_lr_schedule_20251118_110931/checkpoints/model_epoch_12_val_loss_0.8898.keras
Running ED inference on 3229 clusters...
After E > 3 MeV cut: 3204 clusters
Running emcee: 64 walkers × 2000 steps...
Acceptance fraction: 3.4%
Mean direction: θ=167.82°, φ=91.92°
Uncertainties: Δθ=54.59°, Δφ=29.33°
68% credible angle: 67.00°

Angular error: 56.81°

======================================================================
SCENARIO (EMCEE): WEIGHTED_CT
======================================================================

Loaded 3564 matched main-track clusters across U, V, X planes
Using all 3564 main-track clusters
Loading CT model from: /eos/user/e/evilla/dune/sn-tps/neural_networks/channel_tagging/ct_volume_v52_batch_reload_20251116_101125/best_model.keras
Running CT inference...
CT selected 3229 ES candidates from 3564 clusters
  ES prob range: [0.000, 1.000]
Loading ED model from: /eos/home-e/evilla/dune/sn-tps/neural_networks/electron_direction/three_plane_three_plane_v58_200k_lr_schedule_20251118_110931/checkpoints/model_epoch_12_val_loss_0.8898.keras
Running ED inference on 3229 clusters...
Using CT weights (ES probabilities)
After E > 3 MeV cut: 3204 clusters
Running weighted MCMC with 3204 weights
Running emcee: 64 walkers × 2000 steps...
Acceptance fraction: 3.3%
Mean direction: θ=-165.57°, φ=90.71°
Uncertainties: Δθ=56.31°, Δφ=30.56°
68% credible angle: 60.37°

Angular error: 77.90°

======================================================================
SCENARIO (EMCEE): PERFECT_CT_E_GT_10MEV
======================================================================

Loaded 3564 matched main-track clusters across U, V, X planes
Selected 283 ES main tracks
Loading ED model from: /eos/home-e/evilla/dune/sn-tps/neural_networks/electron_direction/three_plane_three_plane_v58_200k_lr_schedule_20251118_110931/checkpoints/model_epoch_12_val_loss_0.8898.keras
Running ED inference...
Applying E > 10 MeV cut
After energy cut: 160 clusters
Running emcee: 64 walkers × 2000 steps...
Acceptance fraction: 11.5%
Mean direction: θ=165.59°, φ=56.24°
Uncertainties: Δθ=41.09°, Δφ=21.65°
68% credible angle: 28.97°

Angular error: 39.11°

======================================================================
SCENARIO (EMCEE): PERFECT_CT_E_GT_20MEV
======================================================================

Loaded 3564 matched main-track clusters across U, V, X planes
Selected 283 ES main tracks
Loading ED model from: /eos/home-e/evilla/dune/sn-tps/neural_networks/electron_direction/three_plane_three_plane_v58_200k_lr_schedule_20251118_110931/checkpoints/model_epoch_12_val_loss_0.8898.keras
Running ED inference...
Applying E > 20 MeV cut
After energy cut: 40 clusters
Running emcee: 64 walkers × 2000 steps...
Acceptance fraction: 12.9%
Mean direction: θ=171.06°, φ=69.16°
Uncertainties: Δθ=78.08°, Δφ=23.60°
68% credible angle: 52.67°

Angular error: 47.47°

✓ Saved: /eos/project-e/ep-nu/evilla/sn-pointing/cat000307/pipeline/cat000307_scenario_best_case_emcee.npz

✓ Saved: /eos/project-e/ep-nu/evilla/sn-pointing/cat000307/pipeline/cat000307_scenario_perfect_ct_emcee.npz

✓ Saved: /eos/project-e/ep-nu/evilla/sn-pointing/cat000307/pipeline/cat000307_scenario_full_pipeline_emcee.npz

✓ Saved: /eos/project-e/ep-nu/evilla/sn-pointing/cat000307/pipeline/cat000307_scenario_weighted_ct_emcee.npz

✓ Saved: /eos/project-e/ep-nu/evilla/sn-pointing/cat000307/pipeline/cat000307_scenario_perfect_ct_e_gt_10mev_emcee.npz

✓ Saved: /eos/project-e/ep-nu/evilla/sn-pointing/cat000307/pipeline/cat000307_scenario_perfect_ct_e_gt_20mev_emcee.npz
✓ cat000307 completed successfully
