==================================================================
Processing cat000312 with EMCEE - ALL SCENARIOS
==================================================================
======================================================================
EMCEE RECONSTRUCTION FOR cat000312
======================================================================

Loading PDF from: /eos/home-e/evilla/dune/sn-tps/neural_networks/electron_direction/three_plane_three_plane_v58_200k_lr_schedule_20251118_110931/cosine_energy_pdf.npz
PDF loaded

======================================================================
SCENARIO (EMCEE): PERFECT_CT
======================================================================

Loaded 3654 matched clusters across U, V, X planes
Selected clusters: 281
Running emcee: 64 walkers × 2000 steps...
Acceptance fraction: 7.5%
Mean direction: θ=-176.58°, φ=54.44°
Uncertainties: Δθ=29.66°, Δφ=22.49°
68% credible angle: 25.50°

Angular error: 24.95°

======================================================================
SCENARIO (EMCEE): ES_MAIN_CC_SHOWER
======================================================================

Loaded 3654 matched clusters across U, V, X planes
Selected clusters: 281
Running emcee: 64 walkers × 2000 steps...
Acceptance fraction: 7.1%
Mean direction: θ=-170.21°, φ=52.05°
Uncertainties: Δθ=23.53°, Δφ=17.02°
68% credible angle: 25.33°

Angular error: 19.58°

======================================================================
SCENARIO (EMCEE): ES_MAIN_CC_ALL
======================================================================

Loaded 3654 matched clusters across U, V, X planes
Selected clusters: 281
Running emcee: 64 walkers × 2000 steps...
Acceptance fraction: 7.6%
Mean direction: θ=-172.41°, φ=56.63°
Uncertainties: Δθ=24.88°, Δφ=15.92°
68% credible angle: 27.21°

Angular error: 22.11°

======================================================================
SCENARIO (EMCEE): ES_ALL_CC_SHOWER
======================================================================

Loaded 3654 matched clusters across U, V, X planes
Selected clusters: 281
Running emcee: 64 walkers × 2000 steps...
Acceptance fraction: 7.2%
Mean direction: θ=-168.59°, φ=51.14°
Uncertainties: Δθ=24.30°, Δφ=17.90°
68% credible angle: 26.77°

Angular error: 18.29°

======================================================================
SCENARIO (EMCEE): ES_ALL_CC_ALL
======================================================================

Loaded 3654 matched clusters across U, V, X planes
Selected clusters: 281
Running emcee: 64 walkers × 2000 steps...
Acceptance fraction: 7.3%
Mean direction: θ=-172.26°, φ=50.43°
Uncertainties: Δθ=25.67°, Δφ=16.92°
68% credible angle: 25.21°

Angular error: 21.14°

======================================================================
SCENARIO (EMCEE): ALL_TRACKS_ALL_SHOWERS
======================================================================

Loaded 3654 matched clusters across U, V, X planes
Selected clusters: 3654
Running emcee: 64 walkers × 2000 steps...
Acceptance fraction: 7.2%
Mean direction: θ=-170.64°, φ=76.56°
Uncertainties: Δθ=51.32°, Δφ=24.21°
68% credible angle: 51.66°

Angular error: 32.12°

✓ Saved: /eos/project-e/ep-nu/evilla/sn-pointing/cat000312/pipeline/cat000312_scenario_perfect_ct_emcee.npz

✓ Saved: /eos/project-e/ep-nu/evilla/sn-pointing/cat000312/pipeline/cat000312_scenario_es_main_cc_shower_emcee.npz

✓ Saved: /eos/project-e/ep-nu/evilla/sn-pointing/cat000312/pipeline/cat000312_scenario_es_main_cc_all_emcee.npz

✓ Saved: /eos/project-e/ep-nu/evilla/sn-pointing/cat000312/pipeline/cat000312_scenario_es_all_cc_shower_emcee.npz

✓ Saved: /eos/project-e/ep-nu/evilla/sn-pointing/cat000312/pipeline/cat000312_scenario_es_all_cc_all_emcee.npz

✓ Saved: /eos/project-e/ep-nu/evilla/sn-pointing/cat000312/pipeline/cat000312_scenario_all_tracks_all_showers_emcee.npz
✓ cat000312 completed successfully
