Processing cat000045 with 6 scenarios...
Cat directory: /eos/project-e/ep-nu/evilla/sn-pointing/cat000045
======================================================================
EMCEE RECONSTRUCTION FOR cat000045
======================================================================

Loading PDF from: /eos/home-e/evilla/dune/sn-tps/neural_networks/electron_direction/three_plane_three_plane_v58_200k_lr_schedule_20251118_110931/cosine_energy_pdf.npz
PDF loaded

======================================================================
SCENARIO (EMCEE): BEST_CASE
======================================================================

Loaded 3489 matched main-track clusters across U, V, X planes
Selected 236 ES main tracks
After E > 3 MeV cut: 236 clusters
Running emcee: 64 walkers × 2000 steps...
Acceptance fraction: 7.8%
Mean direction: θ=113.03°, φ=115.05°
Uncertainties: Δθ=46.92°, Δφ=33.14°
68% credible angle: 35.70°

Angular error: 12.07°

======================================================================
SCENARIO (EMCEE): PERFECT_CT
======================================================================

Loaded 3489 matched main-track clusters across U, V, X planes
Selected 236 ES main tracks
Loading ED model from: /eos/home-e/evilla/dune/sn-tps/neural_networks/electron_direction/three_plane_three_plane_v58_200k_lr_schedule_20251118_110931/checkpoints/model_epoch_12_val_loss_0.8898.keras
Running ED inference...
After energy cut: 236 clusters
Running emcee: 64 walkers × 2000 steps...
Acceptance fraction: 9.7%
Mean direction: θ=138.02°, φ=126.55°
Uncertainties: Δθ=47.74°, Δφ=27.57°
68% credible angle: 40.41°

Angular error: 32.92°

======================================================================
SCENARIO (EMCEE): FULL_PIPELINE
======================================================================

Loaded 3489 matched main-track clusters across U, V, X planes
Using all 3489 main-track clusters
Loading CT model from: /eos/user/e/evilla/dune/sn-tps/neural_networks/channel_tagging/ct_volume_v52_batch_reload_20251116_101125/best_model.keras
Running CT inference...
CT selected 3166 ES candidates from 3489 clusters
  ES prob range: [0.000, 1.000]
Loading ED model from: /eos/home-e/evilla/dune/sn-tps/neural_networks/electron_direction/three_plane_three_plane_v58_200k_lr_schedule_20251118_110931/checkpoints/model_epoch_12_val_loss_0.8898.keras
Running ED inference on 3166 clusters...
After E > 3 MeV cut: 3144 clusters
Running emcee: 64 walkers × 2000 steps...
Acceptance fraction: 3.9%
Mean direction: θ=-160.87°, φ=94.38°
Uncertainties: Δθ=77.85°, Δφ=31.64°
68% credible angle: 78.77°

Angular error: 95.92°

======================================================================
SCENARIO (EMCEE): WEIGHTED_CT
======================================================================

Loaded 3489 matched main-track clusters across U, V, X planes
Using all 3489 main-track clusters
Loading CT model from: /eos/user/e/evilla/dune/sn-tps/neural_networks/channel_tagging/ct_volume_v52_batch_reload_20251116_101125/best_model.keras
Running CT inference...
CT selected 3166 ES candidates from 3489 clusters
  ES prob range: [0.000, 1.000]
Loading ED model from: /eos/home-e/evilla/dune/sn-tps/neural_networks/electron_direction/three_plane_three_plane_v58_200k_lr_schedule_20251118_110931/checkpoints/model_epoch_12_val_loss_0.8898.keras
Running ED inference on 3166 clusters...
Using CT weights (ES probabilities)
After E > 3 MeV cut: 3144 clusters
Running weighted MCMC with 3144 weights
Running emcee: 64 walkers × 2000 steps...
Acceptance fraction: 4.1%
Mean direction: θ=167.16°, φ=97.76°
Uncertainties: Δθ=76.69°, Δφ=31.59°
68% credible angle: 77.43°

Angular error: 66.25°

======================================================================
SCENARIO (EMCEE): PERFECT_CT_E_GT_10MEV
======================================================================

Loaded 3489 matched main-track clusters across U, V, X planes
Selected 236 ES main tracks
Loading ED model from: /eos/home-e/evilla/dune/sn-tps/neural_networks/electron_direction/three_plane_three_plane_v58_200k_lr_schedule_20251118_110931/checkpoints/model_epoch_12_val_loss_0.8898.keras
Running ED inference...
Applying E > 10 MeV cut
After energy cut: 127 clusters
Running emcee: 64 walkers × 2000 steps...
Acceptance fraction: 10.0%
Mean direction: θ=168.44°, φ=118.23°
Uncertainties: Δθ=87.99°, Δφ=22.30°
68% credible angle: 83.60°

Angular error: 59.40°

======================================================================
SCENARIO (EMCEE): PERFECT_CT_E_GT_20MEV
======================================================================

Loaded 3489 matched main-track clusters across U, V, X planes
Selected 236 ES main tracks
Loading ED model from: /eos/home-e/evilla/dune/sn-tps/neural_networks/electron_direction/three_plane_three_plane_v58_200k_lr_schedule_20251118_110931/checkpoints/model_epoch_12_val_loss_0.8898.keras
Running ED inference...
Applying E > 20 MeV cut
After energy cut: 30 clusters
Running emcee: 64 walkers × 2000 steps...
Acceptance fraction: 13.5%
Mean direction: θ=152.06°, φ=104.63°
Uncertainties: Δθ=135.59°, Δφ=13.37°
68% credible angle: 108.62°

Angular error: 49.94°

✓ Saved: /eos/project-e/ep-nu/evilla/sn-pointing/cat000045/pipeline/cat000045_scenario_best_case_emcee.npz

✓ Saved: /eos/project-e/ep-nu/evilla/sn-pointing/cat000045/pipeline/cat000045_scenario_perfect_ct_emcee.npz

✓ Saved: /eos/project-e/ep-nu/evilla/sn-pointing/cat000045/pipeline/cat000045_scenario_full_pipeline_emcee.npz

✓ Saved: /eos/project-e/ep-nu/evilla/sn-pointing/cat000045/pipeline/cat000045_scenario_weighted_ct_emcee.npz

✓ Saved: /eos/project-e/ep-nu/evilla/sn-pointing/cat000045/pipeline/cat000045_scenario_perfect_ct_e_gt_10mev_emcee.npz

✓ Saved: /eos/project-e/ep-nu/evilla/sn-pointing/cat000045/pipeline/cat000045_scenario_perfect_ct_e_gt_20mev_emcee.npz
✓ cat000045 completed successfully
