Processing cat000578 with 6 scenarios...
Cat directory: /eos/project-e/ep-nu/evilla/sn-pointing/cat000578
======================================================================
EMCEE RECONSTRUCTION FOR cat000578
======================================================================

Loading PDF from: /eos/home-e/evilla/dune/sn-tps/neural_networks/electron_direction/three_plane_three_plane_v58_200k_lr_schedule_20251118_110931/cosine_energy_pdf.npz
PDF loaded

======================================================================
SCENARIO (EMCEE): BEST_CASE
======================================================================

Loaded 3755 matched main-track clusters across U, V, X planes
Selected 311 ES main tracks
After E > 3 MeV cut: 311 clusters
Running emcee: 64 walkers × 2000 steps...
Acceptance fraction: 13.9%
Mean direction: θ=-67.63°, φ=95.02°
Uncertainties: Δθ=52.19°, Δφ=23.16°
68% credible angle: 36.01°

Angular error: 10.76°

======================================================================
SCENARIO (EMCEE): PERFECT_CT
======================================================================

Loaded 3755 matched main-track clusters across U, V, X planes
Selected 311 ES main tracks
Loading ED model from: /eos/home-e/evilla/dune/sn-tps/neural_networks/electron_direction/three_plane_three_plane_v58_200k_lr_schedule_20251118_110931/checkpoints/model_epoch_12_val_loss_0.8898.keras
Running ED inference...
After energy cut: 311 clusters
Running emcee: 64 walkers × 2000 steps...
Acceptance fraction: 20.3%
Mean direction: θ=-58.75°, φ=99.08°
Uncertainties: Δθ=17.77°, Δφ=13.48°
68% credible angle: 21.51°

Angular error: 10.42°

======================================================================
SCENARIO (EMCEE): FULL_PIPELINE
======================================================================

Loaded 3755 matched main-track clusters across U, V, X planes
Using all 3755 main-track clusters
Loading CT model from: /eos/user/e/evilla/dune/sn-tps/neural_networks/channel_tagging/ct_volume_v52_batch_reload_20251116_101125/best_model.keras
Running CT inference...
CT selected 3418 ES candidates from 3755 clusters
  ES prob range: [0.000, 1.000]
Loading ED model from: /eos/home-e/evilla/dune/sn-tps/neural_networks/electron_direction/three_plane_three_plane_v58_200k_lr_schedule_20251118_110931/checkpoints/model_epoch_12_val_loss_0.8898.keras
Running ED inference on 3418 clusters...
After E > 3 MeV cut: 3403 clusters
Running emcee: 64 walkers × 2000 steps...
Acceptance fraction: 3.3%
Mean direction: θ=-129.30°, φ=105.73°
Uncertainties: Δθ=61.93°, Δφ=28.48°
68% credible angle: 71.08°

Angular error: 59.77°

======================================================================
SCENARIO (EMCEE): WEIGHTED_CT
======================================================================

Loaded 3755 matched main-track clusters across U, V, X planes
Using all 3755 main-track clusters
Loading CT model from: /eos/user/e/evilla/dune/sn-tps/neural_networks/channel_tagging/ct_volume_v52_batch_reload_20251116_101125/best_model.keras
Running CT inference...
CT selected 3418 ES candidates from 3755 clusters
  ES prob range: [0.000, 1.000]
Loading ED model from: /eos/home-e/evilla/dune/sn-tps/neural_networks/electron_direction/three_plane_three_plane_v58_200k_lr_schedule_20251118_110931/checkpoints/model_epoch_12_val_loss_0.8898.keras
Running ED inference on 3418 clusters...
Using CT weights (ES probabilities)
After E > 3 MeV cut: 3403 clusters
Running weighted MCMC with 3403 weights
Running emcee: 64 walkers × 2000 steps...
Acceptance fraction: 3.1%
Mean direction: θ=-133.25°, φ=108.76°
Uncertainties: Δθ=68.39°, Δφ=31.84°
68% credible angle: 75.78°

Angular error: 63.04°

======================================================================
SCENARIO (EMCEE): PERFECT_CT_E_GT_10MEV
======================================================================

Loaded 3755 matched main-track clusters across U, V, X planes
Selected 311 ES main tracks
Loading ED model from: /eos/home-e/evilla/dune/sn-tps/neural_networks/electron_direction/three_plane_three_plane_v58_200k_lr_schedule_20251118_110931/checkpoints/model_epoch_12_val_loss_0.8898.keras
Running ED inference...
Applying E > 10 MeV cut
After energy cut: 174 clusters
Running emcee: 64 walkers × 2000 steps...
Acceptance fraction: 14.6%
Mean direction: θ=-68.20°, φ=91.78°
Uncertainties: Δθ=76.84°, Δφ=17.35°
68% credible angle: 38.63°

Angular error: 14.03°

======================================================================
SCENARIO (EMCEE): PERFECT_CT_E_GT_20MEV
======================================================================

Loaded 3755 matched main-track clusters across U, V, X planes
Selected 311 ES main tracks
Loading ED model from: /eos/home-e/evilla/dune/sn-tps/neural_networks/electron_direction/three_plane_three_plane_v58_200k_lr_schedule_20251118_110931/checkpoints/model_epoch_12_val_loss_0.8898.keras
Running ED inference...
Applying E > 20 MeV cut
After energy cut: 39 clusters
Running emcee: 64 walkers × 2000 steps...
Acceptance fraction: 17.9%
Mean direction: θ=-59.87°, φ=96.56°
Uncertainties: Δθ=78.33°, Δφ=11.15°
68% credible angle: 27.93°

Angular error: 11.51°

✓ Saved: /eos/project-e/ep-nu/evilla/sn-pointing/cat000578/pipeline/cat000578_scenario_best_case_emcee.npz

✓ Saved: /eos/project-e/ep-nu/evilla/sn-pointing/cat000578/pipeline/cat000578_scenario_perfect_ct_emcee.npz

✓ Saved: /eos/project-e/ep-nu/evilla/sn-pointing/cat000578/pipeline/cat000578_scenario_full_pipeline_emcee.npz

✓ Saved: /eos/project-e/ep-nu/evilla/sn-pointing/cat000578/pipeline/cat000578_scenario_weighted_ct_emcee.npz

✓ Saved: /eos/project-e/ep-nu/evilla/sn-pointing/cat000578/pipeline/cat000578_scenario_perfect_ct_e_gt_10mev_emcee.npz

✓ Saved: /eos/project-e/ep-nu/evilla/sn-pointing/cat000578/pipeline/cat000578_scenario_perfect_ct_e_gt_20mev_emcee.npz
✓ cat000578 completed successfully
