Processing cat000032 with 6 scenarios...
Cat directory: /eos/project-e/ep-nu/evilla/sn-pointing/cat000032
======================================================================
EMCEE RECONSTRUCTION FOR cat000032
======================================================================

Loading PDF from: /eos/home-e/evilla/dune/sn-tps/neural_networks/electron_direction/three_plane_three_plane_v58_200k_lr_schedule_20251118_110931/cosine_energy_pdf.npz
PDF loaded

======================================================================
SCENARIO (EMCEE): BEST_CASE
======================================================================

Loaded 3689 matched main-track clusters across U, V, X planes
Selected 274 ES main tracks
After E > 3 MeV cut: 274 clusters
Running emcee: 64 walkers × 2000 steps...
Acceptance fraction: 8.6%
Mean direction: θ=134.59°, φ=102.51°
Uncertainties: Δθ=47.88°, Δφ=23.43°
68% credible angle: 44.22°

Angular error: 10.57°

======================================================================
SCENARIO (EMCEE): PERFECT_CT
======================================================================

Loaded 3689 matched main-track clusters across U, V, X planes
Selected 274 ES main tracks
Loading ED model from: /eos/home-e/evilla/dune/sn-tps/neural_networks/electron_direction/three_plane_three_plane_v58_200k_lr_schedule_20251118_110931/checkpoints/model_epoch_12_val_loss_0.8898.keras
Running ED inference...
After energy cut: 274 clusters
Running emcee: 64 walkers × 2000 steps...
Acceptance fraction: 12.3%
Mean direction: θ=150.23°, φ=110.72°
Uncertainties: Δθ=36.24°, Δφ=16.91°
68% credible angle: 40.23°

Angular error: 26.24°

======================================================================
SCENARIO (EMCEE): FULL_PIPELINE
======================================================================

Loaded 3689 matched main-track clusters across U, V, X planes
Using all 3689 main-track clusters
Loading CT model from: /eos/user/e/evilla/dune/sn-tps/neural_networks/charge_topology/best_model.keras

✗ full_pipeline failed: File not found: filepath=/eos/user/e/evilla/dune/sn-tps/neural_networks/charge_topology/best_model.keras. Please ensure the file is an accessible `.keras` zip file.

======================================================================
SCENARIO (EMCEE): WEIGHTED_CT
======================================================================

Loaded 3689 matched main-track clusters across U, V, X planes
Using all 3689 main-track clusters
Loading CT model from: /eos/user/e/evilla/dune/sn-tps/neural_networks/charge_topology/best_model.keras

✗ weighted_ct failed: File not found: filepath=/eos/user/e/evilla/dune/sn-tps/neural_networks/charge_topology/best_model.keras. Please ensure the file is an accessible `.keras` zip file.

======================================================================
SCENARIO (EMCEE): PERFECT_CT_E_GT_10MEV
======================================================================

Loaded 3689 matched main-track clusters across U, V, X planes
Selected 274 ES main tracks
Loading ED model from: /eos/home-e/evilla/dune/sn-tps/neural_networks/electron_direction/three_plane_three_plane_v58_200k_lr_schedule_20251118_110931/checkpoints/model_epoch_12_val_loss_0.8898.keras
Running ED inference...
Applying E > 10 MeV cut
After energy cut: 154 clusters
Running emcee: 64 walkers × 2000 steps...
Acceptance fraction: 11.1%
Mean direction: θ=159.07°, φ=108.49°
Uncertainties: Δθ=39.53°, Δφ=14.65°
68% credible angle: 42.76°

Angular error: 34.22°

======================================================================
SCENARIO (EMCEE): PERFECT_CT_E_GT_20MEV
======================================================================

Loaded 3689 matched main-track clusters across U, V, X planes
Selected 274 ES main tracks
Loading ED model from: /eos/home-e/evilla/dune/sn-tps/neural_networks/electron_direction/three_plane_three_plane_v58_200k_lr_schedule_20251118_110931/checkpoints/model_epoch_12_val_loss_0.8898.keras
Running ED inference...
Applying E > 20 MeV cut
After energy cut: 34 clusters
Running emcee: 64 walkers × 2000 steps...
Acceptance fraction: 15.3%
Mean direction: θ=147.66°, φ=107.15°
Uncertainties: Δθ=39.42°, Δφ=15.63°
68% credible angle: 37.23°

Angular error: 23.29°

✓ Saved: /eos/project-e/ep-nu/evilla/sn-pointing/cat000032/pipeline/cat000032_scenario_best_case_emcee.npz

✓ Saved: /eos/project-e/ep-nu/evilla/sn-pointing/cat000032/pipeline/cat000032_scenario_perfect_ct_emcee.npz

✓ Saved: /eos/project-e/ep-nu/evilla/sn-pointing/cat000032/pipeline/cat000032_scenario_perfect_ct_e_gt_10mev_emcee.npz

✓ Saved: /eos/project-e/ep-nu/evilla/sn-pointing/cat000032/pipeline/cat000032_scenario_perfect_ct_e_gt_20mev_emcee.npz
✓ cat000032 completed successfully
