Processing cat000588 with 6 scenarios...
Cat directory: /eos/project-e/ep-nu/evilla/sn-pointing/cat000588
======================================================================
EMCEE RECONSTRUCTION FOR cat000588
======================================================================

Loading PDF from: /eos/home-e/evilla/dune/sn-tps/neural_networks/electron_direction/three_plane_three_plane_v58_200k_lr_schedule_20251118_110931/cosine_energy_pdf.npz
PDF loaded

======================================================================
SCENARIO (EMCEE): BEST_CASE
======================================================================

Loaded 1940 matched main-track clusters across U, V, X planes
Selected 229 ES main tracks
After E > 3 MeV cut: 229 clusters
Running emcee: 64 walkers × 2000 steps...
Acceptance fraction: 7.5%
Mean direction: θ=167.55°, φ=101.32°
Uncertainties: Δθ=31.78°, Δφ=17.92°
68% credible angle: 24.73°

Angular error: 7.21°

======================================================================
SCENARIO (EMCEE): PERFECT_CT
======================================================================

Loaded 1940 matched main-track clusters across U, V, X planes
Selected 229 ES main tracks
Loading ED model from: /eos/home-e/evilla/dune/sn-tps/neural_networks/electron_direction/three_plane_three_plane_v58_200k_lr_schedule_20251118_110931/checkpoints/model_epoch_12_val_loss_0.8898.keras
Running ED inference...
After energy cut: 229 clusters
Running emcee: 64 walkers × 2000 steps...
Acceptance fraction: 14.5%
Mean direction: θ=179.04°, φ=109.76°
Uncertainties: Δθ=25.78°, Δφ=13.55°
68% credible angle: 24.99°

Angular error: 8.42°

======================================================================
SCENARIO (EMCEE): FULL_PIPELINE
======================================================================

Loaded 1940 matched main-track clusters across U, V, X planes
Using all 1940 main-track clusters
Loading CT model from: /eos/user/e/evilla/dune/sn-tps/neural_networks/channel_tagging/ct_volume_v52_batch_reload_20251116_101125/best_model.keras
Running CT inference...
CT selected 1763 ES candidates from 1940 clusters
  ES prob range: [0.000, 1.000]
Loading ED model from: /eos/home-e/evilla/dune/sn-tps/neural_networks/electron_direction/three_plane_three_plane_v58_200k_lr_schedule_20251118_110931/checkpoints/model_epoch_12_val_loss_0.8898.keras
Running ED inference on 1763 clusters...
After E > 3 MeV cut: 1755 clusters
Running emcee: 64 walkers × 2000 steps...
Acceptance fraction: 4.7%
Mean direction: θ=-163.91°, φ=104.00°
Uncertainties: Δθ=56.15°, Δφ=33.13°
68% credible angle: 50.80°

Angular error: 25.06°

======================================================================
SCENARIO (EMCEE): WEIGHTED_CT
======================================================================

Loaded 1940 matched main-track clusters across U, V, X planes
Using all 1940 main-track clusters
Loading CT model from: /eos/user/e/evilla/dune/sn-tps/neural_networks/channel_tagging/ct_volume_v52_batch_reload_20251116_101125/best_model.keras
Running CT inference...
CT selected 1763 ES candidates from 1940 clusters
  ES prob range: [0.000, 1.000]
Loading ED model from: /eos/home-e/evilla/dune/sn-tps/neural_networks/electron_direction/three_plane_three_plane_v58_200k_lr_schedule_20251118_110931/checkpoints/model_epoch_12_val_loss_0.8898.keras
Running ED inference on 1763 clusters...
Using CT weights (ES probabilities)
After E > 3 MeV cut: 1755 clusters
Running weighted MCMC with 1755 weights
Running emcee: 64 walkers × 2000 steps...
Acceptance fraction: 4.3%
Mean direction: θ=171.45°, φ=105.63°
Uncertainties: Δθ=44.32°, Δφ=27.41°
68% credible angle: 40.52°

Angular error: 2.61°

======================================================================
SCENARIO (EMCEE): PERFECT_CT_E_GT_10MEV
======================================================================

Loaded 1940 matched main-track clusters across U, V, X planes
Selected 229 ES main tracks
Loading ED model from: /eos/home-e/evilla/dune/sn-tps/neural_networks/electron_direction/three_plane_three_plane_v58_200k_lr_schedule_20251118_110931/checkpoints/model_epoch_12_val_loss_0.8898.keras
Running ED inference...
Applying E > 10 MeV cut
After energy cut: 123 clusters
Running emcee: 64 walkers × 2000 steps...
Acceptance fraction: 20.7%
Mean direction: θ=-178.39°, φ=107.05°
Uncertainties: Δθ=26.73°, Δφ=15.30°
68% credible angle: 23.70°

Angular error: 10.80°

======================================================================
SCENARIO (EMCEE): PERFECT_CT_E_GT_20MEV
======================================================================

Loaded 1940 matched main-track clusters across U, V, X planes
Selected 229 ES main tracks
Loading ED model from: /eos/home-e/evilla/dune/sn-tps/neural_networks/electron_direction/three_plane_three_plane_v58_200k_lr_schedule_20251118_110931/checkpoints/model_epoch_12_val_loss_0.8898.keras
Running ED inference...
Applying E > 20 MeV cut
After energy cut: 28 clusters
Running emcee: 64 walkers × 2000 steps...
Acceptance fraction: 16.5%
Mean direction: θ=-174.83°, φ=97.71°
Uncertainties: Δθ=45.71°, Δφ=19.23°
68% credible angle: 26.70°

Angular error: 17.74°

✓ Saved: /eos/project-e/ep-nu/evilla/sn-pointing/cat000588/pipeline/cat000588_scenario_best_case_emcee.npz

✓ Saved: /eos/project-e/ep-nu/evilla/sn-pointing/cat000588/pipeline/cat000588_scenario_perfect_ct_emcee.npz

✓ Saved: /eos/project-e/ep-nu/evilla/sn-pointing/cat000588/pipeline/cat000588_scenario_full_pipeline_emcee.npz

✓ Saved: /eos/project-e/ep-nu/evilla/sn-pointing/cat000588/pipeline/cat000588_scenario_weighted_ct_emcee.npz

✓ Saved: /eos/project-e/ep-nu/evilla/sn-pointing/cat000588/pipeline/cat000588_scenario_perfect_ct_e_gt_10mev_emcee.npz

✓ Saved: /eos/project-e/ep-nu/evilla/sn-pointing/cat000588/pipeline/cat000588_scenario_perfect_ct_e_gt_20mev_emcee.npz
✓ cat000588 completed successfully
