000 (6420432.069.000) 11/20 17:10:12 Job submitted from host: <188.185.125.71:9618?addrs=188.185.125.71-9618+[2001-1458-d00-4a--100-15e]-9618&alias=bigbird28.cern.ch&noUDP&sock=schedd_2239_58a3>
...
040 (6420432.069.000) 11/20 19:11:53 Started transferring input files
	Transferring to host: <188.184.195.125:9618?addrs=188.184.195.125-9618+[2001-1458-301-72--100-46]-9618&alias=b9g47n4484.cern.ch&noUDP&sock=slot1_1_1118192_2b98_571>
...
040 (6420432.069.000) 11/20 19:11:53 Finished transferring input files
...
001 (6420432.069.000) 11/20 19:11:54 Job executing on host: <188.184.195.125:9618?addrs=188.184.195.125-9618+[2001-1458-301-72--100-46]-9618&alias=b9g47n4484.cern.ch&noUDP&sock=startd_18735_3aec>
	SlotName: slot1_1@b9g47n4484.cern.ch
	AvailableGPUs = { GPUs_GPU_af018eac }
	CondorScratchDir = "/pool/condor/dir_1251733"
	Cpus = 11
	Disk = 8389632
	GPUs = 1
	GPUs_GPU_af018eac = [ Id = "GPU-af018eac"; ClockMhz = 1590.0; Capability = 7.5; CoresPerCU = 64; DeviceName = "Tesla T4"; DeviceUuid = "af018eac-0217-6a0c-1f02-a7671647c0bf"; ECCEnabled = true; ComputeUnits = 40; DriverVersion = 13.0; DevicePciBusId = "0000:07:00.0"; GlobalMemoryMb = 14913; MaxSupportedVersion = 13000 ]
	Memory = 33000
...
006 (6420432.069.000) 11/20 19:12:08 Image size of job updated: 323840
	317  -  MemoryUsage of job (MB)
	323840  -  ResidentSetSize of job (KB)
...
006 (6420432.069.000) 11/20 19:17:09 Image size of job updated: 1760972
	570  -  MemoryUsage of job (MB)
	583044  -  ResidentSetSize of job (KB)
...
006 (6420432.069.000) 11/20 19:22:10 Image size of job updated: 1760972
	580  -  MemoryUsage of job (MB)
	593172  -  ResidentSetSize of job (KB)
...
040 (6420432.069.000) 11/20 19:26:07 Started transferring output files
...
040 (6420432.069.000) 11/20 19:26:08 Finished transferring output files
...
005 (6420432.069.000) 11/20 19:26:08 Job terminated.
	(1) Normal termination (return value 0)
		Usr 0 00:24:58, Sys 0 00:01:13  -  Run Remote Usage
		Usr 0 00:00:00, Sys 0 00:00:00  -  Run Local Usage
		Usr 0 00:24:58, Sys 0 00:01:13  -  Total Remote Usage
		Usr 0 00:00:00, Sys 0 00:00:00  -  Total Local Usage
	32465  -  Run Bytes Sent By Job
	1412394  -  Run Bytes Received By Job
	32465  -  Total Bytes Sent By Job
	1412394  -  Total Bytes Received By Job
	Partitionable Resources :    Usage  Request Allocated Assigned
	   Cpus                 :     0.99       11        11 
	   Disk (KB)            :  1437     8388608   8389632 
	   GPUs                 :     0           1         1 "GPU-af018eac"
	   GpusMemory (MB)      :   451                       
	   Memory (MB)          :   580       33000     33000 
	   TimeExecute (s)      :   853                       
	   TimeSlotBusy (s)     :   855                       

	Job terminated of its own accord at 2025-11-20T18:26:07Z with exit-code 0.
...
