==================================================================
Processing cat000310 with EMCEE - ALL SCENARIOS
==================================================================
======================================================================
EMCEE RECONSTRUCTION FOR cat000310
======================================================================

Loading PDF from: /eos/home-e/evilla/dune/sn-tps/neural_networks/electron_direction/three_plane_three_plane_v58_200k_lr_schedule_20251118_110931/cosine_energy_pdf.npz
PDF loaded

======================================================================
SCENARIO (EMCEE): PERFECT_CT
======================================================================

Loaded 3793 matched clusters across U, V, X planes
Selected clusters: 295
Running emcee: 64 walkers × 2000 steps...
Acceptance fraction: 6.9%
Mean direction: θ=138.72°, φ=97.77°
Uncertainties: Δθ=40.10°, Δφ=16.54°
68% credible angle: 44.78°

Angular error: 19.14°

======================================================================
SCENARIO (EMCEE): ES_MAIN_CC_SHOWER
======================================================================

Loaded 3793 matched clusters across U, V, X planes
Selected clusters: 295
Running emcee: 64 walkers × 2000 steps...
Acceptance fraction: 7.3%
Mean direction: θ=156.14°, φ=104.21°
Uncertainties: Δθ=38.50°, Δφ=17.94°
68% credible angle: 41.38°

Angular error: 36.13°

======================================================================
SCENARIO (EMCEE): ES_MAIN_CC_ALL
======================================================================

Loaded 3793 matched clusters across U, V, X planes
Selected clusters: 295
Running emcee: 64 walkers × 2000 steps...
Acceptance fraction: 6.2%
Mean direction: θ=147.37°, φ=98.96°
Uncertainties: Δθ=35.34°, Δφ=18.77°
68% credible angle: 43.61°

Angular error: 27.55°

======================================================================
SCENARIO (EMCEE): ES_ALL_CC_SHOWER
======================================================================

Loaded 3793 matched clusters across U, V, X planes
Selected clusters: 295
Running emcee: 64 walkers × 2000 steps...
Acceptance fraction: 6.6%
Mean direction: θ=149.29°, φ=101.89°
Uncertainties: Δθ=43.19°, Δφ=19.07°
68% credible angle: 42.94°

Angular error: 29.37°

======================================================================
SCENARIO (EMCEE): ES_ALL_CC_ALL
======================================================================

Loaded 3793 matched clusters across U, V, X planes
Selected clusters: 295
Running emcee: 64 walkers × 2000 steps...
Acceptance fraction: 7.3%
Mean direction: θ=153.90°, φ=104.77°
Uncertainties: Δθ=39.34°, Δφ=19.28°
68% credible angle: 43.95°

Angular error: 34.00°

======================================================================
SCENARIO (EMCEE): ALL_TRACKS_ALL_SHOWERS
======================================================================

Loaded 3793 matched clusters across U, V, X planes
Selected clusters: 3793
Running emcee: 64 walkers × 2000 steps...
Acceptance fraction: 3.3%
Mean direction: θ=-173.20°, φ=105.02°
Uncertainties: Δθ=62.93°, Δφ=27.89°
68% credible angle: 57.44°

Angular error: 65.77°

✓ Saved: /eos/project-e/ep-nu/evilla/sn-pointing/cat000310/pipeline/cat000310_scenario_perfect_ct_emcee.npz

✓ Saved: /eos/project-e/ep-nu/evilla/sn-pointing/cat000310/pipeline/cat000310_scenario_es_main_cc_shower_emcee.npz

✓ Saved: /eos/project-e/ep-nu/evilla/sn-pointing/cat000310/pipeline/cat000310_scenario_es_main_cc_all_emcee.npz

✓ Saved: /eos/project-e/ep-nu/evilla/sn-pointing/cat000310/pipeline/cat000310_scenario_es_all_cc_shower_emcee.npz

✓ Saved: /eos/project-e/ep-nu/evilla/sn-pointing/cat000310/pipeline/cat000310_scenario_es_all_cc_all_emcee.npz

✓ Saved: /eos/project-e/ep-nu/evilla/sn-pointing/cat000310/pipeline/cat000310_scenario_all_tracks_all_showers_emcee.npz
✓ cat000310 completed successfully
