==================================================================
Processing cat000555 with EMCEE - ALL SCENARIOS
==================================================================
======================================================================
EMCEE RECONSTRUCTION FOR cat000555
======================================================================

Loading PDF from: /eos/home-e/evilla/dune/sn-tps/neural_networks/electron_direction/three_plane_three_plane_v58_200k_lr_schedule_20251118_110931/cosine_energy_pdf.npz
PDF loaded

======================================================================
SCENARIO (EMCEE): PERFECT_CT
======================================================================

Loaded 3611 matched clusters across U, V, X planes
Selected clusters: 274
Running emcee: 64 walkers × 2000 steps...
Acceptance fraction: 16.8%
Mean direction: θ=37.71°, φ=112.23°
Uncertainties: Δθ=22.61°, Δφ=17.36°
68% credible angle: 29.00°

Angular error: 11.52°

======================================================================
SCENARIO (EMCEE): ES_MAIN_CC_SHOWER
======================================================================

Loaded 3611 matched clusters across U, V, X planes
Selected clusters: 274
Running emcee: 64 walkers × 2000 steps...
Acceptance fraction: 11.6%
Mean direction: θ=37.72°, φ=114.27°
Uncertainties: Δθ=23.43°, Δφ=17.66°
68% credible angle: 30.01°

Angular error: 10.59°

======================================================================
SCENARIO (EMCEE): ES_MAIN_CC_ALL
======================================================================

Loaded 3611 matched clusters across U, V, X planes
Selected clusters: 274
Running emcee: 64 walkers × 2000 steps...
Acceptance fraction: 13.2%
Mean direction: θ=34.61°, φ=115.04°
Uncertainties: Δθ=22.87°, Δφ=18.86°
68% credible angle: 32.97°

Angular error: 13.02°

======================================================================
SCENARIO (EMCEE): ES_ALL_CC_SHOWER
======================================================================

Loaded 3611 matched clusters across U, V, X planes
Selected clusters: 274
Running emcee: 64 walkers × 2000 steps...
Acceptance fraction: 17.5%
Mean direction: θ=32.39°, φ=109.33°
Uncertainties: Δθ=19.01°, Δφ=15.99°
68% credible angle: 11.18°

Angular error: 17.27°

======================================================================
SCENARIO (EMCEE): ES_ALL_CC_ALL
======================================================================

Loaded 3611 matched clusters across U, V, X planes
Selected clusters: 274
Running emcee: 64 walkers × 2000 steps...
Acceptance fraction: 12.0%
Mean direction: θ=29.00°, φ=115.92°
Uncertainties: Δθ=22.99°, Δφ=19.08°
68% credible angle: 34.93°

Angular error: 17.77°

======================================================================
SCENARIO (EMCEE): ALL_TRACKS_ALL_SHOWERS
======================================================================

Loaded 3611 matched clusters across U, V, X planes
Selected clusters: 3611
Running emcee: 64 walkers × 2000 steps...
Acceptance fraction: 4.6%
Mean direction: θ=-19.04°, φ=104.83°
Uncertainties: Δθ=75.15°, Δφ=27.56°
68% credible angle: 78.33°

Angular error: 63.80°

✓ Saved: /eos/project-e/ep-nu/evilla/sn-pointing/cat000555/pipeline/cat000555_scenario_perfect_ct_emcee.npz

✓ Saved: /eos/project-e/ep-nu/evilla/sn-pointing/cat000555/pipeline/cat000555_scenario_es_main_cc_shower_emcee.npz

✓ Saved: /eos/project-e/ep-nu/evilla/sn-pointing/cat000555/pipeline/cat000555_scenario_es_main_cc_all_emcee.npz

✓ Saved: /eos/project-e/ep-nu/evilla/sn-pointing/cat000555/pipeline/cat000555_scenario_es_all_cc_shower_emcee.npz

✓ Saved: /eos/project-e/ep-nu/evilla/sn-pointing/cat000555/pipeline/cat000555_scenario_es_all_cc_all_emcee.npz

✓ Saved: /eos/project-e/ep-nu/evilla/sn-pointing/cat000555/pipeline/cat000555_scenario_all_tracks_all_showers_emcee.npz
✓ cat000555 completed successfully
