Processing cat000540 with 6 scenarios...
Cat directory: /eos/project-e/ep-nu/evilla/sn-pointing/cat000540
======================================================================
EMCEE RECONSTRUCTION FOR cat000540
======================================================================

Loading PDF from: /eos/home-e/evilla/dune/sn-tps/neural_networks/electron_direction/three_plane_three_plane_v58_200k_lr_schedule_20251118_110931/cosine_energy_pdf.npz
PDF loaded

======================================================================
SCENARIO (EMCEE): BEST_CASE
======================================================================

Loaded 3383 matched main-track clusters across U, V, X planes
Selected 205 ES main tracks
After E > 3 MeV cut: 205 clusters
Running emcee: 64 walkers × 2000 steps...
Acceptance fraction: 10.2%
Mean direction: θ=73.15°, φ=131.41°
Uncertainties: Δθ=54.10°, Δφ=47.26°
68% credible angle: 40.47°

Angular error: 17.85°

======================================================================
SCENARIO (EMCEE): PERFECT_CT
======================================================================

Loaded 3383 matched main-track clusters across U, V, X planes
Selected 205 ES main tracks
Loading ED model from: /eos/home-e/evilla/dune/sn-tps/neural_networks/electron_direction/three_plane_three_plane_v58_200k_lr_schedule_20251118_110931/checkpoints/model_epoch_12_val_loss_0.8898.keras
Running ED inference...
After energy cut: 205 clusters
Running emcee: 64 walkers × 2000 steps...
Acceptance fraction: 14.1%
Mean direction: θ=84.40°, φ=145.91°
Uncertainties: Δθ=46.64°, Δφ=11.53°
68% credible angle: 22.77°

Angular error: 4.64°

======================================================================
SCENARIO (EMCEE): FULL_PIPELINE
======================================================================

Loaded 3383 matched main-track clusters across U, V, X planes
Using all 3383 main-track clusters
Loading CT model from: /eos/user/e/evilla/dune/sn-tps/neural_networks/channel_tagging/ct_volume_v52_batch_reload_20251116_101125/best_model.keras
Running CT inference...
CT selected 3062 ES candidates from 3383 clusters
  ES prob range: [0.000, 1.000]
Loading ED model from: /eos/home-e/evilla/dune/sn-tps/neural_networks/electron_direction/three_plane_three_plane_v58_200k_lr_schedule_20251118_110931/checkpoints/model_epoch_12_val_loss_0.8898.keras
Running ED inference on 3062 clusters...
After E > 3 MeV cut: 3042 clusters
Running emcee: 64 walkers × 2000 steps...
Acceptance fraction: 6.6%
Mean direction: θ=-164.97°, φ=115.63°
Uncertainties: Δθ=79.44°, Δφ=42.73°
68% credible angle: 67.00°

Angular error: 80.82°

======================================================================
SCENARIO (EMCEE): WEIGHTED_CT
======================================================================

Loaded 3383 matched main-track clusters across U, V, X planes
Using all 3383 main-track clusters
Loading CT model from: /eos/user/e/evilla/dune/sn-tps/neural_networks/channel_tagging/ct_volume_v52_batch_reload_20251116_101125/best_model.keras
Running CT inference...
CT selected 3062 ES candidates from 3383 clusters
  ES prob range: [0.000, 1.000]
Loading ED model from: /eos/home-e/evilla/dune/sn-tps/neural_networks/electron_direction/three_plane_three_plane_v58_200k_lr_schedule_20251118_110931/checkpoints/model_epoch_12_val_loss_0.8898.keras
Running ED inference on 3062 clusters...
Using CT weights (ES probabilities)
After E > 3 MeV cut: 3042 clusters
Running weighted MCMC with 3042 weights
Running emcee: 64 walkers × 2000 steps...
Acceptance fraction: 6.7%
Mean direction: θ=-162.07°, φ=112.56°
Uncertainties: Δθ=79.38°, Δφ=41.33°
68% credible angle: 71.01°

Angular error: 84.76°

======================================================================
SCENARIO (EMCEE): PERFECT_CT_E_GT_10MEV
======================================================================

Loaded 3383 matched main-track clusters across U, V, X planes
Selected 205 ES main tracks
Loading ED model from: /eos/home-e/evilla/dune/sn-tps/neural_networks/electron_direction/three_plane_three_plane_v58_200k_lr_schedule_20251118_110931/checkpoints/model_epoch_12_val_loss_0.8898.keras
Running ED inference...
Applying E > 10 MeV cut
After energy cut: 111 clusters
Running emcee: 64 walkers × 2000 steps...
Acceptance fraction: 13.0%
Mean direction: θ=54.75°, φ=143.14°
Uncertainties: Δθ=47.23°, Δφ=22.13°
68% credible angle: 31.79°

Angular error: 14.13°

======================================================================
SCENARIO (EMCEE): PERFECT_CT_E_GT_20MEV
======================================================================

Loaded 3383 matched main-track clusters across U, V, X planes
Selected 205 ES main tracks
Loading ED model from: /eos/home-e/evilla/dune/sn-tps/neural_networks/electron_direction/three_plane_three_plane_v58_200k_lr_schedule_20251118_110931/checkpoints/model_epoch_12_val_loss_0.8898.keras
Running ED inference...
Applying E > 20 MeV cut
After energy cut: 25 clusters
Running emcee: 64 walkers × 2000 steps...
Acceptance fraction: 19.7%
Mean direction: θ=77.49°, φ=138.72°
Uncertainties: Δθ=57.18°, Δφ=45.69°
68% credible angle: 27.05°

Angular error: 10.29°

✓ Saved: /eos/project-e/ep-nu/evilla/sn-pointing/cat000540/pipeline/cat000540_scenario_best_case_emcee.npz

✓ Saved: /eos/project-e/ep-nu/evilla/sn-pointing/cat000540/pipeline/cat000540_scenario_perfect_ct_emcee.npz

✓ Saved: /eos/project-e/ep-nu/evilla/sn-pointing/cat000540/pipeline/cat000540_scenario_full_pipeline_emcee.npz

✓ Saved: /eos/project-e/ep-nu/evilla/sn-pointing/cat000540/pipeline/cat000540_scenario_weighted_ct_emcee.npz

✓ Saved: /eos/project-e/ep-nu/evilla/sn-pointing/cat000540/pipeline/cat000540_scenario_perfect_ct_e_gt_10mev_emcee.npz

✓ Saved: /eos/project-e/ep-nu/evilla/sn-pointing/cat000540/pipeline/cat000540_scenario_perfect_ct_e_gt_20mev_emcee.npz
✓ cat000540 completed successfully
