000 (13791725.435.000) 11/20 10:34:58 Job submitted from host: <188.184.90.62:9618?addrs=188.184.90.62-9618+[2001-1458-201-e4--100-238]-9618&alias=bigbird16.cern.ch&noUDP&sock=schedd_5196_9a2f>
...
040 (13791725.435.000) 11/20 11:30:29 Started transferring input files
	Transferring to host: <188.185.92.254:9618?addrs=188.185.92.254-9618+[2001-1458-d00-6c--100-8f]-9618&alias=b9g57n6544.cern.ch&noUDP&sock=slot1_3_21219_7478_9929>
...
040 (13791725.435.000) 11/20 11:30:29 Finished transferring input files
...
001 (13791725.435.000) 11/20 11:30:30 Job executing on host: <188.185.92.254:9618?addrs=188.185.92.254-9618+[2001-1458-d00-6c--100-8f]-9618&alias=b9g57n6544.cern.ch&noUDP&sock=startd_20748_fb11>
	SlotName: slot1_3@b9g57n6544.cern.ch
	AvailableGPUs = { GPUs_GPU_3476cdbf }
	CondorScratchDir = "/pool/condor/dir_3126369"
	Cpus = 11
	Disk = 4195701
	GPUs = 1
	GPUs_GPU_3476cdbf = [ Id = "GPU-3476cdbf"; ClockMhz = 1410.0; Capability = 8.0; CoresPerCU = 64; DeviceName = "NVIDIA A100-PCIE-40GB"; DeviceUuid = "3476cdbf-8987-add2-4b1f-d0698e25a142"; ECCEnabled = true; ComputeUnits = 108; DriverVersion = 13.0; DevicePciBusId = "0000:08:00.0"; GlobalMemoryMb = 40441; MaxSupportedVersion = 13000 ]
	Memory = 33000
...
006 (13791725.435.000) 11/20 11:30:44 Image size of job updated: 207620
	203  -  MemoryUsage of job (MB)
	207620  -  ResidentSetSize of job (KB)
...
006 (13791725.435.000) 11/20 11:34:47 Image size of job updated: 4958880
	203  -  MemoryUsage of job (MB)
	207620  -  ResidentSetSize of job (KB)
...
040 (13791725.435.000) 11/20 11:34:48 Started transferring output files
...
040 (13791725.435.000) 11/20 11:34:48 Finished transferring output files
...
005 (13791725.435.000) 11/20 11:34:48 Job terminated.
	(1) Normal termination (return value 0)
		Usr 0 00:10:49, Sys 0 00:02:51  -  Run Remote Usage
		Usr 0 00:00:00, Sys 0 00:00:00  -  Run Local Usage
		Usr 0 00:10:49, Sys 0 00:02:51  -  Total Remote Usage
		Usr 0 00:00:00, Sys 0 00:00:00  -  Total Local Usage
	16748  -  Run Bytes Sent By Job
	1411571  -  Run Bytes Received By Job
	16748  -  Total Bytes Sent By Job
	1411571  -  Total Bytes Received By Job
	Partitionable Resources :    Usage  Request Allocated Assigned
	   Cpus                 :     1.75       11        11 
	   Disk (KB)            :  1421     4194304   4195701 
	   GPUs                 :     0           1         1 "GPU-3476cdbf"
	   GpusMemory (MB)      :   626                       
	   Memory (MB)          :   203       33000     33000 
	   TimeExecute (s)      :   257                       
	   TimeSlotBusy (s)     :   259                       

	Job terminated of its own accord at 2025-11-20T10:34:47Z with exit-code 0.
...
