Processing cat000030 with 6 scenarios...
Cat directory: /eos/project-e/ep-nu/evilla/sn-pointing/cat000030
======================================================================
EMCEE RECONSTRUCTION FOR cat000030
======================================================================

Loading PDF from: /eos/home-e/evilla/dune/sn-tps/neural_networks/electron_direction/three_plane_three_plane_v58_200k_lr_schedule_20251118_110931/cosine_energy_pdf.npz
PDF loaded

======================================================================
SCENARIO (EMCEE): BEST_CASE
======================================================================

Loaded 3813 matched main-track clusters across U, V, X planes
Selected 267 ES main tracks
After E > 3 MeV cut: 267 clusters
Running emcee: 64 walkers × 2000 steps...
Acceptance fraction: 7.8%
Mean direction: θ=173.99°, φ=55.75°
Uncertainties: Δθ=34.79°, Δφ=21.57°
68% credible angle: 31.84°

Angular error: 9.71°

======================================================================
SCENARIO (EMCEE): PERFECT_CT
======================================================================

Loaded 3813 matched main-track clusters across U, V, X planes
Selected 267 ES main tracks
Loading ED model from: /eos/home-e/evilla/dune/sn-tps/neural_networks/electron_direction/three_plane_three_plane_v58_200k_lr_schedule_20251118_110931/checkpoints/model_epoch_12_val_loss_0.8898.keras
Running ED inference...
After energy cut: 267 clusters
Running emcee: 64 walkers × 2000 steps...
Acceptance fraction: 7.1%
Mean direction: θ=-177.56°, φ=62.67°
Uncertainties: Δθ=30.15°, Δφ=24.57°
68% credible angle: 32.51°

Angular error: 11.25°

======================================================================
SCENARIO (EMCEE): FULL_PIPELINE
======================================================================

Loaded 3813 matched main-track clusters across U, V, X planes
Using all 3813 main-track clusters
Loading CT model from: /eos/user/e/evilla/dune/sn-tps/neural_networks/charge_topology/best_model.keras

✗ full_pipeline failed: File not found: filepath=/eos/user/e/evilla/dune/sn-tps/neural_networks/charge_topology/best_model.keras. Please ensure the file is an accessible `.keras` zip file.

======================================================================
SCENARIO (EMCEE): WEIGHTED_CT
======================================================================

Loaded 3813 matched main-track clusters across U, V, X planes
Using all 3813 main-track clusters
Loading CT model from: /eos/user/e/evilla/dune/sn-tps/neural_networks/charge_topology/best_model.keras

✗ weighted_ct failed: File not found: filepath=/eos/user/e/evilla/dune/sn-tps/neural_networks/charge_topology/best_model.keras. Please ensure the file is an accessible `.keras` zip file.

======================================================================
SCENARIO (EMCEE): PERFECT_CT_E_GT_10MEV
======================================================================

Loaded 3813 matched main-track clusters across U, V, X planes
Selected 267 ES main tracks
Loading ED model from: /eos/home-e/evilla/dune/sn-tps/neural_networks/electron_direction/three_plane_three_plane_v58_200k_lr_schedule_20251118_110931/checkpoints/model_epoch_12_val_loss_0.8898.keras
Running ED inference...
Applying E > 10 MeV cut
After energy cut: 145 clusters
Running emcee: 64 walkers × 2000 steps...
Acceptance fraction: 7.1%
Mean direction: θ=-167.86°, φ=61.84°
Uncertainties: Δθ=59.18°, Δφ=29.21°
68% credible angle: 35.04°

Angular error: 11.87°

======================================================================
SCENARIO (EMCEE): PERFECT_CT_E_GT_20MEV
======================================================================

Loaded 3813 matched main-track clusters across U, V, X planes
Selected 267 ES main tracks
Loading ED model from: /eos/home-e/evilla/dune/sn-tps/neural_networks/electron_direction/three_plane_three_plane_v58_200k_lr_schedule_20251118_110931/checkpoints/model_epoch_12_val_loss_0.8898.keras
Running ED inference...
Applying E > 20 MeV cut
After energy cut: 30 clusters
Running emcee: 64 walkers × 2000 steps...
Acceptance fraction: 14.1%
Mean direction: θ=-143.43°, φ=76.74°
Uncertainties: Δθ=114.41°, Δφ=34.14°
68% credible angle: 130.36°

Angular error: 37.64°

✓ Saved: /eos/project-e/ep-nu/evilla/sn-pointing/cat000030/pipeline/cat000030_scenario_best_case_emcee.npz

✓ Saved: /eos/project-e/ep-nu/evilla/sn-pointing/cat000030/pipeline/cat000030_scenario_perfect_ct_emcee.npz

✓ Saved: /eos/project-e/ep-nu/evilla/sn-pointing/cat000030/pipeline/cat000030_scenario_perfect_ct_e_gt_10mev_emcee.npz

✓ Saved: /eos/project-e/ep-nu/evilla/sn-pointing/cat000030/pipeline/cat000030_scenario_perfect_ct_e_gt_20mev_emcee.npz
✓ cat000030 completed successfully
