Processing cat000232 with 6 scenarios...
Cat directory: /eos/project-e/ep-nu/evilla/sn-pointing/cat000232
======================================================================
EMCEE RECONSTRUCTION FOR cat000232
======================================================================

Loading PDF from: /eos/home-e/evilla/dune/sn-tps/neural_networks/electron_direction/three_plane_three_plane_v58_200k_lr_schedule_20251118_110931/cosine_energy_pdf.npz
PDF loaded

======================================================================
SCENARIO (EMCEE): BEST_CASE
======================================================================

Loaded 3789 matched main-track clusters across U, V, X planes
Selected 250 ES main tracks
After E > 3 MeV cut: 250 clusters
Running emcee: 64 walkers × 2000 steps...
Acceptance fraction: 11.8%
Mean direction: θ=152.67°, φ=95.54°
Uncertainties: Δθ=26.39°, Δφ=14.16°
68% credible angle: 33.16°

Angular error: 7.48°

======================================================================
SCENARIO (EMCEE): PERFECT_CT
======================================================================

Loaded 3789 matched main-track clusters across U, V, X planes
Selected 250 ES main tracks
Loading ED model from: /eos/home-e/evilla/dune/sn-tps/neural_networks/electron_direction/three_plane_three_plane_v58_200k_lr_schedule_20251118_110931/checkpoints/model_epoch_12_val_loss_0.8898.keras
Running ED inference...
After energy cut: 250 clusters
Running emcee: 64 walkers × 2000 steps...
Acceptance fraction: 8.3%
Mean direction: θ=172.31°, φ=98.36°
Uncertainties: Δθ=21.86°, Δφ=14.79°
68% credible angle: 32.04°

Angular error: 27.10°

======================================================================
SCENARIO (EMCEE): FULL_PIPELINE
======================================================================

Loaded 3789 matched main-track clusters across U, V, X planes
Using all 3789 main-track clusters
Loading CT model from: /eos/user/e/evilla/dune/sn-tps/neural_networks/channel_tagging/ct_volume_v52_batch_reload_20251116_101125/best_model.keras
Running CT inference...
CT selected 3420 ES candidates from 3789 clusters
  ES prob range: [0.000, 1.000]
Loading ED model from: /eos/home-e/evilla/dune/sn-tps/neural_networks/electron_direction/three_plane_three_plane_v58_200k_lr_schedule_20251118_110931/checkpoints/model_epoch_12_val_loss_0.8898.keras
Running ED inference on 3420 clusters...
After E > 3 MeV cut: 3398 clusters
Running emcee: 64 walkers × 2000 steps...
Acceptance fraction: 5.6%
Mean direction: θ=178.59°, φ=100.86°
Uncertainties: Δθ=64.50°, Δφ=25.54°
68% credible angle: 61.63°

Angular error: 33.64°

======================================================================
SCENARIO (EMCEE): WEIGHTED_CT
======================================================================

Loaded 3789 matched main-track clusters across U, V, X planes
Using all 3789 main-track clusters
Loading CT model from: /eos/user/e/evilla/dune/sn-tps/neural_networks/channel_tagging/ct_volume_v52_batch_reload_20251116_101125/best_model.keras
Running CT inference...
CT selected 3420 ES candidates from 3789 clusters
  ES prob range: [0.000, 1.000]
Loading ED model from: /eos/home-e/evilla/dune/sn-tps/neural_networks/electron_direction/three_plane_three_plane_v58_200k_lr_schedule_20251118_110931/checkpoints/model_epoch_12_val_loss_0.8898.keras
Running ED inference on 3420 clusters...
Using CT weights (ES probabilities)
After E > 3 MeV cut: 3398 clusters
Running weighted MCMC with 3398 weights
Running emcee: 64 walkers × 2000 steps...
Acceptance fraction: 4.3%
Mean direction: θ=-177.53°, φ=95.02°
Uncertainties: Δθ=68.54°, Δφ=32.48°
68% credible angle: 60.29°

Angular error: 36.85°

======================================================================
SCENARIO (EMCEE): PERFECT_CT_E_GT_10MEV
======================================================================

Loaded 3789 matched main-track clusters across U, V, X planes
Selected 250 ES main tracks
Loading ED model from: /eos/home-e/evilla/dune/sn-tps/neural_networks/electron_direction/three_plane_three_plane_v58_200k_lr_schedule_20251118_110931/checkpoints/model_epoch_12_val_loss_0.8898.keras
Running ED inference...
Applying E > 10 MeV cut
After energy cut: 113 clusters
Running emcee: 64 walkers × 2000 steps...
Acceptance fraction: 11.4%
Mean direction: θ=162.10°, φ=104.21°
Uncertainties: Δθ=23.56°, Δφ=13.80°
68% credible angle: 28.44°

Angular error: 19.74°

======================================================================
SCENARIO (EMCEE): PERFECT_CT_E_GT_20MEV
======================================================================

Loaded 3789 matched main-track clusters across U, V, X planes
Selected 250 ES main tracks
Loading ED model from: /eos/home-e/evilla/dune/sn-tps/neural_networks/electron_direction/three_plane_three_plane_v58_200k_lr_schedule_20251118_110931/checkpoints/model_epoch_12_val_loss_0.8898.keras
Running ED inference...
Applying E > 20 MeV cut
After energy cut: 22 clusters
Running emcee: 64 walkers × 2000 steps...
Acceptance fraction: 24.2%
Mean direction: θ=179.08°, φ=102.48°
Uncertainties: Δθ=11.46°, Δφ=7.06°
68% credible angle: 13.84°

Angular error: 34.44°

✓ Saved: /eos/project-e/ep-nu/evilla/sn-pointing/cat000232/pipeline/cat000232_scenario_best_case_emcee.npz

✓ Saved: /eos/project-e/ep-nu/evilla/sn-pointing/cat000232/pipeline/cat000232_scenario_perfect_ct_emcee.npz

✓ Saved: /eos/project-e/ep-nu/evilla/sn-pointing/cat000232/pipeline/cat000232_scenario_full_pipeline_emcee.npz

✓ Saved: /eos/project-e/ep-nu/evilla/sn-pointing/cat000232/pipeline/cat000232_scenario_weighted_ct_emcee.npz

✓ Saved: /eos/project-e/ep-nu/evilla/sn-pointing/cat000232/pipeline/cat000232_scenario_perfect_ct_e_gt_10mev_emcee.npz

✓ Saved: /eos/project-e/ep-nu/evilla/sn-pointing/cat000232/pipeline/cat000232_scenario_perfect_ct_e_gt_20mev_emcee.npz
✓ cat000232 completed successfully
