Processing cat000559 with 6 scenarios...
Cat directory: /eos/project-e/ep-nu/evilla/sn-pointing/cat000559
======================================================================
EMCEE RECONSTRUCTION FOR cat000559
======================================================================

Loading PDF from: /eos/home-e/evilla/dune/sn-tps/neural_networks/electron_direction/three_plane_three_plane_v58_200k_lr_schedule_20251118_110931/cosine_energy_pdf.npz
PDF loaded

======================================================================
SCENARIO (EMCEE): BEST_CASE
======================================================================

Loaded 3248 matched main-track clusters across U, V, X planes
Selected 281 ES main tracks
After E > 3 MeV cut: 281 clusters
Running emcee: 64 walkers × 2000 steps...
Acceptance fraction: 7.8%
Mean direction: θ=104.36°, φ=76.70°
Uncertainties: Δθ=37.46°, Δφ=22.89°
68% credible angle: 30.06°

Angular error: 6.83°

======================================================================
SCENARIO (EMCEE): PERFECT_CT
======================================================================

Loaded 3248 matched main-track clusters across U, V, X planes
Selected 281 ES main tracks
Loading ED model from: /eos/home-e/evilla/dune/sn-tps/neural_networks/electron_direction/three_plane_three_plane_v58_200k_lr_schedule_20251118_110931/checkpoints/model_epoch_12_val_loss_0.8898.keras
Running ED inference...
After energy cut: 281 clusters
Running emcee: 64 walkers × 2000 steps...
Acceptance fraction: 11.2%
Mean direction: θ=141.94°, φ=74.22°
Uncertainties: Δθ=63.97°, Δφ=16.28°
68% credible angle: 54.84°

Angular error: 34.31°

======================================================================
SCENARIO (EMCEE): FULL_PIPELINE
======================================================================

Loaded 3248 matched main-track clusters across U, V, X planes
Using all 3248 main-track clusters
Loading CT model from: /eos/user/e/evilla/dune/sn-tps/neural_networks/channel_tagging/ct_volume_v52_batch_reload_20251116_101125/best_model.keras
Running CT inference...
CT selected 2988 ES candidates from 3248 clusters
  ES prob range: [0.000, 1.000]
Loading ED model from: /eos/home-e/evilla/dune/sn-tps/neural_networks/electron_direction/three_plane_three_plane_v58_200k_lr_schedule_20251118_110931/checkpoints/model_epoch_12_val_loss_0.8898.keras
Running ED inference on 2988 clusters...
After E > 3 MeV cut: 2973 clusters
Running emcee: 64 walkers × 2000 steps...
Acceptance fraction: 3.4%
Mean direction: θ=-175.11°, φ=88.23°
Uncertainties: Δθ=57.87°, Δφ=25.87°
68% credible angle: 66.09°

Angular error: 78.86°

======================================================================
SCENARIO (EMCEE): WEIGHTED_CT
======================================================================

Loaded 3248 matched main-track clusters across U, V, X planes
Using all 3248 main-track clusters
Loading CT model from: /eos/user/e/evilla/dune/sn-tps/neural_networks/channel_tagging/ct_volume_v52_batch_reload_20251116_101125/best_model.keras
Running CT inference...
CT selected 2988 ES candidates from 3248 clusters
  ES prob range: [0.000, 1.000]
Loading ED model from: /eos/home-e/evilla/dune/sn-tps/neural_networks/electron_direction/three_plane_three_plane_v58_200k_lr_schedule_20251118_110931/checkpoints/model_epoch_12_val_loss_0.8898.keras
Running ED inference on 2988 clusters...
Using CT weights (ES probabilities)
After E > 3 MeV cut: 2973 clusters
Running weighted MCMC with 2973 weights
Running emcee: 64 walkers × 2000 steps...
Acceptance fraction: 2.6%
Mean direction: θ=-171.14°, φ=86.51°
Uncertainties: Δθ=69.13°, Δφ=26.18°
68% credible angle: 67.24°

Angular error: 82.02°

======================================================================
SCENARIO (EMCEE): PERFECT_CT_E_GT_10MEV
======================================================================

Loaded 3248 matched main-track clusters across U, V, X planes
Selected 281 ES main tracks
Loading ED model from: /eos/home-e/evilla/dune/sn-tps/neural_networks/electron_direction/three_plane_three_plane_v58_200k_lr_schedule_20251118_110931/checkpoints/model_epoch_12_val_loss_0.8898.keras
Running ED inference...
Applying E > 10 MeV cut
After energy cut: 141 clusters
Running emcee: 64 walkers × 2000 steps...
Acceptance fraction: 12.4%
Mean direction: θ=133.70°, φ=73.41°
Uncertainties: Δθ=92.74°, Δφ=13.44°
68% credible angle: 112.91°

Angular error: 26.40°

======================================================================
SCENARIO (EMCEE): PERFECT_CT_E_GT_20MEV
======================================================================

Loaded 3248 matched main-track clusters across U, V, X planes
Selected 281 ES main tracks
Loading ED model from: /eos/home-e/evilla/dune/sn-tps/neural_networks/electron_direction/three_plane_three_plane_v58_200k_lr_schedule_20251118_110931/checkpoints/model_epoch_12_val_loss_0.8898.keras
Running ED inference...
Applying E > 20 MeV cut
After energy cut: 37 clusters
Running emcee: 64 walkers × 2000 steps...
Acceptance fraction: 15.1%
Mean direction: θ=111.15°, φ=90.49°
Uncertainties: Δθ=114.91°, Δφ=11.27°
68% credible angle: 143.00°

Angular error: 21.01°

✓ Saved: /eos/project-e/ep-nu/evilla/sn-pointing/cat000559/pipeline/cat000559_scenario_best_case_emcee.npz

✓ Saved: /eos/project-e/ep-nu/evilla/sn-pointing/cat000559/pipeline/cat000559_scenario_perfect_ct_emcee.npz

✓ Saved: /eos/project-e/ep-nu/evilla/sn-pointing/cat000559/pipeline/cat000559_scenario_full_pipeline_emcee.npz

✓ Saved: /eos/project-e/ep-nu/evilla/sn-pointing/cat000559/pipeline/cat000559_scenario_weighted_ct_emcee.npz

✓ Saved: /eos/project-e/ep-nu/evilla/sn-pointing/cat000559/pipeline/cat000559_scenario_perfect_ct_e_gt_10mev_emcee.npz

✓ Saved: /eos/project-e/ep-nu/evilla/sn-pointing/cat000559/pipeline/cat000559_scenario_perfect_ct_e_gt_20mev_emcee.npz
✓ cat000559 completed successfully
