Processing cat000550 with 6 scenarios...
Cat directory: /eos/project-e/ep-nu/evilla/sn-pointing/cat000550
======================================================================
EMCEE RECONSTRUCTION FOR cat000550
======================================================================

Loading PDF from: /eos/home-e/evilla/dune/sn-tps/neural_networks/electron_direction/three_plane_three_plane_v58_200k_lr_schedule_20251118_110931/cosine_energy_pdf.npz
PDF loaded

======================================================================
SCENARIO (EMCEE): BEST_CASE
======================================================================

Loaded 3706 matched main-track clusters across U, V, X planes
Selected 244 ES main tracks
After E > 3 MeV cut: 244 clusters
Running emcee: 64 walkers × 2000 steps...
Acceptance fraction: 6.1%
Mean direction: θ=-151.04°, φ=70.91°
Uncertainties: Δθ=96.87°, Δφ=56.15°
68% credible angle: 96.23°

Angular error: 56.58°

======================================================================
SCENARIO (EMCEE): PERFECT_CT
======================================================================

Loaded 3706 matched main-track clusters across U, V, X planes
Selected 244 ES main tracks
Loading ED model from: /eos/home-e/evilla/dune/sn-tps/neural_networks/electron_direction/three_plane_three_plane_v58_200k_lr_schedule_20251118_110931/checkpoints/model_epoch_12_val_loss_0.8898.keras
Running ED inference...
After energy cut: 244 clusters
Running emcee: 64 walkers × 2000 steps...
Acceptance fraction: 12.7%
Mean direction: θ=150.05°, φ=29.96°
Uncertainties: Δθ=83.39°, Δφ=10.37°
68% credible angle: 39.97°

Angular error: 17.60°

======================================================================
SCENARIO (EMCEE): FULL_PIPELINE
======================================================================

Loaded 3706 matched main-track clusters across U, V, X planes
Using all 3706 main-track clusters
Loading CT model from: /eos/user/e/evilla/dune/sn-tps/neural_networks/channel_tagging/ct_volume_v52_batch_reload_20251116_101125/best_model.keras
Running CT inference...
CT selected 3349 ES candidates from 3706 clusters
  ES prob range: [0.000, 1.000]
Loading ED model from: /eos/home-e/evilla/dune/sn-tps/neural_networks/electron_direction/three_plane_three_plane_v58_200k_lr_schedule_20251118_110931/checkpoints/model_epoch_12_val_loss_0.8898.keras
Running ED inference on 3349 clusters...
After E > 3 MeV cut: 3335 clusters
Running emcee: 64 walkers × 2000 steps...
Acceptance fraction: 4.3%
Mean direction: θ=-165.19°, φ=91.27°
Uncertainties: Δθ=70.46°, Δφ=39.89°
68% credible angle: 78.88°

Angular error: 75.19°

======================================================================
SCENARIO (EMCEE): WEIGHTED_CT
======================================================================

Loaded 3706 matched main-track clusters across U, V, X planes
Using all 3706 main-track clusters
Loading CT model from: /eos/user/e/evilla/dune/sn-tps/neural_networks/channel_tagging/ct_volume_v52_batch_reload_20251116_101125/best_model.keras
Running CT inference...
CT selected 3349 ES candidates from 3706 clusters
  ES prob range: [0.000, 1.000]
Loading ED model from: /eos/home-e/evilla/dune/sn-tps/neural_networks/electron_direction/three_plane_three_plane_v58_200k_lr_schedule_20251118_110931/checkpoints/model_epoch_12_val_loss_0.8898.keras
Running ED inference on 3349 clusters...
Using CT weights (ES probabilities)
After E > 3 MeV cut: 3335 clusters
Running weighted MCMC with 3335 weights
Running emcee: 64 walkers × 2000 steps...
Acceptance fraction: 4.5%
Mean direction: θ=-153.55°, φ=73.29°
Uncertainties: Δθ=61.89°, Δφ=37.67°
68% credible angle: 69.93°

Angular error: 58.56°

======================================================================
SCENARIO (EMCEE): PERFECT_CT_E_GT_10MEV
======================================================================

Loaded 3706 matched main-track clusters across U, V, X planes
Selected 244 ES main tracks
Loading ED model from: /eos/home-e/evilla/dune/sn-tps/neural_networks/electron_direction/three_plane_three_plane_v58_200k_lr_schedule_20251118_110931/checkpoints/model_epoch_12_val_loss_0.8898.keras
Running ED inference...
Applying E > 10 MeV cut
After energy cut: 125 clusters
Running emcee: 64 walkers × 2000 steps...
Acceptance fraction: 9.3%
Mean direction: θ=147.52°, φ=58.48°
Uncertainties: Δθ=98.53°, Δφ=50.57°
68% credible angle: 70.38°

Angular error: 45.15°

======================================================================
SCENARIO (EMCEE): PERFECT_CT_E_GT_20MEV
======================================================================

Loaded 3706 matched main-track clusters across U, V, X planes
Selected 244 ES main tracks
Loading ED model from: /eos/home-e/evilla/dune/sn-tps/neural_networks/electron_direction/three_plane_three_plane_v58_200k_lr_schedule_20251118_110931/checkpoints/model_epoch_12_val_loss_0.8898.keras
Running ED inference...
Applying E > 20 MeV cut
After energy cut: 30 clusters
Running emcee: 64 walkers × 2000 steps...
Acceptance fraction: 11.5%
Mean direction: θ=138.88°, φ=46.97°
Uncertainties: Δθ=73.24°, Δφ=55.12°
68% credible angle: 44.88°

Angular error: 35.90°

✓ Saved: /eos/project-e/ep-nu/evilla/sn-pointing/cat000550/pipeline/cat000550_scenario_best_case_emcee.npz

✓ Saved: /eos/project-e/ep-nu/evilla/sn-pointing/cat000550/pipeline/cat000550_scenario_perfect_ct_emcee.npz

✓ Saved: /eos/project-e/ep-nu/evilla/sn-pointing/cat000550/pipeline/cat000550_scenario_full_pipeline_emcee.npz

✓ Saved: /eos/project-e/ep-nu/evilla/sn-pointing/cat000550/pipeline/cat000550_scenario_weighted_ct_emcee.npz

✓ Saved: /eos/project-e/ep-nu/evilla/sn-pointing/cat000550/pipeline/cat000550_scenario_perfect_ct_e_gt_10mev_emcee.npz

✓ Saved: /eos/project-e/ep-nu/evilla/sn-pointing/cat000550/pipeline/cat000550_scenario_perfect_ct_e_gt_20mev_emcee.npz
✓ cat000550 completed successfully
