==================================================================
Processing cat000109 with EMCEE - ALL SCENARIOS
==================================================================
======================================================================
EMCEE RECONSTRUCTION FOR cat000109
======================================================================

Loading PDF from: /eos/home-e/evilla/dune/sn-tps/neural_networks/electron_direction/three_plane_three_plane_v58_200k_lr_schedule_20251118_110931/cosine_energy_pdf.npz
PDF loaded

======================================================================
SCENARIO (EMCEE): PERFECT_CT
======================================================================

Loaded 3686 matched clusters across U, V, X planes
Selected clusters: 286
Running emcee: 64 walkers × 2000 steps...
Acceptance fraction: 9.7%
Mean direction: θ=170.89°, φ=31.71°
Uncertainties: Δθ=71.79°, Δφ=10.42°
68% credible angle: 23.22°

Angular error: 18.19°

======================================================================
SCENARIO (EMCEE): ES_MAIN_CC_SHOWER
======================================================================

Loaded 3686 matched clusters across U, V, X planes
Selected clusters: 286
Running emcee: 64 walkers × 2000 steps...
Acceptance fraction: 10.5%
Mean direction: θ=172.63°, φ=33.03°
Uncertainties: Δθ=59.68°, Δφ=10.71°
68% credible angle: 24.47°

Angular error: 19.40°

======================================================================
SCENARIO (EMCEE): ES_MAIN_CC_ALL
======================================================================

Loaded 3686 matched clusters across U, V, X planes
Selected clusters: 286
Running emcee: 64 walkers × 2000 steps...
Acceptance fraction: 12.2%
Mean direction: θ=-178.23°, φ=33.22°
Uncertainties: Δθ=66.15°, Δφ=10.14°
68% credible angle: 27.84°

Angular error: 19.45°

======================================================================
SCENARIO (EMCEE): ES_ALL_CC_SHOWER
======================================================================

Loaded 3686 matched clusters across U, V, X planes
Selected clusters: 286
Running emcee: 64 walkers × 2000 steps...
Acceptance fraction: 9.5%
Mean direction: θ=-174.39°, φ=31.75°
Uncertainties: Δθ=70.76°, Δφ=10.38°
68% credible angle: 28.31°

Angular error: 18.09°

======================================================================
SCENARIO (EMCEE): ES_ALL_CC_ALL
======================================================================

Loaded 3686 matched clusters across U, V, X planes
Selected clusters: 286
Running emcee: 64 walkers × 2000 steps...
Acceptance fraction: 16.8%
Mean direction: θ=176.62°, φ=36.78°
Uncertainties: Δθ=42.58°, Δφ=9.11°
68% credible angle: 17.35°

Angular error: 23.01°

======================================================================
SCENARIO (EMCEE): ALL_TRACKS_ALL_SHOWERS
======================================================================

Loaded 3686 matched clusters across U, V, X planes
Selected clusters: 3686
Running emcee: 64 walkers × 2000 steps...
Acceptance fraction: 3.4%
Mean direction: θ=-146.72°, φ=90.88°
Uncertainties: Δθ=73.57°, Δφ=39.53°
68% credible angle: 81.90°

Angular error: 79.43°

✓ Saved: /eos/project-e/ep-nu/evilla/sn-pointing/cat000109/pipeline/cat000109_scenario_perfect_ct_emcee.npz

✓ Saved: /eos/project-e/ep-nu/evilla/sn-pointing/cat000109/pipeline/cat000109_scenario_es_main_cc_shower_emcee.npz

✓ Saved: /eos/project-e/ep-nu/evilla/sn-pointing/cat000109/pipeline/cat000109_scenario_es_main_cc_all_emcee.npz

✓ Saved: /eos/project-e/ep-nu/evilla/sn-pointing/cat000109/pipeline/cat000109_scenario_es_all_cc_shower_emcee.npz

✓ Saved: /eos/project-e/ep-nu/evilla/sn-pointing/cat000109/pipeline/cat000109_scenario_es_all_cc_all_emcee.npz

✓ Saved: /eos/project-e/ep-nu/evilla/sn-pointing/cat000109/pipeline/cat000109_scenario_all_tracks_all_showers_emcee.npz
✓ cat000109 completed successfully
