==================================================================
Processing cat000550 with EMCEE - ALL SCENARIOS
==================================================================
======================================================================
EMCEE RECONSTRUCTION FOR cat000550
======================================================================

Loading PDF from: /eos/home-e/evilla/dune/sn-tps/neural_networks/electron_direction/three_plane_three_plane_v58_200k_lr_schedule_20251118_110931/cosine_energy_pdf.npz
PDF loaded

======================================================================
SCENARIO (EMCEE): PERFECT_CT
======================================================================

Loaded 3706 matched clusters across U, V, X planes
Selected clusters: 244
Running emcee: 64 walkers × 2000 steps...
Acceptance fraction: 12.5%
Mean direction: θ=143.20°, φ=27.74°
Uncertainties: Δθ=104.68°, Δφ=11.42°
68% credible angle: 40.42°

Angular error: 17.47°

======================================================================
SCENARIO (EMCEE): ES_MAIN_CC_SHOWER
======================================================================

Loaded 3706 matched clusters across U, V, X planes
Selected clusters: 244
Running emcee: 64 walkers × 2000 steps...
Acceptance fraction: 14.0%
Mean direction: θ=178.08°, φ=29.66°
Uncertainties: Δθ=97.71°, Δφ=10.82°
68% credible angle: 31.80°

Angular error: 13.09°

======================================================================
SCENARIO (EMCEE): ES_MAIN_CC_ALL
======================================================================

Loaded 3706 matched clusters across U, V, X planes
Selected clusters: 244
Running emcee: 64 walkers × 2000 steps...
Acceptance fraction: 14.4%
Mean direction: θ=160.10°, φ=30.19°
Uncertainties: Δθ=82.61°, Δφ=10.06°
68% credible angle: 40.02°

Angular error: 15.64°

======================================================================
SCENARIO (EMCEE): ES_ALL_CC_SHOWER
======================================================================

Loaded 3706 matched clusters across U, V, X planes
Selected clusters: 244
Running emcee: 64 walkers × 2000 steps...
Acceptance fraction: 12.4%
Mean direction: θ=163.06°, φ=30.23°
Uncertainties: Δθ=88.50°, Δφ=10.40°
68% credible angle: 38.72°

Angular error: 15.15°

======================================================================
SCENARIO (EMCEE): ES_ALL_CC_ALL
======================================================================

Loaded 3706 matched clusters across U, V, X planes
Selected clusters: 244
Running emcee: 64 walkers × 2000 steps...
Acceptance fraction: 13.8%
Mean direction: θ=153.75°, φ=31.37°
Uncertainties: Δθ=73.35°, Δφ=9.53°
68% credible angle: 41.94°

Angular error: 18.01°

======================================================================
SCENARIO (EMCEE): ALL_TRACKS_ALL_SHOWERS
======================================================================

Loaded 3706 matched clusters across U, V, X planes
Selected clusters: 3706
Running emcee: 64 walkers × 2000 steps...
Acceptance fraction: 4.4%
Mean direction: θ=-165.49°, φ=86.07°
Uncertainties: Δθ=54.88°, Δφ=47.11°
68% credible angle: 74.24°

Angular error: 69.98°

✓ Saved: /eos/project-e/ep-nu/evilla/sn-pointing/cat000550/pipeline/cat000550_scenario_perfect_ct_emcee.npz

✓ Saved: /eos/project-e/ep-nu/evilla/sn-pointing/cat000550/pipeline/cat000550_scenario_es_main_cc_shower_emcee.npz

✓ Saved: /eos/project-e/ep-nu/evilla/sn-pointing/cat000550/pipeline/cat000550_scenario_es_main_cc_all_emcee.npz

✓ Saved: /eos/project-e/ep-nu/evilla/sn-pointing/cat000550/pipeline/cat000550_scenario_es_all_cc_shower_emcee.npz

✓ Saved: /eos/project-e/ep-nu/evilla/sn-pointing/cat000550/pipeline/cat000550_scenario_es_all_cc_all_emcee.npz

✓ Saved: /eos/project-e/ep-nu/evilla/sn-pointing/cat000550/pipeline/cat000550_scenario_all_tracks_all_showers_emcee.npz
✓ cat000550 completed successfully
