Processing cat000086 with 6 scenarios...
Cat directory: /eos/project-e/ep-nu/evilla/sn-pointing/cat000086
======================================================================
EMCEE RECONSTRUCTION FOR cat000086
======================================================================

Loading PDF from: /eos/home-e/evilla/dune/sn-tps/neural_networks/electron_direction/three_plane_three_plane_v58_200k_lr_schedule_20251118_110931/cosine_energy_pdf.npz
PDF loaded

======================================================================
SCENARIO (EMCEE): BEST_CASE
======================================================================

Loaded 3752 matched main-track clusters across U, V, X planes
Selected 284 ES main tracks
After E > 3 MeV cut: 284 clusters
Running emcee: 64 walkers × 2000 steps...
Acceptance fraction: 5.6%
Mean direction: θ=-97.49°, φ=104.93°
Uncertainties: Δθ=73.73°, Δφ=23.80°
68% credible angle: 41.55°

Angular error: 13.64°

======================================================================
SCENARIO (EMCEE): PERFECT_CT
======================================================================

Loaded 3752 matched main-track clusters across U, V, X planes
Selected 284 ES main tracks
Loading ED model from: /eos/home-e/evilla/dune/sn-tps/neural_networks/electron_direction/three_plane_three_plane_v58_200k_lr_schedule_20251118_110931/checkpoints/model_epoch_12_val_loss_0.8898.keras
Running ED inference...
After energy cut: 284 clusters
Running emcee: 64 walkers × 2000 steps...
Acceptance fraction: 10.7%
Mean direction: θ=-137.24°, φ=124.86°
Uncertainties: Δθ=39.84°, Δφ=31.13°
68% credible angle: 44.37°

Angular error: 32.32°

======================================================================
SCENARIO (EMCEE): FULL_PIPELINE
======================================================================

Loaded 3752 matched main-track clusters across U, V, X planes
Using all 3752 main-track clusters
Loading CT model from: /eos/user/e/evilla/dune/sn-tps/neural_networks/charge_topology/best_model.keras

✗ full_pipeline failed: File not found: filepath=/eos/user/e/evilla/dune/sn-tps/neural_networks/charge_topology/best_model.keras. Please ensure the file is an accessible `.keras` zip file.

======================================================================
SCENARIO (EMCEE): WEIGHTED_CT
======================================================================

Loaded 3752 matched main-track clusters across U, V, X planes
Using all 3752 main-track clusters
Loading CT model from: /eos/user/e/evilla/dune/sn-tps/neural_networks/charge_topology/best_model.keras

✗ weighted_ct failed: File not found: filepath=/eos/user/e/evilla/dune/sn-tps/neural_networks/charge_topology/best_model.keras. Please ensure the file is an accessible `.keras` zip file.

======================================================================
SCENARIO (EMCEE): PERFECT_CT_E_GT_10MEV
======================================================================

Loaded 3752 matched main-track clusters across U, V, X planes
Selected 284 ES main tracks
Loading ED model from: /eos/home-e/evilla/dune/sn-tps/neural_networks/electron_direction/three_plane_three_plane_v58_200k_lr_schedule_20251118_110931/checkpoints/model_epoch_12_val_loss_0.8898.keras
Running ED inference...
Applying E > 10 MeV cut
After energy cut: 163 clusters
Running emcee: 64 walkers × 2000 steps...
Acceptance fraction: 9.6%
Mean direction: θ=-129.50°, φ=126.78°
Uncertainties: Δθ=51.17°, Δφ=28.16°
68% credible angle: 44.77°

Angular error: 26.25°

======================================================================
SCENARIO (EMCEE): PERFECT_CT_E_GT_20MEV
======================================================================

Loaded 3752 matched main-track clusters across U, V, X planes
Selected 284 ES main tracks
Loading ED model from: /eos/home-e/evilla/dune/sn-tps/neural_networks/electron_direction/three_plane_three_plane_v58_200k_lr_schedule_20251118_110931/checkpoints/model_epoch_12_val_loss_0.8898.keras
Running ED inference...
Applying E > 20 MeV cut
After energy cut: 42 clusters
Running emcee: 64 walkers × 2000 steps...
Acceptance fraction: 14.9%
Mean direction: θ=-117.41°, φ=106.06°
Uncertainties: Δθ=70.74°, Δφ=20.98°
68% credible angle: 31.09°

Angular error: 20.38°

✓ Saved: /eos/project-e/ep-nu/evilla/sn-pointing/cat000086/pipeline/cat000086_scenario_best_case_emcee.npz

✓ Saved: /eos/project-e/ep-nu/evilla/sn-pointing/cat000086/pipeline/cat000086_scenario_perfect_ct_emcee.npz

✓ Saved: /eos/project-e/ep-nu/evilla/sn-pointing/cat000086/pipeline/cat000086_scenario_perfect_ct_e_gt_10mev_emcee.npz

✓ Saved: /eos/project-e/ep-nu/evilla/sn-pointing/cat000086/pipeline/cat000086_scenario_perfect_ct_e_gt_20mev_emcee.npz
✓ cat000086 completed successfully
