==================================================================
Processing cat000509 with EMCEE - ALL SCENARIOS
==================================================================
======================================================================
EMCEE RECONSTRUCTION FOR cat000509
======================================================================

Loading PDF from: /eos/home-e/evilla/dune/sn-tps/neural_networks/electron_direction/three_plane_three_plane_v58_200k_lr_schedule_20251118_110931/cosine_energy_pdf.npz
PDF loaded

======================================================================
SCENARIO (EMCEE): PERFECT_CT
======================================================================

Loaded 3840 matched clusters across U, V, X planes
Selected clusters: 291
Running emcee: 64 walkers × 2000 steps...
Acceptance fraction: 8.4%
Mean direction: θ=-152.61°, φ=53.63°
Uncertainties: Δθ=35.71°, Δφ=15.81°
68% credible angle: 37.54°

Angular error: 9.97°

======================================================================
SCENARIO (EMCEE): ES_MAIN_CC_SHOWER
======================================================================

Loaded 3840 matched clusters across U, V, X planes
Selected clusters: 291
Running emcee: 64 walkers × 2000 steps...
Acceptance fraction: 9.7%
Mean direction: θ=-160.09°, φ=54.53°
Uncertainties: Δθ=34.33°, Δφ=16.61°
68% credible angle: 34.33°

Angular error: 16.04°

======================================================================
SCENARIO (EMCEE): ES_MAIN_CC_ALL
======================================================================

Loaded 3840 matched clusters across U, V, X planes
Selected clusters: 291
Running emcee: 64 walkers × 2000 steps...
Acceptance fraction: 7.3%
Mean direction: θ=-162.51°, φ=53.57°
Uncertainties: Δθ=35.69°, Δφ=17.57°
68% credible angle: 36.19°

Angular error: 17.67°

======================================================================
SCENARIO (EMCEE): ES_ALL_CC_SHOWER
======================================================================

Loaded 3840 matched clusters across U, V, X planes
Selected clusters: 291
Running emcee: 64 walkers × 2000 steps...
Acceptance fraction: 7.1%
Mean direction: θ=-155.51°, φ=52.93°
Uncertainties: Δθ=33.86°, Δφ=17.47°
68% credible angle: 31.69°

Angular error: 12.06°

======================================================================
SCENARIO (EMCEE): ES_ALL_CC_ALL
======================================================================

Loaded 3840 matched clusters across U, V, X planes
Selected clusters: 291
Running emcee: 64 walkers × 2000 steps...
Acceptance fraction: 10.1%
Mean direction: θ=-151.66°, φ=59.44°
Uncertainties: Δθ=32.67°, Δφ=16.19°
68% credible angle: 36.17°

Angular error: 12.28°

======================================================================
SCENARIO (EMCEE): ALL_TRACKS_ALL_SHOWERS
======================================================================

Loaded 3840 matched clusters across U, V, X planes
Selected clusters: 3840
Running emcee: 64 walkers × 2000 steps...
Acceptance fraction: 5.5%
Mean direction: θ=-140.13°, φ=68.14°
Uncertainties: Δθ=47.72°, Δφ=32.73°
68% credible angle: 51.56°

Angular error: 16.74°

✓ Saved: /eos/project-e/ep-nu/evilla/sn-pointing/cat000509/pipeline/cat000509_scenario_perfect_ct_emcee.npz

✓ Saved: /eos/project-e/ep-nu/evilla/sn-pointing/cat000509/pipeline/cat000509_scenario_es_main_cc_shower_emcee.npz

✓ Saved: /eos/project-e/ep-nu/evilla/sn-pointing/cat000509/pipeline/cat000509_scenario_es_main_cc_all_emcee.npz

✓ Saved: /eos/project-e/ep-nu/evilla/sn-pointing/cat000509/pipeline/cat000509_scenario_es_all_cc_shower_emcee.npz

✓ Saved: /eos/project-e/ep-nu/evilla/sn-pointing/cat000509/pipeline/cat000509_scenario_es_all_cc_all_emcee.npz

✓ Saved: /eos/project-e/ep-nu/evilla/sn-pointing/cat000509/pipeline/cat000509_scenario_all_tracks_all_showers_emcee.npz
✓ cat000509 completed successfully
