Processing cat000594 with 6 scenarios...
Cat directory: /eos/project-e/ep-nu/evilla/sn-pointing/cat000594
======================================================================
EMCEE RECONSTRUCTION FOR cat000594
======================================================================

Loading PDF from: /eos/home-e/evilla/dune/sn-tps/neural_networks/electron_direction/three_plane_three_plane_v58_200k_lr_schedule_20251118_110931/cosine_energy_pdf.npz
PDF loaded

======================================================================
SCENARIO (EMCEE): BEST_CASE
======================================================================

Loaded 3824 matched main-track clusters across U, V, X planes
Selected 263 ES main tracks
After E > 3 MeV cut: 263 clusters
Running emcee: 64 walkers × 2000 steps...
Acceptance fraction: 9.3%
Mean direction: θ=-158.85°, φ=107.77°
Uncertainties: Δθ=37.37°, Δφ=24.79°
68% credible angle: 27.43°

Angular error: 20.64°

======================================================================
SCENARIO (EMCEE): PERFECT_CT
======================================================================

Loaded 3824 matched main-track clusters across U, V, X planes
Selected 263 ES main tracks
Loading ED model from: /eos/home-e/evilla/dune/sn-tps/neural_networks/electron_direction/three_plane_three_plane_v58_200k_lr_schedule_20251118_110931/checkpoints/model_epoch_12_val_loss_0.8898.keras
Running ED inference...
After energy cut: 263 clusters
Running emcee: 64 walkers × 2000 steps...
Acceptance fraction: 8.8%
Mean direction: θ=-157.47°, φ=117.92°
Uncertainties: Δθ=30.61°, Δφ=17.47°
68% credible angle: 32.47°

Angular error: 18.32°

======================================================================
SCENARIO (EMCEE): FULL_PIPELINE
======================================================================

Loaded 3824 matched main-track clusters across U, V, X planes
Using all 3824 main-track clusters
Loading CT model from: /eos/user/e/evilla/dune/sn-tps/neural_networks/channel_tagging/ct_volume_v52_batch_reload_20251116_101125/best_model.keras
Running CT inference...
CT selected 3449 ES candidates from 3824 clusters
  ES prob range: [0.000, 1.000]
Loading ED model from: /eos/home-e/evilla/dune/sn-tps/neural_networks/electron_direction/three_plane_three_plane_v58_200k_lr_schedule_20251118_110931/checkpoints/model_epoch_12_val_loss_0.8898.keras
Running ED inference on 3449 clusters...
After E > 3 MeV cut: 3420 clusters
Running emcee: 64 walkers × 2000 steps...
Acceptance fraction: 3.8%
Mean direction: θ=178.61°, φ=117.69°
Uncertainties: Δθ=66.05°, Δφ=31.66°
68% credible angle: 54.67°

Angular error: 39.42°

======================================================================
SCENARIO (EMCEE): WEIGHTED_CT
======================================================================

Loaded 3824 matched main-track clusters across U, V, X planes
Using all 3824 main-track clusters
Loading CT model from: /eos/user/e/evilla/dune/sn-tps/neural_networks/channel_tagging/ct_volume_v52_batch_reload_20251116_101125/best_model.keras
Running CT inference...
CT selected 3449 ES candidates from 3824 clusters
  ES prob range: [0.000, 1.000]
Loading ED model from: /eos/home-e/evilla/dune/sn-tps/neural_networks/electron_direction/three_plane_three_plane_v58_200k_lr_schedule_20251118_110931/checkpoints/model_epoch_12_val_loss_0.8898.keras
Running ED inference on 3449 clusters...
Using CT weights (ES probabilities)
After E > 3 MeV cut: 3420 clusters
Running weighted MCMC with 3420 weights
Running emcee: 64 walkers × 2000 steps...
Acceptance fraction: 5.1%
Mean direction: θ=-161.45°, φ=120.03°
Uncertainties: Δθ=61.52°, Δφ=26.73°
68% credible angle: 57.48°

Angular error: 22.13°

======================================================================
SCENARIO (EMCEE): PERFECT_CT_E_GT_10MEV
======================================================================

Loaded 3824 matched main-track clusters across U, V, X planes
Selected 263 ES main tracks
Loading ED model from: /eos/home-e/evilla/dune/sn-tps/neural_networks/electron_direction/three_plane_three_plane_v58_200k_lr_schedule_20251118_110931/checkpoints/model_epoch_12_val_loss_0.8898.keras
Running ED inference...
Applying E > 10 MeV cut
After energy cut: 144 clusters
Running emcee: 64 walkers × 2000 steps...
Acceptance fraction: 11.4%
Mean direction: θ=-161.00°, φ=110.05°
Uncertainties: Δθ=31.49°, Δφ=20.63°
68% credible angle: 31.62°

Angular error: 21.93°

======================================================================
SCENARIO (EMCEE): PERFECT_CT_E_GT_20MEV
======================================================================

Loaded 3824 matched main-track clusters across U, V, X planes
Selected 263 ES main tracks
Loading ED model from: /eos/home-e/evilla/dune/sn-tps/neural_networks/electron_direction/three_plane_three_plane_v58_200k_lr_schedule_20251118_110931/checkpoints/model_epoch_12_val_loss_0.8898.keras
Running ED inference...
Applying E > 20 MeV cut
After energy cut: 28 clusters
Running emcee: 64 walkers × 2000 steps...
Acceptance fraction: 13.8%
Mean direction: θ=-164.34°, φ=99.65°
Uncertainties: Δθ=55.73°, Δφ=25.37°
68% credible angle: 33.80°

Angular error: 29.05°

✓ Saved: /eos/project-e/ep-nu/evilla/sn-pointing/cat000594/pipeline/cat000594_scenario_best_case_emcee.npz

✓ Saved: /eos/project-e/ep-nu/evilla/sn-pointing/cat000594/pipeline/cat000594_scenario_perfect_ct_emcee.npz

✓ Saved: /eos/project-e/ep-nu/evilla/sn-pointing/cat000594/pipeline/cat000594_scenario_full_pipeline_emcee.npz

✓ Saved: /eos/project-e/ep-nu/evilla/sn-pointing/cat000594/pipeline/cat000594_scenario_weighted_ct_emcee.npz

✓ Saved: /eos/project-e/ep-nu/evilla/sn-pointing/cat000594/pipeline/cat000594_scenario_perfect_ct_e_gt_10mev_emcee.npz

✓ Saved: /eos/project-e/ep-nu/evilla/sn-pointing/cat000594/pipeline/cat000594_scenario_perfect_ct_e_gt_20mev_emcee.npz
✓ cat000594 completed successfully
