==================================================================
Processing cat000035 with EMCEE - ALL SCENARIOS
==================================================================
======================================================================
EMCEE RECONSTRUCTION FOR cat000035
======================================================================

Loading PDF from: /eos/home-e/evilla/dune/sn-tps/neural_networks/electron_direction/three_plane_three_plane_v58_200k_lr_schedule_20251118_110931/cosine_energy_pdf.npz
PDF loaded

======================================================================
SCENARIO (EMCEE): PERFECT_CT
======================================================================

Loaded 3670 matched clusters across U, V, X planes
Selected clusters: 275
Running emcee: 64 walkers × 2000 steps...
Acceptance fraction: 9.0%
Mean direction: θ=-106.62°, φ=33.06°
Uncertainties: Δθ=84.34°, Δφ=9.21°
68% credible angle: 47.13°

Angular error: 17.36°

======================================================================
SCENARIO (EMCEE): ES_MAIN_CC_SHOWER
======================================================================

Loaded 3670 matched clusters across U, V, X planes
Selected clusters: 275
Running emcee: 64 walkers × 2000 steps...
Acceptance fraction: 10.3%
Mean direction: θ=-44.54°, φ=28.93°
Uncertainties: Δθ=92.62°, Δφ=9.19°
68% credible angle: 39.58°

Angular error: 29.93°

======================================================================
SCENARIO (EMCEE): ES_MAIN_CC_ALL
======================================================================

Loaded 3670 matched clusters across U, V, X planes
Selected clusters: 275
Running emcee: 64 walkers × 2000 steps...
Acceptance fraction: 9.4%
Mean direction: θ=-47.39°, φ=30.26°
Uncertainties: Δθ=78.20°, Δφ=9.93°
68% credible angle: 38.72°

Angular error: 30.23°

======================================================================
SCENARIO (EMCEE): ES_ALL_CC_SHOWER
======================================================================

Loaded 3670 matched clusters across U, V, X planes
Selected clusters: 275
Running emcee: 64 walkers × 2000 steps...
Acceptance fraction: 9.7%
Mean direction: θ=-64.25°, φ=30.75°
Uncertainties: Δθ=101.20°, Δφ=9.50°
68% credible angle: 36.71°

Angular error: 25.78°

======================================================================
SCENARIO (EMCEE): ES_ALL_CC_ALL
======================================================================

Loaded 3670 matched clusters across U, V, X planes
Selected clusters: 275
Running emcee: 64 walkers × 2000 steps...
Acceptance fraction: 8.1%
Mean direction: θ=-70.48°, φ=30.86°
Uncertainties: Δθ=88.27°, Δφ=9.25°
68% credible angle: 36.96°

Angular error: 24.07°

======================================================================
SCENARIO (EMCEE): ALL_TRACKS_ALL_SHOWERS
======================================================================

Loaded 3670 matched clusters across U, V, X planes
Selected clusters: 3670
Running emcee: 64 walkers × 2000 steps...
Acceptance fraction: 4.7%
Mean direction: θ=-124.66°, φ=81.26°
Uncertainties: Δθ=93.93°, Δφ=36.18°
68% credible angle: 97.50°

Angular error: 64.37°

✓ Saved: /eos/project-e/ep-nu/evilla/sn-pointing/cat000035/pipeline/cat000035_scenario_perfect_ct_emcee.npz

✓ Saved: /eos/project-e/ep-nu/evilla/sn-pointing/cat000035/pipeline/cat000035_scenario_es_main_cc_shower_emcee.npz

✓ Saved: /eos/project-e/ep-nu/evilla/sn-pointing/cat000035/pipeline/cat000035_scenario_es_main_cc_all_emcee.npz

✓ Saved: /eos/project-e/ep-nu/evilla/sn-pointing/cat000035/pipeline/cat000035_scenario_es_all_cc_shower_emcee.npz

✓ Saved: /eos/project-e/ep-nu/evilla/sn-pointing/cat000035/pipeline/cat000035_scenario_es_all_cc_all_emcee.npz

✓ Saved: /eos/project-e/ep-nu/evilla/sn-pointing/cat000035/pipeline/cat000035_scenario_all_tracks_all_showers_emcee.npz
✓ cat000035 completed successfully
