Processing cat000359 with 6 scenarios...
Cat directory: /eos/project-e/ep-nu/evilla/sn-pointing/cat000359
======================================================================
EMCEE RECONSTRUCTION FOR cat000359
======================================================================

Loading PDF from: /eos/home-e/evilla/dune/sn-tps/neural_networks/electron_direction/three_plane_three_plane_v58_200k_lr_schedule_20251118_110931/cosine_energy_pdf.npz
PDF loaded

======================================================================
SCENARIO (EMCEE): BEST_CASE
======================================================================

Loaded 3833 matched main-track clusters across U, V, X planes
Selected 289 ES main tracks
After E > 3 MeV cut: 289 clusters
Running emcee: 64 walkers × 2000 steps...
Acceptance fraction: 6.7%
Mean direction: θ=82.44°, φ=97.61°
Uncertainties: Δθ=56.34°, Δφ=18.65°
68% credible angle: 29.39°

Angular error: 6.46°

======================================================================
SCENARIO (EMCEE): PERFECT_CT
======================================================================

Loaded 3833 matched main-track clusters across U, V, X planes
Selected 289 ES main tracks
Loading ED model from: /eos/home-e/evilla/dune/sn-tps/neural_networks/electron_direction/three_plane_three_plane_v58_200k_lr_schedule_20251118_110931/checkpoints/model_epoch_12_val_loss_0.8898.keras
Running ED inference...
After energy cut: 289 clusters
Running emcee: 64 walkers × 2000 steps...
Acceptance fraction: 9.9%
Mean direction: θ=77.32°, φ=103.89°
Uncertainties: Δθ=47.22°, Δφ=15.05°
68% credible angle: 35.06°

Angular error: 4.74°

======================================================================
SCENARIO (EMCEE): FULL_PIPELINE
======================================================================

Loaded 3833 matched main-track clusters across U, V, X planes
Using all 3833 main-track clusters
Loading CT model from: /eos/user/e/evilla/dune/sn-tps/neural_networks/channel_tagging/ct_volume_v52_batch_reload_20251116_101125/best_model.keras
Running CT inference...
CT selected 3502 ES candidates from 3833 clusters
  ES prob range: [0.000, 1.000]
Loading ED model from: /eos/home-e/evilla/dune/sn-tps/neural_networks/electron_direction/three_plane_three_plane_v58_200k_lr_schedule_20251118_110931/checkpoints/model_epoch_12_val_loss_0.8898.keras
Running ED inference on 3502 clusters...
After E > 3 MeV cut: 3484 clusters
Running emcee: 64 walkers × 2000 steps...
Acceptance fraction: 3.5%
Mean direction: θ=155.35°, φ=105.87°
Uncertainties: Δθ=76.51°, Δφ=38.48°
68% credible angle: 72.63°

Angular error: 70.32°

======================================================================
SCENARIO (EMCEE): WEIGHTED_CT
======================================================================

Loaded 3833 matched main-track clusters across U, V, X planes
Using all 3833 main-track clusters
Loading CT model from: /eos/user/e/evilla/dune/sn-tps/neural_networks/channel_tagging/ct_volume_v52_batch_reload_20251116_101125/best_model.keras
Running CT inference...
CT selected 3502 ES candidates from 3833 clusters
  ES prob range: [0.000, 1.000]
Loading ED model from: /eos/home-e/evilla/dune/sn-tps/neural_networks/electron_direction/three_plane_three_plane_v58_200k_lr_schedule_20251118_110931/checkpoints/model_epoch_12_val_loss_0.8898.keras
Running ED inference on 3502 clusters...
Using CT weights (ES probabilities)
After E > 3 MeV cut: 3484 clusters
Running weighted MCMC with 3484 weights
Running emcee: 64 walkers × 2000 steps...
Acceptance fraction: 3.1%
Mean direction: θ=165.94°, φ=102.69°
Uncertainties: Δθ=78.21°, Δφ=34.61°
68% credible angle: 69.98°

Angular error: 80.99°

======================================================================
SCENARIO (EMCEE): PERFECT_CT_E_GT_10MEV
======================================================================

Loaded 3833 matched main-track clusters across U, V, X planes
Selected 289 ES main tracks
Loading ED model from: /eos/home-e/evilla/dune/sn-tps/neural_networks/electron_direction/three_plane_three_plane_v58_200k_lr_schedule_20251118_110931/checkpoints/model_epoch_12_val_loss_0.8898.keras
Running ED inference...
Applying E > 10 MeV cut
After energy cut: 156 clusters
Running emcee: 64 walkers × 2000 steps...
Acceptance fraction: 10.9%
Mean direction: θ=76.50°, φ=96.82°
Uncertainties: Δθ=115.03°, Δφ=19.55°
68% credible angle: 146.59°

Angular error: 9.16°

======================================================================
SCENARIO (EMCEE): PERFECT_CT_E_GT_20MEV
======================================================================

Loaded 3833 matched main-track clusters across U, V, X planes
Selected 289 ES main tracks
Loading ED model from: /eos/home-e/evilla/dune/sn-tps/neural_networks/electron_direction/three_plane_three_plane_v58_200k_lr_schedule_20251118_110931/checkpoints/model_epoch_12_val_loss_0.8898.keras
Running ED inference...
Applying E > 20 MeV cut
After energy cut: 46 clusters
Running emcee: 64 walkers × 2000 steps...
Acceptance fraction: 12.9%
Mean direction: θ=75.31°, φ=95.71°
Uncertainties: Δθ=110.01°, Δφ=13.95°
68% credible angle: 155.25°

Angular error: 10.76°

✓ Saved: /eos/project-e/ep-nu/evilla/sn-pointing/cat000359/pipeline/cat000359_scenario_best_case_emcee.npz

✓ Saved: /eos/project-e/ep-nu/evilla/sn-pointing/cat000359/pipeline/cat000359_scenario_perfect_ct_emcee.npz

✓ Saved: /eos/project-e/ep-nu/evilla/sn-pointing/cat000359/pipeline/cat000359_scenario_full_pipeline_emcee.npz

✓ Saved: /eos/project-e/ep-nu/evilla/sn-pointing/cat000359/pipeline/cat000359_scenario_weighted_ct_emcee.npz

✓ Saved: /eos/project-e/ep-nu/evilla/sn-pointing/cat000359/pipeline/cat000359_scenario_perfect_ct_e_gt_10mev_emcee.npz

✓ Saved: /eos/project-e/ep-nu/evilla/sn-pointing/cat000359/pipeline/cat000359_scenario_perfect_ct_e_gt_20mev_emcee.npz
✓ cat000359 completed successfully
