Processing cat000352 with 6 scenarios...
Cat directory: /eos/project-e/ep-nu/evilla/sn-pointing/cat000352
======================================================================
EMCEE RECONSTRUCTION FOR cat000352
======================================================================

Loading PDF from: /eos/home-e/evilla/dune/sn-tps/neural_networks/electron_direction/three_plane_three_plane_v58_200k_lr_schedule_20251118_110931/cosine_energy_pdf.npz
PDF loaded

======================================================================
SCENARIO (EMCEE): BEST_CASE
======================================================================

Loaded 3744 matched main-track clusters across U, V, X planes
Selected 266 ES main tracks
After E > 3 MeV cut: 266 clusters
Running emcee: 64 walkers × 2000 steps...
Acceptance fraction: 15.1%
Mean direction: θ=165.45°, φ=110.36°
Uncertainties: Δθ=38.69°, Δφ=23.87°
68% credible angle: 25.13°

Angular error: 18.72°

======================================================================
SCENARIO (EMCEE): PERFECT_CT
======================================================================

Loaded 3744 matched main-track clusters across U, V, X planes
Selected 266 ES main tracks
Loading ED model from: /eos/home-e/evilla/dune/sn-tps/neural_networks/electron_direction/three_plane_three_plane_v58_200k_lr_schedule_20251118_110931/checkpoints/model_epoch_12_val_loss_0.8898.keras
Running ED inference...
After energy cut: 266 clusters
Running emcee: 64 walkers × 2000 steps...
Acceptance fraction: 14.3%
Mean direction: θ=-179.48°, φ=116.43°
Uncertainties: Δθ=29.15°, Δφ=20.85°
68% credible angle: 23.45°

Angular error: 29.58°

======================================================================
SCENARIO (EMCEE): FULL_PIPELINE
======================================================================

Loaded 3744 matched main-track clusters across U, V, X planes
Using all 3744 main-track clusters
Loading CT model from: /eos/user/e/evilla/dune/sn-tps/neural_networks/channel_tagging/ct_volume_v52_batch_reload_20251116_101125/best_model.keras
Running CT inference...
CT selected 3373 ES candidates from 3744 clusters
  ES prob range: [0.000, 1.000]
Loading ED model from: /eos/home-e/evilla/dune/sn-tps/neural_networks/electron_direction/three_plane_three_plane_v58_200k_lr_schedule_20251118_110931/checkpoints/model_epoch_12_val_loss_0.8898.keras
Running ED inference on 3373 clusters...
After E > 3 MeV cut: 3353 clusters
Running emcee: 64 walkers × 2000 steps...
Acceptance fraction: 4.4%
Mean direction: θ=-154.33°, φ=123.39°
Uncertainties: Δθ=53.80°, Δφ=24.29°
68% credible angle: 54.59°

Angular error: 49.63°

======================================================================
SCENARIO (EMCEE): WEIGHTED_CT
======================================================================

Loaded 3744 matched main-track clusters across U, V, X planes
Using all 3744 main-track clusters
Loading CT model from: /eos/user/e/evilla/dune/sn-tps/neural_networks/channel_tagging/ct_volume_v52_batch_reload_20251116_101125/best_model.keras
Running CT inference...
CT selected 3373 ES candidates from 3744 clusters
  ES prob range: [0.000, 1.000]
Loading ED model from: /eos/home-e/evilla/dune/sn-tps/neural_networks/electron_direction/three_plane_three_plane_v58_200k_lr_schedule_20251118_110931/checkpoints/model_epoch_12_val_loss_0.8898.keras
Running ED inference on 3373 clusters...
Using CT weights (ES probabilities)
After E > 3 MeV cut: 3353 clusters
Running weighted MCMC with 3353 weights
Running emcee: 64 walkers × 2000 steps...
Acceptance fraction: 5.9%
Mean direction: θ=-151.48°, φ=129.70°
Uncertainties: Δθ=60.35°, Δφ=21.97°
68% credible angle: 57.91°

Angular error: 50.83°

======================================================================
SCENARIO (EMCEE): PERFECT_CT_E_GT_10MEV
======================================================================

Loaded 3744 matched main-track clusters across U, V, X planes
Selected 266 ES main tracks
Loading ED model from: /eos/home-e/evilla/dune/sn-tps/neural_networks/electron_direction/three_plane_three_plane_v58_200k_lr_schedule_20251118_110931/checkpoints/model_epoch_12_val_loss_0.8898.keras
Running ED inference...
Applying E > 10 MeV cut
After energy cut: 148 clusters
Running emcee: 64 walkers × 2000 steps...
Acceptance fraction: 8.6%
Mean direction: θ=173.85°, φ=107.52°
Uncertainties: Δθ=55.32°, Δφ=35.38°
68% credible angle: 41.45°

Angular error: 27.01°

======================================================================
SCENARIO (EMCEE): PERFECT_CT_E_GT_20MEV
======================================================================

Loaded 3744 matched main-track clusters across U, V, X planes
Selected 266 ES main tracks
Loading ED model from: /eos/home-e/evilla/dune/sn-tps/neural_networks/electron_direction/three_plane_three_plane_v58_200k_lr_schedule_20251118_110931/checkpoints/model_epoch_12_val_loss_0.8898.keras
Running ED inference...
Applying E > 20 MeV cut
After energy cut: 43 clusters
Running emcee: 64 walkers × 2000 steps...
Acceptance fraction: 12.4%
Mean direction: θ=171.78°, φ=111.11°
Uncertainties: Δθ=47.20°, Δφ=26.29°
68% credible angle: 22.69°

Angular error: 23.62°

✓ Saved: /eos/project-e/ep-nu/evilla/sn-pointing/cat000352/pipeline/cat000352_scenario_best_case_emcee.npz

✓ Saved: /eos/project-e/ep-nu/evilla/sn-pointing/cat000352/pipeline/cat000352_scenario_perfect_ct_emcee.npz

✓ Saved: /eos/project-e/ep-nu/evilla/sn-pointing/cat000352/pipeline/cat000352_scenario_full_pipeline_emcee.npz

✓ Saved: /eos/project-e/ep-nu/evilla/sn-pointing/cat000352/pipeline/cat000352_scenario_weighted_ct_emcee.npz

✓ Saved: /eos/project-e/ep-nu/evilla/sn-pointing/cat000352/pipeline/cat000352_scenario_perfect_ct_e_gt_10mev_emcee.npz

✓ Saved: /eos/project-e/ep-nu/evilla/sn-pointing/cat000352/pipeline/cat000352_scenario_perfect_ct_e_gt_20mev_emcee.npz
✓ cat000352 completed successfully
