Processing cat000159 with 6 scenarios...
Cat directory: /eos/project-e/ep-nu/evilla/sn-pointing/cat000159
======================================================================
EMCEE RECONSTRUCTION FOR cat000159
======================================================================

Loading PDF from: /eos/home-e/evilla/dune/sn-tps/neural_networks/electron_direction/three_plane_three_plane_v58_200k_lr_schedule_20251118_110931/cosine_energy_pdf.npz
PDF loaded

======================================================================
SCENARIO (EMCEE): BEST_CASE
======================================================================

Loaded 3418 matched main-track clusters across U, V, X planes
Selected 277 ES main tracks
After E > 3 MeV cut: 277 clusters
Running emcee: 64 walkers × 2000 steps...
Acceptance fraction: 17.2%
Mean direction: θ=23.60°, φ=112.94°
Uncertainties: Δθ=19.10°, Δφ=13.96°
68% credible angle: 26.39°

Angular error: 14.67°

======================================================================
SCENARIO (EMCEE): PERFECT_CT
======================================================================

Loaded 3418 matched main-track clusters across U, V, X planes
Selected 277 ES main tracks
Loading ED model from: /eos/home-e/evilla/dune/sn-tps/neural_networks/electron_direction/three_plane_three_plane_v58_200k_lr_schedule_20251118_110931/checkpoints/model_epoch_12_val_loss_0.8898.keras
Running ED inference...
After energy cut: 277 clusters
Running emcee: 64 walkers × 2000 steps...
Acceptance fraction: 19.1%
Mean direction: θ=24.69°, φ=118.90°
Uncertainties: Δθ=22.48°, Δφ=16.83°
68% credible angle: 30.26°

Angular error: 9.62°

======================================================================
SCENARIO (EMCEE): FULL_PIPELINE
======================================================================

Loaded 3418 matched main-track clusters across U, V, X planes
Using all 3418 main-track clusters
Loading CT model from: /eos/user/e/evilla/dune/sn-tps/neural_networks/channel_tagging/ct_volume_v52_batch_reload_20251116_101125/best_model.keras
Running CT inference...
CT selected 3120 ES candidates from 3418 clusters
  ES prob range: [0.000, 1.000]
Loading ED model from: /eos/home-e/evilla/dune/sn-tps/neural_networks/electron_direction/three_plane_three_plane_v58_200k_lr_schedule_20251118_110931/checkpoints/model_epoch_12_val_loss_0.8898.keras
Running ED inference on 3120 clusters...
After E > 3 MeV cut: 3100 clusters
Running emcee: 64 walkers × 2000 steps...
Acceptance fraction: 4.6%
Mean direction: θ=90.62°, φ=116.54°
Uncertainties: Δθ=138.46°, Δφ=31.39°
68% credible angle: 98.41°

Angular error: 48.91°

======================================================================
SCENARIO (EMCEE): WEIGHTED_CT
======================================================================

Loaded 3418 matched main-track clusters across U, V, X planes
Using all 3418 main-track clusters
Loading CT model from: /eos/user/e/evilla/dune/sn-tps/neural_networks/channel_tagging/ct_volume_v52_batch_reload_20251116_101125/best_model.keras
Running CT inference...
CT selected 3120 ES candidates from 3418 clusters
  ES prob range: [0.000, 1.000]
Loading ED model from: /eos/home-e/evilla/dune/sn-tps/neural_networks/electron_direction/three_plane_three_plane_v58_200k_lr_schedule_20251118_110931/checkpoints/model_epoch_12_val_loss_0.8898.keras
Running ED inference on 3120 clusters...
Using CT weights (ES probabilities)
After E > 3 MeV cut: 3100 clusters
Running weighted MCMC with 3100 weights
Running emcee: 64 walkers × 2000 steps...
Acceptance fraction: 3.8%
Mean direction: θ=-112.59°, φ=112.44°
Uncertainties: Δθ=100.48°, Δφ=33.78°
68% credible angle: 91.13°

Angular error: 114.71°

======================================================================
SCENARIO (EMCEE): PERFECT_CT_E_GT_10MEV
======================================================================

Loaded 3418 matched main-track clusters across U, V, X planes
Selected 277 ES main tracks
Loading ED model from: /eos/home-e/evilla/dune/sn-tps/neural_networks/electron_direction/three_plane_three_plane_v58_200k_lr_schedule_20251118_110931/checkpoints/model_epoch_12_val_loss_0.8898.keras
Running ED inference...
Applying E > 10 MeV cut
After energy cut: 138 clusters
Running emcee: 64 walkers × 2000 steps...
Acceptance fraction: 16.2%
Mean direction: θ=5.23°, φ=122.40°
Uncertainties: Δθ=18.08°, Δφ=17.25°
68% credible angle: 18.38°

Angular error: 23.90°

======================================================================
SCENARIO (EMCEE): PERFECT_CT_E_GT_20MEV
======================================================================

Loaded 3418 matched main-track clusters across U, V, X planes
Selected 277 ES main tracks
Loading ED model from: /eos/home-e/evilla/dune/sn-tps/neural_networks/electron_direction/three_plane_three_plane_v58_200k_lr_schedule_20251118_110931/checkpoints/model_epoch_12_val_loss_0.8898.keras
Running ED inference...
Applying E > 20 MeV cut
After energy cut: 36 clusters
Running emcee: 64 walkers × 2000 steps...
Acceptance fraction: 17.9%
Mean direction: θ=14.83°, φ=112.05°
Uncertainties: Δθ=39.32°, Δφ=25.62°
68% credible angle: 12.96°

Angular error: 20.83°

✓ Saved: /eos/project-e/ep-nu/evilla/sn-pointing/cat000159/pipeline/cat000159_scenario_best_case_emcee.npz

✓ Saved: /eos/project-e/ep-nu/evilla/sn-pointing/cat000159/pipeline/cat000159_scenario_perfect_ct_emcee.npz

✓ Saved: /eos/project-e/ep-nu/evilla/sn-pointing/cat000159/pipeline/cat000159_scenario_full_pipeline_emcee.npz

✓ Saved: /eos/project-e/ep-nu/evilla/sn-pointing/cat000159/pipeline/cat000159_scenario_weighted_ct_emcee.npz

✓ Saved: /eos/project-e/ep-nu/evilla/sn-pointing/cat000159/pipeline/cat000159_scenario_perfect_ct_e_gt_10mev_emcee.npz

✓ Saved: /eos/project-e/ep-nu/evilla/sn-pointing/cat000159/pipeline/cat000159_scenario_perfect_ct_e_gt_20mev_emcee.npz
✓ cat000159 completed successfully
