Processing cat000249 with 6 scenarios...
Cat directory: /eos/project-e/ep-nu/evilla/sn-pointing/cat000249
======================================================================
EMCEE RECONSTRUCTION FOR cat000249
======================================================================

Loading PDF from: /eos/home-e/evilla/dune/sn-tps/neural_networks/electron_direction/three_plane_three_plane_v58_200k_lr_schedule_20251118_110931/cosine_energy_pdf.npz
PDF loaded

======================================================================
SCENARIO (EMCEE): BEST_CASE
======================================================================

Loaded 3756 matched main-track clusters across U, V, X planes
Selected 261 ES main tracks
After E > 3 MeV cut: 261 clusters
Running emcee: 64 walkers × 2000 steps...
Acceptance fraction: 6.4%
Mean direction: θ=-170.06°, φ=103.46°
Uncertainties: Δθ=57.32°, Δφ=29.63°
68% credible angle: 36.00°

Angular error: 15.58°

======================================================================
SCENARIO (EMCEE): PERFECT_CT
======================================================================

Loaded 3756 matched main-track clusters across U, V, X planes
Selected 261 ES main tracks
Loading ED model from: /eos/home-e/evilla/dune/sn-tps/neural_networks/electron_direction/three_plane_three_plane_v58_200k_lr_schedule_20251118_110931/checkpoints/model_epoch_12_val_loss_0.8898.keras
Running ED inference...
After energy cut: 261 clusters
Running emcee: 64 walkers × 2000 steps...
Acceptance fraction: 8.5%
Mean direction: θ=-173.32°, φ=109.76°
Uncertainties: Δθ=29.95°, Δφ=19.58°
68% credible angle: 24.22°

Angular error: 10.67°

======================================================================
SCENARIO (EMCEE): FULL_PIPELINE
======================================================================

Loaded 3756 matched main-track clusters across U, V, X planes
Using all 3756 main-track clusters
Loading CT model from: /eos/user/e/evilla/dune/sn-tps/neural_networks/channel_tagging/ct_volume_v52_batch_reload_20251116_101125/best_model.keras
Running CT inference...
CT selected 3424 ES candidates from 3756 clusters
  ES prob range: [0.000, 1.000]
Loading ED model from: /eos/home-e/evilla/dune/sn-tps/neural_networks/electron_direction/three_plane_three_plane_v58_200k_lr_schedule_20251118_110931/checkpoints/model_epoch_12_val_loss_0.8898.keras
Running ED inference on 3424 clusters...
After E > 3 MeV cut: 3403 clusters
Running emcee: 64 walkers × 2000 steps...
Acceptance fraction: 4.7%
Mean direction: θ=-159.82°, φ=111.21°
Uncertainties: Δθ=56.88°, Δφ=30.03°
68% credible angle: 57.05°

Angular error: 10.02°

======================================================================
SCENARIO (EMCEE): WEIGHTED_CT
======================================================================

Loaded 3756 matched main-track clusters across U, V, X planes
Using all 3756 main-track clusters
Loading CT model from: /eos/user/e/evilla/dune/sn-tps/neural_networks/channel_tagging/ct_volume_v52_batch_reload_20251116_101125/best_model.keras
Running CT inference...
CT selected 3424 ES candidates from 3756 clusters
  ES prob range: [0.000, 1.000]
Loading ED model from: /eos/home-e/evilla/dune/sn-tps/neural_networks/electron_direction/three_plane_three_plane_v58_200k_lr_schedule_20251118_110931/checkpoints/model_epoch_12_val_loss_0.8898.keras
Running ED inference on 3424 clusters...
Using CT weights (ES probabilities)
After E > 3 MeV cut: 3403 clusters
Running weighted MCMC with 3403 weights
Running emcee: 64 walkers × 2000 steps...
Acceptance fraction: 6.1%
Mean direction: θ=-155.19°, φ=114.07°
Uncertainties: Δθ=53.61°, Δφ=28.99°
68% credible angle: 57.66°

Angular error: 11.62°

======================================================================
SCENARIO (EMCEE): PERFECT_CT_E_GT_10MEV
======================================================================

Loaded 3756 matched main-track clusters across U, V, X planes
Selected 261 ES main tracks
Loading ED model from: /eos/home-e/evilla/dune/sn-tps/neural_networks/electron_direction/three_plane_three_plane_v58_200k_lr_schedule_20251118_110931/checkpoints/model_epoch_12_val_loss_0.8898.keras
Running ED inference...
Applying E > 10 MeV cut
After energy cut: 151 clusters
Running emcee: 64 walkers × 2000 steps...
Acceptance fraction: 8.3%
Mean direction: θ=-178.15°, φ=105.65°
Uncertainties: Δθ=32.38°, Δφ=22.30°
68% credible angle: 27.60°

Angular error: 16.65°

======================================================================
SCENARIO (EMCEE): PERFECT_CT_E_GT_20MEV
======================================================================

Loaded 3756 matched main-track clusters across U, V, X planes
Selected 261 ES main tracks
Loading ED model from: /eos/home-e/evilla/dune/sn-tps/neural_networks/electron_direction/three_plane_three_plane_v58_200k_lr_schedule_20251118_110931/checkpoints/model_epoch_12_val_loss_0.8898.keras
Running ED inference...
Applying E > 20 MeV cut
After energy cut: 36 clusters
Running emcee: 64 walkers × 2000 steps...
Acceptance fraction: 9.2%
Mean direction: θ=-177.06°, φ=111.13°
Uncertainties: Δθ=50.55°, Δφ=20.60°
68% credible angle: 27.36°

Angular error: 11.86°

✓ Saved: /eos/project-e/ep-nu/evilla/sn-pointing/cat000249/pipeline/cat000249_scenario_best_case_emcee.npz

✓ Saved: /eos/project-e/ep-nu/evilla/sn-pointing/cat000249/pipeline/cat000249_scenario_perfect_ct_emcee.npz

✓ Saved: /eos/project-e/ep-nu/evilla/sn-pointing/cat000249/pipeline/cat000249_scenario_full_pipeline_emcee.npz

✓ Saved: /eos/project-e/ep-nu/evilla/sn-pointing/cat000249/pipeline/cat000249_scenario_weighted_ct_emcee.npz

✓ Saved: /eos/project-e/ep-nu/evilla/sn-pointing/cat000249/pipeline/cat000249_scenario_perfect_ct_e_gt_10mev_emcee.npz

✓ Saved: /eos/project-e/ep-nu/evilla/sn-pointing/cat000249/pipeline/cat000249_scenario_perfect_ct_e_gt_20mev_emcee.npz
✓ cat000249 completed successfully
