==================================================================
Processing cat000225 with EMCEE - ALL SCENARIOS
==================================================================
======================================================================
EMCEE RECONSTRUCTION FOR cat000225
======================================================================

Loading PDF from: /eos/home-e/evilla/dune/sn-tps/neural_networks/electron_direction/three_plane_three_plane_v58_200k_lr_schedule_20251118_110931/cosine_energy_pdf.npz
PDF loaded

======================================================================
SCENARIO (EMCEE): PERFECT_CT
======================================================================

Loaded 3876 matched clusters across U, V, X planes
Selected clusters: 297
Running emcee: 64 walkers × 2000 steps...
Acceptance fraction: 14.3%
Mean direction: θ=-96.73°, φ=46.32°
Uncertainties: Δθ=41.27°, Δφ=19.99°
68% credible angle: 24.62°

Angular error: 4.05°

======================================================================
SCENARIO (EMCEE): ES_MAIN_CC_SHOWER
======================================================================

Loaded 3876 matched clusters across U, V, X planes
Selected clusters: 297
Running emcee: 64 walkers × 2000 steps...
Acceptance fraction: 12.4%
Mean direction: θ=-104.60°, φ=43.34°
Uncertainties: Δθ=45.40°, Δφ=20.60°
68% credible angle: 29.89°

Angular error: 10.34°

======================================================================
SCENARIO (EMCEE): ES_MAIN_CC_ALL
======================================================================

Loaded 3876 matched clusters across U, V, X planes
Selected clusters: 297
Running emcee: 64 walkers × 2000 steps...
Acceptance fraction: 12.7%
Mean direction: θ=-104.11°, φ=45.23°
Uncertainties: Δθ=52.02°, Δφ=28.22°
68% credible angle: 29.82°

Angular error: 9.38°

======================================================================
SCENARIO (EMCEE): ES_ALL_CC_SHOWER
======================================================================

Loaded 3876 matched clusters across U, V, X planes
Selected clusters: 297
Running emcee: 64 walkers × 2000 steps...
Acceptance fraction: 15.0%
Mean direction: θ=-98.69°, φ=39.44°
Uncertainties: Δθ=49.02°, Δφ=20.68°
68% credible angle: 29.53°

Angular error: 10.05°

======================================================================
SCENARIO (EMCEE): ES_ALL_CC_ALL
======================================================================

Loaded 3876 matched clusters across U, V, X planes
Selected clusters: 297
Running emcee: 64 walkers × 2000 steps...
Acceptance fraction: 12.0%
Mean direction: θ=-100.01°, φ=42.10°
Uncertainties: Δθ=44.04°, Δφ=21.03°
68% credible angle: 28.02°

Angular error: 8.46°

======================================================================
SCENARIO (EMCEE): ALL_TRACKS_ALL_SHOWERS
======================================================================

Loaded 3876 matched clusters across U, V, X planes
Selected clusters: 3876
Running emcee: 64 walkers × 2000 steps...
Acceptance fraction: 4.0%
Mean direction: θ=-135.41°, φ=80.42°
Uncertainties: Δθ=80.19°, Δφ=36.88°
68% credible angle: 74.92°

Angular error: 49.79°

✓ Saved: /eos/project-e/ep-nu/evilla/sn-pointing/cat000225/pipeline/cat000225_scenario_perfect_ct_emcee.npz

✓ Saved: /eos/project-e/ep-nu/evilla/sn-pointing/cat000225/pipeline/cat000225_scenario_es_main_cc_shower_emcee.npz

✓ Saved: /eos/project-e/ep-nu/evilla/sn-pointing/cat000225/pipeline/cat000225_scenario_es_main_cc_all_emcee.npz

✓ Saved: /eos/project-e/ep-nu/evilla/sn-pointing/cat000225/pipeline/cat000225_scenario_es_all_cc_shower_emcee.npz

✓ Saved: /eos/project-e/ep-nu/evilla/sn-pointing/cat000225/pipeline/cat000225_scenario_es_all_cc_all_emcee.npz

✓ Saved: /eos/project-e/ep-nu/evilla/sn-pointing/cat000225/pipeline/cat000225_scenario_all_tracks_all_showers_emcee.npz
✓ cat000225 completed successfully
