Processing cat000166 with 6 scenarios...
Cat directory: /eos/project-e/ep-nu/evilla/sn-pointing/cat000166
======================================================================
EMCEE RECONSTRUCTION FOR cat000166
======================================================================

Loading PDF from: /eos/home-e/evilla/dune/sn-tps/neural_networks/electron_direction/three_plane_three_plane_v58_200k_lr_schedule_20251118_110931/cosine_energy_pdf.npz
PDF loaded

======================================================================
SCENARIO (EMCEE): BEST_CASE
======================================================================

Loaded 3635 matched main-track clusters across U, V, X planes
Selected 298 ES main tracks
After E > 3 MeV cut: 298 clusters
Running emcee: 64 walkers × 2000 steps...
Acceptance fraction: 13.1%
Mean direction: θ=114.93°, φ=57.02°
Uncertainties: Δθ=91.09°, Δφ=48.22°
68% credible angle: 69.43°

Angular error: 45.79°

======================================================================
SCENARIO (EMCEE): PERFECT_CT
======================================================================

Loaded 3635 matched main-track clusters across U, V, X planes
Selected 298 ES main tracks
Loading ED model from: /eos/home-e/evilla/dune/sn-tps/neural_networks/electron_direction/three_plane_three_plane_v58_200k_lr_schedule_20251118_110931/checkpoints/model_epoch_12_val_loss_0.8898.keras
Running ED inference...
After energy cut: 298 clusters
Running emcee: 64 walkers × 2000 steps...
Acceptance fraction: 11.4%
Mean direction: θ=-153.91°, φ=21.08°
Uncertainties: Δθ=92.32°, Δφ=11.18°
68% credible angle: 38.77°

Angular error: 18.20°

======================================================================
SCENARIO (EMCEE): FULL_PIPELINE
======================================================================

Loaded 3635 matched main-track clusters across U, V, X planes
Using all 3635 main-track clusters
Loading CT model from: /eos/user/e/evilla/dune/sn-tps/neural_networks/channel_tagging/ct_volume_v52_batch_reload_20251116_101125/best_model.keras
Running CT inference...
CT selected 3306 ES candidates from 3635 clusters
  ES prob range: [0.000, 1.000]
Loading ED model from: /eos/home-e/evilla/dune/sn-tps/neural_networks/electron_direction/three_plane_three_plane_v58_200k_lr_schedule_20251118_110931/checkpoints/model_epoch_12_val_loss_0.8898.keras
Running ED inference on 3306 clusters...
After E > 3 MeV cut: 3289 clusters
Running emcee: 64 walkers × 2000 steps...
Acceptance fraction: 3.8%
Mean direction: θ=-150.11°, φ=77.06°
Uncertainties: Δθ=95.18°, Δφ=36.80°
68% credible angle: 83.21°

Angular error: 71.24°

======================================================================
SCENARIO (EMCEE): WEIGHTED_CT
======================================================================

Loaded 3635 matched main-track clusters across U, V, X planes
Using all 3635 main-track clusters
Loading CT model from: /eos/user/e/evilla/dune/sn-tps/neural_networks/channel_tagging/ct_volume_v52_batch_reload_20251116_101125/best_model.keras
Running CT inference...
CT selected 3306 ES candidates from 3635 clusters
  ES prob range: [0.000, 1.000]
Loading ED model from: /eos/home-e/evilla/dune/sn-tps/neural_networks/electron_direction/three_plane_three_plane_v58_200k_lr_schedule_20251118_110931/checkpoints/model_epoch_12_val_loss_0.8898.keras
Running ED inference on 3306 clusters...
Using CT weights (ES probabilities)
After E > 3 MeV cut: 3289 clusters
Running weighted MCMC with 3289 weights
Running emcee: 64 walkers × 2000 steps...
Acceptance fraction: 4.7%
Mean direction: θ=-137.22°, φ=82.54°
Uncertainties: Δθ=72.71°, Δφ=33.89°
68% credible angle: 83.26°

Angular error: 79.48°

======================================================================
SCENARIO (EMCEE): PERFECT_CT_E_GT_10MEV
======================================================================

Loaded 3635 matched main-track clusters across U, V, X planes
Selected 298 ES main tracks
Loading ED model from: /eos/home-e/evilla/dune/sn-tps/neural_networks/electron_direction/three_plane_three_plane_v58_200k_lr_schedule_20251118_110931/checkpoints/model_epoch_12_val_loss_0.8898.keras
Running ED inference...
Applying E > 10 MeV cut
After energy cut: 130 clusters
Running emcee: 64 walkers × 2000 steps...
Acceptance fraction: 18.8%
Mean direction: θ=-97.20°, φ=27.74°
Uncertainties: Δθ=74.92°, Δφ=19.70°
68% credible angle: 24.19°

Angular error: 35.74°

======================================================================
SCENARIO (EMCEE): PERFECT_CT_E_GT_20MEV
======================================================================

Loaded 3635 matched main-track clusters across U, V, X planes
Selected 298 ES main tracks
Loading ED model from: /eos/home-e/evilla/dune/sn-tps/neural_networks/electron_direction/three_plane_three_plane_v58_200k_lr_schedule_20251118_110931/checkpoints/model_epoch_12_val_loss_0.8898.keras
Running ED inference...
Applying E > 20 MeV cut
After energy cut: 28 clusters
Running emcee: 64 walkers × 2000 steps...
Acceptance fraction: 18.4%
Mean direction: θ=169.60°, φ=49.17°
Uncertainties: Δθ=68.22°, Δφ=64.52°
68% credible angle: 46.48°

Angular error: 36.87°

✓ Saved: /eos/project-e/ep-nu/evilla/sn-pointing/cat000166/pipeline/cat000166_scenario_best_case_emcee.npz

✓ Saved: /eos/project-e/ep-nu/evilla/sn-pointing/cat000166/pipeline/cat000166_scenario_perfect_ct_emcee.npz

✓ Saved: /eos/project-e/ep-nu/evilla/sn-pointing/cat000166/pipeline/cat000166_scenario_full_pipeline_emcee.npz

✓ Saved: /eos/project-e/ep-nu/evilla/sn-pointing/cat000166/pipeline/cat000166_scenario_weighted_ct_emcee.npz

✓ Saved: /eos/project-e/ep-nu/evilla/sn-pointing/cat000166/pipeline/cat000166_scenario_perfect_ct_e_gt_10mev_emcee.npz

✓ Saved: /eos/project-e/ep-nu/evilla/sn-pointing/cat000166/pipeline/cat000166_scenario_perfect_ct_e_gt_20mev_emcee.npz
✓ cat000166 completed successfully
