Processing cat000557 with 6 scenarios...
Cat directory: /eos/project-e/ep-nu/evilla/sn-pointing/cat000557
======================================================================
EMCEE RECONSTRUCTION FOR cat000557
======================================================================

Loading PDF from: /eos/home-e/evilla/dune/sn-tps/neural_networks/electron_direction/three_plane_three_plane_v58_200k_lr_schedule_20251118_110931/cosine_energy_pdf.npz
PDF loaded

======================================================================
SCENARIO (EMCEE): BEST_CASE
======================================================================

Loaded 3416 matched main-track clusters across U, V, X planes
Selected 287 ES main tracks
After E > 3 MeV cut: 287 clusters
Running emcee: 64 walkers × 2000 steps...
Acceptance fraction: 10.1%
Mean direction: θ=-108.26°, φ=117.42°
Uncertainties: Δθ=46.48°, Δφ=26.77°
68% credible angle: 30.52°

Angular error: 7.28°

======================================================================
SCENARIO (EMCEE): PERFECT_CT
======================================================================

Loaded 3416 matched main-track clusters across U, V, X planes
Selected 287 ES main tracks
Loading ED model from: /eos/home-e/evilla/dune/sn-tps/neural_networks/electron_direction/three_plane_three_plane_v58_200k_lr_schedule_20251118_110931/checkpoints/model_epoch_12_val_loss_0.8898.keras
Running ED inference...
After energy cut: 287 clusters
Running emcee: 64 walkers × 2000 steps...
Acceptance fraction: 11.4%
Mean direction: θ=-146.41°, φ=136.71°
Uncertainties: Δθ=32.99°, Δφ=25.67°
68% credible angle: 33.14°

Angular error: 31.30°

======================================================================
SCENARIO (EMCEE): FULL_PIPELINE
======================================================================

Loaded 3416 matched main-track clusters across U, V, X planes
Using all 3416 main-track clusters
Loading CT model from: /eos/user/e/evilla/dune/sn-tps/neural_networks/channel_tagging/ct_volume_v52_batch_reload_20251116_101125/best_model.keras
Running CT inference...
CT selected 3126 ES candidates from 3416 clusters
  ES prob range: [0.000, 1.000]
Loading ED model from: /eos/home-e/evilla/dune/sn-tps/neural_networks/electron_direction/three_plane_three_plane_v58_200k_lr_schedule_20251118_110931/checkpoints/model_epoch_12_val_loss_0.8898.keras
Running ED inference on 3126 clusters...
After E > 3 MeV cut: 3117 clusters
Running emcee: 64 walkers × 2000 steps...
Acceptance fraction: 4.2%
Mean direction: θ=-175.38°, φ=106.25°
Uncertainties: Δθ=60.12°, Δφ=31.29°
68% credible angle: 59.47°

Angular error: 62.64°

======================================================================
SCENARIO (EMCEE): WEIGHTED_CT
======================================================================

Loaded 3416 matched main-track clusters across U, V, X planes
Using all 3416 main-track clusters
Loading CT model from: /eos/user/e/evilla/dune/sn-tps/neural_networks/channel_tagging/ct_volume_v52_batch_reload_20251116_101125/best_model.keras
Running CT inference...
CT selected 3126 ES candidates from 3416 clusters
  ES prob range: [0.000, 1.000]
Loading ED model from: /eos/home-e/evilla/dune/sn-tps/neural_networks/electron_direction/three_plane_three_plane_v58_200k_lr_schedule_20251118_110931/checkpoints/model_epoch_12_val_loss_0.8898.keras
Running ED inference on 3126 clusters...
Using CT weights (ES probabilities)
After E > 3 MeV cut: 3117 clusters
Running weighted MCMC with 3117 weights
Running emcee: 64 walkers × 2000 steps...
Acceptance fraction: 4.4%
Mean direction: θ=-149.82°, φ=100.75°
Uncertainties: Δθ=57.52°, Δφ=24.80°
68% credible angle: 77.62°

Angular error: 45.11°

======================================================================
SCENARIO (EMCEE): PERFECT_CT_E_GT_10MEV
======================================================================

Loaded 3416 matched main-track clusters across U, V, X planes
Selected 287 ES main tracks
Loading ED model from: /eos/home-e/evilla/dune/sn-tps/neural_networks/electron_direction/three_plane_three_plane_v58_200k_lr_schedule_20251118_110931/checkpoints/model_epoch_12_val_loss_0.8898.keras
Running ED inference...
Applying E > 10 MeV cut
After energy cut: 148 clusters
Running emcee: 64 walkers × 2000 steps...
Acceptance fraction: 8.5%
Mean direction: θ=-146.49°, φ=136.84°
Uncertainties: Δθ=32.54°, Δφ=24.10°
68% credible angle: 32.94°

Angular error: 31.38°

======================================================================
SCENARIO (EMCEE): PERFECT_CT_E_GT_20MEV
======================================================================

Loaded 3416 matched main-track clusters across U, V, X planes
Selected 287 ES main tracks
Loading ED model from: /eos/home-e/evilla/dune/sn-tps/neural_networks/electron_direction/three_plane_three_plane_v58_200k_lr_schedule_20251118_110931/checkpoints/model_epoch_12_val_loss_0.8898.keras
Running ED inference...
Applying E > 20 MeV cut
After energy cut: 40 clusters
Running emcee: 64 walkers × 2000 steps...
Acceptance fraction: 12.1%
Mean direction: θ=-138.59°, φ=119.27°
Uncertainties: Δθ=63.93°, Δφ=30.26°
68% credible angle: 48.44°

Angular error: 26.61°

✓ Saved: /eos/project-e/ep-nu/evilla/sn-pointing/cat000557/pipeline/cat000557_scenario_best_case_emcee.npz

✓ Saved: /eos/project-e/ep-nu/evilla/sn-pointing/cat000557/pipeline/cat000557_scenario_perfect_ct_emcee.npz

✓ Saved: /eos/project-e/ep-nu/evilla/sn-pointing/cat000557/pipeline/cat000557_scenario_full_pipeline_emcee.npz

✓ Saved: /eos/project-e/ep-nu/evilla/sn-pointing/cat000557/pipeline/cat000557_scenario_weighted_ct_emcee.npz

✓ Saved: /eos/project-e/ep-nu/evilla/sn-pointing/cat000557/pipeline/cat000557_scenario_perfect_ct_e_gt_10mev_emcee.npz

✓ Saved: /eos/project-e/ep-nu/evilla/sn-pointing/cat000557/pipeline/cat000557_scenario_perfect_ct_e_gt_20mev_emcee.npz
✓ cat000557 completed successfully
