Processing cat000462 with 6 scenarios...
Cat directory: /eos/project-e/ep-nu/evilla/sn-pointing/cat000462
======================================================================
EMCEE RECONSTRUCTION FOR cat000462
======================================================================

Loading PDF from: /eos/home-e/evilla/dune/sn-tps/neural_networks/electron_direction/three_plane_three_plane_v58_200k_lr_schedule_20251118_110931/cosine_energy_pdf.npz
PDF loaded

======================================================================
SCENARIO (EMCEE): BEST_CASE
======================================================================

Loaded 3481 matched main-track clusters across U, V, X planes
Selected 282 ES main tracks
After E > 3 MeV cut: 282 clusters
Running emcee: 64 walkers × 2000 steps...
Acceptance fraction: 6.3%
Mean direction: θ=43.47°, φ=88.85°
Uncertainties: Δθ=42.45°, Δφ=16.95°
68% credible angle: 21.57°

Angular error: 19.12°

======================================================================
SCENARIO (EMCEE): PERFECT_CT
======================================================================

Loaded 3481 matched main-track clusters across U, V, X planes
Selected 282 ES main tracks
Loading ED model from: /eos/home-e/evilla/dune/sn-tps/neural_networks/electron_direction/three_plane_three_plane_v58_200k_lr_schedule_20251118_110931/checkpoints/model_epoch_12_val_loss_0.8898.keras
Running ED inference...
After energy cut: 282 clusters
Running emcee: 64 walkers × 2000 steps...
Acceptance fraction: 16.6%
Mean direction: θ=62.01°, φ=90.43°
Uncertainties: Δθ=6.35°, Δφ=15.47°
68% credible angle: 14.87°

Angular error: 5.85°

======================================================================
SCENARIO (EMCEE): FULL_PIPELINE
======================================================================

Loaded 3481 matched main-track clusters across U, V, X planes
Using all 3481 main-track clusters
Loading CT model from: /eos/user/e/evilla/dune/sn-tps/neural_networks/channel_tagging/ct_volume_v52_batch_reload_20251116_101125/best_model.keras
Running CT inference...
CT selected 3137 ES candidates from 3481 clusters
  ES prob range: [0.000, 1.000]
Loading ED model from: /eos/home-e/evilla/dune/sn-tps/neural_networks/electron_direction/three_plane_three_plane_v58_200k_lr_schedule_20251118_110931/checkpoints/model_epoch_12_val_loss_0.8898.keras
Running ED inference on 3137 clusters...
After E > 3 MeV cut: 3120 clusters
Running emcee: 64 walkers × 2000 steps...
Acceptance fraction: 2.9%
Mean direction: θ=-149.35°, φ=88.94°
Uncertainties: Δθ=85.78°, Δφ=32.37°
68% credible angle: 86.13°

Angular error: 149.14°

======================================================================
SCENARIO (EMCEE): WEIGHTED_CT
======================================================================

Loaded 3481 matched main-track clusters across U, V, X planes
Using all 3481 main-track clusters
Loading CT model from: /eos/user/e/evilla/dune/sn-tps/neural_networks/channel_tagging/ct_volume_v52_batch_reload_20251116_101125/best_model.keras
Running CT inference...
CT selected 3137 ES candidates from 3481 clusters
  ES prob range: [0.000, 1.000]
Loading ED model from: /eos/home-e/evilla/dune/sn-tps/neural_networks/electron_direction/three_plane_three_plane_v58_200k_lr_schedule_20251118_110931/checkpoints/model_epoch_12_val_loss_0.8898.keras
Running ED inference on 3137 clusters...
Using CT weights (ES probabilities)
After E > 3 MeV cut: 3120 clusters
Running weighted MCMC with 3120 weights
Running emcee: 64 walkers × 2000 steps...
Acceptance fraction: 2.9%
Mean direction: θ=-164.57°, φ=91.75°
Uncertainties: Δθ=85.29°, Δφ=27.97°
68% credible angle: 74.70°

Angular error: 133.67°

======================================================================
SCENARIO (EMCEE): PERFECT_CT_E_GT_10MEV
======================================================================

Loaded 3481 matched main-track clusters across U, V, X planes
Selected 282 ES main tracks
Loading ED model from: /eos/home-e/evilla/dune/sn-tps/neural_networks/electron_direction/three_plane_three_plane_v58_200k_lr_schedule_20251118_110931/checkpoints/model_epoch_12_val_loss_0.8898.keras
Running ED inference...
Applying E > 10 MeV cut
After energy cut: 144 clusters
Running emcee: 64 walkers × 2000 steps...
Acceptance fraction: 26.8%
Mean direction: θ=64.52°, φ=93.71°
Uncertainties: Δθ=40.53°, Δφ=11.63°
68% credible angle: 16.68°

Angular error: 4.19°

======================================================================
SCENARIO (EMCEE): PERFECT_CT_E_GT_20MEV
======================================================================

Loaded 3481 matched main-track clusters across U, V, X planes
Selected 282 ES main tracks
Loading ED model from: /eos/home-e/evilla/dune/sn-tps/neural_networks/electron_direction/three_plane_three_plane_v58_200k_lr_schedule_20251118_110931/checkpoints/model_epoch_12_val_loss_0.8898.keras
Running ED inference...
Applying E > 20 MeV cut
After energy cut: 40 clusters
Running emcee: 64 walkers × 2000 steps...
Acceptance fraction: 13.5%
Mean direction: θ=55.05°, φ=94.28°
Uncertainties: Δθ=102.14°, Δφ=12.91°
68% credible angle: 139.94°

Angular error: 6.38°

✓ Saved: /eos/project-e/ep-nu/evilla/sn-pointing/cat000462/pipeline/cat000462_scenario_best_case_emcee.npz

✓ Saved: /eos/project-e/ep-nu/evilla/sn-pointing/cat000462/pipeline/cat000462_scenario_perfect_ct_emcee.npz

✓ Saved: /eos/project-e/ep-nu/evilla/sn-pointing/cat000462/pipeline/cat000462_scenario_full_pipeline_emcee.npz

✓ Saved: /eos/project-e/ep-nu/evilla/sn-pointing/cat000462/pipeline/cat000462_scenario_weighted_ct_emcee.npz

✓ Saved: /eos/project-e/ep-nu/evilla/sn-pointing/cat000462/pipeline/cat000462_scenario_perfect_ct_e_gt_10mev_emcee.npz

✓ Saved: /eos/project-e/ep-nu/evilla/sn-pointing/cat000462/pipeline/cat000462_scenario_perfect_ct_e_gt_20mev_emcee.npz
✓ cat000462 completed successfully
