Processing cat000587 with 6 scenarios...
Cat directory: /eos/project-e/ep-nu/evilla/sn-pointing/cat000587
======================================================================
EMCEE RECONSTRUCTION FOR cat000587
======================================================================

Loading PDF from: /eos/home-e/evilla/dune/sn-tps/neural_networks/electron_direction/three_plane_three_plane_v58_200k_lr_schedule_20251118_110931/cosine_energy_pdf.npz
PDF loaded

======================================================================
SCENARIO (EMCEE): BEST_CASE
======================================================================

Loaded 2697 matched main-track clusters across U, V, X planes
Selected 282 ES main tracks
After E > 3 MeV cut: 282 clusters
Running emcee: 64 walkers × 2000 steps...
Acceptance fraction: 12.9%
Mean direction: θ=-40.62°, φ=141.52°
Uncertainties: Δθ=78.12°, Δφ=37.84°
68% credible angle: 44.18°

Angular error: 24.80°

======================================================================
SCENARIO (EMCEE): PERFECT_CT
======================================================================

Loaded 2697 matched main-track clusters across U, V, X planes
Selected 282 ES main tracks
Loading ED model from: /eos/home-e/evilla/dune/sn-tps/neural_networks/electron_direction/three_plane_three_plane_v58_200k_lr_schedule_20251118_110931/checkpoints/model_epoch_12_val_loss_0.8898.keras
Running ED inference...
After energy cut: 282 clusters
Running emcee: 64 walkers × 2000 steps...
Acceptance fraction: 13.3%
Mean direction: θ=-102.39°, φ=152.28°
Uncertainties: Δθ=87.76°, Δφ=4.11°
68% credible angle: 31.15°

Angular error: 13.80°

======================================================================
SCENARIO (EMCEE): FULL_PIPELINE
======================================================================

Loaded 2697 matched main-track clusters across U, V, X planes
Using all 2697 main-track clusters
Loading CT model from: /eos/user/e/evilla/dune/sn-tps/neural_networks/channel_tagging/ct_volume_v52_batch_reload_20251116_101125/best_model.keras
Running CT inference...
CT selected 2474 ES candidates from 2697 clusters
  ES prob range: [0.000, 1.000]
Loading ED model from: /eos/home-e/evilla/dune/sn-tps/neural_networks/electron_direction/three_plane_three_plane_v58_200k_lr_schedule_20251118_110931/checkpoints/model_epoch_12_val_loss_0.8898.keras
Running ED inference on 2474 clusters...
After E > 3 MeV cut: 2457 clusters
Running emcee: 64 walkers × 2000 steps...
Acceptance fraction: 4.4%
Mean direction: θ=-143.96°, φ=116.78°
Uncertainties: Δθ=79.34°, Δφ=41.52°
68% credible angle: 69.27°

Angular error: 58.06°

======================================================================
SCENARIO (EMCEE): WEIGHTED_CT
======================================================================

Loaded 2697 matched main-track clusters across U, V, X planes
Using all 2697 main-track clusters
Loading CT model from: /eos/user/e/evilla/dune/sn-tps/neural_networks/channel_tagging/ct_volume_v52_batch_reload_20251116_101125/best_model.keras
Running CT inference...
CT selected 2474 ES candidates from 2697 clusters
  ES prob range: [0.000, 1.000]
Loading ED model from: /eos/home-e/evilla/dune/sn-tps/neural_networks/electron_direction/three_plane_three_plane_v58_200k_lr_schedule_20251118_110931/checkpoints/model_epoch_12_val_loss_0.8898.keras
Running ED inference on 2474 clusters...
Using CT weights (ES probabilities)
After E > 3 MeV cut: 2457 clusters
Running weighted MCMC with 2457 weights
Running emcee: 64 walkers × 2000 steps...
Acceptance fraction: 3.8%
Mean direction: θ=-127.28°, φ=120.67°
Uncertainties: Δθ=68.75°, Δφ=36.36°
68% credible angle: 73.17°

Angular error: 49.27°

======================================================================
SCENARIO (EMCEE): PERFECT_CT_E_GT_10MEV
======================================================================

Loaded 2697 matched main-track clusters across U, V, X planes
Selected 282 ES main tracks
Loading ED model from: /eos/home-e/evilla/dune/sn-tps/neural_networks/electron_direction/three_plane_three_plane_v58_200k_lr_schedule_20251118_110931/checkpoints/model_epoch_12_val_loss_0.8898.keras
Running ED inference...
Applying E > 10 MeV cut
After energy cut: 142 clusters
Running emcee: 64 walkers × 2000 steps...
Acceptance fraction: 20.1%
Mean direction: θ=-64.23°, φ=151.49°
Uncertainties: Δθ=42.85°, Δφ=29.18°
68% credible angle: 10.61°

Angular error: 10.40°

======================================================================
SCENARIO (EMCEE): PERFECT_CT_E_GT_20MEV
======================================================================

Loaded 2697 matched main-track clusters across U, V, X planes
Selected 282 ES main tracks
Loading ED model from: /eos/home-e/evilla/dune/sn-tps/neural_networks/electron_direction/three_plane_three_plane_v58_200k_lr_schedule_20251118_110931/checkpoints/model_epoch_12_val_loss_0.8898.keras
Running ED inference...
Applying E > 20 MeV cut
After energy cut: 28 clusters
Running emcee: 64 walkers × 2000 steps...
Acceptance fraction: 24.1%
Mean direction: θ=-81.63°, φ=127.44°
Uncertainties: Δθ=71.51°, Δφ=62.68°
68% credible angle: 56.42°

Angular error: 33.78°

✓ Saved: /eos/project-e/ep-nu/evilla/sn-pointing/cat000587/pipeline/cat000587_scenario_best_case_emcee.npz

✓ Saved: /eos/project-e/ep-nu/evilla/sn-pointing/cat000587/pipeline/cat000587_scenario_perfect_ct_emcee.npz

✓ Saved: /eos/project-e/ep-nu/evilla/sn-pointing/cat000587/pipeline/cat000587_scenario_full_pipeline_emcee.npz

✓ Saved: /eos/project-e/ep-nu/evilla/sn-pointing/cat000587/pipeline/cat000587_scenario_weighted_ct_emcee.npz

✓ Saved: /eos/project-e/ep-nu/evilla/sn-pointing/cat000587/pipeline/cat000587_scenario_perfect_ct_e_gt_10mev_emcee.npz

✓ Saved: /eos/project-e/ep-nu/evilla/sn-pointing/cat000587/pipeline/cat000587_scenario_perfect_ct_e_gt_20mev_emcee.npz
✓ cat000587 completed successfully
