Processing cat000573 with 6 scenarios...
Cat directory: /eos/project-e/ep-nu/evilla/sn-pointing/cat000573
======================================================================
EMCEE RECONSTRUCTION FOR cat000573
======================================================================

Loading PDF from: /eos/home-e/evilla/dune/sn-tps/neural_networks/electron_direction/three_plane_three_plane_v58_200k_lr_schedule_20251118_110931/cosine_energy_pdf.npz
PDF loaded

======================================================================
SCENARIO (EMCEE): BEST_CASE
======================================================================

Loaded 3212 matched main-track clusters across U, V, X planes
Selected 262 ES main tracks
After E > 3 MeV cut: 262 clusters
Running emcee: 64 walkers × 2000 steps...
Acceptance fraction: 6.6%
Mean direction: θ=37.87°, φ=93.07°
Uncertainties: Δθ=22.25°, Δφ=20.36°
68% credible angle: 27.38°

Angular error: 4.14°

======================================================================
SCENARIO (EMCEE): PERFECT_CT
======================================================================

Loaded 3212 matched main-track clusters across U, V, X planes
Selected 262 ES main tracks
Loading ED model from: /eos/home-e/evilla/dune/sn-tps/neural_networks/electron_direction/three_plane_three_plane_v58_200k_lr_schedule_20251118_110931/checkpoints/model_epoch_12_val_loss_0.8898.keras
Running ED inference...
After energy cut: 262 clusters
Running emcee: 64 walkers × 2000 steps...
Acceptance fraction: 11.0%
Mean direction: θ=12.07°, φ=91.46°
Uncertainties: Δθ=20.59°, Δφ=13.22°
68% credible angle: 26.91°

Angular error: 21.77°

======================================================================
SCENARIO (EMCEE): FULL_PIPELINE
======================================================================

Loaded 3212 matched main-track clusters across U, V, X planes
Using all 3212 main-track clusters
Loading CT model from: /eos/user/e/evilla/dune/sn-tps/neural_networks/channel_tagging/ct_volume_v52_batch_reload_20251116_101125/best_model.keras
Running CT inference...
CT selected 2916 ES candidates from 3212 clusters
  ES prob range: [0.000, 1.000]
Loading ED model from: /eos/home-e/evilla/dune/sn-tps/neural_networks/electron_direction/three_plane_three_plane_v58_200k_lr_schedule_20251118_110931/checkpoints/model_epoch_12_val_loss_0.8898.keras
Running ED inference on 2916 clusters...
After E > 3 MeV cut: 2901 clusters
Running emcee: 64 walkers × 2000 steps...
Acceptance fraction: 3.0%
Mean direction: θ=-117.86°, φ=107.02°
Uncertainties: Δθ=137.26°, Δφ=30.96°
68% credible angle: 107.63°

Angular error: 145.23°

======================================================================
SCENARIO (EMCEE): WEIGHTED_CT
======================================================================

Loaded 3212 matched main-track clusters across U, V, X planes
Using all 3212 main-track clusters
Loading CT model from: /eos/user/e/evilla/dune/sn-tps/neural_networks/channel_tagging/ct_volume_v52_batch_reload_20251116_101125/best_model.keras
Running CT inference...
CT selected 2916 ES candidates from 3212 clusters
  ES prob range: [0.000, 1.000]
Loading ED model from: /eos/home-e/evilla/dune/sn-tps/neural_networks/electron_direction/three_plane_three_plane_v58_200k_lr_schedule_20251118_110931/checkpoints/model_epoch_12_val_loss_0.8898.keras
Running ED inference on 2916 clusters...
Using CT weights (ES probabilities)
After E > 3 MeV cut: 2901 clusters
Running weighted MCMC with 2901 weights
Running emcee: 64 walkers × 2000 steps...
Acceptance fraction: 2.3%
Mean direction: θ=-89.30°, φ=97.73°
Uncertainties: Δθ=96.51°, Δφ=31.82°
68% credible angle: 112.97°

Angular error: 122.08°

======================================================================
SCENARIO (EMCEE): PERFECT_CT_E_GT_10MEV
======================================================================

Loaded 3212 matched main-track clusters across U, V, X planes
Selected 262 ES main tracks
Loading ED model from: /eos/home-e/evilla/dune/sn-tps/neural_networks/electron_direction/three_plane_three_plane_v58_200k_lr_schedule_20251118_110931/checkpoints/model_epoch_12_val_loss_0.8898.keras
Running ED inference...
Applying E > 10 MeV cut
After energy cut: 137 clusters
Running emcee: 64 walkers × 2000 steps...
Acceptance fraction: 15.4%
Mean direction: θ=19.13°, φ=103.04°
Uncertainties: Δθ=16.10°, Δφ=16.11°
68% credible angle: 24.04°

Angular error: 17.29°

======================================================================
SCENARIO (EMCEE): PERFECT_CT_E_GT_20MEV
======================================================================

Loaded 3212 matched main-track clusters across U, V, X planes
Selected 262 ES main tracks
Loading ED model from: /eos/home-e/evilla/dune/sn-tps/neural_networks/electron_direction/three_plane_three_plane_v58_200k_lr_schedule_20251118_110931/checkpoints/model_epoch_12_val_loss_0.8898.keras
Running ED inference...
Applying E > 20 MeV cut
After energy cut: 27 clusters
Running emcee: 64 walkers × 2000 steps...
Acceptance fraction: 35.2%
Mean direction: θ=15.89°, φ=99.69°
Uncertainties: Δθ=30.08°, Δφ=8.50°
68% credible angle: 12.99°

Angular error: 18.76°

✓ Saved: /eos/project-e/ep-nu/evilla/sn-pointing/cat000573/pipeline/cat000573_scenario_best_case_emcee.npz

✓ Saved: /eos/project-e/ep-nu/evilla/sn-pointing/cat000573/pipeline/cat000573_scenario_perfect_ct_emcee.npz

✓ Saved: /eos/project-e/ep-nu/evilla/sn-pointing/cat000573/pipeline/cat000573_scenario_full_pipeline_emcee.npz

✓ Saved: /eos/project-e/ep-nu/evilla/sn-pointing/cat000573/pipeline/cat000573_scenario_weighted_ct_emcee.npz

✓ Saved: /eos/project-e/ep-nu/evilla/sn-pointing/cat000573/pipeline/cat000573_scenario_perfect_ct_e_gt_10mev_emcee.npz

✓ Saved: /eos/project-e/ep-nu/evilla/sn-pointing/cat000573/pipeline/cat000573_scenario_perfect_ct_e_gt_20mev_emcee.npz
✓ cat000573 completed successfully
