Processing cat000095 with 6 scenarios...
Cat directory: /eos/project-e/ep-nu/evilla/sn-pointing/cat000095
======================================================================
EMCEE RECONSTRUCTION FOR cat000095
======================================================================

Loading PDF from: /eos/home-e/evilla/dune/sn-tps/neural_networks/electron_direction/three_plane_three_plane_v58_200k_lr_schedule_20251118_110931/cosine_energy_pdf.npz
PDF loaded

======================================================================
SCENARIO (EMCEE): BEST_CASE
======================================================================

Loaded 3820 matched main-track clusters across U, V, X planes
Selected 293 ES main tracks
After E > 3 MeV cut: 293 clusters
Running emcee: 64 walkers × 2000 steps...
Acceptance fraction: 10.1%
Mean direction: θ=87.98°, φ=73.49°
Uncertainties: Δθ=36.15°, Δφ=25.22°
68% credible angle: 30.84°

Angular error: 7.40°

======================================================================
SCENARIO (EMCEE): PERFECT_CT
======================================================================

Loaded 3820 matched main-track clusters across U, V, X planes
Selected 293 ES main tracks
Loading ED model from: /eos/home-e/evilla/dune/sn-tps/neural_networks/electron_direction/three_plane_three_plane_v58_200k_lr_schedule_20251118_110931/checkpoints/model_epoch_12_val_loss_0.8898.keras
Running ED inference...
After energy cut: 293 clusters
Running emcee: 64 walkers × 2000 steps...
Acceptance fraction: 9.1%
Mean direction: θ=83.64°, φ=58.65°
Uncertainties: Δθ=51.03°, Δφ=23.88°
68% credible angle: 32.21°

Angular error: 9.72°

======================================================================
SCENARIO (EMCEE): FULL_PIPELINE
======================================================================

Loaded 3820 matched main-track clusters across U, V, X planes
Using all 3820 main-track clusters
Loading CT model from: /eos/user/e/evilla/dune/sn-tps/neural_networks/charge_topology/best_model.keras

✗ full_pipeline failed: File not found: filepath=/eos/user/e/evilla/dune/sn-tps/neural_networks/charge_topology/best_model.keras. Please ensure the file is an accessible `.keras` zip file.

======================================================================
SCENARIO (EMCEE): WEIGHTED_CT
======================================================================

Loaded 3820 matched main-track clusters across U, V, X planes
Using all 3820 main-track clusters
Loading CT model from: /eos/user/e/evilla/dune/sn-tps/neural_networks/charge_topology/best_model.keras

✗ weighted_ct failed: File not found: filepath=/eos/user/e/evilla/dune/sn-tps/neural_networks/charge_topology/best_model.keras. Please ensure the file is an accessible `.keras` zip file.

======================================================================
SCENARIO (EMCEE): PERFECT_CT_E_GT_10MEV
======================================================================

Loaded 3820 matched main-track clusters across U, V, X planes
Selected 293 ES main tracks
Loading ED model from: /eos/home-e/evilla/dune/sn-tps/neural_networks/electron_direction/three_plane_three_plane_v58_200k_lr_schedule_20251118_110931/checkpoints/model_epoch_12_val_loss_0.8898.keras
Running ED inference...
Applying E > 10 MeV cut
After energy cut: 148 clusters
Running emcee: 64 walkers × 2000 steps...
Acceptance fraction: 9.9%
Mean direction: θ=85.02°, φ=66.10°
Uncertainties: Δθ=77.66°, Δφ=27.21°
68% credible angle: 68.23°

Angular error: 3.28°

======================================================================
SCENARIO (EMCEE): PERFECT_CT_E_GT_20MEV
======================================================================

Loaded 3820 matched main-track clusters across U, V, X planes
Selected 293 ES main tracks
Loading ED model from: /eos/home-e/evilla/dune/sn-tps/neural_networks/electron_direction/three_plane_three_plane_v58_200k_lr_schedule_20251118_110931/checkpoints/model_epoch_12_val_loss_0.8898.keras
Running ED inference...
Applying E > 20 MeV cut
After energy cut: 32 clusters
Running emcee: 64 walkers × 2000 steps...
Acceptance fraction: 27.4%
Mean direction: θ=83.85°, φ=60.00°
Uncertainties: Δθ=43.43°, Δφ=14.26°
68% credible angle: 12.52°

Angular error: 8.41°

✓ Saved: /eos/project-e/ep-nu/evilla/sn-pointing/cat000095/pipeline/cat000095_scenario_best_case_emcee.npz

✓ Saved: /eos/project-e/ep-nu/evilla/sn-pointing/cat000095/pipeline/cat000095_scenario_perfect_ct_emcee.npz

✓ Saved: /eos/project-e/ep-nu/evilla/sn-pointing/cat000095/pipeline/cat000095_scenario_perfect_ct_e_gt_10mev_emcee.npz

✓ Saved: /eos/project-e/ep-nu/evilla/sn-pointing/cat000095/pipeline/cat000095_scenario_perfect_ct_e_gt_20mev_emcee.npz
✓ cat000095 completed successfully
