Processing cat000111 with 6 scenarios...
Cat directory: /eos/project-e/ep-nu/evilla/sn-pointing/cat000111
======================================================================
EMCEE RECONSTRUCTION FOR cat000111
======================================================================

Loading PDF from: /eos/home-e/evilla/dune/sn-tps/neural_networks/electron_direction/three_plane_three_plane_v58_200k_lr_schedule_20251118_110931/cosine_energy_pdf.npz
PDF loaded

======================================================================
SCENARIO (EMCEE): BEST_CASE
======================================================================

Loaded 3293 matched main-track clusters across U, V, X planes
Selected 223 ES main tracks
After E > 3 MeV cut: 223 clusters
Running emcee: 64 walkers × 2000 steps...
Acceptance fraction: 7.4%
Mean direction: θ=169.80°, φ=83.03°
Uncertainties: Δθ=18.55°, Δφ=17.94°
68% credible angle: 25.69°

Angular error: 1.14°

======================================================================
SCENARIO (EMCEE): PERFECT_CT
======================================================================

Loaded 3293 matched main-track clusters across U, V, X planes
Selected 223 ES main tracks
Loading ED model from: /eos/home-e/evilla/dune/sn-tps/neural_networks/electron_direction/three_plane_three_plane_v58_200k_lr_schedule_20251118_110931/checkpoints/model_epoch_12_val_loss_0.8898.keras
Running ED inference...
After energy cut: 223 clusters
Running emcee: 64 walkers × 2000 steps...
Acceptance fraction: 7.7%
Mean direction: θ=-176.85°, φ=83.44°
Uncertainties: Δθ=26.44°, Δφ=15.69°
68% credible angle: 31.36°

Angular error: 13.62°

======================================================================
SCENARIO (EMCEE): FULL_PIPELINE
======================================================================

Loaded 3293 matched main-track clusters across U, V, X planes
Using all 3293 main-track clusters
Loading CT model from: /eos/user/e/evilla/dune/sn-tps/neural_networks/charge_topology/best_model.keras

✗ full_pipeline failed: File not found: filepath=/eos/user/e/evilla/dune/sn-tps/neural_networks/charge_topology/best_model.keras. Please ensure the file is an accessible `.keras` zip file.

======================================================================
SCENARIO (EMCEE): WEIGHTED_CT
======================================================================

Loaded 3293 matched main-track clusters across U, V, X planes
Using all 3293 main-track clusters
Loading CT model from: /eos/user/e/evilla/dune/sn-tps/neural_networks/charge_topology/best_model.keras

✗ weighted_ct failed: File not found: filepath=/eos/user/e/evilla/dune/sn-tps/neural_networks/charge_topology/best_model.keras. Please ensure the file is an accessible `.keras` zip file.

======================================================================
SCENARIO (EMCEE): PERFECT_CT_E_GT_10MEV
======================================================================

Loaded 3293 matched main-track clusters across U, V, X planes
Selected 223 ES main tracks
Loading ED model from: /eos/home-e/evilla/dune/sn-tps/neural_networks/electron_direction/three_plane_three_plane_v58_200k_lr_schedule_20251118_110931/checkpoints/model_epoch_12_val_loss_0.8898.keras
Running ED inference...
Applying E > 10 MeV cut
After energy cut: 132 clusters
Running emcee: 64 walkers × 2000 steps...
Acceptance fraction: 8.7%
Mean direction: θ=174.93°, φ=88.18°
Uncertainties: Δθ=20.76°, Δφ=18.49°
68% credible angle: 30.71°

Angular error: 8.26°

======================================================================
SCENARIO (EMCEE): PERFECT_CT_E_GT_20MEV
======================================================================

Loaded 3293 matched main-track clusters across U, V, X planes
Selected 223 ES main tracks
Loading ED model from: /eos/home-e/evilla/dune/sn-tps/neural_networks/electron_direction/three_plane_three_plane_v58_200k_lr_schedule_20251118_110931/checkpoints/model_epoch_12_val_loss_0.8898.keras
Running ED inference...
Applying E > 20 MeV cut
After energy cut: 24 clusters
Running emcee: 64 walkers × 2000 steps...
Acceptance fraction: 13.4%
Mean direction: θ=-173.48°, φ=88.37°
Uncertainties: Δθ=12.22°, Δφ=11.97°
68% credible angle: 18.45°

Angular error: 18.12°

✓ Saved: /eos/project-e/ep-nu/evilla/sn-pointing/cat000111/pipeline/cat000111_scenario_best_case_emcee.npz

✓ Saved: /eos/project-e/ep-nu/evilla/sn-pointing/cat000111/pipeline/cat000111_scenario_perfect_ct_emcee.npz

✓ Saved: /eos/project-e/ep-nu/evilla/sn-pointing/cat000111/pipeline/cat000111_scenario_perfect_ct_e_gt_10mev_emcee.npz

✓ Saved: /eos/project-e/ep-nu/evilla/sn-pointing/cat000111/pipeline/cat000111_scenario_perfect_ct_e_gt_20mev_emcee.npz
✓ cat000111 completed successfully
