Processing cat000466 with 6 scenarios...
Cat directory: /eos/project-e/ep-nu/evilla/sn-pointing/cat000466
======================================================================
EMCEE RECONSTRUCTION FOR cat000466
======================================================================

Loading PDF from: /eos/home-e/evilla/dune/sn-tps/neural_networks/electron_direction/three_plane_three_plane_v58_200k_lr_schedule_20251118_110931/cosine_energy_pdf.npz
PDF loaded

======================================================================
SCENARIO (EMCEE): BEST_CASE
======================================================================

Loaded 3324 matched main-track clusters across U, V, X planes
Selected 292 ES main tracks
After E > 3 MeV cut: 292 clusters
Running emcee: 64 walkers × 2000 steps...
Acceptance fraction: 11.1%
Mean direction: θ=106.02°, φ=86.50°
Uncertainties: Δθ=78.61°, Δφ=25.81°
68% credible angle: 80.12°

Angular error: 15.43°

======================================================================
SCENARIO (EMCEE): PERFECT_CT
======================================================================

Loaded 3324 matched main-track clusters across U, V, X planes
Selected 292 ES main tracks
Loading ED model from: /eos/home-e/evilla/dune/sn-tps/neural_networks/electron_direction/three_plane_three_plane_v58_200k_lr_schedule_20251118_110931/checkpoints/model_epoch_12_val_loss_0.8898.keras
Running ED inference...
After energy cut: 292 clusters
Running emcee: 64 walkers × 2000 steps...
Acceptance fraction: 6.0%
Mean direction: θ=122.60°, φ=85.72°
Uncertainties: Δθ=95.51°, Δφ=17.56°
68% credible angle: 119.04°

Angular error: 29.64°

======================================================================
SCENARIO (EMCEE): FULL_PIPELINE
======================================================================

Loaded 3324 matched main-track clusters across U, V, X planes
Using all 3324 main-track clusters
Loading CT model from: /eos/user/e/evilla/dune/sn-tps/neural_networks/channel_tagging/ct_volume_v52_batch_reload_20251116_101125/best_model.keras
Running CT inference...
CT selected 3032 ES candidates from 3324 clusters
  ES prob range: [0.000, 1.000]
Loading ED model from: /eos/home-e/evilla/dune/sn-tps/neural_networks/electron_direction/three_plane_three_plane_v58_200k_lr_schedule_20251118_110931/checkpoints/model_epoch_12_val_loss_0.8898.keras
Running ED inference on 3032 clusters...
After E > 3 MeV cut: 3013 clusters
Running emcee: 64 walkers × 2000 steps...
Acceptance fraction: 2.6%
Mean direction: θ=-166.80°, φ=94.80°
Uncertainties: Δθ=67.26°, Δφ=25.33°
68% credible angle: 63.69°

Angular error: 100.03°

======================================================================
SCENARIO (EMCEE): WEIGHTED_CT
======================================================================

Loaded 3324 matched main-track clusters across U, V, X planes
Using all 3324 main-track clusters
Loading CT model from: /eos/user/e/evilla/dune/sn-tps/neural_networks/channel_tagging/ct_volume_v52_batch_reload_20251116_101125/best_model.keras
Running CT inference...
CT selected 3032 ES candidates from 3324 clusters
  ES prob range: [0.000, 1.000]
Loading ED model from: /eos/home-e/evilla/dune/sn-tps/neural_networks/electron_direction/three_plane_three_plane_v58_200k_lr_schedule_20251118_110931/checkpoints/model_epoch_12_val_loss_0.8898.keras
Running ED inference on 3032 clusters...
Using CT weights (ES probabilities)
After E > 3 MeV cut: 3013 clusters
Running weighted MCMC with 3013 weights
Running emcee: 64 walkers × 2000 steps...
Acceptance fraction: 2.5%
Mean direction: θ=-176.19°, φ=86.47°
Uncertainties: Δθ=68.09°, Δφ=28.58°
68% credible angle: 63.67°

Angular error: 88.99°

======================================================================
SCENARIO (EMCEE): PERFECT_CT_E_GT_10MEV
======================================================================

Loaded 3324 matched main-track clusters across U, V, X planes
Selected 292 ES main tracks
Loading ED model from: /eos/home-e/evilla/dune/sn-tps/neural_networks/electron_direction/three_plane_three_plane_v58_200k_lr_schedule_20251118_110931/checkpoints/model_epoch_12_val_loss_0.8898.keras
Running ED inference...
Applying E > 10 MeV cut
After energy cut: 173 clusters
Running emcee: 64 walkers × 2000 steps...
Acceptance fraction: 8.7%
Mean direction: θ=157.67°, φ=87.22°
Uncertainties: Δθ=101.60°, Δφ=14.33°
68% credible angle: 89.86°

Angular error: 63.75°

======================================================================
SCENARIO (EMCEE): PERFECT_CT_E_GT_20MEV
======================================================================

Loaded 3324 matched main-track clusters across U, V, X planes
Selected 292 ES main tracks
Loading ED model from: /eos/home-e/evilla/dune/sn-tps/neural_networks/electron_direction/three_plane_three_plane_v58_200k_lr_schedule_20251118_110931/checkpoints/model_epoch_12_val_loss_0.8898.keras
Running ED inference...
Applying E > 20 MeV cut
After energy cut: 43 clusters
Running emcee: 64 walkers × 2000 steps...
Acceptance fraction: 12.5%
Mean direction: θ=89.79°, φ=89.73°
Uncertainties: Δθ=83.44°, Δφ=14.69°
68% credible angle: 142.59°

Angular error: 13.75°

✓ Saved: /eos/project-e/ep-nu/evilla/sn-pointing/cat000466/pipeline/cat000466_scenario_best_case_emcee.npz

✓ Saved: /eos/project-e/ep-nu/evilla/sn-pointing/cat000466/pipeline/cat000466_scenario_perfect_ct_emcee.npz

✓ Saved: /eos/project-e/ep-nu/evilla/sn-pointing/cat000466/pipeline/cat000466_scenario_full_pipeline_emcee.npz

✓ Saved: /eos/project-e/ep-nu/evilla/sn-pointing/cat000466/pipeline/cat000466_scenario_weighted_ct_emcee.npz

✓ Saved: /eos/project-e/ep-nu/evilla/sn-pointing/cat000466/pipeline/cat000466_scenario_perfect_ct_e_gt_10mev_emcee.npz

✓ Saved: /eos/project-e/ep-nu/evilla/sn-pointing/cat000466/pipeline/cat000466_scenario_perfect_ct_e_gt_20mev_emcee.npz
✓ cat000466 completed successfully
