==================================================================
Processing cat000373 with EMCEE - ALL SCENARIOS
==================================================================
======================================================================
EMCEE RECONSTRUCTION FOR cat000373
======================================================================

Loading PDF from: /eos/home-e/evilla/dune/sn-tps/neural_networks/electron_direction/three_plane_three_plane_v58_200k_lr_schedule_20251118_110931/cosine_energy_pdf.npz
PDF loaded

======================================================================
SCENARIO (EMCEE): PERFECT_CT
======================================================================

Loaded 3687 matched clusters across U, V, X planes
Selected clusters: 301
Running emcee: 64 walkers × 2000 steps...
Acceptance fraction: 9.4%
Mean direction: θ=147.34°, φ=129.04°
Uncertainties: Δθ=44.34°, Δφ=27.46°
68% credible angle: 43.73°

Angular error: 42.21°

======================================================================
SCENARIO (EMCEE): ES_MAIN_CC_SHOWER
======================================================================

Loaded 3687 matched clusters across U, V, X planes
Selected clusters: 301
Running emcee: 64 walkers × 2000 steps...
Acceptance fraction: 9.7%
Mean direction: θ=138.91°, φ=116.12°
Uncertainties: Δθ=46.77°, Δφ=23.51°
68% credible angle: 39.62°

Angular error: 37.21°

======================================================================
SCENARIO (EMCEE): ES_MAIN_CC_ALL
======================================================================

Loaded 3687 matched clusters across U, V, X planes
Selected clusters: 301
Running emcee: 64 walkers × 2000 steps...
Acceptance fraction: 8.6%
Mean direction: θ=132.96°, φ=125.89°
Uncertainties: Δθ=42.91°, Δφ=22.39°
68% credible angle: 42.08°

Angular error: 30.86°

======================================================================
SCENARIO (EMCEE): ES_ALL_CC_SHOWER
======================================================================

Loaded 3687 matched clusters across U, V, X planes
Selected clusters: 301
Running emcee: 64 walkers × 2000 steps...
Acceptance fraction: 7.1%
Mean direction: θ=141.88°, φ=122.57°
Uncertainties: Δθ=48.71°, Δφ=22.89°
68% credible angle: 41.83°

Angular error: 38.43°

======================================================================
SCENARIO (EMCEE): ES_ALL_CC_ALL
======================================================================

Loaded 3687 matched clusters across U, V, X planes
Selected clusters: 301
Running emcee: 64 walkers × 2000 steps...
Acceptance fraction: 9.2%
Mean direction: θ=143.86°, φ=126.95°
Uncertainties: Δθ=44.53°, Δφ=24.16°
68% credible angle: 41.45°

Angular error: 39.60°

======================================================================
SCENARIO (EMCEE): ALL_TRACKS_ALL_SHOWERS
======================================================================

Loaded 3687 matched clusters across U, V, X planes
Selected clusters: 3687
Running emcee: 64 walkers × 2000 steps...
Acceptance fraction: 2.8%
Mean direction: θ=-148.40°, φ=92.25°
Uncertainties: Δθ=67.65°, Δφ=36.77°
68% credible angle: 84.30°

Angular error: 110.18°

✓ Saved: /eos/project-e/ep-nu/evilla/sn-pointing/cat000373/pipeline/cat000373_scenario_perfect_ct_emcee.npz

✓ Saved: /eos/project-e/ep-nu/evilla/sn-pointing/cat000373/pipeline/cat000373_scenario_es_main_cc_shower_emcee.npz

✓ Saved: /eos/project-e/ep-nu/evilla/sn-pointing/cat000373/pipeline/cat000373_scenario_es_main_cc_all_emcee.npz

✓ Saved: /eos/project-e/ep-nu/evilla/sn-pointing/cat000373/pipeline/cat000373_scenario_es_all_cc_shower_emcee.npz

✓ Saved: /eos/project-e/ep-nu/evilla/sn-pointing/cat000373/pipeline/cat000373_scenario_es_all_cc_all_emcee.npz

✓ Saved: /eos/project-e/ep-nu/evilla/sn-pointing/cat000373/pipeline/cat000373_scenario_all_tracks_all_showers_emcee.npz
✓ cat000373 completed successfully
