==================================================================
Processing cat000431 with EMCEE - ALL SCENARIOS
==================================================================
======================================================================
EMCEE RECONSTRUCTION FOR cat000431
======================================================================

Loading PDF from: /eos/home-e/evilla/dune/sn-tps/neural_networks/electron_direction/three_plane_three_plane_v58_200k_lr_schedule_20251118_110931/cosine_energy_pdf.npz
PDF loaded

======================================================================
SCENARIO (EMCEE): PERFECT_CT
======================================================================

Loaded 3695 matched clusters across U, V, X planes
Selected clusters: 267
Running emcee: 64 walkers × 2000 steps...
Acceptance fraction: 11.7%
Mean direction: θ=-178.88°, φ=58.86°
Uncertainties: Δθ=21.74°, Δφ=20.33°
68% credible angle: 25.26°

Angular error: 20.63°

======================================================================
SCENARIO (EMCEE): ES_MAIN_CC_SHOWER
======================================================================

Loaded 3695 matched clusters across U, V, X planes
Selected clusters: 267
Running emcee: 64 walkers × 2000 steps...
Acceptance fraction: 12.8%
Mean direction: θ=-174.43°, φ=56.50°
Uncertainties: Δθ=18.09°, Δφ=17.82°
68% credible angle: 23.37°

Angular error: 16.60°

======================================================================
SCENARIO (EMCEE): ES_MAIN_CC_ALL
======================================================================

Loaded 3695 matched clusters across U, V, X planes
Selected clusters: 267
Running emcee: 64 walkers × 2000 steps...
Acceptance fraction: 11.4%
Mean direction: θ=-172.28°, φ=59.93°
Uncertainties: Δθ=22.15°, Δφ=17.46°
68% credible angle: 28.68°

Angular error: 15.33°

======================================================================
SCENARIO (EMCEE): ES_ALL_CC_SHOWER
======================================================================

Loaded 3695 matched clusters across U, V, X planes
Selected clusters: 267
Running emcee: 64 walkers × 2000 steps...
Acceptance fraction: 10.8%
Mean direction: θ=-172.51°, φ=56.35°
Uncertainties: Δθ=20.18°, Δφ=18.59°
68% credible angle: 26.78°

Angular error: 15.00°

======================================================================
SCENARIO (EMCEE): ES_ALL_CC_ALL
======================================================================

Loaded 3695 matched clusters across U, V, X planes
Selected clusters: 267
Running emcee: 64 walkers × 2000 steps...
Acceptance fraction: 9.9%
Mean direction: θ=-178.79°, φ=59.73°
Uncertainties: Δθ=16.73°, Δφ=19.36°
68% credible angle: 24.92°

Angular error: 20.74°

======================================================================
SCENARIO (EMCEE): ALL_TRACKS_ALL_SHOWERS
======================================================================

Loaded 3695 matched clusters across U, V, X planes
Selected clusters: 3695
Running emcee: 64 walkers × 2000 steps...
Acceptance fraction: 3.6%
Mean direction: θ=-169.31°, φ=79.93°
Uncertainties: Δθ=53.90°, Δφ=27.31°
68% credible angle: 57.29°

Angular error: 26.48°

✓ Saved: /eos/project-e/ep-nu/evilla/sn-pointing/cat000431/pipeline/cat000431_scenario_perfect_ct_emcee.npz

✓ Saved: /eos/project-e/ep-nu/evilla/sn-pointing/cat000431/pipeline/cat000431_scenario_es_main_cc_shower_emcee.npz

✓ Saved: /eos/project-e/ep-nu/evilla/sn-pointing/cat000431/pipeline/cat000431_scenario_es_main_cc_all_emcee.npz

✓ Saved: /eos/project-e/ep-nu/evilla/sn-pointing/cat000431/pipeline/cat000431_scenario_es_all_cc_shower_emcee.npz

✓ Saved: /eos/project-e/ep-nu/evilla/sn-pointing/cat000431/pipeline/cat000431_scenario_es_all_cc_all_emcee.npz

✓ Saved: /eos/project-e/ep-nu/evilla/sn-pointing/cat000431/pipeline/cat000431_scenario_all_tracks_all_showers_emcee.npz
✓ cat000431 completed successfully
