==================================================================
Processing cat000440 with EMCEE - ALL SCENARIOS
==================================================================
======================================================================
EMCEE RECONSTRUCTION FOR cat000440
======================================================================

Loading PDF from: /eos/home-e/evilla/dune/sn-tps/neural_networks/electron_direction/three_plane_three_plane_v58_200k_lr_schedule_20251118_110931/cosine_energy_pdf.npz
PDF loaded

======================================================================
SCENARIO (EMCEE): PERFECT_CT
======================================================================

Loaded 3668 matched clusters across U, V, X planes
Selected clusters: 289
Running emcee: 64 walkers × 2000 steps...
Acceptance fraction: 7.1%
Mean direction: θ=-163.00°, φ=122.29°
Uncertainties: Δθ=34.22°, Δφ=18.22°
68% credible angle: 31.54°

Angular error: 21.15°

======================================================================
SCENARIO (EMCEE): ES_MAIN_CC_SHOWER
======================================================================

Loaded 3668 matched clusters across U, V, X planes
Selected clusters: 289
Running emcee: 64 walkers × 2000 steps...
Acceptance fraction: 7.9%
Mean direction: θ=-155.01°, φ=120.41°
Uncertainties: Δθ=35.30°, Δφ=18.85°
68% credible angle: 32.57°

Angular error: 15.90°

======================================================================
SCENARIO (EMCEE): ES_MAIN_CC_ALL
======================================================================

Loaded 3668 matched clusters across U, V, X planes
Selected clusters: 289
Running emcee: 64 walkers × 2000 steps...
Acceptance fraction: 11.6%
Mean direction: θ=-159.20°, φ=121.58°
Uncertainties: Δθ=37.30°, Δφ=20.53°
68% credible angle: 33.97°

Angular error: 18.49°

======================================================================
SCENARIO (EMCEE): ES_ALL_CC_SHOWER
======================================================================

Loaded 3668 matched clusters across U, V, X planes
Selected clusters: 289
Running emcee: 64 walkers × 2000 steps...
Acceptance fraction: 8.7%
Mean direction: θ=-159.64°, φ=122.60°
Uncertainties: Δθ=38.44°, Δφ=20.02°
68% credible angle: 33.13°

Angular error: 18.41°

======================================================================
SCENARIO (EMCEE): ES_ALL_CC_ALL
======================================================================

Loaded 3668 matched clusters across U, V, X planes
Selected clusters: 289
Running emcee: 64 walkers × 2000 steps...
Acceptance fraction: 9.4%
Mean direction: θ=-153.15°, φ=122.54°
Uncertainties: Δθ=46.00°, Δφ=24.04°
68% credible angle: 36.69°

Angular error: 13.46°

======================================================================
SCENARIO (EMCEE): ALL_TRACKS_ALL_SHOWERS
======================================================================

Loaded 3668 matched clusters across U, V, X planes
Selected clusters: 3668
Running emcee: 64 walkers × 2000 steps...
Acceptance fraction: 5.0%
Mean direction: θ=-151.54°, φ=109.85°
Uncertainties: Δθ=47.52°, Δφ=24.67°
68% credible angle: 47.84°

Angular error: 21.49°

✓ Saved: /eos/project-e/ep-nu/evilla/sn-pointing/cat000440/pipeline/cat000440_scenario_perfect_ct_emcee.npz

✓ Saved: /eos/project-e/ep-nu/evilla/sn-pointing/cat000440/pipeline/cat000440_scenario_es_main_cc_shower_emcee.npz

✓ Saved: /eos/project-e/ep-nu/evilla/sn-pointing/cat000440/pipeline/cat000440_scenario_es_main_cc_all_emcee.npz

✓ Saved: /eos/project-e/ep-nu/evilla/sn-pointing/cat000440/pipeline/cat000440_scenario_es_all_cc_shower_emcee.npz

✓ Saved: /eos/project-e/ep-nu/evilla/sn-pointing/cat000440/pipeline/cat000440_scenario_es_all_cc_all_emcee.npz

✓ Saved: /eos/project-e/ep-nu/evilla/sn-pointing/cat000440/pipeline/cat000440_scenario_all_tracks_all_showers_emcee.npz
✓ cat000440 completed successfully
