==================================================================
Processing cat000562 with EMCEE - ALL SCENARIOS
==================================================================
======================================================================
EMCEE RECONSTRUCTION FOR cat000562
======================================================================

Loading PDF from: /eos/home-e/evilla/dune/sn-tps/neural_networks/electron_direction/three_plane_three_plane_v58_200k_lr_schedule_20251118_110931/cosine_energy_pdf.npz
PDF loaded

======================================================================
SCENARIO (EMCEE): PERFECT_CT
======================================================================

Loaded 3028 matched clusters across U, V, X planes
Selected clusters: 207
Running emcee: 64 walkers × 2000 steps...
Acceptance fraction: 10.5%
Mean direction: θ=-108.72°, φ=88.72°
Uncertainties: Δθ=79.30°, Δφ=14.85°
68% credible angle: 47.87°

Angular error: 19.05°

======================================================================
SCENARIO (EMCEE): ES_MAIN_CC_SHOWER
======================================================================

Loaded 3028 matched clusters across U, V, X planes
Selected clusters: 207
Running emcee: 64 walkers × 2000 steps...
Acceptance fraction: 10.0%
Mean direction: θ=-119.10°, φ=91.42°
Uncertainties: Δθ=90.47°, Δφ=14.92°
68% credible angle: 122.15°

Angular error: 26.16°

======================================================================
SCENARIO (EMCEE): ES_MAIN_CC_ALL
======================================================================

Loaded 3028 matched clusters across U, V, X planes
Selected clusters: 207
Running emcee: 64 walkers × 2000 steps...
Acceptance fraction: 12.1%
Mean direction: θ=-118.53°, φ=86.54°
Uncertainties: Δθ=86.19°, Δφ=14.57°
68% credible angle: 123.08°

Angular error: 28.07°

======================================================================
SCENARIO (EMCEE): ES_ALL_CC_SHOWER
======================================================================

Loaded 3028 matched clusters across U, V, X planes
Selected clusters: 207
Running emcee: 64 walkers × 2000 steps...
Acceptance fraction: 10.1%
Mean direction: θ=-120.55°, φ=91.24°
Uncertainties: Δθ=90.65°, Δφ=15.47°
68% credible angle: 121.05°

Angular error: 27.56°

======================================================================
SCENARIO (EMCEE): ES_ALL_CC_ALL
======================================================================

Loaded 3028 matched clusters across U, V, X planes
Selected clusters: 207
Running emcee: 64 walkers × 2000 steps...
Acceptance fraction: 11.5%
Mean direction: θ=-103.19°, φ=88.43°
Uncertainties: Δθ=64.83°, Δφ=13.35°
68% credible angle: 40.53°

Angular error: 15.84°

======================================================================
SCENARIO (EMCEE): ALL_TRACKS_ALL_SHOWERS
======================================================================

Loaded 3028 matched clusters across U, V, X planes
Selected clusters: 3028
Running emcee: 64 walkers × 2000 steps...
Acceptance fraction: 3.4%
Mean direction: θ=-168.76°, φ=104.23°
Uncertainties: Δθ=83.11°, Δφ=29.10°
68% credible angle: 69.93°

Angular error: 71.59°

✓ Saved: /eos/project-e/ep-nu/evilla/sn-pointing/cat000562/pipeline/cat000562_scenario_perfect_ct_emcee.npz

✓ Saved: /eos/project-e/ep-nu/evilla/sn-pointing/cat000562/pipeline/cat000562_scenario_es_main_cc_shower_emcee.npz

✓ Saved: /eos/project-e/ep-nu/evilla/sn-pointing/cat000562/pipeline/cat000562_scenario_es_main_cc_all_emcee.npz

✓ Saved: /eos/project-e/ep-nu/evilla/sn-pointing/cat000562/pipeline/cat000562_scenario_es_all_cc_shower_emcee.npz

✓ Saved: /eos/project-e/ep-nu/evilla/sn-pointing/cat000562/pipeline/cat000562_scenario_es_all_cc_all_emcee.npz

✓ Saved: /eos/project-e/ep-nu/evilla/sn-pointing/cat000562/pipeline/cat000562_scenario_all_tracks_all_showers_emcee.npz
✓ cat000562 completed successfully
