000 (13791716.063.000) 11/20 10:18:20 Job submitted from host: <188.184.90.62:9618?addrs=188.184.90.62-9618+[2001-1458-201-e4--100-238]-9618&alias=bigbird16.cern.ch&noUDP&sock=schedd_5196_9a2f>
...
040 (13791716.063.000) 11/20 10:21:28 Started transferring input files
	Transferring to host: <188.185.190.99:9618?addrs=188.185.190.99-9618+[2001-1458-d03-b--100-8c]-9618&alias=b9pgpun030.cern.ch&noUDP&sock=slot1_1_257793_3d4c_7202>
...
040 (13791716.063.000) 11/20 10:21:28 Finished transferring input files
...
001 (13791716.063.000) 11/20 10:21:29 Job executing on host: <188.185.190.99:9618?addrs=188.185.190.99-9618+[2001-1458-d03-b--100-8c]-9618&alias=b9pgpun030.cern.ch&noUDP&sock=startd_253307_1c7e>
	SlotName: slot1_1@b9pgpun030.cern.ch
	AvailableGPUs = { GPUs_MIG_d4ac3753_c76f_51f7_81a7_569b1bfcb6e0 }
	CondorScratchDir = "/pool/condor/dir_3337747"
	Cpus = 11
	Disk = 4195141
	GPUs = 1
	GPUs_MIG_d4ac3753_c76f_51f7_81a7_569b1bfcb6e0 = [ Id = "MIG-d4ac3753-c76f-51f7-81a7-569b1bfcb6e0"; DeviceName = "NVIDIA H100L-2-24C MIG 2g.24gb"; DeviceUuid = "MIG-d4ac3753-c76f-51f7-81a7-569b1bfcb6e0"; ComputeUnits = 32; GlobalMemoryMb = 21547 ]
	Memory = 33000
...
006 (13791716.063.000) 11/20 10:21:42 Image size of job updated: 298472
	292  -  MemoryUsage of job (MB)
	298472  -  ResidentSetSize of job (KB)
...
006 (13791716.063.000) 11/20 10:23:04 Image size of job updated: 1109816
	292  -  MemoryUsage of job (MB)
	298472  -  ResidentSetSize of job (KB)
...
040 (13791716.063.000) 11/20 10:23:04 Started transferring output files
...
040 (13791716.063.000) 11/20 10:23:04 Finished transferring output files
...
005 (13791716.063.000) 11/20 10:23:05 Job terminated.
	(1) Normal termination (return value 0)
		Usr 0 00:00:42, Sys 0 00:00:08  -  Run Remote Usage
		Usr 0 00:00:00, Sys 0 00:00:00  -  Run Local Usage
		Usr 0 00:00:42, Sys 0 00:00:08  -  Total Remote Usage
		Usr 0 00:00:00, Sys 0 00:00:00  -  Total Local Usage
	17582  -  Run Bytes Sent By Job
	1410806  -  Run Bytes Received By Job
	17582  -  Total Bytes Sent By Job
	1410806  -  Total Bytes Received By Job
	Partitionable Resources :    Usage  Request Allocated Assigned
	   Cpus                 :        0       11        11 
	   Disk (KB)            :     1419  4194304   4195141 
	   GPUs                 :                 1         1 "MIG-d4ac3753-c76f-51f7-81a7-569b1bfcb6e0"
	   Memory (MB)          :      292    33000     33000 
	   TimeExecute (s)      :       95                    
	   TimeSlotBusy (s)     :       96                    

	Job terminated of its own accord at 2025-11-20T09:23:04Z with exit-code 0.
...
