==================================================================
Processing cat000397 with EMCEE - ALL SCENARIOS
==================================================================
======================================================================
EMCEE RECONSTRUCTION FOR cat000397
======================================================================

Loading PDF from: /eos/home-e/evilla/dune/sn-tps/neural_networks/electron_direction/three_plane_three_plane_v58_200k_lr_schedule_20251118_110931/cosine_energy_pdf.npz
PDF loaded

======================================================================
SCENARIO (EMCEE): PERFECT_CT
======================================================================

Loaded 3712 matched clusters across U, V, X planes
Selected clusters: 274
Running emcee: 64 walkers × 2000 steps...
Acceptance fraction: 11.9%
Mean direction: θ=28.08°, φ=41.24°
Uncertainties: Δθ=23.21°, Δφ=19.85°
68% credible angle: 23.24°

Angular error: 22.25°

======================================================================
SCENARIO (EMCEE): ES_MAIN_CC_SHOWER
======================================================================

Loaded 3712 matched clusters across U, V, X planes
Selected clusters: 274
Running emcee: 64 walkers × 2000 steps...
Acceptance fraction: 11.1%
Mean direction: θ=23.29°, φ=40.03°
Uncertainties: Δθ=41.40°, Δφ=19.62°
68% credible angle: 24.90°

Angular error: 25.19°

======================================================================
SCENARIO (EMCEE): ES_MAIN_CC_ALL
======================================================================

Loaded 3712 matched clusters across U, V, X planes
Selected clusters: 274
Running emcee: 64 walkers × 2000 steps...
Acceptance fraction: 9.1%
Mean direction: θ=35.24°, φ=43.21°
Uncertainties: Δθ=31.77°, Δφ=17.99°
68% credible angle: 26.28°

Angular error: 17.75°

======================================================================
SCENARIO (EMCEE): ES_ALL_CC_SHOWER
======================================================================

Loaded 3712 matched clusters across U, V, X planes
Selected clusters: 274
Running emcee: 64 walkers × 2000 steps...
Acceptance fraction: 11.4%
Mean direction: θ=22.81°, φ=40.78°
Uncertainties: Δθ=37.23°, Δφ=20.51°
68% credible angle: 24.34°

Angular error: 25.61°

======================================================================
SCENARIO (EMCEE): ES_ALL_CC_ALL
======================================================================

Loaded 3712 matched clusters across U, V, X planes
Selected clusters: 274
Running emcee: 64 walkers × 2000 steps...
Acceptance fraction: 11.5%
Mean direction: θ=21.78°, φ=40.64°
Uncertainties: Δθ=36.13°, Δφ=19.62°
68% credible angle: 24.86°

Angular error: 26.25°

======================================================================
SCENARIO (EMCEE): ALL_TRACKS_ALL_SHOWERS
======================================================================

Loaded 3712 matched clusters across U, V, X planes
Selected clusters: 3712
Running emcee: 64 walkers × 2000 steps...
Acceptance fraction: 6.6%
Mean direction: θ=-54.69°, φ=78.22°
Uncertainties: Δθ=88.78°, Δφ=36.29°
68% credible angle: 84.52°

Angular error: 98.37°

✓ Saved: /eos/project-e/ep-nu/evilla/sn-pointing/cat000397/pipeline/cat000397_scenario_perfect_ct_emcee.npz

✓ Saved: /eos/project-e/ep-nu/evilla/sn-pointing/cat000397/pipeline/cat000397_scenario_es_main_cc_shower_emcee.npz

✓ Saved: /eos/project-e/ep-nu/evilla/sn-pointing/cat000397/pipeline/cat000397_scenario_es_main_cc_all_emcee.npz

✓ Saved: /eos/project-e/ep-nu/evilla/sn-pointing/cat000397/pipeline/cat000397_scenario_es_all_cc_shower_emcee.npz

✓ Saved: /eos/project-e/ep-nu/evilla/sn-pointing/cat000397/pipeline/cat000397_scenario_es_all_cc_all_emcee.npz

✓ Saved: /eos/project-e/ep-nu/evilla/sn-pointing/cat000397/pipeline/cat000397_scenario_all_tracks_all_showers_emcee.npz
✓ cat000397 completed successfully
