Processing cat000217 with 6 scenarios...
Cat directory: /eos/project-e/ep-nu/evilla/sn-pointing/cat000217
======================================================================
EMCEE RECONSTRUCTION FOR cat000217
======================================================================

Loading PDF from: /eos/home-e/evilla/dune/sn-tps/neural_networks/electron_direction/three_plane_three_plane_v58_200k_lr_schedule_20251118_110931/cosine_energy_pdf.npz
PDF loaded

======================================================================
SCENARIO (EMCEE): BEST_CASE
======================================================================

Loaded 3552 matched main-track clusters across U, V, X planes
Selected 279 ES main tracks
After E > 3 MeV cut: 279 clusters
Running emcee: 64 walkers × 2000 steps...
Acceptance fraction: 12.2%
Mean direction: θ=29.40°, φ=135.31°
Uncertainties: Δθ=27.68°, Δφ=21.37°
68% credible angle: 29.62°

Angular error: 12.12°

======================================================================
SCENARIO (EMCEE): PERFECT_CT
======================================================================

Loaded 3552 matched main-track clusters across U, V, X planes
Selected 279 ES main tracks
Loading ED model from: /eos/home-e/evilla/dune/sn-tps/neural_networks/electron_direction/three_plane_three_plane_v58_200k_lr_schedule_20251118_110931/checkpoints/model_epoch_12_val_loss_0.8898.keras
Running ED inference...
After energy cut: 279 clusters
Running emcee: 64 walkers × 2000 steps...
Acceptance fraction: 7.4%
Mean direction: θ=3.29°, φ=137.14°
Uncertainties: Δθ=41.85°, Δφ=13.96°
68% credible angle: 30.15°

Angular error: 18.51°

======================================================================
SCENARIO (EMCEE): FULL_PIPELINE
======================================================================

Loaded 3552 matched main-track clusters across U, V, X planes
Using all 3552 main-track clusters
Loading CT model from: /eos/user/e/evilla/dune/sn-tps/neural_networks/channel_tagging/ct_volume_v52_batch_reload_20251116_101125/best_model.keras
Running CT inference...
CT selected 3207 ES candidates from 3552 clusters
  ES prob range: [0.000, 1.000]
Loading ED model from: /eos/home-e/evilla/dune/sn-tps/neural_networks/electron_direction/three_plane_three_plane_v58_200k_lr_schedule_20251118_110931/checkpoints/model_epoch_12_val_loss_0.8898.keras
Running ED inference on 3207 clusters...
After E > 3 MeV cut: 3190 clusters
Running emcee: 64 walkers × 2000 steps...
Acceptance fraction: 3.5%
Mean direction: θ=-153.01°, φ=110.72°
Uncertainties: Δθ=109.78°, Δφ=30.93°
68% credible angle: 83.45°

Angular error: 101.84°

======================================================================
SCENARIO (EMCEE): WEIGHTED_CT
======================================================================

Loaded 3552 matched main-track clusters across U, V, X planes
Using all 3552 main-track clusters
Loading CT model from: /eos/user/e/evilla/dune/sn-tps/neural_networks/channel_tagging/ct_volume_v52_batch_reload_20251116_101125/best_model.keras
Running CT inference...
CT selected 3207 ES candidates from 3552 clusters
  ES prob range: [0.000, 1.000]
Loading ED model from: /eos/home-e/evilla/dune/sn-tps/neural_networks/electron_direction/three_plane_three_plane_v58_200k_lr_schedule_20251118_110931/checkpoints/model_epoch_12_val_loss_0.8898.keras
Running ED inference on 3207 clusters...
Using CT weights (ES probabilities)
After E > 3 MeV cut: 3190 clusters
Running weighted MCMC with 3190 weights
Running emcee: 64 walkers × 2000 steps...
Acceptance fraction: 2.7%
Mean direction: θ=-158.02°, φ=115.63°
Uncertainties: Δθ=110.33°, Δφ=30.17°
68% credible angle: 75.35°

Angular error: 96.75°

======================================================================
SCENARIO (EMCEE): PERFECT_CT_E_GT_10MEV
======================================================================

Loaded 3552 matched main-track clusters across U, V, X planes
Selected 279 ES main tracks
Loading ED model from: /eos/home-e/evilla/dune/sn-tps/neural_networks/electron_direction/three_plane_three_plane_v58_200k_lr_schedule_20251118_110931/checkpoints/model_epoch_12_val_loss_0.8898.keras
Running ED inference...
Applying E > 10 MeV cut
After energy cut: 148 clusters
Running emcee: 64 walkers × 2000 steps...
Acceptance fraction: 12.7%
Mean direction: θ=5.72°, φ=137.22°
Uncertainties: Δθ=26.65°, Δφ=13.54°
68% credible angle: 21.75°

Angular error: 17.26°

======================================================================
SCENARIO (EMCEE): PERFECT_CT_E_GT_20MEV
======================================================================

Loaded 3552 matched main-track clusters across U, V, X planes
Selected 279 ES main tracks
Loading ED model from: /eos/home-e/evilla/dune/sn-tps/neural_networks/electron_direction/three_plane_three_plane_v58_200k_lr_schedule_20251118_110931/checkpoints/model_epoch_12_val_loss_0.8898.keras
Running ED inference...
Applying E > 20 MeV cut
After energy cut: 37 clusters
Running emcee: 64 walkers × 2000 steps...
Acceptance fraction: 10.7%
Mean direction: θ=10.25°, φ=114.85°
Uncertainties: Δθ=67.43°, Δφ=46.58°
68% credible angle: 44.96°

Angular error: 35.17°

✓ Saved: /eos/project-e/ep-nu/evilla/sn-pointing/cat000217/pipeline/cat000217_scenario_best_case_emcee.npz

✓ Saved: /eos/project-e/ep-nu/evilla/sn-pointing/cat000217/pipeline/cat000217_scenario_perfect_ct_emcee.npz

✓ Saved: /eos/project-e/ep-nu/evilla/sn-pointing/cat000217/pipeline/cat000217_scenario_full_pipeline_emcee.npz

✓ Saved: /eos/project-e/ep-nu/evilla/sn-pointing/cat000217/pipeline/cat000217_scenario_weighted_ct_emcee.npz

✓ Saved: /eos/project-e/ep-nu/evilla/sn-pointing/cat000217/pipeline/cat000217_scenario_perfect_ct_e_gt_10mev_emcee.npz

✓ Saved: /eos/project-e/ep-nu/evilla/sn-pointing/cat000217/pipeline/cat000217_scenario_perfect_ct_e_gt_20mev_emcee.npz
✓ cat000217 completed successfully
