Processing cat000056 with 6 scenarios...
Cat directory: /eos/project-e/ep-nu/evilla/sn-pointing/cat000056
======================================================================
EMCEE RECONSTRUCTION FOR cat000056
======================================================================

Loading PDF from: /eos/home-e/evilla/dune/sn-tps/neural_networks/electron_direction/three_plane_three_plane_v58_200k_lr_schedule_20251118_110931/cosine_energy_pdf.npz
PDF loaded

======================================================================
SCENARIO (EMCEE): BEST_CASE
======================================================================

Loaded 3835 matched main-track clusters across U, V, X planes
Selected 277 ES main tracks
After E > 3 MeV cut: 277 clusters
Running emcee: 64 walkers × 2000 steps...
Acceptance fraction: 9.8%
Mean direction: θ=144.25°, φ=48.92°
Uncertainties: Δθ=31.19°, Δφ=20.87°
68% credible angle: 28.97°

Angular error: 9.61°

======================================================================
SCENARIO (EMCEE): PERFECT_CT
======================================================================

Loaded 3835 matched main-track clusters across U, V, X planes
Selected 277 ES main tracks
Loading ED model from: /eos/home-e/evilla/dune/sn-tps/neural_networks/electron_direction/three_plane_three_plane_v58_200k_lr_schedule_20251118_110931/checkpoints/model_epoch_12_val_loss_0.8898.keras
Running ED inference...
After energy cut: 277 clusters
Running emcee: 64 walkers × 2000 steps...
Acceptance fraction: 10.8%
Mean direction: θ=158.04°, φ=50.69°
Uncertainties: Δθ=27.64°, Δφ=17.50°
68% credible angle: 23.89°

Angular error: 20.27°

======================================================================
SCENARIO (EMCEE): FULL_PIPELINE
======================================================================

Loaded 3835 matched main-track clusters across U, V, X planes
Using all 3835 main-track clusters
Loading CT model from: /eos/user/e/evilla/dune/sn-tps/neural_networks/charge_topology/best_model.keras

✗ full_pipeline failed: File not found: filepath=/eos/user/e/evilla/dune/sn-tps/neural_networks/charge_topology/best_model.keras. Please ensure the file is an accessible `.keras` zip file.

======================================================================
SCENARIO (EMCEE): WEIGHTED_CT
======================================================================

Loaded 3835 matched main-track clusters across U, V, X planes
Using all 3835 main-track clusters
Loading CT model from: /eos/user/e/evilla/dune/sn-tps/neural_networks/charge_topology/best_model.keras

✗ weighted_ct failed: File not found: filepath=/eos/user/e/evilla/dune/sn-tps/neural_networks/charge_topology/best_model.keras. Please ensure the file is an accessible `.keras` zip file.

======================================================================
SCENARIO (EMCEE): PERFECT_CT_E_GT_10MEV
======================================================================

Loaded 3835 matched main-track clusters across U, V, X planes
Selected 277 ES main tracks
Loading ED model from: /eos/home-e/evilla/dune/sn-tps/neural_networks/electron_direction/three_plane_three_plane_v58_200k_lr_schedule_20251118_110931/checkpoints/model_epoch_12_val_loss_0.8898.keras
Running ED inference...
Applying E > 10 MeV cut
After energy cut: 143 clusters
Running emcee: 64 walkers × 2000 steps...
Acceptance fraction: 13.6%
Mean direction: θ=168.17°, φ=46.78°
Uncertainties: Δθ=29.00°, Δφ=19.62°
68% credible angle: 22.35°

Angular error: 26.96°

======================================================================
SCENARIO (EMCEE): PERFECT_CT_E_GT_20MEV
======================================================================

Loaded 3835 matched main-track clusters across U, V, X planes
Selected 277 ES main tracks
Loading ED model from: /eos/home-e/evilla/dune/sn-tps/neural_networks/electron_direction/three_plane_three_plane_v58_200k_lr_schedule_20251118_110931/checkpoints/model_epoch_12_val_loss_0.8898.keras
Running ED inference...
Applying E > 20 MeV cut
After energy cut: 33 clusters
Running emcee: 64 walkers × 2000 steps...
Acceptance fraction: 14.2%
Mean direction: θ=-170.29°, φ=70.18°
Uncertainties: Δθ=100.95°, Δφ=36.49°
68% credible angle: 136.15°

Angular error: 53.46°

✓ Saved: /eos/project-e/ep-nu/evilla/sn-pointing/cat000056/pipeline/cat000056_scenario_best_case_emcee.npz

✓ Saved: /eos/project-e/ep-nu/evilla/sn-pointing/cat000056/pipeline/cat000056_scenario_perfect_ct_emcee.npz

✓ Saved: /eos/project-e/ep-nu/evilla/sn-pointing/cat000056/pipeline/cat000056_scenario_perfect_ct_e_gt_10mev_emcee.npz

✓ Saved: /eos/project-e/ep-nu/evilla/sn-pointing/cat000056/pipeline/cat000056_scenario_perfect_ct_e_gt_20mev_emcee.npz
✓ cat000056 completed successfully
