Processing cat000236 with 6 scenarios...
Cat directory: /eos/project-e/ep-nu/evilla/sn-pointing/cat000236
======================================================================
EMCEE RECONSTRUCTION FOR cat000236
======================================================================

Loading PDF from: /eos/home-e/evilla/dune/sn-tps/neural_networks/electron_direction/three_plane_three_plane_v58_200k_lr_schedule_20251118_110931/cosine_energy_pdf.npz
PDF loaded

======================================================================
SCENARIO (EMCEE): BEST_CASE
======================================================================

Loaded 3753 matched main-track clusters across U, V, X planes
Selected 244 ES main tracks
After E > 3 MeV cut: 244 clusters
Running emcee: 64 walkers × 2000 steps...
Acceptance fraction: 9.1%
Mean direction: θ=-155.42°, φ=126.85°
Uncertainties: Δθ=39.43°, Δφ=28.84°
68% credible angle: 25.41°

Angular error: 18.97°

======================================================================
SCENARIO (EMCEE): PERFECT_CT
======================================================================

Loaded 3753 matched main-track clusters across U, V, X planes
Selected 244 ES main tracks
Loading ED model from: /eos/home-e/evilla/dune/sn-tps/neural_networks/electron_direction/three_plane_three_plane_v58_200k_lr_schedule_20251118_110931/checkpoints/model_epoch_12_val_loss_0.8898.keras
Running ED inference...
After energy cut: 244 clusters
Running emcee: 64 walkers × 2000 steps...
Acceptance fraction: 7.9%
Mean direction: θ=-171.41°, φ=137.02°
Uncertainties: Δθ=29.50°, Δφ=15.91°
68% credible angle: 27.64°

Angular error: 28.37°

======================================================================
SCENARIO (EMCEE): FULL_PIPELINE
======================================================================

Loaded 3753 matched main-track clusters across U, V, X planes
Using all 3753 main-track clusters
Loading CT model from: /eos/user/e/evilla/dune/sn-tps/neural_networks/channel_tagging/ct_volume_v52_batch_reload_20251116_101125/best_model.keras
Running CT inference...
CT selected 3403 ES candidates from 3753 clusters
  ES prob range: [0.000, 1.000]
Loading ED model from: /eos/home-e/evilla/dune/sn-tps/neural_networks/electron_direction/three_plane_three_plane_v58_200k_lr_schedule_20251118_110931/checkpoints/model_epoch_12_val_loss_0.8898.keras
Running ED inference on 3403 clusters...
After E > 3 MeV cut: 3386 clusters
Running emcee: 64 walkers × 2000 steps...
Acceptance fraction: 3.4%
Mean direction: θ=-144.27°, φ=102.07°
Uncertainties: Δθ=54.86°, Δφ=31.09°
68% credible angle: 74.77°

Angular error: 32.02°

======================================================================
SCENARIO (EMCEE): WEIGHTED_CT
======================================================================

Loaded 3753 matched main-track clusters across U, V, X planes
Using all 3753 main-track clusters
Loading CT model from: /eos/user/e/evilla/dune/sn-tps/neural_networks/channel_tagging/ct_volume_v52_batch_reload_20251116_101125/best_model.keras
Running CT inference...
CT selected 3403 ES candidates from 3753 clusters
  ES prob range: [0.000, 1.000]
Loading ED model from: /eos/home-e/evilla/dune/sn-tps/neural_networks/electron_direction/three_plane_three_plane_v58_200k_lr_schedule_20251118_110931/checkpoints/model_epoch_12_val_loss_0.8898.keras
Running ED inference on 3403 clusters...
Using CT weights (ES probabilities)
After E > 3 MeV cut: 3386 clusters
Running weighted MCMC with 3386 weights
Running emcee: 64 walkers × 2000 steps...
Acceptance fraction: 2.7%
Mean direction: θ=-148.16°, φ=115.09°
Uncertainties: Δθ=62.41°, Δφ=31.18°
68% credible angle: 72.86°

Angular error: 21.80°

======================================================================
SCENARIO (EMCEE): PERFECT_CT_E_GT_10MEV
======================================================================

Loaded 3753 matched main-track clusters across U, V, X planes
Selected 244 ES main tracks
Loading ED model from: /eos/home-e/evilla/dune/sn-tps/neural_networks/electron_direction/three_plane_three_plane_v58_200k_lr_schedule_20251118_110931/checkpoints/model_epoch_12_val_loss_0.8898.keras
Running ED inference...
Applying E > 10 MeV cut
After energy cut: 133 clusters
Running emcee: 64 walkers × 2000 steps...
Acceptance fraction: 13.1%
Mean direction: θ=-164.98°, φ=136.55°
Uncertainties: Δθ=22.53°, Δφ=14.87°
68% credible angle: 22.49°

Angular error: 24.00°

======================================================================
SCENARIO (EMCEE): PERFECT_CT_E_GT_20MEV
======================================================================

Loaded 3753 matched main-track clusters across U, V, X planes
Selected 244 ES main tracks
Loading ED model from: /eos/home-e/evilla/dune/sn-tps/neural_networks/electron_direction/three_plane_three_plane_v58_200k_lr_schedule_20251118_110931/checkpoints/model_epoch_12_val_loss_0.8898.keras
Running ED inference...
Applying E > 20 MeV cut
After energy cut: 25 clusters
Running emcee: 64 walkers × 2000 steps...
Acceptance fraction: 13.5%
Mean direction: θ=-179.05°, φ=108.51°
Uncertainties: Δθ=75.56°, Δφ=48.56°
68% credible angle: 49.18°

Angular error: 46.41°

✓ Saved: /eos/project-e/ep-nu/evilla/sn-pointing/cat000236/pipeline/cat000236_scenario_best_case_emcee.npz

✓ Saved: /eos/project-e/ep-nu/evilla/sn-pointing/cat000236/pipeline/cat000236_scenario_perfect_ct_emcee.npz

✓ Saved: /eos/project-e/ep-nu/evilla/sn-pointing/cat000236/pipeline/cat000236_scenario_full_pipeline_emcee.npz

✓ Saved: /eos/project-e/ep-nu/evilla/sn-pointing/cat000236/pipeline/cat000236_scenario_weighted_ct_emcee.npz

✓ Saved: /eos/project-e/ep-nu/evilla/sn-pointing/cat000236/pipeline/cat000236_scenario_perfect_ct_e_gt_10mev_emcee.npz

✓ Saved: /eos/project-e/ep-nu/evilla/sn-pointing/cat000236/pipeline/cat000236_scenario_perfect_ct_e_gt_20mev_emcee.npz
✓ cat000236 completed successfully
