000 (6420432.096.000) 11/20 17:10:12 Job submitted from host: <188.185.125.71:9618?addrs=188.185.125.71-9618+[2001-1458-d00-4a--100-15e]-9618&alias=bigbird28.cern.ch&noUDP&sock=schedd_2239_58a3>
...
040 (6420432.096.000) 11/20 19:31:04 Started transferring input files
	Transferring to host: <188.184.195.72:9618?addrs=188.184.195.72-9618+[2001-1458-301-72--100-3bf]-9618&alias=b9g47n6462.cern.ch&noUDP&sock=slot1_1_18519_0f8a_9806>
...
040 (6420432.096.000) 11/20 19:31:04 Finished transferring input files
...
001 (6420432.096.000) 11/20 19:31:05 Job executing on host: <188.184.195.72:9618?addrs=188.184.195.72-9618+[2001-1458-301-72--100-3bf]-9618&alias=b9g47n6462.cern.ch&noUDP&sock=startd_17580_ff09>
	SlotName: slot1_1@b9g47n6462.cern.ch
	AvailableGPUs = { GPUs_GPU_097ed6ab }
	CondorScratchDir = "/pool/condor/dir_321166"
	Cpus = 11
	Disk = 8389642
	GPUs = 1
	GPUs_GPU_097ed6ab = [ Id = "GPU-097ed6ab"; ClockMhz = 1590.0; Capability = 7.5; CoresPerCU = 64; DeviceName = "Tesla T4"; DeviceUuid = "097ed6ab-2e6f-8d98-37a3-6ad09a369fc4"; ECCEnabled = true; ComputeUnits = 40; DriverVersion = 13.0; DevicePciBusId = "0000:07:00.0"; GlobalMemoryMb = 14913; MaxSupportedVersion = 13000 ]
	Memory = 33000
...
006 (6420432.096.000) 11/20 19:31:18 Image size of job updated: 300592
	294  -  MemoryUsage of job (MB)
	300592  -  ResidentSetSize of job (KB)
...
006 (6420432.096.000) 11/20 19:36:18 Image size of job updated: 1706308
	604  -  MemoryUsage of job (MB)
	617756  -  ResidentSetSize of job (KB)
...
006 (6420432.096.000) 11/20 19:41:19 Image size of job updated: 1706308
	618  -  MemoryUsage of job (MB)
	632240  -  ResidentSetSize of job (KB)
...
040 (6420432.096.000) 11/20 19:45:42 Started transferring output files
...
040 (6420432.096.000) 11/20 19:45:43 Finished transferring output files
...
005 (6420432.096.000) 11/20 19:45:43 Job terminated.
	(1) Normal termination (return value 0)
		Usr 0 00:26:27, Sys 0 00:01:18  -  Run Remote Usage
		Usr 0 00:00:00, Sys 0 00:00:00  -  Run Local Usage
		Usr 0 00:26:27, Sys 0 00:01:18  -  Total Remote Usage
		Usr 0 00:00:00, Sys 0 00:00:00  -  Total Local Usage
	33199  -  Run Bytes Sent By Job
	1412394  -  Run Bytes Received By Job
	33199  -  Total Bytes Sent By Job
	1412394  -  Total Bytes Received By Job
	Partitionable Resources :    Usage  Request Allocated Assigned
	   Cpus                 :     6.63       11        11 
	   Disk (KB)            :  1436     8388608   8389642 
	   GPUs                 :     0           1         1 "GPU-097ed6ab"
	   GpusMemory (MB)      :   567                       
	   Memory (MB)          :   618       33000     33000 
	   TimeExecute (s)      :   877                       
	   TimeSlotBusy (s)     :   879                       

	Job terminated of its own accord at 2025-11-20T18:45:42Z with exit-code 0.
...
