Processing cat000139 with 6 scenarios...
Cat directory: /eos/project-e/ep-nu/evilla/sn-pointing/cat000139
======================================================================
EMCEE RECONSTRUCTION FOR cat000139
======================================================================

Loading PDF from: /eos/home-e/evilla/dune/sn-tps/neural_networks/electron_direction/three_plane_three_plane_v58_200k_lr_schedule_20251118_110931/cosine_energy_pdf.npz
PDF loaded

======================================================================
SCENARIO (EMCEE): BEST_CASE
======================================================================

Loaded 3315 matched main-track clusters across U, V, X planes
Selected 279 ES main tracks
After E > 3 MeV cut: 279 clusters
Running emcee: 64 walkers × 2000 steps...
Acceptance fraction: 10.6%
Mean direction: θ=67.59°, φ=99.65°
Uncertainties: Δθ=60.88°, Δφ=23.18°
68% credible angle: 28.28°

Angular error: 10.81°

======================================================================
SCENARIO (EMCEE): PERFECT_CT
======================================================================

Loaded 3315 matched main-track clusters across U, V, X planes
Selected 279 ES main tracks
Loading ED model from: /eos/home-e/evilla/dune/sn-tps/neural_networks/electron_direction/three_plane_three_plane_v58_200k_lr_schedule_20251118_110931/checkpoints/model_epoch_12_val_loss_0.8898.keras
Running ED inference...
After energy cut: 279 clusters
Running emcee: 64 walkers × 2000 steps...
Acceptance fraction: 15.3%
Mean direction: θ=73.29°, φ=102.26°
Uncertainties: Δθ=19.78°, Δφ=12.43°
68% credible angle: 15.13°

Angular error: 8.18°

======================================================================
SCENARIO (EMCEE): FULL_PIPELINE
======================================================================

Loaded 3315 matched main-track clusters across U, V, X planes
Using all 3315 main-track clusters
Loading CT model from: /eos/user/e/evilla/dune/sn-tps/neural_networks/channel_tagging/ct_volume_v52_batch_reload_20251116_101125/best_model.keras
Running CT inference...
CT selected 3030 ES candidates from 3315 clusters
  ES prob range: [0.000, 1.000]
Loading ED model from: /eos/home-e/evilla/dune/sn-tps/neural_networks/electron_direction/three_plane_three_plane_v58_200k_lr_schedule_20251118_110931/checkpoints/model_epoch_12_val_loss_0.8898.keras
Running ED inference on 3030 clusters...
After E > 3 MeV cut: 3014 clusters
Running emcee: 64 walkers × 2000 steps...
Acceptance fraction: 5.8%
Mean direction: θ=-177.40°, φ=106.07°
Uncertainties: Δθ=87.29°, Δφ=31.98°
68% credible angle: 65.69°

Angular error: 104.03°

======================================================================
SCENARIO (EMCEE): WEIGHTED_CT
======================================================================

Loaded 3315 matched main-track clusters across U, V, X planes
Using all 3315 main-track clusters
Loading CT model from: /eos/user/e/evilla/dune/sn-tps/neural_networks/channel_tagging/ct_volume_v52_batch_reload_20251116_101125/best_model.keras
Running CT inference...
CT selected 3030 ES candidates from 3315 clusters
  ES prob range: [0.000, 1.000]
Loading ED model from: /eos/home-e/evilla/dune/sn-tps/neural_networks/electron_direction/three_plane_three_plane_v58_200k_lr_schedule_20251118_110931/checkpoints/model_epoch_12_val_loss_0.8898.keras
Running ED inference on 3030 clusters...
Using CT weights (ES probabilities)
After E > 3 MeV cut: 3014 clusters
Running weighted MCMC with 3014 weights
Running emcee: 64 walkers × 2000 steps...
Acceptance fraction: 4.8%
Mean direction: θ=165.08°, φ=107.52°
Uncertainties: Δθ=84.26°, Δφ=30.94°
68% credible angle: 66.99°

Angular error: 88.04°

======================================================================
SCENARIO (EMCEE): PERFECT_CT_E_GT_10MEV
======================================================================

Loaded 3315 matched main-track clusters across U, V, X planes
Selected 279 ES main tracks
Loading ED model from: /eos/home-e/evilla/dune/sn-tps/neural_networks/electron_direction/three_plane_three_plane_v58_200k_lr_schedule_20251118_110931/checkpoints/model_epoch_12_val_loss_0.8898.keras
Running ED inference...
Applying E > 10 MeV cut
After energy cut: 157 clusters
Running emcee: 64 walkers × 2000 steps...
Acceptance fraction: 15.1%
Mean direction: θ=68.62°, φ=99.88°
Uncertainties: Δθ=53.52°, Δφ=13.34°
68% credible angle: 31.21°

Angular error: 10.35°

======================================================================
SCENARIO (EMCEE): PERFECT_CT_E_GT_20MEV
======================================================================

Loaded 3315 matched main-track clusters across U, V, X planes
Selected 279 ES main tracks
Loading ED model from: /eos/home-e/evilla/dune/sn-tps/neural_networks/electron_direction/three_plane_three_plane_v58_200k_lr_schedule_20251118_110931/checkpoints/model_epoch_12_val_loss_0.8898.keras
Running ED inference...
Applying E > 20 MeV cut
After energy cut: 35 clusters
Running emcee: 64 walkers × 2000 steps...
Acceptance fraction: 14.4%
Mean direction: θ=66.61°, φ=99.51°
Uncertainties: Δθ=82.45°, Δφ=13.55°
68% credible angle: 140.88°

Angular error: 11.24°

✓ Saved: /eos/project-e/ep-nu/evilla/sn-pointing/cat000139/pipeline/cat000139_scenario_best_case_emcee.npz

✓ Saved: /eos/project-e/ep-nu/evilla/sn-pointing/cat000139/pipeline/cat000139_scenario_perfect_ct_emcee.npz

✓ Saved: /eos/project-e/ep-nu/evilla/sn-pointing/cat000139/pipeline/cat000139_scenario_full_pipeline_emcee.npz

✓ Saved: /eos/project-e/ep-nu/evilla/sn-pointing/cat000139/pipeline/cat000139_scenario_weighted_ct_emcee.npz

✓ Saved: /eos/project-e/ep-nu/evilla/sn-pointing/cat000139/pipeline/cat000139_scenario_perfect_ct_e_gt_10mev_emcee.npz

✓ Saved: /eos/project-e/ep-nu/evilla/sn-pointing/cat000139/pipeline/cat000139_scenario_perfect_ct_e_gt_20mev_emcee.npz
✓ cat000139 completed successfully
