Processing cat000081 with 6 scenarios...
Cat directory: /eos/project-e/ep-nu/evilla/sn-pointing/cat000081
======================================================================
EMCEE RECONSTRUCTION FOR cat000081
======================================================================

Loading PDF from: /eos/home-e/evilla/dune/sn-tps/neural_networks/electron_direction/three_plane_three_plane_v58_200k_lr_schedule_20251118_110931/cosine_energy_pdf.npz
PDF loaded

======================================================================
SCENARIO (EMCEE): BEST_CASE
======================================================================

Loaded 3729 matched main-track clusters across U, V, X planes
Selected 287 ES main tracks
After E > 3 MeV cut: 287 clusters
Running emcee: 64 walkers × 2000 steps...
Acceptance fraction: 7.8%
Mean direction: θ=-120.74°, φ=59.04°
Uncertainties: Δθ=57.71°, Δφ=35.31°
68% credible angle: 39.21°

Angular error: 14.71°

======================================================================
SCENARIO (EMCEE): PERFECT_CT
======================================================================

Loaded 3729 matched main-track clusters across U, V, X planes
Selected 287 ES main tracks
Loading ED model from: /eos/home-e/evilla/dune/sn-tps/neural_networks/electron_direction/three_plane_three_plane_v58_200k_lr_schedule_20251118_110931/checkpoints/model_epoch_12_val_loss_0.8898.keras
Running ED inference...
After energy cut: 287 clusters
Running emcee: 64 walkers × 2000 steps...
Acceptance fraction: 12.6%
Mean direction: θ=-140.78°, φ=48.11°
Uncertainties: Δθ=51.70°, Δφ=16.14°
68% credible angle: 42.16°

Angular error: 15.95°

======================================================================
SCENARIO (EMCEE): FULL_PIPELINE
======================================================================

Loaded 3729 matched main-track clusters across U, V, X planes
Using all 3729 main-track clusters
Loading CT model from: /eos/user/e/evilla/dune/sn-tps/neural_networks/channel_tagging/ct_volume_v52_batch_reload_20251116_101125/best_model.keras
Running CT inference...
CT selected 3377 ES candidates from 3729 clusters
  ES prob range: [0.000, 1.000]
Loading ED model from: /eos/home-e/evilla/dune/sn-tps/neural_networks/electron_direction/three_plane_three_plane_v58_200k_lr_schedule_20251118_110931/checkpoints/model_epoch_12_val_loss_0.8898.keras
Running ED inference on 3377 clusters...
After E > 3 MeV cut: 3361 clusters
Running emcee: 64 walkers × 2000 steps...
Acceptance fraction: 3.8%
Mean direction: θ=-133.83°, φ=97.13°
Uncertainties: Δθ=73.92°, Δφ=42.79°
68% credible angle: 87.38°

Angular error: 54.34°

======================================================================
SCENARIO (EMCEE): WEIGHTED_CT
======================================================================

Loaded 3729 matched main-track clusters across U, V, X planes
Using all 3729 main-track clusters
Loading CT model from: /eos/user/e/evilla/dune/sn-tps/neural_networks/channel_tagging/ct_volume_v52_batch_reload_20251116_101125/best_model.keras
Running CT inference...
CT selected 3377 ES candidates from 3729 clusters
  ES prob range: [0.000, 1.000]
Loading ED model from: /eos/home-e/evilla/dune/sn-tps/neural_networks/electron_direction/three_plane_three_plane_v58_200k_lr_schedule_20251118_110931/checkpoints/model_epoch_12_val_loss_0.8898.keras
Running ED inference on 3377 clusters...
Using CT weights (ES probabilities)
After E > 3 MeV cut: 3361 clusters
Running weighted MCMC with 3361 weights
Running emcee: 64 walkers × 2000 steps...
Acceptance fraction: 4.2%
Mean direction: θ=-174.12°, φ=85.38°
Uncertainties: Δθ=106.33°, Δφ=42.93°
68% credible angle: 96.94°

Angular error: 62.70°

======================================================================
SCENARIO (EMCEE): PERFECT_CT_E_GT_10MEV
======================================================================

Loaded 3729 matched main-track clusters across U, V, X planes
Selected 287 ES main tracks
Loading ED model from: /eos/home-e/evilla/dune/sn-tps/neural_networks/electron_direction/three_plane_three_plane_v58_200k_lr_schedule_20251118_110931/checkpoints/model_epoch_12_val_loss_0.8898.keras
Running ED inference...
Applying E > 10 MeV cut
After energy cut: 148 clusters
Running emcee: 64 walkers × 2000 steps...
Acceptance fraction: 8.7%
Mean direction: θ=-148.53°, φ=44.61°
Uncertainties: Δθ=43.47°, Δφ=20.37°
68% credible angle: 35.76°

Angular error: 20.41°

======================================================================
SCENARIO (EMCEE): PERFECT_CT_E_GT_20MEV
======================================================================

Loaded 3729 matched main-track clusters across U, V, X planes
Selected 287 ES main tracks
Loading ED model from: /eos/home-e/evilla/dune/sn-tps/neural_networks/electron_direction/three_plane_three_plane_v58_200k_lr_schedule_20251118_110931/checkpoints/model_epoch_12_val_loss_0.8898.keras
Running ED inference...
Applying E > 20 MeV cut
After energy cut: 37 clusters
Running emcee: 64 walkers × 2000 steps...
Acceptance fraction: 13.9%
Mean direction: θ=-137.28°, φ=54.72°
Uncertainties: Δθ=53.34°, Δφ=28.00°
68% credible angle: 36.02°

Angular error: 17.12°

✓ Saved: /eos/project-e/ep-nu/evilla/sn-pointing/cat000081/pipeline/cat000081_scenario_best_case_emcee.npz

✓ Saved: /eos/project-e/ep-nu/evilla/sn-pointing/cat000081/pipeline/cat000081_scenario_perfect_ct_emcee.npz

✓ Saved: /eos/project-e/ep-nu/evilla/sn-pointing/cat000081/pipeline/cat000081_scenario_full_pipeline_emcee.npz

✓ Saved: /eos/project-e/ep-nu/evilla/sn-pointing/cat000081/pipeline/cat000081_scenario_weighted_ct_emcee.npz

✓ Saved: /eos/project-e/ep-nu/evilla/sn-pointing/cat000081/pipeline/cat000081_scenario_perfect_ct_e_gt_10mev_emcee.npz

✓ Saved: /eos/project-e/ep-nu/evilla/sn-pointing/cat000081/pipeline/cat000081_scenario_perfect_ct_e_gt_20mev_emcee.npz
✓ cat000081 completed successfully
