==================================================================
Processing cat000072 with EMCEE - ALL SCENARIOS
==================================================================
======================================================================
EMCEE RECONSTRUCTION FOR cat000072
======================================================================

Loading PDF from: /eos/home-e/evilla/dune/sn-tps/neural_networks/electron_direction/three_plane_three_plane_v58_200k_lr_schedule_20251118_110931/cosine_energy_pdf.npz
PDF loaded

======================================================================
SCENARIO (EMCEE): PERFECT_CT
======================================================================

Loaded 3632 matched clusters across U, V, X planes
Selected clusters: 287
Running emcee: 64 walkers × 2000 steps...
Acceptance fraction: 17.5%
Mean direction: θ=57.64°, φ=76.34°
Uncertainties: Δθ=15.00°, Δφ=15.00°
68% credible angle: 17.36°

Angular error: 3.68°

======================================================================
SCENARIO (EMCEE): ES_MAIN_CC_SHOWER
======================================================================

Loaded 3632 matched clusters across U, V, X planes
Selected clusters: 287
Running emcee: 64 walkers × 2000 steps...
Acceptance fraction: 16.4%
Mean direction: θ=57.43°, φ=82.10°
Uncertainties: Δθ=14.82°, Δφ=15.15°
68% credible angle: 22.91°

Angular error: 4.95°

======================================================================
SCENARIO (EMCEE): ES_MAIN_CC_ALL
======================================================================

Loaded 3632 matched clusters across U, V, X planes
Selected clusters: 287
Running emcee: 64 walkers × 2000 steps...
Acceptance fraction: 16.6%
Mean direction: θ=56.80°, φ=78.47°
Uncertainties: Δθ=13.59°, Δφ=14.99°
68% credible angle: 19.29°

Angular error: 2.40°

======================================================================
SCENARIO (EMCEE): ES_ALL_CC_SHOWER
======================================================================

Loaded 3632 matched clusters across U, V, X planes
Selected clusters: 287
Running emcee: 64 walkers × 2000 steps...
Acceptance fraction: 19.5%
Mean direction: θ=52.76°, φ=81.95°
Uncertainties: Δθ=10.64°, Δφ=13.76°
68% credible angle: 12.26°

Angular error: 4.08°

======================================================================
SCENARIO (EMCEE): ES_ALL_CC_ALL
======================================================================

Loaded 3632 matched clusters across U, V, X planes
Selected clusters: 287
Running emcee: 64 walkers × 2000 steps...
Acceptance fraction: 24.3%
Mean direction: θ=52.14°, φ=82.28°
Uncertainties: Δθ=9.00°, Δφ=13.03°
68% credible angle: 11.38°

Angular error: 4.65°

======================================================================
SCENARIO (EMCEE): ALL_TRACKS_ALL_SHOWERS
======================================================================

Loaded 3632 matched clusters across U, V, X planes
Selected clusters: 3632
Running emcee: 64 walkers × 2000 steps...
Acceptance fraction: 3.0%
Mean direction: θ=172.69°, φ=96.65°
Uncertainties: Δθ=98.23°, Δφ=36.02°
68% credible angle: 111.95°

Angular error: 119.01°

✓ Saved: /eos/project-e/ep-nu/evilla/sn-pointing/cat000072/pipeline/cat000072_scenario_perfect_ct_emcee.npz

✓ Saved: /eos/project-e/ep-nu/evilla/sn-pointing/cat000072/pipeline/cat000072_scenario_es_main_cc_shower_emcee.npz

✓ Saved: /eos/project-e/ep-nu/evilla/sn-pointing/cat000072/pipeline/cat000072_scenario_es_main_cc_all_emcee.npz

✓ Saved: /eos/project-e/ep-nu/evilla/sn-pointing/cat000072/pipeline/cat000072_scenario_es_all_cc_shower_emcee.npz

✓ Saved: /eos/project-e/ep-nu/evilla/sn-pointing/cat000072/pipeline/cat000072_scenario_es_all_cc_all_emcee.npz

✓ Saved: /eos/project-e/ep-nu/evilla/sn-pointing/cat000072/pipeline/cat000072_scenario_all_tracks_all_showers_emcee.npz
✓ cat000072 completed successfully
