==================================================================
Processing cat000191 with EMCEE - ALL SCENARIOS
==================================================================
======================================================================
EMCEE RECONSTRUCTION FOR cat000191
======================================================================

Loading PDF from: /eos/home-e/evilla/dune/sn-tps/neural_networks/electron_direction/three_plane_three_plane_v58_200k_lr_schedule_20251118_110931/cosine_energy_pdf.npz
PDF loaded

======================================================================
SCENARIO (EMCEE): PERFECT_CT
======================================================================

Loaded 2971 matched clusters across U, V, X planes
Selected clusters: 221
Running emcee: 64 walkers × 2000 steps...
Acceptance fraction: 7.9%
Mean direction: θ=-166.01°, φ=147.12°
Uncertainties: Δθ=45.32°, Δφ=19.38°
68% credible angle: 30.39°

Angular error: 4.47°

======================================================================
SCENARIO (EMCEE): ES_MAIN_CC_SHOWER
======================================================================

Loaded 2971 matched clusters across U, V, X planes
Selected clusters: 221
Running emcee: 64 walkers × 2000 steps...
Acceptance fraction: 7.5%
Mean direction: θ=-170.21°, φ=147.57°
Uncertainties: Δθ=42.12°, Δφ=17.39°
68% credible angle: 29.99°

Angular error: 5.63°

======================================================================
SCENARIO (EMCEE): ES_MAIN_CC_ALL
======================================================================

Loaded 2971 matched clusters across U, V, X planes
Selected clusters: 221
Running emcee: 64 walkers × 2000 steps...
Acceptance fraction: 7.0%
Mean direction: θ=-177.66°, φ=143.18°
Uncertainties: Δθ=43.32°, Δφ=17.30°
68% credible angle: 28.67°

Angular error: 11.72°

======================================================================
SCENARIO (EMCEE): ES_ALL_CC_SHOWER
======================================================================

Loaded 2971 matched clusters across U, V, X planes
Selected clusters: 221
Running emcee: 64 walkers × 2000 steps...
Acceptance fraction: 9.3%
Mean direction: θ=171.00°, φ=140.93°
Uncertainties: Δθ=37.36°, Δφ=16.96°
68% credible angle: 25.43°

Angular error: 18.23°

======================================================================
SCENARIO (EMCEE): ES_ALL_CC_ALL
======================================================================

Loaded 2971 matched clusters across U, V, X planes
Selected clusters: 221
Running emcee: 64 walkers × 2000 steps...
Acceptance fraction: 7.7%
Mean direction: θ=-175.01°, φ=140.70°
Uncertainties: Δθ=37.16°, Δφ=17.47°
68% credible angle: 29.05°

Angular error: 12.72°

======================================================================
SCENARIO (EMCEE): ALL_TRACKS_ALL_SHOWERS
======================================================================

Loaded 2971 matched clusters across U, V, X planes
Selected clusters: 2971
Running emcee: 64 walkers × 2000 steps...
Acceptance fraction: 3.4%
Mean direction: θ=-153.52°, φ=117.65°
Uncertainties: Δθ=59.91°, Δφ=32.16°
68% credible angle: 57.85°

Angular error: 33.64°

✓ Saved: /eos/project-e/ep-nu/evilla/sn-pointing/cat000191/pipeline/cat000191_scenario_perfect_ct_emcee.npz

✓ Saved: /eos/project-e/ep-nu/evilla/sn-pointing/cat000191/pipeline/cat000191_scenario_es_main_cc_shower_emcee.npz

✓ Saved: /eos/project-e/ep-nu/evilla/sn-pointing/cat000191/pipeline/cat000191_scenario_es_main_cc_all_emcee.npz

✓ Saved: /eos/project-e/ep-nu/evilla/sn-pointing/cat000191/pipeline/cat000191_scenario_es_all_cc_shower_emcee.npz

✓ Saved: /eos/project-e/ep-nu/evilla/sn-pointing/cat000191/pipeline/cat000191_scenario_es_all_cc_all_emcee.npz

✓ Saved: /eos/project-e/ep-nu/evilla/sn-pointing/cat000191/pipeline/cat000191_scenario_all_tracks_all_showers_emcee.npz
✓ cat000191 completed successfully
