000 (13791725.064.000) 11/20 10:34:57 Job submitted from host: <188.184.90.62:9618?addrs=188.184.90.62-9618+[2001-1458-201-e4--100-238]-9618&alias=bigbird16.cern.ch&noUDP&sock=schedd_5196_9a2f>
...
040 (13791725.064.000) 11/20 10:42:54 Started transferring input files
	Transferring to host: <188.185.93.169:9618?addrs=188.185.93.169-9618+[2001-1458-d00-6c--100-19e]-9618&alias=b9g57n2934.cern.ch&noUDP&sock=slot1_1_20491_835a_9220>
...
040 (13791725.064.000) 11/20 10:42:54 Finished transferring input files
...
001 (13791725.064.000) 11/20 10:42:55 Job executing on host: <188.185.93.169:9618?addrs=188.185.93.169-9618+[2001-1458-d00-6c--100-19e]-9618&alias=b9g57n2934.cern.ch&noUDP&sock=startd_20444_7646>
	SlotName: slot1_1@b9g57n2934.cern.ch
	AvailableGPUs = { GPUs_GPU_1d17f189 }
	CondorScratchDir = "/pool/condor/dir_2280525"
	Cpus = 11
	Disk = 4195098
	GPUs = 1
	GPUs_GPU_1d17f189 = [ Id = "GPU-1d17f189"; ClockMhz = 1410.0; Capability = 8.0; CoresPerCU = 64; DeviceName = "NVIDIA A100-PCIE-40GB"; DeviceUuid = "1d17f189-4819-0334-33fe-0cacfb19687c"; ECCEnabled = true; ComputeUnits = 108; DriverVersion = 13.0; DevicePciBusId = "0000:06:00.0"; GlobalMemoryMb = 40441; MaxSupportedVersion = 13000 ]
	Memory = 33000
...
006 (13791725.064.000) 11/20 10:43:08 Image size of job updated: 318532
	312  -  MemoryUsage of job (MB)
	318532  -  ResidentSetSize of job (KB)
...
006 (13791725.064.000) 11/20 10:46:00 Image size of job updated: 2110564
	312  -  MemoryUsage of job (MB)
	318532  -  ResidentSetSize of job (KB)
...
040 (13791725.064.000) 11/20 10:46:01 Started transferring output files
...
040 (13791725.064.000) 11/20 10:46:01 Finished transferring output files
...
005 (13791725.064.000) 11/20 10:46:01 Job terminated.
	(1) Normal termination (return value 0)
		Usr 0 00:05:51, Sys 0 00:00:24  -  Run Remote Usage
		Usr 0 00:00:00, Sys 0 00:00:00  -  Run Local Usage
		Usr 0 00:05:51, Sys 0 00:00:24  -  Total Remote Usage
		Usr 0 00:00:00, Sys 0 00:00:00  -  Total Local Usage
	16751  -  Run Bytes Sent By Job
	1411571  -  Run Bytes Received By Job
	16751  -  Total Bytes Sent By Job
	1411571  -  Total Bytes Received By Job
	Partitionable Resources :    Usage  Request Allocated Assigned
	   Cpus                 :     1.50       11        11 
	   Disk (KB)            :  1420     4194304   4195098 
	   GPUs                 :     0           1         1 "GPU-1d17f189"
	   GpusMemory (MB)      :   624                       
	   Memory (MB)          :   312       33000     33000 
	   TimeExecute (s)      :   185                       
	   TimeSlotBusy (s)     :   187                       

	Job terminated of its own accord at 2025-11-20T09:46:00Z with exit-code 0.
...
