Processing cat000611 with 6 scenarios...
Cat directory: /eos/project-e/ep-nu/evilla/sn-pointing/cat000611
======================================================================
EMCEE RECONSTRUCTION FOR cat000611
======================================================================

Loading PDF from: /eos/home-e/evilla/dune/sn-tps/neural_networks/electron_direction/three_plane_three_plane_v58_200k_lr_schedule_20251118_110931/cosine_energy_pdf.npz
PDF loaded

======================================================================
SCENARIO (EMCEE): BEST_CASE
======================================================================

Loaded 3660 matched main-track clusters across U, V, X planes
Selected 242 ES main tracks
After E > 3 MeV cut: 242 clusters
Running emcee: 64 walkers × 2000 steps...
Acceptance fraction: 11.2%
Mean direction: θ=13.71°, φ=78.77°
Uncertainties: Δθ=45.96°, Δφ=24.98°
68% credible angle: 27.18°

Angular error: 17.12°

======================================================================
SCENARIO (EMCEE): PERFECT_CT
======================================================================

Loaded 3660 matched main-track clusters across U, V, X planes
Selected 242 ES main tracks
Loading ED model from: /eos/home-e/evilla/dune/sn-tps/neural_networks/electron_direction/three_plane_three_plane_v58_200k_lr_schedule_20251118_110931/checkpoints/model_epoch_12_val_loss_0.8898.keras
Running ED inference...
After energy cut: 242 clusters
Running emcee: 64 walkers × 2000 steps...
Acceptance fraction: 11.9%
Mean direction: θ=1.69°, φ=63.85°
Uncertainties: Δθ=18.34°, Δφ=15.18°
68% credible angle: 16.26°

Angular error: 17.09°

======================================================================
SCENARIO (EMCEE): FULL_PIPELINE
======================================================================

Loaded 3660 matched main-track clusters across U, V, X planes
Using all 3660 main-track clusters
Loading CT model from: /eos/user/e/evilla/dune/sn-tps/neural_networks/channel_tagging/ct_volume_v52_batch_reload_20251116_101125/best_model.keras
Running CT inference...
CT selected 3348 ES candidates from 3660 clusters
  ES prob range: [0.000, 1.000]
Loading ED model from: /eos/home-e/evilla/dune/sn-tps/neural_networks/electron_direction/three_plane_three_plane_v58_200k_lr_schedule_20251118_110931/checkpoints/model_epoch_12_val_loss_0.8898.keras
Running ED inference on 3348 clusters...
After E > 3 MeV cut: 3328 clusters
Running emcee: 64 walkers × 2000 steps...
Acceptance fraction: 5.4%
Mean direction: θ=-72.60°, φ=84.66°
Uncertainties: Δθ=69.94°, Δφ=36.55°
68% credible angle: 54.96°

Angular error: 90.58°

======================================================================
SCENARIO (EMCEE): WEIGHTED_CT
======================================================================

Loaded 3660 matched main-track clusters across U, V, X planes
Using all 3660 main-track clusters
Loading CT model from: /eos/user/e/evilla/dune/sn-tps/neural_networks/channel_tagging/ct_volume_v52_batch_reload_20251116_101125/best_model.keras
Running CT inference...
CT selected 3348 ES candidates from 3660 clusters
  ES prob range: [0.000, 1.000]
Loading ED model from: /eos/home-e/evilla/dune/sn-tps/neural_networks/electron_direction/three_plane_three_plane_v58_200k_lr_schedule_20251118_110931/checkpoints/model_epoch_12_val_loss_0.8898.keras
Running ED inference on 3348 clusters...
Using CT weights (ES probabilities)
After E > 3 MeV cut: 3328 clusters
Running weighted MCMC with 3328 weights
Running emcee: 64 walkers × 2000 steps...
Acceptance fraction: 9.0%
Mean direction: θ=-55.47°, φ=84.80°
Uncertainties: Δθ=75.76°, Δφ=38.63°
68% credible angle: 63.07°

Angular error: 75.41°

======================================================================
SCENARIO (EMCEE): PERFECT_CT_E_GT_10MEV
======================================================================

Loaded 3660 matched main-track clusters across U, V, X planes
Selected 242 ES main tracks
Loading ED model from: /eos/home-e/evilla/dune/sn-tps/neural_networks/electron_direction/three_plane_three_plane_v58_200k_lr_schedule_20251118_110931/checkpoints/model_epoch_12_val_loss_0.8898.keras
Running ED inference...
Applying E > 10 MeV cut
After energy cut: 148 clusters
Running emcee: 64 walkers × 2000 steps...
Acceptance fraction: 16.7%
Mean direction: θ=1.92°, φ=71.40°
Uncertainties: Δθ=25.07°, Δφ=11.68°
68% credible angle: 14.43°

Angular error: 19.29°

======================================================================
SCENARIO (EMCEE): PERFECT_CT_E_GT_20MEV
======================================================================

Loaded 3660 matched main-track clusters across U, V, X planes
Selected 242 ES main tracks
Loading ED model from: /eos/home-e/evilla/dune/sn-tps/neural_networks/electron_direction/three_plane_three_plane_v58_200k_lr_schedule_20251118_110931/checkpoints/model_epoch_12_val_loss_0.8898.keras
Running ED inference...
Applying E > 20 MeV cut
After energy cut: 39 clusters
Running emcee: 64 walkers × 2000 steps...
Acceptance fraction: 19.6%
Mean direction: θ=14.61°, φ=70.36°
Uncertainties: Δθ=66.99°, Δφ=21.20°
68% credible angle: 25.74°

Angular error: 9.29°

✓ Saved: /eos/project-e/ep-nu/evilla/sn-pointing/cat000611/pipeline/cat000611_scenario_best_case_emcee.npz

✓ Saved: /eos/project-e/ep-nu/evilla/sn-pointing/cat000611/pipeline/cat000611_scenario_perfect_ct_emcee.npz

✓ Saved: /eos/project-e/ep-nu/evilla/sn-pointing/cat000611/pipeline/cat000611_scenario_full_pipeline_emcee.npz

✓ Saved: /eos/project-e/ep-nu/evilla/sn-pointing/cat000611/pipeline/cat000611_scenario_weighted_ct_emcee.npz

✓ Saved: /eos/project-e/ep-nu/evilla/sn-pointing/cat000611/pipeline/cat000611_scenario_perfect_ct_e_gt_10mev_emcee.npz

✓ Saved: /eos/project-e/ep-nu/evilla/sn-pointing/cat000611/pipeline/cat000611_scenario_perfect_ct_e_gt_20mev_emcee.npz
✓ cat000611 completed successfully
