Processing cat000182 with 6 scenarios...
Cat directory: /eos/project-e/ep-nu/evilla/sn-pointing/cat000182
======================================================================
EMCEE RECONSTRUCTION FOR cat000182
======================================================================

Loading PDF from: /eos/home-e/evilla/dune/sn-tps/neural_networks/electron_direction/three_plane_three_plane_v58_200k_lr_schedule_20251118_110931/cosine_energy_pdf.npz
PDF loaded

======================================================================
SCENARIO (EMCEE): BEST_CASE
======================================================================

Loaded 3301 matched main-track clusters across U, V, X planes
Selected 182 ES main tracks
After E > 3 MeV cut: 182 clusters
Running emcee: 64 walkers × 2000 steps...
Acceptance fraction: 12.1%
Mean direction: θ=149.07°, φ=109.87°
Uncertainties: Δθ=34.00°, Δφ=14.67°
68% credible angle: 33.91°

Angular error: 13.30°

======================================================================
SCENARIO (EMCEE): PERFECT_CT
======================================================================

Loaded 3301 matched main-track clusters across U, V, X planes
Selected 182 ES main tracks
Loading ED model from: /eos/home-e/evilla/dune/sn-tps/neural_networks/electron_direction/three_plane_three_plane_v58_200k_lr_schedule_20251118_110931/checkpoints/model_epoch_12_val_loss_0.8898.keras
Running ED inference...
After energy cut: 182 clusters
Running emcee: 64 walkers × 2000 steps...
Acceptance fraction: 9.2%
Mean direction: θ=174.70°, φ=111.14°
Uncertainties: Δθ=20.14°, Δφ=16.24°
68% credible angle: 25.84°

Angular error: 36.65°

======================================================================
SCENARIO (EMCEE): FULL_PIPELINE
======================================================================

Loaded 3301 matched main-track clusters across U, V, X planes
Using all 3301 main-track clusters
Loading CT model from: /eos/user/e/evilla/dune/sn-tps/neural_networks/channel_tagging/ct_volume_v52_batch_reload_20251116_101125/best_model.keras
Running CT inference...
CT selected 3008 ES candidates from 3301 clusters
  ES prob range: [0.000, 1.000]
Loading ED model from: /eos/home-e/evilla/dune/sn-tps/neural_networks/electron_direction/three_plane_three_plane_v58_200k_lr_schedule_20251118_110931/checkpoints/model_epoch_12_val_loss_0.8898.keras
Running ED inference on 3008 clusters...
After E > 3 MeV cut: 2991 clusters
Running emcee: 64 walkers × 2000 steps...
Acceptance fraction: 4.0%
Mean direction: θ=-148.14°, φ=111.07°
Uncertainties: Δθ=67.98°, Δφ=34.99°
68% credible angle: 75.79°

Angular error: 70.36°

======================================================================
SCENARIO (EMCEE): WEIGHTED_CT
======================================================================

Loaded 3301 matched main-track clusters across U, V, X planes
Using all 3301 main-track clusters
Loading CT model from: /eos/user/e/evilla/dune/sn-tps/neural_networks/channel_tagging/ct_volume_v52_batch_reload_20251116_101125/best_model.keras
Running CT inference...
CT selected 3008 ES candidates from 3301 clusters
  ES prob range: [0.000, 1.000]
Loading ED model from: /eos/home-e/evilla/dune/sn-tps/neural_networks/electron_direction/three_plane_three_plane_v58_200k_lr_schedule_20251118_110931/checkpoints/model_epoch_12_val_loss_0.8898.keras
Running ED inference on 3008 clusters...
Using CT weights (ES probabilities)
After E > 3 MeV cut: 2991 clusters
Running weighted MCMC with 2991 weights
Running emcee: 64 walkers × 2000 steps...
Acceptance fraction: 3.9%
Mean direction: θ=-168.35°, φ=108.94°
Uncertainties: Δθ=63.55°, Δφ=34.72°
68% credible angle: 56.82°

Angular error: 52.67°

======================================================================
SCENARIO (EMCEE): PERFECT_CT_E_GT_10MEV
======================================================================

Loaded 3301 matched main-track clusters across U, V, X planes
Selected 182 ES main tracks
Loading ED model from: /eos/home-e/evilla/dune/sn-tps/neural_networks/electron_direction/three_plane_three_plane_v58_200k_lr_schedule_20251118_110931/checkpoints/model_epoch_12_val_loss_0.8898.keras
Running ED inference...
Applying E > 10 MeV cut
After energy cut: 101 clusters
Running emcee: 64 walkers × 2000 steps...
Acceptance fraction: 9.1%
Mean direction: θ=178.67°, φ=114.00°
Uncertainties: Δθ=20.04°, Δφ=14.79°
68% credible angle: 21.41°

Angular error: 39.85°

======================================================================
SCENARIO (EMCEE): PERFECT_CT_E_GT_20MEV
======================================================================

Loaded 3301 matched main-track clusters across U, V, X planes
Selected 182 ES main tracks
Loading ED model from: /eos/home-e/evilla/dune/sn-tps/neural_networks/electron_direction/three_plane_three_plane_v58_200k_lr_schedule_20251118_110931/checkpoints/model_epoch_12_val_loss_0.8898.keras
Running ED inference...
Applying E > 20 MeV cut
After energy cut: 20 clusters
Running emcee: 64 walkers × 2000 steps...
Acceptance fraction: 24.7%
Mean direction: θ=170.85°, φ=111.44°
Uncertainties: Δθ=42.47°, Δφ=19.55°
68% credible angle: 18.95°

Angular error: 33.07°

✓ Saved: /eos/project-e/ep-nu/evilla/sn-pointing/cat000182/pipeline/cat000182_scenario_best_case_emcee.npz

✓ Saved: /eos/project-e/ep-nu/evilla/sn-pointing/cat000182/pipeline/cat000182_scenario_perfect_ct_emcee.npz

✓ Saved: /eos/project-e/ep-nu/evilla/sn-pointing/cat000182/pipeline/cat000182_scenario_full_pipeline_emcee.npz

✓ Saved: /eos/project-e/ep-nu/evilla/sn-pointing/cat000182/pipeline/cat000182_scenario_weighted_ct_emcee.npz

✓ Saved: /eos/project-e/ep-nu/evilla/sn-pointing/cat000182/pipeline/cat000182_scenario_perfect_ct_e_gt_10mev_emcee.npz

✓ Saved: /eos/project-e/ep-nu/evilla/sn-pointing/cat000182/pipeline/cat000182_scenario_perfect_ct_e_gt_20mev_emcee.npz
✓ cat000182 completed successfully
