Processing cat000336 with 6 scenarios...
Cat directory: /eos/project-e/ep-nu/evilla/sn-pointing/cat000336
======================================================================
EMCEE RECONSTRUCTION FOR cat000336
======================================================================

Loading PDF from: /eos/home-e/evilla/dune/sn-tps/neural_networks/electron_direction/three_plane_three_plane_v58_200k_lr_schedule_20251118_110931/cosine_energy_pdf.npz
PDF loaded

======================================================================
SCENARIO (EMCEE): BEST_CASE
======================================================================

Loaded 3625 matched main-track clusters across U, V, X planes
Selected 234 ES main tracks
After E > 3 MeV cut: 234 clusters
Running emcee: 64 walkers × 2000 steps...
Acceptance fraction: 8.9%
Mean direction: θ=-12.17°, φ=91.88°
Uncertainties: Δθ=16.41°, Δφ=16.20°
68% credible angle: 25.10°

Angular error: 6.67°

======================================================================
SCENARIO (EMCEE): PERFECT_CT
======================================================================

Loaded 3625 matched main-track clusters across U, V, X planes
Selected 234 ES main tracks
Loading ED model from: /eos/home-e/evilla/dune/sn-tps/neural_networks/electron_direction/three_plane_three_plane_v58_200k_lr_schedule_20251118_110931/checkpoints/model_epoch_12_val_loss_0.8898.keras
Running ED inference...
After energy cut: 234 clusters
Running emcee: 64 walkers × 2000 steps...
Acceptance fraction: 13.4%
Mean direction: θ=-6.41°, φ=90.11°
Uncertainties: Δθ=24.27°, Δφ=9.51°
68% credible angle: 18.29°

Angular error: 0.72°

======================================================================
SCENARIO (EMCEE): FULL_PIPELINE
======================================================================

Loaded 3625 matched main-track clusters across U, V, X planes
Using all 3625 main-track clusters
Loading CT model from: /eos/user/e/evilla/dune/sn-tps/neural_networks/channel_tagging/ct_volume_v52_batch_reload_20251116_101125/best_model.keras
Running CT inference...
CT selected 3276 ES candidates from 3625 clusters
  ES prob range: [0.000, 1.000]
Loading ED model from: /eos/home-e/evilla/dune/sn-tps/neural_networks/electron_direction/three_plane_three_plane_v58_200k_lr_schedule_20251118_110931/checkpoints/model_epoch_12_val_loss_0.8898.keras
Running ED inference on 3276 clusters...
After E > 3 MeV cut: 3258 clusters
Running emcee: 64 walkers × 2000 steps...
Acceptance fraction: 3.4%
Mean direction: θ=-115.69°, φ=94.71°
Uncertainties: Δθ=61.83°, Δφ=30.69°
68% credible angle: 65.48°

Angular error: 109.90°

======================================================================
SCENARIO (EMCEE): WEIGHTED_CT
======================================================================

Loaded 3625 matched main-track clusters across U, V, X planes
Using all 3625 main-track clusters
Loading CT model from: /eos/user/e/evilla/dune/sn-tps/neural_networks/channel_tagging/ct_volume_v52_batch_reload_20251116_101125/best_model.keras
Running CT inference...
CT selected 3276 ES candidates from 3625 clusters
  ES prob range: [0.000, 1.000]
Loading ED model from: /eos/home-e/evilla/dune/sn-tps/neural_networks/electron_direction/three_plane_three_plane_v58_200k_lr_schedule_20251118_110931/checkpoints/model_epoch_12_val_loss_0.8898.keras
Running ED inference on 3276 clusters...
Using CT weights (ES probabilities)
After E > 3 MeV cut: 3258 clusters
Running weighted MCMC with 3258 weights
Running emcee: 64 walkers × 2000 steps...
Acceptance fraction: 3.5%
Mean direction: θ=-139.28°, φ=95.43°
Uncertainties: Δθ=84.04°, Δφ=29.23°
68% credible angle: 87.72°

Angular error: 133.30°

======================================================================
SCENARIO (EMCEE): PERFECT_CT_E_GT_10MEV
======================================================================

Loaded 3625 matched main-track clusters across U, V, X planes
Selected 234 ES main tracks
Loading ED model from: /eos/home-e/evilla/dune/sn-tps/neural_networks/electron_direction/three_plane_three_plane_v58_200k_lr_schedule_20251118_110931/checkpoints/model_epoch_12_val_loss_0.8898.keras
Running ED inference...
Applying E > 10 MeV cut
After energy cut: 134 clusters
Running emcee: 64 walkers × 2000 steps...
Acceptance fraction: 14.8%
Mean direction: θ=-6.50°, φ=89.94°
Uncertainties: Δθ=19.19°, Δφ=12.58°
68% credible angle: 18.94°

Angular error: 0.86°

======================================================================
SCENARIO (EMCEE): PERFECT_CT_E_GT_20MEV
======================================================================

Loaded 3625 matched main-track clusters across U, V, X planes
Selected 234 ES main tracks
Loading ED model from: /eos/home-e/evilla/dune/sn-tps/neural_networks/electron_direction/three_plane_three_plane_v58_200k_lr_schedule_20251118_110931/checkpoints/model_epoch_12_val_loss_0.8898.keras
Running ED inference...
Applying E > 20 MeV cut
After energy cut: 29 clusters
Running emcee: 64 walkers × 2000 steps...
Acceptance fraction: 21.2%
Mean direction: θ=-3.49°, φ=87.62°
Uncertainties: Δθ=40.66°, Δφ=8.70°
68% credible angle: 13.84°

Angular error: 3.43°

✓ Saved: /eos/project-e/ep-nu/evilla/sn-pointing/cat000336/pipeline/cat000336_scenario_best_case_emcee.npz

✓ Saved: /eos/project-e/ep-nu/evilla/sn-pointing/cat000336/pipeline/cat000336_scenario_perfect_ct_emcee.npz

✓ Saved: /eos/project-e/ep-nu/evilla/sn-pointing/cat000336/pipeline/cat000336_scenario_full_pipeline_emcee.npz

✓ Saved: /eos/project-e/ep-nu/evilla/sn-pointing/cat000336/pipeline/cat000336_scenario_weighted_ct_emcee.npz

✓ Saved: /eos/project-e/ep-nu/evilla/sn-pointing/cat000336/pipeline/cat000336_scenario_perfect_ct_e_gt_10mev_emcee.npz

✓ Saved: /eos/project-e/ep-nu/evilla/sn-pointing/cat000336/pipeline/cat000336_scenario_perfect_ct_e_gt_20mev_emcee.npz
✓ cat000336 completed successfully
