Processing cat000312 with 6 scenarios...
Cat directory: /eos/project-e/ep-nu/evilla/sn-pointing/cat000312
======================================================================
EMCEE RECONSTRUCTION FOR cat000312
======================================================================

Loading PDF from: /eos/home-e/evilla/dune/sn-tps/neural_networks/electron_direction/three_plane_three_plane_v58_200k_lr_schedule_20251118_110931/cosine_energy_pdf.npz
PDF loaded

======================================================================
SCENARIO (EMCEE): BEST_CASE
======================================================================

Loaded 3654 matched main-track clusters across U, V, X planes
Selected 281 ES main tracks
After E > 3 MeV cut: 281 clusters
Running emcee: 64 walkers × 2000 steps...
Acceptance fraction: 7.0%
Mean direction: θ=-165.30°, φ=61.30°
Uncertainties: Δθ=33.17°, Δφ=22.72°
68% credible angle: 27.68°

Angular error: 18.26°

======================================================================
SCENARIO (EMCEE): PERFECT_CT
======================================================================

Loaded 3654 matched main-track clusters across U, V, X planes
Selected 281 ES main tracks
Loading ED model from: /eos/home-e/evilla/dune/sn-tps/neural_networks/electron_direction/three_plane_three_plane_v58_200k_lr_schedule_20251118_110931/checkpoints/model_epoch_12_val_loss_0.8898.keras
Running ED inference...
After energy cut: 281 clusters
Running emcee: 64 walkers × 2000 steps...
Acceptance fraction: 7.5%
Mean direction: θ=-172.49°, φ=48.14°
Uncertainties: Δθ=24.54°, Δφ=16.60°
68% credible angle: 26.60°

Angular error: 21.42°

======================================================================
SCENARIO (EMCEE): FULL_PIPELINE
======================================================================

Loaded 3654 matched main-track clusters across U, V, X planes
Using all 3654 main-track clusters
Loading CT model from: /eos/user/e/evilla/dune/sn-tps/neural_networks/channel_tagging/ct_volume_v52_batch_reload_20251116_101125/best_model.keras
Running CT inference...
CT selected 3313 ES candidates from 3654 clusters
  ES prob range: [0.000, 1.000]
Loading ED model from: /eos/home-e/evilla/dune/sn-tps/neural_networks/electron_direction/three_plane_three_plane_v58_200k_lr_schedule_20251118_110931/checkpoints/model_epoch_12_val_loss_0.8898.keras
Running ED inference on 3313 clusters...
After E > 3 MeV cut: 3297 clusters
Running emcee: 64 walkers × 2000 steps...
Acceptance fraction: 4.7%
Mean direction: θ=-179.59°, φ=85.58°
Uncertainties: Δθ=59.56°, Δφ=26.78°
68% credible angle: 60.14°

Angular error: 44.70°

======================================================================
SCENARIO (EMCEE): WEIGHTED_CT
======================================================================

Loaded 3654 matched main-track clusters across U, V, X planes
Using all 3654 main-track clusters
Loading CT model from: /eos/user/e/evilla/dune/sn-tps/neural_networks/channel_tagging/ct_volume_v52_batch_reload_20251116_101125/best_model.keras
Running CT inference...
CT selected 3313 ES candidates from 3654 clusters
  ES prob range: [0.000, 1.000]
Loading ED model from: /eos/home-e/evilla/dune/sn-tps/neural_networks/electron_direction/three_plane_three_plane_v58_200k_lr_schedule_20251118_110931/checkpoints/model_epoch_12_val_loss_0.8898.keras
Running ED inference on 3313 clusters...
Using CT weights (ES probabilities)
After E > 3 MeV cut: 3297 clusters
Running weighted MCMC with 3297 weights
Running emcee: 64 walkers × 2000 steps...
Acceptance fraction: 5.4%
Mean direction: θ=167.19°, φ=81.69°
Uncertainties: Δθ=59.17°, Δφ=27.19°
68% credible angle: 60.72°

Angular error: 51.19°

======================================================================
SCENARIO (EMCEE): PERFECT_CT_E_GT_10MEV
======================================================================

Loaded 3654 matched main-track clusters across U, V, X planes
Selected 281 ES main tracks
Loading ED model from: /eos/home-e/evilla/dune/sn-tps/neural_networks/electron_direction/three_plane_three_plane_v58_200k_lr_schedule_20251118_110931/checkpoints/model_epoch_12_val_loss_0.8898.keras
Running ED inference...
Applying E > 10 MeV cut
After energy cut: 155 clusters
Running emcee: 64 walkers × 2000 steps...
Acceptance fraction: 6.5%
Mean direction: θ=-176.82°, φ=55.15°
Uncertainties: Δθ=27.29°, Δφ=26.82°
68% credible angle: 22.70°

Angular error: 25.30°

======================================================================
SCENARIO (EMCEE): PERFECT_CT_E_GT_20MEV
======================================================================

Loaded 3654 matched main-track clusters across U, V, X planes
Selected 281 ES main tracks
Loading ED model from: /eos/home-e/evilla/dune/sn-tps/neural_networks/electron_direction/three_plane_three_plane_v58_200k_lr_schedule_20251118_110931/checkpoints/model_epoch_12_val_loss_0.8898.keras
Running ED inference...
Applying E > 20 MeV cut
After energy cut: 35 clusters
Running emcee: 64 walkers × 2000 steps...
Acceptance fraction: 12.6%
Mean direction: θ=-177.85°, φ=76.85°
Uncertainties: Δθ=78.07°, Δφ=41.47°
68% credible angle: 36.58°

Angular error: 37.09°

✓ Saved: /eos/project-e/ep-nu/evilla/sn-pointing/cat000312/pipeline/cat000312_scenario_best_case_emcee.npz

✓ Saved: /eos/project-e/ep-nu/evilla/sn-pointing/cat000312/pipeline/cat000312_scenario_perfect_ct_emcee.npz

✓ Saved: /eos/project-e/ep-nu/evilla/sn-pointing/cat000312/pipeline/cat000312_scenario_full_pipeline_emcee.npz

✓ Saved: /eos/project-e/ep-nu/evilla/sn-pointing/cat000312/pipeline/cat000312_scenario_weighted_ct_emcee.npz

✓ Saved: /eos/project-e/ep-nu/evilla/sn-pointing/cat000312/pipeline/cat000312_scenario_perfect_ct_e_gt_10mev_emcee.npz

✓ Saved: /eos/project-e/ep-nu/evilla/sn-pointing/cat000312/pipeline/cat000312_scenario_perfect_ct_e_gt_20mev_emcee.npz
✓ cat000312 completed successfully
