000 (6420432.061.000) 11/20 17:10:12 Job submitted from host: <188.185.125.71:9618?addrs=188.185.125.71-9618+[2001-1458-d00-4a--100-15e]-9618&alias=bigbird28.cern.ch&noUDP&sock=schedd_2239_58a3>
...
040 (6420432.061.000) 11/20 19:03:00 Started transferring input files
	Transferring to host: <188.185.92.254:9618?addrs=188.185.92.254-9618+[2001-1458-d00-6c--100-8f]-9618&alias=b9g57n6544.cern.ch&noUDP&sock=slot1_4_21219_7478_10159>
...
040 (6420432.061.000) 11/20 19:03:00 Finished transferring input files
...
001 (6420432.061.000) 11/20 19:03:01 Job executing on host: <188.185.92.254:9618?addrs=188.185.92.254-9618+[2001-1458-d00-6c--100-8f]-9618&alias=b9g57n6544.cern.ch&noUDP&sock=startd_20748_fb11>
	SlotName: slot1_4@b9g57n6544.cern.ch
	AvailableGPUs = { GPUs_GPU_8f5f97a2 }
	CondorScratchDir = "/pool/condor/dir_3209497"
	Cpus = 11
	Disk = 8389970
	GPUs = 1
	GPUs_GPU_8f5f97a2 = [ Id = "GPU-8f5f97a2"; ClockMhz = 1410.0; Capability = 8.0; CoresPerCU = 64; DeviceName = "NVIDIA A100-PCIE-40GB"; DeviceUuid = "8f5f97a2-c8cf-cf5d-bd1a-0a219e343c73"; ECCEnabled = true; ComputeUnits = 108; DriverVersion = 13.0; DevicePciBusId = "0000:09:00.0"; GlobalMemoryMb = 40441; MaxSupportedVersion = 13000 ]
	Memory = 33000
...
006 (6420432.061.000) 11/20 19:03:15 Image size of job updated: 319476
	312  -  MemoryUsage of job (MB)
	319476  -  ResidentSetSize of job (KB)
...
006 (6420432.061.000) 11/20 19:08:16 Image size of job updated: 4589896
	3729  -  MemoryUsage of job (MB)
	3817932  -  ResidentSetSize of job (KB)
...
040 (6420432.061.000) 11/20 19:14:56 Started transferring output files
...
040 (6420432.061.000) 11/20 19:14:56 Finished transferring output files
...
005 (6420432.061.000) 11/20 19:14:56 Job terminated.
	(1) Normal termination (return value 0)
		Usr 0 00:32:46, Sys 0 00:06:53  -  Run Remote Usage
		Usr 0 00:00:00, Sys 0 00:00:00  -  Run Local Usage
		Usr 0 00:32:46, Sys 0 00:06:53  -  Total Remote Usage
		Usr 0 00:00:00, Sys 0 00:00:00  -  Total Local Usage
	32064  -  Run Bytes Sent By Job
	1412394  -  Run Bytes Received By Job
	32064  -  Total Bytes Sent By Job
	1412394  -  Total Bytes Received By Job
	Partitionable Resources :    Usage  Request Allocated Assigned
	   Cpus                 :     2.37       11        11 
	   Disk (KB)            :  1435     8388608   8389970 
	   GPUs                 :     0           1         1 "GPU-8f5f97a2"
	   GpusMemory (MB)      :   596                       
	   Memory (MB)          :  3729       33000     33000 
	   TimeExecute (s)      :   715                       
	   TimeSlotBusy (s)     :   716                       

	Job terminated of its own accord at 2025-11-20T18:14:56Z with exit-code 0.
...
