Processing cat000317 with 6 scenarios...
Cat directory: /eos/project-e/ep-nu/evilla/sn-pointing/cat000317
======================================================================
EMCEE RECONSTRUCTION FOR cat000317
======================================================================

Loading PDF from: /eos/home-e/evilla/dune/sn-tps/neural_networks/electron_direction/three_plane_three_plane_v58_200k_lr_schedule_20251118_110931/cosine_energy_pdf.npz
PDF loaded

======================================================================
SCENARIO (EMCEE): BEST_CASE
======================================================================

Loaded 3421 matched main-track clusters across U, V, X planes
Selected 277 ES main tracks
After E > 3 MeV cut: 277 clusters
Running emcee: 64 walkers × 2000 steps...
Acceptance fraction: 9.7%
Mean direction: θ=56.12°, φ=80.22°
Uncertainties: Δθ=42.96°, Δφ=19.24°
68% credible angle: 26.49°

Angular error: 7.67°

======================================================================
SCENARIO (EMCEE): PERFECT_CT
======================================================================

Loaded 3421 matched main-track clusters across U, V, X planes
Selected 277 ES main tracks
Loading ED model from: /eos/home-e/evilla/dune/sn-tps/neural_networks/electron_direction/three_plane_three_plane_v58_200k_lr_schedule_20251118_110931/checkpoints/model_epoch_12_val_loss_0.8898.keras
Running ED inference...
After energy cut: 277 clusters
Running emcee: 64 walkers × 2000 steps...
Acceptance fraction: 11.8%
Mean direction: θ=54.54°, φ=74.61°
Uncertainties: Δθ=17.68°, Δφ=11.96°
68% credible angle: 27.16°

Angular error: 3.89°

======================================================================
SCENARIO (EMCEE): FULL_PIPELINE
======================================================================

Loaded 3421 matched main-track clusters across U, V, X planes
Using all 3421 main-track clusters
Loading CT model from: /eos/user/e/evilla/dune/sn-tps/neural_networks/channel_tagging/ct_volume_v52_batch_reload_20251116_101125/best_model.keras
Running CT inference...
CT selected 3133 ES candidates from 3421 clusters
  ES prob range: [0.000, 1.000]
Loading ED model from: /eos/home-e/evilla/dune/sn-tps/neural_networks/electron_direction/three_plane_three_plane_v58_200k_lr_schedule_20251118_110931/checkpoints/model_epoch_12_val_loss_0.8898.keras
Running ED inference on 3133 clusters...
After E > 3 MeV cut: 3111 clusters
Running emcee: 64 walkers × 2000 steps...
Acceptance fraction: 5.1%
Mean direction: θ=-137.94°, φ=101.47°
Uncertainties: Δθ=119.83°, Δφ=28.35°
68% credible angle: 97.86°

Angular error: 163.42°

======================================================================
SCENARIO (EMCEE): WEIGHTED_CT
======================================================================

Loaded 3421 matched main-track clusters across U, V, X planes
Using all 3421 main-track clusters
Loading CT model from: /eos/user/e/evilla/dune/sn-tps/neural_networks/channel_tagging/ct_volume_v52_batch_reload_20251116_101125/best_model.keras
Running CT inference...
CT selected 3133 ES candidates from 3421 clusters
  ES prob range: [0.000, 1.000]
Loading ED model from: /eos/home-e/evilla/dune/sn-tps/neural_networks/electron_direction/three_plane_three_plane_v58_200k_lr_schedule_20251118_110931/checkpoints/model_epoch_12_val_loss_0.8898.keras
Running ED inference on 3133 clusters...
Using CT weights (ES probabilities)
After E > 3 MeV cut: 3111 clusters
Running weighted MCMC with 3111 weights
Running emcee: 64 walkers × 2000 steps...
Acceptance fraction: 4.5%
Mean direction: θ=-149.27°, φ=98.38°
Uncertainties: Δθ=119.64°, Δφ=25.80°
68% credible angle: 89.99°

Angular error: 151.90°

======================================================================
SCENARIO (EMCEE): PERFECT_CT_E_GT_10MEV
======================================================================

Loaded 3421 matched main-track clusters across U, V, X planes
Selected 277 ES main tracks
Loading ED model from: /eos/home-e/evilla/dune/sn-tps/neural_networks/electron_direction/three_plane_three_plane_v58_200k_lr_schedule_20251118_110931/checkpoints/model_epoch_12_val_loss_0.8898.keras
Running ED inference...
Applying E > 10 MeV cut
After energy cut: 149 clusters
Running emcee: 64 walkers × 2000 steps...
Acceptance fraction: 12.3%
Mean direction: θ=50.41°, φ=74.91°
Uncertainties: Δθ=17.86°, Δφ=11.24°
68% credible angle: 22.49°

Angular error: 7.71°

======================================================================
SCENARIO (EMCEE): PERFECT_CT_E_GT_20MEV
======================================================================

Loaded 3421 matched main-track clusters across U, V, X planes
Selected 277 ES main tracks
Loading ED model from: /eos/home-e/evilla/dune/sn-tps/neural_networks/electron_direction/three_plane_three_plane_v58_200k_lr_schedule_20251118_110931/checkpoints/model_epoch_12_val_loss_0.8898.keras
Running ED inference...
Applying E > 20 MeV cut
After energy cut: 38 clusters
Running emcee: 64 walkers × 2000 steps...
Acceptance fraction: 20.3%
Mean direction: θ=69.03°, φ=76.56°
Uncertainties: Δθ=33.05°, Δφ=13.15°
68% credible angle: 16.16°

Angular error: 11.16°

✓ Saved: /eos/project-e/ep-nu/evilla/sn-pointing/cat000317/pipeline/cat000317_scenario_best_case_emcee.npz

✓ Saved: /eos/project-e/ep-nu/evilla/sn-pointing/cat000317/pipeline/cat000317_scenario_perfect_ct_emcee.npz

✓ Saved: /eos/project-e/ep-nu/evilla/sn-pointing/cat000317/pipeline/cat000317_scenario_full_pipeline_emcee.npz

✓ Saved: /eos/project-e/ep-nu/evilla/sn-pointing/cat000317/pipeline/cat000317_scenario_weighted_ct_emcee.npz

✓ Saved: /eos/project-e/ep-nu/evilla/sn-pointing/cat000317/pipeline/cat000317_scenario_perfect_ct_e_gt_10mev_emcee.npz

✓ Saved: /eos/project-e/ep-nu/evilla/sn-pointing/cat000317/pipeline/cat000317_scenario_perfect_ct_e_gt_20mev_emcee.npz
✓ cat000317 completed successfully
