Processing cat000527 with 6 scenarios...
Cat directory: /eos/project-e/ep-nu/evilla/sn-pointing/cat000527
======================================================================
EMCEE RECONSTRUCTION FOR cat000527
======================================================================

Loading PDF from: /eos/home-e/evilla/dune/sn-tps/neural_networks/electron_direction/three_plane_three_plane_v58_200k_lr_schedule_20251118_110931/cosine_energy_pdf.npz
PDF loaded

======================================================================
SCENARIO (EMCEE): BEST_CASE
======================================================================

Loaded 3834 matched main-track clusters across U, V, X planes
Selected 278 ES main tracks
After E > 3 MeV cut: 278 clusters
Running emcee: 64 walkers × 2000 steps...
Acceptance fraction: 9.1%
Mean direction: θ=22.64°, φ=39.23°
Uncertainties: Δθ=38.55°, Δφ=31.37°
68% credible angle: 30.16°

Angular error: 8.31°

======================================================================
SCENARIO (EMCEE): PERFECT_CT
======================================================================

Loaded 3834 matched main-track clusters across U, V, X planes
Selected 278 ES main tracks
Loading ED model from: /eos/home-e/evilla/dune/sn-tps/neural_networks/electron_direction/three_plane_three_plane_v58_200k_lr_schedule_20251118_110931/checkpoints/model_epoch_12_val_loss_0.8898.keras
Running ED inference...
After energy cut: 278 clusters
Running emcee: 64 walkers × 2000 steps...
Acceptance fraction: 11.7%
Mean direction: θ=-1.94°, φ=43.10°
Uncertainties: Δθ=38.23°, Δφ=15.01°
68% credible angle: 30.78°

Angular error: 20.73°

======================================================================
SCENARIO (EMCEE): FULL_PIPELINE
======================================================================

Loaded 3834 matched main-track clusters across U, V, X planes
Using all 3834 main-track clusters
Loading CT model from: /eos/user/e/evilla/dune/sn-tps/neural_networks/channel_tagging/ct_volume_v52_batch_reload_20251116_101125/best_model.keras
Running CT inference...
CT selected 3495 ES candidates from 3834 clusters
  ES prob range: [0.000, 1.000]
Loading ED model from: /eos/home-e/evilla/dune/sn-tps/neural_networks/electron_direction/three_plane_three_plane_v58_200k_lr_schedule_20251118_110931/checkpoints/model_epoch_12_val_loss_0.8898.keras
Running ED inference on 3495 clusters...
After E > 3 MeV cut: 3477 clusters
Running emcee: 64 walkers × 2000 steps...
Acceptance fraction: 5.6%
Mean direction: θ=-26.85°, φ=73.39°
Uncertainties: Δθ=114.67°, Δφ=36.28°
68% credible angle: 90.47°

Angular error: 57.35°

======================================================================
SCENARIO (EMCEE): WEIGHTED_CT
======================================================================

Loaded 3834 matched main-track clusters across U, V, X planes
Using all 3834 main-track clusters
Loading CT model from: /eos/user/e/evilla/dune/sn-tps/neural_networks/channel_tagging/ct_volume_v52_batch_reload_20251116_101125/best_model.keras
Running CT inference...
CT selected 3495 ES candidates from 3834 clusters
  ES prob range: [0.000, 1.000]
Loading ED model from: /eos/home-e/evilla/dune/sn-tps/neural_networks/electron_direction/three_plane_three_plane_v58_200k_lr_schedule_20251118_110931/checkpoints/model_epoch_12_val_loss_0.8898.keras
Running ED inference on 3495 clusters...
Using CT weights (ES probabilities)
After E > 3 MeV cut: 3477 clusters
Running weighted MCMC with 3477 weights
Running emcee: 64 walkers × 2000 steps...
Acceptance fraction: 4.7%
Mean direction: θ=-43.98°, φ=83.10°
Uncertainties: Δθ=149.07°, Δφ=38.20°
68% credible angle: 98.62°

Angular error: 74.17°

======================================================================
SCENARIO (EMCEE): PERFECT_CT_E_GT_10MEV
======================================================================

Loaded 3834 matched main-track clusters across U, V, X planes
Selected 278 ES main tracks
Loading ED model from: /eos/home-e/evilla/dune/sn-tps/neural_networks/electron_direction/three_plane_three_plane_v58_200k_lr_schedule_20251118_110931/checkpoints/model_epoch_12_val_loss_0.8898.keras
Running ED inference...
Applying E > 10 MeV cut
After energy cut: 150 clusters
Running emcee: 64 walkers × 2000 steps...
Acceptance fraction: 18.1%
Mean direction: θ=20.99°, φ=45.48°
Uncertainties: Δθ=27.45°, Δφ=14.28°
68% credible angle: 26.33°

Angular error: 14.64°

======================================================================
SCENARIO (EMCEE): PERFECT_CT_E_GT_20MEV
======================================================================

Loaded 3834 matched main-track clusters across U, V, X planes
Selected 278 ES main tracks
Loading ED model from: /eos/home-e/evilla/dune/sn-tps/neural_networks/electron_direction/three_plane_three_plane_v58_200k_lr_schedule_20251118_110931/checkpoints/model_epoch_12_val_loss_0.8898.keras
Running ED inference...
Applying E > 20 MeV cut
After energy cut: 29 clusters
Running emcee: 64 walkers × 2000 steps...
Acceptance fraction: 12.9%
Mean direction: θ=35.25°, φ=76.76°
Uncertainties: Δθ=81.03°, Δφ=53.49°
68% credible angle: 112.47°

Angular error: 45.93°

✓ Saved: /eos/project-e/ep-nu/evilla/sn-pointing/cat000527/pipeline/cat000527_scenario_best_case_emcee.npz

✓ Saved: /eos/project-e/ep-nu/evilla/sn-pointing/cat000527/pipeline/cat000527_scenario_perfect_ct_emcee.npz

✓ Saved: /eos/project-e/ep-nu/evilla/sn-pointing/cat000527/pipeline/cat000527_scenario_full_pipeline_emcee.npz

✓ Saved: /eos/project-e/ep-nu/evilla/sn-pointing/cat000527/pipeline/cat000527_scenario_weighted_ct_emcee.npz

✓ Saved: /eos/project-e/ep-nu/evilla/sn-pointing/cat000527/pipeline/cat000527_scenario_perfect_ct_e_gt_10mev_emcee.npz

✓ Saved: /eos/project-e/ep-nu/evilla/sn-pointing/cat000527/pipeline/cat000527_scenario_perfect_ct_e_gt_20mev_emcee.npz
✓ cat000527 completed successfully
