Processing cat000057 with 6 scenarios...
Cat directory: /eos/project-e/ep-nu/evilla/sn-pointing/cat000057
======================================================================
EMCEE RECONSTRUCTION FOR cat000057
======================================================================

Loading PDF from: /eos/home-e/evilla/dune/sn-tps/neural_networks/electron_direction/three_plane_three_plane_v58_200k_lr_schedule_20251118_110931/cosine_energy_pdf.npz
PDF loaded

======================================================================
SCENARIO (EMCEE): BEST_CASE
======================================================================

Loaded 3786 matched main-track clusters across U, V, X planes
Selected 288 ES main tracks
After E > 3 MeV cut: 288 clusters
Running emcee: 64 walkers × 2000 steps...
Acceptance fraction: 9.1%
Mean direction: θ=152.53°, φ=46.15°
Uncertainties: Δθ=35.50°, Δφ=30.62°
68% credible angle: 28.23°

Angular error: 21.48°

======================================================================
SCENARIO (EMCEE): PERFECT_CT
======================================================================

Loaded 3786 matched main-track clusters across U, V, X planes
Selected 288 ES main tracks
Loading ED model from: /eos/home-e/evilla/dune/sn-tps/neural_networks/electron_direction/three_plane_three_plane_v58_200k_lr_schedule_20251118_110931/checkpoints/model_epoch_12_val_loss_0.8898.keras
Running ED inference...
After energy cut: 288 clusters
Running emcee: 64 walkers × 2000 steps...
Acceptance fraction: 8.5%
Mean direction: θ=146.75°, φ=45.96°
Uncertainties: Δθ=42.86°, Δφ=19.68°
68% credible angle: 35.22°

Angular error: 17.46°

======================================================================
SCENARIO (EMCEE): FULL_PIPELINE
======================================================================

Loaded 3786 matched main-track clusters across U, V, X planes
Using all 3786 main-track clusters
Loading CT model from: /eos/user/e/evilla/dune/sn-tps/neural_networks/channel_tagging/ct_volume_v52_batch_reload_20251116_101125/best_model.keras
Running CT inference...
CT selected 3473 ES candidates from 3786 clusters
  ES prob range: [0.000, 1.000]
Loading ED model from: /eos/home-e/evilla/dune/sn-tps/neural_networks/electron_direction/three_plane_three_plane_v58_200k_lr_schedule_20251118_110931/checkpoints/model_epoch_12_val_loss_0.8898.keras
Running ED inference on 3473 clusters...
After E > 3 MeV cut: 3453 clusters
Running emcee: 64 walkers × 2000 steps...
Acceptance fraction: 3.2%
Mean direction: θ=177.64°, φ=88.38°
Uncertainties: Δθ=58.76°, Δφ=35.71°
68% credible angle: 63.53°

Angular error: 65.89°

======================================================================
SCENARIO (EMCEE): WEIGHTED_CT
======================================================================

Loaded 3786 matched main-track clusters across U, V, X planes
Using all 3786 main-track clusters
Loading CT model from: /eos/user/e/evilla/dune/sn-tps/neural_networks/channel_tagging/ct_volume_v52_batch_reload_20251116_101125/best_model.keras
Running CT inference...
CT selected 3473 ES candidates from 3786 clusters
  ES prob range: [0.000, 1.000]
Loading ED model from: /eos/home-e/evilla/dune/sn-tps/neural_networks/electron_direction/three_plane_three_plane_v58_200k_lr_schedule_20251118_110931/checkpoints/model_epoch_12_val_loss_0.8898.keras
Running ED inference on 3473 clusters...
Using CT weights (ES probabilities)
After E > 3 MeV cut: 3453 clusters
Running weighted MCMC with 3453 weights
Running emcee: 64 walkers × 2000 steps...
Acceptance fraction: 2.6%
Mean direction: θ=-170.27°, φ=88.72°
Uncertainties: Δθ=59.96°, Δφ=31.76°
68% credible angle: 66.06°

Angular error: 73.91°

======================================================================
SCENARIO (EMCEE): PERFECT_CT_E_GT_10MEV
======================================================================

Loaded 3786 matched main-track clusters across U, V, X planes
Selected 288 ES main tracks
Loading ED model from: /eos/home-e/evilla/dune/sn-tps/neural_networks/electron_direction/three_plane_three_plane_v58_200k_lr_schedule_20251118_110931/checkpoints/model_epoch_12_val_loss_0.8898.keras
Running ED inference...
Applying E > 10 MeV cut
After energy cut: 171 clusters
Running emcee: 64 walkers × 2000 steps...
Acceptance fraction: 10.7%
Mean direction: θ=162.98°, φ=31.51°
Uncertainties: Δθ=32.45°, Δφ=17.23°
68% credible angle: 23.29°

Angular error: 26.96°

======================================================================
SCENARIO (EMCEE): PERFECT_CT_E_GT_20MEV
======================================================================

Loaded 3786 matched main-track clusters across U, V, X planes
Selected 288 ES main tracks
Loading ED model from: /eos/home-e/evilla/dune/sn-tps/neural_networks/electron_direction/three_plane_three_plane_v58_200k_lr_schedule_20251118_110931/checkpoints/model_epoch_12_val_loss_0.8898.keras
Running ED inference...
Applying E > 20 MeV cut
After energy cut: 36 clusters
Running emcee: 64 walkers × 2000 steps...
Acceptance fraction: 21.1%
Mean direction: θ=158.88°, φ=32.58°
Uncertainties: Δθ=24.85°, Δφ=8.00°
68% credible angle: 13.78°

Angular error: 24.65°

✓ Saved: /eos/project-e/ep-nu/evilla/sn-pointing/cat000057/pipeline/cat000057_scenario_best_case_emcee.npz

✓ Saved: /eos/project-e/ep-nu/evilla/sn-pointing/cat000057/pipeline/cat000057_scenario_perfect_ct_emcee.npz

✓ Saved: /eos/project-e/ep-nu/evilla/sn-pointing/cat000057/pipeline/cat000057_scenario_full_pipeline_emcee.npz

✓ Saved: /eos/project-e/ep-nu/evilla/sn-pointing/cat000057/pipeline/cat000057_scenario_weighted_ct_emcee.npz

✓ Saved: /eos/project-e/ep-nu/evilla/sn-pointing/cat000057/pipeline/cat000057_scenario_perfect_ct_e_gt_10mev_emcee.npz

✓ Saved: /eos/project-e/ep-nu/evilla/sn-pointing/cat000057/pipeline/cat000057_scenario_perfect_ct_e_gt_20mev_emcee.npz
✓ cat000057 completed successfully
