Processing cat000127 with 6 scenarios...
Cat directory: /eos/project-e/ep-nu/evilla/sn-pointing/cat000127
======================================================================
EMCEE RECONSTRUCTION FOR cat000127
======================================================================

Loading PDF from: /eos/home-e/evilla/dune/sn-tps/neural_networks/electron_direction/three_plane_three_plane_v58_200k_lr_schedule_20251118_110931/cosine_energy_pdf.npz
PDF loaded

======================================================================
SCENARIO (EMCEE): BEST_CASE
======================================================================

Loaded 3614 matched main-track clusters across U, V, X planes
Selected 297 ES main tracks
After E > 3 MeV cut: 297 clusters
Running emcee: 64 walkers × 2000 steps...
Acceptance fraction: 11.3%
Mean direction: θ=50.81°, φ=93.18°
Uncertainties: Δθ=42.44°, Δφ=17.49°
68% credible angle: 30.61°

Angular error: 10.05°

======================================================================
SCENARIO (EMCEE): PERFECT_CT
======================================================================

Loaded 3614 matched main-track clusters across U, V, X planes
Selected 297 ES main tracks
Loading ED model from: /eos/home-e/evilla/dune/sn-tps/neural_networks/electron_direction/three_plane_three_plane_v58_200k_lr_schedule_20251118_110931/checkpoints/model_epoch_12_val_loss_0.8898.keras
Running ED inference...
After energy cut: 297 clusters
Running emcee: 64 walkers × 2000 steps...
Acceptance fraction: 14.6%
Mean direction: θ=63.57°, φ=92.02°
Uncertainties: Δθ=16.16°, Δφ=18.15°
68% credible angle: 27.04°

Angular error: 5.43°

======================================================================
SCENARIO (EMCEE): FULL_PIPELINE
======================================================================

Loaded 3614 matched main-track clusters across U, V, X planes
Using all 3614 main-track clusters
Loading CT model from: /eos/user/e/evilla/dune/sn-tps/neural_networks/channel_tagging/ct_volume_v52_batch_reload_20251116_101125/best_model.keras
Running CT inference...
CT selected 3289 ES candidates from 3614 clusters
  ES prob range: [0.000, 1.000]
Loading ED model from: /eos/home-e/evilla/dune/sn-tps/neural_networks/electron_direction/three_plane_three_plane_v58_200k_lr_schedule_20251118_110931/checkpoints/model_epoch_12_val_loss_0.8898.keras
Running ED inference on 3289 clusters...
After E > 3 MeV cut: 3275 clusters
Running emcee: 64 walkers × 2000 steps...
Acceptance fraction: 3.8%
Mean direction: θ=178.90°, φ=98.23°
Uncertainties: Δθ=74.98°, Δφ=33.76°
68% credible angle: 66.29°

Angular error: 117.00°

======================================================================
SCENARIO (EMCEE): WEIGHTED_CT
======================================================================

Loaded 3614 matched main-track clusters across U, V, X planes
Using all 3614 main-track clusters
Loading CT model from: /eos/user/e/evilla/dune/sn-tps/neural_networks/channel_tagging/ct_volume_v52_batch_reload_20251116_101125/best_model.keras
Running CT inference...
CT selected 3289 ES candidates from 3614 clusters
  ES prob range: [0.000, 1.000]
Loading ED model from: /eos/home-e/evilla/dune/sn-tps/neural_networks/electron_direction/three_plane_three_plane_v58_200k_lr_schedule_20251118_110931/checkpoints/model_epoch_12_val_loss_0.8898.keras
Running ED inference on 3289 clusters...
Using CT weights (ES probabilities)
After E > 3 MeV cut: 3275 clusters
Running weighted MCMC with 3275 weights
Running emcee: 64 walkers × 2000 steps...
Acceptance fraction: 3.6%
Mean direction: θ=-173.20°, φ=89.97°
Uncertainties: Δθ=95.54°, Δφ=33.87°
68% credible angle: 82.78°

Angular error: 126.18°

======================================================================
SCENARIO (EMCEE): PERFECT_CT_E_GT_10MEV
======================================================================

Loaded 3614 matched main-track clusters across U, V, X planes
Selected 297 ES main tracks
Loading ED model from: /eos/home-e/evilla/dune/sn-tps/neural_networks/electron_direction/three_plane_three_plane_v58_200k_lr_schedule_20251118_110931/checkpoints/model_epoch_12_val_loss_0.8898.keras
Running ED inference...
Applying E > 10 MeV cut
After energy cut: 167 clusters
Running emcee: 64 walkers × 2000 steps...
Acceptance fraction: 15.4%
Mean direction: θ=62.20°, φ=94.32°
Uncertainties: Δθ=22.75°, Δφ=19.38°
68% credible angle: 20.34°

Angular error: 2.78°

======================================================================
SCENARIO (EMCEE): PERFECT_CT_E_GT_20MEV
======================================================================

Loaded 3614 matched main-track clusters across U, V, X planes
Selected 297 ES main tracks
Loading ED model from: /eos/home-e/evilla/dune/sn-tps/neural_networks/electron_direction/three_plane_three_plane_v58_200k_lr_schedule_20251118_110931/checkpoints/model_epoch_12_val_loss_0.8898.keras
Running ED inference...
Applying E > 20 MeV cut
After energy cut: 38 clusters
Running emcee: 64 walkers × 2000 steps...
Acceptance fraction: 10.7%
Mean direction: θ=45.91°, φ=99.49°
Uncertainties: Δθ=86.69°, Δφ=16.57°
68% credible angle: 125.47°

Angular error: 14.64°

✓ Saved: /eos/project-e/ep-nu/evilla/sn-pointing/cat000127/pipeline/cat000127_scenario_best_case_emcee.npz

✓ Saved: /eos/project-e/ep-nu/evilla/sn-pointing/cat000127/pipeline/cat000127_scenario_perfect_ct_emcee.npz

✓ Saved: /eos/project-e/ep-nu/evilla/sn-pointing/cat000127/pipeline/cat000127_scenario_full_pipeline_emcee.npz

✓ Saved: /eos/project-e/ep-nu/evilla/sn-pointing/cat000127/pipeline/cat000127_scenario_weighted_ct_emcee.npz

✓ Saved: /eos/project-e/ep-nu/evilla/sn-pointing/cat000127/pipeline/cat000127_scenario_perfect_ct_e_gt_10mev_emcee.npz

✓ Saved: /eos/project-e/ep-nu/evilla/sn-pointing/cat000127/pipeline/cat000127_scenario_perfect_ct_e_gt_20mev_emcee.npz
✓ cat000127 completed successfully
