Processing cat000230 with 6 scenarios...
Cat directory: /eos/project-e/ep-nu/evilla/sn-pointing/cat000230
======================================================================
EMCEE RECONSTRUCTION FOR cat000230
======================================================================

Loading PDF from: /eos/home-e/evilla/dune/sn-tps/neural_networks/electron_direction/three_plane_three_plane_v58_200k_lr_schedule_20251118_110931/cosine_energy_pdf.npz
PDF loaded

======================================================================
SCENARIO (EMCEE): BEST_CASE
======================================================================

Loaded 3783 matched main-track clusters across U, V, X planes
Selected 295 ES main tracks
After E > 3 MeV cut: 295 clusters
Running emcee: 64 walkers × 2000 steps...
Acceptance fraction: 6.4%
Mean direction: θ=-68.56°, φ=86.81°
Uncertainties: Δθ=75.26°, Δφ=18.65°
68% credible angle: 35.02°

Angular error: 16.26°

======================================================================
SCENARIO (EMCEE): PERFECT_CT
======================================================================

Loaded 3783 matched main-track clusters across U, V, X planes
Selected 295 ES main tracks
Loading ED model from: /eos/home-e/evilla/dune/sn-tps/neural_networks/electron_direction/three_plane_three_plane_v58_200k_lr_schedule_20251118_110931/checkpoints/model_epoch_12_val_loss_0.8898.keras
Running ED inference...
After energy cut: 295 clusters
Running emcee: 64 walkers × 2000 steps...
Acceptance fraction: 24.2%
Mean direction: θ=-77.20°, φ=96.50°
Uncertainties: Δθ=56.90°, Δφ=9.87°
68% credible angle: 24.75°

Angular error: 10.31°

======================================================================
SCENARIO (EMCEE): FULL_PIPELINE
======================================================================

Loaded 3783 matched main-track clusters across U, V, X planes
Using all 3783 main-track clusters
Loading CT model from: /eos/user/e/evilla/dune/sn-tps/neural_networks/channel_tagging/ct_volume_v52_batch_reload_20251116_101125/best_model.keras
Running CT inference...
CT selected 3442 ES candidates from 3783 clusters
  ES prob range: [0.000, 1.000]
Loading ED model from: /eos/home-e/evilla/dune/sn-tps/neural_networks/electron_direction/three_plane_three_plane_v58_200k_lr_schedule_20251118_110931/checkpoints/model_epoch_12_val_loss_0.8898.keras
Running ED inference on 3442 clusters...
After E > 3 MeV cut: 3419 clusters
Running emcee: 64 walkers × 2000 steps...
Acceptance fraction: 3.5%
Mean direction: θ=-160.81°, φ=92.76°
Uncertainties: Δθ=85.48°, Δφ=30.10°
68% credible angle: 82.32°

Angular error: 76.22°

======================================================================
SCENARIO (EMCEE): WEIGHTED_CT
======================================================================

Loaded 3783 matched main-track clusters across U, V, X planes
Using all 3783 main-track clusters
Loading CT model from: /eos/user/e/evilla/dune/sn-tps/neural_networks/channel_tagging/ct_volume_v52_batch_reload_20251116_101125/best_model.keras
Running CT inference...
CT selected 3442 ES candidates from 3783 clusters
  ES prob range: [0.000, 1.000]
Loading ED model from: /eos/home-e/evilla/dune/sn-tps/neural_networks/electron_direction/three_plane_three_plane_v58_200k_lr_schedule_20251118_110931/checkpoints/model_epoch_12_val_loss_0.8898.keras
Running ED inference on 3442 clusters...
Using CT weights (ES probabilities)
After E > 3 MeV cut: 3419 clusters
Running weighted MCMC with 3419 weights
Running emcee: 64 walkers × 2000 steps...
Acceptance fraction: 5.4%
Mean direction: θ=-147.37°, φ=103.18°
Uncertainties: Δθ=74.23°, Δφ=29.41°
68% credible angle: 85.07°

Angular error: 63.67°

======================================================================
SCENARIO (EMCEE): PERFECT_CT_E_GT_10MEV
======================================================================

Loaded 3783 matched main-track clusters across U, V, X planes
Selected 295 ES main tracks
Loading ED model from: /eos/home-e/evilla/dune/sn-tps/neural_networks/electron_direction/three_plane_three_plane_v58_200k_lr_schedule_20251118_110931/checkpoints/model_epoch_12_val_loss_0.8898.keras
Running ED inference...
Applying E > 10 MeV cut
After energy cut: 158 clusters
Running emcee: 64 walkers × 2000 steps...
Acceptance fraction: 10.7%
Mean direction: θ=-99.02°, φ=87.42°
Uncertainties: Δθ=132.54°, Δφ=13.38°
68% credible angle: 147.88°

Angular error: 14.50°

======================================================================
SCENARIO (EMCEE): PERFECT_CT_E_GT_20MEV
======================================================================

Loaded 3783 matched main-track clusters across U, V, X planes
Selected 295 ES main tracks
Loading ED model from: /eos/home-e/evilla/dune/sn-tps/neural_networks/electron_direction/three_plane_three_plane_v58_200k_lr_schedule_20251118_110931/checkpoints/model_epoch_12_val_loss_0.8898.keras
Running ED inference...
Applying E > 20 MeV cut
After energy cut: 34 clusters
Running emcee: 64 walkers × 2000 steps...
Acceptance fraction: 14.4%
Mean direction: θ=93.77°, φ=91.29°
Uncertainties: Δθ=118.56°, Δφ=11.57°
68% credible angle: 162.59°

Angular error: 178.28°

✓ Saved: /eos/project-e/ep-nu/evilla/sn-pointing/cat000230/pipeline/cat000230_scenario_best_case_emcee.npz

✓ Saved: /eos/project-e/ep-nu/evilla/sn-pointing/cat000230/pipeline/cat000230_scenario_perfect_ct_emcee.npz

✓ Saved: /eos/project-e/ep-nu/evilla/sn-pointing/cat000230/pipeline/cat000230_scenario_full_pipeline_emcee.npz

✓ Saved: /eos/project-e/ep-nu/evilla/sn-pointing/cat000230/pipeline/cat000230_scenario_weighted_ct_emcee.npz

✓ Saved: /eos/project-e/ep-nu/evilla/sn-pointing/cat000230/pipeline/cat000230_scenario_perfect_ct_e_gt_10mev_emcee.npz

✓ Saved: /eos/project-e/ep-nu/evilla/sn-pointing/cat000230/pipeline/cat000230_scenario_perfect_ct_e_gt_20mev_emcee.npz
✓ cat000230 completed successfully
