Processing cat000049 with 6 scenarios...
Cat directory: /eos/project-e/ep-nu/evilla/sn-pointing/cat000049
======================================================================
EMCEE RECONSTRUCTION FOR cat000049
======================================================================

Loading PDF from: /eos/home-e/evilla/dune/sn-tps/neural_networks/electron_direction/three_plane_three_plane_v58_200k_lr_schedule_20251118_110931/cosine_energy_pdf.npz
PDF loaded

======================================================================
SCENARIO (EMCEE): BEST_CASE
======================================================================

Loaded 3300 matched main-track clusters across U, V, X planes
Selected 304 ES main tracks
After E > 3 MeV cut: 304 clusters
Running emcee: 64 walkers × 2000 steps...
Acceptance fraction: 9.7%
Mean direction: θ=127.63°, φ=122.99°
Uncertainties: Δθ=62.48°, Δφ=39.86°
68% credible angle: 45.67°

Angular error: 22.07°

======================================================================
SCENARIO (EMCEE): PERFECT_CT
======================================================================

Loaded 3300 matched main-track clusters across U, V, X planes
Selected 304 ES main tracks
Loading ED model from: /eos/home-e/evilla/dune/sn-tps/neural_networks/electron_direction/three_plane_three_plane_v58_200k_lr_schedule_20251118_110931/checkpoints/model_epoch_12_val_loss_0.8898.keras
Running ED inference...
After energy cut: 304 clusters
Running emcee: 64 walkers × 2000 steps...
Acceptance fraction: 17.5%
Mean direction: θ=148.95°, φ=148.99°
Uncertainties: Δθ=47.87°, Δφ=10.13°
68% credible angle: 26.01°

Angular error: 8.37°

======================================================================
SCENARIO (EMCEE): FULL_PIPELINE
======================================================================

Loaded 3300 matched main-track clusters across U, V, X planes
Using all 3300 main-track clusters
Loading CT model from: /eos/user/e/evilla/dune/sn-tps/neural_networks/charge_topology/best_model.keras

✗ full_pipeline failed: File not found: filepath=/eos/user/e/evilla/dune/sn-tps/neural_networks/charge_topology/best_model.keras. Please ensure the file is an accessible `.keras` zip file.

======================================================================
SCENARIO (EMCEE): WEIGHTED_CT
======================================================================

Loaded 3300 matched main-track clusters across U, V, X planes
Using all 3300 main-track clusters
Loading CT model from: /eos/user/e/evilla/dune/sn-tps/neural_networks/charge_topology/best_model.keras

✗ weighted_ct failed: File not found: filepath=/eos/user/e/evilla/dune/sn-tps/neural_networks/charge_topology/best_model.keras. Please ensure the file is an accessible `.keras` zip file.

======================================================================
SCENARIO (EMCEE): PERFECT_CT_E_GT_10MEV
======================================================================

Loaded 3300 matched main-track clusters across U, V, X planes
Selected 304 ES main tracks
Loading ED model from: /eos/home-e/evilla/dune/sn-tps/neural_networks/electron_direction/three_plane_three_plane_v58_200k_lr_schedule_20251118_110931/checkpoints/model_epoch_12_val_loss_0.8898.keras
Running ED inference...
Applying E > 10 MeV cut
After energy cut: 161 clusters
Running emcee: 64 walkers × 2000 steps...
Acceptance fraction: 13.7%
Mean direction: θ=164.39°, φ=136.45°
Uncertainties: Δθ=53.71°, Δφ=36.69°
68% credible angle: 33.05°

Angular error: 19.22°

======================================================================
SCENARIO (EMCEE): PERFECT_CT_E_GT_20MEV
======================================================================

Loaded 3300 matched main-track clusters across U, V, X planes
Selected 304 ES main tracks
Loading ED model from: /eos/home-e/evilla/dune/sn-tps/neural_networks/electron_direction/three_plane_three_plane_v58_200k_lr_schedule_20251118_110931/checkpoints/model_epoch_12_val_loss_0.8898.keras
Running ED inference...
Applying E > 20 MeV cut
After energy cut: 30 clusters
Running emcee: 64 walkers × 2000 steps...
Acceptance fraction: 10.8%
Mean direction: θ=163.53°, φ=110.51°
Uncertainties: Δθ=84.53°, Δφ=58.80°
68% credible angle: 121.86°

Angular error: 39.39°

✓ Saved: /eos/project-e/ep-nu/evilla/sn-pointing/cat000049/pipeline/cat000049_scenario_best_case_emcee.npz

✓ Saved: /eos/project-e/ep-nu/evilla/sn-pointing/cat000049/pipeline/cat000049_scenario_perfect_ct_emcee.npz

✓ Saved: /eos/project-e/ep-nu/evilla/sn-pointing/cat000049/pipeline/cat000049_scenario_perfect_ct_e_gt_10mev_emcee.npz

✓ Saved: /eos/project-e/ep-nu/evilla/sn-pointing/cat000049/pipeline/cat000049_scenario_perfect_ct_e_gt_20mev_emcee.npz
✓ cat000049 completed successfully
