==================================================================
Processing cat000289 with EMCEE - ALL SCENARIOS
==================================================================
======================================================================
EMCEE RECONSTRUCTION FOR cat000289
======================================================================

Loading PDF from: /eos/home-e/evilla/dune/sn-tps/neural_networks/electron_direction/three_plane_three_plane_v58_200k_lr_schedule_20251118_110931/cosine_energy_pdf.npz
PDF loaded

======================================================================
SCENARIO (EMCEE): PERFECT_CT
======================================================================

Loaded 3774 matched clusters across U, V, X planes
Selected clusters: 243
Running emcee: 64 walkers × 2000 steps...
Acceptance fraction: 9.0%
Mean direction: θ=6.93°, φ=87.70°
Uncertainties: Δθ=21.44°, Δφ=13.19°
68% credible angle: 27.18°

Angular error: 2.64°

======================================================================
SCENARIO (EMCEE): ES_MAIN_CC_SHOWER
======================================================================

Loaded 3774 matched clusters across U, V, X planes
Selected clusters: 243
Running emcee: 64 walkers × 2000 steps...
Acceptance fraction: 10.0%
Mean direction: θ=0.79°, φ=84.61°
Uncertainties: Δθ=24.09°, Δφ=11.05°
68% credible angle: 28.40°

Angular error: 9.47°

======================================================================
SCENARIO (EMCEE): ES_MAIN_CC_ALL
======================================================================

Loaded 3774 matched clusters across U, V, X planes
Selected clusters: 243
Running emcee: 64 walkers × 2000 steps...
Acceptance fraction: 9.4%
Mean direction: θ=-3.72°, φ=86.70°
Uncertainties: Δθ=21.92°, Δφ=13.74°
68% credible angle: 28.40°

Angular error: 13.01°

======================================================================
SCENARIO (EMCEE): ES_ALL_CC_SHOWER
======================================================================

Loaded 3774 matched clusters across U, V, X planes
Selected clusters: 243
Running emcee: 64 walkers × 2000 steps...
Acceptance fraction: 8.2%
Mean direction: θ=12.38°, φ=91.78°
Uncertainties: Δθ=20.65°, Δφ=14.31°
68% credible angle: 31.88°

Angular error: 4.18°

======================================================================
SCENARIO (EMCEE): ES_ALL_CC_ALL
======================================================================

Loaded 3774 matched clusters across U, V, X planes
Selected clusters: 243
Running emcee: 64 walkers × 2000 steps...
Acceptance fraction: 7.5%
Mean direction: θ=4.63°, φ=89.73°
Uncertainties: Δθ=22.65°, Δφ=13.97°
68% credible angle: 30.08°

Angular error: 4.43°

======================================================================
SCENARIO (EMCEE): ALL_TRACKS_ALL_SHOWERS
======================================================================

Loaded 3774 matched clusters across U, V, X planes
Selected clusters: 3774
Running emcee: 64 walkers × 2000 steps...
Acceptance fraction: 5.1%
Mean direction: θ=-107.55°, φ=88.98°
Uncertainties: Δθ=114.58°, Δφ=37.46°
68% credible angle: 114.99°

Angular error: 116.56°

✓ Saved: /eos/project-e/ep-nu/evilla/sn-pointing/cat000289/pipeline/cat000289_scenario_perfect_ct_emcee.npz

✓ Saved: /eos/project-e/ep-nu/evilla/sn-pointing/cat000289/pipeline/cat000289_scenario_es_main_cc_shower_emcee.npz

✓ Saved: /eos/project-e/ep-nu/evilla/sn-pointing/cat000289/pipeline/cat000289_scenario_es_main_cc_all_emcee.npz

✓ Saved: /eos/project-e/ep-nu/evilla/sn-pointing/cat000289/pipeline/cat000289_scenario_es_all_cc_shower_emcee.npz

✓ Saved: /eos/project-e/ep-nu/evilla/sn-pointing/cat000289/pipeline/cat000289_scenario_es_all_cc_all_emcee.npz

✓ Saved: /eos/project-e/ep-nu/evilla/sn-pointing/cat000289/pipeline/cat000289_scenario_all_tracks_all_showers_emcee.npz
✓ cat000289 completed successfully
