Processing cat000467 with 6 scenarios...
Cat directory: /eos/project-e/ep-nu/evilla/sn-pointing/cat000467
======================================================================
EMCEE RECONSTRUCTION FOR cat000467
======================================================================

Loading PDF from: /eos/home-e/evilla/dune/sn-tps/neural_networks/electron_direction/three_plane_three_plane_v58_200k_lr_schedule_20251118_110931/cosine_energy_pdf.npz
PDF loaded

======================================================================
SCENARIO (EMCEE): BEST_CASE
======================================================================

Loaded 3534 matched main-track clusters across U, V, X planes
Selected 292 ES main tracks
After E > 3 MeV cut: 292 clusters
Running emcee: 64 walkers × 2000 steps...
Acceptance fraction: 9.2%
Mean direction: θ=113.68°, φ=155.96°
Uncertainties: Δθ=53.09°, Δφ=21.04°
68% credible angle: 26.58°

Angular error: 5.22°

======================================================================
SCENARIO (EMCEE): PERFECT_CT
======================================================================

Loaded 3534 matched main-track clusters across U, V, X planes
Selected 292 ES main tracks
Loading ED model from: /eos/home-e/evilla/dune/sn-tps/neural_networks/electron_direction/three_plane_three_plane_v58_200k_lr_schedule_20251118_110931/checkpoints/model_epoch_12_val_loss_0.8898.keras
Running ED inference...
After energy cut: 292 clusters
Running emcee: 64 walkers × 2000 steps...
Acceptance fraction: 7.1%
Mean direction: θ=99.53°, φ=149.95°
Uncertainties: Δθ=71.80°, Δφ=11.66°
68% credible angle: 34.47°

Angular error: 4.55°

======================================================================
SCENARIO (EMCEE): FULL_PIPELINE
======================================================================

Loaded 3534 matched main-track clusters across U, V, X planes
Using all 3534 main-track clusters
Loading CT model from: /eos/user/e/evilla/dune/sn-tps/neural_networks/channel_tagging/ct_volume_v52_batch_reload_20251116_101125/best_model.keras
Running CT inference...
CT selected 3224 ES candidates from 3534 clusters
  ES prob range: [0.000, 1.000]
Loading ED model from: /eos/home-e/evilla/dune/sn-tps/neural_networks/electron_direction/three_plane_three_plane_v58_200k_lr_schedule_20251118_110931/checkpoints/model_epoch_12_val_loss_0.8898.keras
Running ED inference on 3224 clusters...
After E > 3 MeV cut: 3203 clusters
Running emcee: 64 walkers × 2000 steps...
Acceptance fraction: 3.7%
Mean direction: θ=-162.49°, φ=110.20°
Uncertainties: Δθ=68.89°, Δφ=32.56°
68% credible angle: 62.12°

Angular error: 74.27°

======================================================================
SCENARIO (EMCEE): WEIGHTED_CT
======================================================================

Loaded 3534 matched main-track clusters across U, V, X planes
Using all 3534 main-track clusters
Loading CT model from: /eos/user/e/evilla/dune/sn-tps/neural_networks/channel_tagging/ct_volume_v52_batch_reload_20251116_101125/best_model.keras
Running CT inference...
CT selected 3224 ES candidates from 3534 clusters
  ES prob range: [0.000, 1.000]
Loading ED model from: /eos/home-e/evilla/dune/sn-tps/neural_networks/electron_direction/three_plane_three_plane_v58_200k_lr_schedule_20251118_110931/checkpoints/model_epoch_12_val_loss_0.8898.keras
Running ED inference on 3224 clusters...
Using CT weights (ES probabilities)
After E > 3 MeV cut: 3203 clusters
Running weighted MCMC with 3203 weights
Running emcee: 64 walkers × 2000 steps...
Acceptance fraction: 3.2%
Mean direction: θ=-152.53°, φ=105.96°
Uncertainties: Δθ=77.23°, Δφ=32.57°
68% credible angle: 76.15°

Angular error: 82.20°

======================================================================
SCENARIO (EMCEE): PERFECT_CT_E_GT_10MEV
======================================================================

Loaded 3534 matched main-track clusters across U, V, X planes
Selected 292 ES main tracks
Loading ED model from: /eos/home-e/evilla/dune/sn-tps/neural_networks/electron_direction/three_plane_three_plane_v58_200k_lr_schedule_20251118_110931/checkpoints/model_epoch_12_val_loss_0.8898.keras
Running ED inference...
Applying E > 10 MeV cut
After energy cut: 160 clusters
Running emcee: 64 walkers × 2000 steps...
Acceptance fraction: 12.8%
Mean direction: θ=63.84°, φ=153.74°
Uncertainties: Δθ=84.23°, Δφ=10.33°
68% credible angle: 31.26°

Angular error: 16.38°

======================================================================
SCENARIO (EMCEE): PERFECT_CT_E_GT_20MEV
======================================================================

Loaded 3534 matched main-track clusters across U, V, X planes
Selected 292 ES main tracks
Loading ED model from: /eos/home-e/evilla/dune/sn-tps/neural_networks/electron_direction/three_plane_three_plane_v58_200k_lr_schedule_20251118_110931/checkpoints/model_epoch_12_val_loss_0.8898.keras
Running ED inference...
Applying E > 20 MeV cut
After energy cut: 33 clusters
Running emcee: 64 walkers × 2000 steps...
Acceptance fraction: 13.0%
Mean direction: θ=141.76°, φ=127.87°
Uncertainties: Δθ=81.63°, Δφ=55.56°
68% credible angle: 49.73°

Angular error: 35.38°

✓ Saved: /eos/project-e/ep-nu/evilla/sn-pointing/cat000467/pipeline/cat000467_scenario_best_case_emcee.npz

✓ Saved: /eos/project-e/ep-nu/evilla/sn-pointing/cat000467/pipeline/cat000467_scenario_perfect_ct_emcee.npz

✓ Saved: /eos/project-e/ep-nu/evilla/sn-pointing/cat000467/pipeline/cat000467_scenario_full_pipeline_emcee.npz

✓ Saved: /eos/project-e/ep-nu/evilla/sn-pointing/cat000467/pipeline/cat000467_scenario_weighted_ct_emcee.npz

✓ Saved: /eos/project-e/ep-nu/evilla/sn-pointing/cat000467/pipeline/cat000467_scenario_perfect_ct_e_gt_10mev_emcee.npz

✓ Saved: /eos/project-e/ep-nu/evilla/sn-pointing/cat000467/pipeline/cat000467_scenario_perfect_ct_e_gt_20mev_emcee.npz
✓ cat000467 completed successfully
