Processing cat000074 with 6 scenarios...
Cat directory: /eos/project-e/ep-nu/evilla/sn-pointing/cat000074
======================================================================
EMCEE RECONSTRUCTION FOR cat000074
======================================================================

Loading PDF from: /eos/home-e/evilla/dune/sn-tps/neural_networks/electron_direction/three_plane_three_plane_v58_200k_lr_schedule_20251118_110931/cosine_energy_pdf.npz
PDF loaded

======================================================================
SCENARIO (EMCEE): BEST_CASE
======================================================================

Loaded 3838 matched main-track clusters across U, V, X planes
Selected 254 ES main tracks
After E > 3 MeV cut: 254 clusters
Running emcee: 64 walkers × 2000 steps...
Acceptance fraction: 9.4%
Mean direction: θ=21.36°, φ=67.38°
Uncertainties: Δθ=22.24°, Δφ=14.39°
68% credible angle: 25.67°

Angular error: 8.34°

======================================================================
SCENARIO (EMCEE): PERFECT_CT
======================================================================

Loaded 3838 matched main-track clusters across U, V, X planes
Selected 254 ES main tracks
Loading ED model from: /eos/home-e/evilla/dune/sn-tps/neural_networks/electron_direction/three_plane_three_plane_v58_200k_lr_schedule_20251118_110931/checkpoints/model_epoch_12_val_loss_0.8898.keras
Running ED inference...
After energy cut: 254 clusters
Running emcee: 64 walkers × 2000 steps...
Acceptance fraction: 13.9%
Mean direction: θ=7.20°, φ=64.05°
Uncertainties: Δθ=19.94°, Δφ=15.25°
68% credible angle: 24.92°

Angular error: 17.25°

======================================================================
SCENARIO (EMCEE): FULL_PIPELINE
======================================================================

Loaded 3838 matched main-track clusters across U, V, X planes
Using all 3838 main-track clusters
Loading CT model from: /eos/user/e/evilla/dune/sn-tps/neural_networks/channel_tagging/ct_volume_v52_batch_reload_20251116_101125/best_model.keras
Running CT inference...
CT selected 3467 ES candidates from 3838 clusters
  ES prob range: [0.000, 1.000]
Loading ED model from: /eos/home-e/evilla/dune/sn-tps/neural_networks/electron_direction/three_plane_three_plane_v58_200k_lr_schedule_20251118_110931/checkpoints/model_epoch_12_val_loss_0.8898.keras
Running ED inference on 3467 clusters...
After E > 3 MeV cut: 3448 clusters
Running emcee: 64 walkers × 2000 steps...
Acceptance fraction: 2.9%
Mean direction: θ=-159.25°, φ=87.48°
Uncertainties: Δθ=106.03°, Δφ=39.75°
68% credible angle: 105.27°

Angular error: 147.34°

======================================================================
SCENARIO (EMCEE): WEIGHTED_CT
======================================================================

Loaded 3838 matched main-track clusters across U, V, X planes
Using all 3838 main-track clusters
Loading CT model from: /eos/user/e/evilla/dune/sn-tps/neural_networks/channel_tagging/ct_volume_v52_batch_reload_20251116_101125/best_model.keras
Running CT inference...
CT selected 3467 ES candidates from 3838 clusters
  ES prob range: [0.000, 1.000]
Loading ED model from: /eos/home-e/evilla/dune/sn-tps/neural_networks/electron_direction/three_plane_three_plane_v58_200k_lr_schedule_20251118_110931/checkpoints/model_epoch_12_val_loss_0.8898.keras
Running ED inference on 3467 clusters...
Using CT weights (ES probabilities)
After E > 3 MeV cut: 3448 clusters
Running weighted MCMC with 3448 weights
Running emcee: 64 walkers × 2000 steps...
Acceptance fraction: 3.3%
Mean direction: θ=176.34°, φ=81.82°
Uncertainties: Δθ=125.43°, Δφ=40.59°
68% credible angle: 98.15°

Angular error: 132.42°

======================================================================
SCENARIO (EMCEE): PERFECT_CT_E_GT_10MEV
======================================================================

Loaded 3838 matched main-track clusters across U, V, X planes
Selected 254 ES main tracks
Loading ED model from: /eos/home-e/evilla/dune/sn-tps/neural_networks/electron_direction/three_plane_three_plane_v58_200k_lr_schedule_20251118_110931/checkpoints/model_epoch_12_val_loss_0.8898.keras
Running ED inference...
Applying E > 10 MeV cut
After energy cut: 132 clusters
Running emcee: 64 walkers × 2000 steps...
Acceptance fraction: 22.1%
Mean direction: θ=11.55°, φ=68.32°
Uncertainties: Δθ=15.50°, Δφ=12.01°
68% credible angle: 23.09°

Angular error: 15.48°

======================================================================
SCENARIO (EMCEE): PERFECT_CT_E_GT_20MEV
======================================================================

Loaded 3838 matched main-track clusters across U, V, X planes
Selected 254 ES main tracks
Loading ED model from: /eos/home-e/evilla/dune/sn-tps/neural_networks/electron_direction/three_plane_three_plane_v58_200k_lr_schedule_20251118_110931/checkpoints/model_epoch_12_val_loss_0.8898.keras
Running ED inference...
Applying E > 20 MeV cut
After energy cut: 38 clusters
Running emcee: 64 walkers × 2000 steps...
Acceptance fraction: 21.0%
Mean direction: θ=9.46°, φ=64.43°
Uncertainties: Δθ=24.91°, Δφ=16.99°
68% credible angle: 18.44°

Angular error: 15.44°

✓ Saved: /eos/project-e/ep-nu/evilla/sn-pointing/cat000074/pipeline/cat000074_scenario_best_case_emcee.npz

✓ Saved: /eos/project-e/ep-nu/evilla/sn-pointing/cat000074/pipeline/cat000074_scenario_perfect_ct_emcee.npz

✓ Saved: /eos/project-e/ep-nu/evilla/sn-pointing/cat000074/pipeline/cat000074_scenario_full_pipeline_emcee.npz

✓ Saved: /eos/project-e/ep-nu/evilla/sn-pointing/cat000074/pipeline/cat000074_scenario_weighted_ct_emcee.npz

✓ Saved: /eos/project-e/ep-nu/evilla/sn-pointing/cat000074/pipeline/cat000074_scenario_perfect_ct_e_gt_10mev_emcee.npz

✓ Saved: /eos/project-e/ep-nu/evilla/sn-pointing/cat000074/pipeline/cat000074_scenario_perfect_ct_e_gt_20mev_emcee.npz
✓ cat000074 completed successfully
