==================================================================
Processing cat000305 with EMCEE - ALL SCENARIOS
==================================================================
======================================================================
EMCEE RECONSTRUCTION FOR cat000305
======================================================================

Loading PDF from: /eos/home-e/evilla/dune/sn-tps/neural_networks/electron_direction/three_plane_three_plane_v58_200k_lr_schedule_20251118_110931/cosine_energy_pdf.npz
PDF loaded

======================================================================
SCENARIO (EMCEE): PERFECT_CT
======================================================================

Loaded 3822 matched clusters across U, V, X planes
Selected clusters: 276
Running emcee: 64 walkers × 2000 steps...
Acceptance fraction: 8.7%
Mean direction: θ=-161.09°, φ=37.04°
Uncertainties: Δθ=58.14°, Δφ=13.75°
68% credible angle: 33.79°

Angular error: 11.46°

======================================================================
SCENARIO (EMCEE): ES_MAIN_CC_SHOWER
======================================================================

Loaded 3822 matched clusters across U, V, X planes
Selected clusters: 276
Running emcee: 64 walkers × 2000 steps...
Acceptance fraction: 10.6%
Mean direction: θ=179.18°, φ=41.11°
Uncertainties: Δθ=61.20°, Δφ=12.65°
68% credible angle: 30.15°

Angular error: 21.92°

======================================================================
SCENARIO (EMCEE): ES_MAIN_CC_ALL
======================================================================

Loaded 3822 matched clusters across U, V, X planes
Selected clusters: 276
Running emcee: 64 walkers × 2000 steps...
Acceptance fraction: 10.3%
Mean direction: θ=-161.52°, φ=41.78°
Uncertainties: Δθ=45.36°, Δφ=11.16°
68% credible angle: 34.20°

Angular error: 15.93°

======================================================================
SCENARIO (EMCEE): ES_ALL_CC_SHOWER
======================================================================

Loaded 3822 matched clusters across U, V, X planes
Selected clusters: 276
Running emcee: 64 walkers × 2000 steps...
Acceptance fraction: 10.2%
Mean direction: θ=-174.26°, φ=40.35°
Uncertainties: Δθ=53.53°, Δφ=13.38°
68% credible angle: 28.30°

Angular error: 18.70°

======================================================================
SCENARIO (EMCEE): ES_ALL_CC_ALL
======================================================================

Loaded 3822 matched clusters across U, V, X planes
Selected clusters: 276
Running emcee: 64 walkers × 2000 steps...
Acceptance fraction: 8.2%
Mean direction: θ=-165.28°, φ=39.64°
Uncertainties: Δθ=49.26°, Δφ=13.59°
68% credible angle: 31.68°

Angular error: 14.98°

======================================================================
SCENARIO (EMCEE): ALL_TRACKS_ALL_SHOWERS
======================================================================

Loaded 3822 matched clusters across U, V, X planes
Selected clusters: 3822
Running emcee: 64 walkers × 2000 steps...
Acceptance fraction: 3.4%
Mean direction: θ=-164.63°, φ=82.16°
Uncertainties: Δθ=58.18°, Δφ=30.80°
68% credible angle: 55.09°

Angular error: 55.97°

✓ Saved: /eos/project-e/ep-nu/evilla/sn-pointing/cat000305/pipeline/cat000305_scenario_perfect_ct_emcee.npz

✓ Saved: /eos/project-e/ep-nu/evilla/sn-pointing/cat000305/pipeline/cat000305_scenario_es_main_cc_shower_emcee.npz

✓ Saved: /eos/project-e/ep-nu/evilla/sn-pointing/cat000305/pipeline/cat000305_scenario_es_main_cc_all_emcee.npz

✓ Saved: /eos/project-e/ep-nu/evilla/sn-pointing/cat000305/pipeline/cat000305_scenario_es_all_cc_shower_emcee.npz

✓ Saved: /eos/project-e/ep-nu/evilla/sn-pointing/cat000305/pipeline/cat000305_scenario_es_all_cc_all_emcee.npz

✓ Saved: /eos/project-e/ep-nu/evilla/sn-pointing/cat000305/pipeline/cat000305_scenario_all_tracks_all_showers_emcee.npz
✓ cat000305 completed successfully
