==================================================================
Processing cat000587 with EMCEE - ALL SCENARIOS
==================================================================
======================================================================
EMCEE RECONSTRUCTION FOR cat000587
======================================================================

Loading PDF from: /eos/home-e/evilla/dune/sn-tps/neural_networks/electron_direction/three_plane_three_plane_v58_200k_lr_schedule_20251118_110931/cosine_energy_pdf.npz
PDF loaded

======================================================================
SCENARIO (EMCEE): PERFECT_CT
======================================================================

Loaded 2697 matched clusters across U, V, X planes
Selected clusters: 282
Running emcee: 64 walkers × 2000 steps...
Acceptance fraction: 17.2%
Mean direction: θ=-75.20°, φ=150.88°
Uncertainties: Δθ=72.47°, Δφ=4.04°
68% credible angle: 28.19°

Angular error: 10.15°

======================================================================
SCENARIO (EMCEE): ES_MAIN_CC_SHOWER
======================================================================

Loaded 2697 matched clusters across U, V, X planes
Selected clusters: 282
Running emcee: 64 walkers × 2000 steps...
Acceptance fraction: 16.8%
Mean direction: θ=-96.66°, φ=151.35°
Uncertainties: Δθ=103.70°, Δφ=3.86°
68% credible angle: 45.18°

Angular error: 12.96°

======================================================================
SCENARIO (EMCEE): ES_MAIN_CC_ALL
======================================================================

Loaded 2697 matched clusters across U, V, X planes
Selected clusters: 282
Running emcee: 64 walkers × 2000 steps...
Acceptance fraction: 15.6%
Mean direction: θ=-100.33°, φ=151.44°
Uncertainties: Δθ=108.85°, Δφ=2.92°
68% credible angle: 47.85°

Angular error: 13.87°

======================================================================
SCENARIO (EMCEE): ES_ALL_CC_SHOWER
======================================================================

Loaded 2697 matched clusters across U, V, X planes
Selected clusters: 282
Running emcee: 64 walkers × 2000 steps...
Acceptance fraction: 15.7%
Mean direction: θ=-44.02°, φ=151.71°
Uncertainties: Δθ=70.76°, Δφ=4.63°
68% credible angle: 22.07°

Angular error: 15.17°

======================================================================
SCENARIO (EMCEE): ES_ALL_CC_ALL
======================================================================

Loaded 2697 matched clusters across U, V, X planes
Selected clusters: 282
Running emcee: 64 walkers × 2000 steps...
Acceptance fraction: 14.8%
Mean direction: θ=-81.65°, φ=151.46°
Uncertainties: Δθ=81.84°, Δφ=3.94°
68% credible angle: 28.08°

Angular error: 9.95°

======================================================================
SCENARIO (EMCEE): ALL_TRACKS_ALL_SHOWERS
======================================================================

Loaded 2697 matched clusters across U, V, X planes
Selected clusters: 2697
Running emcee: 64 walkers × 2000 steps...
Acceptance fraction: 6.8%
Mean direction: θ=-170.15°, φ=135.21°
Uncertainties: Δθ=63.07°, Δφ=32.32°
68% credible angle: 41.43°

Angular error: 49.49°

✓ Saved: /eos/project-e/ep-nu/evilla/sn-pointing/cat000587/pipeline/cat000587_scenario_perfect_ct_emcee.npz

✓ Saved: /eos/project-e/ep-nu/evilla/sn-pointing/cat000587/pipeline/cat000587_scenario_es_main_cc_shower_emcee.npz

✓ Saved: /eos/project-e/ep-nu/evilla/sn-pointing/cat000587/pipeline/cat000587_scenario_es_main_cc_all_emcee.npz

✓ Saved: /eos/project-e/ep-nu/evilla/sn-pointing/cat000587/pipeline/cat000587_scenario_es_all_cc_shower_emcee.npz

✓ Saved: /eos/project-e/ep-nu/evilla/sn-pointing/cat000587/pipeline/cat000587_scenario_es_all_cc_all_emcee.npz

✓ Saved: /eos/project-e/ep-nu/evilla/sn-pointing/cat000587/pipeline/cat000587_scenario_all_tracks_all_showers_emcee.npz
✓ cat000587 completed successfully
