Processing cat000216 with 6 scenarios...
Cat directory: /eos/project-e/ep-nu/evilla/sn-pointing/cat000216
======================================================================
EMCEE RECONSTRUCTION FOR cat000216
======================================================================

Loading PDF from: /eos/home-e/evilla/dune/sn-tps/neural_networks/electron_direction/three_plane_three_plane_v58_200k_lr_schedule_20251118_110931/cosine_energy_pdf.npz
PDF loaded

======================================================================
SCENARIO (EMCEE): BEST_CASE
======================================================================

Loaded 3129 matched main-track clusters across U, V, X planes
Selected 229 ES main tracks
After E > 3 MeV cut: 229 clusters
Running emcee: 64 walkers × 2000 steps...
Acceptance fraction: 9.8%
Mean direction: θ=43.67°, φ=106.77°
Uncertainties: Δθ=29.28°, Δφ=21.68°
68% credible angle: 25.58°

Angular error: 15.68°

======================================================================
SCENARIO (EMCEE): PERFECT_CT
======================================================================

Loaded 3129 matched main-track clusters across U, V, X planes
Selected 229 ES main tracks
Loading ED model from: /eos/home-e/evilla/dune/sn-tps/neural_networks/electron_direction/three_plane_three_plane_v58_200k_lr_schedule_20251118_110931/checkpoints/model_epoch_12_val_loss_0.8898.keras
Running ED inference...
After energy cut: 229 clusters
Running emcee: 64 walkers × 2000 steps...
Acceptance fraction: 14.3%
Mean direction: θ=26.97°, φ=115.82°
Uncertainties: Δθ=20.26°, Δφ=16.57°
68% credible angle: 25.73°

Angular error: 12.76°

======================================================================
SCENARIO (EMCEE): FULL_PIPELINE
======================================================================

Loaded 3129 matched main-track clusters across U, V, X planes
Using all 3129 main-track clusters
Loading CT model from: /eos/user/e/evilla/dune/sn-tps/neural_networks/channel_tagging/ct_volume_v52_batch_reload_20251116_101125/best_model.keras
Running CT inference...
CT selected 2862 ES candidates from 3129 clusters
  ES prob range: [0.000, 1.000]
Loading ED model from: /eos/home-e/evilla/dune/sn-tps/neural_networks/electron_direction/three_plane_three_plane_v58_200k_lr_schedule_20251118_110931/checkpoints/model_epoch_12_val_loss_0.8898.keras
Running ED inference on 2862 clusters...
After E > 3 MeV cut: 2845 clusters
Running emcee: 64 walkers × 2000 steps...
Acceptance fraction: 4.1%
Mean direction: θ=-158.78°, φ=109.30°
Uncertainties: Δθ=83.91°, Δφ=31.83°
68% credible angle: 70.83°

Angular error: 125.69°

======================================================================
SCENARIO (EMCEE): WEIGHTED_CT
======================================================================

Loaded 3129 matched main-track clusters across U, V, X planes
Using all 3129 main-track clusters
Loading CT model from: /eos/user/e/evilla/dune/sn-tps/neural_networks/channel_tagging/ct_volume_v52_batch_reload_20251116_101125/best_model.keras
Running CT inference...
CT selected 2862 ES candidates from 3129 clusters
  ES prob range: [0.000, 1.000]
Loading ED model from: /eos/home-e/evilla/dune/sn-tps/neural_networks/electron_direction/three_plane_three_plane_v58_200k_lr_schedule_20251118_110931/checkpoints/model_epoch_12_val_loss_0.8898.keras
Running ED inference on 2862 clusters...
Using CT weights (ES probabilities)
After E > 3 MeV cut: 2845 clusters
Running weighted MCMC with 2845 weights
Running emcee: 64 walkers × 2000 steps...
Acceptance fraction: 2.9%
Mean direction: θ=-171.03°, φ=104.33°
Uncertainties: Δθ=103.07°, Δφ=27.68°
68% credible angle: 91.16°

Angular error: 125.07°

======================================================================
SCENARIO (EMCEE): PERFECT_CT_E_GT_10MEV
======================================================================

Loaded 3129 matched main-track clusters across U, V, X planes
Selected 229 ES main tracks
Loading ED model from: /eos/home-e/evilla/dune/sn-tps/neural_networks/electron_direction/three_plane_three_plane_v58_200k_lr_schedule_20251118_110931/checkpoints/model_epoch_12_val_loss_0.8898.keras
Running ED inference...
Applying E > 10 MeV cut
After energy cut: 129 clusters
Running emcee: 64 walkers × 2000 steps...
Acceptance fraction: 18.2%
Mean direction: θ=36.65°, φ=115.13°
Uncertainties: Δθ=12.84°, Δφ=16.02°
68% credible angle: 19.42°

Angular error: 7.41°

======================================================================
SCENARIO (EMCEE): PERFECT_CT_E_GT_20MEV
======================================================================

Loaded 3129 matched main-track clusters across U, V, X planes
Selected 229 ES main tracks
Loading ED model from: /eos/home-e/evilla/dune/sn-tps/neural_networks/electron_direction/three_plane_three_plane_v58_200k_lr_schedule_20251118_110931/checkpoints/model_epoch_12_val_loss_0.8898.keras
Running ED inference...
Applying E > 20 MeV cut
After energy cut: 27 clusters
Running emcee: 64 walkers × 2000 steps...
Acceptance fraction: 15.0%
Mean direction: θ=33.91°, φ=101.72°
Uncertainties: Δθ=76.37°, Δφ=34.12°
68% credible angle: 38.48°

Angular error: 21.00°

✓ Saved: /eos/project-e/ep-nu/evilla/sn-pointing/cat000216/pipeline/cat000216_scenario_best_case_emcee.npz

✓ Saved: /eos/project-e/ep-nu/evilla/sn-pointing/cat000216/pipeline/cat000216_scenario_perfect_ct_emcee.npz

✓ Saved: /eos/project-e/ep-nu/evilla/sn-pointing/cat000216/pipeline/cat000216_scenario_full_pipeline_emcee.npz

✓ Saved: /eos/project-e/ep-nu/evilla/sn-pointing/cat000216/pipeline/cat000216_scenario_weighted_ct_emcee.npz

✓ Saved: /eos/project-e/ep-nu/evilla/sn-pointing/cat000216/pipeline/cat000216_scenario_perfect_ct_e_gt_10mev_emcee.npz

✓ Saved: /eos/project-e/ep-nu/evilla/sn-pointing/cat000216/pipeline/cat000216_scenario_perfect_ct_e_gt_20mev_emcee.npz
✓ cat000216 completed successfully
