==================================================================
Processing cat000441 with EMCEE - ALL SCENARIOS
==================================================================
======================================================================
EMCEE RECONSTRUCTION FOR cat000441
======================================================================

Loading PDF from: /eos/home-e/evilla/dune/sn-tps/neural_networks/electron_direction/three_plane_three_plane_v58_200k_lr_schedule_20251118_110931/cosine_energy_pdf.npz
PDF loaded

======================================================================
SCENARIO (EMCEE): PERFECT_CT
======================================================================

Loaded 3488 matched clusters across U, V, X planes
Selected clusters: 283
Running emcee: 64 walkers × 2000 steps...
Acceptance fraction: 11.4%
Mean direction: θ=54.09°, φ=67.88°
Uncertainties: Δθ=19.42°, Δφ=10.96°
68% credible angle: 23.83°

Angular error: 8.39°

======================================================================
SCENARIO (EMCEE): ES_MAIN_CC_SHOWER
======================================================================

Loaded 3488 matched clusters across U, V, X planes
Selected clusters: 283
Running emcee: 64 walkers × 2000 steps...
Acceptance fraction: 12.0%
Mean direction: θ=53.18°, φ=66.41°
Uncertainties: Δθ=21.59°, Δφ=9.78°
68% credible angle: 22.83°

Angular error: 9.77°

======================================================================
SCENARIO (EMCEE): ES_MAIN_CC_ALL
======================================================================

Loaded 3488 matched clusters across U, V, X planes
Selected clusters: 283
Running emcee: 64 walkers × 2000 steps...
Acceptance fraction: 12.2%
Mean direction: θ=57.88°, φ=68.63°
Uncertainties: Δθ=17.99°, Δφ=11.97°
68% credible angle: 17.10°

Angular error: 4.90°

======================================================================
SCENARIO (EMCEE): ES_ALL_CC_SHOWER
======================================================================

Loaded 3488 matched clusters across U, V, X planes
Selected clusters: 283
Running emcee: 64 walkers × 2000 steps...
Acceptance fraction: 11.4%
Mean direction: θ=52.45°, φ=67.78°
Uncertainties: Δθ=18.20°, Δφ=11.15°
68% credible angle: 22.37°

Angular error: 9.85°

======================================================================
SCENARIO (EMCEE): ES_ALL_CC_ALL
======================================================================

Loaded 3488 matched clusters across U, V, X planes
Selected clusters: 283
Running emcee: 64 walkers × 2000 steps...
Acceptance fraction: 12.8%
Mean direction: θ=55.68°, φ=71.43°
Uncertainties: Δθ=21.94°, Δφ=10.77°
68% credible angle: 26.45°

Angular error: 6.26°

======================================================================
SCENARIO (EMCEE): ALL_TRACKS_ALL_SHOWERS
======================================================================

Loaded 3488 matched clusters across U, V, X planes
Selected clusters: 3488
Running emcee: 64 walkers × 2000 steps...
Acceptance fraction: 2.6%
Mean direction: θ=131.08°, φ=84.41°
Uncertainties: Δθ=101.09°, Δφ=37.10°
68% credible angle: 92.62°

Angular error: 68.14°

✓ Saved: /eos/project-e/ep-nu/evilla/sn-pointing/cat000441/pipeline/cat000441_scenario_perfect_ct_emcee.npz

✓ Saved: /eos/project-e/ep-nu/evilla/sn-pointing/cat000441/pipeline/cat000441_scenario_es_main_cc_shower_emcee.npz

✓ Saved: /eos/project-e/ep-nu/evilla/sn-pointing/cat000441/pipeline/cat000441_scenario_es_main_cc_all_emcee.npz

✓ Saved: /eos/project-e/ep-nu/evilla/sn-pointing/cat000441/pipeline/cat000441_scenario_es_all_cc_shower_emcee.npz

✓ Saved: /eos/project-e/ep-nu/evilla/sn-pointing/cat000441/pipeline/cat000441_scenario_es_all_cc_all_emcee.npz

✓ Saved: /eos/project-e/ep-nu/evilla/sn-pointing/cat000441/pipeline/cat000441_scenario_all_tracks_all_showers_emcee.npz
✓ cat000441 completed successfully
