Processing cat000452 with 6 scenarios...
Cat directory: /eos/project-e/ep-nu/evilla/sn-pointing/cat000452
======================================================================
EMCEE RECONSTRUCTION FOR cat000452
======================================================================

Loading PDF from: /eos/home-e/evilla/dune/sn-tps/neural_networks/electron_direction/three_plane_three_plane_v58_200k_lr_schedule_20251118_110931/cosine_energy_pdf.npz
PDF loaded

======================================================================
SCENARIO (EMCEE): BEST_CASE
======================================================================

Loaded 3657 matched main-track clusters across U, V, X planes
Selected 301 ES main tracks
After E > 3 MeV cut: 301 clusters
Running emcee: 64 walkers × 2000 steps...
Acceptance fraction: 11.0%
Mean direction: θ=136.84°, φ=83.61°
Uncertainties: Δθ=34.56°, Δφ=14.04°
68% credible angle: 42.93°

Angular error: 20.19°

======================================================================
SCENARIO (EMCEE): PERFECT_CT
======================================================================

Loaded 3657 matched main-track clusters across U, V, X planes
Selected 301 ES main tracks
Loading ED model from: /eos/home-e/evilla/dune/sn-tps/neural_networks/electron_direction/three_plane_three_plane_v58_200k_lr_schedule_20251118_110931/checkpoints/model_epoch_12_val_loss_0.8898.keras
Running ED inference...
After energy cut: 301 clusters
Running emcee: 64 walkers × 2000 steps...
Acceptance fraction: 9.4%
Mean direction: θ=143.14°, φ=89.13°
Uncertainties: Δθ=33.62°, Δφ=21.21°
68% credible angle: 41.63°

Angular error: 26.34°

======================================================================
SCENARIO (EMCEE): FULL_PIPELINE
======================================================================

Loaded 3657 matched main-track clusters across U, V, X planes
Using all 3657 main-track clusters
Loading CT model from: /eos/user/e/evilla/dune/sn-tps/neural_networks/channel_tagging/ct_volume_v52_batch_reload_20251116_101125/best_model.keras
Running CT inference...
CT selected 3328 ES candidates from 3657 clusters
  ES prob range: [0.000, 1.000]
Loading ED model from: /eos/home-e/evilla/dune/sn-tps/neural_networks/electron_direction/three_plane_three_plane_v58_200k_lr_schedule_20251118_110931/checkpoints/model_epoch_12_val_loss_0.8898.keras
Running ED inference on 3328 clusters...
After E > 3 MeV cut: 3310 clusters
Running emcee: 64 walkers × 2000 steps...
Acceptance fraction: 5.0%
Mean direction: θ=166.58°, φ=101.00°
Uncertainties: Δθ=76.95°, Δφ=28.97°
68% credible angle: 80.40°

Angular error: 51.39°

======================================================================
SCENARIO (EMCEE): WEIGHTED_CT
======================================================================

Loaded 3657 matched main-track clusters across U, V, X planes
Using all 3657 main-track clusters
Loading CT model from: /eos/user/e/evilla/dune/sn-tps/neural_networks/channel_tagging/ct_volume_v52_batch_reload_20251116_101125/best_model.keras
Running CT inference...
CT selected 3328 ES candidates from 3657 clusters
  ES prob range: [0.000, 1.000]
Loading ED model from: /eos/home-e/evilla/dune/sn-tps/neural_networks/electron_direction/three_plane_three_plane_v58_200k_lr_schedule_20251118_110931/checkpoints/model_epoch_12_val_loss_0.8898.keras
Running ED inference on 3328 clusters...
Using CT weights (ES probabilities)
After E > 3 MeV cut: 3310 clusters
Running weighted MCMC with 3310 weights
Running emcee: 64 walkers × 2000 steps...
Acceptance fraction: 4.7%
Mean direction: θ=-157.57°, φ=94.05°
Uncertainties: Δθ=78.42°, Δφ=24.87°
68% credible angle: 72.52°

Angular error: 85.79°

======================================================================
SCENARIO (EMCEE): PERFECT_CT_E_GT_10MEV
======================================================================

Loaded 3657 matched main-track clusters across U, V, X planes
Selected 301 ES main tracks
Loading ED model from: /eos/home-e/evilla/dune/sn-tps/neural_networks/electron_direction/three_plane_three_plane_v58_200k_lr_schedule_20251118_110931/checkpoints/model_epoch_12_val_loss_0.8898.keras
Running ED inference...
Applying E > 10 MeV cut
After energy cut: 177 clusters
Running emcee: 64 walkers × 2000 steps...
Acceptance fraction: 9.8%
Mean direction: θ=138.17°, φ=85.18°
Uncertainties: Δθ=87.74°, Δφ=19.44°
68% credible angle: 54.64°

Angular error: 21.33°

======================================================================
SCENARIO (EMCEE): PERFECT_CT_E_GT_20MEV
======================================================================

Loaded 3657 matched main-track clusters across U, V, X planes
Selected 301 ES main tracks
Loading ED model from: /eos/home-e/evilla/dune/sn-tps/neural_networks/electron_direction/three_plane_three_plane_v58_200k_lr_schedule_20251118_110931/checkpoints/model_epoch_12_val_loss_0.8898.keras
Running ED inference...
Applying E > 20 MeV cut
After energy cut: 41 clusters
Running emcee: 64 walkers × 2000 steps...
Acceptance fraction: 13.1%
Mean direction: θ=120.47°, φ=89.82°
Uncertainties: Δθ=132.14°, Δφ=12.34°
68% credible angle: 154.65°

Angular error: 4.55°

✓ Saved: /eos/project-e/ep-nu/evilla/sn-pointing/cat000452/pipeline/cat000452_scenario_best_case_emcee.npz

✓ Saved: /eos/project-e/ep-nu/evilla/sn-pointing/cat000452/pipeline/cat000452_scenario_perfect_ct_emcee.npz

✓ Saved: /eos/project-e/ep-nu/evilla/sn-pointing/cat000452/pipeline/cat000452_scenario_full_pipeline_emcee.npz

✓ Saved: /eos/project-e/ep-nu/evilla/sn-pointing/cat000452/pipeline/cat000452_scenario_weighted_ct_emcee.npz

✓ Saved: /eos/project-e/ep-nu/evilla/sn-pointing/cat000452/pipeline/cat000452_scenario_perfect_ct_e_gt_10mev_emcee.npz

✓ Saved: /eos/project-e/ep-nu/evilla/sn-pointing/cat000452/pipeline/cat000452_scenario_perfect_ct_e_gt_20mev_emcee.npz
✓ cat000452 completed successfully
