==================================================================
Processing cat000083 with EMCEE - ALL SCENARIOS
==================================================================
======================================================================
EMCEE RECONSTRUCTION FOR cat000083
======================================================================

Loading PDF from: /eos/home-e/evilla/dune/sn-tps/neural_networks/electron_direction/three_plane_three_plane_v58_200k_lr_schedule_20251118_110931/cosine_energy_pdf.npz
PDF loaded

======================================================================
SCENARIO (EMCEE): PERFECT_CT
======================================================================

Loaded 3713 matched clusters across U, V, X planes
Selected clusters: 279
Running emcee: 64 walkers × 2000 steps...
Acceptance fraction: 11.0%
Mean direction: θ=63.35°, φ=40.12°
Uncertainties: Δθ=40.61°, Δφ=16.91°
68% credible angle: 28.78°

Angular error: 12.08°

======================================================================
SCENARIO (EMCEE): ES_MAIN_CC_SHOWER
======================================================================

Loaded 3713 matched clusters across U, V, X planes
Selected clusters: 279
Running emcee: 64 walkers × 2000 steps...
Acceptance fraction: 10.5%
Mean direction: θ=73.43°, φ=37.89°
Uncertainties: Δθ=52.64°, Δφ=17.36°
68% credible angle: 26.02°

Angular error: 6.16°

======================================================================
SCENARIO (EMCEE): ES_MAIN_CC_ALL
======================================================================

Loaded 3713 matched clusters across U, V, X planes
Selected clusters: 279
Running emcee: 64 walkers × 2000 steps...
Acceptance fraction: 13.5%
Mean direction: θ=71.99°, φ=42.59°
Uncertainties: Δθ=37.57°, Δφ=15.27°
68% credible angle: 18.29°

Angular error: 10.74°

======================================================================
SCENARIO (EMCEE): ES_ALL_CC_SHOWER
======================================================================

Loaded 3713 matched clusters across U, V, X planes
Selected clusters: 279
Running emcee: 64 walkers × 2000 steps...
Acceptance fraction: 10.5%
Mean direction: θ=73.94°, φ=42.14°
Uncertainties: Δθ=42.56°, Δφ=17.33°
68% credible angle: 27.19°

Angular error: 9.84°

======================================================================
SCENARIO (EMCEE): ES_ALL_CC_ALL
======================================================================

Loaded 3713 matched clusters across U, V, X planes
Selected clusters: 279
Running emcee: 64 walkers × 2000 steps...
Acceptance fraction: 9.4%
Mean direction: θ=73.33°, φ=36.33°
Uncertainties: Δθ=47.66°, Δφ=16.39°
68% credible angle: 24.89°

Angular error: 4.98°

======================================================================
SCENARIO (EMCEE): ALL_TRACKS_ALL_SHOWERS
======================================================================

Loaded 3713 matched clusters across U, V, X planes
Selected clusters: 3713
Running emcee: 64 walkers × 2000 steps...
Acceptance fraction: 2.6%
Mean direction: θ=-146.00°, φ=76.40°
Uncertainties: Δθ=85.68°, Δφ=47.32°
68% credible angle: 84.02°

Angular error: 99.87°

✓ Saved: /eos/project-e/ep-nu/evilla/sn-pointing/cat000083/pipeline/cat000083_scenario_perfect_ct_emcee.npz

✓ Saved: /eos/project-e/ep-nu/evilla/sn-pointing/cat000083/pipeline/cat000083_scenario_es_main_cc_shower_emcee.npz

✓ Saved: /eos/project-e/ep-nu/evilla/sn-pointing/cat000083/pipeline/cat000083_scenario_es_main_cc_all_emcee.npz

✓ Saved: /eos/project-e/ep-nu/evilla/sn-pointing/cat000083/pipeline/cat000083_scenario_es_all_cc_shower_emcee.npz

✓ Saved: /eos/project-e/ep-nu/evilla/sn-pointing/cat000083/pipeline/cat000083_scenario_es_all_cc_all_emcee.npz

✓ Saved: /eos/project-e/ep-nu/evilla/sn-pointing/cat000083/pipeline/cat000083_scenario_all_tracks_all_showers_emcee.npz
✓ cat000083 completed successfully
