Processing cat000051 with 6 scenarios...
Cat directory: /eos/project-e/ep-nu/evilla/sn-pointing/cat000051
======================================================================
EMCEE RECONSTRUCTION FOR cat000051
======================================================================

Loading PDF from: /eos/home-e/evilla/dune/sn-tps/neural_networks/electron_direction/three_plane_three_plane_v58_200k_lr_schedule_20251118_110931/cosine_energy_pdf.npz
PDF loaded

======================================================================
SCENARIO (EMCEE): BEST_CASE
======================================================================

Loaded 3162 matched main-track clusters across U, V, X planes
Selected 157 ES main tracks
After E > 3 MeV cut: 157 clusters
Running emcee: 64 walkers × 2000 steps...
Acceptance fraction: 7.8%
Mean direction: θ=159.69°, φ=93.34°
Uncertainties: Δθ=20.01°, Δφ=13.53°
68% credible angle: 25.98°

Angular error: 7.23°

======================================================================
SCENARIO (EMCEE): PERFECT_CT
======================================================================

Loaded 3162 matched main-track clusters across U, V, X planes
Selected 157 ES main tracks
Loading ED model from: /eos/home-e/evilla/dune/sn-tps/neural_networks/electron_direction/three_plane_three_plane_v58_200k_lr_schedule_20251118_110931/checkpoints/model_epoch_12_val_loss_0.8898.keras
Running ED inference...
After energy cut: 157 clusters
Running emcee: 64 walkers × 2000 steps...
Acceptance fraction: 12.1%
Mean direction: θ=172.09°, φ=98.80°
Uncertainties: Δθ=27.05°, Δφ=15.00°
68% credible angle: 31.45°

Angular error: 18.24°

======================================================================
SCENARIO (EMCEE): FULL_PIPELINE
======================================================================

Loaded 3162 matched main-track clusters across U, V, X planes
Using all 3162 main-track clusters
Loading CT model from: /eos/user/e/evilla/dune/sn-tps/neural_networks/charge_topology/best_model.keras

✗ full_pipeline failed: File not found: filepath=/eos/user/e/evilla/dune/sn-tps/neural_networks/charge_topology/best_model.keras. Please ensure the file is an accessible `.keras` zip file.

======================================================================
SCENARIO (EMCEE): WEIGHTED_CT
======================================================================

Loaded 3162 matched main-track clusters across U, V, X planes
Using all 3162 main-track clusters
Loading CT model from: /eos/user/e/evilla/dune/sn-tps/neural_networks/charge_topology/best_model.keras

✗ weighted_ct failed: File not found: filepath=/eos/user/e/evilla/dune/sn-tps/neural_networks/charge_topology/best_model.keras. Please ensure the file is an accessible `.keras` zip file.

======================================================================
SCENARIO (EMCEE): PERFECT_CT_E_GT_10MEV
======================================================================

Loaded 3162 matched main-track clusters across U, V, X planes
Selected 157 ES main tracks
Loading ED model from: /eos/home-e/evilla/dune/sn-tps/neural_networks/electron_direction/three_plane_three_plane_v58_200k_lr_schedule_20251118_110931/checkpoints/model_epoch_12_val_loss_0.8898.keras
Running ED inference...
Applying E > 10 MeV cut
After energy cut: 91 clusters
Running emcee: 64 walkers × 2000 steps...
Acceptance fraction: 11.3%
Mean direction: θ=171.29°, φ=99.87°
Uncertainties: Δθ=23.91°, Δφ=13.67°
68% credible angle: 28.85°

Angular error: 17.54°

======================================================================
SCENARIO (EMCEE): PERFECT_CT_E_GT_20MEV
======================================================================

Loaded 3162 matched main-track clusters across U, V, X planes
Selected 157 ES main tracks
Loading ED model from: /eos/home-e/evilla/dune/sn-tps/neural_networks/electron_direction/three_plane_three_plane_v58_200k_lr_schedule_20251118_110931/checkpoints/model_epoch_12_val_loss_0.8898.keras
Running ED inference...
Applying E > 20 MeV cut
After energy cut: 28 clusters
Running emcee: 64 walkers × 2000 steps...
Acceptance fraction: 16.7%
Mean direction: θ=179.97°, φ=99.72°
Uncertainties: Δθ=12.17°, Δφ=8.47°
68% credible angle: 15.12°

Angular error: 26.05°

✓ Saved: /eos/project-e/ep-nu/evilla/sn-pointing/cat000051/pipeline/cat000051_scenario_best_case_emcee.npz

✓ Saved: /eos/project-e/ep-nu/evilla/sn-pointing/cat000051/pipeline/cat000051_scenario_perfect_ct_emcee.npz

✓ Saved: /eos/project-e/ep-nu/evilla/sn-pointing/cat000051/pipeline/cat000051_scenario_perfect_ct_e_gt_10mev_emcee.npz

✓ Saved: /eos/project-e/ep-nu/evilla/sn-pointing/cat000051/pipeline/cat000051_scenario_perfect_ct_e_gt_20mev_emcee.npz
✓ cat000051 completed successfully
