000 (13791725.573.000) 11/20 10:34:58 Job submitted from host: <188.184.90.62:9618?addrs=188.184.90.62-9618+[2001-1458-201-e4--100-238]-9618&alias=bigbird16.cern.ch&noUDP&sock=schedd_5196_9a2f>
...
040 (13791725.573.000) 11/20 11:47:28 Started transferring input files
	Transferring to host: <188.185.92.156:9618?addrs=188.185.92.156-9618+[2001-1458-d00-6c--100-10]-9618&alias=b9g57n5454.cern.ch&noUDP&sock=slot1_1_17749_86ab_9262>
...
040 (13791725.573.000) 11/20 11:47:28 Finished transferring input files
...
001 (13791725.573.000) 11/20 11:47:29 Job executing on host: <188.185.92.156:9618?addrs=188.185.92.156-9618+[2001-1458-d00-6c--100-10]-9618&alias=b9g57n5454.cern.ch&noUDP&sock=startd_17014_c46e>
	SlotName: slot1_1@b9g57n5454.cern.ch
	AvailableGPUs = { GPUs_GPU_d2642622 }
	CondorScratchDir = "/pool/condor/dir_2413160"
	Cpus = 11
	Disk = 4195301
	GPUs = 1
	GPUs_GPU_d2642622 = [ Id = "GPU-d2642622"; ClockMhz = 1410.0; Capability = 8.0; CoresPerCU = 64; DeviceName = "NVIDIA A100-PCIE-40GB"; DeviceUuid = "d2642622-6ee9-8711-70c1-34935a235a2a"; ECCEnabled = true; ComputeUnits = 108; DriverVersion = 13.0; DevicePciBusId = "0000:06:00.0"; GlobalMemoryMb = 40441; MaxSupportedVersion = 13000 ]
	Memory = 33000
...
006 (13791725.573.000) 11/20 11:47:42 Image size of job updated: 312924
	306  -  MemoryUsage of job (MB)
	312924  -  ResidentSetSize of job (KB)
...
006 (13791725.573.000) 11/20 11:50:39 Image size of job updated: 2153744
	306  -  MemoryUsage of job (MB)
	312924  -  ResidentSetSize of job (KB)
...
040 (13791725.573.000) 11/20 11:50:39 Started transferring output files
...
040 (13791725.573.000) 11/20 11:50:39 Finished transferring output files
...
005 (13791725.573.000) 11/20 11:50:39 Job terminated.
	(1) Normal termination (return value 0)
		Usr 0 00:05:54, Sys 0 00:00:30  -  Run Remote Usage
		Usr 0 00:00:00, Sys 0 00:00:00  -  Run Local Usage
		Usr 0 00:05:54, Sys 0 00:00:30  -  Total Remote Usage
		Usr 0 00:00:00, Sys 0 00:00:00  -  Total Local Usage
	16754  -  Run Bytes Sent By Job
	1411571  -  Run Bytes Received By Job
	16754  -  Total Bytes Sent By Job
	1411571  -  Total Bytes Received By Job
	Partitionable Resources :    Usage  Request Allocated Assigned
	   Cpus                 :     0.10       11        11 
	   Disk (KB)            :  1420     4194304   4195301 
	   GPUs                 :     0           1         1 "GPU-d2642622"
	   GpusMemory (MB)      :   620                       
	   Memory (MB)          :   306       33000     33000 
	   TimeExecute (s)      :   190                       
	   TimeSlotBusy (s)     :   191                       

	Job terminated of its own accord at 2025-11-20T10:50:39Z with exit-code 0.
...
