000 (13791414.461.000) 11/20 04:32:06 Job submitted from host: <188.184.90.62:9618?addrs=188.184.90.62-9618+[2001-1458-201-e4--100-238]-9618&alias=bigbird16.cern.ch&noUDP&sock=schedd_5196_9a2f>
...
040 (13791414.461.000) 11/20 05:00:23 Started transferring input files
	Transferring to host: <188.184.195.125:9618?addrs=188.184.195.125-9618+[2001-1458-301-72--100-46]-9618&alias=b9g47n4484.cern.ch&noUDP&sock=slot1_1_1118192_2b98_149>
...
040 (13791414.461.000) 11/20 05:00:23 Finished transferring input files
...
001 (13791414.461.000) 11/20 05:00:24 Job executing on host: <188.184.195.125:9618?addrs=188.184.195.125-9618+[2001-1458-301-72--100-46]-9618&alias=b9g47n4484.cern.ch&noUDP&sock=startd_18735_3aec>
	SlotName: slot1_1@b9g47n4484.cern.ch
	AvailableGPUs = { GPUs_GPU_af018eac }
	CondorScratchDir = "/pool/condor/dir_1149942"
	Cpus = 11
	Disk = 4195329
	GPUs = 1
	GPUs_GPU_af018eac = [ Id = "GPU-af018eac"; ClockMhz = 1590.0; Capability = 7.5; CoresPerCU = 64; DeviceName = "Tesla T4"; DeviceUuid = "af018eac-0217-6a0c-1f02-a7671647c0bf"; ECCEnabled = true; ComputeUnits = 40; DriverVersion = 13.0; DevicePciBusId = "0000:07:00.0"; GlobalMemoryMb = 14913; MaxSupportedVersion = 13000 ]
	Memory = 33000
...
006 (13791414.461.000) 11/20 05:00:37 Image size of job updated: 300724
	294  -  MemoryUsage of job (MB)
	300724  -  ResidentSetSize of job (KB)
...
006 (13791414.461.000) 11/20 05:04:45 Image size of job updated: 1515772
	294  -  MemoryUsage of job (MB)
	300724  -  ResidentSetSize of job (KB)
...
040 (13791414.461.000) 11/20 05:04:45 Started transferring output files
...
040 (13791414.461.000) 11/20 05:04:45 Finished transferring output files
...
005 (13791414.461.000) 11/20 05:04:45 Job terminated.
	(1) Normal termination (return value 0)
		Usr 0 00:06:44, Sys 0 00:00:13  -  Run Remote Usage
		Usr 0 00:00:00, Sys 0 00:00:00  -  Run Local Usage
		Usr 0 00:06:44, Sys 0 00:00:13  -  Total Remote Usage
		Usr 0 00:00:00, Sys 0 00:00:00  -  Total Local Usage
	15358  -  Run Bytes Sent By Job
	1323  -  Run Bytes Received By Job
	15358  -  Total Bytes Sent By Job
	1323  -  Total Bytes Received By Job
	Partitionable Resources :    Usage  Request Allocated Assigned
	   Cpus                 :        0       11        11 
	   Disk (KB)            :       41  4194304   4195329 
	   GPUs                 :                 1         1 "GPU-af018eac"
	   Memory (MB)          :      294    33000     33000 
	   TimeExecute (s)      :      261                    
	   TimeSlotBusy (s)     :      262                    

	Job terminated of its own accord at 2025-11-20T04:04:45Z with exit-code 0.
...
