Processing cat000152 with 6 scenarios...
Cat directory: /eos/project-e/ep-nu/evilla/sn-pointing/cat000152
======================================================================
EMCEE RECONSTRUCTION FOR cat000152
======================================================================

Loading PDF from: /eos/home-e/evilla/dune/sn-tps/neural_networks/electron_direction/three_plane_three_plane_v58_200k_lr_schedule_20251118_110931/cosine_energy_pdf.npz
PDF loaded

======================================================================
SCENARIO (EMCEE): BEST_CASE
======================================================================

Loaded 3373 matched main-track clusters across U, V, X planes
Selected 262 ES main tracks
After E > 3 MeV cut: 262 clusters
Running emcee: 64 walkers × 2000 steps...
Acceptance fraction: 6.4%
Mean direction: θ=-95.36°, φ=84.80°
Uncertainties: Δθ=75.45°, Δφ=32.63°
68% credible angle: 83.43°

Angular error: 11.04°

======================================================================
SCENARIO (EMCEE): PERFECT_CT
======================================================================

Loaded 3373 matched main-track clusters across U, V, X planes
Selected 262 ES main tracks
Loading ED model from: /eos/home-e/evilla/dune/sn-tps/neural_networks/electron_direction/three_plane_three_plane_v58_200k_lr_schedule_20251118_110931/checkpoints/model_epoch_12_val_loss_0.8898.keras
Running ED inference...
After energy cut: 262 clusters
Running emcee: 64 walkers × 2000 steps...
Acceptance fraction: 9.7%
Mean direction: θ=-161.30°, φ=83.15°
Uncertainties: Δθ=91.35°, Δφ=15.73°
68% credible angle: 82.92°

Angular error: 64.79°

======================================================================
SCENARIO (EMCEE): FULL_PIPELINE
======================================================================

Loaded 3373 matched main-track clusters across U, V, X planes
Using all 3373 main-track clusters
Loading CT model from: /eos/user/e/evilla/dune/sn-tps/neural_networks/channel_tagging/ct_volume_v52_batch_reload_20251116_101125/best_model.keras
Running CT inference...
CT selected 3101 ES candidates from 3373 clusters
  ES prob range: [0.000, 1.000]
Loading ED model from: /eos/home-e/evilla/dune/sn-tps/neural_networks/electron_direction/three_plane_three_plane_v58_200k_lr_schedule_20251118_110931/checkpoints/model_epoch_12_val_loss_0.8898.keras
Running ED inference on 3101 clusters...
After E > 3 MeV cut: 3080 clusters
Running emcee: 64 walkers × 2000 steps...
Acceptance fraction: 5.4%
Mean direction: θ=-139.75°, φ=98.28°
Uncertainties: Δθ=62.52°, Δφ=21.81°
68% credible angle: 67.49°

Angular error: 50.08°

======================================================================
SCENARIO (EMCEE): WEIGHTED_CT
======================================================================

Loaded 3373 matched main-track clusters across U, V, X planes
Using all 3373 main-track clusters
Loading CT model from: /eos/user/e/evilla/dune/sn-tps/neural_networks/channel_tagging/ct_volume_v52_batch_reload_20251116_101125/best_model.keras
Running CT inference...
CT selected 3101 ES candidates from 3373 clusters
  ES prob range: [0.000, 1.000]
Loading ED model from: /eos/home-e/evilla/dune/sn-tps/neural_networks/electron_direction/three_plane_three_plane_v58_200k_lr_schedule_20251118_110931/checkpoints/model_epoch_12_val_loss_0.8898.keras
Running ED inference on 3101 clusters...
Using CT weights (ES probabilities)
After E > 3 MeV cut: 3080 clusters
Running weighted MCMC with 3080 weights
Running emcee: 64 walkers × 2000 steps...
Acceptance fraction: 4.9%
Mean direction: θ=-137.59°, φ=94.18°
Uncertainties: Δθ=62.80°, Δφ=26.41°
68% credible angle: 67.29°

Angular error: 46.25°

======================================================================
SCENARIO (EMCEE): PERFECT_CT_E_GT_10MEV
======================================================================

Loaded 3373 matched main-track clusters across U, V, X planes
Selected 262 ES main tracks
Loading ED model from: /eos/home-e/evilla/dune/sn-tps/neural_networks/electron_direction/three_plane_three_plane_v58_200k_lr_schedule_20251118_110931/checkpoints/model_epoch_12_val_loss_0.8898.keras
Running ED inference...
Applying E > 10 MeV cut
After energy cut: 138 clusters
Running emcee: 64 walkers × 2000 steps...
Acceptance fraction: 11.4%
Mean direction: θ=-162.90°, φ=89.39°
Uncertainties: Δθ=114.42°, Δφ=15.04°
68% credible angle: 87.18°

Angular error: 68.05°

======================================================================
SCENARIO (EMCEE): PERFECT_CT_E_GT_20MEV
======================================================================

Loaded 3373 matched main-track clusters across U, V, X planes
Selected 262 ES main tracks
Loading ED model from: /eos/home-e/evilla/dune/sn-tps/neural_networks/electron_direction/three_plane_three_plane_v58_200k_lr_schedule_20251118_110931/checkpoints/model_epoch_12_val_loss_0.8898.keras
Running ED inference...
Applying E > 20 MeV cut
After energy cut: 38 clusters
Running emcee: 64 walkers × 2000 steps...
Acceptance fraction: 12.8%
Mean direction: θ=-119.36°, φ=80.35°
Uncertainties: Δθ=144.21°, Δφ=13.93°
68% credible angle: 133.10°

Angular error: 24.03°

✓ Saved: /eos/project-e/ep-nu/evilla/sn-pointing/cat000152/pipeline/cat000152_scenario_best_case_emcee.npz

✓ Saved: /eos/project-e/ep-nu/evilla/sn-pointing/cat000152/pipeline/cat000152_scenario_perfect_ct_emcee.npz

✓ Saved: /eos/project-e/ep-nu/evilla/sn-pointing/cat000152/pipeline/cat000152_scenario_full_pipeline_emcee.npz

✓ Saved: /eos/project-e/ep-nu/evilla/sn-pointing/cat000152/pipeline/cat000152_scenario_weighted_ct_emcee.npz

✓ Saved: /eos/project-e/ep-nu/evilla/sn-pointing/cat000152/pipeline/cat000152_scenario_perfect_ct_e_gt_10mev_emcee.npz

✓ Saved: /eos/project-e/ep-nu/evilla/sn-pointing/cat000152/pipeline/cat000152_scenario_perfect_ct_e_gt_20mev_emcee.npz
✓ cat000152 completed successfully
