==================================================================
Processing cat000184 with EMCEE - ALL SCENARIOS
==================================================================
======================================================================
EMCEE RECONSTRUCTION FOR cat000184
======================================================================

Loading PDF from: /eos/home-e/evilla/dune/sn-tps/neural_networks/electron_direction/three_plane_three_plane_v58_200k_lr_schedule_20251118_110931/cosine_energy_pdf.npz
PDF loaded

======================================================================
SCENARIO (EMCEE): PERFECT_CT
======================================================================

Loaded 3428 matched clusters across U, V, X planes
Selected clusters: 224
Running emcee: 64 walkers × 2000 steps...
Acceptance fraction: 12.3%
Mean direction: θ=-175.37°, φ=95.09°
Uncertainties: Δθ=18.19°, Δφ=14.78°
68% credible angle: 26.95°

Angular error: 5.46°

======================================================================
SCENARIO (EMCEE): ES_MAIN_CC_SHOWER
======================================================================

Loaded 3428 matched clusters across U, V, X planes
Selected clusters: 224
Running emcee: 64 walkers × 2000 steps...
Acceptance fraction: 9.9%
Mean direction: θ=-174.34°, φ=93.96°
Uncertainties: Δθ=18.11°, Δφ=18.35°
68% credible angle: 32.99°

Angular error: 6.75°

======================================================================
SCENARIO (EMCEE): ES_MAIN_CC_ALL
======================================================================

Loaded 3428 matched clusters across U, V, X planes
Selected clusters: 224
Running emcee: 64 walkers × 2000 steps...
Acceptance fraction: 11.7%
Mean direction: θ=-175.19°, φ=93.90°
Uncertainties: Δθ=18.34°, Δφ=14.21°
68% credible angle: 26.60°

Angular error: 6.66°

======================================================================
SCENARIO (EMCEE): ES_ALL_CC_SHOWER
======================================================================

Loaded 3428 matched clusters across U, V, X planes
Selected clusters: 224
Running emcee: 64 walkers × 2000 steps...
Acceptance fraction: 11.8%
Mean direction: θ=-174.51°, φ=99.47°
Uncertainties: Δθ=18.31°, Δφ=15.47°
68% credible angle: 27.25°

Angular error: 1.72°

======================================================================
SCENARIO (EMCEE): ES_ALL_CC_ALL
======================================================================

Loaded 3428 matched clusters across U, V, X planes
Selected clusters: 224
Running emcee: 64 walkers × 2000 steps...
Acceptance fraction: 10.1%
Mean direction: θ=-171.66°, φ=96.12°
Uncertainties: Δθ=18.46°, Δφ=15.36°
68% credible angle: 23.94°

Angular error: 6.07°

======================================================================
SCENARIO (EMCEE): ALL_TRACKS_ALL_SHOWERS
======================================================================

Loaded 3428 matched clusters across U, V, X planes
Selected clusters: 3428
Running emcee: 64 walkers × 2000 steps...
Acceptance fraction: 4.2%
Mean direction: θ=-155.16°, φ=94.53°
Uncertainties: Δθ=50.42°, Δφ=24.09°
68% credible angle: 45.52°

Angular error: 21.39°

✓ Saved: /eos/project-e/ep-nu/evilla/sn-pointing/cat000184/pipeline/cat000184_scenario_perfect_ct_emcee.npz

✓ Saved: /eos/project-e/ep-nu/evilla/sn-pointing/cat000184/pipeline/cat000184_scenario_es_main_cc_shower_emcee.npz

✓ Saved: /eos/project-e/ep-nu/evilla/sn-pointing/cat000184/pipeline/cat000184_scenario_es_main_cc_all_emcee.npz

✓ Saved: /eos/project-e/ep-nu/evilla/sn-pointing/cat000184/pipeline/cat000184_scenario_es_all_cc_shower_emcee.npz

✓ Saved: /eos/project-e/ep-nu/evilla/sn-pointing/cat000184/pipeline/cat000184_scenario_es_all_cc_all_emcee.npz

✓ Saved: /eos/project-e/ep-nu/evilla/sn-pointing/cat000184/pipeline/cat000184_scenario_all_tracks_all_showers_emcee.npz
✓ cat000184 completed successfully
