Processing cat000102 with 6 scenarios...
Cat directory: /eos/project-e/ep-nu/evilla/sn-pointing/cat000102
======================================================================
EMCEE RECONSTRUCTION FOR cat000102
======================================================================

Loading PDF from: /eos/home-e/evilla/dune/sn-tps/neural_networks/electron_direction/three_plane_three_plane_v58_200k_lr_schedule_20251118_110931/cosine_energy_pdf.npz
PDF loaded

======================================================================
SCENARIO (EMCEE): BEST_CASE
======================================================================

Loaded 3398 matched main-track clusters across U, V, X planes
Selected 237 ES main tracks
After E > 3 MeV cut: 237 clusters
Running emcee: 64 walkers × 2000 steps...
Acceptance fraction: 11.1%
Mean direction: θ=-157.81°, φ=101.85°
Uncertainties: Δθ=30.17°, Δφ=18.93°
68% credible angle: 33.05°

Angular error: 14.45°

======================================================================
SCENARIO (EMCEE): PERFECT_CT
======================================================================

Loaded 3398 matched main-track clusters across U, V, X planes
Selected 237 ES main tracks
Loading ED model from: /eos/home-e/evilla/dune/sn-tps/neural_networks/electron_direction/three_plane_three_plane_v58_200k_lr_schedule_20251118_110931/checkpoints/model_epoch_12_val_loss_0.8898.keras
Running ED inference...
After energy cut: 237 clusters
Running emcee: 64 walkers × 2000 steps...
Acceptance fraction: 7.9%
Mean direction: θ=-156.61°, φ=103.15°
Uncertainties: Δθ=29.31°, Δφ=14.10°
68% credible angle: 33.23°

Angular error: 13.26°

======================================================================
SCENARIO (EMCEE): FULL_PIPELINE
======================================================================

Loaded 3398 matched main-track clusters across U, V, X planes
Using all 3398 main-track clusters
Loading CT model from: /eos/user/e/evilla/dune/sn-tps/neural_networks/channel_tagging/ct_volume_v52_batch_reload_20251116_101125/best_model.keras
Running CT inference...
CT selected 3077 ES candidates from 3398 clusters
  ES prob range: [0.000, 1.000]
Loading ED model from: /eos/home-e/evilla/dune/sn-tps/neural_networks/electron_direction/three_plane_three_plane_v58_200k_lr_schedule_20251118_110931/checkpoints/model_epoch_12_val_loss_0.8898.keras
Running ED inference on 3077 clusters...
After E > 3 MeV cut: 3056 clusters
Running emcee: 64 walkers × 2000 steps...
Acceptance fraction: 4.9%
Mean direction: θ=-162.74°, φ=99.57°
Uncertainties: Δθ=68.50°, Δφ=27.55°
68% credible angle: 61.21°

Angular error: 19.52°

======================================================================
SCENARIO (EMCEE): WEIGHTED_CT
======================================================================

Loaded 3398 matched main-track clusters across U, V, X planes
Using all 3398 main-track clusters
Loading CT model from: /eos/user/e/evilla/dune/sn-tps/neural_networks/channel_tagging/ct_volume_v52_batch_reload_20251116_101125/best_model.keras
Running CT inference...
CT selected 3077 ES candidates from 3398 clusters
  ES prob range: [0.000, 1.000]
Loading ED model from: /eos/home-e/evilla/dune/sn-tps/neural_networks/electron_direction/three_plane_three_plane_v58_200k_lr_schedule_20251118_110931/checkpoints/model_epoch_12_val_loss_0.8898.keras
Running ED inference on 3077 clusters...
Using CT weights (ES probabilities)
After E > 3 MeV cut: 3056 clusters
Running weighted MCMC with 3056 weights
Running emcee: 64 walkers × 2000 steps...
Acceptance fraction: 5.2%
Mean direction: θ=175.47°, φ=107.19°
Uncertainties: Δθ=54.94°, Δφ=24.33°
68% credible angle: 55.09°

Angular error: 40.34°

======================================================================
SCENARIO (EMCEE): PERFECT_CT_E_GT_10MEV
======================================================================

Loaded 3398 matched main-track clusters across U, V, X planes
Selected 237 ES main tracks
Loading ED model from: /eos/home-e/evilla/dune/sn-tps/neural_networks/electron_direction/three_plane_three_plane_v58_200k_lr_schedule_20251118_110931/checkpoints/model_epoch_12_val_loss_0.8898.keras
Running ED inference...
Applying E > 10 MeV cut
After energy cut: 144 clusters
Running emcee: 64 walkers × 2000 steps...
Acceptance fraction: 8.7%
Mean direction: θ=-161.71°, φ=99.06°
Uncertainties: Δθ=25.31°, Δφ=14.28°
68% credible angle: 32.69°

Angular error: 18.63°

======================================================================
SCENARIO (EMCEE): PERFECT_CT_E_GT_20MEV
======================================================================

Loaded 3398 matched main-track clusters across U, V, X planes
Selected 237 ES main tracks
Loading ED model from: /eos/home-e/evilla/dune/sn-tps/neural_networks/electron_direction/three_plane_three_plane_v58_200k_lr_schedule_20251118_110931/checkpoints/model_epoch_12_val_loss_0.8898.keras
Running ED inference...
Applying E > 20 MeV cut
After energy cut: 32 clusters
Running emcee: 64 walkers × 2000 steps...
Acceptance fraction: 16.0%
Mean direction: θ=-172.24°, φ=94.96°
Uncertainties: Δθ=16.76°, Δφ=12.22°
68% credible angle: 20.85°

Angular error: 29.77°

✓ Saved: /eos/project-e/ep-nu/evilla/sn-pointing/cat000102/pipeline/cat000102_scenario_best_case_emcee.npz

✓ Saved: /eos/project-e/ep-nu/evilla/sn-pointing/cat000102/pipeline/cat000102_scenario_perfect_ct_emcee.npz

✓ Saved: /eos/project-e/ep-nu/evilla/sn-pointing/cat000102/pipeline/cat000102_scenario_full_pipeline_emcee.npz

✓ Saved: /eos/project-e/ep-nu/evilla/sn-pointing/cat000102/pipeline/cat000102_scenario_weighted_ct_emcee.npz

✓ Saved: /eos/project-e/ep-nu/evilla/sn-pointing/cat000102/pipeline/cat000102_scenario_perfect_ct_e_gt_10mev_emcee.npz

✓ Saved: /eos/project-e/ep-nu/evilla/sn-pointing/cat000102/pipeline/cat000102_scenario_perfect_ct_e_gt_20mev_emcee.npz
✓ cat000102 completed successfully
