Processing cat000311 with 6 scenarios...
Cat directory: /eos/project-e/ep-nu/evilla/sn-pointing/cat000311
======================================================================
EMCEE RECONSTRUCTION FOR cat000311
======================================================================

Loading PDF from: /eos/home-e/evilla/dune/sn-tps/neural_networks/electron_direction/three_plane_three_plane_v58_200k_lr_schedule_20251118_110931/cosine_energy_pdf.npz
PDF loaded

======================================================================
SCENARIO (EMCEE): BEST_CASE
======================================================================

Loaded 3453 matched main-track clusters across U, V, X planes
Selected 302 ES main tracks
After E > 3 MeV cut: 301 clusters
Running emcee: 64 walkers × 2000 steps...
Acceptance fraction: 6.2%
Mean direction: θ=102.36°, φ=70.88°
Uncertainties: Δθ=54.16°, Δφ=26.55°
68% credible angle: 30.83°

Angular error: 2.67°

======================================================================
SCENARIO (EMCEE): PERFECT_CT
======================================================================

Loaded 3453 matched main-track clusters across U, V, X planes
Selected 302 ES main tracks
Loading ED model from: /eos/home-e/evilla/dune/sn-tps/neural_networks/electron_direction/three_plane_three_plane_v58_200k_lr_schedule_20251118_110931/checkpoints/model_epoch_12_val_loss_0.8898.keras
Running ED inference...
After energy cut: 301 clusters
Running emcee: 64 walkers × 2000 steps...
Acceptance fraction: 6.8%
Mean direction: θ=148.80°, φ=62.85°
Uncertainties: Δθ=49.34°, Δφ=21.72°
68% credible angle: 36.05°

Angular error: 45.86°

======================================================================
SCENARIO (EMCEE): FULL_PIPELINE
======================================================================

Loaded 3453 matched main-track clusters across U, V, X planes
Using all 3453 main-track clusters
Loading CT model from: /eos/user/e/evilla/dune/sn-tps/neural_networks/channel_tagging/ct_volume_v52_batch_reload_20251116_101125/best_model.keras
Running CT inference...
CT selected 3140 ES candidates from 3453 clusters
  ES prob range: [0.000, 1.000]
Loading ED model from: /eos/home-e/evilla/dune/sn-tps/neural_networks/electron_direction/three_plane_three_plane_v58_200k_lr_schedule_20251118_110931/checkpoints/model_epoch_12_val_loss_0.8898.keras
Running ED inference on 3140 clusters...
After E > 3 MeV cut: 3117 clusters
Running emcee: 64 walkers × 2000 steps...
Acceptance fraction: 3.4%
Mean direction: θ=149.98°, φ=95.70°
Uncertainties: Δθ=74.53°, Δφ=32.65°
68% credible angle: 81.97°

Angular error: 55.27°

======================================================================
SCENARIO (EMCEE): WEIGHTED_CT
======================================================================

Loaded 3453 matched main-track clusters across U, V, X planes
Using all 3453 main-track clusters
Loading CT model from: /eos/user/e/evilla/dune/sn-tps/neural_networks/channel_tagging/ct_volume_v52_batch_reload_20251116_101125/best_model.keras
Running CT inference...
CT selected 3140 ES candidates from 3453 clusters
  ES prob range: [0.000, 1.000]
Loading ED model from: /eos/home-e/evilla/dune/sn-tps/neural_networks/electron_direction/three_plane_three_plane_v58_200k_lr_schedule_20251118_110931/checkpoints/model_epoch_12_val_loss_0.8898.keras
Running ED inference on 3140 clusters...
Using CT weights (ES probabilities)
After E > 3 MeV cut: 3117 clusters
Running weighted MCMC with 3117 weights
Running emcee: 64 walkers × 2000 steps...
Acceptance fraction: 3.8%
Mean direction: θ=163.44°, φ=97.38°
Uncertainties: Δθ=71.25°, Δφ=31.56°
68% credible angle: 77.23°

Angular error: 68.07°

======================================================================
SCENARIO (EMCEE): PERFECT_CT_E_GT_10MEV
======================================================================

Loaded 3453 matched main-track clusters across U, V, X planes
Selected 302 ES main tracks
Loading ED model from: /eos/home-e/evilla/dune/sn-tps/neural_networks/electron_direction/three_plane_three_plane_v58_200k_lr_schedule_20251118_110931/checkpoints/model_epoch_12_val_loss_0.8898.keras
Running ED inference...
Applying E > 10 MeV cut
After energy cut: 145 clusters
Running emcee: 64 walkers × 2000 steps...
Acceptance fraction: 7.6%
Mean direction: θ=150.12°, φ=80.40°
Uncertainties: Δθ=100.67°, Δφ=21.71°
68% credible angle: 109.65°

Angular error: 49.67°

======================================================================
SCENARIO (EMCEE): PERFECT_CT_E_GT_20MEV
======================================================================

Loaded 3453 matched main-track clusters across U, V, X planes
Selected 302 ES main tracks
Loading ED model from: /eos/home-e/evilla/dune/sn-tps/neural_networks/electron_direction/three_plane_three_plane_v58_200k_lr_schedule_20251118_110931/checkpoints/model_epoch_12_val_loss_0.8898.keras
Running ED inference...
Applying E > 20 MeV cut
After energy cut: 37 clusters
Running emcee: 64 walkers × 2000 steps...
Acceptance fraction: 17.3%
Mean direction: θ=-172.77°, φ=80.65°
Uncertainties: Δθ=126.95°, Δφ=13.23°
68% credible angle: 88.28°

Angular error: 84.82°

✓ Saved: /eos/project-e/ep-nu/evilla/sn-pointing/cat000311/pipeline/cat000311_scenario_best_case_emcee.npz

✓ Saved: /eos/project-e/ep-nu/evilla/sn-pointing/cat000311/pipeline/cat000311_scenario_perfect_ct_emcee.npz

✓ Saved: /eos/project-e/ep-nu/evilla/sn-pointing/cat000311/pipeline/cat000311_scenario_full_pipeline_emcee.npz

✓ Saved: /eos/project-e/ep-nu/evilla/sn-pointing/cat000311/pipeline/cat000311_scenario_weighted_ct_emcee.npz

✓ Saved: /eos/project-e/ep-nu/evilla/sn-pointing/cat000311/pipeline/cat000311_scenario_perfect_ct_e_gt_10mev_emcee.npz

✓ Saved: /eos/project-e/ep-nu/evilla/sn-pointing/cat000311/pipeline/cat000311_scenario_perfect_ct_e_gt_20mev_emcee.npz
✓ cat000311 completed successfully
