==================================================================
Processing cat000336 with EMCEE - ALL SCENARIOS
==================================================================
======================================================================
EMCEE RECONSTRUCTION FOR cat000336
======================================================================

Loading PDF from: /eos/home-e/evilla/dune/sn-tps/neural_networks/electron_direction/three_plane_three_plane_v58_200k_lr_schedule_20251118_110931/cosine_energy_pdf.npz
PDF loaded

======================================================================
SCENARIO (EMCEE): PERFECT_CT
======================================================================

Loaded 3625 matched clusters across U, V, X planes
Selected clusters: 234
Running emcee: 64 walkers × 2000 steps...
Acceptance fraction: 12.8%
Mean direction: θ=-0.85°, φ=90.09°
Uncertainties: Δθ=20.41°, Δφ=9.95°
68% credible angle: 14.53°

Angular error: 4.85°

======================================================================
SCENARIO (EMCEE): ES_MAIN_CC_SHOWER
======================================================================

Loaded 3625 matched clusters across U, V, X planes
Selected clusters: 234
Running emcee: 64 walkers × 2000 steps...
Acceptance fraction: 11.3%
Mean direction: θ=-5.36°, φ=93.42°
Uncertainties: Δθ=28.76°, Δφ=12.81°
68% credible angle: 17.43°

Angular error: 3.19°

======================================================================
SCENARIO (EMCEE): ES_MAIN_CC_ALL
======================================================================

Loaded 3625 matched clusters across U, V, X planes
Selected clusters: 234
Running emcee: 64 walkers × 2000 steps...
Acceptance fraction: 12.6%
Mean direction: θ=-0.80°, φ=91.86°
Uncertainties: Δθ=14.65°, Δφ=9.59°
68% credible angle: 14.87°

Angular error: 5.16°

======================================================================
SCENARIO (EMCEE): ES_ALL_CC_SHOWER
======================================================================

Loaded 3625 matched clusters across U, V, X planes
Selected clusters: 234
Running emcee: 64 walkers × 2000 steps...
Acceptance fraction: 13.9%
Mean direction: θ=-1.53°, φ=90.59°
Uncertainties: Δθ=14.54°, Δφ=9.51°
68% credible angle: 16.62°

Angular error: 4.18°

======================================================================
SCENARIO (EMCEE): ES_ALL_CC_ALL
======================================================================

Loaded 3625 matched clusters across U, V, X planes
Selected clusters: 234
Running emcee: 64 walkers × 2000 steps...
Acceptance fraction: 11.4%
Mean direction: θ=-5.53°, φ=94.46°
Uncertainties: Δθ=28.98°, Δφ=13.10°
68% credible angle: 17.91°

Angular error: 4.22°

======================================================================
SCENARIO (EMCEE): ALL_TRACKS_ALL_SHOWERS
======================================================================

Loaded 3625 matched clusters across U, V, X planes
Selected clusters: 3625
Running emcee: 64 walkers × 2000 steps...
Acceptance fraction: 2.7%
Mean direction: θ=-123.34°, φ=95.39°
Uncertainties: Δθ=78.48°, Δφ=30.41°
68% credible angle: 78.56°

Angular error: 117.49°

✓ Saved: /eos/project-e/ep-nu/evilla/sn-pointing/cat000336/pipeline/cat000336_scenario_perfect_ct_emcee.npz

✓ Saved: /eos/project-e/ep-nu/evilla/sn-pointing/cat000336/pipeline/cat000336_scenario_es_main_cc_shower_emcee.npz

✓ Saved: /eos/project-e/ep-nu/evilla/sn-pointing/cat000336/pipeline/cat000336_scenario_es_main_cc_all_emcee.npz

✓ Saved: /eos/project-e/ep-nu/evilla/sn-pointing/cat000336/pipeline/cat000336_scenario_es_all_cc_shower_emcee.npz

✓ Saved: /eos/project-e/ep-nu/evilla/sn-pointing/cat000336/pipeline/cat000336_scenario_es_all_cc_all_emcee.npz

✓ Saved: /eos/project-e/ep-nu/evilla/sn-pointing/cat000336/pipeline/cat000336_scenario_all_tracks_all_showers_emcee.npz
✓ cat000336 completed successfully
