Processing cat000431 with 6 scenarios...
Cat directory: /eos/project-e/ep-nu/evilla/sn-pointing/cat000431
======================================================================
EMCEE RECONSTRUCTION FOR cat000431
======================================================================

Loading PDF from: /eos/home-e/evilla/dune/sn-tps/neural_networks/electron_direction/three_plane_three_plane_v58_200k_lr_schedule_20251118_110931/cosine_energy_pdf.npz
PDF loaded

======================================================================
SCENARIO (EMCEE): BEST_CASE
======================================================================

Loaded 3695 matched main-track clusters across U, V, X planes
Selected 267 ES main tracks
After E > 3 MeV cut: 267 clusters
Running emcee: 64 walkers × 2000 steps...
Acceptance fraction: 12.1%
Mean direction: θ=-166.10°, φ=59.91°
Uncertainties: Δθ=29.27°, Δφ=17.23°
68% credible angle: 27.54°

Angular error: 10.19°

======================================================================
SCENARIO (EMCEE): PERFECT_CT
======================================================================

Loaded 3695 matched main-track clusters across U, V, X planes
Selected 267 ES main tracks
Loading ED model from: /eos/home-e/evilla/dune/sn-tps/neural_networks/electron_direction/three_plane_three_plane_v58_200k_lr_schedule_20251118_110931/checkpoints/model_epoch_12_val_loss_0.8898.keras
Running ED inference...
After energy cut: 267 clusters
Running emcee: 64 walkers × 2000 steps...
Acceptance fraction: 11.8%
Mean direction: θ=-176.02°, φ=64.19°
Uncertainties: Δθ=18.09°, Δφ=16.14°
68% credible angle: 23.96°

Angular error: 19.91°

======================================================================
SCENARIO (EMCEE): FULL_PIPELINE
======================================================================

Loaded 3695 matched main-track clusters across U, V, X planes
Using all 3695 main-track clusters
Loading CT model from: /eos/user/e/evilla/dune/sn-tps/neural_networks/channel_tagging/ct_volume_v52_batch_reload_20251116_101125/best_model.keras
Running CT inference...
CT selected 3366 ES candidates from 3695 clusters
  ES prob range: [0.000, 1.000]
Loading ED model from: /eos/home-e/evilla/dune/sn-tps/neural_networks/electron_direction/three_plane_three_plane_v58_200k_lr_schedule_20251118_110931/checkpoints/model_epoch_12_val_loss_0.8898.keras
Running ED inference on 3366 clusters...
After E > 3 MeV cut: 3349 clusters
Running emcee: 64 walkers × 2000 steps...
Acceptance fraction: 3.9%
Mean direction: θ=-175.37°, φ=86.95°
Uncertainties: Δθ=68.07°, Δφ=31.94°
68% credible angle: 69.34°

Angular error: 35.56°

======================================================================
SCENARIO (EMCEE): WEIGHTED_CT
======================================================================

Loaded 3695 matched main-track clusters across U, V, X planes
Using all 3695 main-track clusters
Loading CT model from: /eos/user/e/evilla/dune/sn-tps/neural_networks/channel_tagging/ct_volume_v52_batch_reload_20251116_101125/best_model.keras
Running CT inference...
CT selected 3366 ES candidates from 3695 clusters
  ES prob range: [0.000, 1.000]
Loading ED model from: /eos/home-e/evilla/dune/sn-tps/neural_networks/electron_direction/three_plane_three_plane_v58_200k_lr_schedule_20251118_110931/checkpoints/model_epoch_12_val_loss_0.8898.keras
Running ED inference on 3366 clusters...
Using CT weights (ES probabilities)
After E > 3 MeV cut: 3349 clusters
Running weighted MCMC with 3349 weights
Running emcee: 64 walkers × 2000 steps...
Acceptance fraction: 4.4%
Mean direction: θ=-141.32°, φ=85.71°
Uncertainties: Δθ=54.69°, Δφ=27.66°
68% credible angle: 49.40°

Angular error: 31.10°

======================================================================
SCENARIO (EMCEE): PERFECT_CT_E_GT_10MEV
======================================================================

Loaded 3695 matched main-track clusters across U, V, X planes
Selected 267 ES main tracks
Loading ED model from: /eos/home-e/evilla/dune/sn-tps/neural_networks/electron_direction/three_plane_three_plane_v58_200k_lr_schedule_20251118_110931/checkpoints/model_epoch_12_val_loss_0.8898.keras
Running ED inference...
Applying E > 10 MeV cut
After energy cut: 147 clusters
Running emcee: 64 walkers × 2000 steps...
Acceptance fraction: 11.4%
Mean direction: θ=-174.00°, φ=59.97°
Uncertainties: Δθ=28.06°, Δφ=26.34°
68% credible angle: 23.20°

Angular error: 16.78°

======================================================================
SCENARIO (EMCEE): PERFECT_CT_E_GT_20MEV
======================================================================

Loaded 3695 matched main-track clusters across U, V, X planes
Selected 267 ES main tracks
Loading ED model from: /eos/home-e/evilla/dune/sn-tps/neural_networks/electron_direction/three_plane_three_plane_v58_200k_lr_schedule_20251118_110931/checkpoints/model_epoch_12_val_loss_0.8898.keras
Running ED inference...
Applying E > 20 MeV cut
After energy cut: 36 clusters
Running emcee: 64 walkers × 2000 steps...
Acceptance fraction: 10.0%
Mean direction: θ=175.05°, φ=66.45°
Uncertainties: Δθ=59.48°, Δφ=26.93°
68% credible angle: 31.15°

Angular error: 28.20°

✓ Saved: /eos/project-e/ep-nu/evilla/sn-pointing/cat000431/pipeline/cat000431_scenario_best_case_emcee.npz

✓ Saved: /eos/project-e/ep-nu/evilla/sn-pointing/cat000431/pipeline/cat000431_scenario_perfect_ct_emcee.npz

✓ Saved: /eos/project-e/ep-nu/evilla/sn-pointing/cat000431/pipeline/cat000431_scenario_full_pipeline_emcee.npz

✓ Saved: /eos/project-e/ep-nu/evilla/sn-pointing/cat000431/pipeline/cat000431_scenario_weighted_ct_emcee.npz

✓ Saved: /eos/project-e/ep-nu/evilla/sn-pointing/cat000431/pipeline/cat000431_scenario_perfect_ct_e_gt_10mev_emcee.npz

✓ Saved: /eos/project-e/ep-nu/evilla/sn-pointing/cat000431/pipeline/cat000431_scenario_perfect_ct_e_gt_20mev_emcee.npz
✓ cat000431 completed successfully
