Processing cat000403 with 6 scenarios...
Cat directory: /eos/project-e/ep-nu/evilla/sn-pointing/cat000403
======================================================================
EMCEE RECONSTRUCTION FOR cat000403
======================================================================

Loading PDF from: /eos/home-e/evilla/dune/sn-tps/neural_networks/electron_direction/three_plane_three_plane_v58_200k_lr_schedule_20251118_110931/cosine_energy_pdf.npz
PDF loaded

======================================================================
SCENARIO (EMCEE): BEST_CASE
======================================================================

Loaded 3861 matched main-track clusters across U, V, X planes
Selected 287 ES main tracks
After E > 3 MeV cut: 287 clusters
Running emcee: 64 walkers × 2000 steps...
Acceptance fraction: 8.9%
Mean direction: θ=-133.60°, φ=128.74°
Uncertainties: Δθ=44.74°, Δφ=24.89°
68% credible angle: 41.54°

Angular error: 20.72°

======================================================================
SCENARIO (EMCEE): PERFECT_CT
======================================================================

Loaded 3861 matched main-track clusters across U, V, X planes
Selected 287 ES main tracks
Loading ED model from: /eos/home-e/evilla/dune/sn-tps/neural_networks/electron_direction/three_plane_three_plane_v58_200k_lr_schedule_20251118_110931/checkpoints/model_epoch_12_val_loss_0.8898.keras
Running ED inference...
After energy cut: 287 clusters
Running emcee: 64 walkers × 2000 steps...
Acceptance fraction: 8.0%
Mean direction: θ=-139.52°, φ=139.94°
Uncertainties: Δθ=47.08°, Δφ=22.66°
68% credible angle: 36.87°

Angular error: 24.44°

======================================================================
SCENARIO (EMCEE): FULL_PIPELINE
======================================================================

Loaded 3861 matched main-track clusters across U, V, X planes
Using all 3861 main-track clusters
Loading CT model from: /eos/user/e/evilla/dune/sn-tps/neural_networks/channel_tagging/ct_volume_v52_batch_reload_20251116_101125/best_model.keras
Running CT inference...
CT selected 3524 ES candidates from 3861 clusters
  ES prob range: [0.000, 1.000]
Loading ED model from: /eos/home-e/evilla/dune/sn-tps/neural_networks/electron_direction/three_plane_three_plane_v58_200k_lr_schedule_20251118_110931/checkpoints/model_epoch_12_val_loss_0.8898.keras
Running ED inference on 3524 clusters...
After E > 3 MeV cut: 3505 clusters
Running emcee: 64 walkers × 2000 steps...
Acceptance fraction: 5.3%
Mean direction: θ=-156.34°, φ=115.55°
Uncertainties: Δθ=58.94°, Δφ=27.43°
68% credible angle: 51.22°

Angular error: 43.67°

======================================================================
SCENARIO (EMCEE): WEIGHTED_CT
======================================================================

Loaded 3861 matched main-track clusters across U, V, X planes
Using all 3861 main-track clusters
Loading CT model from: /eos/user/e/evilla/dune/sn-tps/neural_networks/channel_tagging/ct_volume_v52_batch_reload_20251116_101125/best_model.keras
Running CT inference...
CT selected 3524 ES candidates from 3861 clusters
  ES prob range: [0.000, 1.000]
Loading ED model from: /eos/home-e/evilla/dune/sn-tps/neural_networks/electron_direction/three_plane_three_plane_v58_200k_lr_schedule_20251118_110931/checkpoints/model_epoch_12_val_loss_0.8898.keras
Running ED inference on 3524 clusters...
Using CT weights (ES probabilities)
After E > 3 MeV cut: 3505 clusters
Running weighted MCMC with 3505 weights
Running emcee: 64 walkers × 2000 steps...
Acceptance fraction: 7.3%
Mean direction: θ=-156.86°, φ=124.96°
Uncertainties: Δθ=59.88°, Δφ=20.28°
68% credible angle: 56.41°

Angular error: 39.47°

======================================================================
SCENARIO (EMCEE): PERFECT_CT_E_GT_10MEV
======================================================================

Loaded 3861 matched main-track clusters across U, V, X planes
Selected 287 ES main tracks
Loading ED model from: /eos/home-e/evilla/dune/sn-tps/neural_networks/electron_direction/three_plane_three_plane_v58_200k_lr_schedule_20251118_110931/checkpoints/model_epoch_12_val_loss_0.8898.keras
Running ED inference...
Applying E > 10 MeV cut
After energy cut: 148 clusters
Running emcee: 64 walkers × 2000 steps...
Acceptance fraction: 9.7%
Mean direction: θ=-138.68°, φ=138.25°
Uncertainties: Δθ=43.92°, Δφ=12.21°
68% credible angle: 27.70°

Angular error: 23.68°

======================================================================
SCENARIO (EMCEE): PERFECT_CT_E_GT_20MEV
======================================================================

Loaded 3861 matched main-track clusters across U, V, X planes
Selected 287 ES main tracks
Loading ED model from: /eos/home-e/evilla/dune/sn-tps/neural_networks/electron_direction/three_plane_three_plane_v58_200k_lr_schedule_20251118_110931/checkpoints/model_epoch_12_val_loss_0.8898.keras
Running ED inference...
Applying E > 20 MeV cut
After energy cut: 28 clusters
Running emcee: 64 walkers × 2000 steps...
Acceptance fraction: 24.2%
Mean direction: θ=-158.43°, φ=149.20°
Uncertainties: Δθ=31.35°, Δφ=13.36°
68% credible angle: 18.58°

Angular error: 36.56°

✓ Saved: /eos/project-e/ep-nu/evilla/sn-pointing/cat000403/pipeline/cat000403_scenario_best_case_emcee.npz

✓ Saved: /eos/project-e/ep-nu/evilla/sn-pointing/cat000403/pipeline/cat000403_scenario_perfect_ct_emcee.npz

✓ Saved: /eos/project-e/ep-nu/evilla/sn-pointing/cat000403/pipeline/cat000403_scenario_full_pipeline_emcee.npz

✓ Saved: /eos/project-e/ep-nu/evilla/sn-pointing/cat000403/pipeline/cat000403_scenario_weighted_ct_emcee.npz

✓ Saved: /eos/project-e/ep-nu/evilla/sn-pointing/cat000403/pipeline/cat000403_scenario_perfect_ct_e_gt_10mev_emcee.npz

✓ Saved: /eos/project-e/ep-nu/evilla/sn-pointing/cat000403/pipeline/cat000403_scenario_perfect_ct_e_gt_20mev_emcee.npz
✓ cat000403 completed successfully
