Processing cat000244 with 6 scenarios...
Cat directory: /eos/project-e/ep-nu/evilla/sn-pointing/cat000244
======================================================================
EMCEE RECONSTRUCTION FOR cat000244
======================================================================

Loading PDF from: /eos/home-e/evilla/dune/sn-tps/neural_networks/electron_direction/three_plane_three_plane_v58_200k_lr_schedule_20251118_110931/cosine_energy_pdf.npz
PDF loaded

======================================================================
SCENARIO (EMCEE): BEST_CASE
======================================================================

Loaded 3778 matched main-track clusters across U, V, X planes
Selected 280 ES main tracks
After E > 3 MeV cut: 280 clusters
Running emcee: 64 walkers × 2000 steps...
Acceptance fraction: 10.5%
Mean direction: θ=21.28°, φ=72.15°
Uncertainties: Δθ=49.66°, Δφ=26.16°
68% credible angle: 20.99°

Angular error: 22.61°

======================================================================
SCENARIO (EMCEE): PERFECT_CT
======================================================================

Loaded 3778 matched main-track clusters across U, V, X planes
Selected 280 ES main tracks
Loading ED model from: /eos/home-e/evilla/dune/sn-tps/neural_networks/electron_direction/three_plane_three_plane_v58_200k_lr_schedule_20251118_110931/checkpoints/model_epoch_12_val_loss_0.8898.keras
Running ED inference...
After energy cut: 280 clusters
Running emcee: 64 walkers × 2000 steps...
Acceptance fraction: 14.0%
Mean direction: θ=22.86°, φ=57.92°
Uncertainties: Δθ=26.50°, Δφ=18.88°
68% credible angle: 30.87°

Angular error: 11.68°

======================================================================
SCENARIO (EMCEE): FULL_PIPELINE
======================================================================

Loaded 3778 matched main-track clusters across U, V, X planes
Using all 3778 main-track clusters
Loading CT model from: /eos/user/e/evilla/dune/sn-tps/neural_networks/channel_tagging/ct_volume_v52_batch_reload_20251116_101125/best_model.keras
Running CT inference...
CT selected 3425 ES candidates from 3778 clusters
  ES prob range: [0.000, 1.000]
Loading ED model from: /eos/home-e/evilla/dune/sn-tps/neural_networks/electron_direction/three_plane_three_plane_v58_200k_lr_schedule_20251118_110931/checkpoints/model_epoch_12_val_loss_0.8898.keras
Running ED inference on 3425 clusters...
After E > 3 MeV cut: 3408 clusters
Running emcee: 64 walkers × 2000 steps...
Acceptance fraction: 4.4%
Mean direction: θ=-106.61°, φ=75.61°
Uncertainties: Δθ=87.19°, Δφ=37.52°
68% credible angle: 93.87°

Angular error: 118.22°

======================================================================
SCENARIO (EMCEE): WEIGHTED_CT
======================================================================

Loaded 3778 matched main-track clusters across U, V, X planes
Using all 3778 main-track clusters
Loading CT model from: /eos/user/e/evilla/dune/sn-tps/neural_networks/channel_tagging/ct_volume_v52_batch_reload_20251116_101125/best_model.keras
Running CT inference...
CT selected 3425 ES candidates from 3778 clusters
  ES prob range: [0.000, 1.000]
Loading ED model from: /eos/home-e/evilla/dune/sn-tps/neural_networks/electron_direction/three_plane_three_plane_v58_200k_lr_schedule_20251118_110931/checkpoints/model_epoch_12_val_loss_0.8898.keras
Running ED inference on 3425 clusters...
Using CT weights (ES probabilities)
After E > 3 MeV cut: 3408 clusters
Running weighted MCMC with 3408 weights
Running emcee: 64 walkers × 2000 steps...
Acceptance fraction: 5.4%
Mean direction: θ=-49.90°, φ=75.38°
Uncertainties: Δθ=139.42°, Δφ=40.73°
68% credible angle: 89.75°

Angular error: 78.17°

======================================================================
SCENARIO (EMCEE): PERFECT_CT_E_GT_10MEV
======================================================================

Loaded 3778 matched main-track clusters across U, V, X planes
Selected 280 ES main tracks
Loading ED model from: /eos/home-e/evilla/dune/sn-tps/neural_networks/electron_direction/three_plane_three_plane_v58_200k_lr_schedule_20251118_110931/checkpoints/model_epoch_12_val_loss_0.8898.keras
Running ED inference...
Applying E > 10 MeV cut
After energy cut: 157 clusters
Running emcee: 64 walkers × 2000 steps...
Acceptance fraction: 11.5%
Mean direction: θ=21.89°, φ=57.01°
Uncertainties: Δθ=23.78°, Δφ=19.20°
68% credible angle: 30.50°

Angular error: 12.09°

======================================================================
SCENARIO (EMCEE): PERFECT_CT_E_GT_20MEV
======================================================================

Loaded 3778 matched main-track clusters across U, V, X planes
Selected 280 ES main tracks
Loading ED model from: /eos/home-e/evilla/dune/sn-tps/neural_networks/electron_direction/three_plane_three_plane_v58_200k_lr_schedule_20251118_110931/checkpoints/model_epoch_12_val_loss_0.8898.keras
Running ED inference...
Applying E > 20 MeV cut
After energy cut: 34 clusters
Running emcee: 64 walkers × 2000 steps...
Acceptance fraction: 20.1%
Mean direction: θ=12.64°, φ=70.28°
Uncertainties: Δθ=61.20°, Δφ=27.74°
68% credible angle: 29.68°

Angular error: 26.38°

✓ Saved: /eos/project-e/ep-nu/evilla/sn-pointing/cat000244/pipeline/cat000244_scenario_best_case_emcee.npz

✓ Saved: /eos/project-e/ep-nu/evilla/sn-pointing/cat000244/pipeline/cat000244_scenario_perfect_ct_emcee.npz

✓ Saved: /eos/project-e/ep-nu/evilla/sn-pointing/cat000244/pipeline/cat000244_scenario_full_pipeline_emcee.npz

✓ Saved: /eos/project-e/ep-nu/evilla/sn-pointing/cat000244/pipeline/cat000244_scenario_weighted_ct_emcee.npz

✓ Saved: /eos/project-e/ep-nu/evilla/sn-pointing/cat000244/pipeline/cat000244_scenario_perfect_ct_e_gt_10mev_emcee.npz

✓ Saved: /eos/project-e/ep-nu/evilla/sn-pointing/cat000244/pipeline/cat000244_scenario_perfect_ct_e_gt_20mev_emcee.npz
✓ cat000244 completed successfully
