000 (13791725.426.000) 11/20 10:34:58 Job submitted from host: <188.184.90.62:9618?addrs=188.184.90.62-9618+[2001-1458-201-e4--100-238]-9618&alias=bigbird16.cern.ch&noUDP&sock=schedd_5196_9a2f>
...
040 (13791725.426.000) 11/20 11:29:44 Started transferring input files
	Transferring to host: <188.184.195.125:9618?addrs=188.184.195.125-9618+[2001-1458-301-72--100-46]-9618&alias=b9g47n4484.cern.ch&noUDP&sock=slot1_1_1118192_2b98_347>
...
040 (13791725.426.000) 11/20 11:29:44 Finished transferring input files
...
001 (13791725.426.000) 11/20 11:29:45 Job executing on host: <188.184.195.125:9618?addrs=188.184.195.125-9618+[2001-1458-301-72--100-46]-9618&alias=b9g47n4484.cern.ch&noUDP&sock=startd_18735_3aec>
	SlotName: slot1_1@b9g47n4484.cern.ch
	AvailableGPUs = { GPUs_GPU_af018eac }
	CondorScratchDir = "/pool/condor/dir_1197018"
	Cpus = 11
	Disk = 4195329
	GPUs = 1
	GPUs_GPU_af018eac = [ Id = "GPU-af018eac"; ClockMhz = 1590.0; Capability = 7.5; CoresPerCU = 64; DeviceName = "Tesla T4"; DeviceUuid = "af018eac-0217-6a0c-1f02-a7671647c0bf"; ECCEnabled = true; ComputeUnits = 40; DriverVersion = 13.0; DevicePciBusId = "0000:07:00.0"; GlobalMemoryMb = 14913; MaxSupportedVersion = 13000 ]
	Memory = 33000
...
006 (13791725.426.000) 11/20 11:29:58 Image size of job updated: 302688
	296  -  MemoryUsage of job (MB)
	302688  -  ResidentSetSize of job (KB)
...
006 (13791725.426.000) 11/20 11:34:10 Image size of job updated: 1637124
	296  -  MemoryUsage of job (MB)
	302688  -  ResidentSetSize of job (KB)
...
040 (13791725.426.000) 11/20 11:34:10 Started transferring output files
...
040 (13791725.426.000) 11/20 11:34:10 Finished transferring output files
...
005 (13791725.426.000) 11/20 11:34:10 Job terminated.
	(1) Normal termination (return value 0)
		Usr 0 00:08:07, Sys 0 00:00:26  -  Run Remote Usage
		Usr 0 00:00:00, Sys 0 00:00:00  -  Run Local Usage
		Usr 0 00:08:07, Sys 0 00:00:26  -  Total Remote Usage
		Usr 0 00:00:00, Sys 0 00:00:00  -  Total Local Usage
	18088  -  Run Bytes Sent By Job
	1411571  -  Run Bytes Received By Job
	18088  -  Total Bytes Sent By Job
	1411571  -  Total Bytes Received By Job
	Partitionable Resources :    Usage  Request Allocated Assigned
	   Cpus                 :     0.99       11        11 
	   Disk (KB)            :  1421     4194304   4195329 
	   GPUs                 :     0           1         1 "GPU-af018eac"
	   GpusMemory (MB)      :   451                       
	   Memory (MB)          :   296       33000     33000 
	   TimeExecute (s)      :   265                       
	   TimeSlotBusy (s)     :   266                       

	Job terminated of its own accord at 2025-11-20T10:34:10Z with exit-code 0.
...
