Processing cat000091 with 6 scenarios...
Cat directory: /eos/project-e/ep-nu/evilla/sn-pointing/cat000091
======================================================================
EMCEE RECONSTRUCTION FOR cat000091
======================================================================

Loading PDF from: /eos/home-e/evilla/dune/sn-tps/neural_networks/electron_direction/three_plane_three_plane_v58_200k_lr_schedule_20251118_110931/cosine_energy_pdf.npz
PDF loaded

======================================================================
SCENARIO (EMCEE): BEST_CASE
======================================================================

Loaded 3799 matched main-track clusters across U, V, X planes
Selected 298 ES main tracks
After E > 3 MeV cut: 298 clusters
Running emcee: 64 walkers × 2000 steps...
Acceptance fraction: 8.8%
Mean direction: θ=-92.41°, φ=87.26°
Uncertainties: Δθ=53.02°, Δφ=15.66°
68% credible angle: 26.31°

Angular error: 4.40°

======================================================================
SCENARIO (EMCEE): PERFECT_CT
======================================================================

Loaded 3799 matched main-track clusters across U, V, X planes
Selected 298 ES main tracks
Loading ED model from: /eos/home-e/evilla/dune/sn-tps/neural_networks/electron_direction/three_plane_three_plane_v58_200k_lr_schedule_20251118_110931/checkpoints/model_epoch_12_val_loss_0.8898.keras
Running ED inference...
After energy cut: 298 clusters
Running emcee: 64 walkers × 2000 steps...
Acceptance fraction: 8.6%
Mean direction: θ=-178.83°, φ=93.46°
Uncertainties: Δθ=80.70°, Δφ=18.83°
68% credible angle: 68.30°

Angular error: 90.95°

======================================================================
SCENARIO (EMCEE): FULL_PIPELINE
======================================================================

Loaded 3799 matched main-track clusters across U, V, X planes
Using all 3799 main-track clusters
Loading CT model from: /eos/user/e/evilla/dune/sn-tps/neural_networks/charge_topology/best_model.keras

✗ full_pipeline failed: File not found: filepath=/eos/user/e/evilla/dune/sn-tps/neural_networks/charge_topology/best_model.keras. Please ensure the file is an accessible `.keras` zip file.

======================================================================
SCENARIO (EMCEE): WEIGHTED_CT
======================================================================

Loaded 3799 matched main-track clusters across U, V, X planes
Using all 3799 main-track clusters
Loading CT model from: /eos/user/e/evilla/dune/sn-tps/neural_networks/charge_topology/best_model.keras

✗ weighted_ct failed: File not found: filepath=/eos/user/e/evilla/dune/sn-tps/neural_networks/charge_topology/best_model.keras. Please ensure the file is an accessible `.keras` zip file.

======================================================================
SCENARIO (EMCEE): PERFECT_CT_E_GT_10MEV
======================================================================

Loaded 3799 matched main-track clusters across U, V, X planes
Selected 298 ES main tracks
Loading ED model from: /eos/home-e/evilla/dune/sn-tps/neural_networks/electron_direction/three_plane_three_plane_v58_200k_lr_schedule_20251118_110931/checkpoints/model_epoch_12_val_loss_0.8898.keras
Running ED inference...
Applying E > 10 MeV cut
After energy cut: 174 clusters
Running emcee: 64 walkers × 2000 steps...
Acceptance fraction: 7.3%
Mean direction: θ=-141.70°, φ=91.77°
Uncertainties: Δθ=111.19°, Δφ=17.72°
68% credible angle: 103.83°

Angular error: 53.83°

======================================================================
SCENARIO (EMCEE): PERFECT_CT_E_GT_20MEV
======================================================================

Loaded 3799 matched main-track clusters across U, V, X planes
Selected 298 ES main tracks
Loading ED model from: /eos/home-e/evilla/dune/sn-tps/neural_networks/electron_direction/three_plane_three_plane_v58_200k_lr_schedule_20251118_110931/checkpoints/model_epoch_12_val_loss_0.8898.keras
Running ED inference...
Applying E > 20 MeV cut
After energy cut: 42 clusters
Running emcee: 64 walkers × 2000 steps...
Acceptance fraction: 12.5%
Mean direction: θ=-146.23°, φ=89.66°
Uncertainties: Δθ=109.77°, Δφ=12.69°
68% credible angle: 109.59°

Angular error: 58.23°

✓ Saved: /eos/project-e/ep-nu/evilla/sn-pointing/cat000091/pipeline/cat000091_scenario_best_case_emcee.npz

✓ Saved: /eos/project-e/ep-nu/evilla/sn-pointing/cat000091/pipeline/cat000091_scenario_perfect_ct_emcee.npz

✓ Saved: /eos/project-e/ep-nu/evilla/sn-pointing/cat000091/pipeline/cat000091_scenario_perfect_ct_e_gt_10mev_emcee.npz

✓ Saved: /eos/project-e/ep-nu/evilla/sn-pointing/cat000091/pipeline/cat000091_scenario_perfect_ct_e_gt_20mev_emcee.npz
✓ cat000091 completed successfully
