==================================================================
Processing cat000094 with EMCEE - ALL SCENARIOS
==================================================================
======================================================================
EMCEE RECONSTRUCTION FOR cat000094
======================================================================

Loading PDF from: /eos/home-e/evilla/dune/sn-tps/neural_networks/electron_direction/three_plane_three_plane_v58_200k_lr_schedule_20251118_110931/cosine_energy_pdf.npz
PDF loaded

======================================================================
SCENARIO (EMCEE): PERFECT_CT
======================================================================

Loaded 3775 matched clusters across U, V, X planes
Selected clusters: 265
Running emcee: 64 walkers × 2000 steps...
Acceptance fraction: 18.0%
Mean direction: θ=48.32°, φ=30.78°
Uncertainties: Δθ=52.14°, Δφ=5.64°
68% credible angle: 29.37°

Angular error: 18.13°

======================================================================
SCENARIO (EMCEE): ES_MAIN_CC_SHOWER
======================================================================

Loaded 3775 matched clusters across U, V, X planes
Selected clusters: 265
Running emcee: 64 walkers × 2000 steps...
Acceptance fraction: 16.7%
Mean direction: θ=70.51°, φ=29.60°
Uncertainties: Δθ=50.34°, Δφ=6.10°
68% credible angle: 20.06°

Angular error: 16.05°

======================================================================
SCENARIO (EMCEE): ES_MAIN_CC_ALL
======================================================================

Loaded 3775 matched clusters across U, V, X planes
Selected clusters: 265
Running emcee: 64 walkers × 2000 steps...
Acceptance fraction: 16.6%
Mean direction: θ=61.58°, φ=29.83°
Uncertainties: Δθ=55.69°, Δφ=6.32°
68% credible angle: 23.99°

Angular error: 16.23°

======================================================================
SCENARIO (EMCEE): ES_ALL_CC_SHOWER
======================================================================

Loaded 3775 matched clusters across U, V, X planes
Selected clusters: 265
Running emcee: 64 walkers × 2000 steps...
Acceptance fraction: 15.1%
Mean direction: θ=40.42°, φ=29.42°
Uncertainties: Δθ=57.70°, Δφ=5.58°
68% credible angle: 31.33°

Angular error: 17.91°

======================================================================
SCENARIO (EMCEE): ES_ALL_CC_ALL
======================================================================

Loaded 3775 matched clusters across U, V, X planes
Selected clusters: 265
Running emcee: 64 walkers × 2000 steps...
Acceptance fraction: 15.1%
Mean direction: θ=35.69°, φ=29.73°
Uncertainties: Δθ=56.91°, Δφ=5.61°
68% credible angle: 29.78°

Angular error: 18.99°

======================================================================
SCENARIO (EMCEE): ALL_TRACKS_ALL_SHOWERS
======================================================================

Loaded 3775 matched clusters across U, V, X planes
Selected clusters: 3775
Running emcee: 64 walkers × 2000 steps...
Acceptance fraction: 4.4%
Mean direction: θ=-151.24°, φ=76.57°
Uncertainties: Δθ=75.76°, Δφ=44.41°
68% credible angle: 75.84°

Angular error: 87.62°

✓ Saved: /eos/project-e/ep-nu/evilla/sn-pointing/cat000094/pipeline/cat000094_scenario_perfect_ct_emcee.npz

✓ Saved: /eos/project-e/ep-nu/evilla/sn-pointing/cat000094/pipeline/cat000094_scenario_es_main_cc_shower_emcee.npz

✓ Saved: /eos/project-e/ep-nu/evilla/sn-pointing/cat000094/pipeline/cat000094_scenario_es_main_cc_all_emcee.npz

✓ Saved: /eos/project-e/ep-nu/evilla/sn-pointing/cat000094/pipeline/cat000094_scenario_es_all_cc_shower_emcee.npz

✓ Saved: /eos/project-e/ep-nu/evilla/sn-pointing/cat000094/pipeline/cat000094_scenario_es_all_cc_all_emcee.npz

✓ Saved: /eos/project-e/ep-nu/evilla/sn-pointing/cat000094/pipeline/cat000094_scenario_all_tracks_all_showers_emcee.npz
✓ cat000094 completed successfully
