Processing cat000041 with 6 scenarios...
Cat directory: /eos/project-e/ep-nu/evilla/sn-pointing/cat000041
======================================================================
EMCEE RECONSTRUCTION FOR cat000041
======================================================================

Loading PDF from: /eos/home-e/evilla/dune/sn-tps/neural_networks/electron_direction/three_plane_three_plane_v58_200k_lr_schedule_20251118_110931/cosine_energy_pdf.npz
PDF loaded

======================================================================
SCENARIO (EMCEE): BEST_CASE
======================================================================

Loaded 3546 matched main-track clusters across U, V, X planes
Selected 284 ES main tracks
After E > 3 MeV cut: 284 clusters
Running emcee: 64 walkers × 2000 steps...
Acceptance fraction: 7.0%
Mean direction: θ=64.53°, φ=86.41°
Uncertainties: Δθ=49.45°, Δφ=19.26°
68% credible angle: 29.18°

Angular error: 5.25°

======================================================================
SCENARIO (EMCEE): PERFECT_CT
======================================================================

Loaded 3546 matched main-track clusters across U, V, X planes
Selected 284 ES main tracks
Loading ED model from: /eos/home-e/evilla/dune/sn-tps/neural_networks/electron_direction/three_plane_three_plane_v58_200k_lr_schedule_20251118_110931/checkpoints/model_epoch_12_val_loss_0.8898.keras
Running ED inference...
After energy cut: 284 clusters
Running emcee: 64 walkers × 2000 steps...
Acceptance fraction: 10.1%
Mean direction: θ=79.47°, φ=89.60°
Uncertainties: Δθ=22.70°, Δφ=20.50°
68% credible angle: 28.94°

Angular error: 12.08°

======================================================================
SCENARIO (EMCEE): FULL_PIPELINE
======================================================================

Loaded 3546 matched main-track clusters across U, V, X planes
Using all 3546 main-track clusters
Loading CT model from: /eos/user/e/evilla/dune/sn-tps/neural_networks/charge_topology/best_model.keras

✗ full_pipeline failed: File not found: filepath=/eos/user/e/evilla/dune/sn-tps/neural_networks/charge_topology/best_model.keras. Please ensure the file is an accessible `.keras` zip file.

======================================================================
SCENARIO (EMCEE): WEIGHTED_CT
======================================================================

Loaded 3546 matched main-track clusters across U, V, X planes
Using all 3546 main-track clusters
Loading CT model from: /eos/user/e/evilla/dune/sn-tps/neural_networks/charge_topology/best_model.keras

✗ weighted_ct failed: File not found: filepath=/eos/user/e/evilla/dune/sn-tps/neural_networks/charge_topology/best_model.keras. Please ensure the file is an accessible `.keras` zip file.

======================================================================
SCENARIO (EMCEE): PERFECT_CT_E_GT_10MEV
======================================================================

Loaded 3546 matched main-track clusters across U, V, X planes
Selected 284 ES main tracks
Loading ED model from: /eos/home-e/evilla/dune/sn-tps/neural_networks/electron_direction/three_plane_three_plane_v58_200k_lr_schedule_20251118_110931/checkpoints/model_epoch_12_val_loss_0.8898.keras
Running ED inference...
Applying E > 10 MeV cut
After energy cut: 152 clusters
Running emcee: 64 walkers × 2000 steps...
Acceptance fraction: 7.7%
Mean direction: θ=80.14°, φ=89.82°
Uncertainties: Δθ=85.06°, Δφ=18.53°
68% credible angle: 140.02°

Angular error: 12.77°

======================================================================
SCENARIO (EMCEE): PERFECT_CT_E_GT_20MEV
======================================================================

Loaded 3546 matched main-track clusters across U, V, X planes
Selected 284 ES main tracks
Loading ED model from: /eos/home-e/evilla/dune/sn-tps/neural_networks/electron_direction/three_plane_three_plane_v58_200k_lr_schedule_20251118_110931/checkpoints/model_epoch_12_val_loss_0.8898.keras
Running ED inference...
Applying E > 20 MeV cut
After energy cut: 37 clusters
Running emcee: 64 walkers × 2000 steps...
Acceptance fraction: 14.6%
Mean direction: θ=97.03°, φ=88.40°
Uncertainties: Δθ=115.40°, Δφ=9.76°
68% credible angle: 157.65°

Angular error: 28.39°

✓ Saved: /eos/project-e/ep-nu/evilla/sn-pointing/cat000041/pipeline/cat000041_scenario_best_case_emcee.npz

✓ Saved: /eos/project-e/ep-nu/evilla/sn-pointing/cat000041/pipeline/cat000041_scenario_perfect_ct_emcee.npz

✓ Saved: /eos/project-e/ep-nu/evilla/sn-pointing/cat000041/pipeline/cat000041_scenario_perfect_ct_e_gt_10mev_emcee.npz

✓ Saved: /eos/project-e/ep-nu/evilla/sn-pointing/cat000041/pipeline/cat000041_scenario_perfect_ct_e_gt_20mev_emcee.npz
✓ cat000041 completed successfully
