000 (6420432.021.000) 11/20 17:10:12 Job submitted from host: <188.185.125.71:9618?addrs=188.185.125.71-9618+[2001-1458-d00-4a--100-15e]-9618&alias=bigbird28.cern.ch&noUDP&sock=schedd_2239_58a3>
...
040 (6420432.021.000) 11/20 17:55:46 Started transferring input files
	Transferring to host: <188.185.93.186:9618?addrs=188.185.93.186-9618+[2001-1458-d00-6c--100-1db]-9618&alias=b9g57n3815.cern.ch&noUDP&sock=slot1_1_20473_d49a_9784>
...
040 (6420432.021.000) 11/20 17:55:46 Finished transferring input files
...
001 (6420432.021.000) 11/20 17:55:47 Job executing on host: <188.185.93.186:9618?addrs=188.185.93.186-9618+[2001-1458-d00-6c--100-1db]-9618&alias=b9g57n3815.cern.ch&noUDP&sock=startd_20428_7cc2>
	SlotName: slot1_1@b9g57n3815.cern.ch
	AvailableGPUs = { GPUs_GPU_e695cb8c }
	CondorScratchDir = "/pool/condor/dir_3483139"
	Cpus = 11
	Disk = 8389632
	GPUs = 1
	GPUs_GPU_e695cb8c = [ Id = "GPU-e695cb8c"; ClockMhz = 1410.0; Capability = 8.0; CoresPerCU = 64; DeviceName = "NVIDIA A100-PCIE-40GB"; DeviceUuid = "e695cb8c-62fb-3649-a852-b630c58fa5f9"; ECCEnabled = true; ComputeUnits = 108; DriverVersion = 13.0; DevicePciBusId = "0000:06:00.0"; GlobalMemoryMb = 40441; MaxSupportedVersion = 13000 ]
	Memory = 33000
...
006 (6420432.021.000) 11/20 17:56:01 Image size of job updated: 263504
	258  -  MemoryUsage of job (MB)
	263504  -  ResidentSetSize of job (KB)
...
006 (6420432.021.000) 11/20 18:01:02 Image size of job updated: 2266588
	1337  -  MemoryUsage of job (MB)
	1368480  -  ResidentSetSize of job (KB)
...
040 (6420432.021.000) 11/20 18:04:17 Started transferring output files
...
040 (6420432.021.000) 11/20 18:04:17 Finished transferring output files
...
005 (6420432.021.000) 11/20 18:04:17 Job terminated.
	(1) Normal termination (return value 0)
		Usr 0 00:16:27, Sys 0 00:01:10  -  Run Remote Usage
		Usr 0 00:00:00, Sys 0 00:00:00  -  Run Local Usage
		Usr 0 00:16:27, Sys 0 00:01:10  -  Total Remote Usage
		Usr 0 00:00:00, Sys 0 00:00:00  -  Total Local Usage
	32090  -  Run Bytes Sent By Job
	1412394  -  Run Bytes Received By Job
	32090  -  Total Bytes Sent By Job
	1412394  -  Total Bytes Received By Job
	Partitionable Resources :    Usage  Request Allocated Assigned
	   Cpus                 :     1.40       11        11 
	   Disk (KB)            :  1435     8388608   8389632 
	   GPUs                 :     0           1         1 "GPU-e695cb8c"
	   GpusMemory (MB)      :   558                       
	   Memory (MB)          :  1337       33000     33000 
	   TimeExecute (s)      :   510                       
	   TimeSlotBusy (s)     :   512                       

	Job terminated of its own accord at 2025-11-20T17:04:17Z with exit-code 0.
...
