==================================================================
Processing cat000162 with EMCEE - ALL SCENARIOS
==================================================================
======================================================================
EMCEE RECONSTRUCTION FOR cat000162
======================================================================

Loading PDF from: /eos/home-e/evilla/dune/sn-tps/neural_networks/electron_direction/three_plane_three_plane_v58_200k_lr_schedule_20251118_110931/cosine_energy_pdf.npz
PDF loaded

======================================================================
SCENARIO (EMCEE): PERFECT_CT
======================================================================

Loaded 3591 matched clusters across U, V, X planes
Selected clusters: 222
Running emcee: 64 walkers × 2000 steps...
Acceptance fraction: 8.9%
Mean direction: θ=155.35°, φ=72.71°
Uncertainties: Δθ=34.11°, Δφ=17.66°
68% credible angle: 38.93°

Angular error: 30.36°

======================================================================
SCENARIO (EMCEE): ES_MAIN_CC_SHOWER
======================================================================

Loaded 3591 matched clusters across U, V, X planes
Selected clusters: 222
Running emcee: 64 walkers × 2000 steps...
Acceptance fraction: 10.2%
Mean direction: θ=150.39°, φ=75.66°
Uncertainties: Δθ=32.33°, Δφ=17.82°
68% credible angle: 35.24°

Angular error: 25.25°

======================================================================
SCENARIO (EMCEE): ES_MAIN_CC_ALL
======================================================================

Loaded 3591 matched clusters across U, V, X planes
Selected clusters: 222
Running emcee: 64 walkers × 2000 steps...
Acceptance fraction: 11.4%
Mean direction: θ=144.84°, φ=75.31°
Uncertainties: Δθ=32.66°, Δφ=15.18°
68% credible angle: 36.62°

Angular error: 19.97°

======================================================================
SCENARIO (EMCEE): ES_ALL_CC_SHOWER
======================================================================

Loaded 3591 matched clusters across U, V, X planes
Selected clusters: 222
Running emcee: 64 walkers × 2000 steps...
Acceptance fraction: 11.8%
Mean direction: θ=155.57°, φ=79.23°
Uncertainties: Δθ=35.46°, Δφ=15.01°
68% credible angle: 41.38°

Angular error: 30.22°

======================================================================
SCENARIO (EMCEE): ES_ALL_CC_ALL
======================================================================

Loaded 3591 matched clusters across U, V, X planes
Selected clusters: 222
Running emcee: 64 walkers × 2000 steps...
Acceptance fraction: 10.2%
Mean direction: θ=152.53°, φ=74.07°
Uncertainties: Δθ=34.03°, Δφ=18.17°
68% credible angle: 39.75°

Angular error: 27.50°

======================================================================
SCENARIO (EMCEE): ALL_TRACKS_ALL_SHOWERS
======================================================================

Loaded 3591 matched clusters across U, V, X planes
Selected clusters: 3591
Running emcee: 64 walkers × 2000 steps...
Acceptance fraction: 3.2%
Mean direction: θ=-170.79°, φ=95.57°
Uncertainties: Δθ=62.07°, Δφ=25.52°
68% credible angle: 65.15°

Angular error: 66.10°

✓ Saved: /eos/project-e/ep-nu/evilla/sn-pointing/cat000162/pipeline/cat000162_scenario_perfect_ct_emcee.npz

✓ Saved: /eos/project-e/ep-nu/evilla/sn-pointing/cat000162/pipeline/cat000162_scenario_es_main_cc_shower_emcee.npz

✓ Saved: /eos/project-e/ep-nu/evilla/sn-pointing/cat000162/pipeline/cat000162_scenario_es_main_cc_all_emcee.npz

✓ Saved: /eos/project-e/ep-nu/evilla/sn-pointing/cat000162/pipeline/cat000162_scenario_es_all_cc_shower_emcee.npz

✓ Saved: /eos/project-e/ep-nu/evilla/sn-pointing/cat000162/pipeline/cat000162_scenario_es_all_cc_all_emcee.npz

✓ Saved: /eos/project-e/ep-nu/evilla/sn-pointing/cat000162/pipeline/cat000162_scenario_all_tracks_all_showers_emcee.npz
✓ cat000162 completed successfully
