Processing cat000184 with 6 scenarios...
Cat directory: /eos/project-e/ep-nu/evilla/sn-pointing/cat000184
======================================================================
EMCEE RECONSTRUCTION FOR cat000184
======================================================================

Loading PDF from: /eos/home-e/evilla/dune/sn-tps/neural_networks/electron_direction/three_plane_three_plane_v58_200k_lr_schedule_20251118_110931/cosine_energy_pdf.npz
PDF loaded

======================================================================
SCENARIO (EMCEE): BEST_CASE
======================================================================

Loaded 3428 matched main-track clusters across U, V, X planes
Selected 224 ES main tracks
After E > 3 MeV cut: 224 clusters
Running emcee: 64 walkers × 2000 steps...
Acceptance fraction: 13.3%
Mean direction: θ=-170.36°, φ=96.10°
Uncertainties: Δθ=32.71°, Δφ=17.62°
68% credible angle: 30.15°

Angular error: 7.04°

======================================================================
SCENARIO (EMCEE): PERFECT_CT
======================================================================

Loaded 3428 matched main-track clusters across U, V, X planes
Selected 224 ES main tracks
Loading ED model from: /eos/home-e/evilla/dune/sn-tps/neural_networks/electron_direction/three_plane_three_plane_v58_200k_lr_schedule_20251118_110931/checkpoints/model_epoch_12_val_loss_0.8898.keras
Running ED inference...
After energy cut: 224 clusters
Running emcee: 64 walkers × 2000 steps...
Acceptance fraction: 11.6%
Mean direction: θ=-174.66°, φ=97.42°
Uncertainties: Δθ=16.76°, Δφ=13.86°
68% credible angle: 20.86°

Angular error: 3.33°

======================================================================
SCENARIO (EMCEE): FULL_PIPELINE
======================================================================

Loaded 3428 matched main-track clusters across U, V, X planes
Using all 3428 main-track clusters
Loading CT model from: /eos/user/e/evilla/dune/sn-tps/neural_networks/channel_tagging/ct_volume_v52_batch_reload_20251116_101125/best_model.keras
Running CT inference...
CT selected 3096 ES candidates from 3428 clusters
  ES prob range: [0.000, 1.000]
Loading ED model from: /eos/home-e/evilla/dune/sn-tps/neural_networks/electron_direction/three_plane_three_plane_v58_200k_lr_schedule_20251118_110931/checkpoints/model_epoch_12_val_loss_0.8898.keras
Running ED inference on 3096 clusters...
After E > 3 MeV cut: 3079 clusters
Running emcee: 64 walkers × 2000 steps...
Acceptance fraction: 3.9%
Mean direction: θ=-168.87°, φ=100.78°
Uncertainties: Δθ=60.36°, Δφ=27.12°
68% credible angle: 63.91°

Angular error: 6.89°

======================================================================
SCENARIO (EMCEE): WEIGHTED_CT
======================================================================

Loaded 3428 matched main-track clusters across U, V, X planes
Using all 3428 main-track clusters
Loading CT model from: /eos/user/e/evilla/dune/sn-tps/neural_networks/channel_tagging/ct_volume_v52_batch_reload_20251116_101125/best_model.keras
Running CT inference...
CT selected 3096 ES candidates from 3428 clusters
  ES prob range: [0.000, 1.000]
Loading ED model from: /eos/home-e/evilla/dune/sn-tps/neural_networks/electron_direction/three_plane_three_plane_v58_200k_lr_schedule_20251118_110931/checkpoints/model_epoch_12_val_loss_0.8898.keras
Running ED inference on 3096 clusters...
Using CT weights (ES probabilities)
After E > 3 MeV cut: 3079 clusters
Running weighted MCMC with 3079 weights
Running emcee: 64 walkers × 2000 steps...
Acceptance fraction: 3.6%
Mean direction: θ=-172.71°, φ=102.05°
Uncertainties: Δθ=61.14°, Δφ=27.06°
68% credible angle: 60.26°

Angular error: 3.47°

======================================================================
SCENARIO (EMCEE): PERFECT_CT_E_GT_10MEV
======================================================================

Loaded 3428 matched main-track clusters across U, V, X planes
Selected 224 ES main tracks
Loading ED model from: /eos/home-e/evilla/dune/sn-tps/neural_networks/electron_direction/three_plane_three_plane_v58_200k_lr_schedule_20251118_110931/checkpoints/model_epoch_12_val_loss_0.8898.keras
Running ED inference...
Applying E > 10 MeV cut
After energy cut: 127 clusters
Running emcee: 64 walkers × 2000 steps...
Acceptance fraction: 9.1%
Mean direction: θ=-175.28°, φ=97.51°
Uncertainties: Δθ=15.22°, Δφ=14.97°
68% credible angle: 22.92°

Angular error: 3.07°

======================================================================
SCENARIO (EMCEE): PERFECT_CT_E_GT_20MEV
======================================================================

Loaded 3428 matched main-track clusters across U, V, X planes
Selected 224 ES main tracks
Loading ED model from: /eos/home-e/evilla/dune/sn-tps/neural_networks/electron_direction/three_plane_three_plane_v58_200k_lr_schedule_20251118_110931/checkpoints/model_epoch_12_val_loss_0.8898.keras
Running ED inference...
Applying E > 20 MeV cut
After energy cut: 38 clusters
Running emcee: 64 walkers × 2000 steps...
Acceptance fraction: 11.9%
Mean direction: θ=-178.12°, φ=100.32°
Uncertainties: Δθ=13.19°, Δφ=11.22°
68% credible angle: 20.32°

Angular error: 2.21°

✓ Saved: /eos/project-e/ep-nu/evilla/sn-pointing/cat000184/pipeline/cat000184_scenario_best_case_emcee.npz

✓ Saved: /eos/project-e/ep-nu/evilla/sn-pointing/cat000184/pipeline/cat000184_scenario_perfect_ct_emcee.npz

✓ Saved: /eos/project-e/ep-nu/evilla/sn-pointing/cat000184/pipeline/cat000184_scenario_full_pipeline_emcee.npz

✓ Saved: /eos/project-e/ep-nu/evilla/sn-pointing/cat000184/pipeline/cat000184_scenario_weighted_ct_emcee.npz

✓ Saved: /eos/project-e/ep-nu/evilla/sn-pointing/cat000184/pipeline/cat000184_scenario_perfect_ct_e_gt_10mev_emcee.npz

✓ Saved: /eos/project-e/ep-nu/evilla/sn-pointing/cat000184/pipeline/cat000184_scenario_perfect_ct_e_gt_20mev_emcee.npz
✓ cat000184 completed successfully
