Processing cat000153 with 6 scenarios...
Cat directory: /eos/project-e/ep-nu/evilla/sn-pointing/cat000153
======================================================================
EMCEE RECONSTRUCTION FOR cat000153
======================================================================

Loading PDF from: /eos/home-e/evilla/dune/sn-tps/neural_networks/electron_direction/three_plane_three_plane_v58_200k_lr_schedule_20251118_110931/cosine_energy_pdf.npz
PDF loaded

======================================================================
SCENARIO (EMCEE): BEST_CASE
======================================================================

Loaded 3487 matched main-track clusters across U, V, X planes
Selected 217 ES main tracks
After E > 3 MeV cut: 217 clusters
Running emcee: 64 walkers × 2000 steps...
Acceptance fraction: 9.2%
Mean direction: θ=-179.68°, φ=107.38°
Uncertainties: Δθ=20.81°, Δφ=13.09°
68% credible angle: 24.74°

Angular error: 2.78°

======================================================================
SCENARIO (EMCEE): PERFECT_CT
======================================================================

Loaded 3487 matched main-track clusters across U, V, X planes
Selected 217 ES main tracks
Loading ED model from: /eos/home-e/evilla/dune/sn-tps/neural_networks/electron_direction/three_plane_three_plane_v58_200k_lr_schedule_20251118_110931/checkpoints/model_epoch_12_val_loss_0.8898.keras
Running ED inference...
After energy cut: 217 clusters
Running emcee: 64 walkers × 2000 steps...
Acceptance fraction: 6.1%
Mean direction: θ=175.76°, φ=96.78°
Uncertainties: Δθ=32.28°, Δφ=22.42°
68% credible angle: 31.54°

Angular error: 14.18°

======================================================================
SCENARIO (EMCEE): FULL_PIPELINE
======================================================================

Loaded 3487 matched main-track clusters across U, V, X planes
Using all 3487 main-track clusters
Loading CT model from: /eos/user/e/evilla/dune/sn-tps/neural_networks/channel_tagging/ct_volume_v52_batch_reload_20251116_101125/best_model.keras
Running CT inference...
CT selected 3181 ES candidates from 3487 clusters
  ES prob range: [0.000, 1.000]
Loading ED model from: /eos/home-e/evilla/dune/sn-tps/neural_networks/electron_direction/three_plane_three_plane_v58_200k_lr_schedule_20251118_110931/checkpoints/model_epoch_12_val_loss_0.8898.keras
Running ED inference on 3181 clusters...
After E > 3 MeV cut: 3155 clusters
Running emcee: 64 walkers × 2000 steps...
Acceptance fraction: 3.2%
Mean direction: θ=-168.05°, φ=101.77°
Uncertainties: Δθ=65.64°, Δφ=28.63°
68% credible angle: 62.81°

Angular error: 13.72°

======================================================================
SCENARIO (EMCEE): WEIGHTED_CT
======================================================================

Loaded 3487 matched main-track clusters across U, V, X planes
Using all 3487 main-track clusters
Loading CT model from: /eos/user/e/evilla/dune/sn-tps/neural_networks/channel_tagging/ct_volume_v52_batch_reload_20251116_101125/best_model.keras
Running CT inference...
CT selected 3181 ES candidates from 3487 clusters
  ES prob range: [0.000, 1.000]
Loading ED model from: /eos/home-e/evilla/dune/sn-tps/neural_networks/electron_direction/three_plane_three_plane_v58_200k_lr_schedule_20251118_110931/checkpoints/model_epoch_12_val_loss_0.8898.keras
Running ED inference on 3181 clusters...
Using CT weights (ES probabilities)
After E > 3 MeV cut: 3155 clusters
Running weighted MCMC with 3155 weights
Running emcee: 64 walkers × 2000 steps...
Acceptance fraction: 3.1%
Mean direction: θ=-150.87°, φ=97.85°
Uncertainties: Δθ=68.35°, Δφ=29.80°
68% credible angle: 77.18°

Angular error: 30.19°

======================================================================
SCENARIO (EMCEE): PERFECT_CT_E_GT_10MEV
======================================================================

Loaded 3487 matched main-track clusters across U, V, X planes
Selected 217 ES main tracks
Loading ED model from: /eos/home-e/evilla/dune/sn-tps/neural_networks/electron_direction/three_plane_three_plane_v58_200k_lr_schedule_20251118_110931/checkpoints/model_epoch_12_val_loss_0.8898.keras
Running ED inference...
Applying E > 10 MeV cut
After energy cut: 116 clusters
Running emcee: 64 walkers × 2000 steps...
Acceptance fraction: 10.2%
Mean direction: θ=-171.48°, φ=102.61°
Uncertainties: Δθ=41.26°, Δφ=22.22°
68% credible angle: 31.77°

Angular error: 10.67°

======================================================================
SCENARIO (EMCEE): PERFECT_CT_E_GT_20MEV
======================================================================

Loaded 3487 matched main-track clusters across U, V, X planes
Selected 217 ES main tracks
Loading ED model from: /eos/home-e/evilla/dune/sn-tps/neural_networks/electron_direction/three_plane_three_plane_v58_200k_lr_schedule_20251118_110931/checkpoints/model_epoch_12_val_loss_0.8898.keras
Running ED inference...
Applying E > 20 MeV cut
After energy cut: 26 clusters
Running emcee: 64 walkers × 2000 steps...
Acceptance fraction: 13.5%
Mean direction: θ=-166.45°, φ=107.29°
Uncertainties: Δθ=44.26°, Δφ=20.29°
68% credible angle: 26.55°

Angular error: 12.56°

✓ Saved: /eos/project-e/ep-nu/evilla/sn-pointing/cat000153/pipeline/cat000153_scenario_best_case_emcee.npz

✓ Saved: /eos/project-e/ep-nu/evilla/sn-pointing/cat000153/pipeline/cat000153_scenario_perfect_ct_emcee.npz

✓ Saved: /eos/project-e/ep-nu/evilla/sn-pointing/cat000153/pipeline/cat000153_scenario_full_pipeline_emcee.npz

✓ Saved: /eos/project-e/ep-nu/evilla/sn-pointing/cat000153/pipeline/cat000153_scenario_weighted_ct_emcee.npz

✓ Saved: /eos/project-e/ep-nu/evilla/sn-pointing/cat000153/pipeline/cat000153_scenario_perfect_ct_e_gt_10mev_emcee.npz

✓ Saved: /eos/project-e/ep-nu/evilla/sn-pointing/cat000153/pipeline/cat000153_scenario_perfect_ct_e_gt_20mev_emcee.npz
✓ cat000153 completed successfully
