==================================================================
Processing cat000198 with EMCEE - ALL SCENARIOS
==================================================================
======================================================================
EMCEE RECONSTRUCTION FOR cat000198
======================================================================

Loading PDF from: /eos/home-e/evilla/dune/sn-tps/neural_networks/electron_direction/three_plane_three_plane_v58_200k_lr_schedule_20251118_110931/cosine_energy_pdf.npz
PDF loaded

======================================================================
SCENARIO (EMCEE): PERFECT_CT
======================================================================

Loaded 3389 matched clusters across U, V, X planes
Selected clusters: 271
Running emcee: 64 walkers × 2000 steps...
Acceptance fraction: 9.1%
Mean direction: θ=-129.03°, φ=95.47°
Uncertainties: Δθ=48.41°, Δφ=20.63°
68% credible angle: 52.95°

Angular error: 26.00°

======================================================================
SCENARIO (EMCEE): ES_MAIN_CC_SHOWER
======================================================================

Loaded 3389 matched clusters across U, V, X planes
Selected clusters: 271
Running emcee: 64 walkers × 2000 steps...
Acceptance fraction: 9.9%
Mean direction: θ=-135.85°, φ=100.97°
Uncertainties: Δθ=46.29°, Δφ=20.35°
68% credible angle: 46.59°

Angular error: 31.14°

======================================================================
SCENARIO (EMCEE): ES_MAIN_CC_ALL
======================================================================

Loaded 3389 matched clusters across U, V, X planes
Selected clusters: 271
Running emcee: 64 walkers × 2000 steps...
Acceptance fraction: 8.6%
Mean direction: θ=-132.65°, φ=102.88°
Uncertainties: Δθ=46.92°, Δφ=20.25°
68% credible angle: 49.21°

Angular error: 27.78°

======================================================================
SCENARIO (EMCEE): ES_ALL_CC_SHOWER
======================================================================

Loaded 3389 matched clusters across U, V, X planes
Selected clusters: 271
Running emcee: 64 walkers × 2000 steps...
Acceptance fraction: 10.8%
Mean direction: θ=-140.08°, φ=105.86°
Uncertainties: Δθ=49.71°, Δφ=21.99°
68% credible angle: 45.57°

Angular error: 34.78°

======================================================================
SCENARIO (EMCEE): ES_ALL_CC_ALL
======================================================================

Loaded 3389 matched clusters across U, V, X planes
Selected clusters: 271
Running emcee: 64 walkers × 2000 steps...
Acceptance fraction: 10.3%
Mean direction: θ=-127.00°, φ=103.21°
Uncertainties: Δθ=41.29°, Δφ=18.18°
68% credible angle: 51.84°

Angular error: 22.28°

======================================================================
SCENARIO (EMCEE): ALL_TRACKS_ALL_SHOWERS
======================================================================

Loaded 3389 matched clusters across U, V, X planes
Selected clusters: 3389
Running emcee: 64 walkers × 2000 steps...
Acceptance fraction: 3.8%
Mean direction: θ=-161.33°, φ=98.39°
Uncertainties: Δθ=64.82°, Δφ=29.26°
68% credible angle: 66.56°

Angular error: 56.31°

✓ Saved: /eos/project-e/ep-nu/evilla/sn-pointing/cat000198/pipeline/cat000198_scenario_perfect_ct_emcee.npz

✓ Saved: /eos/project-e/ep-nu/evilla/sn-pointing/cat000198/pipeline/cat000198_scenario_es_main_cc_shower_emcee.npz

✓ Saved: /eos/project-e/ep-nu/evilla/sn-pointing/cat000198/pipeline/cat000198_scenario_es_main_cc_all_emcee.npz

✓ Saved: /eos/project-e/ep-nu/evilla/sn-pointing/cat000198/pipeline/cat000198_scenario_es_all_cc_shower_emcee.npz

✓ Saved: /eos/project-e/ep-nu/evilla/sn-pointing/cat000198/pipeline/cat000198_scenario_es_all_cc_all_emcee.npz

✓ Saved: /eos/project-e/ep-nu/evilla/sn-pointing/cat000198/pipeline/cat000198_scenario_all_tracks_all_showers_emcee.npz
✓ cat000198 completed successfully
