Processing cat000075 with 6 scenarios...
Cat directory: /eos/project-e/ep-nu/evilla/sn-pointing/cat000075
======================================================================
EMCEE RECONSTRUCTION FOR cat000075
======================================================================

Loading PDF from: /eos/home-e/evilla/dune/sn-tps/neural_networks/electron_direction/three_plane_three_plane_v58_200k_lr_schedule_20251118_110931/cosine_energy_pdf.npz
PDF loaded

======================================================================
SCENARIO (EMCEE): BEST_CASE
======================================================================

Loaded 3792 matched main-track clusters across U, V, X planes
Selected 306 ES main tracks
After E > 3 MeV cut: 306 clusters
Running emcee: 64 walkers × 2000 steps...
Acceptance fraction: 7.4%
Mean direction: θ=-75.47°, φ=86.80°
Uncertainties: Δθ=62.12°, Δφ=17.69°
68% credible angle: 32.69°

Angular error: 12.66°

======================================================================
SCENARIO (EMCEE): PERFECT_CT
======================================================================

Loaded 3792 matched main-track clusters across U, V, X planes
Selected 306 ES main tracks
Loading ED model from: /eos/home-e/evilla/dune/sn-tps/neural_networks/electron_direction/three_plane_three_plane_v58_200k_lr_schedule_20251118_110931/checkpoints/model_epoch_12_val_loss_0.8898.keras
Running ED inference...
After energy cut: 306 clusters
Running emcee: 64 walkers × 2000 steps...
Acceptance fraction: 9.2%
Mean direction: θ=-134.74°, φ=87.38°
Uncertainties: Δθ=79.76°, Δφ=17.02°
68% credible angle: 100.13°

Angular error: 49.01°

======================================================================
SCENARIO (EMCEE): FULL_PIPELINE
======================================================================

Loaded 3792 matched main-track clusters across U, V, X planes
Using all 3792 main-track clusters
Loading CT model from: /eos/user/e/evilla/dune/sn-tps/neural_networks/channel_tagging/ct_volume_v52_batch_reload_20251116_101125/best_model.keras
Running CT inference...
CT selected 3439 ES candidates from 3792 clusters
  ES prob range: [0.000, 1.000]
Loading ED model from: /eos/home-e/evilla/dune/sn-tps/neural_networks/electron_direction/three_plane_three_plane_v58_200k_lr_schedule_20251118_110931/checkpoints/model_epoch_12_val_loss_0.8898.keras
Running ED inference on 3439 clusters...
After E > 3 MeV cut: 3427 clusters
Running emcee: 64 walkers × 2000 steps...
Acceptance fraction: 7.2%
Mean direction: θ=173.50°, φ=106.11°
Uncertainties: Δθ=83.89°, Δφ=33.20°
68% credible angle: 66.03°

Angular error: 98.93°

======================================================================
SCENARIO (EMCEE): WEIGHTED_CT
======================================================================

Loaded 3792 matched main-track clusters across U, V, X planes
Using all 3792 main-track clusters
Loading CT model from: /eos/user/e/evilla/dune/sn-tps/neural_networks/channel_tagging/ct_volume_v52_batch_reload_20251116_101125/best_model.keras
Running CT inference...
CT selected 3439 ES candidates from 3792 clusters
  ES prob range: [0.000, 1.000]
Loading ED model from: /eos/home-e/evilla/dune/sn-tps/neural_networks/electron_direction/three_plane_three_plane_v58_200k_lr_schedule_20251118_110931/checkpoints/model_epoch_12_val_loss_0.8898.keras
Running ED inference on 3439 clusters...
Using CT weights (ES probabilities)
After E > 3 MeV cut: 3427 clusters
Running weighted MCMC with 3427 weights
Running emcee: 64 walkers × 2000 steps...
Acceptance fraction: 6.0%
Mean direction: θ=-171.65°, φ=102.27°
Uncertainties: Δθ=84.71°, Δφ=32.52°
68% credible angle: 69.37°

Angular error: 84.87°

======================================================================
SCENARIO (EMCEE): PERFECT_CT_E_GT_10MEV
======================================================================

Loaded 3792 matched main-track clusters across U, V, X planes
Selected 306 ES main tracks
Loading ED model from: /eos/home-e/evilla/dune/sn-tps/neural_networks/electron_direction/three_plane_three_plane_v58_200k_lr_schedule_20251118_110931/checkpoints/model_epoch_12_val_loss_0.8898.keras
Running ED inference...
Applying E > 10 MeV cut
After energy cut: 178 clusters
Running emcee: 64 walkers × 2000 steps...
Acceptance fraction: 13.4%
Mean direction: θ=-137.66°, φ=95.41°
Uncertainties: Δθ=81.62°, Δφ=17.77°
68% credible angle: 98.29°

Angular error: 51.41°

======================================================================
SCENARIO (EMCEE): PERFECT_CT_E_GT_20MEV
======================================================================

Loaded 3792 matched main-track clusters across U, V, X planes
Selected 306 ES main tracks
Loading ED model from: /eos/home-e/evilla/dune/sn-tps/neural_networks/electron_direction/three_plane_three_plane_v58_200k_lr_schedule_20251118_110931/checkpoints/model_epoch_12_val_loss_0.8898.keras
Running ED inference...
Applying E > 20 MeV cut
After energy cut: 51 clusters
Running emcee: 64 walkers × 2000 steps...
Acceptance fraction: 9.2%
Mean direction: θ=-113.79°, φ=88.72°
Uncertainties: Δθ=92.38°, Δφ=15.78°
68% credible angle: 131.61°

Angular error: 28.11°

✓ Saved: /eos/project-e/ep-nu/evilla/sn-pointing/cat000075/pipeline/cat000075_scenario_best_case_emcee.npz

✓ Saved: /eos/project-e/ep-nu/evilla/sn-pointing/cat000075/pipeline/cat000075_scenario_perfect_ct_emcee.npz

✓ Saved: /eos/project-e/ep-nu/evilla/sn-pointing/cat000075/pipeline/cat000075_scenario_full_pipeline_emcee.npz

✓ Saved: /eos/project-e/ep-nu/evilla/sn-pointing/cat000075/pipeline/cat000075_scenario_weighted_ct_emcee.npz

✓ Saved: /eos/project-e/ep-nu/evilla/sn-pointing/cat000075/pipeline/cat000075_scenario_perfect_ct_e_gt_10mev_emcee.npz

✓ Saved: /eos/project-e/ep-nu/evilla/sn-pointing/cat000075/pipeline/cat000075_scenario_perfect_ct_e_gt_20mev_emcee.npz
✓ cat000075 completed successfully
