Processing cat000318 with 6 scenarios...
Cat directory: /eos/project-e/ep-nu/evilla/sn-pointing/cat000318
======================================================================
EMCEE RECONSTRUCTION FOR cat000318
======================================================================

Loading PDF from: /eos/home-e/evilla/dune/sn-tps/neural_networks/electron_direction/three_plane_three_plane_v58_200k_lr_schedule_20251118_110931/cosine_energy_pdf.npz
PDF loaded

======================================================================
SCENARIO (EMCEE): BEST_CASE
======================================================================

Loaded 3505 matched main-track clusters across U, V, X planes
Selected 235 ES main tracks
After E > 3 MeV cut: 235 clusters
Running emcee: 64 walkers × 2000 steps...
Acceptance fraction: 8.9%
Mean direction: θ=30.96°, φ=95.20°
Uncertainties: Δθ=34.47°, Δφ=19.89°
68% credible angle: 28.58°

Angular error: 12.13°

======================================================================
SCENARIO (EMCEE): PERFECT_CT
======================================================================

Loaded 3505 matched main-track clusters across U, V, X planes
Selected 235 ES main tracks
Loading ED model from: /eos/home-e/evilla/dune/sn-tps/neural_networks/electron_direction/three_plane_three_plane_v58_200k_lr_schedule_20251118_110931/checkpoints/model_epoch_12_val_loss_0.8898.keras
Running ED inference...
After energy cut: 235 clusters
Running emcee: 64 walkers × 2000 steps...
Acceptance fraction: 13.8%
Mean direction: θ=16.33°, φ=104.38°
Uncertainties: Δθ=14.83°, Δφ=11.53°
68% credible angle: 16.42°

Angular error: 12.75°

======================================================================
SCENARIO (EMCEE): FULL_PIPELINE
======================================================================

Loaded 3505 matched main-track clusters across U, V, X planes
Using all 3505 main-track clusters
Loading CT model from: /eos/user/e/evilla/dune/sn-tps/neural_networks/channel_tagging/ct_volume_v52_batch_reload_20251116_101125/best_model.keras
Running CT inference...
CT selected 3171 ES candidates from 3505 clusters
  ES prob range: [0.000, 1.000]
Loading ED model from: /eos/home-e/evilla/dune/sn-tps/neural_networks/electron_direction/three_plane_three_plane_v58_200k_lr_schedule_20251118_110931/checkpoints/model_epoch_12_val_loss_0.8898.keras
Running ED inference on 3171 clusters...
After E > 3 MeV cut: 3153 clusters
Running emcee: 64 walkers × 2000 steps...
Acceptance fraction: 2.9%
Mean direction: θ=-77.09°, φ=94.40°
Uncertainties: Δθ=100.74°, Δφ=31.71°
68% credible angle: 112.80°

Angular error: 104.19°

======================================================================
SCENARIO (EMCEE): WEIGHTED_CT
======================================================================

Loaded 3505 matched main-track clusters across U, V, X planes
Using all 3505 main-track clusters
Loading CT model from: /eos/user/e/evilla/dune/sn-tps/neural_networks/channel_tagging/ct_volume_v52_batch_reload_20251116_101125/best_model.keras
Running CT inference...
CT selected 3171 ES candidates from 3505 clusters
  ES prob range: [0.000, 1.000]
Loading ED model from: /eos/home-e/evilla/dune/sn-tps/neural_networks/electron_direction/three_plane_three_plane_v58_200k_lr_schedule_20251118_110931/checkpoints/model_epoch_12_val_loss_0.8898.keras
Running ED inference on 3171 clusters...
Using CT weights (ES probabilities)
After E > 3 MeV cut: 3153 clusters
Running weighted MCMC with 3153 weights
Running emcee: 64 walkers × 2000 steps...
Acceptance fraction: 2.8%
Mean direction: θ=-68.13°, φ=102.07°
Uncertainties: Δθ=114.77°, Δφ=33.35°
68% credible angle: 103.80°

Angular error: 93.33°

======================================================================
SCENARIO (EMCEE): PERFECT_CT_E_GT_10MEV
======================================================================

Loaded 3505 matched main-track clusters across U, V, X planes
Selected 235 ES main tracks
Loading ED model from: /eos/home-e/evilla/dune/sn-tps/neural_networks/electron_direction/three_plane_three_plane_v58_200k_lr_schedule_20251118_110931/checkpoints/model_epoch_12_val_loss_0.8898.keras
Running ED inference...
Applying E > 10 MeV cut
After energy cut: 121 clusters
Running emcee: 64 walkers × 2000 steps...
Acceptance fraction: 25.0%
Mean direction: θ=8.51°, φ=108.54°
Uncertainties: Δθ=15.55°, Δφ=13.82°
68% credible angle: 26.96°

Angular error: 19.77°

======================================================================
SCENARIO (EMCEE): PERFECT_CT_E_GT_20MEV
======================================================================

Loaded 3505 matched main-track clusters across U, V, X planes
Selected 235 ES main tracks
Loading ED model from: /eos/home-e/evilla/dune/sn-tps/neural_networks/electron_direction/three_plane_three_plane_v58_200k_lr_schedule_20251118_110931/checkpoints/model_epoch_12_val_loss_0.8898.keras
Running ED inference...
Applying E > 20 MeV cut
After energy cut: 29 clusters
Running emcee: 64 walkers × 2000 steps...
Acceptance fraction: 20.3%
Mean direction: θ=4.80°, φ=114.95°
Uncertainties: Δθ=19.80°, Δφ=15.81°
68% credible angle: 17.40°

Angular error: 24.05°

✓ Saved: /eos/project-e/ep-nu/evilla/sn-pointing/cat000318/pipeline/cat000318_scenario_best_case_emcee.npz

✓ Saved: /eos/project-e/ep-nu/evilla/sn-pointing/cat000318/pipeline/cat000318_scenario_perfect_ct_emcee.npz

✓ Saved: /eos/project-e/ep-nu/evilla/sn-pointing/cat000318/pipeline/cat000318_scenario_full_pipeline_emcee.npz

✓ Saved: /eos/project-e/ep-nu/evilla/sn-pointing/cat000318/pipeline/cat000318_scenario_weighted_ct_emcee.npz

✓ Saved: /eos/project-e/ep-nu/evilla/sn-pointing/cat000318/pipeline/cat000318_scenario_perfect_ct_e_gt_10mev_emcee.npz

✓ Saved: /eos/project-e/ep-nu/evilla/sn-pointing/cat000318/pipeline/cat000318_scenario_perfect_ct_e_gt_20mev_emcee.npz
✓ cat000318 completed successfully
