Processing cat000309 with 6 scenarios...
Cat directory: /eos/project-e/ep-nu/evilla/sn-pointing/cat000309
======================================================================
EMCEE RECONSTRUCTION FOR cat000309
======================================================================

Loading PDF from: /eos/home-e/evilla/dune/sn-tps/neural_networks/electron_direction/three_plane_three_plane_v58_200k_lr_schedule_20251118_110931/cosine_energy_pdf.npz
PDF loaded

======================================================================
SCENARIO (EMCEE): BEST_CASE
======================================================================

Loaded 3333 matched main-track clusters across U, V, X planes
Selected 214 ES main tracks
After E > 3 MeV cut: 214 clusters
Running emcee: 64 walkers × 2000 steps...
Acceptance fraction: 16.3%
Mean direction: θ=145.24°, φ=93.45°
Uncertainties: Δθ=28.09°, Δφ=12.36°
68% credible angle: 35.04°

Angular error: 6.25°

======================================================================
SCENARIO (EMCEE): PERFECT_CT
======================================================================

Loaded 3333 matched main-track clusters across U, V, X planes
Selected 214 ES main tracks
Loading ED model from: /eos/home-e/evilla/dune/sn-tps/neural_networks/electron_direction/three_plane_three_plane_v58_200k_lr_schedule_20251118_110931/checkpoints/model_epoch_12_val_loss_0.8898.keras
Running ED inference...
After energy cut: 214 clusters
Running emcee: 64 walkers × 2000 steps...
Acceptance fraction: 13.3%
Mean direction: θ=171.55°, φ=98.32°
Uncertainties: Δθ=24.03°, Δφ=21.21°
68% credible angle: 27.78°

Angular error: 29.73°

======================================================================
SCENARIO (EMCEE): FULL_PIPELINE
======================================================================

Loaded 3333 matched main-track clusters across U, V, X planes
Using all 3333 main-track clusters
Loading CT model from: /eos/user/e/evilla/dune/sn-tps/neural_networks/channel_tagging/ct_volume_v52_batch_reload_20251116_101125/best_model.keras
Running CT inference...
CT selected 3000 ES candidates from 3333 clusters
  ES prob range: [0.000, 1.000]
Loading ED model from: /eos/home-e/evilla/dune/sn-tps/neural_networks/electron_direction/three_plane_three_plane_v58_200k_lr_schedule_20251118_110931/checkpoints/model_epoch_12_val_loss_0.8898.keras
Running ED inference on 3000 clusters...
After E > 3 MeV cut: 2987 clusters
Running emcee: 64 walkers × 2000 steps...
Acceptance fraction: 3.3%
Mean direction: θ=-175.27°, φ=103.08°
Uncertainties: Δθ=64.10°, Δφ=28.23°
68% credible angle: 58.51°

Angular error: 42.68°

======================================================================
SCENARIO (EMCEE): WEIGHTED_CT
======================================================================

Loaded 3333 matched main-track clusters across U, V, X planes
Using all 3333 main-track clusters
Loading CT model from: /eos/user/e/evilla/dune/sn-tps/neural_networks/channel_tagging/ct_volume_v52_batch_reload_20251116_101125/best_model.keras
Running CT inference...
CT selected 3000 ES candidates from 3333 clusters
  ES prob range: [0.000, 1.000]
Loading ED model from: /eos/home-e/evilla/dune/sn-tps/neural_networks/electron_direction/three_plane_three_plane_v58_200k_lr_schedule_20251118_110931/checkpoints/model_epoch_12_val_loss_0.8898.keras
Running ED inference on 3000 clusters...
Using CT weights (ES probabilities)
After E > 3 MeV cut: 2987 clusters
Running weighted MCMC with 2987 weights
Running emcee: 64 walkers × 2000 steps...
Acceptance fraction: 4.8%
Mean direction: θ=-156.56°, φ=100.31°
Uncertainties: Δθ=56.57°, Δφ=28.03°
68% credible angle: 53.08°

Angular error: 61.06°

======================================================================
SCENARIO (EMCEE): PERFECT_CT_E_GT_10MEV
======================================================================

Loaded 3333 matched main-track clusters across U, V, X planes
Selected 214 ES main tracks
Loading ED model from: /eos/home-e/evilla/dune/sn-tps/neural_networks/electron_direction/three_plane_three_plane_v58_200k_lr_schedule_20251118_110931/checkpoints/model_epoch_12_val_loss_0.8898.keras
Running ED inference...
Applying E > 10 MeV cut
After energy cut: 107 clusters
Running emcee: 64 walkers × 2000 steps...
Acceptance fraction: 17.8%
Mean direction: θ=169.53°, φ=103.11°
Uncertainties: Δθ=16.54°, Δφ=10.04°
68% credible angle: 21.39°

Angular error: 27.91°

======================================================================
SCENARIO (EMCEE): PERFECT_CT_E_GT_20MEV
======================================================================

Loaded 3333 matched main-track clusters across U, V, X planes
Selected 214 ES main tracks
Loading ED model from: /eos/home-e/evilla/dune/sn-tps/neural_networks/electron_direction/three_plane_three_plane_v58_200k_lr_schedule_20251118_110931/checkpoints/model_epoch_12_val_loss_0.8898.keras
Running ED inference...
Applying E > 20 MeV cut
After energy cut: 24 clusters
Running emcee: 64 walkers × 2000 steps...
Acceptance fraction: 24.6%
Mean direction: θ=175.43°, φ=101.10°
Uncertainties: Δθ=11.45°, Δφ=5.91°
68% credible angle: 13.91°

Angular error: 33.54°

✓ Saved: /eos/project-e/ep-nu/evilla/sn-pointing/cat000309/pipeline/cat000309_scenario_best_case_emcee.npz

✓ Saved: /eos/project-e/ep-nu/evilla/sn-pointing/cat000309/pipeline/cat000309_scenario_perfect_ct_emcee.npz

✓ Saved: /eos/project-e/ep-nu/evilla/sn-pointing/cat000309/pipeline/cat000309_scenario_full_pipeline_emcee.npz

✓ Saved: /eos/project-e/ep-nu/evilla/sn-pointing/cat000309/pipeline/cat000309_scenario_weighted_ct_emcee.npz

✓ Saved: /eos/project-e/ep-nu/evilla/sn-pointing/cat000309/pipeline/cat000309_scenario_perfect_ct_e_gt_10mev_emcee.npz

✓ Saved: /eos/project-e/ep-nu/evilla/sn-pointing/cat000309/pipeline/cat000309_scenario_perfect_ct_e_gt_20mev_emcee.npz
✓ cat000309 completed successfully
