==================================================================
Processing cat000605 with EMCEE - ALL SCENARIOS
==================================================================
======================================================================
EMCEE RECONSTRUCTION FOR cat000605
======================================================================

Loading PDF from: /eos/home-e/evilla/dune/sn-tps/neural_networks/electron_direction/three_plane_three_plane_v58_200k_lr_schedule_20251118_110931/cosine_energy_pdf.npz
PDF loaded

======================================================================
SCENARIO (EMCEE): PERFECT_CT
======================================================================

Loaded 3523 matched clusters across U, V, X planes
Selected clusters: 255
Running emcee: 64 walkers × 2000 steps...
Acceptance fraction: 11.8%
Mean direction: θ=4.36°, φ=53.18°
Uncertainties: Δθ=23.08°, Δφ=15.88°
68% credible angle: 29.20°

Angular error: 8.51°

======================================================================
SCENARIO (EMCEE): ES_MAIN_CC_SHOWER
======================================================================

Loaded 3523 matched clusters across U, V, X planes
Selected clusters: 255
Running emcee: 64 walkers × 2000 steps...
Acceptance fraction: 11.5%
Mean direction: θ=9.63°, φ=51.98°
Uncertainties: Δθ=23.56°, Δφ=16.48°
68% credible angle: 27.52°

Angular error: 7.06°

======================================================================
SCENARIO (EMCEE): ES_MAIN_CC_ALL
======================================================================

Loaded 3523 matched clusters across U, V, X planes
Selected clusters: 255
Running emcee: 64 walkers × 2000 steps...
Acceptance fraction: 14.1%
Mean direction: θ=-0.03°, φ=56.14°
Uncertainties: Δθ=21.59°, Δφ=15.67°
68% credible angle: 24.80°

Angular error: 12.60°

======================================================================
SCENARIO (EMCEE): ES_ALL_CC_SHOWER
======================================================================

Loaded 3523 matched clusters across U, V, X planes
Selected clusters: 255
Running emcee: 64 walkers × 2000 steps...
Acceptance fraction: 15.9%
Mean direction: θ=11.33°, φ=57.36°
Uncertainties: Δθ=22.72°, Δφ=15.48°
68% credible angle: 18.84°

Angular error: 12.60°

======================================================================
SCENARIO (EMCEE): ES_ALL_CC_ALL
======================================================================

Loaded 3523 matched clusters across U, V, X planes
Selected clusters: 255
Running emcee: 64 walkers × 2000 steps...
Acceptance fraction: 15.4%
Mean direction: θ=7.78°, φ=58.57°
Uncertainties: Δθ=22.34°, Δφ=12.42°
68% credible angle: 18.00°

Angular error: 13.50°

======================================================================
SCENARIO (EMCEE): ALL_TRACKS_ALL_SHOWERS
======================================================================

Loaded 3523 matched clusters across U, V, X planes
Selected clusters: 3523
Running emcee: 64 walkers × 2000 steps...
Acceptance fraction: 3.7%
Mean direction: θ=-27.39°, φ=53.88°
Uncertainties: Δθ=67.57°, Δφ=40.70°
68% credible angle: 43.68°

Angular error: 27.89°

✓ Saved: /eos/project-e/ep-nu/evilla/sn-pointing/cat000605/pipeline/cat000605_scenario_perfect_ct_emcee.npz

✓ Saved: /eos/project-e/ep-nu/evilla/sn-pointing/cat000605/pipeline/cat000605_scenario_es_main_cc_shower_emcee.npz

✓ Saved: /eos/project-e/ep-nu/evilla/sn-pointing/cat000605/pipeline/cat000605_scenario_es_main_cc_all_emcee.npz

✓ Saved: /eos/project-e/ep-nu/evilla/sn-pointing/cat000605/pipeline/cat000605_scenario_es_all_cc_shower_emcee.npz

✓ Saved: /eos/project-e/ep-nu/evilla/sn-pointing/cat000605/pipeline/cat000605_scenario_es_all_cc_all_emcee.npz

✓ Saved: /eos/project-e/ep-nu/evilla/sn-pointing/cat000605/pipeline/cat000605_scenario_all_tracks_all_showers_emcee.npz
✓ cat000605 completed successfully
