Processing cat000512 with 6 scenarios...
Cat directory: /eos/project-e/ep-nu/evilla/sn-pointing/cat000512
======================================================================
EMCEE RECONSTRUCTION FOR cat000512
======================================================================

Loading PDF from: /eos/home-e/evilla/dune/sn-tps/neural_networks/electron_direction/three_plane_three_plane_v58_200k_lr_schedule_20251118_110931/cosine_energy_pdf.npz
PDF loaded

======================================================================
SCENARIO (EMCEE): BEST_CASE
======================================================================

Loaded 3383 matched main-track clusters across U, V, X planes
Selected 301 ES main tracks
After E > 3 MeV cut: 301 clusters
Running emcee: 64 walkers × 2000 steps...
Acceptance fraction: 9.4%
Mean direction: θ=104.99°, φ=143.13°
Uncertainties: Δθ=60.97°, Δφ=29.50°
68% credible angle: 37.13°

Angular error: 15.51°

======================================================================
SCENARIO (EMCEE): PERFECT_CT
======================================================================

Loaded 3383 matched main-track clusters across U, V, X planes
Selected 301 ES main tracks
Loading ED model from: /eos/home-e/evilla/dune/sn-tps/neural_networks/electron_direction/three_plane_three_plane_v58_200k_lr_schedule_20251118_110931/checkpoints/model_epoch_12_val_loss_0.8898.keras
Running ED inference...
After energy cut: 301 clusters
Running emcee: 64 walkers × 2000 steps...
Acceptance fraction: 12.3%
Mean direction: θ=88.04°, φ=149.79°
Uncertainties: Δθ=72.38°, Δφ=16.99°
68% credible angle: 28.64°

Angular error: 13.86°

======================================================================
SCENARIO (EMCEE): FULL_PIPELINE
======================================================================

Loaded 3383 matched main-track clusters across U, V, X planes
Using all 3383 main-track clusters
Loading CT model from: /eos/user/e/evilla/dune/sn-tps/neural_networks/channel_tagging/ct_volume_v52_batch_reload_20251116_101125/best_model.keras
Running CT inference...
CT selected 3097 ES candidates from 3383 clusters
  ES prob range: [0.000, 1.000]
Loading ED model from: /eos/home-e/evilla/dune/sn-tps/neural_networks/electron_direction/three_plane_three_plane_v58_200k_lr_schedule_20251118_110931/checkpoints/model_epoch_12_val_loss_0.8898.keras
Running ED inference on 3097 clusters...
After E > 3 MeV cut: 3080 clusters
Running emcee: 64 walkers × 2000 steps...
Acceptance fraction: 4.2%
Mean direction: θ=123.67°, φ=120.90°
Uncertainties: Δθ=79.53°, Δφ=35.87°
68% credible angle: 74.17°

Angular error: 37.60°

======================================================================
SCENARIO (EMCEE): WEIGHTED_CT
======================================================================

Loaded 3383 matched main-track clusters across U, V, X planes
Using all 3383 main-track clusters
Loading CT model from: /eos/user/e/evilla/dune/sn-tps/neural_networks/channel_tagging/ct_volume_v52_batch_reload_20251116_101125/best_model.keras
Running CT inference...
CT selected 3097 ES candidates from 3383 clusters
  ES prob range: [0.000, 1.000]
Loading ED model from: /eos/home-e/evilla/dune/sn-tps/neural_networks/electron_direction/three_plane_three_plane_v58_200k_lr_schedule_20251118_110931/checkpoints/model_epoch_12_val_loss_0.8898.keras
Running ED inference on 3097 clusters...
Using CT weights (ES probabilities)
After E > 3 MeV cut: 3080 clusters
Running weighted MCMC with 3080 weights
Running emcee: 64 walkers × 2000 steps...
Acceptance fraction: 3.4%
Mean direction: θ=162.23°, φ=118.82°
Uncertainties: Δθ=79.59°, Δφ=33.85°
68% credible angle: 56.42°

Angular error: 48.36°

======================================================================
SCENARIO (EMCEE): PERFECT_CT_E_GT_10MEV
======================================================================

Loaded 3383 matched main-track clusters across U, V, X planes
Selected 301 ES main tracks
Loading ED model from: /eos/home-e/evilla/dune/sn-tps/neural_networks/electron_direction/three_plane_three_plane_v58_200k_lr_schedule_20251118_110931/checkpoints/model_epoch_12_val_loss_0.8898.keras
Running ED inference...
Applying E > 10 MeV cut
After energy cut: 155 clusters
Running emcee: 64 walkers × 2000 steps...
Acceptance fraction: 13.0%
Mean direction: θ=64.05°, φ=145.58°
Uncertainties: Δθ=72.60°, Δφ=35.00°
68% credible angle: 32.75°

Angular error: 25.64°

======================================================================
SCENARIO (EMCEE): PERFECT_CT_E_GT_20MEV
======================================================================

Loaded 3383 matched main-track clusters across U, V, X planes
Selected 301 ES main tracks
Loading ED model from: /eos/home-e/evilla/dune/sn-tps/neural_networks/electron_direction/three_plane_three_plane_v58_200k_lr_schedule_20251118_110931/checkpoints/model_epoch_12_val_loss_0.8898.keras
Running ED inference...
Applying E > 20 MeV cut
After energy cut: 24 clusters
Running emcee: 64 walkers × 2000 steps...
Acceptance fraction: 24.8%
Mean direction: θ=120.05°, φ=140.58°
Uncertainties: Δθ=52.51°, Δφ=41.22°
68% credible angle: 24.32°

Angular error: 17.75°

✓ Saved: /eos/project-e/ep-nu/evilla/sn-pointing/cat000512/pipeline/cat000512_scenario_best_case_emcee.npz

✓ Saved: /eos/project-e/ep-nu/evilla/sn-pointing/cat000512/pipeline/cat000512_scenario_perfect_ct_emcee.npz

✓ Saved: /eos/project-e/ep-nu/evilla/sn-pointing/cat000512/pipeline/cat000512_scenario_full_pipeline_emcee.npz

✓ Saved: /eos/project-e/ep-nu/evilla/sn-pointing/cat000512/pipeline/cat000512_scenario_weighted_ct_emcee.npz

✓ Saved: /eos/project-e/ep-nu/evilla/sn-pointing/cat000512/pipeline/cat000512_scenario_perfect_ct_e_gt_10mev_emcee.npz

✓ Saved: /eos/project-e/ep-nu/evilla/sn-pointing/cat000512/pipeline/cat000512_scenario_perfect_ct_e_gt_20mev_emcee.npz
✓ cat000512 completed successfully
