==================================================================
Processing cat000432 with EMCEE - ALL SCENARIOS
==================================================================
======================================================================
EMCEE RECONSTRUCTION FOR cat000432
======================================================================

Loading PDF from: /eos/home-e/evilla/dune/sn-tps/neural_networks/electron_direction/three_plane_three_plane_v58_200k_lr_schedule_20251118_110931/cosine_energy_pdf.npz
PDF loaded

======================================================================
SCENARIO (EMCEE): PERFECT_CT
======================================================================

Loaded 3720 matched clusters across U, V, X planes
Selected clusters: 286
Running emcee: 64 walkers × 2000 steps...
Acceptance fraction: 8.8%
Mean direction: θ=-69.39°, φ=85.12°
Uncertainties: Δθ=29.82°, Δφ=18.71°
68% credible angle: 25.01°

Angular error: 8.96°

======================================================================
SCENARIO (EMCEE): ES_MAIN_CC_SHOWER
======================================================================

Loaded 3720 matched clusters across U, V, X planes
Selected clusters: 286
Running emcee: 64 walkers × 2000 steps...
Acceptance fraction: 7.4%
Mean direction: θ=-66.30°, φ=85.29°
Uncertainties: Δθ=35.61°, Δφ=18.20°
68% credible angle: 25.59°

Angular error: 7.41°

======================================================================
SCENARIO (EMCEE): ES_MAIN_CC_ALL
======================================================================

Loaded 3720 matched clusters across U, V, X planes
Selected clusters: 286
Running emcee: 64 walkers × 2000 steps...
Acceptance fraction: 6.9%
Mean direction: θ=-72.97°, φ=91.21°
Uncertainties: Δθ=39.87°, Δφ=18.82°
68% credible angle: 25.76°

Angular error: 8.92°

======================================================================
SCENARIO (EMCEE): ES_ALL_CC_SHOWER
======================================================================

Loaded 3720 matched clusters across U, V, X planes
Selected clusters: 286
Running emcee: 64 walkers × 2000 steps...
Acceptance fraction: 9.7%
Mean direction: θ=-63.74°, φ=91.26°
Uncertainties: Δθ=28.36°, Δφ=15.43°
68% credible angle: 22.75°

Angular error: 1.18°

======================================================================
SCENARIO (EMCEE): ES_ALL_CC_ALL
======================================================================

Loaded 3720 matched clusters across U, V, X planes
Selected clusters: 286
Running emcee: 64 walkers × 2000 steps...
Acceptance fraction: 7.5%
Mean direction: θ=-64.83°, φ=82.93°
Uncertainties: Δθ=50.06°, Δφ=19.87°
68% credible angle: 23.89°

Angular error: 9.47°

======================================================================
SCENARIO (EMCEE): ALL_TRACKS_ALL_SHOWERS
======================================================================

Loaded 3720 matched clusters across U, V, X planes
Selected clusters: 3720
Running emcee: 64 walkers × 2000 steps...
Acceptance fraction: 5.0%
Mean direction: θ=-130.87°, φ=107.55°
Uncertainties: Δθ=66.72°, Δφ=27.72°
68% credible angle: 85.75°

Angular error: 67.13°

✓ Saved: /eos/project-e/ep-nu/evilla/sn-pointing/cat000432/pipeline/cat000432_scenario_perfect_ct_emcee.npz

✓ Saved: /eos/project-e/ep-nu/evilla/sn-pointing/cat000432/pipeline/cat000432_scenario_es_main_cc_shower_emcee.npz

✓ Saved: /eos/project-e/ep-nu/evilla/sn-pointing/cat000432/pipeline/cat000432_scenario_es_main_cc_all_emcee.npz

✓ Saved: /eos/project-e/ep-nu/evilla/sn-pointing/cat000432/pipeline/cat000432_scenario_es_all_cc_shower_emcee.npz

✓ Saved: /eos/project-e/ep-nu/evilla/sn-pointing/cat000432/pipeline/cat000432_scenario_es_all_cc_all_emcee.npz

✓ Saved: /eos/project-e/ep-nu/evilla/sn-pointing/cat000432/pipeline/cat000432_scenario_all_tracks_all_showers_emcee.npz
✓ cat000432 completed successfully
