Processing cat000283 with 6 scenarios...
Cat directory: /eos/project-e/ep-nu/evilla/sn-pointing/cat000283
======================================================================
EMCEE RECONSTRUCTION FOR cat000283
======================================================================

Loading PDF from: /eos/home-e/evilla/dune/sn-tps/neural_networks/electron_direction/three_plane_three_plane_v58_200k_lr_schedule_20251118_110931/cosine_energy_pdf.npz
PDF loaded

======================================================================
SCENARIO (EMCEE): BEST_CASE
======================================================================

Loaded 3705 matched main-track clusters across U, V, X planes
Selected 278 ES main tracks
After E > 3 MeV cut: 278 clusters
Running emcee: 64 walkers × 2000 steps...
Acceptance fraction: 12.3%
Mean direction: θ=144.05°, φ=105.20°
Uncertainties: Δθ=34.91°, Δφ=15.01°
68% credible angle: 34.52°

Angular error: 4.65°

======================================================================
SCENARIO (EMCEE): PERFECT_CT
======================================================================

Loaded 3705 matched main-track clusters across U, V, X planes
Selected 278 ES main tracks
Loading ED model from: /eos/home-e/evilla/dune/sn-tps/neural_networks/electron_direction/three_plane_three_plane_v58_200k_lr_schedule_20251118_110931/checkpoints/model_epoch_12_val_loss_0.8898.keras
Running ED inference...
After energy cut: 278 clusters
Running emcee: 64 walkers × 2000 steps...
Acceptance fraction: 8.6%
Mean direction: θ=164.22°, φ=110.77°
Uncertainties: Δθ=27.10°, Δφ=18.36°
68% credible angle: 34.96°

Angular error: 23.91°

======================================================================
SCENARIO (EMCEE): FULL_PIPELINE
======================================================================

Loaded 3705 matched main-track clusters across U, V, X planes
Using all 3705 main-track clusters
Loading CT model from: /eos/user/e/evilla/dune/sn-tps/neural_networks/channel_tagging/ct_volume_v52_batch_reload_20251116_101125/best_model.keras
Running CT inference...
CT selected 3346 ES candidates from 3705 clusters
  ES prob range: [0.000, 1.000]
Loading ED model from: /eos/home-e/evilla/dune/sn-tps/neural_networks/electron_direction/three_plane_three_plane_v58_200k_lr_schedule_20251118_110931/checkpoints/model_epoch_12_val_loss_0.8898.keras
Running ED inference on 3346 clusters...
After E > 3 MeV cut: 3333 clusters
Running emcee: 64 walkers × 2000 steps...
Acceptance fraction: 3.5%
Mean direction: θ=164.29°, φ=100.75°
Uncertainties: Δθ=55.98°, Δφ=26.10°
68% credible angle: 58.54°

Angular error: 24.84°

======================================================================
SCENARIO (EMCEE): WEIGHTED_CT
======================================================================

Loaded 3705 matched main-track clusters across U, V, X planes
Using all 3705 main-track clusters
Loading CT model from: /eos/user/e/evilla/dune/sn-tps/neural_networks/channel_tagging/ct_volume_v52_batch_reload_20251116_101125/best_model.keras
Running CT inference...
CT selected 3346 ES candidates from 3705 clusters
  ES prob range: [0.000, 1.000]
Loading ED model from: /eos/home-e/evilla/dune/sn-tps/neural_networks/electron_direction/three_plane_three_plane_v58_200k_lr_schedule_20251118_110931/checkpoints/model_epoch_12_val_loss_0.8898.keras
Running ED inference on 3346 clusters...
Using CT weights (ES probabilities)
After E > 3 MeV cut: 3333 clusters
Running weighted MCMC with 3333 weights
Running emcee: 64 walkers × 2000 steps...
Acceptance fraction: 4.4%
Mean direction: θ=-177.81°, φ=95.99°
Uncertainties: Δθ=56.20°, Δφ=28.63°
68% credible angle: 51.66°

Angular error: 43.16°

======================================================================
SCENARIO (EMCEE): PERFECT_CT_E_GT_10MEV
======================================================================

Loaded 3705 matched main-track clusters across U, V, X planes
Selected 278 ES main tracks
Loading ED model from: /eos/home-e/evilla/dune/sn-tps/neural_networks/electron_direction/three_plane_three_plane_v58_200k_lr_schedule_20251118_110931/checkpoints/model_epoch_12_val_loss_0.8898.keras
Running ED inference...
Applying E > 10 MeV cut
After energy cut: 156 clusters
Running emcee: 64 walkers × 2000 steps...
Acceptance fraction: 7.7%
Mean direction: θ=164.54°, φ=111.43°
Uncertainties: Δθ=25.26°, Δφ=16.43°
68% credible angle: 31.61°

Angular error: 24.28°

======================================================================
SCENARIO (EMCEE): PERFECT_CT_E_GT_20MEV
======================================================================

Loaded 3705 matched main-track clusters across U, V, X planes
Selected 278 ES main tracks
Loading ED model from: /eos/home-e/evilla/dune/sn-tps/neural_networks/electron_direction/three_plane_three_plane_v58_200k_lr_schedule_20251118_110931/checkpoints/model_epoch_12_val_loss_0.8898.keras
Running ED inference...
Applying E > 20 MeV cut
After energy cut: 36 clusters
Running emcee: 64 walkers × 2000 steps...
Acceptance fraction: 12.3%
Mean direction: θ=165.25°, φ=108.17°
Uncertainties: Δθ=32.20°, Δφ=12.63°
68% credible angle: 20.47°

Angular error: 24.73°

✓ Saved: /eos/project-e/ep-nu/evilla/sn-pointing/cat000283/pipeline/cat000283_scenario_best_case_emcee.npz

✓ Saved: /eos/project-e/ep-nu/evilla/sn-pointing/cat000283/pipeline/cat000283_scenario_perfect_ct_emcee.npz

✓ Saved: /eos/project-e/ep-nu/evilla/sn-pointing/cat000283/pipeline/cat000283_scenario_full_pipeline_emcee.npz

✓ Saved: /eos/project-e/ep-nu/evilla/sn-pointing/cat000283/pipeline/cat000283_scenario_weighted_ct_emcee.npz

✓ Saved: /eos/project-e/ep-nu/evilla/sn-pointing/cat000283/pipeline/cat000283_scenario_perfect_ct_e_gt_10mev_emcee.npz

✓ Saved: /eos/project-e/ep-nu/evilla/sn-pointing/cat000283/pipeline/cat000283_scenario_perfect_ct_e_gt_20mev_emcee.npz
✓ cat000283 completed successfully
