Processing cat000448 with 6 scenarios...
Cat directory: /eos/project-e/ep-nu/evilla/sn-pointing/cat000448
======================================================================
EMCEE RECONSTRUCTION FOR cat000448
======================================================================

Loading PDF from: /eos/home-e/evilla/dune/sn-tps/neural_networks/electron_direction/three_plane_three_plane_v58_200k_lr_schedule_20251118_110931/cosine_energy_pdf.npz
PDF loaded

======================================================================
SCENARIO (EMCEE): BEST_CASE
======================================================================

Loaded 3629 matched main-track clusters across U, V, X planes
Selected 256 ES main tracks
After E > 3 MeV cut: 256 clusters
Running emcee: 64 walkers × 2000 steps...
Acceptance fraction: 7.2%
Mean direction: θ=167.95°, φ=67.03°
Uncertainties: Δθ=29.05°, Δφ=18.21°
68% credible angle: 28.62°

Angular error: 10.32°

======================================================================
SCENARIO (EMCEE): PERFECT_CT
======================================================================

Loaded 3629 matched main-track clusters across U, V, X planes
Selected 256 ES main tracks
Loading ED model from: /eos/home-e/evilla/dune/sn-tps/neural_networks/electron_direction/three_plane_three_plane_v58_200k_lr_schedule_20251118_110931/checkpoints/model_epoch_12_val_loss_0.8898.keras
Running ED inference...
After energy cut: 256 clusters
Running emcee: 64 walkers × 2000 steps...
Acceptance fraction: 7.7%
Mean direction: θ=179.38°, φ=70.31°
Uncertainties: Δθ=23.07°, Δφ=17.43°
68% credible angle: 30.40°

Angular error: 21.34°

======================================================================
SCENARIO (EMCEE): FULL_PIPELINE
======================================================================

Loaded 3629 matched main-track clusters across U, V, X planes
Using all 3629 main-track clusters
Loading CT model from: /eos/user/e/evilla/dune/sn-tps/neural_networks/channel_tagging/ct_volume_v52_batch_reload_20251116_101125/best_model.keras
Running CT inference...
CT selected 3289 ES candidates from 3629 clusters
  ES prob range: [0.000, 1.000]
Loading ED model from: /eos/home-e/evilla/dune/sn-tps/neural_networks/electron_direction/three_plane_three_plane_v58_200k_lr_schedule_20251118_110931/checkpoints/model_epoch_12_val_loss_0.8898.keras
Running ED inference on 3289 clusters...
After E > 3 MeV cut: 3279 clusters
Running emcee: 64 walkers × 2000 steps...
Acceptance fraction: 3.4%
Mean direction: θ=-179.03°, φ=90.93°
Uncertainties: Δθ=60.43°, Δφ=31.40°
68% credible angle: 54.30°

Angular error: 33.68°

======================================================================
SCENARIO (EMCEE): WEIGHTED_CT
======================================================================

Loaded 3629 matched main-track clusters across U, V, X planes
Using all 3629 main-track clusters
Loading CT model from: /eos/user/e/evilla/dune/sn-tps/neural_networks/channel_tagging/ct_volume_v52_batch_reload_20251116_101125/best_model.keras
Running CT inference...
CT selected 3289 ES candidates from 3629 clusters
  ES prob range: [0.000, 1.000]
Loading ED model from: /eos/home-e/evilla/dune/sn-tps/neural_networks/electron_direction/three_plane_three_plane_v58_200k_lr_schedule_20251118_110931/checkpoints/model_epoch_12_val_loss_0.8898.keras
Running ED inference on 3289 clusters...
Using CT weights (ES probabilities)
After E > 3 MeV cut: 3279 clusters
Running weighted MCMC with 3279 weights
Running emcee: 64 walkers × 2000 steps...
Acceptance fraction: 3.6%
Mean direction: θ=-172.39°, φ=89.63°
Uncertainties: Δθ=55.35°, Δφ=30.74°
68% credible angle: 49.07°

Angular error: 37.64°

======================================================================
SCENARIO (EMCEE): PERFECT_CT_E_GT_10MEV
======================================================================

Loaded 3629 matched main-track clusters across U, V, X planes
Selected 256 ES main tracks
Loading ED model from: /eos/home-e/evilla/dune/sn-tps/neural_networks/electron_direction/three_plane_three_plane_v58_200k_lr_schedule_20251118_110931/checkpoints/model_epoch_12_val_loss_0.8898.keras
Running ED inference...
Applying E > 10 MeV cut
After energy cut: 151 clusters
Running emcee: 64 walkers × 2000 steps...
Acceptance fraction: 10.7%
Mean direction: θ=176.85°, φ=70.70°
Uncertainties: Δθ=21.27°, Δφ=16.13°
68% credible angle: 26.57°

Angular error: 19.12°

======================================================================
SCENARIO (EMCEE): PERFECT_CT_E_GT_20MEV
======================================================================

Loaded 3629 matched main-track clusters across U, V, X planes
Selected 256 ES main tracks
Loading ED model from: /eos/home-e/evilla/dune/sn-tps/neural_networks/electron_direction/three_plane_three_plane_v58_200k_lr_schedule_20251118_110931/checkpoints/model_epoch_12_val_loss_0.8898.keras
Running ED inference...
Applying E > 20 MeV cut
After energy cut: 31 clusters
Running emcee: 64 walkers × 2000 steps...
Acceptance fraction: 13.1%
Mean direction: θ=176.56°, φ=72.15°
Uncertainties: Δθ=30.96°, Δφ=17.22°
68% credible angle: 15.70°

Angular error: 19.28°

✓ Saved: /eos/project-e/ep-nu/evilla/sn-pointing/cat000448/pipeline/cat000448_scenario_best_case_emcee.npz

✓ Saved: /eos/project-e/ep-nu/evilla/sn-pointing/cat000448/pipeline/cat000448_scenario_perfect_ct_emcee.npz

✓ Saved: /eos/project-e/ep-nu/evilla/sn-pointing/cat000448/pipeline/cat000448_scenario_full_pipeline_emcee.npz

✓ Saved: /eos/project-e/ep-nu/evilla/sn-pointing/cat000448/pipeline/cat000448_scenario_weighted_ct_emcee.npz

✓ Saved: /eos/project-e/ep-nu/evilla/sn-pointing/cat000448/pipeline/cat000448_scenario_perfect_ct_e_gt_10mev_emcee.npz

✓ Saved: /eos/project-e/ep-nu/evilla/sn-pointing/cat000448/pipeline/cat000448_scenario_perfect_ct_e_gt_20mev_emcee.npz
✓ cat000448 completed successfully
