==================================================================
Processing cat000301 with EMCEE - ALL SCENARIOS
==================================================================
======================================================================
EMCEE RECONSTRUCTION FOR cat000301
======================================================================

Loading PDF from: /eos/home-e/evilla/dune/sn-tps/neural_networks/electron_direction/three_plane_three_plane_v58_200k_lr_schedule_20251118_110931/cosine_energy_pdf.npz
PDF loaded

======================================================================
SCENARIO (EMCEE): PERFECT_CT
======================================================================

Loaded 3815 matched clusters across U, V, X planes
Selected clusters: 298
Running emcee: 64 walkers × 2000 steps...
Acceptance fraction: 10.3%
Mean direction: θ=-125.51°, φ=150.10°
Uncertainties: Δθ=66.02°, Δφ=14.36°
68% credible angle: 39.59°

Angular error: 17.38°

======================================================================
SCENARIO (EMCEE): ES_MAIN_CC_SHOWER
======================================================================

Loaded 3815 matched clusters across U, V, X planes
Selected clusters: 298
Running emcee: 64 walkers × 2000 steps...
Acceptance fraction: 10.4%
Mean direction: θ=-98.98°, φ=146.05°
Uncertainties: Δθ=63.58°, Δφ=11.28°
68% credible angle: 32.97°

Angular error: 3.65°

======================================================================
SCENARIO (EMCEE): ES_MAIN_CC_ALL
======================================================================

Loaded 3815 matched clusters across U, V, X planes
Selected clusters: 298
Running emcee: 64 walkers × 2000 steps...
Acceptance fraction: 10.1%
Mean direction: θ=-148.65°, φ=145.92°
Uncertainties: Δθ=53.74°, Δφ=25.29°
68% credible angle: 23.38°

Angular error: 30.22°

======================================================================
SCENARIO (EMCEE): ES_ALL_CC_SHOWER
======================================================================

Loaded 3815 matched clusters across U, V, X planes
Selected clusters: 298
Running emcee: 64 walkers × 2000 steps...
Acceptance fraction: 9.3%
Mean direction: θ=-124.20°, φ=148.84°
Uncertainties: Δθ=64.66°, Δφ=13.37°
68% credible angle: 38.97°

Angular error: 16.83°

======================================================================
SCENARIO (EMCEE): ES_ALL_CC_ALL
======================================================================

Loaded 3815 matched clusters across U, V, X planes
Selected clusters: 298
Running emcee: 64 walkers × 2000 steps...
Acceptance fraction: 9.3%
Mean direction: θ=-108.49°, φ=148.55°
Uncertainties: Δθ=73.51°, Δφ=20.94°
68% credible angle: 35.05°

Angular error: 8.69°

======================================================================
SCENARIO (EMCEE): ALL_TRACKS_ALL_SHOWERS
======================================================================

Loaded 3815 matched clusters across U, V, X planes
Selected clusters: 3815
Running emcee: 64 walkers × 2000 steps...
Acceptance fraction: 3.2%
Mean direction: θ=-164.17°, φ=123.57°
Uncertainties: Δθ=62.91°, Δφ=27.05°
68% credible angle: 53.03°

Angular error: 52.68°

✓ Saved: /eos/project-e/ep-nu/evilla/sn-pointing/cat000301/pipeline/cat000301_scenario_perfect_ct_emcee.npz

✓ Saved: /eos/project-e/ep-nu/evilla/sn-pointing/cat000301/pipeline/cat000301_scenario_es_main_cc_shower_emcee.npz

✓ Saved: /eos/project-e/ep-nu/evilla/sn-pointing/cat000301/pipeline/cat000301_scenario_es_main_cc_all_emcee.npz

✓ Saved: /eos/project-e/ep-nu/evilla/sn-pointing/cat000301/pipeline/cat000301_scenario_es_all_cc_shower_emcee.npz

✓ Saved: /eos/project-e/ep-nu/evilla/sn-pointing/cat000301/pipeline/cat000301_scenario_es_all_cc_all_emcee.npz

✓ Saved: /eos/project-e/ep-nu/evilla/sn-pointing/cat000301/pipeline/cat000301_scenario_all_tracks_all_showers_emcee.npz
✓ cat000301 completed successfully
