000 (13791716.100.000) 11/20 10:18:20 Job submitted from host: <188.184.90.62:9618?addrs=188.184.90.62-9618+[2001-1458-201-e4--100-238]-9618&alias=bigbird16.cern.ch&noUDP&sock=schedd_5196_9a2f>
...
040 (13791716.100.000) 11/20 10:25:43 Started transferring input files
	Transferring to host: <188.185.190.22:9618?addrs=188.185.190.22-9618+[2001-1458-d03-b--100-82]-9618&alias=b9pgpun032.cern.ch&noUDP&sock=slot1_1_260364_bdd5_9221>
...
040 (13791716.100.000) 11/20 10:25:43 Finished transferring input files
...
001 (13791716.100.000) 11/20 10:25:44 Job executing on host: <188.185.190.22:9618?addrs=188.185.190.22-9618+[2001-1458-d03-b--100-82]-9618&alias=b9pgpun032.cern.ch&noUDP&sock=startd_254650_4c2f>
	SlotName: slot1_1@b9pgpun032.cern.ch
	AvailableGPUs = { GPUs_MIG_10819267_cb2b_50db_8d37_3de01d2f3533 }
	CondorScratchDir = "/pool/condor/dir_3107111"
	Cpus = 11
	Disk = 4195348
	GPUs = 1
	GPUs_MIG_10819267_cb2b_50db_8d37_3de01d2f3533 = [ Id = "MIG-10819267-cb2b-50db-8d37-3de01d2f3533"; DeviceName = "NVIDIA H100L-2-24C MIG 2g.24gb"; DeviceUuid = "MIG-10819267-cb2b-50db-8d37-3de01d2f3533"; ComputeUnits = 32; GlobalMemoryMb = 21547 ]
	Memory = 33000
...
006 (13791716.100.000) 11/20 10:25:57 Image size of job updated: 342992
	335  -  MemoryUsage of job (MB)
	342992  -  ResidentSetSize of job (KB)
...
006 (13791716.100.000) 11/20 10:26:40 Image size of job updated: 1169620
	335  -  MemoryUsage of job (MB)
	342992  -  ResidentSetSize of job (KB)
...
040 (13791716.100.000) 11/20 10:26:40 Started transferring output files
...
040 (13791716.100.000) 11/20 10:26:40 Finished transferring output files
...
005 (13791716.100.000) 11/20 10:26:40 Job terminated.
	(1) Normal termination (return value 0)
		Usr 0 00:00:49, Sys 0 00:00:03  -  Run Remote Usage
		Usr 0 00:00:00, Sys 0 00:00:00  -  Run Local Usage
		Usr 0 00:00:49, Sys 0 00:00:03  -  Total Remote Usage
		Usr 0 00:00:00, Sys 0 00:00:00  -  Total Local Usage
	17584  -  Run Bytes Sent By Job
	1410806  -  Run Bytes Received By Job
	17584  -  Total Bytes Sent By Job
	1410806  -  Total Bytes Received By Job
	Partitionable Resources :    Usage  Request Allocated Assigned
	   Cpus                 :        0       11        11 
	   Disk (KB)            :     1418  4194304   4195348 
	   GPUs                 :                 1         1 "MIG-10819267-cb2b-50db-8d37-3de01d2f3533"
	   Memory (MB)          :      335    33000     33000 
	   TimeExecute (s)      :       56                    
	   TimeSlotBusy (s)     :       57                    

	Job terminated of its own accord at 2025-11-20T09:26:40Z with exit-code 0.
...
