000 (13791716.045.000) 11/20 10:18:20 Job submitted from host: <188.184.90.62:9618?addrs=188.184.90.62-9618+[2001-1458-201-e4--100-238]-9618&alias=bigbird16.cern.ch&noUDP&sock=schedd_5196_9a2f>
...
040 (13791716.045.000) 11/20 10:20:28 Started transferring input files
	Transferring to host: <188.185.92.254:9618?addrs=188.185.92.254-9618+[2001-1458-d00-6c--100-8f]-9618&alias=b9g57n6544.cern.ch&noUDP&sock=slot1_4_21219_7478_9874>
...
040 (13791716.045.000) 11/20 10:20:28 Finished transferring input files
...
001 (13791716.045.000) 11/20 10:20:29 Job executing on host: <188.185.92.254:9618?addrs=188.185.92.254-9618+[2001-1458-d00-6c--100-8f]-9618&alias=b9g57n6544.cern.ch&noUDP&sock=startd_20748_fb11>
	SlotName: slot1_4@b9g57n6544.cern.ch
	AvailableGPUs = { GPUs_GPU_8f5f97a2 }
	CondorScratchDir = "/pool/condor/dir_3092290"
	Cpus = 11
	Disk = 4195716
	GPUs = 1
	GPUs_GPU_8f5f97a2 = [ Id = "GPU-8f5f97a2"; ClockMhz = 1410.0; Capability = 8.0; CoresPerCU = 64; DeviceName = "NVIDIA A100-PCIE-40GB"; DeviceUuid = "8f5f97a2-c8cf-cf5d-bd1a-0a219e343c73"; ECCEnabled = true; ComputeUnits = 108; DriverVersion = 13.0; DevicePciBusId = "0000:09:00.0"; GlobalMemoryMb = 40441; MaxSupportedVersion = 13000 ]
	Memory = 33000
...
006 (13791716.045.000) 11/20 10:20:43 Image size of job updated: 214720
	210  -  MemoryUsage of job (MB)
	214720  -  ResidentSetSize of job (KB)
...
006 (13791716.045.000) 11/20 10:22:34 Image size of job updated: 1967440
	210  -  MemoryUsage of job (MB)
	214800  -  ResidentSetSize of job (KB)
...
040 (13791716.045.000) 11/20 10:22:34 Started transferring output files
...
040 (13791716.045.000) 11/20 10:22:34 Finished transferring output files
...
005 (13791716.045.000) 11/20 10:22:34 Job terminated.
	(1) Normal termination (return value 0)
		Usr 0 00:01:55, Sys 0 00:00:26  -  Run Remote Usage
		Usr 0 00:00:00, Sys 0 00:00:00  -  Run Local Usage
		Usr 0 00:01:55, Sys 0 00:00:26  -  Total Remote Usage
		Usr 0 00:00:00, Sys 0 00:00:00  -  Total Local Usage
	16936  -  Run Bytes Sent By Job
	1410806  -  Run Bytes Received By Job
	16936  -  Total Bytes Sent By Job
	1410806  -  Total Bytes Received By Job
	Partitionable Resources :    Usage  Request Allocated Assigned
	   Cpus                 :                11        11 
	   Disk (KB)            :     1410  4194304   4195716 
	   GPUs                 :                 1         1 "GPU-8f5f97a2"
	   Memory (MB)          :      210    33000     33000 
	   TimeExecute (s)      :      125                    
	   TimeSlotBusy (s)     :      126                    

	Job terminated of its own accord at 2025-11-20T09:22:34Z with exit-code 0.
...
