Processing cat000066 with 6 scenarios...
Cat directory: /eos/project-e/ep-nu/evilla/sn-pointing/cat000066
======================================================================
EMCEE RECONSTRUCTION FOR cat000066
======================================================================

Loading PDF from: /eos/home-e/evilla/dune/sn-tps/neural_networks/electron_direction/three_plane_three_plane_v58_200k_lr_schedule_20251118_110931/cosine_energy_pdf.npz
PDF loaded

======================================================================
SCENARIO (EMCEE): BEST_CASE
======================================================================

Loaded 3844 matched main-track clusters across U, V, X planes
Selected 271 ES main tracks
After E > 3 MeV cut: 271 clusters
Running emcee: 64 walkers × 2000 steps...
Acceptance fraction: 8.4%
Mean direction: θ=23.68°, φ=68.04°
Uncertainties: Δθ=27.62°, Δφ=21.71°
68% credible angle: 29.63°

Angular error: 8.38°

======================================================================
SCENARIO (EMCEE): PERFECT_CT
======================================================================

Loaded 3844 matched main-track clusters across U, V, X planes
Selected 271 ES main tracks
Loading ED model from: /eos/home-e/evilla/dune/sn-tps/neural_networks/electron_direction/three_plane_three_plane_v58_200k_lr_schedule_20251118_110931/checkpoints/model_epoch_12_val_loss_0.8898.keras
Running ED inference...
After energy cut: 271 clusters
Running emcee: 64 walkers × 2000 steps...
Acceptance fraction: 21.7%
Mean direction: θ=15.73°, φ=64.92°
Uncertainties: Δθ=22.99°, Δφ=17.74°
68% credible angle: 23.29°

Angular error: 8.62°

======================================================================
SCENARIO (EMCEE): FULL_PIPELINE
======================================================================

Loaded 3844 matched main-track clusters across U, V, X planes
Using all 3844 main-track clusters
Loading CT model from: /eos/user/e/evilla/dune/sn-tps/neural_networks/charge_topology/best_model.keras

✗ full_pipeline failed: File not found: filepath=/eos/user/e/evilla/dune/sn-tps/neural_networks/charge_topology/best_model.keras. Please ensure the file is an accessible `.keras` zip file.

======================================================================
SCENARIO (EMCEE): WEIGHTED_CT
======================================================================

Loaded 3844 matched main-track clusters across U, V, X planes
Using all 3844 main-track clusters
Loading CT model from: /eos/user/e/evilla/dune/sn-tps/neural_networks/charge_topology/best_model.keras

✗ weighted_ct failed: File not found: filepath=/eos/user/e/evilla/dune/sn-tps/neural_networks/charge_topology/best_model.keras. Please ensure the file is an accessible `.keras` zip file.

======================================================================
SCENARIO (EMCEE): PERFECT_CT_E_GT_10MEV
======================================================================

Loaded 3844 matched main-track clusters across U, V, X planes
Selected 271 ES main tracks
Loading ED model from: /eos/home-e/evilla/dune/sn-tps/neural_networks/electron_direction/three_plane_three_plane_v58_200k_lr_schedule_20251118_110931/checkpoints/model_epoch_12_val_loss_0.8898.keras
Running ED inference...
Applying E > 10 MeV cut
After energy cut: 148 clusters
Running emcee: 64 walkers × 2000 steps...
Acceptance fraction: 14.2%
Mean direction: θ=-4.69°, φ=63.20°
Uncertainties: Δθ=31.57°, Δφ=25.26°
68% credible angle: 26.30°

Angular error: 24.91°

======================================================================
SCENARIO (EMCEE): PERFECT_CT_E_GT_20MEV
======================================================================

Loaded 3844 matched main-track clusters across U, V, X planes
Selected 271 ES main tracks
Loading ED model from: /eos/home-e/evilla/dune/sn-tps/neural_networks/electron_direction/three_plane_three_plane_v58_200k_lr_schedule_20251118_110931/checkpoints/model_epoch_12_val_loss_0.8898.keras
Running ED inference...
Applying E > 20 MeV cut
After energy cut: 36 clusters
Running emcee: 64 walkers × 2000 steps...
Acceptance fraction: 20.6%
Mean direction: θ=-9.39°, φ=69.14°
Uncertainties: Δθ=43.84°, Δφ=26.24°
68% credible angle: 24.64°

Angular error: 30.97°

✓ Saved: /eos/project-e/ep-nu/evilla/sn-pointing/cat000066/pipeline/cat000066_scenario_best_case_emcee.npz

✓ Saved: /eos/project-e/ep-nu/evilla/sn-pointing/cat000066/pipeline/cat000066_scenario_perfect_ct_emcee.npz

✓ Saved: /eos/project-e/ep-nu/evilla/sn-pointing/cat000066/pipeline/cat000066_scenario_perfect_ct_e_gt_10mev_emcee.npz

✓ Saved: /eos/project-e/ep-nu/evilla/sn-pointing/cat000066/pipeline/cat000066_scenario_perfect_ct_e_gt_20mev_emcee.npz
✓ cat000066 completed successfully
