Processing cat000106 with 6 scenarios...
Cat directory: /eos/project-e/ep-nu/evilla/sn-pointing/cat000106
======================================================================
EMCEE RECONSTRUCTION FOR cat000106
======================================================================

Loading PDF from: /eos/home-e/evilla/dune/sn-tps/neural_networks/electron_direction/three_plane_three_plane_v58_200k_lr_schedule_20251118_110931/cosine_energy_pdf.npz
PDF loaded

======================================================================
SCENARIO (EMCEE): BEST_CASE
======================================================================

Loaded 3568 matched main-track clusters across U, V, X planes
Selected 213 ES main tracks
After E > 3 MeV cut: 213 clusters
Running emcee: 64 walkers × 2000 steps...
Acceptance fraction: 6.7%
Mean direction: θ=-12.42°, φ=90.92°
Uncertainties: Δθ=18.03°, Δφ=15.08°
68% credible angle: 26.17°

Angular error: 3.14°

======================================================================
SCENARIO (EMCEE): PERFECT_CT
======================================================================

Loaded 3568 matched main-track clusters across U, V, X planes
Selected 213 ES main tracks
Loading ED model from: /eos/home-e/evilla/dune/sn-tps/neural_networks/electron_direction/three_plane_three_plane_v58_200k_lr_schedule_20251118_110931/checkpoints/model_epoch_12_val_loss_0.8898.keras
Running ED inference...
After energy cut: 213 clusters
Running emcee: 64 walkers × 2000 steps...
Acceptance fraction: 12.4%
Mean direction: θ=-8.37°, φ=82.75°
Uncertainties: Δθ=19.67°, Δφ=11.00°
68% credible angle: 27.64°

Angular error: 10.76°

======================================================================
SCENARIO (EMCEE): FULL_PIPELINE
======================================================================

Loaded 3568 matched main-track clusters across U, V, X planes
Using all 3568 main-track clusters
Loading CT model from: /eos/user/e/evilla/dune/sn-tps/neural_networks/channel_tagging/ct_volume_v52_batch_reload_20251116_101125/best_model.keras
Running CT inference...
CT selected 3255 ES candidates from 3568 clusters
  ES prob range: [0.000, 1.000]
Loading ED model from: /eos/home-e/evilla/dune/sn-tps/neural_networks/electron_direction/three_plane_three_plane_v58_200k_lr_schedule_20251118_110931/checkpoints/model_epoch_12_val_loss_0.8898.keras
Running ED inference on 3255 clusters...
After E > 3 MeV cut: 3236 clusters
Running emcee: 64 walkers × 2000 steps...
Acceptance fraction: 4.9%
Mean direction: θ=-71.55°, φ=101.76°
Uncertainties: Δθ=78.29°, Δφ=31.97°
68% credible angle: 59.92°

Angular error: 56.62°

======================================================================
SCENARIO (EMCEE): WEIGHTED_CT
======================================================================

Loaded 3568 matched main-track clusters across U, V, X planes
Using all 3568 main-track clusters
Loading CT model from: /eos/user/e/evilla/dune/sn-tps/neural_networks/channel_tagging/ct_volume_v52_batch_reload_20251116_101125/best_model.keras
Running CT inference...
CT selected 3255 ES candidates from 3568 clusters
  ES prob range: [0.000, 1.000]
Loading ED model from: /eos/home-e/evilla/dune/sn-tps/neural_networks/electron_direction/three_plane_three_plane_v58_200k_lr_schedule_20251118_110931/checkpoints/model_epoch_12_val_loss_0.8898.keras
Running ED inference on 3255 clusters...
Using CT weights (ES probabilities)
After E > 3 MeV cut: 3236 clusters
Running weighted MCMC with 3236 weights
Running emcee: 64 walkers × 2000 steps...
Acceptance fraction: 5.1%
Mean direction: θ=-103.98°, φ=106.10°
Uncertainties: Δθ=100.04°, Δφ=35.20°
68% credible angle: 98.89°

Angular error: 88.27°

======================================================================
SCENARIO (EMCEE): PERFECT_CT_E_GT_10MEV
======================================================================

Loaded 3568 matched main-track clusters across U, V, X planes
Selected 213 ES main tracks
Loading ED model from: /eos/home-e/evilla/dune/sn-tps/neural_networks/electron_direction/three_plane_three_plane_v58_200k_lr_schedule_20251118_110931/checkpoints/model_epoch_12_val_loss_0.8898.keras
Running ED inference...
Applying E > 10 MeV cut
After energy cut: 129 clusters
Running emcee: 64 walkers × 2000 steps...
Acceptance fraction: 12.5%
Mean direction: θ=-16.01°, φ=87.94°
Uncertainties: Δθ=23.44°, Δφ=14.51°
68% credible angle: 23.22°

Angular error: 2.86°

======================================================================
SCENARIO (EMCEE): PERFECT_CT_E_GT_20MEV
======================================================================

Loaded 3568 matched main-track clusters across U, V, X planes
Selected 213 ES main tracks
Loading ED model from: /eos/home-e/evilla/dune/sn-tps/neural_networks/electron_direction/three_plane_three_plane_v58_200k_lr_schedule_20251118_110931/checkpoints/model_epoch_12_val_loss_0.8898.keras
Running ED inference...
Applying E > 20 MeV cut
After energy cut: 32 clusters
Running emcee: 64 walkers × 2000 steps...
Acceptance fraction: 17.6%
Mean direction: θ=-17.08°, φ=90.17°
Uncertainties: Δθ=51.64°, Δφ=13.36°
68% credible angle: 19.24°

Angular error: 1.64°

✓ Saved: /eos/project-e/ep-nu/evilla/sn-pointing/cat000106/pipeline/cat000106_scenario_best_case_emcee.npz

✓ Saved: /eos/project-e/ep-nu/evilla/sn-pointing/cat000106/pipeline/cat000106_scenario_perfect_ct_emcee.npz

✓ Saved: /eos/project-e/ep-nu/evilla/sn-pointing/cat000106/pipeline/cat000106_scenario_full_pipeline_emcee.npz

✓ Saved: /eos/project-e/ep-nu/evilla/sn-pointing/cat000106/pipeline/cat000106_scenario_weighted_ct_emcee.npz

✓ Saved: /eos/project-e/ep-nu/evilla/sn-pointing/cat000106/pipeline/cat000106_scenario_perfect_ct_e_gt_10mev_emcee.npz

✓ Saved: /eos/project-e/ep-nu/evilla/sn-pointing/cat000106/pipeline/cat000106_scenario_perfect_ct_e_gt_20mev_emcee.npz
✓ cat000106 completed successfully
