Processing cat000118 with 6 scenarios...
Cat directory: /eos/project-e/ep-nu/evilla/sn-pointing/cat000118
======================================================================
EMCEE RECONSTRUCTION FOR cat000118
======================================================================

Loading PDF from: /eos/home-e/evilla/dune/sn-tps/neural_networks/electron_direction/three_plane_three_plane_v58_200k_lr_schedule_20251118_110931/cosine_energy_pdf.npz
PDF loaded

======================================================================
SCENARIO (EMCEE): BEST_CASE
======================================================================

Loaded 3583 matched main-track clusters across U, V, X planes
Selected 265 ES main tracks
After E > 3 MeV cut: 265 clusters
Running emcee: 64 walkers × 2000 steps...
Acceptance fraction: 16.8%
Mean direction: θ=29.48°, φ=116.03°
Uncertainties: Δθ=67.40°, Δφ=48.65°
68% credible angle: 39.23°

Angular error: 39.24°

======================================================================
SCENARIO (EMCEE): PERFECT_CT
======================================================================

Loaded 3583 matched main-track clusters across U, V, X planes
Selected 265 ES main tracks
Loading ED model from: /eos/home-e/evilla/dune/sn-tps/neural_networks/electron_direction/three_plane_three_plane_v58_200k_lr_schedule_20251118_110931/checkpoints/model_epoch_12_val_loss_0.8898.keras
Running ED inference...
After energy cut: 265 clusters
Running emcee: 64 walkers × 2000 steps...
Acceptance fraction: 12.8%
Mean direction: θ=70.01°, φ=140.41°
Uncertainties: Δθ=47.05°, Δφ=17.06°
68% credible angle: 28.57°

Angular error: 3.14°

======================================================================
SCENARIO (EMCEE): FULL_PIPELINE
======================================================================

Loaded 3583 matched main-track clusters across U, V, X planes
Using all 3583 main-track clusters
Loading CT model from: /eos/user/e/evilla/dune/sn-tps/neural_networks/channel_tagging/ct_volume_v52_batch_reload_20251116_101125/best_model.keras
Running CT inference...
CT selected 3271 ES candidates from 3583 clusters
  ES prob range: [0.000, 1.000]
Loading ED model from: /eos/home-e/evilla/dune/sn-tps/neural_networks/electron_direction/three_plane_three_plane_v58_200k_lr_schedule_20251118_110931/checkpoints/model_epoch_12_val_loss_0.8898.keras
Running ED inference on 3271 clusters...
After E > 3 MeV cut: 3255 clusters
Running emcee: 64 walkers × 2000 steps...
Acceptance fraction: 4.2%
Mean direction: θ=152.60°, φ=115.22°
Uncertainties: Δθ=73.04°, Δφ=38.05°
68% credible angle: 60.46°

Angular error: 67.09°

======================================================================
SCENARIO (EMCEE): WEIGHTED_CT
======================================================================

Loaded 3583 matched main-track clusters across U, V, X planes
Using all 3583 main-track clusters
Loading CT model from: /eos/user/e/evilla/dune/sn-tps/neural_networks/channel_tagging/ct_volume_v52_batch_reload_20251116_101125/best_model.keras
Running CT inference...
CT selected 3271 ES candidates from 3583 clusters
  ES prob range: [0.000, 1.000]
Loading ED model from: /eos/home-e/evilla/dune/sn-tps/neural_networks/electron_direction/three_plane_three_plane_v58_200k_lr_schedule_20251118_110931/checkpoints/model_epoch_12_val_loss_0.8898.keras
Running ED inference on 3271 clusters...
Using CT weights (ES probabilities)
After E > 3 MeV cut: 3255 clusters
Running weighted MCMC with 3255 weights
Running emcee: 64 walkers × 2000 steps...
Acceptance fraction: 4.1%
Mean direction: θ=157.42°, φ=113.15°
Uncertainties: Δθ=77.40°, Δφ=40.02°
68% credible angle: 57.32°

Angular error: 71.50°

======================================================================
SCENARIO (EMCEE): PERFECT_CT_E_GT_10MEV
======================================================================

Loaded 3583 matched main-track clusters across U, V, X planes
Selected 265 ES main tracks
Loading ED model from: /eos/home-e/evilla/dune/sn-tps/neural_networks/electron_direction/three_plane_three_plane_v58_200k_lr_schedule_20251118_110931/checkpoints/model_epoch_12_val_loss_0.8898.keras
Running ED inference...
Applying E > 10 MeV cut
After energy cut: 146 clusters
Running emcee: 64 walkers × 2000 steps...
Acceptance fraction: 12.5%
Mean direction: θ=54.24°, φ=141.25°
Uncertainties: Δθ=52.59°, Δφ=34.02°
68% credible angle: 31.96°

Angular error: 8.44°

======================================================================
SCENARIO (EMCEE): PERFECT_CT_E_GT_20MEV
======================================================================

Loaded 3583 matched main-track clusters across U, V, X planes
Selected 265 ES main tracks
Loading ED model from: /eos/home-e/evilla/dune/sn-tps/neural_networks/electron_direction/three_plane_three_plane_v58_200k_lr_schedule_20251118_110931/checkpoints/model_epoch_12_val_loss_0.8898.keras
Running ED inference...
Applying E > 20 MeV cut
After energy cut: 38 clusters
Running emcee: 64 walkers × 2000 steps...
Acceptance fraction: 15.6%
Mean direction: θ=72.75°, φ=116.00°
Uncertainties: Δθ=79.04°, Δφ=47.17°
68% credible angle: 55.22°

Angular error: 27.46°

✓ Saved: /eos/project-e/ep-nu/evilla/sn-pointing/cat000118/pipeline/cat000118_scenario_best_case_emcee.npz

✓ Saved: /eos/project-e/ep-nu/evilla/sn-pointing/cat000118/pipeline/cat000118_scenario_perfect_ct_emcee.npz

✓ Saved: /eos/project-e/ep-nu/evilla/sn-pointing/cat000118/pipeline/cat000118_scenario_full_pipeline_emcee.npz

✓ Saved: /eos/project-e/ep-nu/evilla/sn-pointing/cat000118/pipeline/cat000118_scenario_weighted_ct_emcee.npz

✓ Saved: /eos/project-e/ep-nu/evilla/sn-pointing/cat000118/pipeline/cat000118_scenario_perfect_ct_e_gt_10mev_emcee.npz

✓ Saved: /eos/project-e/ep-nu/evilla/sn-pointing/cat000118/pipeline/cat000118_scenario_perfect_ct_e_gt_20mev_emcee.npz
✓ cat000118 completed successfully
