Processing cat000141 with 6 scenarios...
Cat directory: /eos/project-e/ep-nu/evilla/sn-pointing/cat000141
======================================================================
EMCEE RECONSTRUCTION FOR cat000141
======================================================================

Loading PDF from: /eos/home-e/evilla/dune/sn-tps/neural_networks/electron_direction/three_plane_three_plane_v58_200k_lr_schedule_20251118_110931/cosine_energy_pdf.npz
PDF loaded

======================================================================
SCENARIO (EMCEE): BEST_CASE
======================================================================

Loaded 3768 matched main-track clusters across U, V, X planes
Selected 299 ES main tracks
After E > 3 MeV cut: 299 clusters
Running emcee: 64 walkers × 2000 steps...
Acceptance fraction: 11.2%
Mean direction: θ=-111.87°, φ=121.77°
Uncertainties: Δθ=50.80°, Δφ=26.62°
68% credible angle: 37.93°

Angular error: 14.29°

======================================================================
SCENARIO (EMCEE): PERFECT_CT
======================================================================

Loaded 3768 matched main-track clusters across U, V, X planes
Selected 299 ES main tracks
Loading ED model from: /eos/home-e/evilla/dune/sn-tps/neural_networks/electron_direction/three_plane_three_plane_v58_200k_lr_schedule_20251118_110931/checkpoints/model_epoch_12_val_loss_0.8898.keras
Running ED inference...
After energy cut: 299 clusters
Running emcee: 64 walkers × 2000 steps...
Acceptance fraction: 15.9%
Mean direction: θ=-135.21°, φ=128.53°
Uncertainties: Δθ=31.43°, Δφ=14.18°
68% credible angle: 32.88°

Angular error: 29.82°

======================================================================
SCENARIO (EMCEE): FULL_PIPELINE
======================================================================

Loaded 3768 matched main-track clusters across U, V, X planes
Using all 3768 main-track clusters
Loading CT model from: /eos/user/e/evilla/dune/sn-tps/neural_networks/channel_tagging/ct_volume_v52_batch_reload_20251116_101125/best_model.keras
Running CT inference...
CT selected 3423 ES candidates from 3768 clusters
  ES prob range: [0.000, 1.000]
Loading ED model from: /eos/home-e/evilla/dune/sn-tps/neural_networks/electron_direction/three_plane_three_plane_v58_200k_lr_schedule_20251118_110931/checkpoints/model_epoch_12_val_loss_0.8898.keras
Running ED inference on 3423 clusters...
After E > 3 MeV cut: 3400 clusters
Running emcee: 64 walkers × 2000 steps...
Acceptance fraction: 3.4%
Mean direction: θ=-168.30°, φ=117.46°
Uncertainties: Δθ=71.60°, Δφ=29.66°
68% credible angle: 55.37°

Angular error: 59.49°

======================================================================
SCENARIO (EMCEE): WEIGHTED_CT
======================================================================

Loaded 3768 matched main-track clusters across U, V, X planes
Using all 3768 main-track clusters
Loading CT model from: /eos/user/e/evilla/dune/sn-tps/neural_networks/channel_tagging/ct_volume_v52_batch_reload_20251116_101125/best_model.keras
Running CT inference...
CT selected 3423 ES candidates from 3768 clusters
  ES prob range: [0.000, 1.000]
Loading ED model from: /eos/home-e/evilla/dune/sn-tps/neural_networks/electron_direction/three_plane_three_plane_v58_200k_lr_schedule_20251118_110931/checkpoints/model_epoch_12_val_loss_0.8898.keras
Running ED inference on 3423 clusters...
Using CT weights (ES probabilities)
After E > 3 MeV cut: 3400 clusters
Running weighted MCMC with 3400 weights
Running emcee: 64 walkers × 2000 steps...
Acceptance fraction: 4.3%
Mean direction: θ=-136.35°, φ=118.77°
Uncertainties: Δθ=75.91°, Δφ=31.39°
68% credible angle: 63.46°

Angular error: 34.18°

======================================================================
SCENARIO (EMCEE): PERFECT_CT_E_GT_10MEV
======================================================================

Loaded 3768 matched main-track clusters across U, V, X planes
Selected 299 ES main tracks
Loading ED model from: /eos/home-e/evilla/dune/sn-tps/neural_networks/electron_direction/three_plane_three_plane_v58_200k_lr_schedule_20251118_110931/checkpoints/model_epoch_12_val_loss_0.8898.keras
Running ED inference...
Applying E > 10 MeV cut
After energy cut: 166 clusters
Running emcee: 64 walkers × 2000 steps...
Acceptance fraction: 8.8%
Mean direction: θ=-137.59°, φ=123.78°
Uncertainties: Δθ=52.79°, Δφ=27.99°
68% credible angle: 43.66°

Angular error: 33.06°

======================================================================
SCENARIO (EMCEE): PERFECT_CT_E_GT_20MEV
======================================================================

Loaded 3768 matched main-track clusters across U, V, X planes
Selected 299 ES main tracks
Loading ED model from: /eos/home-e/evilla/dune/sn-tps/neural_networks/electron_direction/three_plane_three_plane_v58_200k_lr_schedule_20251118_110931/checkpoints/model_epoch_12_val_loss_0.8898.keras
Running ED inference...
Applying E > 20 MeV cut
After energy cut: 42 clusters
Running emcee: 64 walkers × 2000 steps...
Acceptance fraction: 25.2%
Mean direction: θ=-121.24°, φ=136.20°
Uncertainties: Δθ=59.22°, Δφ=35.53°
68% credible angle: 37.65°

Angular error: 19.37°

✓ Saved: /eos/project-e/ep-nu/evilla/sn-pointing/cat000141/pipeline/cat000141_scenario_best_case_emcee.npz

✓ Saved: /eos/project-e/ep-nu/evilla/sn-pointing/cat000141/pipeline/cat000141_scenario_perfect_ct_emcee.npz

✓ Saved: /eos/project-e/ep-nu/evilla/sn-pointing/cat000141/pipeline/cat000141_scenario_full_pipeline_emcee.npz

✓ Saved: /eos/project-e/ep-nu/evilla/sn-pointing/cat000141/pipeline/cat000141_scenario_weighted_ct_emcee.npz

✓ Saved: /eos/project-e/ep-nu/evilla/sn-pointing/cat000141/pipeline/cat000141_scenario_perfect_ct_e_gt_10mev_emcee.npz

✓ Saved: /eos/project-e/ep-nu/evilla/sn-pointing/cat000141/pipeline/cat000141_scenario_perfect_ct_e_gt_20mev_emcee.npz
✓ cat000141 completed successfully
