Processing cat000433 with 6 scenarios...
Cat directory: /eos/project-e/ep-nu/evilla/sn-pointing/cat000433
======================================================================
EMCEE RECONSTRUCTION FOR cat000433
======================================================================

Loading PDF from: /eos/home-e/evilla/dune/sn-tps/neural_networks/electron_direction/three_plane_three_plane_v58_200k_lr_schedule_20251118_110931/cosine_energy_pdf.npz
PDF loaded

======================================================================
SCENARIO (EMCEE): BEST_CASE
======================================================================

Loaded 3812 matched main-track clusters across U, V, X planes
Selected 239 ES main tracks
After E > 3 MeV cut: 239 clusters
Running emcee: 64 walkers × 2000 steps...
Acceptance fraction: 8.6%
Mean direction: θ=-168.81°, φ=102.72°
Uncertainties: Δθ=30.16°, Δφ=21.78°
68% credible angle: 29.05°

Angular error: 6.42°

======================================================================
SCENARIO (EMCEE): PERFECT_CT
======================================================================

Loaded 3812 matched main-track clusters across U, V, X planes
Selected 239 ES main tracks
Loading ED model from: /eos/home-e/evilla/dune/sn-tps/neural_networks/electron_direction/three_plane_three_plane_v58_200k_lr_schedule_20251118_110931/checkpoints/model_epoch_12_val_loss_0.8898.keras
Running ED inference...
After energy cut: 239 clusters
Running emcee: 64 walkers × 2000 steps...
Acceptance fraction: 10.6%
Mean direction: θ=179.01°, φ=98.80°
Uncertainties: Δθ=21.20°, Δφ=18.11°
68% credible angle: 29.39°

Angular error: 14.99°

======================================================================
SCENARIO (EMCEE): FULL_PIPELINE
======================================================================

Loaded 3812 matched main-track clusters across U, V, X planes
Using all 3812 main-track clusters
Loading CT model from: /eos/user/e/evilla/dune/sn-tps/neural_networks/channel_tagging/ct_volume_v52_batch_reload_20251116_101125/best_model.keras
Running CT inference...
CT selected 3483 ES candidates from 3812 clusters
  ES prob range: [0.000, 1.000]
Loading ED model from: /eos/home-e/evilla/dune/sn-tps/neural_networks/electron_direction/three_plane_three_plane_v58_200k_lr_schedule_20251118_110931/checkpoints/model_epoch_12_val_loss_0.8898.keras
Running ED inference on 3483 clusters...
After E > 3 MeV cut: 3466 clusters
Running emcee: 64 walkers × 2000 steps...
Acceptance fraction: 5.3%
Mean direction: θ=-172.13°, φ=101.49°
Uncertainties: Δθ=42.65°, Δφ=23.60°
68% credible angle: 41.42°

Angular error: 7.92°

======================================================================
SCENARIO (EMCEE): WEIGHTED_CT
======================================================================

Loaded 3812 matched main-track clusters across U, V, X planes
Using all 3812 main-track clusters
Loading CT model from: /eos/user/e/evilla/dune/sn-tps/neural_networks/channel_tagging/ct_volume_v52_batch_reload_20251116_101125/best_model.keras
Running CT inference...
CT selected 3483 ES candidates from 3812 clusters
  ES prob range: [0.000, 1.000]
Loading ED model from: /eos/home-e/evilla/dune/sn-tps/neural_networks/electron_direction/three_plane_three_plane_v58_200k_lr_schedule_20251118_110931/checkpoints/model_epoch_12_val_loss_0.8898.keras
Running ED inference on 3483 clusters...
Using CT weights (ES probabilities)
After E > 3 MeV cut: 3466 clusters
Running weighted MCMC with 3466 weights
Running emcee: 64 walkers × 2000 steps...
Acceptance fraction: 5.6%
Mean direction: θ=-155.81°, φ=97.90°
Uncertainties: Δθ=44.50°, Δφ=26.62°
68% credible angle: 48.78°

Angular error: 17.53°

======================================================================
SCENARIO (EMCEE): PERFECT_CT_E_GT_10MEV
======================================================================

Loaded 3812 matched main-track clusters across U, V, X planes
Selected 239 ES main tracks
Loading ED model from: /eos/home-e/evilla/dune/sn-tps/neural_networks/electron_direction/three_plane_three_plane_v58_200k_lr_schedule_20251118_110931/checkpoints/model_epoch_12_val_loss_0.8898.keras
Running ED inference...
Applying E > 10 MeV cut
After energy cut: 139 clusters
Running emcee: 64 walkers × 2000 steps...
Acceptance fraction: 10.7%
Mean direction: θ=-169.28°, φ=102.76°
Uncertainties: Δθ=24.02°, Δφ=18.08°
68% credible angle: 28.87°

Angular error: 6.33°

======================================================================
SCENARIO (EMCEE): PERFECT_CT_E_GT_20MEV
======================================================================

Loaded 3812 matched main-track clusters across U, V, X planes
Selected 239 ES main tracks
Loading ED model from: /eos/home-e/evilla/dune/sn-tps/neural_networks/electron_direction/three_plane_three_plane_v58_200k_lr_schedule_20251118_110931/checkpoints/model_epoch_12_val_loss_0.8898.keras
Running ED inference...
Applying E > 20 MeV cut
After energy cut: 25 clusters
Running emcee: 64 walkers × 2000 steps...
Acceptance fraction: 14.3%
Mean direction: θ=-174.55°, φ=95.19°
Uncertainties: Δθ=44.35°, Δφ=21.20°
68% credible angle: 27.04°

Angular error: 14.66°

✓ Saved: /eos/project-e/ep-nu/evilla/sn-pointing/cat000433/pipeline/cat000433_scenario_best_case_emcee.npz

✓ Saved: /eos/project-e/ep-nu/evilla/sn-pointing/cat000433/pipeline/cat000433_scenario_perfect_ct_emcee.npz

✓ Saved: /eos/project-e/ep-nu/evilla/sn-pointing/cat000433/pipeline/cat000433_scenario_full_pipeline_emcee.npz

✓ Saved: /eos/project-e/ep-nu/evilla/sn-pointing/cat000433/pipeline/cat000433_scenario_weighted_ct_emcee.npz

✓ Saved: /eos/project-e/ep-nu/evilla/sn-pointing/cat000433/pipeline/cat000433_scenario_perfect_ct_e_gt_10mev_emcee.npz

✓ Saved: /eos/project-e/ep-nu/evilla/sn-pointing/cat000433/pipeline/cat000433_scenario_perfect_ct_e_gt_20mev_emcee.npz
✓ cat000433 completed successfully
