==================================================================
Processing cat000388 with EMCEE - ALL SCENARIOS
==================================================================
======================================================================
EMCEE RECONSTRUCTION FOR cat000388
======================================================================

Loading PDF from: /eos/home-e/evilla/dune/sn-tps/neural_networks/electron_direction/three_plane_three_plane_v58_200k_lr_schedule_20251118_110931/cosine_energy_pdf.npz
PDF loaded

======================================================================
SCENARIO (EMCEE): PERFECT_CT
======================================================================

Loaded 3292 matched clusters across U, V, X planes
Selected clusters: 253
Running emcee: 64 walkers × 2000 steps...
Acceptance fraction: 11.6%
Mean direction: θ=-167.60°, φ=84.57°
Uncertainties: Δθ=19.72°, Δφ=15.33°
68% credible angle: 24.13°

Angular error: 11.17°

======================================================================
SCENARIO (EMCEE): ES_MAIN_CC_SHOWER
======================================================================

Loaded 3292 matched clusters across U, V, X planes
Selected clusters: 253
Running emcee: 64 walkers × 2000 steps...
Acceptance fraction: 12.3%
Mean direction: θ=-171.75°, φ=80.54°
Uncertainties: Δθ=19.17°, Δφ=14.81°
68% credible angle: 27.43°

Angular error: 14.83°

======================================================================
SCENARIO (EMCEE): ES_MAIN_CC_ALL
======================================================================

Loaded 3292 matched clusters across U, V, X planes
Selected clusters: 253
Running emcee: 64 walkers × 2000 steps...
Acceptance fraction: 8.4%
Mean direction: θ=-168.24°, φ=78.73°
Uncertainties: Δθ=20.89°, Δφ=18.75°
68% credible angle: 30.23°

Angular error: 11.64°

======================================================================
SCENARIO (EMCEE): ES_ALL_CC_SHOWER
======================================================================

Loaded 3292 matched clusters across U, V, X planes
Selected clusters: 253
Running emcee: 64 walkers × 2000 steps...
Acceptance fraction: 11.0%
Mean direction: θ=-168.91°, φ=78.80°
Uncertainties: Δθ=22.26°, Δφ=13.87°
68% credible angle: 28.28°

Angular error: 12.27°

======================================================================
SCENARIO (EMCEE): ES_ALL_CC_ALL
======================================================================

Loaded 3292 matched clusters across U, V, X planes
Selected clusters: 253
Running emcee: 64 walkers × 2000 steps...
Acceptance fraction: 11.3%
Mean direction: θ=-170.89°, φ=74.61°
Uncertainties: Δθ=20.93°, Δφ=15.19°
68% credible angle: 28.21°

Angular error: 15.45°

======================================================================
SCENARIO (EMCEE): ALL_TRACKS_ALL_SHOWERS
======================================================================

Loaded 3292 matched clusters across U, V, X planes
Selected clusters: 3292
Running emcee: 64 walkers × 2000 steps...
Acceptance fraction: 4.3%
Mean direction: θ=-167.66°, φ=103.33°
Uncertainties: Δθ=58.92°, Δφ=34.29°
68% credible angle: 65.37°

Angular error: 24.33°

✓ Saved: /eos/project-e/ep-nu/evilla/sn-pointing/cat000388/pipeline/cat000388_scenario_perfect_ct_emcee.npz

✓ Saved: /eos/project-e/ep-nu/evilla/sn-pointing/cat000388/pipeline/cat000388_scenario_es_main_cc_shower_emcee.npz

✓ Saved: /eos/project-e/ep-nu/evilla/sn-pointing/cat000388/pipeline/cat000388_scenario_es_main_cc_all_emcee.npz

✓ Saved: /eos/project-e/ep-nu/evilla/sn-pointing/cat000388/pipeline/cat000388_scenario_es_all_cc_shower_emcee.npz

✓ Saved: /eos/project-e/ep-nu/evilla/sn-pointing/cat000388/pipeline/cat000388_scenario_es_all_cc_all_emcee.npz

✓ Saved: /eos/project-e/ep-nu/evilla/sn-pointing/cat000388/pipeline/cat000388_scenario_all_tracks_all_showers_emcee.npz
✓ cat000388 completed successfully
