000 (13791414.126.000) 11/20 04:32:06 Job submitted from host: <188.184.90.62:9618?addrs=188.184.90.62-9618+[2001-1458-201-e4--100-238]-9618&alias=bigbird16.cern.ch&noUDP&sock=schedd_5196_9a2f>
...
040 (13791414.126.000) 11/20 04:40:39 Started transferring input files
	Transferring to host: <188.185.190.70:9618?addrs=188.185.190.70-9618+[2001-1458-d03-b--100-d1]-9618&alias=b9pgpun035.cern.ch&noUDP&sock=slot1_1_263595_45f8_7020>
...
040 (13791414.126.000) 11/20 04:40:39 Finished transferring input files
...
001 (13791414.126.000) 11/20 04:40:40 Job executing on host: <188.185.190.70:9618?addrs=188.185.190.70-9618+[2001-1458-d03-b--100-d1]-9618&alias=b9pgpun035.cern.ch&noUDP&sock=startd_254377_0ad4>
	SlotName: slot1_1@b9pgpun035.cern.ch
	AvailableGPUs = { GPUs_MIG_c353432c_164b_5fe9_aa9c_d517e29055c9 }
	CondorScratchDir = "/pool/condor/dir_3869465"
	Cpus = 11
	Disk = 4195263
	GPUs = 1
	GPUs_MIG_c353432c_164b_5fe9_aa9c_d517e29055c9 = [ Id = "MIG-c353432c-164b-5fe9-aa9c-d517e29055c9"; DeviceName = "NVIDIA H100L-2-24C MIG 2g.24gb"; DeviceUuid = "MIG-c353432c-164b-5fe9-aa9c-d517e29055c9"; ComputeUnits = 32; GlobalMemoryMb = 21547 ]
	Memory = 33000
...
006 (13791414.126.000) 11/20 04:40:53 Image size of job updated: 294280
	288  -  MemoryUsage of job (MB)
	294280  -  ResidentSetSize of job (KB)
...
006 (13791414.126.000) 11/20 04:42:52 Image size of job updated: 1421576
	288  -  MemoryUsage of job (MB)
	294280  -  ResidentSetSize of job (KB)
...
040 (13791414.126.000) 11/20 04:42:52 Started transferring output files
...
040 (13791414.126.000) 11/20 04:42:52 Finished transferring output files
...
005 (13791414.126.000) 11/20 04:42:52 Job terminated.
	(1) Normal termination (return value 0)
		Usr 0 00:02:43, Sys 0 00:00:05  -  Run Remote Usage
		Usr 0 00:00:00, Sys 0 00:00:00  -  Run Local Usage
		Usr 0 00:02:43, Sys 0 00:00:05  -  Total Remote Usage
		Usr 0 00:00:00, Sys 0 00:00:00  -  Total Local Usage
	15422  -  Run Bytes Sent By Job
	1323  -  Run Bytes Received By Job
	15422  -  Total Bytes Sent By Job
	1323  -  Total Bytes Received By Job
	Partitionable Resources :    Usage  Request Allocated Assigned
	   Cpus                 :        0       11        11 
	   Disk (KB)            :       41  4194304   4195263 
	   GPUs                 :                 1         1 "MIG-c353432c-164b-5fe9-aa9c-d517e29055c9"
	   Memory (MB)          :      288    33000     33000 
	   TimeExecute (s)      :      132                    
	   TimeSlotBusy (s)     :      133                    

	Job terminated of its own accord at 2025-11-20T03:42:52Z with exit-code 0.
...
