Processing cat000607 with 6 scenarios...
Cat directory: /eos/project-e/ep-nu/evilla/sn-pointing/cat000607
======================================================================
EMCEE RECONSTRUCTION FOR cat000607
======================================================================

Loading PDF from: /eos/home-e/evilla/dune/sn-tps/neural_networks/electron_direction/three_plane_three_plane_v58_200k_lr_schedule_20251118_110931/cosine_energy_pdf.npz
PDF loaded

======================================================================
SCENARIO (EMCEE): BEST_CASE
======================================================================

Loaded 3814 matched main-track clusters across U, V, X planes
Selected 251 ES main tracks
After E > 3 MeV cut: 251 clusters
Running emcee: 64 walkers × 2000 steps...
Acceptance fraction: 6.4%
Mean direction: θ=-175.65°, φ=68.45°
Uncertainties: Δθ=36.65°, Δφ=22.90°
68% credible angle: 28.26°

Angular error: 4.06°

======================================================================
SCENARIO (EMCEE): PERFECT_CT
======================================================================

Loaded 3814 matched main-track clusters across U, V, X planes
Selected 251 ES main tracks
Loading ED model from: /eos/home-e/evilla/dune/sn-tps/neural_networks/electron_direction/three_plane_three_plane_v58_200k_lr_schedule_20251118_110931/checkpoints/model_epoch_12_val_loss_0.8898.keras
Running ED inference...
After energy cut: 251 clusters
Running emcee: 64 walkers × 2000 steps...
Acceptance fraction: 7.9%
Mean direction: θ=-176.31°, φ=70.20°
Uncertainties: Δθ=18.51°, Δφ=15.68°
68% credible angle: 22.10°

Angular error: 5.85°

======================================================================
SCENARIO (EMCEE): FULL_PIPELINE
======================================================================

Loaded 3814 matched main-track clusters across U, V, X planes
Using all 3814 main-track clusters
Loading CT model from: /eos/user/e/evilla/dune/sn-tps/neural_networks/channel_tagging/ct_volume_v52_batch_reload_20251116_101125/best_model.keras
Running CT inference...
CT selected 3469 ES candidates from 3814 clusters
  ES prob range: [0.000, 1.000]
Loading ED model from: /eos/home-e/evilla/dune/sn-tps/neural_networks/electron_direction/three_plane_three_plane_v58_200k_lr_schedule_20251118_110931/checkpoints/model_epoch_12_val_loss_0.8898.keras
Running ED inference on 3469 clusters...
After E > 3 MeV cut: 3456 clusters
Running emcee: 64 walkers × 2000 steps...
Acceptance fraction: 4.3%
Mean direction: θ=-175.49°, φ=77.66°
Uncertainties: Δθ=57.13°, Δφ=23.82°
68% credible angle: 53.78°

Angular error: 12.64°

======================================================================
SCENARIO (EMCEE): WEIGHTED_CT
======================================================================

Loaded 3814 matched main-track clusters across U, V, X planes
Using all 3814 main-track clusters
Loading CT model from: /eos/user/e/evilla/dune/sn-tps/neural_networks/channel_tagging/ct_volume_v52_batch_reload_20251116_101125/best_model.keras
Running CT inference...
CT selected 3469 ES candidates from 3814 clusters
  ES prob range: [0.000, 1.000]
Loading ED model from: /eos/home-e/evilla/dune/sn-tps/neural_networks/electron_direction/three_plane_three_plane_v58_200k_lr_schedule_20251118_110931/checkpoints/model_epoch_12_val_loss_0.8898.keras
Running ED inference on 3469 clusters...
Using CT weights (ES probabilities)
After E > 3 MeV cut: 3456 clusters
Running weighted MCMC with 3456 weights
Running emcee: 64 walkers × 2000 steps...
Acceptance fraction: 4.4%
Mean direction: θ=-172.51°, φ=80.48°
Uncertainties: Δθ=56.13°, Δφ=26.15°
68% credible angle: 56.09°

Angular error: 15.24°

======================================================================
SCENARIO (EMCEE): PERFECT_CT_E_GT_10MEV
======================================================================

Loaded 3814 matched main-track clusters across U, V, X planes
Selected 251 ES main tracks
Loading ED model from: /eos/home-e/evilla/dune/sn-tps/neural_networks/electron_direction/three_plane_three_plane_v58_200k_lr_schedule_20251118_110931/checkpoints/model_epoch_12_val_loss_0.8898.keras
Running ED inference...
Applying E > 10 MeV cut
After energy cut: 140 clusters
Running emcee: 64 walkers × 2000 steps...
Acceptance fraction: 10.9%
Mean direction: θ=178.58°, φ=78.59°
Uncertainties: Δθ=37.43°, Δφ=19.66°
68% credible angle: 20.46°

Angular error: 15.57°

======================================================================
SCENARIO (EMCEE): PERFECT_CT_E_GT_20MEV
======================================================================

Loaded 3814 matched main-track clusters across U, V, X planes
Selected 251 ES main tracks
Loading ED model from: /eos/home-e/evilla/dune/sn-tps/neural_networks/electron_direction/three_plane_three_plane_v58_200k_lr_schedule_20251118_110931/checkpoints/model_epoch_12_val_loss_0.8898.keras
Running ED inference...
Applying E > 20 MeV cut
After energy cut: 24 clusters
Running emcee: 64 walkers × 2000 steps...
Acceptance fraction: 16.7%
Mean direction: θ=179.47°, φ=73.93°
Uncertainties: Δθ=24.43°, Δφ=11.93°
68% credible angle: 17.69°

Angular error: 11.22°

✓ Saved: /eos/project-e/ep-nu/evilla/sn-pointing/cat000607/pipeline/cat000607_scenario_best_case_emcee.npz

✓ Saved: /eos/project-e/ep-nu/evilla/sn-pointing/cat000607/pipeline/cat000607_scenario_perfect_ct_emcee.npz

✓ Saved: /eos/project-e/ep-nu/evilla/sn-pointing/cat000607/pipeline/cat000607_scenario_full_pipeline_emcee.npz

✓ Saved: /eos/project-e/ep-nu/evilla/sn-pointing/cat000607/pipeline/cat000607_scenario_weighted_ct_emcee.npz

✓ Saved: /eos/project-e/ep-nu/evilla/sn-pointing/cat000607/pipeline/cat000607_scenario_perfect_ct_e_gt_10mev_emcee.npz

✓ Saved: /eos/project-e/ep-nu/evilla/sn-pointing/cat000607/pipeline/cat000607_scenario_perfect_ct_e_gt_20mev_emcee.npz
✓ cat000607 completed successfully
