Processing cat000275 with 6 scenarios...
Cat directory: /eos/project-e/ep-nu/evilla/sn-pointing/cat000275
======================================================================
EMCEE RECONSTRUCTION FOR cat000275
======================================================================

Loading PDF from: /eos/home-e/evilla/dune/sn-tps/neural_networks/electron_direction/three_plane_three_plane_v58_200k_lr_schedule_20251118_110931/cosine_energy_pdf.npz
PDF loaded

======================================================================
SCENARIO (EMCEE): BEST_CASE
======================================================================

Loaded 3421 matched main-track clusters across U, V, X planes
Selected 267 ES main tracks
After E > 3 MeV cut: 267 clusters
Running emcee: 64 walkers × 2000 steps...
Acceptance fraction: 6.9%
Mean direction: θ=-56.69°, φ=131.67°
Uncertainties: Δθ=35.36°, Δφ=23.96°
68% credible angle: 27.59°

Angular error: 12.55°

======================================================================
SCENARIO (EMCEE): PERFECT_CT
======================================================================

Loaded 3421 matched main-track clusters across U, V, X planes
Selected 267 ES main tracks
Loading ED model from: /eos/home-e/evilla/dune/sn-tps/neural_networks/electron_direction/three_plane_three_plane_v58_200k_lr_schedule_20251118_110931/checkpoints/model_epoch_12_val_loss_0.8898.keras
Running ED inference...
After energy cut: 267 clusters
Running emcee: 64 walkers × 2000 steps...
Acceptance fraction: 13.1%
Mean direction: θ=-37.82°, φ=142.80°
Uncertainties: Δθ=37.90°, Δφ=12.60°
68% credible angle: 24.86°

Angular error: 12.76°

======================================================================
SCENARIO (EMCEE): FULL_PIPELINE
======================================================================

Loaded 3421 matched main-track clusters across U, V, X planes
Using all 3421 main-track clusters
Loading CT model from: /eos/user/e/evilla/dune/sn-tps/neural_networks/channel_tagging/ct_volume_v52_batch_reload_20251116_101125/best_model.keras
Running CT inference...
CT selected 3101 ES candidates from 3421 clusters
  ES prob range: [0.000, 1.000]
Loading ED model from: /eos/home-e/evilla/dune/sn-tps/neural_networks/electron_direction/three_plane_three_plane_v58_200k_lr_schedule_20251118_110931/checkpoints/model_epoch_12_val_loss_0.8898.keras
Running ED inference on 3101 clusters...
After E > 3 MeV cut: 3080 clusters
Running emcee: 64 walkers × 2000 steps...
Acceptance fraction: 3.9%
Mean direction: θ=-156.45°, φ=94.91°
Uncertainties: Δθ=81.70°, Δφ=39.28°
68% credible angle: 80.53°

Angular error: 90.24°

======================================================================
SCENARIO (EMCEE): WEIGHTED_CT
======================================================================

Loaded 3421 matched main-track clusters across U, V, X planes
Using all 3421 main-track clusters
Loading CT model from: /eos/user/e/evilla/dune/sn-tps/neural_networks/channel_tagging/ct_volume_v52_batch_reload_20251116_101125/best_model.keras
Running CT inference...
CT selected 3101 ES candidates from 3421 clusters
  ES prob range: [0.000, 1.000]
Loading ED model from: /eos/home-e/evilla/dune/sn-tps/neural_networks/electron_direction/three_plane_three_plane_v58_200k_lr_schedule_20251118_110931/checkpoints/model_epoch_12_val_loss_0.8898.keras
Running ED inference on 3101 clusters...
Using CT weights (ES probabilities)
After E > 3 MeV cut: 3080 clusters
Running weighted MCMC with 3080 weights
Running emcee: 64 walkers × 2000 steps...
Acceptance fraction: 7.7%
Mean direction: θ=-130.84°, φ=108.43°
Uncertainties: Δθ=66.47°, Δφ=33.94°
68% credible angle: 68.34°

Angular error: 64.44°

======================================================================
SCENARIO (EMCEE): PERFECT_CT_E_GT_10MEV
======================================================================

Loaded 3421 matched main-track clusters across U, V, X planes
Selected 267 ES main tracks
Loading ED model from: /eos/home-e/evilla/dune/sn-tps/neural_networks/electron_direction/three_plane_three_plane_v58_200k_lr_schedule_20251118_110931/checkpoints/model_epoch_12_val_loss_0.8898.keras
Running ED inference...
Applying E > 10 MeV cut
After energy cut: 140 clusters
Running emcee: 64 walkers × 2000 steps...
Acceptance fraction: 23.3%
Mean direction: θ=-56.44°, φ=140.90°
Uncertainties: Δθ=48.66°, Δφ=21.72°
68% credible angle: 24.63°

Angular error: 3.62°

======================================================================
SCENARIO (EMCEE): PERFECT_CT_E_GT_20MEV
======================================================================

Loaded 3421 matched main-track clusters across U, V, X planes
Selected 267 ES main tracks
Loading ED model from: /eos/home-e/evilla/dune/sn-tps/neural_networks/electron_direction/three_plane_three_plane_v58_200k_lr_schedule_20251118_110931/checkpoints/model_epoch_12_val_loss_0.8898.keras
Running ED inference...
Applying E > 20 MeV cut
After energy cut: 29 clusters
Running emcee: 64 walkers × 2000 steps...
Acceptance fraction: 18.6%
Mean direction: θ=-51.29°, φ=124.36°
Uncertainties: Δθ=73.50°, Δφ=49.18°
68% credible angle: 44.99°

Angular error: 20.51°

✓ Saved: /eos/project-e/ep-nu/evilla/sn-pointing/cat000275/pipeline/cat000275_scenario_best_case_emcee.npz

✓ Saved: /eos/project-e/ep-nu/evilla/sn-pointing/cat000275/pipeline/cat000275_scenario_perfect_ct_emcee.npz

✓ Saved: /eos/project-e/ep-nu/evilla/sn-pointing/cat000275/pipeline/cat000275_scenario_full_pipeline_emcee.npz

✓ Saved: /eos/project-e/ep-nu/evilla/sn-pointing/cat000275/pipeline/cat000275_scenario_weighted_ct_emcee.npz

✓ Saved: /eos/project-e/ep-nu/evilla/sn-pointing/cat000275/pipeline/cat000275_scenario_perfect_ct_e_gt_10mev_emcee.npz

✓ Saved: /eos/project-e/ep-nu/evilla/sn-pointing/cat000275/pipeline/cat000275_scenario_perfect_ct_e_gt_20mev_emcee.npz
✓ cat000275 completed successfully
