==================================================================
Processing cat000421 with EMCEE - ALL SCENARIOS
==================================================================
======================================================================
EMCEE RECONSTRUCTION FOR cat000421
======================================================================

Loading PDF from: /eos/home-e/evilla/dune/sn-tps/neural_networks/electron_direction/three_plane_three_plane_v58_200k_lr_schedule_20251118_110931/cosine_energy_pdf.npz
PDF loaded

======================================================================
SCENARIO (EMCEE): PERFECT_CT
======================================================================

Loaded 3693 matched clusters across U, V, X planes
Selected clusters: 291
Running emcee: 64 walkers × 2000 steps...
Acceptance fraction: 12.1%
Mean direction: θ=75.67°, φ=71.52°
Uncertainties: Δθ=49.16°, Δφ=12.70°
68% credible angle: 23.28°

Angular error: 8.06°

======================================================================
SCENARIO (EMCEE): ES_MAIN_CC_SHOWER
======================================================================

Loaded 3693 matched clusters across U, V, X planes
Selected clusters: 291
Running emcee: 64 walkers × 2000 steps...
Acceptance fraction: 10.8%
Mean direction: θ=70.82°, φ=69.35°
Uncertainties: Δθ=43.39°, Δφ=10.49°
68% credible angle: 20.54°

Angular error: 3.97°

======================================================================
SCENARIO (EMCEE): ES_MAIN_CC_ALL
======================================================================

Loaded 3693 matched clusters across U, V, X planes
Selected clusters: 291
Running emcee: 64 walkers × 2000 steps...
Acceptance fraction: 14.9%
Mean direction: θ=68.62°, φ=67.93°
Uncertainties: Δθ=30.26°, Δφ=9.41°
68% credible angle: 16.24°

Angular error: 2.75°

======================================================================
SCENARIO (EMCEE): ES_ALL_CC_SHOWER
======================================================================

Loaded 3693 matched clusters across U, V, X planes
Selected clusters: 291
Running emcee: 64 walkers × 2000 steps...
Acceptance fraction: 11.3%
Mean direction: θ=73.91°, φ=64.11°
Uncertainties: Δθ=27.86°, Δφ=12.11°
68% credible angle: 16.69°

Angular error: 3.82°

======================================================================
SCENARIO (EMCEE): ES_ALL_CC_ALL
======================================================================

Loaded 3693 matched clusters across U, V, X planes
Selected clusters: 291
Running emcee: 64 walkers × 2000 steps...
Acceptance fraction: 12.5%
Mean direction: θ=70.77°, φ=70.67°
Uncertainties: Δθ=36.69°, Δφ=10.59°
68% credible angle: 18.95°

Angular error: 5.27°

======================================================================
SCENARIO (EMCEE): ALL_TRACKS_ALL_SHOWERS
======================================================================

Loaded 3693 matched clusters across U, V, X planes
Selected clusters: 3693
Running emcee: 64 walkers × 2000 steps...
Acceptance fraction: 4.7%
Mean direction: θ=-149.76°, φ=89.19°
Uncertainties: Δθ=78.93°, Δφ=29.73°
68% credible angle: 78.97°

Angular error: 133.93°

✓ Saved: /eos/project-e/ep-nu/evilla/sn-pointing/cat000421/pipeline/cat000421_scenario_perfect_ct_emcee.npz

✓ Saved: /eos/project-e/ep-nu/evilla/sn-pointing/cat000421/pipeline/cat000421_scenario_es_main_cc_shower_emcee.npz

✓ Saved: /eos/project-e/ep-nu/evilla/sn-pointing/cat000421/pipeline/cat000421_scenario_es_main_cc_all_emcee.npz

✓ Saved: /eos/project-e/ep-nu/evilla/sn-pointing/cat000421/pipeline/cat000421_scenario_es_all_cc_shower_emcee.npz

✓ Saved: /eos/project-e/ep-nu/evilla/sn-pointing/cat000421/pipeline/cat000421_scenario_es_all_cc_all_emcee.npz

✓ Saved: /eos/project-e/ep-nu/evilla/sn-pointing/cat000421/pipeline/cat000421_scenario_all_tracks_all_showers_emcee.npz
✓ cat000421 completed successfully
