Processing cat000047 with 6 scenarios...
Cat directory: /eos/project-e/ep-nu/evilla/sn-pointing/cat000047
======================================================================
EMCEE RECONSTRUCTION FOR cat000047
======================================================================

Loading PDF from: /eos/home-e/evilla/dune/sn-tps/neural_networks/electron_direction/three_plane_three_plane_v58_200k_lr_schedule_20251118_110931/cosine_energy_pdf.npz
PDF loaded

======================================================================
SCENARIO (EMCEE): BEST_CASE
======================================================================

Loaded 3314 matched main-track clusters across U, V, X planes
Selected 262 ES main tracks
After E > 3 MeV cut: 262 clusters
Running emcee: 64 walkers × 2000 steps...
Acceptance fraction: 10.3%
Mean direction: θ=159.93°, φ=70.08°
Uncertainties: Δθ=35.07°, Δφ=20.65°
68% credible angle: 29.42°

Angular error: 15.01°

======================================================================
SCENARIO (EMCEE): PERFECT_CT
======================================================================

Loaded 3314 matched main-track clusters across U, V, X planes
Selected 262 ES main tracks
Loading ED model from: /eos/home-e/evilla/dune/sn-tps/neural_networks/electron_direction/three_plane_three_plane_v58_200k_lr_schedule_20251118_110931/checkpoints/model_epoch_12_val_loss_0.8898.keras
Running ED inference...
After energy cut: 262 clusters
Running emcee: 64 walkers × 2000 steps...
Acceptance fraction: 7.5%
Mean direction: θ=170.95°, φ=68.48°
Uncertainties: Δθ=23.55°, Δφ=18.64°
68% credible angle: 28.68°

Angular error: 25.24°

======================================================================
SCENARIO (EMCEE): FULL_PIPELINE
======================================================================

Loaded 3314 matched main-track clusters across U, V, X planes
Using all 3314 main-track clusters
Loading CT model from: /eos/user/e/evilla/dune/sn-tps/neural_networks/channel_tagging/ct_volume_v52_batch_reload_20251116_101125/best_model.keras
Running CT inference...
CT selected 3017 ES candidates from 3314 clusters
  ES prob range: [0.000, 1.000]
Loading ED model from: /eos/home-e/evilla/dune/sn-tps/neural_networks/electron_direction/three_plane_three_plane_v58_200k_lr_schedule_20251118_110931/checkpoints/model_epoch_12_val_loss_0.8898.keras
Running ED inference on 3017 clusters...
After E > 3 MeV cut: 3001 clusters
Running emcee: 64 walkers × 2000 steps...
Acceptance fraction: 3.4%
Mean direction: θ=-177.90°, φ=95.57°
Uncertainties: Δθ=57.01°, Δφ=22.47°
68% credible angle: 58.68°

Angular error: 45.48°

======================================================================
SCENARIO (EMCEE): WEIGHTED_CT
======================================================================

Loaded 3314 matched main-track clusters across U, V, X planes
Using all 3314 main-track clusters
Loading CT model from: /eos/user/e/evilla/dune/sn-tps/neural_networks/channel_tagging/ct_volume_v52_batch_reload_20251116_101125/best_model.keras
Running CT inference...
CT selected 3017 ES candidates from 3314 clusters
  ES prob range: [0.000, 1.000]
Loading ED model from: /eos/home-e/evilla/dune/sn-tps/neural_networks/electron_direction/three_plane_three_plane_v58_200k_lr_schedule_20251118_110931/checkpoints/model_epoch_12_val_loss_0.8898.keras
Running ED inference on 3017 clusters...
Using CT weights (ES probabilities)
After E > 3 MeV cut: 3001 clusters
Running weighted MCMC with 3001 weights
Running emcee: 64 walkers × 2000 steps...
Acceptance fraction: 3.8%
Mean direction: θ=-167.15°, φ=106.96°
Uncertainties: Δθ=54.35°, Δφ=22.54°
68% credible angle: 52.06°

Angular error: 60.69°

======================================================================
SCENARIO (EMCEE): PERFECT_CT_E_GT_10MEV
======================================================================

Loaded 3314 matched main-track clusters across U, V, X planes
Selected 262 ES main tracks
Loading ED model from: /eos/home-e/evilla/dune/sn-tps/neural_networks/electron_direction/three_plane_three_plane_v58_200k_lr_schedule_20251118_110931/checkpoints/model_epoch_12_val_loss_0.8898.keras
Running ED inference...
Applying E > 10 MeV cut
After energy cut: 142 clusters
Running emcee: 64 walkers × 2000 steps...
Acceptance fraction: 9.2%
Mean direction: θ=167.47°, φ=73.08°
Uncertainties: Δθ=20.15°, Δφ=16.64°
68% credible angle: 27.78°

Angular error: 22.52°

======================================================================
SCENARIO (EMCEE): PERFECT_CT_E_GT_20MEV
======================================================================

Loaded 3314 matched main-track clusters across U, V, X planes
Selected 262 ES main tracks
Loading ED model from: /eos/home-e/evilla/dune/sn-tps/neural_networks/electron_direction/three_plane_three_plane_v58_200k_lr_schedule_20251118_110931/checkpoints/model_epoch_12_val_loss_0.8898.keras
Running ED inference...
Applying E > 20 MeV cut
After energy cut: 41 clusters
Running emcee: 64 walkers × 2000 steps...
Acceptance fraction: 22.2%
Mean direction: θ=170.92°, φ=72.90°
Uncertainties: Δθ=13.31°, Δφ=9.80°
68% credible angle: 18.36°

Angular error: 25.72°

✓ Saved: /eos/project-e/ep-nu/evilla/sn-pointing/cat000047/pipeline/cat000047_scenario_best_case_emcee.npz

✓ Saved: /eos/project-e/ep-nu/evilla/sn-pointing/cat000047/pipeline/cat000047_scenario_perfect_ct_emcee.npz

✓ Saved: /eos/project-e/ep-nu/evilla/sn-pointing/cat000047/pipeline/cat000047_scenario_full_pipeline_emcee.npz

✓ Saved: /eos/project-e/ep-nu/evilla/sn-pointing/cat000047/pipeline/cat000047_scenario_weighted_ct_emcee.npz

✓ Saved: /eos/project-e/ep-nu/evilla/sn-pointing/cat000047/pipeline/cat000047_scenario_perfect_ct_e_gt_10mev_emcee.npz

✓ Saved: /eos/project-e/ep-nu/evilla/sn-pointing/cat000047/pipeline/cat000047_scenario_perfect_ct_e_gt_20mev_emcee.npz
✓ cat000047 completed successfully
