Processing cat000260 with 6 scenarios...
Cat directory: /eos/project-e/ep-nu/evilla/sn-pointing/cat000260
======================================================================
EMCEE RECONSTRUCTION FOR cat000260
======================================================================

Loading PDF from: /eos/home-e/evilla/dune/sn-tps/neural_networks/electron_direction/three_plane_three_plane_v58_200k_lr_schedule_20251118_110931/cosine_energy_pdf.npz
PDF loaded

======================================================================
SCENARIO (EMCEE): BEST_CASE
======================================================================

Loaded 3639 matched main-track clusters across U, V, X planes
Selected 264 ES main tracks
After E > 3 MeV cut: 264 clusters
Running emcee: 64 walkers × 2000 steps...
Acceptance fraction: 10.5%
Mean direction: θ=10.95°, φ=50.33°
Uncertainties: Δθ=26.10°, Δφ=17.15°
68% credible angle: 24.87°

Angular error: 7.85°

======================================================================
SCENARIO (EMCEE): PERFECT_CT
======================================================================

Loaded 3639 matched main-track clusters across U, V, X planes
Selected 264 ES main tracks
Loading ED model from: /eos/home-e/evilla/dune/sn-tps/neural_networks/electron_direction/three_plane_three_plane_v58_200k_lr_schedule_20251118_110931/checkpoints/model_epoch_12_val_loss_0.8898.keras
Running ED inference...
After energy cut: 264 clusters
Running emcee: 64 walkers × 2000 steps...
Acceptance fraction: 10.6%
Mean direction: θ=3.94°, φ=52.88°
Uncertainties: Δθ=23.93°, Δφ=16.32°
68% credible angle: 28.38°

Angular error: 9.93°

======================================================================
SCENARIO (EMCEE): FULL_PIPELINE
======================================================================

Loaded 3639 matched main-track clusters across U, V, X planes
Using all 3639 main-track clusters
Loading CT model from: /eos/user/e/evilla/dune/sn-tps/neural_networks/channel_tagging/ct_volume_v52_batch_reload_20251116_101125/best_model.keras
Running CT inference...
CT selected 3296 ES candidates from 3639 clusters
  ES prob range: [0.000, 1.000]
Loading ED model from: /eos/home-e/evilla/dune/sn-tps/neural_networks/electron_direction/three_plane_three_plane_v58_200k_lr_schedule_20251118_110931/checkpoints/model_epoch_12_val_loss_0.8898.keras
Running ED inference on 3296 clusters...
After E > 3 MeV cut: 3276 clusters
Running emcee: 64 walkers × 2000 steps...
Acceptance fraction: 2.8%
Mean direction: θ=-179.74°, φ=86.51°
Uncertainties: Δθ=108.04°, Δφ=49.87°
68% credible angle: 96.56°

Angular error: 129.35°

======================================================================
SCENARIO (EMCEE): WEIGHTED_CT
======================================================================

Loaded 3639 matched main-track clusters across U, V, X planes
Using all 3639 main-track clusters
Loading CT model from: /eos/user/e/evilla/dune/sn-tps/neural_networks/channel_tagging/ct_volume_v52_batch_reload_20251116_101125/best_model.keras
Running CT inference...
CT selected 3296 ES candidates from 3639 clusters
  ES prob range: [0.000, 1.000]
Loading ED model from: /eos/home-e/evilla/dune/sn-tps/neural_networks/electron_direction/three_plane_three_plane_v58_200k_lr_schedule_20251118_110931/checkpoints/model_epoch_12_val_loss_0.8898.keras
Running ED inference on 3296 clusters...
Using CT weights (ES probabilities)
After E > 3 MeV cut: 3276 clusters
Running weighted MCMC with 3276 weights
Running emcee: 64 walkers × 2000 steps...
Acceptance fraction: 2.7%
Mean direction: θ=-161.36°, φ=92.67°
Uncertainties: Δθ=104.58°, Δφ=49.47°
68% credible angle: 95.36°

Angular error: 134.59°

======================================================================
SCENARIO (EMCEE): PERFECT_CT_E_GT_10MEV
======================================================================

Loaded 3639 matched main-track clusters across U, V, X planes
Selected 264 ES main tracks
Loading ED model from: /eos/home-e/evilla/dune/sn-tps/neural_networks/electron_direction/three_plane_three_plane_v58_200k_lr_schedule_20251118_110931/checkpoints/model_epoch_12_val_loss_0.8898.keras
Running ED inference...
Applying E > 10 MeV cut
After energy cut: 150 clusters
Running emcee: 64 walkers × 2000 steps...
Acceptance fraction: 26.8%
Mean direction: θ=11.18°, φ=57.79°
Uncertainties: Δθ=30.00°, Δφ=24.75°
68% credible angle: 26.04°

Angular error: 15.06°

======================================================================
SCENARIO (EMCEE): PERFECT_CT_E_GT_20MEV
======================================================================

Loaded 3639 matched main-track clusters across U, V, X planes
Selected 264 ES main tracks
Loading ED model from: /eos/home-e/evilla/dune/sn-tps/neural_networks/electron_direction/three_plane_three_plane_v58_200k_lr_schedule_20251118_110931/checkpoints/model_epoch_12_val_loss_0.8898.keras
Running ED inference...
Applying E > 20 MeV cut
After energy cut: 34 clusters
Running emcee: 64 walkers × 2000 steps...
Acceptance fraction: 14.4%
Mean direction: θ=-4.34°, φ=62.50°
Uncertainties: Δθ=62.48°, Δφ=40.60°
68% credible angle: 32.08°

Angular error: 21.17°

✓ Saved: /eos/project-e/ep-nu/evilla/sn-pointing/cat000260/pipeline/cat000260_scenario_best_case_emcee.npz

✓ Saved: /eos/project-e/ep-nu/evilla/sn-pointing/cat000260/pipeline/cat000260_scenario_perfect_ct_emcee.npz

✓ Saved: /eos/project-e/ep-nu/evilla/sn-pointing/cat000260/pipeline/cat000260_scenario_full_pipeline_emcee.npz

✓ Saved: /eos/project-e/ep-nu/evilla/sn-pointing/cat000260/pipeline/cat000260_scenario_weighted_ct_emcee.npz

✓ Saved: /eos/project-e/ep-nu/evilla/sn-pointing/cat000260/pipeline/cat000260_scenario_perfect_ct_e_gt_10mev_emcee.npz

✓ Saved: /eos/project-e/ep-nu/evilla/sn-pointing/cat000260/pipeline/cat000260_scenario_perfect_ct_e_gt_20mev_emcee.npz
✓ cat000260 completed successfully
