==================================================================
Processing cat000411 with EMCEE - ALL SCENARIOS
==================================================================
======================================================================
EMCEE RECONSTRUCTION FOR cat000411
======================================================================

Loading PDF from: /eos/home-e/evilla/dune/sn-tps/neural_networks/electron_direction/three_plane_three_plane_v58_200k_lr_schedule_20251118_110931/cosine_energy_pdf.npz
PDF loaded

======================================================================
SCENARIO (EMCEE): PERFECT_CT
======================================================================

Loaded 3298 matched clusters across U, V, X planes
Selected clusters: 277
Running emcee: 64 walkers × 2000 steps...
Acceptance fraction: 20.6%
Mean direction: θ=20.33°, φ=126.52°
Uncertainties: Δθ=24.65°, Δφ=15.97°
68% credible angle: 27.53°

Angular error: 5.80°

======================================================================
SCENARIO (EMCEE): ES_MAIN_CC_SHOWER
======================================================================

Loaded 3298 matched clusters across U, V, X planes
Selected clusters: 277
Running emcee: 64 walkers × 2000 steps...
Acceptance fraction: 20.8%
Mean direction: θ=12.71°, φ=122.71°
Uncertainties: Δθ=22.76°, Δφ=12.01°
68% credible angle: 20.88°

Angular error: 12.80°

======================================================================
SCENARIO (EMCEE): ES_MAIN_CC_ALL
======================================================================

Loaded 3298 matched clusters across U, V, X planes
Selected clusters: 277
Running emcee: 64 walkers × 2000 steps...
Acceptance fraction: 19.1%
Mean direction: θ=13.19°, φ=125.96°
Uncertainties: Δθ=27.50°, Δφ=14.49°
68% credible angle: 21.98°

Angular error: 10.42°

======================================================================
SCENARIO (EMCEE): ES_ALL_CC_SHOWER
======================================================================

Loaded 3298 matched clusters across U, V, X planes
Selected clusters: 277
Running emcee: 64 walkers × 2000 steps...
Acceptance fraction: 25.1%
Mean direction: θ=19.62°, φ=125.87°
Uncertainties: Δθ=24.62°, Δφ=15.92°
68% credible angle: 26.83°

Angular error: 6.66°

======================================================================
SCENARIO (EMCEE): ES_ALL_CC_ALL
======================================================================

Loaded 3298 matched clusters across U, V, X planes
Selected clusters: 277
Running emcee: 64 walkers × 2000 steps...
Acceptance fraction: 31.1%
Mean direction: θ=27.32°, φ=122.14°
Uncertainties: Δθ=16.46°, Δφ=10.68°
68% credible angle: 5.03°

Angular error: 9.30°

======================================================================
SCENARIO (EMCEE): ALL_TRACKS_ALL_SHOWERS
======================================================================

Loaded 3298 matched clusters across U, V, X planes
Selected clusters: 3298
Running emcee: 64 walkers × 2000 steps...
Acceptance fraction: 4.1%
Mean direction: θ=-76.96°, φ=110.01°
Uncertainties: Δθ=105.56°, Δφ=33.40°
68% credible angle: 104.92°

Angular error: 85.28°

✓ Saved: /eos/project-e/ep-nu/evilla/sn-pointing/cat000411/pipeline/cat000411_scenario_perfect_ct_emcee.npz

✓ Saved: /eos/project-e/ep-nu/evilla/sn-pointing/cat000411/pipeline/cat000411_scenario_es_main_cc_shower_emcee.npz

✓ Saved: /eos/project-e/ep-nu/evilla/sn-pointing/cat000411/pipeline/cat000411_scenario_es_main_cc_all_emcee.npz

✓ Saved: /eos/project-e/ep-nu/evilla/sn-pointing/cat000411/pipeline/cat000411_scenario_es_all_cc_shower_emcee.npz

✓ Saved: /eos/project-e/ep-nu/evilla/sn-pointing/cat000411/pipeline/cat000411_scenario_es_all_cc_all_emcee.npz

✓ Saved: /eos/project-e/ep-nu/evilla/sn-pointing/cat000411/pipeline/cat000411_scenario_all_tracks_all_showers_emcee.npz
✓ cat000411 completed successfully
