000 (6420432.053.000) 11/20 17:10:12 Job submitted from host: <188.185.125.71:9618?addrs=188.185.125.71-9618+[2001-1458-d00-4a--100-15e]-9618&alias=bigbird28.cern.ch&noUDP&sock=schedd_2239_58a3>
...
040 (6420432.053.000) 11/20 18:58:36 Started transferring input files
	Transferring to host: <188.185.92.157:9618?addrs=188.185.92.157-9618+[2001-1458-d00-6c--100-379]-9618&alias=b9g57n1695.cern.ch&noUDP&sock=slot1_1_5389_c9b4_9927>
...
040 (6420432.053.000) 11/20 18:58:36 Finished transferring input files
...
001 (6420432.053.000) 11/20 18:58:37 Job executing on host: <188.185.92.157:9618?addrs=188.185.92.157-9618+[2001-1458-d00-6c--100-379]-9618&alias=b9g57n1695.cern.ch&noUDP&sock=startd_5342_bf03>
	SlotName: slot1_1@b9g57n1695.cern.ch
	AvailableGPUs = { GPUs_GPU_837d59ba }
	CondorScratchDir = "/pool/condor/dir_2884747"
	Cpus = 11
	Disk = 8389580
	GPUs = 1
	GPUs_GPU_837d59ba = [ Id = "GPU-837d59ba"; ClockMhz = 1410.0; Capability = 8.0; CoresPerCU = 64; DeviceName = "NVIDIA A100-PCIE-40GB"; DeviceUuid = "837d59ba-8828-f50d-eac6-78cf9176c415"; ECCEnabled = true; ComputeUnits = 108; DriverVersion = 13.0; DevicePciBusId = "0000:06:00.0"; GlobalMemoryMb = 40441; MaxSupportedVersion = 13000 ]
	Memory = 33000
...
006 (6420432.053.000) 11/20 18:58:50 Image size of job updated: 309740
	303  -  MemoryUsage of job (MB)
	309740  -  ResidentSetSize of job (KB)
...
006 (6420432.053.000) 11/20 19:03:50 Image size of job updated: 2152488
	1265  -  MemoryUsage of job (MB)
	1294700  -  ResidentSetSize of job (KB)
...
040 (6420432.053.000) 11/20 19:07:51 Started transferring output files
...
040 (6420432.053.000) 11/20 19:07:51 Finished transferring output files
...
005 (6420432.053.000) 11/20 19:07:51 Job terminated.
	(1) Normal termination (return value 0)
		Usr 0 00:16:45, Sys 0 00:01:09  -  Run Remote Usage
		Usr 0 00:00:00, Sys 0 00:00:00  -  Run Local Usage
		Usr 0 00:16:45, Sys 0 00:01:09  -  Total Remote Usage
		Usr 0 00:00:00, Sys 0 00:00:00  -  Total Local Usage
	31369  -  Run Bytes Sent By Job
	1412394  -  Run Bytes Received By Job
	31369  -  Total Bytes Sent By Job
	1412394  -  Total Bytes Received By Job
	Partitionable Resources :    Usage  Request Allocated Assigned
	   Cpus                 :     1.00       11        11 
	   Disk (KB)            :  1434     8388608   8389580 
	   GPUs                 :     0           1         1 "GPU-837d59ba"
	   GpusMemory (MB)      :   544                       
	   Memory (MB)          :  1265       33000     33000 
	   TimeExecute (s)      :   554                       
	   TimeSlotBusy (s)     :   555                       

	Job terminated of its own accord at 2025-11-20T18:07:51Z with exit-code 0.
...
