==================================================================
Processing cat000176 with EMCEE - ALL SCENARIOS
==================================================================
======================================================================
EMCEE RECONSTRUCTION FOR cat000176
======================================================================

Loading PDF from: /eos/home-e/evilla/dune/sn-tps/neural_networks/electron_direction/three_plane_three_plane_v58_200k_lr_schedule_20251118_110931/cosine_energy_pdf.npz
PDF loaded

======================================================================
SCENARIO (EMCEE): PERFECT_CT
======================================================================

Loaded 3253 matched clusters across U, V, X planes
Selected clusters: 209
Running emcee: 64 walkers × 2000 steps...
Acceptance fraction: 8.1%
Mean direction: θ=-173.24°, φ=95.92°
Uncertainties: Δθ=20.80°, Δφ=13.85°
68% credible angle: 28.81°

Angular error: 3.78°

======================================================================
SCENARIO (EMCEE): ES_MAIN_CC_SHOWER
======================================================================

Loaded 3253 matched clusters across U, V, X planes
Selected clusters: 209
Running emcee: 64 walkers × 2000 steps...
Acceptance fraction: 10.6%
Mean direction: θ=-176.36°, φ=97.59°
Uncertainties: Δθ=22.46°, Δφ=11.72°
68% credible angle: 25.85°

Angular error: 5.08°

======================================================================
SCENARIO (EMCEE): ES_MAIN_CC_ALL
======================================================================

Loaded 3253 matched clusters across U, V, X planes
Selected clusters: 209
Running emcee: 64 walkers × 2000 steps...
Acceptance fraction: 7.5%
Mean direction: θ=179.75°, φ=98.34°
Uncertainties: Δθ=22.60°, Δφ=12.45°
68% credible angle: 25.20°

Angular error: 8.68°

======================================================================
SCENARIO (EMCEE): ES_ALL_CC_SHOWER
======================================================================

Loaded 3253 matched clusters across U, V, X planes
Selected clusters: 209
Running emcee: 64 walkers × 2000 steps...
Acceptance fraction: 8.8%
Mean direction: θ=-171.20°, φ=99.64°
Uncertainties: Δθ=21.19°, Δφ=11.65°
68% credible angle: 28.35°

Angular error: 0.46°

======================================================================
SCENARIO (EMCEE): ES_ALL_CC_ALL
======================================================================

Loaded 3253 matched clusters across U, V, X planes
Selected clusters: 209
Running emcee: 64 walkers × 2000 steps...
Acceptance fraction: 8.9%
Mean direction: θ=-177.37°, φ=99.19°
Uncertainties: Δθ=24.18°, Δφ=11.19°
68% credible angle: 26.19°

Angular error: 5.78°

======================================================================
SCENARIO (EMCEE): ALL_TRACKS_ALL_SHOWERS
======================================================================

Loaded 3253 matched clusters across U, V, X planes
Selected clusters: 3253
Running emcee: 64 walkers × 2000 steps...
Acceptance fraction: 4.5%
Mean direction: θ=-157.13°, φ=97.98°
Uncertainties: Δθ=50.12°, Δφ=27.28°
68% credible angle: 44.79°

Angular error: 14.29°

✓ Saved: /eos/project-e/ep-nu/evilla/sn-pointing/cat000176/pipeline/cat000176_scenario_perfect_ct_emcee.npz

✓ Saved: /eos/project-e/ep-nu/evilla/sn-pointing/cat000176/pipeline/cat000176_scenario_es_main_cc_shower_emcee.npz

✓ Saved: /eos/project-e/ep-nu/evilla/sn-pointing/cat000176/pipeline/cat000176_scenario_es_main_cc_all_emcee.npz

✓ Saved: /eos/project-e/ep-nu/evilla/sn-pointing/cat000176/pipeline/cat000176_scenario_es_all_cc_shower_emcee.npz

✓ Saved: /eos/project-e/ep-nu/evilla/sn-pointing/cat000176/pipeline/cat000176_scenario_es_all_cc_all_emcee.npz

✓ Saved: /eos/project-e/ep-nu/evilla/sn-pointing/cat000176/pipeline/cat000176_scenario_all_tracks_all_showers_emcee.npz
✓ cat000176 completed successfully
