==================================================================
Processing cat000516 with EMCEE - ALL SCENARIOS
==================================================================
======================================================================
EMCEE RECONSTRUCTION FOR cat000516
======================================================================

Loading PDF from: /eos/home-e/evilla/dune/sn-tps/neural_networks/electron_direction/three_plane_three_plane_v58_200k_lr_schedule_20251118_110931/cosine_energy_pdf.npz
PDF loaded

======================================================================
SCENARIO (EMCEE): PERFECT_CT
======================================================================

Loaded 3865 matched clusters across U, V, X planes
Selected clusters: 297
Running emcee: 64 walkers × 2000 steps...
Acceptance fraction: 13.0%
Mean direction: θ=-54.94°, φ=62.01°
Uncertainties: Δθ=18.03°, Δφ=14.81°
68% credible angle: 17.88°

Angular error: 11.49°

======================================================================
SCENARIO (EMCEE): ES_MAIN_CC_SHOWER
======================================================================

Loaded 3865 matched clusters across U, V, X planes
Selected clusters: 297
Running emcee: 64 walkers × 2000 steps...
Acceptance fraction: 12.0%
Mean direction: θ=-57.02°, φ=65.06°
Uncertainties: Δθ=18.55°, Δφ=16.64°
68% credible angle: 20.12°

Angular error: 8.55°

======================================================================
SCENARIO (EMCEE): ES_MAIN_CC_ALL
======================================================================

Loaded 3865 matched clusters across U, V, X planes
Selected clusters: 297
Running emcee: 64 walkers × 2000 steps...
Acceptance fraction: 16.6%
Mean direction: θ=-54.96°, φ=60.94°
Uncertainties: Δθ=15.71°, Δφ=12.97°
68% credible angle: 18.25°

Angular error: 12.03°

======================================================================
SCENARIO (EMCEE): ES_ALL_CC_SHOWER
======================================================================

Loaded 3865 matched clusters across U, V, X planes
Selected clusters: 297
Running emcee: 64 walkers × 2000 steps...
Acceptance fraction: 11.4%
Mean direction: θ=-56.09°, φ=64.79°
Uncertainties: Δθ=15.26°, Δφ=14.75°
68% credible angle: 20.01°

Angular error: 9.43°

======================================================================
SCENARIO (EMCEE): ES_ALL_CC_ALL
======================================================================

Loaded 3865 matched clusters across U, V, X planes
Selected clusters: 297
Running emcee: 64 walkers × 2000 steps...
Acceptance fraction: 11.9%
Mean direction: θ=-58.55°, φ=69.20°
Uncertainties: Δθ=13.58°, Δφ=15.54°
68% credible angle: 21.10°

Angular error: 6.84°

======================================================================
SCENARIO (EMCEE): ALL_TRACKS_ALL_SHOWERS
======================================================================

Loaded 3865 matched clusters across U, V, X planes
Selected clusters: 3865
Running emcee: 64 walkers × 2000 steps...
Acceptance fraction: 2.8%
Mean direction: θ=-154.56°, φ=106.51°
Uncertainties: Δθ=75.04°, Δφ=32.65°
68% credible angle: 76.60°

Angular error: 95.02°

✓ Saved: /eos/project-e/ep-nu/evilla/sn-pointing/cat000516/pipeline/cat000516_scenario_perfect_ct_emcee.npz

✓ Saved: /eos/project-e/ep-nu/evilla/sn-pointing/cat000516/pipeline/cat000516_scenario_es_main_cc_shower_emcee.npz

✓ Saved: /eos/project-e/ep-nu/evilla/sn-pointing/cat000516/pipeline/cat000516_scenario_es_main_cc_all_emcee.npz

✓ Saved: /eos/project-e/ep-nu/evilla/sn-pointing/cat000516/pipeline/cat000516_scenario_es_all_cc_shower_emcee.npz

✓ Saved: /eos/project-e/ep-nu/evilla/sn-pointing/cat000516/pipeline/cat000516_scenario_es_all_cc_all_emcee.npz

✓ Saved: /eos/project-e/ep-nu/evilla/sn-pointing/cat000516/pipeline/cat000516_scenario_all_tracks_all_showers_emcee.npz
✓ cat000516 completed successfully
