000 (13791414.491.000) 11/20 04:32:07 Job submitted from host: <188.184.90.62:9618?addrs=188.184.90.62-9618+[2001-1458-201-e4--100-238]-9618&alias=bigbird16.cern.ch&noUDP&sock=schedd_5196_9a2f>
...
040 (13791414.491.000) 11/20 05:03:32 Started transferring input files
	Transferring to host: <188.185.190.47:9618?addrs=188.185.190.47-9618+[2001-1458-d03-b--100-171]-9618&alias=b9pgpun038.cern.ch&noUDP&sock=slot1_1_242425_17db_7158>
...
040 (13791414.491.000) 11/20 05:03:32 Finished transferring input files
...
001 (13791414.491.000) 11/20 05:03:33 Job executing on host: <188.185.190.47:9618?addrs=188.185.190.47-9618+[2001-1458-d03-b--100-171]-9618&alias=b9pgpun038.cern.ch&noUDP&sock=startd_233249_fddd>
	SlotName: slot1_1@b9pgpun038.cern.ch
	AvailableGPUs = { GPUs_OCL0 }
	CondorScratchDir = "/pool/condor/dir_2689844"
	Cpus = 11
	Disk = 4195235
	GPUs = 1
	GPUs_OCL0 = [ Id = "OCL0"; ClockMhz = 1785; DeviceName = "NVIDIA H100L-2-24C MIG 2g.24gb"; ECCEnabled = true; ComputeUnits = 32; OpenCLVersion = 3.0; GlobalMemoryMb = 24363 ]
	Memory = 33000
...
006 (13791414.491.000) 11/20 05:03:47 Image size of job updated: 351960
	344  -  MemoryUsage of job (MB)
	351960  -  ResidentSetSize of job (KB)
...
006 (13791414.491.000) 11/20 05:05:35 Image size of job updated: 1312896
	344  -  MemoryUsage of job (MB)
	351960  -  ResidentSetSize of job (KB)
...
040 (13791414.491.000) 11/20 05:05:35 Started transferring output files
...
040 (13791414.491.000) 11/20 05:05:35 Finished transferring output files
...
005 (13791414.491.000) 11/20 05:05:35 Job terminated.
	(1) Normal termination (return value 0)
		Usr 0 00:02:37, Sys 0 00:00:05  -  Run Remote Usage
		Usr 0 00:00:00, Sys 0 00:00:00  -  Run Local Usage
		Usr 0 00:02:37, Sys 0 00:00:05  -  Total Remote Usage
		Usr 0 00:00:00, Sys 0 00:00:00  -  Total Local Usage
	15218  -  Run Bytes Sent By Job
	1323  -  Run Bytes Received By Job
	15218  -  Total Bytes Sent By Job
	1323  -  Total Bytes Received By Job
	Partitionable Resources :    Usage  Request Allocated Assigned
	   Cpus                 :     0.03       11        11 
	   Disk (KB)            :    40     4194304   4195235 
	   GPUs                 :                 1         1 "OCL0"
	   Memory (MB)          :   344       33000     33000 
	   TimeExecute (s)      :   122                       
	   TimeSlotBusy (s)     :   123                       

	Job terminated of its own accord at 2025-11-20T04:05:35Z with exit-code 0.
...
