==================================================================
Processing cat000212 with EMCEE - ALL SCENARIOS
==================================================================
======================================================================
EMCEE RECONSTRUCTION FOR cat000212
======================================================================

Loading PDF from: /eos/home-e/evilla/dune/sn-tps/neural_networks/electron_direction/three_plane_three_plane_v58_200k_lr_schedule_20251118_110931/cosine_energy_pdf.npz
PDF loaded

======================================================================
SCENARIO (EMCEE): PERFECT_CT
======================================================================

Loaded 3105 matched clusters across U, V, X planes
Selected clusters: 201
Running emcee: 64 walkers × 2000 steps...
Acceptance fraction: 9.3%
Mean direction: θ=45.29°, φ=79.54°
Uncertainties: Δθ=78.15°, Δφ=17.81°
68% credible angle: 100.93°

Angular error: 35.30°

======================================================================
SCENARIO (EMCEE): ES_MAIN_CC_SHOWER
======================================================================

Loaded 3105 matched clusters across U, V, X planes
Selected clusters: 201
Running emcee: 64 walkers × 2000 steps...
Acceptance fraction: 9.0%
Mean direction: θ=57.86°, φ=85.40°
Uncertainties: Δθ=71.55°, Δφ=19.79°
68% credible angle: 50.43°

Angular error: 24.33°

======================================================================
SCENARIO (EMCEE): ES_MAIN_CC_ALL
======================================================================

Loaded 3105 matched clusters across U, V, X planes
Selected clusters: 201
Running emcee: 64 walkers × 2000 steps...
Acceptance fraction: 9.8%
Mean direction: θ=63.96°, φ=80.93°
Uncertainties: Δθ=63.22°, Δφ=16.58°
68% credible angle: 48.44°

Angular error: 17.28°

======================================================================
SCENARIO (EMCEE): ES_ALL_CC_SHOWER
======================================================================

Loaded 3105 matched clusters across U, V, X planes
Selected clusters: 201
Running emcee: 64 walkers × 2000 steps...
Acceptance fraction: 10.3%
Mean direction: θ=57.77°, φ=77.39°
Uncertainties: Δθ=66.82°, Δφ=14.42°
68% credible angle: 59.72°

Angular error: 22.95°

======================================================================
SCENARIO (EMCEE): ES_ALL_CC_ALL
======================================================================

Loaded 3105 matched clusters across U, V, X planes
Selected clusters: 201
Running emcee: 64 walkers × 2000 steps...
Acceptance fraction: 9.1%
Mean direction: θ=58.93°, φ=82.56°
Uncertainties: Δθ=69.06°, Δφ=19.20°
68% credible angle: 50.21°

Angular error: 22.49°

======================================================================
SCENARIO (EMCEE): ALL_TRACKS_ALL_SHOWERS
======================================================================

Loaded 3105 matched clusters across U, V, X planes
Selected clusters: 3105
Running emcee: 64 walkers × 2000 steps...
Acceptance fraction: 3.3%
Mean direction: θ=178.81°, φ=96.85°
Uncertainties: Δθ=73.48°, Δφ=31.67°
68% credible angle: 63.68°

Angular error: 98.76°

✓ Saved: /eos/project-e/ep-nu/evilla/sn-pointing/cat000212/pipeline/cat000212_scenario_perfect_ct_emcee.npz

✓ Saved: /eos/project-e/ep-nu/evilla/sn-pointing/cat000212/pipeline/cat000212_scenario_es_main_cc_shower_emcee.npz

✓ Saved: /eos/project-e/ep-nu/evilla/sn-pointing/cat000212/pipeline/cat000212_scenario_es_main_cc_all_emcee.npz

✓ Saved: /eos/project-e/ep-nu/evilla/sn-pointing/cat000212/pipeline/cat000212_scenario_es_all_cc_shower_emcee.npz

✓ Saved: /eos/project-e/ep-nu/evilla/sn-pointing/cat000212/pipeline/cat000212_scenario_es_all_cc_all_emcee.npz

✓ Saved: /eos/project-e/ep-nu/evilla/sn-pointing/cat000212/pipeline/cat000212_scenario_all_tracks_all_showers_emcee.npz
✓ cat000212 completed successfully
