Processing cat000045 with 6 scenarios...
Cat directory: /eos/project-e/ep-nu/evilla/sn-pointing/cat000045
======================================================================
EMCEE RECONSTRUCTION FOR cat000045
======================================================================

Loading PDF from: /eos/home-e/evilla/dune/sn-tps/neural_networks/electron_direction/three_plane_three_plane_v58_200k_lr_schedule_20251118_110931/cosine_energy_pdf.npz
PDF loaded

======================================================================
SCENARIO (EMCEE): BEST_CASE
======================================================================

Loaded 3489 matched main-track clusters across U, V, X planes
Selected 236 ES main tracks
After E > 3 MeV cut: 236 clusters
Running emcee: 64 walkers × 2000 steps...
Acceptance fraction: 7.4%
Mean direction: θ=115.83°, φ=110.29°
Uncertainties: Δθ=54.75°, Δφ=35.74°
68% credible angle: 40.64°

Angular error: 16.46°

======================================================================
SCENARIO (EMCEE): PERFECT_CT
======================================================================

Loaded 3489 matched main-track clusters across U, V, X planes
Selected 236 ES main tracks
Loading ED model from: /eos/home-e/evilla/dune/sn-tps/neural_networks/electron_direction/three_plane_three_plane_v58_200k_lr_schedule_20251118_110931/checkpoints/model_epoch_12_val_loss_0.8898.keras
Running ED inference...
After energy cut: 236 clusters
Running emcee: 64 walkers × 2000 steps...
Acceptance fraction: 8.2%
Mean direction: θ=133.76°, φ=110.31°
Uncertainties: Δθ=59.63°, Δφ=27.16°
68% credible angle: 56.87°

Angular error: 31.67°

======================================================================
SCENARIO (EMCEE): FULL_PIPELINE
======================================================================

Loaded 3489 matched main-track clusters across U, V, X planes
Using all 3489 main-track clusters
Loading CT model from: /eos/user/e/evilla/dune/sn-tps/neural_networks/charge_topology/best_model.keras

✗ full_pipeline failed: File not found: filepath=/eos/user/e/evilla/dune/sn-tps/neural_networks/charge_topology/best_model.keras. Please ensure the file is an accessible `.keras` zip file.

======================================================================
SCENARIO (EMCEE): WEIGHTED_CT
======================================================================

Loaded 3489 matched main-track clusters across U, V, X planes
Using all 3489 main-track clusters
Loading CT model from: /eos/user/e/evilla/dune/sn-tps/neural_networks/charge_topology/best_model.keras

✗ weighted_ct failed: File not found: filepath=/eos/user/e/evilla/dune/sn-tps/neural_networks/charge_topology/best_model.keras. Please ensure the file is an accessible `.keras` zip file.

======================================================================
SCENARIO (EMCEE): PERFECT_CT_E_GT_10MEV
======================================================================

Loaded 3489 matched main-track clusters across U, V, X planes
Selected 236 ES main tracks
Loading ED model from: /eos/home-e/evilla/dune/sn-tps/neural_networks/electron_direction/three_plane_three_plane_v58_200k_lr_schedule_20251118_110931/checkpoints/model_epoch_12_val_loss_0.8898.keras
Running ED inference...
Applying E > 10 MeV cut
After energy cut: 127 clusters
Running emcee: 64 walkers × 2000 steps...
Acceptance fraction: 12.9%
Mean direction: θ=166.25°, φ=115.70°
Uncertainties: Δθ=85.06°, Δφ=18.64°
68% credible angle: 85.18°

Angular error: 58.33°

======================================================================
SCENARIO (EMCEE): PERFECT_CT_E_GT_20MEV
======================================================================

Loaded 3489 matched main-track clusters across U, V, X planes
Selected 236 ES main tracks
Loading ED model from: /eos/home-e/evilla/dune/sn-tps/neural_networks/electron_direction/three_plane_three_plane_v58_200k_lr_schedule_20251118_110931/checkpoints/model_epoch_12_val_loss_0.8898.keras
Running ED inference...
Applying E > 20 MeV cut
After energy cut: 30 clusters
Running emcee: 64 walkers × 2000 steps...
Acceptance fraction: 14.3%
Mean direction: θ=-100.31°, φ=99.53°
Uncertainties: Δθ=105.02°, Δφ=13.19°
68% credible angle: 131.89°

Angular error: 137.42°

✓ Saved: /eos/project-e/ep-nu/evilla/sn-pointing/cat000045/pipeline/cat000045_scenario_best_case_emcee.npz

✓ Saved: /eos/project-e/ep-nu/evilla/sn-pointing/cat000045/pipeline/cat000045_scenario_perfect_ct_emcee.npz

✓ Saved: /eos/project-e/ep-nu/evilla/sn-pointing/cat000045/pipeline/cat000045_scenario_perfect_ct_e_gt_10mev_emcee.npz

✓ Saved: /eos/project-e/ep-nu/evilla/sn-pointing/cat000045/pipeline/cat000045_scenario_perfect_ct_e_gt_20mev_emcee.npz
✓ cat000045 completed successfully
