Processing cat000378 with 6 scenarios...
Cat directory: /eos/project-e/ep-nu/evilla/sn-pointing/cat000378
======================================================================
EMCEE RECONSTRUCTION FOR cat000378
======================================================================

Loading PDF from: /eos/home-e/evilla/dune/sn-tps/neural_networks/electron_direction/three_plane_three_plane_v58_200k_lr_schedule_20251118_110931/cosine_energy_pdf.npz
PDF loaded

======================================================================
SCENARIO (EMCEE): BEST_CASE
======================================================================

Loaded 3611 matched main-track clusters across U, V, X planes
Selected 294 ES main tracks
After E > 3 MeV cut: 294 clusters
Running emcee: 64 walkers × 2000 steps...
Acceptance fraction: 6.6%
Mean direction: θ=51.05°, φ=94.15°
Uncertainties: Δθ=47.80°, Δφ=18.65°
68% credible angle: 27.25°

Angular error: 9.76°

======================================================================
SCENARIO (EMCEE): PERFECT_CT
======================================================================

Loaded 3611 matched main-track clusters across U, V, X planes
Selected 294 ES main tracks
Loading ED model from: /eos/home-e/evilla/dune/sn-tps/neural_networks/electron_direction/three_plane_three_plane_v58_200k_lr_schedule_20251118_110931/checkpoints/model_epoch_12_val_loss_0.8898.keras
Running ED inference...
After energy cut: 294 clusters
Running emcee: 64 walkers × 2000 steps...
Acceptance fraction: 14.0%
Mean direction: θ=41.45°, φ=100.00°
Uncertainties: Δθ=14.50°, Δφ=14.21°
68% credible angle: 18.57°

Angular error: 11.40°

======================================================================
SCENARIO (EMCEE): FULL_PIPELINE
======================================================================

Loaded 3611 matched main-track clusters across U, V, X planes
Using all 3611 main-track clusters
Loading CT model from: /eos/user/e/evilla/dune/sn-tps/neural_networks/channel_tagging/ct_volume_v52_batch_reload_20251116_101125/best_model.keras
Running CT inference...
CT selected 3259 ES candidates from 3611 clusters
  ES prob range: [0.000, 1.000]
Loading ED model from: /eos/home-e/evilla/dune/sn-tps/neural_networks/electron_direction/three_plane_three_plane_v58_200k_lr_schedule_20251118_110931/checkpoints/model_epoch_12_val_loss_0.8898.keras
Running ED inference on 3259 clusters...
After E > 3 MeV cut: 3241 clusters
Running emcee: 64 walkers × 2000 steps...
Acceptance fraction: 6.4%
Mean direction: θ=-156.67°, φ=97.69°
Uncertainties: Δθ=71.29°, Δφ=31.19°
68% credible angle: 73.82°

Angular error: 143.99°

======================================================================
SCENARIO (EMCEE): WEIGHTED_CT
======================================================================

Loaded 3611 matched main-track clusters across U, V, X planes
Using all 3611 main-track clusters
Loading CT model from: /eos/user/e/evilla/dune/sn-tps/neural_networks/channel_tagging/ct_volume_v52_batch_reload_20251116_101125/best_model.keras
Running CT inference...
CT selected 3259 ES candidates from 3611 clusters
  ES prob range: [0.000, 1.000]
Loading ED model from: /eos/home-e/evilla/dune/sn-tps/neural_networks/electron_direction/three_plane_three_plane_v58_200k_lr_schedule_20251118_110931/checkpoints/model_epoch_12_val_loss_0.8898.keras
Running ED inference on 3259 clusters...
Using CT weights (ES probabilities)
After E > 3 MeV cut: 3241 clusters
Running weighted MCMC with 3241 weights
Running emcee: 64 walkers × 2000 steps...
Acceptance fraction: 6.3%
Mean direction: θ=-159.78°, φ=98.32°
Uncertainties: Δθ=63.32°, Δφ=24.91°
68% credible angle: 63.27°

Angular error: 141.12°

======================================================================
SCENARIO (EMCEE): PERFECT_CT_E_GT_10MEV
======================================================================

Loaded 3611 matched main-track clusters across U, V, X planes
Selected 294 ES main tracks
Loading ED model from: /eos/home-e/evilla/dune/sn-tps/neural_networks/electron_direction/three_plane_three_plane_v58_200k_lr_schedule_20251118_110931/checkpoints/model_epoch_12_val_loss_0.8898.keras
Running ED inference...
Applying E > 10 MeV cut
After energy cut: 159 clusters
Running emcee: 64 walkers × 2000 steps...
Acceptance fraction: 18.2%
Mean direction: θ=50.00°, φ=99.87°
Uncertainties: Δθ=21.35°, Δφ=10.72°
68% credible angle: 12.82°

Angular error: 4.61°

======================================================================
SCENARIO (EMCEE): PERFECT_CT_E_GT_20MEV
======================================================================

Loaded 3611 matched main-track clusters across U, V, X planes
Selected 294 ES main tracks
Loading ED model from: /eos/home-e/evilla/dune/sn-tps/neural_networks/electron_direction/three_plane_three_plane_v58_200k_lr_schedule_20251118_110931/checkpoints/model_epoch_12_val_loss_0.8898.keras
Running ED inference...
Applying E > 20 MeV cut
After energy cut: 46 clusters
Running emcee: 64 walkers × 2000 steps...
Acceptance fraction: 29.3%
Mean direction: θ=45.30°, φ=114.53°
Uncertainties: Δθ=9.37°, Δφ=7.17°
68% credible angle: 10.01°

Angular error: 12.64°

✓ Saved: /eos/project-e/ep-nu/evilla/sn-pointing/cat000378/pipeline/cat000378_scenario_best_case_emcee.npz

✓ Saved: /eos/project-e/ep-nu/evilla/sn-pointing/cat000378/pipeline/cat000378_scenario_perfect_ct_emcee.npz

✓ Saved: /eos/project-e/ep-nu/evilla/sn-pointing/cat000378/pipeline/cat000378_scenario_full_pipeline_emcee.npz

✓ Saved: /eos/project-e/ep-nu/evilla/sn-pointing/cat000378/pipeline/cat000378_scenario_weighted_ct_emcee.npz

✓ Saved: /eos/project-e/ep-nu/evilla/sn-pointing/cat000378/pipeline/cat000378_scenario_perfect_ct_e_gt_10mev_emcee.npz

✓ Saved: /eos/project-e/ep-nu/evilla/sn-pointing/cat000378/pipeline/cat000378_scenario_perfect_ct_e_gt_20mev_emcee.npz
✓ cat000378 completed successfully
