Processing cat000055 with 6 scenarios...
Cat directory: /eos/project-e/ep-nu/evilla/sn-pointing/cat000055
======================================================================
EMCEE RECONSTRUCTION FOR cat000055
======================================================================

Loading PDF from: /eos/home-e/evilla/dune/sn-tps/neural_networks/electron_direction/three_plane_three_plane_v58_200k_lr_schedule_20251118_110931/cosine_energy_pdf.npz
PDF loaded

======================================================================
SCENARIO (EMCEE): BEST_CASE
======================================================================

Loaded 3523 matched main-track clusters across U, V, X planes
Selected 296 ES main tracks
After E > 3 MeV cut: 296 clusters
Running emcee: 64 walkers × 2000 steps...
Acceptance fraction: 8.1%
Mean direction: θ=29.99°, φ=126.90°
Uncertainties: Δθ=34.68°, Δφ=25.45°
68% credible angle: 32.93°

Angular error: 22.24°

======================================================================
SCENARIO (EMCEE): PERFECT_CT
======================================================================

Loaded 3523 matched main-track clusters across U, V, X planes
Selected 296 ES main tracks
Loading ED model from: /eos/home-e/evilla/dune/sn-tps/neural_networks/electron_direction/three_plane_three_plane_v58_200k_lr_schedule_20251118_110931/checkpoints/model_epoch_12_val_loss_0.8898.keras
Running ED inference...
After energy cut: 296 clusters
Running emcee: 64 walkers × 2000 steps...
Acceptance fraction: 17.1%
Mean direction: θ=23.53°, φ=134.55°
Uncertainties: Δθ=31.76°, Δφ=13.00°
68% credible angle: 23.56°

Angular error: 15.98°

======================================================================
SCENARIO (EMCEE): FULL_PIPELINE
======================================================================

Loaded 3523 matched main-track clusters across U, V, X planes
Using all 3523 main-track clusters
Loading CT model from: /eos/user/e/evilla/dune/sn-tps/neural_networks/channel_tagging/ct_volume_v52_batch_reload_20251116_101125/best_model.keras
Running CT inference...
CT selected 3235 ES candidates from 3523 clusters
  ES prob range: [0.000, 1.000]
Loading ED model from: /eos/home-e/evilla/dune/sn-tps/neural_networks/electron_direction/three_plane_three_plane_v58_200k_lr_schedule_20251118_110931/checkpoints/model_epoch_12_val_loss_0.8898.keras
Running ED inference on 3235 clusters...
After E > 3 MeV cut: 3223 clusters
Running emcee: 64 walkers × 2000 steps...
Acceptance fraction: 12.4%
Mean direction: θ=139.72°, φ=127.37°
Uncertainties: Δθ=92.36°, Δφ=31.95°
68% credible angle: 76.88°

Angular error: 65.40°

======================================================================
SCENARIO (EMCEE): WEIGHTED_CT
======================================================================

Loaded 3523 matched main-track clusters across U, V, X planes
Using all 3523 main-track clusters
Loading CT model from: /eos/user/e/evilla/dune/sn-tps/neural_networks/channel_tagging/ct_volume_v52_batch_reload_20251116_101125/best_model.keras
Running CT inference...
CT selected 3235 ES candidates from 3523 clusters
  ES prob range: [0.000, 1.000]
Loading ED model from: /eos/home-e/evilla/dune/sn-tps/neural_networks/electron_direction/three_plane_three_plane_v58_200k_lr_schedule_20251118_110931/checkpoints/model_epoch_12_val_loss_0.8898.keras
Running ED inference on 3235 clusters...
Using CT weights (ES probabilities)
After E > 3 MeV cut: 3223 clusters
Running weighted MCMC with 3223 weights
Running emcee: 64 walkers × 2000 steps...
Acceptance fraction: 12.6%
Mean direction: θ=120.72°, φ=124.20°
Uncertainties: Δθ=93.37°, Δφ=38.25°
68% credible angle: 71.17°

Angular error: 59.06°

======================================================================
SCENARIO (EMCEE): PERFECT_CT_E_GT_10MEV
======================================================================

Loaded 3523 matched main-track clusters across U, V, X planes
Selected 296 ES main tracks
Loading ED model from: /eos/home-e/evilla/dune/sn-tps/neural_networks/electron_direction/three_plane_three_plane_v58_200k_lr_schedule_20251118_110931/checkpoints/model_epoch_12_val_loss_0.8898.keras
Running ED inference...
Applying E > 10 MeV cut
After energy cut: 170 clusters
Running emcee: 64 walkers × 2000 steps...
Acceptance fraction: 15.7%
Mean direction: θ=12.64°, φ=139.71°
Uncertainties: Δθ=33.15°, Δφ=16.28°
68% credible angle: 30.95°

Angular error: 15.89°

======================================================================
SCENARIO (EMCEE): PERFECT_CT_E_GT_20MEV
======================================================================

Loaded 3523 matched main-track clusters across U, V, X planes
Selected 296 ES main tracks
Loading ED model from: /eos/home-e/evilla/dune/sn-tps/neural_networks/electron_direction/three_plane_three_plane_v58_200k_lr_schedule_20251118_110931/checkpoints/model_epoch_12_val_loss_0.8898.keras
Running ED inference...
Applying E > 20 MeV cut
After energy cut: 33 clusters
Running emcee: 64 walkers × 2000 steps...
Acceptance fraction: 16.7%
Mean direction: θ=23.19°, φ=132.20°
Uncertainties: Δθ=59.05°, Δφ=54.96°
68% credible angle: 34.54°

Angular error: 18.27°

✓ Saved: /eos/project-e/ep-nu/evilla/sn-pointing/cat000055/pipeline/cat000055_scenario_best_case_emcee.npz

✓ Saved: /eos/project-e/ep-nu/evilla/sn-pointing/cat000055/pipeline/cat000055_scenario_perfect_ct_emcee.npz

✓ Saved: /eos/project-e/ep-nu/evilla/sn-pointing/cat000055/pipeline/cat000055_scenario_full_pipeline_emcee.npz

✓ Saved: /eos/project-e/ep-nu/evilla/sn-pointing/cat000055/pipeline/cat000055_scenario_weighted_ct_emcee.npz

✓ Saved: /eos/project-e/ep-nu/evilla/sn-pointing/cat000055/pipeline/cat000055_scenario_perfect_ct_e_gt_10mev_emcee.npz

✓ Saved: /eos/project-e/ep-nu/evilla/sn-pointing/cat000055/pipeline/cat000055_scenario_perfect_ct_e_gt_20mev_emcee.npz
✓ cat000055 completed successfully
