==================================================================
Processing cat000426 with EMCEE - ALL SCENARIOS
==================================================================
======================================================================
EMCEE RECONSTRUCTION FOR cat000426
======================================================================

Loading PDF from: /eos/home-e/evilla/dune/sn-tps/neural_networks/electron_direction/three_plane_three_plane_v58_200k_lr_schedule_20251118_110931/cosine_energy_pdf.npz
PDF loaded

======================================================================
SCENARIO (EMCEE): PERFECT_CT
======================================================================

Loaded 3597 matched clusters across U, V, X planes
Selected clusters: 292
Running emcee: 64 walkers × 2000 steps...
Acceptance fraction: 10.8%
Mean direction: θ=115.61°, φ=138.45°
Uncertainties: Δθ=49.99°, Δφ=16.98°
68% credible angle: 42.45°

Angular error: 17.02°

======================================================================
SCENARIO (EMCEE): ES_MAIN_CC_SHOWER
======================================================================

Loaded 3597 matched clusters across U, V, X planes
Selected clusters: 292
Running emcee: 64 walkers × 2000 steps...
Acceptance fraction: 9.7%
Mean direction: θ=123.95°, φ=137.84°
Uncertainties: Δθ=48.48°, Δφ=25.64°
68% credible angle: 43.22°

Angular error: 22.62°

======================================================================
SCENARIO (EMCEE): ES_MAIN_CC_ALL
======================================================================

Loaded 3597 matched clusters across U, V, X planes
Selected clusters: 292
Running emcee: 64 walkers × 2000 steps...
Acceptance fraction: 8.4%
Mean direction: θ=123.54°, φ=134.86°
Uncertainties: Δθ=57.04°, Δφ=22.93°
68% credible angle: 47.71°

Angular error: 23.01°

======================================================================
SCENARIO (EMCEE): ES_ALL_CC_SHOWER
======================================================================

Loaded 3597 matched clusters across U, V, X planes
Selected clusters: 292
Running emcee: 64 walkers × 2000 steps...
Acceptance fraction: 12.3%
Mean direction: θ=101.83°, φ=134.91°
Uncertainties: Δθ=51.64°, Δφ=13.98°
68% credible angle: 32.67°

Angular error: 8.14°

======================================================================
SCENARIO (EMCEE): ES_ALL_CC_ALL
======================================================================

Loaded 3597 matched clusters across U, V, X planes
Selected clusters: 292
Running emcee: 64 walkers × 2000 steps...
Acceptance fraction: 10.0%
Mean direction: θ=107.11°, φ=138.22°
Uncertainties: Δθ=48.09°, Δφ=16.81°
68% credible angle: 36.85°

Angular error: 11.38°

======================================================================
SCENARIO (EMCEE): ALL_TRACKS_ALL_SHOWERS
======================================================================

Loaded 3597 matched clusters across U, V, X planes
Selected clusters: 3597
Running emcee: 64 walkers × 2000 steps...
Acceptance fraction: 3.2%
Mean direction: θ=179.43°, φ=115.85°
Uncertainties: Δθ=80.44°, Δφ=33.71°
68% credible angle: 59.31°

Angular error: 70.88°

✓ Saved: /eos/project-e/ep-nu/evilla/sn-pointing/cat000426/pipeline/cat000426_scenario_perfect_ct_emcee.npz

✓ Saved: /eos/project-e/ep-nu/evilla/sn-pointing/cat000426/pipeline/cat000426_scenario_es_main_cc_shower_emcee.npz

✓ Saved: /eos/project-e/ep-nu/evilla/sn-pointing/cat000426/pipeline/cat000426_scenario_es_main_cc_all_emcee.npz

✓ Saved: /eos/project-e/ep-nu/evilla/sn-pointing/cat000426/pipeline/cat000426_scenario_es_all_cc_shower_emcee.npz

✓ Saved: /eos/project-e/ep-nu/evilla/sn-pointing/cat000426/pipeline/cat000426_scenario_es_all_cc_all_emcee.npz

✓ Saved: /eos/project-e/ep-nu/evilla/sn-pointing/cat000426/pipeline/cat000426_scenario_all_tracks_all_showers_emcee.npz
✓ cat000426 completed successfully
