==================================================================
Processing cat000595 with EMCEE - ALL SCENARIOS
==================================================================
======================================================================
EMCEE RECONSTRUCTION FOR cat000595
======================================================================

Loading PDF from: /eos/home-e/evilla/dune/sn-tps/neural_networks/electron_direction/three_plane_three_plane_v58_200k_lr_schedule_20251118_110931/cosine_energy_pdf.npz
PDF loaded

======================================================================
SCENARIO (EMCEE): PERFECT_CT
======================================================================

Loaded 3761 matched clusters across U, V, X planes
Selected clusters: 277
Running emcee: 64 walkers × 2000 steps...
Acceptance fraction: 7.3%
Mean direction: θ=-167.85°, φ=48.07°
Uncertainties: Δθ=35.05°, Δφ=16.59°
68% credible angle: 30.07°

Angular error: 20.82°

======================================================================
SCENARIO (EMCEE): ES_MAIN_CC_SHOWER
======================================================================

Loaded 3761 matched clusters across U, V, X planes
Selected clusters: 277
Running emcee: 64 walkers × 2000 steps...
Acceptance fraction: 6.6%
Mean direction: θ=-163.85°, φ=45.15°
Uncertainties: Δθ=39.56°, Δφ=17.77°
68% credible angle: 31.27°

Angular error: 17.86°

======================================================================
SCENARIO (EMCEE): ES_MAIN_CC_ALL
======================================================================

Loaded 3761 matched clusters across U, V, X planes
Selected clusters: 277
Running emcee: 64 walkers × 2000 steps...
Acceptance fraction: 6.5%
Mean direction: θ=-155.81°, φ=45.79°
Uncertainties: Δθ=39.53°, Δφ=17.64°
68% credible angle: 30.65°

Angular error: 12.09°

======================================================================
SCENARIO (EMCEE): ES_ALL_CC_SHOWER
======================================================================

Loaded 3761 matched clusters across U, V, X planes
Selected clusters: 277
Running emcee: 64 walkers × 2000 steps...
Acceptance fraction: 8.4%
Mean direction: θ=-177.14°, φ=46.89°
Uncertainties: Δθ=37.57°, Δφ=20.19°
68% credible angle: 36.11°

Angular error: 27.46°

======================================================================
SCENARIO (EMCEE): ES_ALL_CC_ALL
======================================================================

Loaded 3761 matched clusters across U, V, X planes
Selected clusters: 277
Running emcee: 64 walkers × 2000 steps...
Acceptance fraction: 7.9%
Mean direction: θ=-151.06°, φ=45.16°
Uncertainties: Δθ=39.38°, Δφ=15.38°
68% credible angle: 33.21°

Angular error: 9.02°

======================================================================
SCENARIO (EMCEE): ALL_TRACKS_ALL_SHOWERS
======================================================================

Loaded 3761 matched clusters across U, V, X planes
Selected clusters: 3761
Running emcee: 64 walkers × 2000 steps...
Acceptance fraction: 2.3%
Mean direction: θ=-164.42°, φ=82.58°
Uncertainties: Δθ=68.30°, Δφ=36.39°
68% credible angle: 72.69°

Angular error: 39.82°

✓ Saved: /eos/project-e/ep-nu/evilla/sn-pointing/cat000595/pipeline/cat000595_scenario_perfect_ct_emcee.npz

✓ Saved: /eos/project-e/ep-nu/evilla/sn-pointing/cat000595/pipeline/cat000595_scenario_es_main_cc_shower_emcee.npz

✓ Saved: /eos/project-e/ep-nu/evilla/sn-pointing/cat000595/pipeline/cat000595_scenario_es_main_cc_all_emcee.npz

✓ Saved: /eos/project-e/ep-nu/evilla/sn-pointing/cat000595/pipeline/cat000595_scenario_es_all_cc_shower_emcee.npz

✓ Saved: /eos/project-e/ep-nu/evilla/sn-pointing/cat000595/pipeline/cat000595_scenario_es_all_cc_all_emcee.npz

✓ Saved: /eos/project-e/ep-nu/evilla/sn-pointing/cat000595/pipeline/cat000595_scenario_all_tracks_all_showers_emcee.npz
✓ cat000595 completed successfully
