Processing cat000085 with 6 scenarios...
Cat directory: /eos/project-e/ep-nu/evilla/sn-pointing/cat000085
======================================================================
EMCEE RECONSTRUCTION FOR cat000085
======================================================================

Loading PDF from: /eos/home-e/evilla/dune/sn-tps/neural_networks/electron_direction/three_plane_three_plane_v58_200k_lr_schedule_20251118_110931/cosine_energy_pdf.npz
PDF loaded

======================================================================
SCENARIO (EMCEE): BEST_CASE
======================================================================

Loaded 3563 matched main-track clusters across U, V, X planes
Selected 265 ES main tracks
After E > 3 MeV cut: 265 clusters
Running emcee: 64 walkers × 2000 steps...
Acceptance fraction: 9.7%
Mean direction: θ=5.80°, φ=68.68°
Uncertainties: Δθ=21.27°, Δφ=15.13°
68% credible angle: 18.02°

Angular error: 20.85°

======================================================================
SCENARIO (EMCEE): PERFECT_CT
======================================================================

Loaded 3563 matched main-track clusters across U, V, X planes
Selected 265 ES main tracks
Loading ED model from: /eos/home-e/evilla/dune/sn-tps/neural_networks/electron_direction/three_plane_three_plane_v58_200k_lr_schedule_20251118_110931/checkpoints/model_epoch_12_val_loss_0.8898.keras
Running ED inference...
After energy cut: 265 clusters
Running emcee: 64 walkers × 2000 steps...
Acceptance fraction: 15.1%
Mean direction: θ=-1.47°, φ=64.46°
Uncertainties: Δθ=21.08°, Δφ=9.25°
68% credible angle: 25.02°

Angular error: 13.98°

======================================================================
SCENARIO (EMCEE): FULL_PIPELINE
======================================================================

Loaded 3563 matched main-track clusters across U, V, X planes
Using all 3563 main-track clusters
Loading CT model from: /eos/user/e/evilla/dune/sn-tps/neural_networks/charge_topology/best_model.keras

✗ full_pipeline failed: File not found: filepath=/eos/user/e/evilla/dune/sn-tps/neural_networks/charge_topology/best_model.keras. Please ensure the file is an accessible `.keras` zip file.

======================================================================
SCENARIO (EMCEE): WEIGHTED_CT
======================================================================

Loaded 3563 matched main-track clusters across U, V, X planes
Using all 3563 main-track clusters
Loading CT model from: /eos/user/e/evilla/dune/sn-tps/neural_networks/charge_topology/best_model.keras

✗ weighted_ct failed: File not found: filepath=/eos/user/e/evilla/dune/sn-tps/neural_networks/charge_topology/best_model.keras. Please ensure the file is an accessible `.keras` zip file.

======================================================================
SCENARIO (EMCEE): PERFECT_CT_E_GT_10MEV
======================================================================

Loaded 3563 matched main-track clusters across U, V, X planes
Selected 265 ES main tracks
Loading ED model from: /eos/home-e/evilla/dune/sn-tps/neural_networks/electron_direction/three_plane_three_plane_v58_200k_lr_schedule_20251118_110931/checkpoints/model_epoch_12_val_loss_0.8898.keras
Running ED inference...
Applying E > 10 MeV cut
After energy cut: 150 clusters
Running emcee: 64 walkers × 2000 steps...
Acceptance fraction: 12.3%
Mean direction: θ=-3.62°, φ=61.73°
Uncertainties: Δθ=27.83°, Δφ=25.70°
68% credible angle: 15.82°

Angular error: 10.73°

======================================================================
SCENARIO (EMCEE): PERFECT_CT_E_GT_20MEV
======================================================================

Loaded 3563 matched main-track clusters across U, V, X planes
Selected 265 ES main tracks
Loading ED model from: /eos/home-e/evilla/dune/sn-tps/neural_networks/electron_direction/three_plane_three_plane_v58_200k_lr_schedule_20251118_110931/checkpoints/model_epoch_12_val_loss_0.8898.keras
Running ED inference...
Applying E > 20 MeV cut
After energy cut: 39 clusters
Running emcee: 64 walkers × 2000 steps...
Acceptance fraction: 20.0%
Mean direction: θ=-4.41°, φ=69.72°
Uncertainties: Δθ=42.30°, Δφ=23.63°
68% credible angle: 27.01°

Angular error: 18.29°

✓ Saved: /eos/project-e/ep-nu/evilla/sn-pointing/cat000085/pipeline/cat000085_scenario_best_case_emcee.npz

✓ Saved: /eos/project-e/ep-nu/evilla/sn-pointing/cat000085/pipeline/cat000085_scenario_perfect_ct_emcee.npz

✓ Saved: /eos/project-e/ep-nu/evilla/sn-pointing/cat000085/pipeline/cat000085_scenario_perfect_ct_e_gt_10mev_emcee.npz

✓ Saved: /eos/project-e/ep-nu/evilla/sn-pointing/cat000085/pipeline/cat000085_scenario_perfect_ct_e_gt_20mev_emcee.npz
✓ cat000085 completed successfully
