000 (6420432.029.000) 11/20 17:10:12 Job submitted from host: <188.185.125.71:9618?addrs=188.185.125.71-9618+[2001-1458-d00-4a--100-15e]-9618&alias=bigbird28.cern.ch&noUDP&sock=schedd_2239_58a3>
...
040 (6420432.029.000) 11/20 18:04:18 Started transferring input files
	Transferring to host: <188.185.93.186:9618?addrs=188.185.93.186-9618+[2001-1458-d00-6c--100-1db]-9618&alias=b9g57n3815.cern.ch&noUDP&sock=slot1_1_20473_d49a_9789>
...
040 (6420432.029.000) 11/20 18:04:18 Finished transferring input files
...
001 (6420432.029.000) 11/20 18:04:19 Job executing on host: <188.185.93.186:9618?addrs=188.185.93.186-9618+[2001-1458-d00-6c--100-1db]-9618&alias=b9g57n3815.cern.ch&noUDP&sock=startd_20428_7cc2>
	SlotName: slot1_1@b9g57n3815.cern.ch
	AvailableGPUs = { GPUs_GPU_e695cb8c }
	CondorScratchDir = "/pool/condor/dir_3484986"
	Cpus = 11
	Disk = 8389779
	GPUs = 1
	GPUs_GPU_e695cb8c = [ Id = "GPU-e695cb8c"; ClockMhz = 1410.0; Capability = 8.0; CoresPerCU = 64; DeviceName = "NVIDIA A100-PCIE-40GB"; DeviceUuid = "e695cb8c-62fb-3649-a852-b630c58fa5f9"; ECCEnabled = true; ComputeUnits = 108; DriverVersion = 13.0; DevicePciBusId = "0000:06:00.0"; GlobalMemoryMb = 40441; MaxSupportedVersion = 13000 ]
	Memory = 33000
...
006 (6420432.029.000) 11/20 18:04:32 Image size of job updated: 319908
	313  -  MemoryUsage of job (MB)
	319908  -  ResidentSetSize of job (KB)
...
006 (6420432.029.000) 11/20 18:09:32 Image size of job updated: 2016932
	1533  -  MemoryUsage of job (MB)
	1569176  -  ResidentSetSize of job (KB)
...
006 (6420432.029.000) 11/20 18:12:34 Image size of job updated: 2091984
	1533  -  MemoryUsage of job (MB)
	1569176  -  ResidentSetSize of job (KB)
...
040 (6420432.029.000) 11/20 18:12:34 Started transferring output files
...
040 (6420432.029.000) 11/20 18:12:34 Finished transferring output files
...
005 (6420432.029.000) 11/20 18:12:34 Job terminated.
	(1) Normal termination (return value 0)
		Usr 0 00:15:47, Sys 0 00:01:06  -  Run Remote Usage
		Usr 0 00:00:00, Sys 0 00:00:00  -  Run Local Usage
		Usr 0 00:15:47, Sys 0 00:01:06  -  Total Remote Usage
		Usr 0 00:00:00, Sys 0 00:00:00  -  Total Local Usage
	31373  -  Run Bytes Sent By Job
	1412394  -  Run Bytes Received By Job
	31373  -  Total Bytes Sent By Job
	1412394  -  Total Bytes Received By Job
	Partitionable Resources :    Usage  Request Allocated Assigned
	   Cpus                 :                11        11 
	   Disk (KB)            :     1427  8388608   8389779 
	   GPUs                 :                 1         1 "GPU-e695cb8c"
	   Memory (MB)          :     1533    33000     33000 
	   TimeExecute (s)      :      495                    
	   TimeSlotBusy (s)     :      496                    

	Job terminated of its own accord at 2025-11-20T17:12:34Z with exit-code 0.
...
