Processing cat000229 with 6 scenarios...
Cat directory: /eos/project-e/ep-nu/evilla/sn-pointing/cat000229
======================================================================
EMCEE RECONSTRUCTION FOR cat000229
======================================================================

Loading PDF from: /eos/home-e/evilla/dune/sn-tps/neural_networks/electron_direction/three_plane_three_plane_v58_200k_lr_schedule_20251118_110931/cosine_energy_pdf.npz
PDF loaded

======================================================================
SCENARIO (EMCEE): BEST_CASE
======================================================================

Loaded 3775 matched main-track clusters across U, V, X planes
Selected 305 ES main tracks
After E > 3 MeV cut: 305 clusters
Running emcee: 64 walkers × 2000 steps...
Acceptance fraction: 7.7%
Mean direction: θ=107.37°, φ=97.95°
Uncertainties: Δθ=35.65°, Δφ=15.05°
68% credible angle: 24.77°

Angular error: 2.53°

======================================================================
SCENARIO (EMCEE): PERFECT_CT
======================================================================

Loaded 3775 matched main-track clusters across U, V, X planes
Selected 305 ES main tracks
Loading ED model from: /eos/home-e/evilla/dune/sn-tps/neural_networks/electron_direction/three_plane_three_plane_v58_200k_lr_schedule_20251118_110931/checkpoints/model_epoch_12_val_loss_0.8898.keras
Running ED inference...
After energy cut: 305 clusters
Running emcee: 64 walkers × 2000 steps...
Acceptance fraction: 11.0%
Mean direction: θ=147.98°, φ=101.88°
Uncertainties: Δθ=84.50°, Δφ=18.03°
68% credible angle: 78.41°

Angular error: 39.50°

======================================================================
SCENARIO (EMCEE): FULL_PIPELINE
======================================================================

Loaded 3775 matched main-track clusters across U, V, X planes
Using all 3775 main-track clusters
Loading CT model from: /eos/user/e/evilla/dune/sn-tps/neural_networks/channel_tagging/ct_volume_v52_batch_reload_20251116_101125/best_model.keras
Running CT inference...
CT selected 3440 ES candidates from 3775 clusters
  ES prob range: [0.000, 1.000]
Loading ED model from: /eos/home-e/evilla/dune/sn-tps/neural_networks/electron_direction/three_plane_three_plane_v58_200k_lr_schedule_20251118_110931/checkpoints/model_epoch_12_val_loss_0.8898.keras
Running ED inference on 3440 clusters...
After E > 3 MeV cut: 3422 clusters
Running emcee: 64 walkers × 2000 steps...
Acceptance fraction: 4.7%
Mean direction: θ=-164.62°, φ=98.78°
Uncertainties: Δθ=58.66°, Δφ=30.37°
68% credible angle: 59.47°

Angular error: 86.10°

======================================================================
SCENARIO (EMCEE): WEIGHTED_CT
======================================================================

Loaded 3775 matched main-track clusters across U, V, X planes
Using all 3775 main-track clusters
Loading CT model from: /eos/user/e/evilla/dune/sn-tps/neural_networks/channel_tagging/ct_volume_v52_batch_reload_20251116_101125/best_model.keras
Running CT inference...
CT selected 3440 ES candidates from 3775 clusters
  ES prob range: [0.000, 1.000]
Loading ED model from: /eos/home-e/evilla/dune/sn-tps/neural_networks/electron_direction/three_plane_three_plane_v58_200k_lr_schedule_20251118_110931/checkpoints/model_epoch_12_val_loss_0.8898.keras
Running ED inference on 3440 clusters...
Using CT weights (ES probabilities)
After E > 3 MeV cut: 3422 clusters
Running weighted MCMC with 3422 weights
Running emcee: 64 walkers × 2000 steps...
Acceptance fraction: 3.2%
Mean direction: θ=-162.93°, φ=95.41°
Uncertainties: Δθ=68.61°, Δφ=28.67°
68% credible angle: 62.80°

Angular error: 88.08°

======================================================================
SCENARIO (EMCEE): PERFECT_CT_E_GT_10MEV
======================================================================

Loaded 3775 matched main-track clusters across U, V, X planes
Selected 305 ES main tracks
Loading ED model from: /eos/home-e/evilla/dune/sn-tps/neural_networks/electron_direction/three_plane_three_plane_v58_200k_lr_schedule_20251118_110931/checkpoints/model_epoch_12_val_loss_0.8898.keras
Running ED inference...
Applying E > 10 MeV cut
After energy cut: 181 clusters
Running emcee: 64 walkers × 2000 steps...
Acceptance fraction: 9.5%
Mean direction: θ=146.86°, φ=92.29°
Uncertainties: Δθ=129.88°, Δφ=14.51°
68% credible angle: 119.50°

Angular error: 38.44°

======================================================================
SCENARIO (EMCEE): PERFECT_CT_E_GT_20MEV
======================================================================

Loaded 3775 matched main-track clusters across U, V, X planes
Selected 305 ES main tracks
Loading ED model from: /eos/home-e/evilla/dune/sn-tps/neural_networks/electron_direction/three_plane_three_plane_v58_200k_lr_schedule_20251118_110931/checkpoints/model_epoch_12_val_loss_0.8898.keras
Running ED inference...
Applying E > 20 MeV cut
After energy cut: 47 clusters
Running emcee: 64 walkers × 2000 steps...
Acceptance fraction: 10.4%
Mean direction: θ=143.19°, φ=96.01°
Uncertainties: Δθ=104.56°, Δφ=13.08°
68% credible angle: 110.68°

Angular error: 34.53°

✓ Saved: /eos/project-e/ep-nu/evilla/sn-pointing/cat000229/pipeline/cat000229_scenario_best_case_emcee.npz

✓ Saved: /eos/project-e/ep-nu/evilla/sn-pointing/cat000229/pipeline/cat000229_scenario_perfect_ct_emcee.npz

✓ Saved: /eos/project-e/ep-nu/evilla/sn-pointing/cat000229/pipeline/cat000229_scenario_full_pipeline_emcee.npz

✓ Saved: /eos/project-e/ep-nu/evilla/sn-pointing/cat000229/pipeline/cat000229_scenario_weighted_ct_emcee.npz

✓ Saved: /eos/project-e/ep-nu/evilla/sn-pointing/cat000229/pipeline/cat000229_scenario_perfect_ct_e_gt_10mev_emcee.npz

✓ Saved: /eos/project-e/ep-nu/evilla/sn-pointing/cat000229/pipeline/cat000229_scenario_perfect_ct_e_gt_20mev_emcee.npz
✓ cat000229 completed successfully
