==================================================================
Processing cat000161 with EMCEE - ALL SCENARIOS
==================================================================
======================================================================
EMCEE RECONSTRUCTION FOR cat000161
======================================================================

Loading PDF from: /eos/home-e/evilla/dune/sn-tps/neural_networks/electron_direction/three_plane_three_plane_v58_200k_lr_schedule_20251118_110931/cosine_energy_pdf.npz
PDF loaded

======================================================================
SCENARIO (EMCEE): PERFECT_CT
======================================================================

Loaded 3477 matched clusters across U, V, X planes
Selected clusters: 286
Running emcee: 64 walkers × 2000 steps...
Acceptance fraction: 19.0%
Mean direction: θ=48.37°, φ=112.57°
Uncertainties: Δθ=17.46°, Δφ=11.31°
68% credible angle: 24.57°

Angular error: 6.49°

======================================================================
SCENARIO (EMCEE): ES_MAIN_CC_SHOWER
======================================================================

Loaded 3477 matched clusters across U, V, X planes
Selected clusters: 286
Running emcee: 64 walkers × 2000 steps...
Acceptance fraction: 18.5%
Mean direction: θ=49.37°, φ=113.38°
Uncertainties: Δθ=17.43°, Δφ=12.59°
68% credible angle: 25.17°

Angular error: 5.36°

======================================================================
SCENARIO (EMCEE): ES_MAIN_CC_ALL
======================================================================

Loaded 3477 matched clusters across U, V, X planes
Selected clusters: 286
Running emcee: 64 walkers × 2000 steps...
Acceptance fraction: 15.9%
Mean direction: θ=48.57°, φ=113.14°
Uncertainties: Δθ=17.68°, Δφ=11.59°
68% credible angle: 24.54°

Angular error: 6.13°

======================================================================
SCENARIO (EMCEE): ES_ALL_CC_SHOWER
======================================================================

Loaded 3477 matched clusters across U, V, X planes
Selected clusters: 286
Running emcee: 64 walkers × 2000 steps...
Acceptance fraction: 17.4%
Mean direction: θ=52.63°, φ=114.29°
Uncertainties: Δθ=18.05°, Δφ=13.18°
68% credible angle: 25.18°

Angular error: 2.24°

======================================================================
SCENARIO (EMCEE): ES_ALL_CC_ALL
======================================================================

Loaded 3477 matched clusters across U, V, X planes
Selected clusters: 286
Running emcee: 64 walkers × 2000 steps...
Acceptance fraction: 23.0%
Mean direction: θ=50.69°, φ=111.34°
Uncertainties: Δθ=18.55°, Δφ=11.72°
68% credible angle: 19.09°

Angular error: 5.28°

======================================================================
SCENARIO (EMCEE): ALL_TRACKS_ALL_SHOWERS
======================================================================

Loaded 3477 matched clusters across U, V, X planes
Selected clusters: 3477
Running emcee: 64 walkers × 2000 steps...
Acceptance fraction: 3.0%
Mean direction: θ=143.35°, φ=106.29°
Uncertainties: Δθ=95.27°, Δφ=24.59°
68% credible angle: 92.85°

Angular error: 81.76°

✓ Saved: /eos/project-e/ep-nu/evilla/sn-pointing/cat000161/pipeline/cat000161_scenario_perfect_ct_emcee.npz

✓ Saved: /eos/project-e/ep-nu/evilla/sn-pointing/cat000161/pipeline/cat000161_scenario_es_main_cc_shower_emcee.npz

✓ Saved: /eos/project-e/ep-nu/evilla/sn-pointing/cat000161/pipeline/cat000161_scenario_es_main_cc_all_emcee.npz

✓ Saved: /eos/project-e/ep-nu/evilla/sn-pointing/cat000161/pipeline/cat000161_scenario_es_all_cc_shower_emcee.npz

✓ Saved: /eos/project-e/ep-nu/evilla/sn-pointing/cat000161/pipeline/cat000161_scenario_es_all_cc_all_emcee.npz

✓ Saved: /eos/project-e/ep-nu/evilla/sn-pointing/cat000161/pipeline/cat000161_scenario_all_tracks_all_showers_emcee.npz
✓ cat000161 completed successfully
