==================================================================
Processing cat000429 with EMCEE - ALL SCENARIOS
==================================================================
======================================================================
EMCEE RECONSTRUCTION FOR cat000429
======================================================================

Loading PDF from: /eos/home-e/evilla/dune/sn-tps/neural_networks/electron_direction/three_plane_three_plane_v58_200k_lr_schedule_20251118_110931/cosine_energy_pdf.npz
PDF loaded

======================================================================
SCENARIO (EMCEE): PERFECT_CT
======================================================================

Loaded 3632 matched clusters across U, V, X planes
Selected clusters: 268
Running emcee: 64 walkers × 2000 steps...
Acceptance fraction: 17.7%
Mean direction: θ=-17.92°, φ=143.94°
Uncertainties: Δθ=14.96°, Δφ=13.40°
68% credible angle: 25.87°

Angular error: 6.39°

======================================================================
SCENARIO (EMCEE): ES_MAIN_CC_SHOWER
======================================================================

Loaded 3632 matched clusters across U, V, X planes
Selected clusters: 268
Running emcee: 64 walkers × 2000 steps...
Acceptance fraction: 12.4%
Mean direction: θ=-9.88°, φ=139.27°
Uncertainties: Δθ=20.74°, Δφ=12.82°
68% credible angle: 21.90°

Angular error: 6.35°

======================================================================
SCENARIO (EMCEE): ES_MAIN_CC_ALL
======================================================================

Loaded 3632 matched clusters across U, V, X planes
Selected clusters: 268
Running emcee: 64 walkers × 2000 steps...
Acceptance fraction: 13.2%
Mean direction: θ=-13.79°, φ=142.45°
Uncertainties: Δθ=21.42°, Δφ=13.64°
68% credible angle: 25.43°

Angular error: 4.89°

======================================================================
SCENARIO (EMCEE): ES_ALL_CC_SHOWER
======================================================================

Loaded 3632 matched clusters across U, V, X planes
Selected clusters: 268
Running emcee: 64 walkers × 2000 steps...
Acceptance fraction: 14.9%
Mean direction: θ=-16.43°, φ=146.69°
Uncertainties: Δθ=20.60°, Δφ=13.37°
68% credible angle: 24.18°

Angular error: 5.33°

======================================================================
SCENARIO (EMCEE): ES_ALL_CC_ALL
======================================================================

Loaded 3632 matched clusters across U, V, X planes
Selected clusters: 268
Running emcee: 64 walkers × 2000 steps...
Acceptance fraction: 14.2%
Mean direction: θ=-13.25°, φ=142.83°
Uncertainties: Δθ=21.80°, Δφ=13.00°
68% credible angle: 25.43°

Angular error: 4.39°

======================================================================
SCENARIO (EMCEE): ALL_TRACKS_ALL_SHOWERS
======================================================================

Loaded 3632 matched clusters across U, V, X planes
Selected clusters: 3632
Running emcee: 64 walkers × 2000 steps...
Acceptance fraction: 4.8%
Mean direction: θ=-173.75°, φ=122.91°
Uncertainties: Δθ=80.72°, Δφ=36.79°
68% credible angle: 73.74°

Angular error: 90.95°

✓ Saved: /eos/project-e/ep-nu/evilla/sn-pointing/cat000429/pipeline/cat000429_scenario_perfect_ct_emcee.npz

✓ Saved: /eos/project-e/ep-nu/evilla/sn-pointing/cat000429/pipeline/cat000429_scenario_es_main_cc_shower_emcee.npz

✓ Saved: /eos/project-e/ep-nu/evilla/sn-pointing/cat000429/pipeline/cat000429_scenario_es_main_cc_all_emcee.npz

✓ Saved: /eos/project-e/ep-nu/evilla/sn-pointing/cat000429/pipeline/cat000429_scenario_es_all_cc_shower_emcee.npz

✓ Saved: /eos/project-e/ep-nu/evilla/sn-pointing/cat000429/pipeline/cat000429_scenario_es_all_cc_all_emcee.npz

✓ Saved: /eos/project-e/ep-nu/evilla/sn-pointing/cat000429/pipeline/cat000429_scenario_all_tracks_all_showers_emcee.npz
✓ cat000429 completed successfully
