000 (6420432.104.000) 11/20 17:10:12 Job submitted from host: <188.185.125.71:9618?addrs=188.185.125.71-9618+[2001-1458-d00-4a--100-15e]-9618&alias=bigbird28.cern.ch&noUDP&sock=schedd_2239_58a3>
...
040 (6420432.104.000) 11/20 19:39:53 Started transferring input files
	Transferring to host: <188.185.92.184:9618?addrs=188.185.92.184-9618+[2001-1458-d00-6c--100-192]-9618&alias=b9g57n4080.cern.ch&noUDP&sock=slot1_1_15354_0829_7288>
...
040 (6420432.104.000) 11/20 19:39:53 Finished transferring input files
...
001 (6420432.104.000) 11/20 19:39:54 Job executing on host: <188.185.92.184:9618?addrs=188.185.92.184-9618+[2001-1458-d00-6c--100-192]-9618&alias=b9g57n4080.cern.ch&noUDP&sock=startd_14315_7a51>
	SlotName: slot1_1@b9g57n4080.cern.ch
	AvailableGPUs = { GPUs_GPU_a841436e }
	CondorScratchDir = "/pool/condor/dir_7941"
	Cpus = 11
	Disk = 8389823
	GPUs = 1
	GPUs_GPU_a841436e = [ Id = "GPU-a841436e"; ClockMhz = 1410.0; Capability = 8.0; CoresPerCU = 64; DeviceName = "NVIDIA A100-PCIE-40GB"; DeviceUuid = "a841436e-1cae-5da0-0a02-7b844fb8ca33"; ECCEnabled = true; ComputeUnits = 108; DriverVersion = 13.0; DevicePciBusId = "0000:06:00.0"; GlobalMemoryMb = 40441; MaxSupportedVersion = 13000 ]
	Memory = 33000
...
006 (6420432.104.000) 11/20 19:40:07 Image size of job updated: 306568
	300  -  MemoryUsage of job (MB)
	306568  -  ResidentSetSize of job (KB)
...
006 (6420432.104.000) 11/20 19:45:07 Image size of job updated: 2189100
	1256  -  MemoryUsage of job (MB)
	1285340  -  ResidentSetSize of job (KB)
...
006 (6420432.104.000) 11/20 19:49:27 Image size of job updated: 2232020
	1256  -  MemoryUsage of job (MB)
	1285340  -  ResidentSetSize of job (KB)
...
040 (6420432.104.000) 11/20 19:49:27 Started transferring output files
...
040 (6420432.104.000) 11/20 19:49:27 Finished transferring output files
...
005 (6420432.104.000) 11/20 19:49:27 Job terminated.
	(1) Normal termination (return value 0)
		Usr 0 00:18:06, Sys 0 00:01:35  -  Run Remote Usage
		Usr 0 00:00:00, Sys 0 00:00:00  -  Run Local Usage
		Usr 0 00:18:06, Sys 0 00:01:35  -  Total Remote Usage
		Usr 0 00:00:00, Sys 0 00:00:00  -  Total Local Usage
	30648  -  Run Bytes Sent By Job
	1412394  -  Run Bytes Received By Job
	30648  -  Total Bytes Sent By Job
	1412394  -  Total Bytes Received By Job
	Partitionable Resources :    Usage  Request Allocated Assigned
	   Cpus                 :     0.48       11        11 
	   Disk (KB)            :  1435     8388608   8389823 
	   GPUs                 :     0           1         1 "GPU-a841436e"
	   GpusMemory (MB)      :   580                       
	   Memory (MB)          :  1256       33000     33000 
	   TimeExecute (s)      :   573                       
	   TimeSlotBusy (s)     :   574                       

	Job terminated of its own accord at 2025-11-20T18:49:27Z with exit-code 0.
...
