==================================================================
Processing cat000116 with EMCEE - ALL SCENARIOS
==================================================================
======================================================================
EMCEE RECONSTRUCTION FOR cat000116
======================================================================

Loading PDF from: /eos/home-e/evilla/dune/sn-tps/neural_networks/electron_direction/three_plane_three_plane_v58_200k_lr_schedule_20251118_110931/cosine_energy_pdf.npz
PDF loaded

======================================================================
SCENARIO (EMCEE): PERFECT_CT
======================================================================

Loaded 3508 matched clusters across U, V, X planes
Selected clusters: 260
Running emcee: 64 walkers × 2000 steps...
Acceptance fraction: 7.1%
Mean direction: θ=178.65°, φ=67.58°
Uncertainties: Δθ=29.65°, Δφ=19.91°
68% credible angle: 28.68°

Angular error: 11.13°

======================================================================
SCENARIO (EMCEE): ES_MAIN_CC_SHOWER
======================================================================

Loaded 3508 matched clusters across U, V, X planes
Selected clusters: 260
Running emcee: 64 walkers × 2000 steps...
Acceptance fraction: 8.4%
Mean direction: θ=177.12°, φ=68.70°
Uncertainties: Δθ=24.68°, Δφ=15.09°
68% credible angle: 26.87°

Angular error: 12.92°

======================================================================
SCENARIO (EMCEE): ES_MAIN_CC_ALL
======================================================================

Loaded 3508 matched clusters across U, V, X planes
Selected clusters: 260
Running emcee: 64 walkers × 2000 steps...
Acceptance fraction: 9.0%
Mean direction: θ=-175.98°, φ=66.84°
Uncertainties: Δθ=24.71°, Δφ=16.63°
68% credible angle: 32.17°

Angular error: 7.62°

======================================================================
SCENARIO (EMCEE): ES_ALL_CC_SHOWER
======================================================================

Loaded 3508 matched clusters across U, V, X planes
Selected clusters: 260
Running emcee: 64 walkers × 2000 steps...
Acceptance fraction: 7.7%
Mean direction: θ=-179.96°, φ=64.12°
Uncertainties: Δθ=24.87°, Δφ=18.42°
68% credible angle: 28.73°

Angular error: 7.95°

======================================================================
SCENARIO (EMCEE): ES_ALL_CC_ALL
======================================================================

Loaded 3508 matched clusters across U, V, X planes
Selected clusters: 260
Running emcee: 64 walkers × 2000 steps...
Acceptance fraction: 8.0%
Mean direction: θ=-177.66°, φ=65.46°
Uncertainties: Δθ=24.53°, Δφ=18.24°
68% credible angle: 30.41°

Angular error: 7.27°

======================================================================
SCENARIO (EMCEE): ALL_TRACKS_ALL_SHOWERS
======================================================================

Loaded 3508 matched clusters across U, V, X planes
Selected clusters: 3508
Running emcee: 64 walkers × 2000 steps...
Acceptance fraction: 2.9%
Mean direction: θ=-170.18°, φ=83.55°
Uncertainties: Δθ=57.31°, Δφ=33.91°
68% credible angle: 59.13°

Angular error: 23.64°

✓ Saved: /eos/project-e/ep-nu/evilla/sn-pointing/cat000116/pipeline/cat000116_scenario_perfect_ct_emcee.npz

✓ Saved: /eos/project-e/ep-nu/evilla/sn-pointing/cat000116/pipeline/cat000116_scenario_es_main_cc_shower_emcee.npz

✓ Saved: /eos/project-e/ep-nu/evilla/sn-pointing/cat000116/pipeline/cat000116_scenario_es_main_cc_all_emcee.npz

✓ Saved: /eos/project-e/ep-nu/evilla/sn-pointing/cat000116/pipeline/cat000116_scenario_es_all_cc_shower_emcee.npz

✓ Saved: /eos/project-e/ep-nu/evilla/sn-pointing/cat000116/pipeline/cat000116_scenario_es_all_cc_all_emcee.npz

✓ Saved: /eos/project-e/ep-nu/evilla/sn-pointing/cat000116/pipeline/cat000116_scenario_all_tracks_all_showers_emcee.npz
✓ cat000116 completed successfully
