==================================================================
Processing cat000417 with EMCEE - ALL SCENARIOS
==================================================================
======================================================================
EMCEE RECONSTRUCTION FOR cat000417
======================================================================

Loading PDF from: /eos/home-e/evilla/dune/sn-tps/neural_networks/electron_direction/three_plane_three_plane_v58_200k_lr_schedule_20251118_110931/cosine_energy_pdf.npz
PDF loaded

======================================================================
SCENARIO (EMCEE): PERFECT_CT
======================================================================

Loaded 3255 matched clusters across U, V, X planes
Selected clusters: 276
Running emcee: 64 walkers × 2000 steps...
Acceptance fraction: 10.8%
Mean direction: θ=6.72°, φ=35.73°
Uncertainties: Δθ=75.87°, Δφ=9.16°
68% credible angle: 31.82°

Angular error: 25.44°

======================================================================
SCENARIO (EMCEE): ES_MAIN_CC_SHOWER
======================================================================

Loaded 3255 matched clusters across U, V, X planes
Selected clusters: 276
Running emcee: 64 walkers × 2000 steps...
Acceptance fraction: 10.2%
Mean direction: θ=14.04°, φ=37.79°
Uncertainties: Δθ=64.25°, Δφ=8.47°
68% credible angle: 36.38°

Angular error: 25.89°

======================================================================
SCENARIO (EMCEE): ES_MAIN_CC_ALL
======================================================================

Loaded 3255 matched clusters across U, V, X planes
Selected clusters: 276
Running emcee: 64 walkers × 2000 steps...
Acceptance fraction: 9.0%
Mean direction: θ=18.97°, φ=36.04°
Uncertainties: Δθ=74.76°, Δφ=9.43°
68% credible angle: 38.61°

Angular error: 23.34°

======================================================================
SCENARIO (EMCEE): ES_ALL_CC_SHOWER
======================================================================

Loaded 3255 matched clusters across U, V, X planes
Selected clusters: 276
Running emcee: 64 walkers × 2000 steps...
Acceptance fraction: 19.0%
Mean direction: θ=-28.19°, φ=38.61°
Uncertainties: Δθ=51.36°, Δφ=5.99°
68% credible angle: 12.23°

Angular error: 36.71°

======================================================================
SCENARIO (EMCEE): ES_ALL_CC_ALL
======================================================================

Loaded 3255 matched clusters across U, V, X planes
Selected clusters: 276
Running emcee: 64 walkers × 2000 steps...
Acceptance fraction: 9.2%
Mean direction: θ=34.16°, φ=35.90°
Uncertainties: Δθ=73.36°, Δφ=9.29°
68% credible angle: 44.90°

Angular error: 21.29°

======================================================================
SCENARIO (EMCEE): ALL_TRACKS_ALL_SHOWERS
======================================================================

Loaded 3255 matched clusters across U, V, X planes
Selected clusters: 3255
Running emcee: 64 walkers × 2000 steps...
Acceptance fraction: 2.8%
Mean direction: θ=-125.24°, φ=79.52°
Uncertainties: Δθ=110.13°, Δφ=46.88°
68% credible angle: 94.66°

Angular error: 94.34°

✓ Saved: /eos/project-e/ep-nu/evilla/sn-pointing/cat000417/pipeline/cat000417_scenario_perfect_ct_emcee.npz

✓ Saved: /eos/project-e/ep-nu/evilla/sn-pointing/cat000417/pipeline/cat000417_scenario_es_main_cc_shower_emcee.npz

✓ Saved: /eos/project-e/ep-nu/evilla/sn-pointing/cat000417/pipeline/cat000417_scenario_es_main_cc_all_emcee.npz

✓ Saved: /eos/project-e/ep-nu/evilla/sn-pointing/cat000417/pipeline/cat000417_scenario_es_all_cc_shower_emcee.npz

✓ Saved: /eos/project-e/ep-nu/evilla/sn-pointing/cat000417/pipeline/cat000417_scenario_es_all_cc_all_emcee.npz

✓ Saved: /eos/project-e/ep-nu/evilla/sn-pointing/cat000417/pipeline/cat000417_scenario_all_tracks_all_showers_emcee.npz
✓ cat000417 completed successfully
