000 (13791716.096.000) 11/20 10:18:20 Job submitted from host: <188.184.90.62:9618?addrs=188.184.90.62-9618+[2001-1458-201-e4--100-238]-9618&alias=bigbird16.cern.ch&noUDP&sock=schedd_5196_9a2f>
...
040 (13791716.096.000) 11/20 10:25:42 Started transferring input files
	Transferring to host: <188.185.190.74:9618?addrs=188.185.190.74-9618+[2001-1458-d03-b--100-f1]-9618&alias=b9pgpun034.cern.ch&noUDP&sock=slot1_1_260873_60c9_6844>
...
040 (13791716.096.000) 11/20 10:25:42 Finished transferring input files
...
001 (13791716.096.000) 11/20 10:25:43 Job executing on host: <188.185.190.74:9618?addrs=188.185.190.74-9618+[2001-1458-d03-b--100-f1]-9618&alias=b9pgpun034.cern.ch&noUDP&sock=startd_253996_b53f>
	SlotName: slot1_1@b9pgpun034.cern.ch
	AvailableGPUs = { GPUs_MIG_b4ddd37d_cd00_538d_b5f4_1595f38e7b79 }
	CondorScratchDir = "/pool/condor/dir_3616271"
	Cpus = 11
	Disk = 4195312
	GPUs = 1
	GPUs_MIG_b4ddd37d_cd00_538d_b5f4_1595f38e7b79 = [ Id = "MIG-b4ddd37d-cd00-538d-b5f4-1595f38e7b79"; DeviceName = "NVIDIA H100L-2-24C MIG 2g.24gb"; DeviceUuid = "MIG-b4ddd37d-cd00-538d-b5f4-1595f38e7b79"; ComputeUnits = 32; GlobalMemoryMb = 21547 ]
	Memory = 33000
...
006 (13791716.096.000) 11/20 10:25:56 Image size of job updated: 338428
	331  -  MemoryUsage of job (MB)
	338428  -  ResidentSetSize of job (KB)
...
006 (13791716.096.000) 11/20 10:26:39 Image size of job updated: 1208096
	331  -  MemoryUsage of job (MB)
	338428  -  ResidentSetSize of job (KB)
...
040 (13791716.096.000) 11/20 10:26:39 Started transferring output files
...
040 (13791716.096.000) 11/20 10:26:39 Finished transferring output files
...
005 (13791716.096.000) 11/20 10:26:39 Job terminated.
	(1) Normal termination (return value 0)
		Usr 0 00:00:46, Sys 0 00:00:03  -  Run Remote Usage
		Usr 0 00:00:00, Sys 0 00:00:00  -  Run Local Usage
		Usr 0 00:00:46, Sys 0 00:00:03  -  Total Remote Usage
		Usr 0 00:00:00, Sys 0 00:00:00  -  Total Local Usage
	17582  -  Run Bytes Sent By Job
	1410806  -  Run Bytes Received By Job
	17582  -  Total Bytes Sent By Job
	1410806  -  Total Bytes Received By Job
	Partitionable Resources :    Usage  Request Allocated Assigned
	   Cpus                 :        0       11        11 
	   Disk (KB)            :     1418  4194304   4195312 
	   GPUs                 :                 1         1 "MIG-b4ddd37d-cd00-538d-b5f4-1595f38e7b79"
	   Memory (MB)          :      331    33000     33000 
	   TimeExecute (s)      :       56                    
	   TimeSlotBusy (s)     :       57                    

	Job terminated of its own accord at 2025-11-20T09:26:39Z with exit-code 0.
...
