000 (13791414.513.000) 11/20 04:32:07 Job submitted from host: <188.184.90.62:9618?addrs=188.184.90.62-9618+[2001-1458-201-e4--100-238]-9618&alias=bigbird16.cern.ch&noUDP&sock=schedd_5196_9a2f>
...
040 (13791414.513.000) 11/20 05:04:46 Started transferring input files
	Transferring to host: <188.185.92.184:9618?addrs=188.185.92.184-9618+[2001-1458-d00-6c--100-192]-9618&alias=b9g57n4080.cern.ch&noUDP&sock=slot1_1_15354_0829_6852>
...
040 (13791414.513.000) 11/20 05:04:46 Finished transferring input files
...
001 (13791414.513.000) 11/20 05:04:47 Job executing on host: <188.185.92.184:9618?addrs=188.185.92.184-9618+[2001-1458-d00-6c--100-192]-9618&alias=b9g57n4080.cern.ch&noUDP&sock=startd_14315_7a51>
	SlotName: slot1_1@b9g57n4080.cern.ch
	AvailableGPUs = { GPUs_GPU_a841436e }
	CondorScratchDir = "/pool/condor/dir_3851097"
	Cpus = 11
	Disk = 4195296
	GPUs = 1
	GPUs_GPU_a841436e = [ Id = "GPU-a841436e"; ClockMhz = 1410.0; Capability = 8.0; CoresPerCU = 64; DeviceName = "NVIDIA A100-PCIE-40GB"; DeviceUuid = "a841436e-1cae-5da0-0a02-7b844fb8ca33"; ECCEnabled = true; ComputeUnits = 108; DriverVersion = 13.0; DevicePciBusId = "0000:06:00.0"; GlobalMemoryMb = 40441; MaxSupportedVersion = 13000 ]
	Memory = 33000
...
006 (13791414.513.000) 11/20 05:05:00 Image size of job updated: 278700
	273  -  MemoryUsage of job (MB)
	278700  -  ResidentSetSize of job (KB)
...
006 (13791414.513.000) 11/20 05:07:25 Image size of job updated: 1972484
	273  -  MemoryUsage of job (MB)
	278700  -  ResidentSetSize of job (KB)
...
040 (13791414.513.000) 11/20 05:07:25 Started transferring output files
...
040 (13791414.513.000) 11/20 05:07:25 Finished transferring output files
...
005 (13791414.513.000) 11/20 05:07:25 Job terminated.
	(1) Normal termination (return value 0)
		Usr 0 00:04:05, Sys 0 00:00:20  -  Run Remote Usage
		Usr 0 00:00:00, Sys 0 00:00:00  -  Run Local Usage
		Usr 0 00:04:05, Sys 0 00:00:20  -  Total Remote Usage
		Usr 0 00:00:00, Sys 0 00:00:00  -  Total Local Usage
	16204  -  Run Bytes Sent By Job
	1323  -  Run Bytes Received By Job
	16204  -  Total Bytes Sent By Job
	1323  -  Total Bytes Received By Job
	Partitionable Resources :    Usage  Request Allocated Assigned
	   Cpus                 :        0       11        11 
	   Disk (KB)            :       41  4194304   4195296 
	   GPUs                 :                 1         1 "GPU-a841436e"
	   Memory (MB)          :      273    33000     33000 
	   TimeExecute (s)      :      158                    
	   TimeSlotBusy (s)     :      159                    

	Job terminated of its own accord at 2025-11-20T04:07:25Z with exit-code 0.
...
