Processing cat000373 with 6 scenarios...
Cat directory: /eos/project-e/ep-nu/evilla/sn-pointing/cat000373
======================================================================
EMCEE RECONSTRUCTION FOR cat000373
======================================================================

Loading PDF from: /eos/home-e/evilla/dune/sn-tps/neural_networks/electron_direction/three_plane_three_plane_v58_200k_lr_schedule_20251118_110931/cosine_energy_pdf.npz
PDF loaded

======================================================================
SCENARIO (EMCEE): BEST_CASE
======================================================================

Loaded 3687 matched main-track clusters across U, V, X planes
Selected 301 ES main tracks
After E > 3 MeV cut: 301 clusters
Running emcee: 64 walkers × 2000 steps...
Acceptance fraction: 9.8%
Mean direction: θ=113.08°, φ=113.56°
Uncertainties: Δθ=41.86°, Δφ=28.73°
68% credible angle: 34.31°

Angular error: 15.81°

======================================================================
SCENARIO (EMCEE): PERFECT_CT
======================================================================

Loaded 3687 matched main-track clusters across U, V, X planes
Selected 301 ES main tracks
Loading ED model from: /eos/home-e/evilla/dune/sn-tps/neural_networks/electron_direction/three_plane_three_plane_v58_200k_lr_schedule_20251118_110931/checkpoints/model_epoch_12_val_loss_0.8898.keras
Running ED inference...
After energy cut: 301 clusters
Running emcee: 64 walkers × 2000 steps...
Acceptance fraction: 8.5%
Mean direction: θ=152.54°, φ=123.98°
Uncertainties: Δθ=53.11°, Δφ=24.02°
68% credible angle: 45.28°

Angular error: 46.99°

======================================================================
SCENARIO (EMCEE): FULL_PIPELINE
======================================================================

Loaded 3687 matched main-track clusters across U, V, X planes
Using all 3687 main-track clusters
Loading CT model from: /eos/user/e/evilla/dune/sn-tps/neural_networks/channel_tagging/ct_volume_v52_batch_reload_20251116_101125/best_model.keras
Running CT inference...
CT selected 3332 ES candidates from 3687 clusters
  ES prob range: [0.000, 1.000]
Loading ED model from: /eos/home-e/evilla/dune/sn-tps/neural_networks/electron_direction/three_plane_three_plane_v58_200k_lr_schedule_20251118_110931/checkpoints/model_epoch_12_val_loss_0.8898.keras
Running ED inference on 3332 clusters...
After E > 3 MeV cut: 3315 clusters
Running emcee: 64 walkers × 2000 steps...
Acceptance fraction: 3.2%
Mean direction: θ=168.98°, φ=96.64°
Uncertainties: Δθ=78.71°, Δφ=36.76°
68% credible angle: 75.86°

Angular error: 71.29°

======================================================================
SCENARIO (EMCEE): WEIGHTED_CT
======================================================================

Loaded 3687 matched main-track clusters across U, V, X planes
Using all 3687 main-track clusters
Loading CT model from: /eos/user/e/evilla/dune/sn-tps/neural_networks/channel_tagging/ct_volume_v52_batch_reload_20251116_101125/best_model.keras
Running CT inference...
CT selected 3332 ES candidates from 3687 clusters
  ES prob range: [0.000, 1.000]
Loading ED model from: /eos/home-e/evilla/dune/sn-tps/neural_networks/electron_direction/three_plane_three_plane_v58_200k_lr_schedule_20251118_110931/checkpoints/model_epoch_12_val_loss_0.8898.keras
Running ED inference on 3332 clusters...
Using CT weights (ES probabilities)
After E > 3 MeV cut: 3315 clusters
Running weighted MCMC with 3315 weights
Running emcee: 64 walkers × 2000 steps...
Acceptance fraction: 4.3%
Mean direction: θ=168.79°, φ=98.01°
Uncertainties: Δθ=70.17°, Δφ=35.26°
68% credible angle: 75.61°

Angular error: 70.46°

======================================================================
SCENARIO (EMCEE): PERFECT_CT_E_GT_10MEV
======================================================================

Loaded 3687 matched main-track clusters across U, V, X planes
Selected 301 ES main tracks
Loading ED model from: /eos/home-e/evilla/dune/sn-tps/neural_networks/electron_direction/three_plane_three_plane_v58_200k_lr_schedule_20251118_110931/checkpoints/model_epoch_12_val_loss_0.8898.keras
Running ED inference...
Applying E > 10 MeV cut
After energy cut: 170 clusters
Running emcee: 64 walkers × 2000 steps...
Acceptance fraction: 7.3%
Mean direction: θ=160.76°, φ=115.45°
Uncertainties: Δθ=63.85°, Δφ=27.57°
68% credible angle: 67.80°

Angular error: 56.16°

======================================================================
SCENARIO (EMCEE): PERFECT_CT_E_GT_20MEV
======================================================================

Loaded 3687 matched main-track clusters across U, V, X planes
Selected 301 ES main tracks
Loading ED model from: /eos/home-e/evilla/dune/sn-tps/neural_networks/electron_direction/three_plane_three_plane_v58_200k_lr_schedule_20251118_110931/checkpoints/model_epoch_12_val_loss_0.8898.keras
Running ED inference...
Applying E > 20 MeV cut
After energy cut: 35 clusters
Running emcee: 64 walkers × 2000 steps...
Acceptance fraction: 23.0%
Mean direction: θ=120.46°, φ=109.84°
Uncertainties: Δθ=84.50°, Δφ=34.41°
68% credible angle: 68.40°

Angular error: 23.61°

✓ Saved: /eos/project-e/ep-nu/evilla/sn-pointing/cat000373/pipeline/cat000373_scenario_best_case_emcee.npz

✓ Saved: /eos/project-e/ep-nu/evilla/sn-pointing/cat000373/pipeline/cat000373_scenario_perfect_ct_emcee.npz

✓ Saved: /eos/project-e/ep-nu/evilla/sn-pointing/cat000373/pipeline/cat000373_scenario_full_pipeline_emcee.npz

✓ Saved: /eos/project-e/ep-nu/evilla/sn-pointing/cat000373/pipeline/cat000373_scenario_weighted_ct_emcee.npz

✓ Saved: /eos/project-e/ep-nu/evilla/sn-pointing/cat000373/pipeline/cat000373_scenario_perfect_ct_e_gt_10mev_emcee.npz

✓ Saved: /eos/project-e/ep-nu/evilla/sn-pointing/cat000373/pipeline/cat000373_scenario_perfect_ct_e_gt_20mev_emcee.npz
✓ cat000373 completed successfully
