==================================================================
Processing cat000085 with EMCEE - ALL SCENARIOS
==================================================================
======================================================================
EMCEE RECONSTRUCTION FOR cat000085
======================================================================

Loading PDF from: /eos/home-e/evilla/dune/sn-tps/neural_networks/electron_direction/three_plane_three_plane_v58_200k_lr_schedule_20251118_110931/cosine_energy_pdf.npz
PDF loaded

======================================================================
SCENARIO (EMCEE): PERFECT_CT
======================================================================

Loaded 3563 matched clusters across U, V, X planes
Selected clusters: 265
Running emcee: 64 walkers × 2000 steps...
Acceptance fraction: 15.0%
Mean direction: θ=-7.36°, φ=57.57°
Uncertainties: Δθ=21.09°, Δφ=14.13°
68% credible angle: 31.27°

Angular error: 5.88°

======================================================================
SCENARIO (EMCEE): ES_MAIN_CC_SHOWER
======================================================================

Loaded 3563 matched clusters across U, V, X planes
Selected clusters: 265
Running emcee: 64 walkers × 2000 steps...
Acceptance fraction: 18.6%
Mean direction: θ=-4.25°, φ=63.74°
Uncertainties: Δθ=19.02°, Δφ=9.32°
68% credible angle: 11.99°

Angular error: 12.48°

======================================================================
SCENARIO (EMCEE): ES_MAIN_CC_ALL
======================================================================

Loaded 3563 matched clusters across U, V, X planes
Selected clusters: 265
Running emcee: 64 walkers × 2000 steps...
Acceptance fraction: 13.5%
Mean direction: θ=-2.15°, φ=60.16°
Uncertainties: Δθ=19.64°, Δφ=13.86°
68% credible angle: 29.17°

Angular error: 9.85°

======================================================================
SCENARIO (EMCEE): ES_ALL_CC_SHOWER
======================================================================

Loaded 3563 matched clusters across U, V, X planes
Selected clusters: 265
Running emcee: 64 walkers × 2000 steps...
Acceptance fraction: 14.5%
Mean direction: θ=-2.81°, φ=64.06°
Uncertainties: Δθ=18.93°, Δφ=11.51°
68% credible angle: 26.01°

Angular error: 13.17°

======================================================================
SCENARIO (EMCEE): ES_ALL_CC_ALL
======================================================================

Loaded 3563 matched clusters across U, V, X planes
Selected clusters: 265
Running emcee: 64 walkers × 2000 steps...
Acceptance fraction: 13.2%
Mean direction: θ=3.77°, φ=63.76°
Uncertainties: Δθ=21.74°, Δφ=9.44°
68% credible angle: 24.81°

Angular error: 15.75°

======================================================================
SCENARIO (EMCEE): ALL_TRACKS_ALL_SHOWERS
======================================================================

Loaded 3563 matched clusters across U, V, X planes
Selected clusters: 3563
Running emcee: 64 walkers × 2000 steps...
Acceptance fraction: 4.6%
Mean direction: θ=-105.07°, φ=87.57°
Uncertainties: Δθ=106.30°, Δφ=42.70°
68% credible angle: 115.91°

Angular error: 93.78°

✓ Saved: /eos/project-e/ep-nu/evilla/sn-pointing/cat000085/pipeline/cat000085_scenario_perfect_ct_emcee.npz

✓ Saved: /eos/project-e/ep-nu/evilla/sn-pointing/cat000085/pipeline/cat000085_scenario_es_main_cc_shower_emcee.npz

✓ Saved: /eos/project-e/ep-nu/evilla/sn-pointing/cat000085/pipeline/cat000085_scenario_es_main_cc_all_emcee.npz

✓ Saved: /eos/project-e/ep-nu/evilla/sn-pointing/cat000085/pipeline/cat000085_scenario_es_all_cc_shower_emcee.npz

✓ Saved: /eos/project-e/ep-nu/evilla/sn-pointing/cat000085/pipeline/cat000085_scenario_es_all_cc_all_emcee.npz

✓ Saved: /eos/project-e/ep-nu/evilla/sn-pointing/cat000085/pipeline/cat000085_scenario_all_tracks_all_showers_emcee.npz
✓ cat000085 completed successfully
