000 (13791716.064.000) 11/20 10:18:20 Job submitted from host: <188.184.90.62:9618?addrs=188.184.90.62-9618+[2001-1458-201-e4--100-238]-9618&alias=bigbird16.cern.ch&noUDP&sock=schedd_5196_9a2f>
...
040 (13791716.064.000) 11/20 10:21:29 Started transferring input files
	Transferring to host: <188.185.238.10:9618?addrs=188.185.238.10-9618+[2001-1458-303-28--100-6]-9618&alias=b9pgpun002.cern.ch&noUDP&sock=slot1_2_1939520_0c0f_1978>
...
040 (13791716.064.000) 11/20 10:21:29 Finished transferring input files
...
001 (13791716.064.000) 11/20 10:21:30 Job executing on host: <188.185.238.10:9618?addrs=188.185.238.10-9618+[2001-1458-303-28--100-6]-9618&alias=b9pgpun002.cern.ch&noUDP&sock=startd_1939478_2ae8>
	SlotName: slot1_2@b9pgpun002.cern.ch
	AvailableGPUs = { GPUs_GPU_195dba93 }
	CondorScratchDir = "/pool/condor/dir_2739578"
	Cpus = 11
	Disk = 4200504
	GPUs = 1
	GPUs_GPU_195dba93 = [ Id = "GPU-195dba93"; ClockMhz = 1785.0; Capability = 9.0; CoresPerCU = 128; DeviceName = "NVIDIA H100 NVL"; DeviceUuid = "195dba93-e951-b119-dea3-1f3b18bdda48"; ECCEnabled = true; ComputeUnits = 132; DriverVersion = 13.0; DevicePciBusId = "0000:3B:00.0"; GlobalMemoryMb = 95320; MaxSupportedVersion = 13000 ]
	Memory = 33000
...
006 (13791716.064.000) 11/20 10:21:44 Image size of job updated: 318968
	312  -  MemoryUsage of job (MB)
	318968  -  ResidentSetSize of job (KB)
...
006 (13791716.064.000) 11/20 10:22:53 Image size of job updated: 1263712
	312  -  MemoryUsage of job (MB)
	318968  -  ResidentSetSize of job (KB)
...
040 (13791716.064.000) 11/20 10:22:54 Started transferring output files
...
040 (13791716.064.000) 11/20 10:22:54 Finished transferring output files
...
005 (13791716.064.000) 11/20 10:22:54 Job terminated.
	(1) Normal termination (return value 0)
		Usr 0 00:01:09, Sys 0 00:00:12  -  Run Remote Usage
		Usr 0 00:00:00, Sys 0 00:00:00  -  Run Local Usage
		Usr 0 00:01:09, Sys 0 00:00:12  -  Total Remote Usage
		Usr 0 00:00:00, Sys 0 00:00:00  -  Total Local Usage
	17578  -  Run Bytes Sent By Job
	1410806  -  Run Bytes Received By Job
	17578  -  Total Bytes Sent By Job
	1410806  -  Total Bytes Received By Job
	Partitionable Resources :    Usage  Request Allocated Assigned
	   Cpus                 :        0       11        11 
	   Disk (KB)            :     1421  4194304   4200504 
	   GPUs                 :        0        1         1 "GPU-195dba93"
	   Memory (MB)          :      312    33000     33000 
	   TimeExecute (s)      :       83                    
	   TimeSlotBusy (s)     :       85                    

	Job terminated of its own accord at 2025-11-20T09:22:53Z with exit-code 0.
...
