Processing cat000563 with 6 scenarios...
Cat directory: /eos/project-e/ep-nu/evilla/sn-pointing/cat000563
======================================================================
EMCEE RECONSTRUCTION FOR cat000563
======================================================================

Loading PDF from: /eos/home-e/evilla/dune/sn-tps/neural_networks/electron_direction/three_plane_three_plane_v58_200k_lr_schedule_20251118_110931/cosine_energy_pdf.npz
PDF loaded

======================================================================
SCENARIO (EMCEE): BEST_CASE
======================================================================

Loaded 3546 matched main-track clusters across U, V, X planes
Selected 278 ES main tracks
After E > 3 MeV cut: 278 clusters
Running emcee: 64 walkers × 2000 steps...
Acceptance fraction: 16.9%
Mean direction: θ=26.50°, φ=42.29°
Uncertainties: Δθ=70.27°, Δφ=40.65°
68% credible angle: 55.49°

Angular error: 35.69°

======================================================================
SCENARIO (EMCEE): PERFECT_CT
======================================================================

Loaded 3546 matched main-track clusters across U, V, X planes
Selected 278 ES main tracks
Loading ED model from: /eos/home-e/evilla/dune/sn-tps/neural_networks/electron_direction/three_plane_three_plane_v58_200k_lr_schedule_20251118_110931/checkpoints/model_epoch_12_val_loss_0.8898.keras
Running ED inference...
After energy cut: 278 clusters
Running emcee: 64 walkers × 2000 steps...
Acceptance fraction: 10.8%
Mean direction: θ=6.14°, φ=26.64°
Uncertainties: Δθ=73.81°, Δφ=7.15°
68% credible angle: 41.79°

Angular error: 20.92°

======================================================================
SCENARIO (EMCEE): FULL_PIPELINE
======================================================================

Loaded 3546 matched main-track clusters across U, V, X planes
Using all 3546 main-track clusters
Loading CT model from: /eos/user/e/evilla/dune/sn-tps/neural_networks/channel_tagging/ct_volume_v52_batch_reload_20251116_101125/best_model.keras
Running CT inference...
CT selected 3238 ES candidates from 3546 clusters
  ES prob range: [0.000, 1.000]
Loading ED model from: /eos/home-e/evilla/dune/sn-tps/neural_networks/electron_direction/three_plane_three_plane_v58_200k_lr_schedule_20251118_110931/checkpoints/model_epoch_12_val_loss_0.8898.keras
Running ED inference on 3238 clusters...
After E > 3 MeV cut: 3225 clusters
Running emcee: 64 walkers × 2000 steps...
Acceptance fraction: 3.0%
Mean direction: θ=-136.59°, φ=75.74°
Uncertainties: Δθ=101.42°, Δφ=33.12°
68% credible angle: 81.26°

Angular error: 82.28°

======================================================================
SCENARIO (EMCEE): WEIGHTED_CT
======================================================================

Loaded 3546 matched main-track clusters across U, V, X planes
Using all 3546 main-track clusters
Loading CT model from: /eos/user/e/evilla/dune/sn-tps/neural_networks/channel_tagging/ct_volume_v52_batch_reload_20251116_101125/best_model.keras
Running CT inference...
CT selected 3238 ES candidates from 3546 clusters
  ES prob range: [0.000, 1.000]
Loading ED model from: /eos/home-e/evilla/dune/sn-tps/neural_networks/electron_direction/three_plane_three_plane_v58_200k_lr_schedule_20251118_110931/checkpoints/model_epoch_12_val_loss_0.8898.keras
Running ED inference on 3238 clusters...
Using CT weights (ES probabilities)
After E > 3 MeV cut: 3225 clusters
Running weighted MCMC with 3225 weights
Running emcee: 64 walkers × 2000 steps...
Acceptance fraction: 3.4%
Mean direction: θ=-165.72°, φ=91.77°
Uncertainties: Δθ=96.63°, Δφ=35.06°
68% credible angle: 90.83°

Angular error: 98.06°

======================================================================
SCENARIO (EMCEE): PERFECT_CT_E_GT_10MEV
======================================================================

Loaded 3546 matched main-track clusters across U, V, X planes
Selected 278 ES main tracks
Loading ED model from: /eos/home-e/evilla/dune/sn-tps/neural_networks/electron_direction/three_plane_three_plane_v58_200k_lr_schedule_20251118_110931/checkpoints/model_epoch_12_val_loss_0.8898.keras
Running ED inference...
Applying E > 10 MeV cut
After energy cut: 141 clusters
Running emcee: 64 walkers × 2000 steps...
Acceptance fraction: 15.1%
Mean direction: θ=-29.65°, φ=35.17°
Uncertainties: Δθ=104.19°, Δφ=39.07°
68% credible angle: 52.65°

Angular error: 32.59°

======================================================================
SCENARIO (EMCEE): PERFECT_CT_E_GT_20MEV
======================================================================

Loaded 3546 matched main-track clusters across U, V, X planes
Selected 278 ES main tracks
Loading ED model from: /eos/home-e/evilla/dune/sn-tps/neural_networks/electron_direction/three_plane_three_plane_v58_200k_lr_schedule_20251118_110931/checkpoints/model_epoch_12_val_loss_0.8898.keras
Running ED inference...
Applying E > 20 MeV cut
After energy cut: 26 clusters
Running emcee: 64 walkers × 2000 steps...
Acceptance fraction: 13.5%
Mean direction: θ=105.47°, φ=66.68°
Uncertainties: Δθ=114.99°, Δφ=68.13°
68% credible angle: 91.23°

Angular error: 64.83°

✓ Saved: /eos/project-e/ep-nu/evilla/sn-pointing/cat000563/pipeline/cat000563_scenario_best_case_emcee.npz

✓ Saved: /eos/project-e/ep-nu/evilla/sn-pointing/cat000563/pipeline/cat000563_scenario_perfect_ct_emcee.npz

✓ Saved: /eos/project-e/ep-nu/evilla/sn-pointing/cat000563/pipeline/cat000563_scenario_full_pipeline_emcee.npz

✓ Saved: /eos/project-e/ep-nu/evilla/sn-pointing/cat000563/pipeline/cat000563_scenario_weighted_ct_emcee.npz

✓ Saved: /eos/project-e/ep-nu/evilla/sn-pointing/cat000563/pipeline/cat000563_scenario_perfect_ct_e_gt_10mev_emcee.npz

✓ Saved: /eos/project-e/ep-nu/evilla/sn-pointing/cat000563/pipeline/cat000563_scenario_perfect_ct_e_gt_20mev_emcee.npz
✓ cat000563 completed successfully
