==================================================================
Processing cat000192 with EMCEE - ALL SCENARIOS
==================================================================
======================================================================
EMCEE RECONSTRUCTION FOR cat000192
======================================================================

Loading PDF from: /eos/home-e/evilla/dune/sn-tps/neural_networks/electron_direction/three_plane_three_plane_v58_200k_lr_schedule_20251118_110931/cosine_energy_pdf.npz
PDF loaded

======================================================================
SCENARIO (EMCEE): PERFECT_CT
======================================================================

Loaded 3366 matched clusters across U, V, X planes
Selected clusters: 170
Running emcee: 64 walkers × 2000 steps...
Acceptance fraction: 11.0%
Mean direction: θ=-3.64°, φ=70.07°
Uncertainties: Δθ=26.54°, Δφ=20.14°
68% credible angle: 20.13°

Angular error: 11.37°

======================================================================
SCENARIO (EMCEE): ES_MAIN_CC_SHOWER
======================================================================

Loaded 3366 matched clusters across U, V, X planes
Selected clusters: 170
Running emcee: 64 walkers × 2000 steps...
Acceptance fraction: 12.9%
Mean direction: θ=-0.40°, φ=67.52°
Uncertainties: Δθ=27.32°, Δφ=18.80°
68% credible angle: 27.94°

Angular error: 7.51°

======================================================================
SCENARIO (EMCEE): ES_MAIN_CC_ALL
======================================================================

Loaded 3366 matched clusters across U, V, X planes
Selected clusters: 170
Running emcee: 64 walkers × 2000 steps...
Acceptance fraction: 12.4%
Mean direction: θ=-0.20°, φ=66.81°
Uncertainties: Δθ=17.49°, Δφ=15.60°
68% credible angle: 21.85°

Angular error: 7.08°

======================================================================
SCENARIO (EMCEE): ES_ALL_CC_SHOWER
======================================================================

Loaded 3366 matched clusters across U, V, X planes
Selected clusters: 170
Running emcee: 64 walkers × 2000 steps...
Acceptance fraction: 10.5%
Mean direction: θ=1.03°, φ=67.05°
Uncertainties: Δθ=23.45°, Δφ=17.94°
68% credible angle: 23.21°

Angular error: 6.12°

======================================================================
SCENARIO (EMCEE): ES_ALL_CC_ALL
======================================================================

Loaded 3366 matched clusters across U, V, X planes
Selected clusters: 170
Running emcee: 64 walkers × 2000 steps...
Acceptance fraction: 11.8%
Mean direction: θ=-1.82°, φ=66.75°
Uncertainties: Δθ=18.25°, Δφ=15.18°
68% credible angle: 22.80°

Angular error: 8.48°

======================================================================
SCENARIO (EMCEE): ALL_TRACKS_ALL_SHOWERS
======================================================================

Loaded 3366 matched clusters across U, V, X planes
Selected clusters: 3366
Running emcee: 64 walkers × 2000 steps...
Acceptance fraction: 4.6%
Mean direction: θ=-99.94°, φ=84.88°
Uncertainties: Δθ=75.55°, Δφ=35.39°
68% credible angle: 52.25°

Angular error: 103.12°

✓ Saved: /eos/project-e/ep-nu/evilla/sn-pointing/cat000192/pipeline/cat000192_scenario_perfect_ct_emcee.npz

✓ Saved: /eos/project-e/ep-nu/evilla/sn-pointing/cat000192/pipeline/cat000192_scenario_es_main_cc_shower_emcee.npz

✓ Saved: /eos/project-e/ep-nu/evilla/sn-pointing/cat000192/pipeline/cat000192_scenario_es_main_cc_all_emcee.npz

✓ Saved: /eos/project-e/ep-nu/evilla/sn-pointing/cat000192/pipeline/cat000192_scenario_es_all_cc_shower_emcee.npz

✓ Saved: /eos/project-e/ep-nu/evilla/sn-pointing/cat000192/pipeline/cat000192_scenario_es_all_cc_all_emcee.npz

✓ Saved: /eos/project-e/ep-nu/evilla/sn-pointing/cat000192/pipeline/cat000192_scenario_all_tracks_all_showers_emcee.npz
✓ cat000192 completed successfully
