Processing cat000414 with 6 scenarios...
Cat directory: /eos/project-e/ep-nu/evilla/sn-pointing/cat000414
======================================================================
EMCEE RECONSTRUCTION FOR cat000414
======================================================================

Loading PDF from: /eos/home-e/evilla/dune/sn-tps/neural_networks/electron_direction/three_plane_three_plane_v58_200k_lr_schedule_20251118_110931/cosine_energy_pdf.npz
PDF loaded

======================================================================
SCENARIO (EMCEE): BEST_CASE
======================================================================

Loaded 3308 matched main-track clusters across U, V, X planes
Selected 282 ES main tracks
After E > 3 MeV cut: 282 clusters
Running emcee: 64 walkers × 2000 steps...
Acceptance fraction: 8.8%
Mean direction: θ=46.30°, φ=73.16°
Uncertainties: Δθ=26.19°, Δφ=14.45°
68% credible angle: 27.40°

Angular error: 9.59°

======================================================================
SCENARIO (EMCEE): PERFECT_CT
======================================================================

Loaded 3308 matched main-track clusters across U, V, X planes
Selected 282 ES main tracks
Loading ED model from: /eos/home-e/evilla/dune/sn-tps/neural_networks/electron_direction/three_plane_three_plane_v58_200k_lr_schedule_20251118_110931/checkpoints/model_epoch_12_val_loss_0.8898.keras
Running ED inference...
After energy cut: 282 clusters
Running emcee: 64 walkers × 2000 steps...
Acceptance fraction: 11.4%
Mean direction: θ=35.55°, φ=63.50°
Uncertainties: Δθ=17.19°, Δφ=13.43°
68% credible angle: 17.72°

Angular error: 8.53°

======================================================================
SCENARIO (EMCEE): FULL_PIPELINE
======================================================================

Loaded 3308 matched main-track clusters across U, V, X planes
Using all 3308 main-track clusters
Loading CT model from: /eos/user/e/evilla/dune/sn-tps/neural_networks/channel_tagging/ct_volume_v52_batch_reload_20251116_101125/best_model.keras
Running CT inference...
CT selected 3018 ES candidates from 3308 clusters
  ES prob range: [0.000, 1.000]
Loading ED model from: /eos/home-e/evilla/dune/sn-tps/neural_networks/electron_direction/three_plane_three_plane_v58_200k_lr_schedule_20251118_110931/checkpoints/model_epoch_12_val_loss_0.8898.keras
Running ED inference on 3018 clusters...
After E > 3 MeV cut: 3004 clusters
Running emcee: 64 walkers × 2000 steps...
Acceptance fraction: 2.8%
Mean direction: θ=145.12°, φ=85.27°
Uncertainties: Δθ=146.55°, Δφ=37.10°
68% credible angle: 113.97°

Angular error: 96.84°

======================================================================
SCENARIO (EMCEE): WEIGHTED_CT
======================================================================

Loaded 3308 matched main-track clusters across U, V, X planes
Using all 3308 main-track clusters
Loading CT model from: /eos/user/e/evilla/dune/sn-tps/neural_networks/channel_tagging/ct_volume_v52_batch_reload_20251116_101125/best_model.keras
Running CT inference...
CT selected 3018 ES candidates from 3308 clusters
  ES prob range: [0.000, 1.000]
Loading ED model from: /eos/home-e/evilla/dune/sn-tps/neural_networks/electron_direction/three_plane_three_plane_v58_200k_lr_schedule_20251118_110931/checkpoints/model_epoch_12_val_loss_0.8898.keras
Running ED inference on 3018 clusters...
Using CT weights (ES probabilities)
After E > 3 MeV cut: 3004 clusters
Running weighted MCMC with 3004 weights
Running emcee: 64 walkers × 2000 steps...
Acceptance fraction: 2.7%
Mean direction: θ=77.60°, φ=92.91°
Uncertainties: Δθ=150.12°, Δφ=35.22°
68% credible angle: 130.21°

Angular error: 42.94°

======================================================================
SCENARIO (EMCEE): PERFECT_CT_E_GT_10MEV
======================================================================

Loaded 3308 matched main-track clusters across U, V, X planes
Selected 282 ES main tracks
Loading ED model from: /eos/home-e/evilla/dune/sn-tps/neural_networks/electron_direction/three_plane_three_plane_v58_200k_lr_schedule_20251118_110931/checkpoints/model_epoch_12_val_loss_0.8898.keras
Running ED inference...
Applying E > 10 MeV cut
After energy cut: 146 clusters
Running emcee: 64 walkers × 2000 steps...
Acceptance fraction: 24.2%
Mean direction: θ=18.78°, φ=57.27°
Uncertainties: Δθ=20.91°, Δφ=17.97°
68% credible angle: 29.01°

Angular error: 23.67°

======================================================================
SCENARIO (EMCEE): PERFECT_CT_E_GT_20MEV
======================================================================

Loaded 3308 matched main-track clusters across U, V, X planes
Selected 282 ES main tracks
Loading ED model from: /eos/home-e/evilla/dune/sn-tps/neural_networks/electron_direction/three_plane_three_plane_v58_200k_lr_schedule_20251118_110931/checkpoints/model_epoch_12_val_loss_0.8898.keras
Running ED inference...
Applying E > 20 MeV cut
After energy cut: 46 clusters
Running emcee: 64 walkers × 2000 steps...
Acceptance fraction: 23.6%
Mean direction: θ=20.53°, φ=72.56°
Uncertainties: Δθ=45.83°, Δφ=27.45°
68% credible angle: 10.32°

Angular error: 24.40°

✓ Saved: /eos/project-e/ep-nu/evilla/sn-pointing/cat000414/pipeline/cat000414_scenario_best_case_emcee.npz

✓ Saved: /eos/project-e/ep-nu/evilla/sn-pointing/cat000414/pipeline/cat000414_scenario_perfect_ct_emcee.npz

✓ Saved: /eos/project-e/ep-nu/evilla/sn-pointing/cat000414/pipeline/cat000414_scenario_full_pipeline_emcee.npz

✓ Saved: /eos/project-e/ep-nu/evilla/sn-pointing/cat000414/pipeline/cat000414_scenario_weighted_ct_emcee.npz

✓ Saved: /eos/project-e/ep-nu/evilla/sn-pointing/cat000414/pipeline/cat000414_scenario_perfect_ct_e_gt_10mev_emcee.npz

✓ Saved: /eos/project-e/ep-nu/evilla/sn-pointing/cat000414/pipeline/cat000414_scenario_perfect_ct_e_gt_20mev_emcee.npz
✓ cat000414 completed successfully
