==================================================================
Processing cat000619 with EMCEE - ALL SCENARIOS
==================================================================
======================================================================
EMCEE RECONSTRUCTION FOR cat000619
======================================================================

Loading PDF from: /eos/home-e/evilla/dune/sn-tps/neural_networks/electron_direction/three_plane_three_plane_v58_200k_lr_schedule_20251118_110931/cosine_energy_pdf.npz
PDF loaded

======================================================================
SCENARIO (EMCEE): PERFECT_CT
======================================================================

Loaded 3832 matched clusters across U, V, X planes
Selected clusters: 268
Running emcee: 64 walkers × 2000 steps...
Acceptance fraction: 15.5%
Mean direction: θ=-47.83°, φ=76.37°
Uncertainties: Δθ=13.58°, Δφ=16.92°
68% credible angle: 28.60°

Angular error: 7.82°

======================================================================
SCENARIO (EMCEE): ES_MAIN_CC_SHOWER
======================================================================

Loaded 3832 matched clusters across U, V, X planes
Selected clusters: 268
Running emcee: 64 walkers × 2000 steps...
Acceptance fraction: 22.7%
Mean direction: θ=-42.44°, φ=70.29°
Uncertainties: Δθ=13.47°, Δφ=11.01°
68% credible angle: 11.29°

Angular error: 12.03°

======================================================================
SCENARIO (EMCEE): ES_MAIN_CC_ALL
======================================================================

Loaded 3832 matched clusters across U, V, X planes
Selected clusters: 268
Running emcee: 64 walkers × 2000 steps...
Acceptance fraction: 17.6%
Mean direction: θ=-48.21°, φ=72.14°
Uncertainties: Δθ=13.88°, Δφ=14.54°
68% credible angle: 25.07°

Angular error: 6.40°

======================================================================
SCENARIO (EMCEE): ES_ALL_CC_SHOWER
======================================================================

Loaded 3832 matched clusters across U, V, X planes
Selected clusters: 268
Running emcee: 64 walkers × 2000 steps...
Acceptance fraction: 16.7%
Mean direction: θ=-45.26°, φ=70.51°
Uncertainties: Δθ=14.32°, Δφ=16.33°
68% credible angle: 23.12°

Angular error: 9.38°

======================================================================
SCENARIO (EMCEE): ES_ALL_CC_ALL
======================================================================

Loaded 3832 matched clusters across U, V, X planes
Selected clusters: 268
Running emcee: 64 walkers × 2000 steps...
Acceptance fraction: 17.7%
Mean direction: θ=-45.97°, φ=69.88°
Uncertainties: Δθ=18.54°, Δφ=16.15°
68% credible angle: 19.77°

Angular error: 8.87°

======================================================================
SCENARIO (EMCEE): ALL_TRACKS_ALL_SHOWERS
======================================================================

Loaded 3832 matched clusters across U, V, X planes
Selected clusters: 3832
Running emcee: 64 walkers × 2000 steps...
Acceptance fraction: 4.0%
Mean direction: θ=-107.53°, φ=94.54°
Uncertainties: Δθ=83.23°, Δφ=33.70°
68% credible angle: 85.96°

Angular error: 56.39°

✓ Saved: /eos/project-e/ep-nu/evilla/sn-pointing/cat000619/pipeline/cat000619_scenario_perfect_ct_emcee.npz

✓ Saved: /eos/project-e/ep-nu/evilla/sn-pointing/cat000619/pipeline/cat000619_scenario_es_main_cc_shower_emcee.npz

✓ Saved: /eos/project-e/ep-nu/evilla/sn-pointing/cat000619/pipeline/cat000619_scenario_es_main_cc_all_emcee.npz

✓ Saved: /eos/project-e/ep-nu/evilla/sn-pointing/cat000619/pipeline/cat000619_scenario_es_all_cc_shower_emcee.npz

✓ Saved: /eos/project-e/ep-nu/evilla/sn-pointing/cat000619/pipeline/cat000619_scenario_es_all_cc_all_emcee.npz

✓ Saved: /eos/project-e/ep-nu/evilla/sn-pointing/cat000619/pipeline/cat000619_scenario_all_tracks_all_showers_emcee.npz
✓ cat000619 completed successfully
