==================================================================
Processing cat000010 with EMCEE - ALL SCENARIOS
==================================================================
======================================================================
EMCEE RECONSTRUCTION FOR cat000010
======================================================================

Loading PDF from: /eos/home-e/evilla/dune/sn-tps/neural_networks/electron_direction/three_plane_three_plane_v58_200k_lr_schedule_20251118_110931/cosine_energy_pdf.npz
PDF loaded

======================================================================
SCENARIO (EMCEE): PERFECT_CT
======================================================================

Loaded 3878 matched clusters across U, V, X planes
Selected clusters: 263
Running emcee: 64 walkers × 2000 steps...
Acceptance fraction: 10.8%
Mean direction: θ=168.16°, φ=101.73°
Uncertainties: Δθ=21.78°, Δφ=14.36°
68% credible angle: 29.37°

Angular error: 19.78°

======================================================================
SCENARIO (EMCEE): ES_MAIN_CC_SHOWER
======================================================================

Loaded 3878 matched clusters across U, V, X planes
Selected clusters: 263
Running emcee: 64 walkers × 2000 steps...
Acceptance fraction: 9.7%
Mean direction: θ=174.57°, φ=103.64°
Uncertainties: Δθ=24.30°, Δφ=18.82°
68% credible angle: 30.07°

Angular error: 25.76°

======================================================================
SCENARIO (EMCEE): ES_MAIN_CC_ALL
======================================================================

Loaded 3878 matched clusters across U, V, X planes
Selected clusters: 263
Running emcee: 64 walkers × 2000 steps...
Acceptance fraction: 8.0%
Mean direction: θ=166.49°, φ=106.27°
Uncertainties: Δθ=21.47°, Δφ=18.95°
68% credible angle: 31.23°

Angular error: 17.92°

======================================================================
SCENARIO (EMCEE): ES_ALL_CC_SHOWER
======================================================================

Loaded 3878 matched clusters across U, V, X planes
Selected clusters: 263
Running emcee: 64 walkers × 2000 steps...
Acceptance fraction: 10.4%
Mean direction: θ=173.78°, φ=105.84°
Uncertainties: Δθ=20.84°, Δφ=17.80°
68% credible angle: 27.63°

Angular error: 24.91°

======================================================================
SCENARIO (EMCEE): ES_ALL_CC_ALL
======================================================================

Loaded 3878 matched clusters across U, V, X planes
Selected clusters: 263
Running emcee: 64 walkers × 2000 steps...
Acceptance fraction: 11.3%
Mean direction: θ=174.85°, φ=106.16°
Uncertainties: Δθ=23.12°, Δφ=17.56°
68% credible angle: 28.97°

Angular error: 25.94°

======================================================================
SCENARIO (EMCEE): ALL_TRACKS_ALL_SHOWERS
======================================================================

Loaded 3878 matched clusters across U, V, X planes
Selected clusters: 3878
Running emcee: 64 walkers × 2000 steps...
Acceptance fraction: 4.1%
Mean direction: θ=176.43°, φ=107.10°
Uncertainties: Δθ=55.73°, Δφ=27.82°
68% credible angle: 60.27°

Angular error: 27.48°

✓ Saved: /eos/project-e/ep-nu/evilla/sn-pointing/cat000010/pipeline/cat000010_scenario_perfect_ct_emcee.npz

✓ Saved: /eos/project-e/ep-nu/evilla/sn-pointing/cat000010/pipeline/cat000010_scenario_es_main_cc_shower_emcee.npz

✓ Saved: /eos/project-e/ep-nu/evilla/sn-pointing/cat000010/pipeline/cat000010_scenario_es_main_cc_all_emcee.npz

✓ Saved: /eos/project-e/ep-nu/evilla/sn-pointing/cat000010/pipeline/cat000010_scenario_es_all_cc_shower_emcee.npz

✓ Saved: /eos/project-e/ep-nu/evilla/sn-pointing/cat000010/pipeline/cat000010_scenario_es_all_cc_all_emcee.npz

✓ Saved: /eos/project-e/ep-nu/evilla/sn-pointing/cat000010/pipeline/cat000010_scenario_all_tracks_all_showers_emcee.npz
✓ cat000010 completed successfully
