Processing cat000390 with 6 scenarios...
Cat directory: /eos/project-e/ep-nu/evilla/sn-pointing/cat000390
======================================================================
EMCEE RECONSTRUCTION FOR cat000390
======================================================================

Loading PDF from: /eos/home-e/evilla/dune/sn-tps/neural_networks/electron_direction/three_plane_three_plane_v58_200k_lr_schedule_20251118_110931/cosine_energy_pdf.npz
PDF loaded

======================================================================
SCENARIO (EMCEE): BEST_CASE
======================================================================

Loaded 3288 matched main-track clusters across U, V, X planes
Selected 248 ES main tracks
After E > 3 MeV cut: 248 clusters
Running emcee: 64 walkers × 2000 steps...
Acceptance fraction: 9.3%
Mean direction: θ=161.99°, φ=92.02°
Uncertainties: Δθ=20.48°, Δφ=16.42°
68% credible angle: 27.02°

Angular error: 7.79°

======================================================================
SCENARIO (EMCEE): PERFECT_CT
======================================================================

Loaded 3288 matched main-track clusters across U, V, X planes
Selected 248 ES main tracks
Loading ED model from: /eos/home-e/evilla/dune/sn-tps/neural_networks/electron_direction/three_plane_three_plane_v58_200k_lr_schedule_20251118_110931/checkpoints/model_epoch_12_val_loss_0.8898.keras
Running ED inference...
After energy cut: 248 clusters
Running emcee: 64 walkers × 2000 steps...
Acceptance fraction: 8.3%
Mean direction: θ=176.54°, φ=93.04°
Uncertainties: Δθ=22.67°, Δφ=15.42°
68% credible angle: 28.88°

Angular error: 22.25°

======================================================================
SCENARIO (EMCEE): FULL_PIPELINE
======================================================================

Loaded 3288 matched main-track clusters across U, V, X planes
Using all 3288 main-track clusters
Loading CT model from: /eos/user/e/evilla/dune/sn-tps/neural_networks/channel_tagging/ct_volume_v52_batch_reload_20251116_101125/best_model.keras
Running CT inference...
CT selected 2992 ES candidates from 3288 clusters
  ES prob range: [0.000, 1.000]
Loading ED model from: /eos/home-e/evilla/dune/sn-tps/neural_networks/electron_direction/three_plane_three_plane_v58_200k_lr_schedule_20251118_110931/checkpoints/model_epoch_12_val_loss_0.8898.keras
Running ED inference on 2992 clusters...
After E > 3 MeV cut: 2979 clusters
Running emcee: 64 walkers × 2000 steps...
Acceptance fraction: 4.5%
Mean direction: θ=172.27°, φ=101.47°
Uncertainties: Δθ=58.11°, Δφ=29.75°
68% credible angle: 59.81°

Angular error: 21.14°

======================================================================
SCENARIO (EMCEE): WEIGHTED_CT
======================================================================

Loaded 3288 matched main-track clusters across U, V, X planes
Using all 3288 main-track clusters
Loading CT model from: /eos/user/e/evilla/dune/sn-tps/neural_networks/channel_tagging/ct_volume_v52_batch_reload_20251116_101125/best_model.keras
Running CT inference...
CT selected 2992 ES candidates from 3288 clusters
  ES prob range: [0.000, 1.000]
Loading ED model from: /eos/home-e/evilla/dune/sn-tps/neural_networks/electron_direction/three_plane_three_plane_v58_200k_lr_schedule_20251118_110931/checkpoints/model_epoch_12_val_loss_0.8898.keras
Running ED inference on 2992 clusters...
Using CT weights (ES probabilities)
After E > 3 MeV cut: 2979 clusters
Running weighted MCMC with 2979 weights
Running emcee: 64 walkers × 2000 steps...
Acceptance fraction: 3.4%
Mean direction: θ=-171.58°, φ=105.05°
Uncertainties: Δθ=60.99°, Δφ=29.15°
68% credible angle: 62.82°

Angular error: 36.81°

======================================================================
SCENARIO (EMCEE): PERFECT_CT_E_GT_10MEV
======================================================================

Loaded 3288 matched main-track clusters across U, V, X planes
Selected 248 ES main tracks
Loading ED model from: /eos/home-e/evilla/dune/sn-tps/neural_networks/electron_direction/three_plane_three_plane_v58_200k_lr_schedule_20251118_110931/checkpoints/model_epoch_12_val_loss_0.8898.keras
Running ED inference...
Applying E > 10 MeV cut
After energy cut: 148 clusters
Running emcee: 64 walkers × 2000 steps...
Acceptance fraction: 14.2%
Mean direction: θ=-179.32°, φ=94.36°
Uncertainties: Δθ=14.15°, Δφ=12.40°
68% credible angle: 19.89°

Angular error: 26.53°

======================================================================
SCENARIO (EMCEE): PERFECT_CT_E_GT_20MEV
======================================================================

Loaded 3288 matched main-track clusters across U, V, X planes
Selected 248 ES main tracks
Loading ED model from: /eos/home-e/evilla/dune/sn-tps/neural_networks/electron_direction/three_plane_three_plane_v58_200k_lr_schedule_20251118_110931/checkpoints/model_epoch_12_val_loss_0.8898.keras
Running ED inference...
Applying E > 20 MeV cut
After energy cut: 42 clusters
Running emcee: 64 walkers × 2000 steps...
Acceptance fraction: 15.5%
Mean direction: θ=-177.91°, φ=85.38°
Uncertainties: Δθ=13.05°, Δφ=12.23°
68% credible angle: 19.70°

Angular error: 27.90°

✓ Saved: /eos/project-e/ep-nu/evilla/sn-pointing/cat000390/pipeline/cat000390_scenario_best_case_emcee.npz

✓ Saved: /eos/project-e/ep-nu/evilla/sn-pointing/cat000390/pipeline/cat000390_scenario_perfect_ct_emcee.npz

✓ Saved: /eos/project-e/ep-nu/evilla/sn-pointing/cat000390/pipeline/cat000390_scenario_full_pipeline_emcee.npz

✓ Saved: /eos/project-e/ep-nu/evilla/sn-pointing/cat000390/pipeline/cat000390_scenario_weighted_ct_emcee.npz

✓ Saved: /eos/project-e/ep-nu/evilla/sn-pointing/cat000390/pipeline/cat000390_scenario_perfect_ct_e_gt_10mev_emcee.npz

✓ Saved: /eos/project-e/ep-nu/evilla/sn-pointing/cat000390/pipeline/cat000390_scenario_perfect_ct_e_gt_20mev_emcee.npz
✓ cat000390 completed successfully
