Processing cat000221 with 6 scenarios...
Cat directory: /eos/project-e/ep-nu/evilla/sn-pointing/cat000221
======================================================================
EMCEE RECONSTRUCTION FOR cat000221
======================================================================

Loading PDF from: /eos/home-e/evilla/dune/sn-tps/neural_networks/electron_direction/three_plane_three_plane_v58_200k_lr_schedule_20251118_110931/cosine_energy_pdf.npz
PDF loaded

======================================================================
SCENARIO (EMCEE): BEST_CASE
======================================================================

Loaded 3876 matched main-track clusters across U, V, X planes
Selected 295 ES main tracks
After E > 3 MeV cut: 294 clusters
Running emcee: 64 walkers × 2000 steps...
Acceptance fraction: 7.3%
Mean direction: θ=-83.47°, φ=91.09°
Uncertainties: Δθ=67.32°, Δφ=24.78°
68% credible angle: 34.43°

Angular error: 10.40°

======================================================================
SCENARIO (EMCEE): PERFECT_CT
======================================================================

Loaded 3876 matched main-track clusters across U, V, X planes
Selected 295 ES main tracks
Loading ED model from: /eos/home-e/evilla/dune/sn-tps/neural_networks/electron_direction/three_plane_three_plane_v58_200k_lr_schedule_20251118_110931/checkpoints/model_epoch_12_val_loss_0.8898.keras
Running ED inference...
After energy cut: 294 clusters
Running emcee: 64 walkers × 2000 steps...
Acceptance fraction: 10.4%
Mean direction: θ=-94.83°, φ=88.19°
Uncertainties: Δθ=53.27°, Δφ=22.35°
68% credible angle: 34.66°

Angular error: 17.35°

======================================================================
SCENARIO (EMCEE): FULL_PIPELINE
======================================================================

Loaded 3876 matched main-track clusters across U, V, X planes
Using all 3876 main-track clusters
Loading CT model from: /eos/user/e/evilla/dune/sn-tps/neural_networks/channel_tagging/ct_volume_v52_batch_reload_20251116_101125/best_model.keras
Running CT inference...
CT selected 3546 ES candidates from 3876 clusters
  ES prob range: [0.000, 1.000]
Loading ED model from: /eos/home-e/evilla/dune/sn-tps/neural_networks/electron_direction/three_plane_three_plane_v58_200k_lr_schedule_20251118_110931/checkpoints/model_epoch_12_val_loss_0.8898.keras
Running ED inference on 3546 clusters...
After E > 3 MeV cut: 3524 clusters
Running emcee: 64 walkers × 2000 steps...
Acceptance fraction: 3.0%
Mean direction: θ=-158.83°, φ=101.04°
Uncertainties: Δθ=87.06°, Δφ=28.81°
68% credible angle: 82.91°

Angular error: 73.52°

======================================================================
SCENARIO (EMCEE): WEIGHTED_CT
======================================================================

Loaded 3876 matched main-track clusters across U, V, X planes
Using all 3876 main-track clusters
Loading CT model from: /eos/user/e/evilla/dune/sn-tps/neural_networks/channel_tagging/ct_volume_v52_batch_reload_20251116_101125/best_model.keras
Running CT inference...
CT selected 3546 ES candidates from 3876 clusters
  ES prob range: [0.000, 1.000]
Loading ED model from: /eos/home-e/evilla/dune/sn-tps/neural_networks/electron_direction/three_plane_three_plane_v58_200k_lr_schedule_20251118_110931/checkpoints/model_epoch_12_val_loss_0.8898.keras
Running ED inference on 3546 clusters...
Using CT weights (ES probabilities)
After E > 3 MeV cut: 3524 clusters
Running weighted MCMC with 3524 weights
Running emcee: 64 walkers × 2000 steps...
Acceptance fraction: 4.9%
Mean direction: θ=-121.80°, φ=92.71°
Uncertainties: Δθ=77.32°, Δφ=25.40°
68% credible angle: 89.19°

Angular error: 38.84°

======================================================================
SCENARIO (EMCEE): PERFECT_CT_E_GT_10MEV
======================================================================

Loaded 3876 matched main-track clusters across U, V, X planes
Selected 295 ES main tracks
Loading ED model from: /eos/home-e/evilla/dune/sn-tps/neural_networks/electron_direction/three_plane_three_plane_v58_200k_lr_schedule_20251118_110931/checkpoints/model_epoch_12_val_loss_0.8898.keras
Running ED inference...
Applying E > 10 MeV cut
After energy cut: 161 clusters
Running emcee: 64 walkers × 2000 steps...
Acceptance fraction: 10.3%
Mean direction: θ=-96.22°, φ=92.99°
Uncertainties: Δθ=64.77°, Δφ=14.91°
68% credible angle: 21.60°

Angular error: 15.11°

======================================================================
SCENARIO (EMCEE): PERFECT_CT_E_GT_20MEV
======================================================================

Loaded 3876 matched main-track clusters across U, V, X planes
Selected 295 ES main tracks
Loading ED model from: /eos/home-e/evilla/dune/sn-tps/neural_networks/electron_direction/three_plane_three_plane_v58_200k_lr_schedule_20251118_110931/checkpoints/model_epoch_12_val_loss_0.8898.keras
Running ED inference...
Applying E > 20 MeV cut
After energy cut: 44 clusters
Running emcee: 64 walkers × 2000 steps...
Acceptance fraction: 14.4%
Mean direction: θ=-86.99°, φ=91.89°
Uncertainties: Δθ=116.59°, Δφ=11.83°
68% credible angle: 157.98°

Angular error: 10.17°

✓ Saved: /eos/project-e/ep-nu/evilla/sn-pointing/cat000221/pipeline/cat000221_scenario_best_case_emcee.npz

✓ Saved: /eos/project-e/ep-nu/evilla/sn-pointing/cat000221/pipeline/cat000221_scenario_perfect_ct_emcee.npz

✓ Saved: /eos/project-e/ep-nu/evilla/sn-pointing/cat000221/pipeline/cat000221_scenario_full_pipeline_emcee.npz

✓ Saved: /eos/project-e/ep-nu/evilla/sn-pointing/cat000221/pipeline/cat000221_scenario_weighted_ct_emcee.npz

✓ Saved: /eos/project-e/ep-nu/evilla/sn-pointing/cat000221/pipeline/cat000221_scenario_perfect_ct_e_gt_10mev_emcee.npz

✓ Saved: /eos/project-e/ep-nu/evilla/sn-pointing/cat000221/pipeline/cat000221_scenario_perfect_ct_e_gt_20mev_emcee.npz
✓ cat000221 completed successfully
