Processing cat000155 with 6 scenarios...
Cat directory: /eos/project-e/ep-nu/evilla/sn-pointing/cat000155
======================================================================
EMCEE RECONSTRUCTION FOR cat000155
======================================================================

Loading PDF from: /eos/home-e/evilla/dune/sn-tps/neural_networks/electron_direction/three_plane_three_plane_v58_200k_lr_schedule_20251118_110931/cosine_energy_pdf.npz
PDF loaded

======================================================================
SCENARIO (EMCEE): BEST_CASE
======================================================================

Loaded 3349 matched main-track clusters across U, V, X planes
Selected 226 ES main tracks
After E > 3 MeV cut: 226 clusters
Running emcee: 64 walkers × 2000 steps...
Acceptance fraction: 11.5%
Mean direction: θ=-19.57°, φ=57.84°
Uncertainties: Δθ=25.10°, Δφ=15.46°
68% credible angle: 26.65°

Angular error: 5.20°

======================================================================
SCENARIO (EMCEE): PERFECT_CT
======================================================================

Loaded 3349 matched main-track clusters across U, V, X planes
Selected 226 ES main tracks
Loading ED model from: /eos/home-e/evilla/dune/sn-tps/neural_networks/electron_direction/three_plane_three_plane_v58_200k_lr_schedule_20251118_110931/checkpoints/model_epoch_12_val_loss_0.8898.keras
Running ED inference...
After energy cut: 226 clusters
Running emcee: 64 walkers × 2000 steps...
Acceptance fraction: 14.4%
Mean direction: θ=-2.63°, φ=63.45°
Uncertainties: Δθ=26.28°, Δφ=17.07°
68% credible angle: 25.17°

Angular error: 20.70°

======================================================================
SCENARIO (EMCEE): FULL_PIPELINE
======================================================================

Loaded 3349 matched main-track clusters across U, V, X planes
Using all 3349 main-track clusters
Loading CT model from: /eos/user/e/evilla/dune/sn-tps/neural_networks/channel_tagging/ct_volume_v52_batch_reload_20251116_101125/best_model.keras
Running CT inference...
CT selected 3027 ES candidates from 3349 clusters
  ES prob range: [0.000, 1.000]
Loading ED model from: /eos/home-e/evilla/dune/sn-tps/neural_networks/electron_direction/three_plane_three_plane_v58_200k_lr_schedule_20251118_110931/checkpoints/model_epoch_12_val_loss_0.8898.keras
Running ED inference on 3027 clusters...
After E > 3 MeV cut: 3006 clusters
Running emcee: 64 walkers × 2000 steps...
Acceptance fraction: 5.6%
Mean direction: θ=-64.82°, φ=96.25°
Uncertainties: Δθ=80.06°, Δφ=26.87°
68% credible angle: 63.68°

Angular error: 56.13°

======================================================================
SCENARIO (EMCEE): WEIGHTED_CT
======================================================================

Loaded 3349 matched main-track clusters across U, V, X planes
Using all 3349 main-track clusters
Loading CT model from: /eos/user/e/evilla/dune/sn-tps/neural_networks/channel_tagging/ct_volume_v52_batch_reload_20251116_101125/best_model.keras
Running CT inference...
CT selected 3027 ES candidates from 3349 clusters
  ES prob range: [0.000, 1.000]
Loading ED model from: /eos/home-e/evilla/dune/sn-tps/neural_networks/electron_direction/three_plane_three_plane_v58_200k_lr_schedule_20251118_110931/checkpoints/model_epoch_12_val_loss_0.8898.keras
Running ED inference on 3027 clusters...
Using CT weights (ES probabilities)
After E > 3 MeV cut: 3006 clusters
Running weighted MCMC with 3006 weights
Running emcee: 64 walkers × 2000 steps...
Acceptance fraction: 5.9%
Mean direction: θ=-52.12°, φ=86.09°
Uncertainties: Δθ=70.56°, Δφ=30.02°
68% credible angle: 62.60°

Angular error: 40.35°

======================================================================
SCENARIO (EMCEE): PERFECT_CT_E_GT_10MEV
======================================================================

Loaded 3349 matched main-track clusters across U, V, X planes
Selected 226 ES main tracks
Loading ED model from: /eos/home-e/evilla/dune/sn-tps/neural_networks/electron_direction/three_plane_three_plane_v58_200k_lr_schedule_20251118_110931/checkpoints/model_epoch_12_val_loss_0.8898.keras
Running ED inference...
Applying E > 10 MeV cut
After energy cut: 114 clusters
Running emcee: 64 walkers × 2000 steps...
Acceptance fraction: 20.7%
Mean direction: θ=-8.23°, φ=59.96°
Uncertainties: Δθ=23.12°, Δφ=12.73°
68% credible angle: 22.29°

Angular error: 14.72°

======================================================================
SCENARIO (EMCEE): PERFECT_CT_E_GT_20MEV
======================================================================

Loaded 3349 matched main-track clusters across U, V, X planes
Selected 226 ES main tracks
Loading ED model from: /eos/home-e/evilla/dune/sn-tps/neural_networks/electron_direction/three_plane_three_plane_v58_200k_lr_schedule_20251118_110931/checkpoints/model_epoch_12_val_loss_0.8898.keras
Running ED inference...
Applying E > 20 MeV cut
After energy cut: 33 clusters
Running emcee: 64 walkers × 2000 steps...
Acceptance fraction: 22.6%
Mean direction: θ=-13.02°, φ=66.16°
Uncertainties: Δθ=39.14°, Δφ=23.39°
68% credible angle: 21.80°

Angular error: 15.19°

✓ Saved: /eos/project-e/ep-nu/evilla/sn-pointing/cat000155/pipeline/cat000155_scenario_best_case_emcee.npz

✓ Saved: /eos/project-e/ep-nu/evilla/sn-pointing/cat000155/pipeline/cat000155_scenario_perfect_ct_emcee.npz

✓ Saved: /eos/project-e/ep-nu/evilla/sn-pointing/cat000155/pipeline/cat000155_scenario_full_pipeline_emcee.npz

✓ Saved: /eos/project-e/ep-nu/evilla/sn-pointing/cat000155/pipeline/cat000155_scenario_weighted_ct_emcee.npz

✓ Saved: /eos/project-e/ep-nu/evilla/sn-pointing/cat000155/pipeline/cat000155_scenario_perfect_ct_e_gt_10mev_emcee.npz

✓ Saved: /eos/project-e/ep-nu/evilla/sn-pointing/cat000155/pipeline/cat000155_scenario_perfect_ct_e_gt_20mev_emcee.npz
✓ cat000155 completed successfully
