Processing cat000370 with 6 scenarios...
Cat directory: /eos/project-e/ep-nu/evilla/sn-pointing/cat000370
======================================================================
EMCEE RECONSTRUCTION FOR cat000370
======================================================================

Loading PDF from: /eos/home-e/evilla/dune/sn-tps/neural_networks/electron_direction/three_plane_three_plane_v58_200k_lr_schedule_20251118_110931/cosine_energy_pdf.npz
PDF loaded

======================================================================
SCENARIO (EMCEE): BEST_CASE
======================================================================

Loaded 3611 matched main-track clusters across U, V, X planes
Selected 285 ES main tracks
After E > 3 MeV cut: 285 clusters
Running emcee: 64 walkers × 2000 steps...
Acceptance fraction: 22.6%
Mean direction: θ=43.08°, φ=129.36°
Uncertainties: Δθ=35.73°, Δφ=14.54°
68% credible angle: 25.40°

Angular error: 14.39°

======================================================================
SCENARIO (EMCEE): PERFECT_CT
======================================================================

Loaded 3611 matched main-track clusters across U, V, X planes
Selected 285 ES main tracks
Loading ED model from: /eos/home-e/evilla/dune/sn-tps/neural_networks/electron_direction/three_plane_three_plane_v58_200k_lr_schedule_20251118_110931/checkpoints/model_epoch_12_val_loss_0.8898.keras
Running ED inference...
After energy cut: 285 clusters
Running emcee: 64 walkers × 2000 steps...
Acceptance fraction: 14.4%
Mean direction: θ=37.92°, φ=137.63°
Uncertainties: Δθ=31.28°, Δφ=17.55°
68% credible angle: 30.57°

Angular error: 9.64°

======================================================================
SCENARIO (EMCEE): FULL_PIPELINE
======================================================================

Loaded 3611 matched main-track clusters across U, V, X planes
Using all 3611 main-track clusters
Loading CT model from: /eos/user/e/evilla/dune/sn-tps/neural_networks/channel_tagging/ct_volume_v52_batch_reload_20251116_101125/best_model.keras
Running CT inference...
CT selected 3304 ES candidates from 3611 clusters
  ES prob range: [0.000, 1.000]
Loading ED model from: /eos/home-e/evilla/dune/sn-tps/neural_networks/electron_direction/three_plane_three_plane_v58_200k_lr_schedule_20251118_110931/checkpoints/model_epoch_12_val_loss_0.8898.keras
Running ED inference on 3304 clusters...
After E > 3 MeV cut: 3280 clusters
Running emcee: 64 walkers × 2000 steps...
Acceptance fraction: 4.3%
Mean direction: θ=154.49°, φ=117.87°
Uncertainties: Δθ=76.49°, Δφ=27.44°
68% credible angle: 76.67°

Angular error: 75.84°

======================================================================
SCENARIO (EMCEE): WEIGHTED_CT
======================================================================

Loaded 3611 matched main-track clusters across U, V, X planes
Using all 3611 main-track clusters
Loading CT model from: /eos/user/e/evilla/dune/sn-tps/neural_networks/channel_tagging/ct_volume_v52_batch_reload_20251116_101125/best_model.keras
Running CT inference...
CT selected 3304 ES candidates from 3611 clusters
  ES prob range: [0.000, 1.000]
Loading ED model from: /eos/home-e/evilla/dune/sn-tps/neural_networks/electron_direction/three_plane_three_plane_v58_200k_lr_schedule_20251118_110931/checkpoints/model_epoch_12_val_loss_0.8898.keras
Running ED inference on 3304 clusters...
Using CT weights (ES probabilities)
After E > 3 MeV cut: 3280 clusters
Running weighted MCMC with 3280 weights
Running emcee: 64 walkers × 2000 steps...
Acceptance fraction: 3.5%
Mean direction: θ=176.65°, φ=106.16°
Uncertainties: Δθ=84.37°, Δφ=31.35°
68% credible angle: 73.60°

Angular error: 96.87°

======================================================================
SCENARIO (EMCEE): PERFECT_CT_E_GT_10MEV
======================================================================

Loaded 3611 matched main-track clusters across U, V, X planes
Selected 285 ES main tracks
Loading ED model from: /eos/home-e/evilla/dune/sn-tps/neural_networks/electron_direction/three_plane_three_plane_v58_200k_lr_schedule_20251118_110931/checkpoints/model_epoch_12_val_loss_0.8898.keras
Running ED inference...
Applying E > 10 MeV cut
After energy cut: 144 clusters
Running emcee: 64 walkers × 2000 steps...
Acceptance fraction: 22.3%
Mean direction: θ=38.95°, φ=137.57°
Uncertainties: Δθ=33.48°, Δφ=18.56°
68% credible angle: 26.04°

Angular error: 9.13°

======================================================================
SCENARIO (EMCEE): PERFECT_CT_E_GT_20MEV
======================================================================

Loaded 3611 matched main-track clusters across U, V, X planes
Selected 285 ES main tracks
Loading ED model from: /eos/home-e/evilla/dune/sn-tps/neural_networks/electron_direction/three_plane_three_plane_v58_200k_lr_schedule_20251118_110931/checkpoints/model_epoch_12_val_loss_0.8898.keras
Running ED inference...
Applying E > 20 MeV cut
After energy cut: 31 clusters
Running emcee: 64 walkers × 2000 steps...
Acceptance fraction: 30.5%
Mean direction: θ=36.18°, φ=135.62°
Uncertainties: Δθ=44.78°, Δφ=41.02°
68% credible angle: 18.80°

Angular error: 11.84°

✓ Saved: /eos/project-e/ep-nu/evilla/sn-pointing/cat000370/pipeline/cat000370_scenario_best_case_emcee.npz

✓ Saved: /eos/project-e/ep-nu/evilla/sn-pointing/cat000370/pipeline/cat000370_scenario_perfect_ct_emcee.npz

✓ Saved: /eos/project-e/ep-nu/evilla/sn-pointing/cat000370/pipeline/cat000370_scenario_full_pipeline_emcee.npz

✓ Saved: /eos/project-e/ep-nu/evilla/sn-pointing/cat000370/pipeline/cat000370_scenario_weighted_ct_emcee.npz

✓ Saved: /eos/project-e/ep-nu/evilla/sn-pointing/cat000370/pipeline/cat000370_scenario_perfect_ct_e_gt_10mev_emcee.npz

✓ Saved: /eos/project-e/ep-nu/evilla/sn-pointing/cat000370/pipeline/cat000370_scenario_perfect_ct_e_gt_20mev_emcee.npz
✓ cat000370 completed successfully
