Processing cat000295 with 6 scenarios...
Cat directory: /eos/project-e/ep-nu/evilla/sn-pointing/cat000295
======================================================================
EMCEE RECONSTRUCTION FOR cat000295
======================================================================

Loading PDF from: /eos/home-e/evilla/dune/sn-tps/neural_networks/electron_direction/three_plane_three_plane_v58_200k_lr_schedule_20251118_110931/cosine_energy_pdf.npz
PDF loaded

======================================================================
SCENARIO (EMCEE): BEST_CASE
======================================================================

Loaded 3511 matched main-track clusters across U, V, X planes
Selected 283 ES main tracks
After E > 3 MeV cut: 283 clusters
Running emcee: 64 walkers × 2000 steps...
Acceptance fraction: 11.2%
Mean direction: θ=130.40°, φ=118.66°
Uncertainties: Δθ=45.91°, Δφ=29.45°
68% credible angle: 50.09°

Angular error: 24.59°

======================================================================
SCENARIO (EMCEE): PERFECT_CT
======================================================================

Loaded 3511 matched main-track clusters across U, V, X planes
Selected 283 ES main tracks
Loading ED model from: /eos/home-e/evilla/dune/sn-tps/neural_networks/electron_direction/three_plane_three_plane_v58_200k_lr_schedule_20251118_110931/checkpoints/model_epoch_12_val_loss_0.8898.keras
Running ED inference...
After energy cut: 283 clusters
Running emcee: 64 walkers × 2000 steps...
Acceptance fraction: 13.3%
Mean direction: θ=128.26°, φ=133.02°
Uncertainties: Δθ=38.37°, Δφ=24.70°
68% credible angle: 36.84°

Angular error: 19.89°

======================================================================
SCENARIO (EMCEE): FULL_PIPELINE
======================================================================

Loaded 3511 matched main-track clusters across U, V, X planes
Using all 3511 main-track clusters
Loading CT model from: /eos/user/e/evilla/dune/sn-tps/neural_networks/channel_tagging/ct_volume_v52_batch_reload_20251116_101125/best_model.keras
Running CT inference...
CT selected 3198 ES candidates from 3511 clusters
  ES prob range: [0.000, 1.000]
Loading ED model from: /eos/home-e/evilla/dune/sn-tps/neural_networks/electron_direction/three_plane_three_plane_v58_200k_lr_schedule_20251118_110931/checkpoints/model_epoch_12_val_loss_0.8898.keras
Running ED inference on 3198 clusters...
After E > 3 MeV cut: 3187 clusters
Running emcee: 64 walkers × 2000 steps...
Acceptance fraction: 4.6%
Mean direction: θ=176.05°, φ=107.67°
Uncertainties: Δθ=66.46°, Δφ=31.20°
68% credible angle: 70.80°

Angular error: 66.11°

======================================================================
SCENARIO (EMCEE): WEIGHTED_CT
======================================================================

Loaded 3511 matched main-track clusters across U, V, X planes
Using all 3511 main-track clusters
Loading CT model from: /eos/user/e/evilla/dune/sn-tps/neural_networks/channel_tagging/ct_volume_v52_batch_reload_20251116_101125/best_model.keras
Running CT inference...
CT selected 3198 ES candidates from 3511 clusters
  ES prob range: [0.000, 1.000]
Loading ED model from: /eos/home-e/evilla/dune/sn-tps/neural_networks/electron_direction/three_plane_three_plane_v58_200k_lr_schedule_20251118_110931/checkpoints/model_epoch_12_val_loss_0.8898.keras
Running ED inference on 3198 clusters...
Using CT weights (ES probabilities)
After E > 3 MeV cut: 3187 clusters
Running weighted MCMC with 3187 weights
Running emcee: 64 walkers × 2000 steps...
Acceptance fraction: 4.9%
Mean direction: θ=-169.53°, φ=114.02°
Uncertainties: Δθ=57.19°, Δφ=30.61°
68% credible angle: 55.49°

Angular error: 73.70°

======================================================================
SCENARIO (EMCEE): PERFECT_CT_E_GT_10MEV
======================================================================

Loaded 3511 matched main-track clusters across U, V, X planes
Selected 283 ES main tracks
Loading ED model from: /eos/home-e/evilla/dune/sn-tps/neural_networks/electron_direction/three_plane_three_plane_v58_200k_lr_schedule_20251118_110931/checkpoints/model_epoch_12_val_loss_0.8898.keras
Running ED inference...
Applying E > 10 MeV cut
After energy cut: 141 clusters
Running emcee: 64 walkers × 2000 steps...
Acceptance fraction: 9.7%
Mean direction: θ=119.08°, φ=136.26°
Uncertainties: Δθ=50.48°, Δφ=29.71°
68% credible angle: 34.41°

Angular error: 14.64°

======================================================================
SCENARIO (EMCEE): PERFECT_CT_E_GT_20MEV
======================================================================

Loaded 3511 matched main-track clusters across U, V, X planes
Selected 283 ES main tracks
Loading ED model from: /eos/home-e/evilla/dune/sn-tps/neural_networks/electron_direction/three_plane_three_plane_v58_200k_lr_schedule_20251118_110931/checkpoints/model_epoch_12_val_loss_0.8898.keras
Running ED inference...
Applying E > 20 MeV cut
After energy cut: 32 clusters
Running emcee: 64 walkers × 2000 steps...
Acceptance fraction: 19.3%
Mean direction: θ=148.84°, φ=120.39°
Uncertainties: Δθ=79.14°, Δφ=38.15°
68% credible angle: 50.63°

Angular error: 38.33°

✓ Saved: /eos/project-e/ep-nu/evilla/sn-pointing/cat000295/pipeline/cat000295_scenario_best_case_emcee.npz

✓ Saved: /eos/project-e/ep-nu/evilla/sn-pointing/cat000295/pipeline/cat000295_scenario_perfect_ct_emcee.npz

✓ Saved: /eos/project-e/ep-nu/evilla/sn-pointing/cat000295/pipeline/cat000295_scenario_full_pipeline_emcee.npz

✓ Saved: /eos/project-e/ep-nu/evilla/sn-pointing/cat000295/pipeline/cat000295_scenario_weighted_ct_emcee.npz

✓ Saved: /eos/project-e/ep-nu/evilla/sn-pointing/cat000295/pipeline/cat000295_scenario_perfect_ct_e_gt_10mev_emcee.npz

✓ Saved: /eos/project-e/ep-nu/evilla/sn-pointing/cat000295/pipeline/cat000295_scenario_perfect_ct_e_gt_20mev_emcee.npz
✓ cat000295 completed successfully
