==================================================================
Processing cat000143 with EMCEE - ALL SCENARIOS
==================================================================
======================================================================
EMCEE RECONSTRUCTION FOR cat000143
======================================================================

Loading PDF from: /eos/home-e/evilla/dune/sn-tps/neural_networks/electron_direction/three_plane_three_plane_v58_200k_lr_schedule_20251118_110931/cosine_energy_pdf.npz
PDF loaded

======================================================================
SCENARIO (EMCEE): PERFECT_CT
======================================================================

Loaded 3815 matched clusters across U, V, X planes
Selected clusters: 287
Running emcee: 64 walkers × 2000 steps...
Acceptance fraction: 18.2%
Mean direction: θ=33.17°, φ=123.33°
Uncertainties: Δθ=22.25°, Δφ=12.86°
68% credible angle: 10.41°

Angular error: 16.06°

======================================================================
SCENARIO (EMCEE): ES_MAIN_CC_SHOWER
======================================================================

Loaded 3815 matched clusters across U, V, X planes
Selected clusters: 287
Running emcee: 64 walkers × 2000 steps...
Acceptance fraction: 13.9%
Mean direction: θ=38.74°, φ=126.34°
Uncertainties: Δθ=22.11°, Δφ=13.01°
68% credible angle: 21.33°

Angular error: 10.78°

======================================================================
SCENARIO (EMCEE): ES_MAIN_CC_ALL
======================================================================

Loaded 3815 matched clusters across U, V, X planes
Selected clusters: 287
Running emcee: 64 walkers × 2000 steps...
Acceptance fraction: 16.3%
Mean direction: θ=36.44°, φ=123.44°
Uncertainties: Δθ=18.38°, Δφ=11.40°
68% credible angle: 12.49°

Angular error: 13.51°

======================================================================
SCENARIO (EMCEE): ES_ALL_CC_SHOWER
======================================================================

Loaded 3815 matched clusters across U, V, X planes
Selected clusters: 287
Running emcee: 64 walkers × 2000 steps...
Acceptance fraction: 17.9%
Mean direction: θ=34.06°, φ=124.73°
Uncertainties: Δθ=25.66°, Δφ=13.78°
68% credible angle: 11.80°

Angular error: 14.88°

======================================================================
SCENARIO (EMCEE): ES_ALL_CC_ALL
======================================================================

Loaded 3815 matched clusters across U, V, X planes
Selected clusters: 287
Running emcee: 64 walkers × 2000 steps...
Acceptance fraction: 14.7%
Mean direction: θ=35.75°, φ=125.16°
Uncertainties: Δθ=20.08°, Δφ=12.21°
68% credible angle: 23.80°

Angular error: 13.44°

======================================================================
SCENARIO (EMCEE): ALL_TRACKS_ALL_SHOWERS
======================================================================

Loaded 3815 matched clusters across U, V, X planes
Selected clusters: 3815
Running emcee: 64 walkers × 2000 steps...
Acceptance fraction: 3.0%
Mean direction: θ=125.60°, φ=121.52°
Uncertainties: Δθ=123.90°, Δφ=32.07°
68% credible angle: 89.97°

Angular error: 59.13°

✓ Saved: /eos/project-e/ep-nu/evilla/sn-pointing/cat000143/pipeline/cat000143_scenario_perfect_ct_emcee.npz

✓ Saved: /eos/project-e/ep-nu/evilla/sn-pointing/cat000143/pipeline/cat000143_scenario_es_main_cc_shower_emcee.npz

✓ Saved: /eos/project-e/ep-nu/evilla/sn-pointing/cat000143/pipeline/cat000143_scenario_es_main_cc_all_emcee.npz

✓ Saved: /eos/project-e/ep-nu/evilla/sn-pointing/cat000143/pipeline/cat000143_scenario_es_all_cc_shower_emcee.npz

✓ Saved: /eos/project-e/ep-nu/evilla/sn-pointing/cat000143/pipeline/cat000143_scenario_es_all_cc_all_emcee.npz

✓ Saved: /eos/project-e/ep-nu/evilla/sn-pointing/cat000143/pipeline/cat000143_scenario_all_tracks_all_showers_emcee.npz
✓ cat000143 completed successfully
