==================================================================
Processing cat000499 with EMCEE - ALL SCENARIOS
==================================================================
======================================================================
EMCEE RECONSTRUCTION FOR cat000499
======================================================================

Loading PDF from: /eos/home-e/evilla/dune/sn-tps/neural_networks/electron_direction/three_plane_three_plane_v58_200k_lr_schedule_20251118_110931/cosine_energy_pdf.npz
PDF loaded

======================================================================
SCENARIO (EMCEE): PERFECT_CT
======================================================================

Loaded 3639 matched clusters across U, V, X planes
Selected clusters: 239
Running emcee: 64 walkers × 2000 steps...
Acceptance fraction: 12.0%
Mean direction: θ=1.57°, φ=98.48°
Uncertainties: Δθ=29.94°, Δφ=13.71°
68% credible angle: 26.94°

Angular error: 3.92°

======================================================================
SCENARIO (EMCEE): ES_MAIN_CC_SHOWER
======================================================================

Loaded 3639 matched clusters across U, V, X planes
Selected clusters: 239
Running emcee: 64 walkers × 2000 steps...
Acceptance fraction: 9.7%
Mean direction: θ=-5.34°, φ=97.88°
Uncertainties: Δθ=29.15°, Δφ=15.49°
68% credible angle: 29.64°

Angular error: 10.60°

======================================================================
SCENARIO (EMCEE): ES_MAIN_CC_ALL
======================================================================

Loaded 3639 matched clusters across U, V, X planes
Selected clusters: 239
Running emcee: 64 walkers × 2000 steps...
Acceptance fraction: 14.9%
Mean direction: θ=11.33°, φ=97.69°
Uncertainties: Δθ=26.64°, Δφ=13.15°
68% credible angle: 29.90°

Angular error: 5.96°

======================================================================
SCENARIO (EMCEE): ES_ALL_CC_SHOWER
======================================================================

Loaded 3639 matched clusters across U, V, X planes
Selected clusters: 239
Running emcee: 64 walkers × 2000 steps...
Acceptance fraction: 9.8%
Mean direction: θ=-2.48°, φ=99.04°
Uncertainties: Δθ=21.04°, Δφ=16.42°
68% credible angle: 27.28°

Angular error: 7.94°

======================================================================
SCENARIO (EMCEE): ES_ALL_CC_ALL
======================================================================

Loaded 3639 matched clusters across U, V, X planes
Selected clusters: 239
Running emcee: 64 walkers × 2000 steps...
Acceptance fraction: 14.0%
Mean direction: θ=5.54°, φ=97.64°
Uncertainties: Δθ=24.06°, Δφ=14.01°
68% credible angle: 26.87°

Angular error: 0.44°

======================================================================
SCENARIO (EMCEE): ALL_TRACKS_ALL_SHOWERS
======================================================================

Loaded 3639 matched clusters across U, V, X planes
Selected clusters: 3639
Running emcee: 64 walkers × 2000 steps...
Acceptance fraction: 3.9%
Mean direction: θ=-144.01°, φ=103.66°
Uncertainties: Δθ=88.73°, Δφ=26.57°
68% credible angle: 88.20°

Angular error: 143.07°

✓ Saved: /eos/project-e/ep-nu/evilla/sn-pointing/cat000499/pipeline/cat000499_scenario_perfect_ct_emcee.npz

✓ Saved: /eos/project-e/ep-nu/evilla/sn-pointing/cat000499/pipeline/cat000499_scenario_es_main_cc_shower_emcee.npz

✓ Saved: /eos/project-e/ep-nu/evilla/sn-pointing/cat000499/pipeline/cat000499_scenario_es_main_cc_all_emcee.npz

✓ Saved: /eos/project-e/ep-nu/evilla/sn-pointing/cat000499/pipeline/cat000499_scenario_es_all_cc_shower_emcee.npz

✓ Saved: /eos/project-e/ep-nu/evilla/sn-pointing/cat000499/pipeline/cat000499_scenario_es_all_cc_all_emcee.npz

✓ Saved: /eos/project-e/ep-nu/evilla/sn-pointing/cat000499/pipeline/cat000499_scenario_all_tracks_all_showers_emcee.npz
✓ cat000499 completed successfully
