Processing cat000042 with 6 scenarios...
Cat directory: /eos/project-e/ep-nu/evilla/sn-pointing/cat000042
======================================================================
EMCEE RECONSTRUCTION FOR cat000042
======================================================================

Loading PDF from: /eos/home-e/evilla/dune/sn-tps/neural_networks/electron_direction/three_plane_three_plane_v58_200k_lr_schedule_20251118_110931/cosine_energy_pdf.npz
PDF loaded

======================================================================
SCENARIO (EMCEE): BEST_CASE
======================================================================

Loaded 3650 matched main-track clusters across U, V, X planes
Selected 225 ES main tracks
After E > 3 MeV cut: 225 clusters
Running emcee: 64 walkers × 2000 steps...
Acceptance fraction: 10.3%
Mean direction: θ=1.70°, φ=83.95°
Uncertainties: Δθ=37.79°, Δφ=21.20°
68% credible angle: 19.52°

Angular error: 20.11°

======================================================================
SCENARIO (EMCEE): PERFECT_CT
======================================================================

Loaded 3650 matched main-track clusters across U, V, X planes
Selected 225 ES main tracks
Loading ED model from: /eos/home-e/evilla/dune/sn-tps/neural_networks/electron_direction/three_plane_three_plane_v58_200k_lr_schedule_20251118_110931/checkpoints/model_epoch_12_val_loss_0.8898.keras
Running ED inference...
After energy cut: 225 clusters
Running emcee: 64 walkers × 2000 steps...
Acceptance fraction: 12.7%
Mean direction: θ=-7.69°, φ=69.86°
Uncertainties: Δθ=17.54°, Δφ=10.42°
68% credible angle: 21.69°

Angular error: 4.74°

======================================================================
SCENARIO (EMCEE): FULL_PIPELINE
======================================================================

Loaded 3650 matched main-track clusters across U, V, X planes
Using all 3650 main-track clusters
Loading CT model from: /eos/user/e/evilla/dune/sn-tps/neural_networks/channel_tagging/ct_volume_v52_batch_reload_20251116_101125/best_model.keras
Running CT inference...
CT selected 3341 ES candidates from 3650 clusters
  ES prob range: [0.000, 1.000]
Loading ED model from: /eos/home-e/evilla/dune/sn-tps/neural_networks/electron_direction/three_plane_three_plane_v58_200k_lr_schedule_20251118_110931/checkpoints/model_epoch_12_val_loss_0.8898.keras
Running ED inference on 3341 clusters...
After E > 3 MeV cut: 3321 clusters
Running emcee: 64 walkers × 2000 steps...
Acceptance fraction: 3.4%
Mean direction: θ=-82.13°, φ=83.93°
Uncertainties: Δθ=100.77°, Δφ=37.42°
68% credible angle: 118.01°

Angular error: 74.69°

======================================================================
SCENARIO (EMCEE): WEIGHTED_CT
======================================================================

Loaded 3650 matched main-track clusters across U, V, X planes
Using all 3650 main-track clusters
Loading CT model from: /eos/user/e/evilla/dune/sn-tps/neural_networks/channel_tagging/ct_volume_v52_batch_reload_20251116_101125/best_model.keras
Running CT inference...
CT selected 3341 ES candidates from 3650 clusters
  ES prob range: [0.000, 1.000]
Loading ED model from: /eos/home-e/evilla/dune/sn-tps/neural_networks/electron_direction/three_plane_three_plane_v58_200k_lr_schedule_20251118_110931/checkpoints/model_epoch_12_val_loss_0.8898.keras
Running ED inference on 3341 clusters...
Using CT weights (ES probabilities)
After E > 3 MeV cut: 3321 clusters
Running weighted MCMC with 3321 weights
Running emcee: 64 walkers × 2000 steps...
Acceptance fraction: 3.9%
Mean direction: θ=-100.74°, φ=85.88°
Uncertainties: Δθ=101.55°, Δφ=36.46°
68% credible angle: 123.29°

Angular error: 92.38°

======================================================================
SCENARIO (EMCEE): PERFECT_CT_E_GT_10MEV
======================================================================

Loaded 3650 matched main-track clusters across U, V, X planes
Selected 225 ES main tracks
Loading ED model from: /eos/home-e/evilla/dune/sn-tps/neural_networks/electron_direction/three_plane_three_plane_v58_200k_lr_schedule_20251118_110931/checkpoints/model_epoch_12_val_loss_0.8898.keras
Running ED inference...
Applying E > 10 MeV cut
After energy cut: 117 clusters
Running emcee: 64 walkers × 2000 steps...
Acceptance fraction: 13.4%
Mean direction: θ=-2.05°, φ=68.41°
Uncertainties: Δθ=23.20°, Δφ=10.87°
68% credible angle: 20.31°

Angular error: 4.92°

======================================================================
SCENARIO (EMCEE): PERFECT_CT_E_GT_20MEV
======================================================================

Loaded 3650 matched main-track clusters across U, V, X planes
Selected 225 ES main tracks
Loading ED model from: /eos/home-e/evilla/dune/sn-tps/neural_networks/electron_direction/three_plane_three_plane_v58_200k_lr_schedule_20251118_110931/checkpoints/model_epoch_12_val_loss_0.8898.keras
Running ED inference...
Applying E > 20 MeV cut
After energy cut: 27 clusters
Running emcee: 64 walkers × 2000 steps...
Acceptance fraction: 24.1%
Mean direction: θ=-6.85°, φ=71.05°
Uncertainties: Δθ=29.07°, Δφ=17.25°
68% credible angle: 17.55°

Angular error: 5.76°

✓ Saved: /eos/project-e/ep-nu/evilla/sn-pointing/cat000042/pipeline/cat000042_scenario_best_case_emcee.npz

✓ Saved: /eos/project-e/ep-nu/evilla/sn-pointing/cat000042/pipeline/cat000042_scenario_perfect_ct_emcee.npz

✓ Saved: /eos/project-e/ep-nu/evilla/sn-pointing/cat000042/pipeline/cat000042_scenario_full_pipeline_emcee.npz

✓ Saved: /eos/project-e/ep-nu/evilla/sn-pointing/cat000042/pipeline/cat000042_scenario_weighted_ct_emcee.npz

✓ Saved: /eos/project-e/ep-nu/evilla/sn-pointing/cat000042/pipeline/cat000042_scenario_perfect_ct_e_gt_10mev_emcee.npz

✓ Saved: /eos/project-e/ep-nu/evilla/sn-pointing/cat000042/pipeline/cat000042_scenario_perfect_ct_e_gt_20mev_emcee.npz
✓ cat000042 completed successfully
