Processing cat000208 with 6 scenarios...
Cat directory: /eos/project-e/ep-nu/evilla/sn-pointing/cat000208
======================================================================
EMCEE RECONSTRUCTION FOR cat000208
======================================================================

Loading PDF from: /eos/home-e/evilla/dune/sn-tps/neural_networks/electron_direction/three_plane_three_plane_v58_200k_lr_schedule_20251118_110931/cosine_energy_pdf.npz
PDF loaded

======================================================================
SCENARIO (EMCEE): BEST_CASE
======================================================================

Loaded 3287 matched main-track clusters across U, V, X planes
Selected 267 ES main tracks
After E > 3 MeV cut: 267 clusters
Running emcee: 64 walkers × 2000 steps...
Acceptance fraction: 11.2%
Mean direction: θ=61.17°, φ=76.47°
Uncertainties: Δθ=69.61°, Δφ=24.72°
68% credible angle: 34.23°

Angular error: 20.45°

======================================================================
SCENARIO (EMCEE): PERFECT_CT
======================================================================

Loaded 3287 matched main-track clusters across U, V, X planes
Selected 267 ES main tracks
Loading ED model from: /eos/home-e/evilla/dune/sn-tps/neural_networks/electron_direction/three_plane_three_plane_v58_200k_lr_schedule_20251118_110931/checkpoints/model_epoch_12_val_loss_0.8898.keras
Running ED inference...
After energy cut: 267 clusters
Running emcee: 64 walkers × 2000 steps...
Acceptance fraction: 13.0%
Mean direction: θ=79.46°, φ=63.97°
Uncertainties: Δθ=25.50°, Δφ=23.76°
68% credible angle: 28.04°

Angular error: 7.57°

======================================================================
SCENARIO (EMCEE): FULL_PIPELINE
======================================================================

Loaded 3287 matched main-track clusters across U, V, X planes
Using all 3287 main-track clusters
Loading CT model from: /eos/user/e/evilla/dune/sn-tps/neural_networks/channel_tagging/ct_volume_v52_batch_reload_20251116_101125/best_model.keras
Running CT inference...
CT selected 3017 ES candidates from 3287 clusters
  ES prob range: [0.000, 1.000]
Loading ED model from: /eos/home-e/evilla/dune/sn-tps/neural_networks/electron_direction/three_plane_three_plane_v58_200k_lr_schedule_20251118_110931/checkpoints/model_epoch_12_val_loss_0.8898.keras
Running ED inference on 3017 clusters...
After E > 3 MeV cut: 3003 clusters
Running emcee: 64 walkers × 2000 steps...
Acceptance fraction: 3.7%
Mean direction: θ=-141.87°, φ=84.53°
Uncertainties: Δθ=107.04°, Δφ=36.18°
68% credible angle: 101.89°

Angular error: 130.76°

======================================================================
SCENARIO (EMCEE): WEIGHTED_CT
======================================================================

Loaded 3287 matched main-track clusters across U, V, X planes
Using all 3287 main-track clusters
Loading CT model from: /eos/user/e/evilla/dune/sn-tps/neural_networks/channel_tagging/ct_volume_v52_batch_reload_20251116_101125/best_model.keras
Running CT inference...
CT selected 3017 ES candidates from 3287 clusters
  ES prob range: [0.000, 1.000]
Loading ED model from: /eos/home-e/evilla/dune/sn-tps/neural_networks/electron_direction/three_plane_three_plane_v58_200k_lr_schedule_20251118_110931/checkpoints/model_epoch_12_val_loss_0.8898.keras
Running ED inference on 3017 clusters...
Using CT weights (ES probabilities)
After E > 3 MeV cut: 3003 clusters
Running weighted MCMC with 3003 weights
Running emcee: 64 walkers × 2000 steps...
Acceptance fraction: 3.4%
Mean direction: θ=153.30°, φ=90.45°
Uncertainties: Δθ=99.21°, Δφ=35.85°
68% credible angle: 91.92°

Angular error: 82.02°

======================================================================
SCENARIO (EMCEE): PERFECT_CT_E_GT_10MEV
======================================================================

Loaded 3287 matched main-track clusters across U, V, X planes
Selected 267 ES main tracks
Loading ED model from: /eos/home-e/evilla/dune/sn-tps/neural_networks/electron_direction/three_plane_three_plane_v58_200k_lr_schedule_20251118_110931/checkpoints/model_epoch_12_val_loss_0.8898.keras
Running ED inference...
Applying E > 10 MeV cut
After energy cut: 148 clusters
Running emcee: 64 walkers × 2000 steps...
Acceptance fraction: 10.3%
Mean direction: θ=63.27°, φ=71.79°
Uncertainties: Δθ=56.64°, Δφ=22.02°
68% credible angle: 29.94°

Angular error: 15.39°

======================================================================
SCENARIO (EMCEE): PERFECT_CT_E_GT_20MEV
======================================================================

Loaded 3287 matched main-track clusters across U, V, X planes
Selected 267 ES main tracks
Loading ED model from: /eos/home-e/evilla/dune/sn-tps/neural_networks/electron_direction/three_plane_three_plane_v58_200k_lr_schedule_20251118_110931/checkpoints/model_epoch_12_val_loss_0.8898.keras
Running ED inference...
Applying E > 20 MeV cut
After energy cut: 39 clusters
Running emcee: 64 walkers × 2000 steps...
Acceptance fraction: 14.4%
Mean direction: θ=61.07°, φ=59.62°
Uncertainties: Δθ=62.36°, Δφ=23.67°
68% credible angle: 25.05°

Angular error: 10.17°

✓ Saved: /eos/project-e/ep-nu/evilla/sn-pointing/cat000208/pipeline/cat000208_scenario_best_case_emcee.npz

✓ Saved: /eos/project-e/ep-nu/evilla/sn-pointing/cat000208/pipeline/cat000208_scenario_perfect_ct_emcee.npz

✓ Saved: /eos/project-e/ep-nu/evilla/sn-pointing/cat000208/pipeline/cat000208_scenario_full_pipeline_emcee.npz

✓ Saved: /eos/project-e/ep-nu/evilla/sn-pointing/cat000208/pipeline/cat000208_scenario_weighted_ct_emcee.npz

✓ Saved: /eos/project-e/ep-nu/evilla/sn-pointing/cat000208/pipeline/cat000208_scenario_perfect_ct_e_gt_10mev_emcee.npz

✓ Saved: /eos/project-e/ep-nu/evilla/sn-pointing/cat000208/pipeline/cat000208_scenario_perfect_ct_e_gt_20mev_emcee.npz
✓ cat000208 completed successfully
