==================================================================
Processing cat000251 with EMCEE - ALL SCENARIOS
==================================================================
======================================================================
EMCEE RECONSTRUCTION FOR cat000251
======================================================================

Loading PDF from: /eos/home-e/evilla/dune/sn-tps/neural_networks/electron_direction/three_plane_three_plane_v58_200k_lr_schedule_20251118_110931/cosine_energy_pdf.npz
PDF loaded

======================================================================
SCENARIO (EMCEE): PERFECT_CT
======================================================================

Loaded 3813 matched clusters across U, V, X planes
Selected clusters: 299
Running emcee: 64 walkers × 2000 steps...
Acceptance fraction: 14.0%
Mean direction: θ=43.49°, φ=144.49°
Uncertainties: Δθ=56.86°, Δφ=14.42°
68% credible angle: 30.97°

Angular error: 12.70°

======================================================================
SCENARIO (EMCEE): ES_MAIN_CC_SHOWER
======================================================================

Loaded 3813 matched clusters across U, V, X planes
Selected clusters: 299
Running emcee: 64 walkers × 2000 steps...
Acceptance fraction: 12.7%
Mean direction: θ=67.91°, φ=141.78°
Uncertainties: Δθ=55.34°, Δφ=12.78°
68% credible angle: 26.75°

Angular error: 6.58°

======================================================================
SCENARIO (EMCEE): ES_MAIN_CC_ALL
======================================================================

Loaded 3813 matched clusters across U, V, X planes
Selected clusters: 299
Running emcee: 64 walkers × 2000 steps...
Acceptance fraction: 11.8%
Mean direction: θ=70.03°, φ=139.31°
Uncertainties: Δθ=43.72°, Δφ=11.62°
68% credible angle: 25.36°

Angular error: 9.29°

======================================================================
SCENARIO (EMCEE): ES_ALL_CC_SHOWER
======================================================================

Loaded 3813 matched clusters across U, V, X planes
Selected clusters: 299
Running emcee: 64 walkers × 2000 steps...
Acceptance fraction: 11.5%
Mean direction: θ=75.57°, φ=138.85°
Uncertainties: Δθ=45.49°, Δφ=11.26°
68% credible angle: 22.04°

Angular error: 11.08°

======================================================================
SCENARIO (EMCEE): ES_ALL_CC_ALL
======================================================================

Loaded 3813 matched clusters across U, V, X planes
Selected clusters: 299
Running emcee: 64 walkers × 2000 steps...
Acceptance fraction: 11.5%
Mean direction: θ=65.92°, φ=139.30°
Uncertainties: Δθ=49.21°, Δφ=13.34°
68% credible angle: 27.95°

Angular error: 8.91°

======================================================================
SCENARIO (EMCEE): ALL_TRACKS_ALL_SHOWERS
======================================================================

Loaded 3813 matched clusters across U, V, X planes
Selected clusters: 3813
Running emcee: 64 walkers × 2000 steps...
Acceptance fraction: 4.7%
Mean direction: θ=155.42°, φ=118.72°
Uncertainties: Δθ=70.10°, Δφ=34.58°
68% credible angle: 49.32°

Angular error: 65.83°

✓ Saved: /eos/project-e/ep-nu/evilla/sn-pointing/cat000251/pipeline/cat000251_scenario_perfect_ct_emcee.npz

✓ Saved: /eos/project-e/ep-nu/evilla/sn-pointing/cat000251/pipeline/cat000251_scenario_es_main_cc_shower_emcee.npz

✓ Saved: /eos/project-e/ep-nu/evilla/sn-pointing/cat000251/pipeline/cat000251_scenario_es_main_cc_all_emcee.npz

✓ Saved: /eos/project-e/ep-nu/evilla/sn-pointing/cat000251/pipeline/cat000251_scenario_es_all_cc_shower_emcee.npz

✓ Saved: /eos/project-e/ep-nu/evilla/sn-pointing/cat000251/pipeline/cat000251_scenario_es_all_cc_all_emcee.npz

✓ Saved: /eos/project-e/ep-nu/evilla/sn-pointing/cat000251/pipeline/cat000251_scenario_all_tracks_all_showers_emcee.npz
✓ cat000251 completed successfully
