==================================================================
Processing cat000272 with EMCEE - ALL SCENARIOS
==================================================================
======================================================================
EMCEE RECONSTRUCTION FOR cat000272
======================================================================

Loading PDF from: /eos/home-e/evilla/dune/sn-tps/neural_networks/electron_direction/three_plane_three_plane_v58_200k_lr_schedule_20251118_110931/cosine_energy_pdf.npz
PDF loaded

======================================================================
SCENARIO (EMCEE): PERFECT_CT
======================================================================

Loaded 3494 matched clusters across U, V, X planes
Selected clusters: 223
Running emcee: 64 walkers × 2000 steps...
Acceptance fraction: 27.5%
Mean direction: θ=38.21°, φ=88.09°
Uncertainties: Δθ=14.41°, Δφ=8.15°
68% credible angle: 8.60°

Angular error: 10.40°

======================================================================
SCENARIO (EMCEE): ES_MAIN_CC_SHOWER
======================================================================

Loaded 3494 matched clusters across U, V, X planes
Selected clusters: 223
Running emcee: 64 walkers × 2000 steps...
Acceptance fraction: 32.3%
Mean direction: θ=46.03°, φ=88.25°
Uncertainties: Δθ=10.67°, Δφ=10.91°
68% credible angle: 4.65°

Angular error: 4.24°

======================================================================
SCENARIO (EMCEE): ES_MAIN_CC_ALL
======================================================================

Loaded 3494 matched clusters across U, V, X planes
Selected clusters: 223
Running emcee: 64 walkers × 2000 steps...
Acceptance fraction: 32.1%
Mean direction: θ=46.37°, φ=87.29°
Uncertainties: Δθ=7.94°, Δφ=10.21°
68% credible angle: 4.29°

Angular error: 3.24°

======================================================================
SCENARIO (EMCEE): ES_ALL_CC_SHOWER
======================================================================

Loaded 3494 matched clusters across U, V, X planes
Selected clusters: 223
Running emcee: 64 walkers × 2000 steps...
Acceptance fraction: 36.1%
Mean direction: θ=45.76°, φ=86.90°
Uncertainties: Δθ=15.43°, Δφ=9.65°
68% credible angle: 3.04°

Angular error: 3.28°

======================================================================
SCENARIO (EMCEE): ES_ALL_CC_ALL
======================================================================

Loaded 3494 matched clusters across U, V, X planes
Selected clusters: 223
Running emcee: 64 walkers × 2000 steps...
Acceptance fraction: 36.0%
Mean direction: θ=45.62°, φ=87.30°
Uncertainties: Δθ=9.51°, Δφ=9.73°
68% credible angle: 3.38°

Angular error: 3.68°

======================================================================
SCENARIO (EMCEE): ALL_TRACKS_ALL_SHOWERS
======================================================================

Loaded 3494 matched clusters across U, V, X planes
Selected clusters: 3494
Running emcee: 64 walkers × 2000 steps...
Acceptance fraction: 4.2%
Mean direction: θ=-119.47°, φ=92.92°
Uncertainties: Δθ=100.07°, Δφ=32.98°
68% credible angle: 106.24°

Angular error: 167.22°

✓ Saved: /eos/project-e/ep-nu/evilla/sn-pointing/cat000272/pipeline/cat000272_scenario_perfect_ct_emcee.npz

✓ Saved: /eos/project-e/ep-nu/evilla/sn-pointing/cat000272/pipeline/cat000272_scenario_es_main_cc_shower_emcee.npz

✓ Saved: /eos/project-e/ep-nu/evilla/sn-pointing/cat000272/pipeline/cat000272_scenario_es_main_cc_all_emcee.npz

✓ Saved: /eos/project-e/ep-nu/evilla/sn-pointing/cat000272/pipeline/cat000272_scenario_es_all_cc_shower_emcee.npz

✓ Saved: /eos/project-e/ep-nu/evilla/sn-pointing/cat000272/pipeline/cat000272_scenario_es_all_cc_all_emcee.npz

✓ Saved: /eos/project-e/ep-nu/evilla/sn-pointing/cat000272/pipeline/cat000272_scenario_all_tracks_all_showers_emcee.npz
✓ cat000272 completed successfully
