000 (13791725.180.000) 11/20 10:34:58 Job submitted from host: <188.184.90.62:9618?addrs=188.184.90.62-9618+[2001-1458-201-e4--100-238]-9618&alias=bigbird16.cern.ch&noUDP&sock=schedd_5196_9a2f>
...
040 (13791725.180.000) 11/20 10:55:38 Started transferring input files
	Transferring to host: <188.185.190.90:9618?addrs=188.185.190.90-9618+[2001-1458-d03-b--100-83]-9618&alias=b9pgpun210.cern.ch&noUDP&sock=slot1_1_3804_0314_4188>
...
040 (13791725.180.000) 11/20 10:55:38 Finished transferring input files
...
001 (13791725.180.000) 11/20 10:55:39 Job executing on host: <188.185.190.90:9618?addrs=188.185.190.90-9618+[2001-1458-d03-b--100-83]-9618&alias=b9pgpun210.cern.ch&noUDP&sock=startd_3405_2011>
	SlotName: slot1_1@b9pgpun210.cern.ch
	AvailableGPUs = { GPUs_MIG_9ae26843_9166_5960_9b04_48cdd4d0fb04 }
	CondorScratchDir = "/pool/condor/dir_1650424"
	Cpus = 11
	Disk = 4195318
	GPUs = 1
	GPUs_MIG_9ae26843_9166_5960_9b04_48cdd4d0fb04 = [ Id = "MIG-9ae26843-9166-5960-9b04-48cdd4d0fb04"; DeviceName = "NVIDIA H100L-2-24C MIG 2g.24gb"; DeviceUuid = "MIG-9ae26843-9166-5960-9b04-48cdd4d0fb04"; ComputeUnits = 32; GlobalMemoryMb = 21547 ]
	Memory = 33000
...
006 (13791725.180.000) 11/20 10:55:53 Image size of job updated: 347496
	340  -  MemoryUsage of job (MB)
	347496  -  ResidentSetSize of job (KB)
...
006 (13791725.180.000) 11/20 10:57:48 Image size of job updated: 1433560
	340  -  MemoryUsage of job (MB)
	347496  -  ResidentSetSize of job (KB)
...
040 (13791725.180.000) 11/20 10:57:48 Started transferring output files
...
040 (13791725.180.000) 11/20 10:57:48 Finished transferring output files
...
005 (13791725.180.000) 11/20 10:57:48 Job terminated.
	(1) Normal termination (return value 0)
		Usr 0 00:03:10, Sys 0 00:00:08  -  Run Remote Usage
		Usr 0 00:00:00, Sys 0 00:00:00  -  Run Local Usage
		Usr 0 00:03:10, Sys 0 00:00:08  -  Total Remote Usage
		Usr 0 00:00:00, Sys 0 00:00:00  -  Total Local Usage
	18145  -  Run Bytes Sent By Job
	1411571  -  Run Bytes Received By Job
	18145  -  Total Bytes Sent By Job
	1411571  -  Total Bytes Received By Job
	Partitionable Resources :    Usage  Request Allocated Assigned
	   Cpus                 :        0       11        11 
	   Disk (KB)            :     1420  4194304   4195318 
	   GPUs                 :                 1         1 "MIG-9ae26843-9166-5960-9b04-48cdd4d0fb04"
	   Memory (MB)          :      340    33000     33000 
	   TimeExecute (s)      :      129                    
	   TimeSlotBusy (s)     :      130                    

	Job terminated of its own accord at 2025-11-20T09:57:48Z with exit-code 0.
...
