Processing cat000089 with 6 scenarios...
Cat directory: /eos/project-e/ep-nu/evilla/sn-pointing/cat000089
======================================================================
EMCEE RECONSTRUCTION FOR cat000089
======================================================================

Loading PDF from: /eos/home-e/evilla/dune/sn-tps/neural_networks/electron_direction/three_plane_three_plane_v58_200k_lr_schedule_20251118_110931/cosine_energy_pdf.npz
PDF loaded

======================================================================
SCENARIO (EMCEE): BEST_CASE
======================================================================

Loaded 3802 matched main-track clusters across U, V, X planes
Selected 304 ES main tracks
After E > 3 MeV cut: 304 clusters
Running emcee: 64 walkers × 2000 steps...
Acceptance fraction: 9.0%
Mean direction: θ=134.81°, φ=55.52°
Uncertainties: Δθ=26.64°, Δφ=17.83°
68% credible angle: 30.30°

Angular error: 13.97°

======================================================================
SCENARIO (EMCEE): PERFECT_CT
======================================================================

Loaded 3802 matched main-track clusters across U, V, X planes
Selected 304 ES main tracks
Loading ED model from: /eos/home-e/evilla/dune/sn-tps/neural_networks/electron_direction/three_plane_three_plane_v58_200k_lr_schedule_20251118_110931/checkpoints/model_epoch_12_val_loss_0.8898.keras
Running ED inference...
After energy cut: 304 clusters
Running emcee: 64 walkers × 2000 steps...
Acceptance fraction: 9.9%
Mean direction: θ=151.19°, φ=45.89°
Uncertainties: Δθ=49.20°, Δφ=23.14°
68% credible angle: 40.11°

Angular error: 23.00°

======================================================================
SCENARIO (EMCEE): FULL_PIPELINE
======================================================================

Loaded 3802 matched main-track clusters across U, V, X planes
Using all 3802 main-track clusters
Loading CT model from: /eos/user/e/evilla/dune/sn-tps/neural_networks/charge_topology/best_model.keras

✗ full_pipeline failed: File not found: filepath=/eos/user/e/evilla/dune/sn-tps/neural_networks/charge_topology/best_model.keras. Please ensure the file is an accessible `.keras` zip file.

======================================================================
SCENARIO (EMCEE): WEIGHTED_CT
======================================================================

Loaded 3802 matched main-track clusters across U, V, X planes
Using all 3802 main-track clusters
Loading CT model from: /eos/user/e/evilla/dune/sn-tps/neural_networks/charge_topology/best_model.keras

✗ weighted_ct failed: File not found: filepath=/eos/user/e/evilla/dune/sn-tps/neural_networks/charge_topology/best_model.keras. Please ensure the file is an accessible `.keras` zip file.

======================================================================
SCENARIO (EMCEE): PERFECT_CT_E_GT_10MEV
======================================================================

Loaded 3802 matched main-track clusters across U, V, X planes
Selected 304 ES main tracks
Loading ED model from: /eos/home-e/evilla/dune/sn-tps/neural_networks/electron_direction/three_plane_three_plane_v58_200k_lr_schedule_20251118_110931/checkpoints/model_epoch_12_val_loss_0.8898.keras
Running ED inference...
Applying E > 10 MeV cut
After energy cut: 167 clusters
Running emcee: 64 walkers × 2000 steps...
Acceptance fraction: 13.2%
Mean direction: θ=150.04°, φ=43.77°
Uncertainties: Δθ=36.38°, Δφ=19.69°
68% credible angle: 31.29°

Angular error: 22.10°

======================================================================
SCENARIO (EMCEE): PERFECT_CT_E_GT_20MEV
======================================================================

Loaded 3802 matched main-track clusters across U, V, X planes
Selected 304 ES main tracks
Loading ED model from: /eos/home-e/evilla/dune/sn-tps/neural_networks/electron_direction/three_plane_three_plane_v58_200k_lr_schedule_20251118_110931/checkpoints/model_epoch_12_val_loss_0.8898.keras
Running ED inference...
Applying E > 20 MeV cut
After energy cut: 39 clusters
Running emcee: 64 walkers × 2000 steps...
Acceptance fraction: 11.3%
Mean direction: θ=149.89°, φ=66.52°
Uncertainties: Δθ=90.73°, Δφ=42.34°
68% credible angle: 68.03°

Angular error: 31.12°

✓ Saved: /eos/project-e/ep-nu/evilla/sn-pointing/cat000089/pipeline/cat000089_scenario_best_case_emcee.npz

✓ Saved: /eos/project-e/ep-nu/evilla/sn-pointing/cat000089/pipeline/cat000089_scenario_perfect_ct_emcee.npz

✓ Saved: /eos/project-e/ep-nu/evilla/sn-pointing/cat000089/pipeline/cat000089_scenario_perfect_ct_e_gt_10mev_emcee.npz

✓ Saved: /eos/project-e/ep-nu/evilla/sn-pointing/cat000089/pipeline/cat000089_scenario_perfect_ct_e_gt_20mev_emcee.npz
✓ cat000089 completed successfully
