==================================================================
Processing cat000213 with EMCEE - ALL SCENARIOS
==================================================================
======================================================================
EMCEE RECONSTRUCTION FOR cat000213
======================================================================

Loading PDF from: /eos/home-e/evilla/dune/sn-tps/neural_networks/electron_direction/three_plane_three_plane_v58_200k_lr_schedule_20251118_110931/cosine_energy_pdf.npz
PDF loaded

======================================================================
SCENARIO (EMCEE): PERFECT_CT
======================================================================

Loaded 3225 matched clusters across U, V, X planes
Selected clusters: 220
Running emcee: 64 walkers × 2000 steps...
Acceptance fraction: 14.7%
Mean direction: θ=174.99°, φ=103.68°
Uncertainties: Δθ=21.26°, Δφ=14.05°
68% credible angle: 26.39°

Angular error: 30.83°

======================================================================
SCENARIO (EMCEE): ES_MAIN_CC_SHOWER
======================================================================

Loaded 3225 matched clusters across U, V, X planes
Selected clusters: 220
Running emcee: 64 walkers × 2000 steps...
Acceptance fraction: 15.0%
Mean direction: θ=-179.01°, φ=99.45°
Uncertainties: Δθ=20.22°, Δφ=11.74°
68% credible angle: 23.14°

Angular error: 36.75°

======================================================================
SCENARIO (EMCEE): ES_MAIN_CC_ALL
======================================================================

Loaded 3225 matched clusters across U, V, X planes
Selected clusters: 220
Running emcee: 64 walkers × 2000 steps...
Acceptance fraction: 12.7%
Mean direction: θ=177.10°, φ=102.85°
Uncertainties: Δθ=20.76°, Δφ=13.88°
68% credible angle: 25.02°

Angular error: 32.85°

======================================================================
SCENARIO (EMCEE): ES_ALL_CC_SHOWER
======================================================================

Loaded 3225 matched clusters across U, V, X planes
Selected clusters: 220
Running emcee: 64 walkers × 2000 steps...
Acceptance fraction: 13.4%
Mean direction: θ=178.33°, φ=101.52°
Uncertainties: Δθ=23.07°, Δφ=13.33°
68% credible angle: 23.89°

Angular error: 34.05°

======================================================================
SCENARIO (EMCEE): ES_ALL_CC_ALL
======================================================================

Loaded 3225 matched clusters across U, V, X planes
Selected clusters: 220
Running emcee: 64 walkers × 2000 steps...
Acceptance fraction: 15.6%
Mean direction: θ=179.10°, φ=100.97°
Uncertainties: Δθ=20.68°, Δφ=12.14°
68% credible angle: 23.14°

Angular error: 34.82°

======================================================================
SCENARIO (EMCEE): ALL_TRACKS_ALL_SHOWERS
======================================================================

Loaded 3225 matched clusters across U, V, X planes
Selected clusters: 3225
Running emcee: 64 walkers × 2000 steps...
Acceptance fraction: 4.1%
Mean direction: θ=177.49°, φ=101.57°
Uncertainties: Δθ=42.26°, Δφ=22.37°
68% credible angle: 41.37°

Angular error: 33.23°

✓ Saved: /eos/project-e/ep-nu/evilla/sn-pointing/cat000213/pipeline/cat000213_scenario_perfect_ct_emcee.npz

✓ Saved: /eos/project-e/ep-nu/evilla/sn-pointing/cat000213/pipeline/cat000213_scenario_es_main_cc_shower_emcee.npz

✓ Saved: /eos/project-e/ep-nu/evilla/sn-pointing/cat000213/pipeline/cat000213_scenario_es_main_cc_all_emcee.npz

✓ Saved: /eos/project-e/ep-nu/evilla/sn-pointing/cat000213/pipeline/cat000213_scenario_es_all_cc_shower_emcee.npz

✓ Saved: /eos/project-e/ep-nu/evilla/sn-pointing/cat000213/pipeline/cat000213_scenario_es_all_cc_all_emcee.npz

✓ Saved: /eos/project-e/ep-nu/evilla/sn-pointing/cat000213/pipeline/cat000213_scenario_all_tracks_all_showers_emcee.npz
✓ cat000213 completed successfully
