==================================================================
Processing cat000025 with EMCEE - ALL SCENARIOS
==================================================================
======================================================================
EMCEE RECONSTRUCTION FOR cat000025
======================================================================

Loading PDF from: /eos/home-e/evilla/dune/sn-tps/neural_networks/electron_direction/three_plane_three_plane_v58_200k_lr_schedule_20251118_110931/cosine_energy_pdf.npz
PDF loaded

======================================================================
SCENARIO (EMCEE): PERFECT_CT
======================================================================

Loaded 3871 matched clusters across U, V, X planes
Selected clusters: 287
Running emcee: 64 walkers × 2000 steps...
Acceptance fraction: 10.0%
Mean direction: θ=133.60°, φ=108.12°
Uncertainties: Δθ=39.48°, Δφ=24.03°
68% credible angle: 31.59°

Angular error: 27.81°

======================================================================
SCENARIO (EMCEE): ES_MAIN_CC_SHOWER
======================================================================

Loaded 3871 matched clusters across U, V, X planes
Selected clusters: 287
Running emcee: 64 walkers × 2000 steps...
Acceptance fraction: 10.3%
Mean direction: θ=134.65°, φ=112.91°
Uncertainties: Δθ=42.20°, Δφ=24.38°
68% credible angle: 42.89°

Angular error: 28.22°

======================================================================
SCENARIO (EMCEE): ES_MAIN_CC_ALL
======================================================================

Loaded 3871 matched clusters across U, V, X planes
Selected clusters: 287
Running emcee: 64 walkers × 2000 steps...
Acceptance fraction: 9.3%
Mean direction: θ=134.86°, φ=108.17°
Uncertainties: Δθ=42.37°, Δφ=25.17°
68% credible angle: 42.92°

Angular error: 28.98°

======================================================================
SCENARIO (EMCEE): ES_ALL_CC_SHOWER
======================================================================

Loaded 3871 matched clusters across U, V, X planes
Selected clusters: 287
Running emcee: 64 walkers × 2000 steps...
Acceptance fraction: 9.1%
Mean direction: θ=136.06°, φ=109.95°
Uncertainties: Δθ=37.12°, Δφ=23.07°
68% credible angle: 41.63°

Angular error: 29.80°

======================================================================
SCENARIO (EMCEE): ES_ALL_CC_ALL
======================================================================

Loaded 3871 matched clusters across U, V, X planes
Selected clusters: 287
Running emcee: 64 walkers × 2000 steps...
Acceptance fraction: 10.8%
Mean direction: θ=138.54°, φ=107.22°
Uncertainties: Δθ=40.18°, Δφ=23.68°
68% credible angle: 39.55°

Angular error: 32.61°

======================================================================
SCENARIO (EMCEE): ALL_TRACKS_ALL_SHOWERS
======================================================================

Loaded 3871 matched clusters across U, V, X planes
Selected clusters: 3871
Running emcee: 64 walkers × 2000 steps...
Acceptance fraction: 3.0%
Mean direction: θ=169.97°, φ=94.83°
Uncertainties: Δθ=74.70°, Δφ=34.06°
68% credible angle: 75.16°

Angular error: 65.69°

✓ Saved: /eos/project-e/ep-nu/evilla/sn-pointing/cat000025/pipeline/cat000025_scenario_perfect_ct_emcee.npz

✓ Saved: /eos/project-e/ep-nu/evilla/sn-pointing/cat000025/pipeline/cat000025_scenario_es_main_cc_shower_emcee.npz

✓ Saved: /eos/project-e/ep-nu/evilla/sn-pointing/cat000025/pipeline/cat000025_scenario_es_main_cc_all_emcee.npz

✓ Saved: /eos/project-e/ep-nu/evilla/sn-pointing/cat000025/pipeline/cat000025_scenario_es_all_cc_shower_emcee.npz

✓ Saved: /eos/project-e/ep-nu/evilla/sn-pointing/cat000025/pipeline/cat000025_scenario_es_all_cc_all_emcee.npz

✓ Saved: /eos/project-e/ep-nu/evilla/sn-pointing/cat000025/pipeline/cat000025_scenario_all_tracks_all_showers_emcee.npz
✓ cat000025 completed successfully
