==================================================================
Processing cat000216 with EMCEE - ALL SCENARIOS
==================================================================
======================================================================
EMCEE RECONSTRUCTION FOR cat000216
======================================================================

Loading PDF from: /eos/home-e/evilla/dune/sn-tps/neural_networks/electron_direction/three_plane_three_plane_v58_200k_lr_schedule_20251118_110931/cosine_energy_pdf.npz
PDF loaded

======================================================================
SCENARIO (EMCEE): PERFECT_CT
======================================================================

Loaded 3129 matched clusters across U, V, X planes
Selected clusters: 229
Running emcee: 64 walkers × 2000 steps...
Acceptance fraction: 15.1%
Mean direction: θ=26.52°, φ=113.42°
Uncertainties: Δθ=19.34°, Δφ=15.37°
68% credible angle: 25.92°

Angular error: 14.49°

======================================================================
SCENARIO (EMCEE): ES_MAIN_CC_SHOWER
======================================================================

Loaded 3129 matched clusters across U, V, X planes
Selected clusters: 229
Running emcee: 64 walkers × 2000 steps...
Acceptance fraction: 15.6%
Mean direction: θ=24.37°, φ=117.38°
Uncertainties: Δθ=19.59°, Δφ=18.49°
68% credible angle: 28.15°

Angular error: 14.10°

======================================================================
SCENARIO (EMCEE): ES_MAIN_CC_ALL
======================================================================

Loaded 3129 matched clusters across U, V, X planes
Selected clusters: 229
Running emcee: 64 walkers × 2000 steps...
Acceptance fraction: 13.7%
Mean direction: θ=26.81°, φ=116.48°
Uncertainties: Δθ=20.11°, Δφ=18.38°
68% credible angle: 26.65°

Angular error: 12.55°

======================================================================
SCENARIO (EMCEE): ES_ALL_CC_SHOWER
======================================================================

Loaded 3129 matched clusters across U, V, X planes
Selected clusters: 229
Running emcee: 64 walkers × 2000 steps...
Acceptance fraction: 20.9%
Mean direction: θ=28.50°, φ=109.79°
Uncertainties: Δθ=16.37°, Δφ=11.53°
68% credible angle: 14.12°

Angular error: 15.85°

======================================================================
SCENARIO (EMCEE): ES_ALL_CC_ALL
======================================================================

Loaded 3129 matched clusters across U, V, X planes
Selected clusters: 229
Running emcee: 64 walkers × 2000 steps...
Acceptance fraction: 23.1%
Mean direction: θ=26.07°, φ=113.96°
Uncertainties: Δθ=15.16°, Δφ=18.26°
68% credible angle: 23.17°

Angular error: 14.48°

======================================================================
SCENARIO (EMCEE): ALL_TRACKS_ALL_SHOWERS
======================================================================

Loaded 3129 matched clusters across U, V, X planes
Selected clusters: 3129
Running emcee: 64 walkers × 2000 steps...
Acceptance fraction: 3.3%
Mean direction: θ=-146.98°, φ=106.49°
Uncertainties: Δθ=94.57°, Δφ=27.07°
68% credible angle: 81.88°

Angular error: 131.06°

✓ Saved: /eos/project-e/ep-nu/evilla/sn-pointing/cat000216/pipeline/cat000216_scenario_perfect_ct_emcee.npz

✓ Saved: /eos/project-e/ep-nu/evilla/sn-pointing/cat000216/pipeline/cat000216_scenario_es_main_cc_shower_emcee.npz

✓ Saved: /eos/project-e/ep-nu/evilla/sn-pointing/cat000216/pipeline/cat000216_scenario_es_main_cc_all_emcee.npz

✓ Saved: /eos/project-e/ep-nu/evilla/sn-pointing/cat000216/pipeline/cat000216_scenario_es_all_cc_shower_emcee.npz

✓ Saved: /eos/project-e/ep-nu/evilla/sn-pointing/cat000216/pipeline/cat000216_scenario_es_all_cc_all_emcee.npz

✓ Saved: /eos/project-e/ep-nu/evilla/sn-pointing/cat000216/pipeline/cat000216_scenario_all_tracks_all_showers_emcee.npz
✓ cat000216 completed successfully
