000 (6420432.048.000) 11/20 17:10:12 Job submitted from host: <188.185.125.71:9618?addrs=188.185.125.71-9618+[2001-1458-d00-4a--100-15e]-9618&alias=bigbird28.cern.ch&noUDP&sock=schedd_2239_58a3>
...
040 (6420432.048.000) 11/20 18:47:02 Started transferring input files
	Transferring to host: <188.184.195.60:9618?addrs=188.184.195.60-9618+[2001-1458-301-72--100-40b]-9618&alias=b9g47n8368.cern.ch&noUDP&sock=slot1_1_17911_ab71_9957>
...
040 (6420432.048.000) 11/20 18:47:02 Finished transferring input files
...
001 (6420432.048.000) 11/20 18:47:03 Job executing on host: <188.184.195.60:9618?addrs=188.184.195.60-9618+[2001-1458-301-72--100-40b]-9618&alias=b9g47n8368.cern.ch&noUDP&sock=startd_17076_4b4d>
	SlotName: slot1_1@b9g47n8368.cern.ch
	AvailableGPUs = { GPUs_GPU_0d3184cb }
	CondorScratchDir = "/pool/condor/dir_1395062"
	Cpus = 11
	Disk = 8389632
	GPUs = 1
	GPUs_GPU_0d3184cb = [ Id = "GPU-0d3184cb"; ClockMhz = 1590.0; Capability = 7.5; CoresPerCU = 64; DeviceName = "Tesla T4"; DeviceUuid = "0d3184cb-044b-6a85-e661-54a626111c00"; ECCEnabled = true; ComputeUnits = 40; DriverVersion = 13.0; DevicePciBusId = "0000:07:00.0"; GlobalMemoryMb = 14913; MaxSupportedVersion = 13000 ]
	Memory = 33000
...
006 (6420432.048.000) 11/20 18:47:16 Image size of job updated: 310352
	304  -  MemoryUsage of job (MB)
	310352  -  ResidentSetSize of job (KB)
...
006 (6420432.048.000) 11/20 18:52:16 Image size of job updated: 1650008
	432  -  MemoryUsage of job (MB)
	442276  -  ResidentSetSize of job (KB)
...
006 (6420432.048.000) 11/20 18:57:16 Image size of job updated: 1650008
	1030  -  MemoryUsage of job (MB)
	1054428  -  ResidentSetSize of job (KB)
...
006 (6420432.048.000) 11/20 19:01:12 Image size of job updated: 1672368
	1030  -  MemoryUsage of job (MB)
	1054428  -  ResidentSetSize of job (KB)
...
040 (6420432.048.000) 11/20 19:01:12 Started transferring output files
...
040 (6420432.048.000) 11/20 19:01:12 Finished transferring output files
...
005 (6420432.048.000) 11/20 19:01:12 Job terminated.
	(1) Normal termination (return value 0)
		Usr 0 00:25:18, Sys 0 00:01:15  -  Run Remote Usage
		Usr 0 00:00:00, Sys 0 00:00:00  -  Run Local Usage
		Usr 0 00:25:18, Sys 0 00:01:15  -  Total Remote Usage
		Usr 0 00:00:00, Sys 0 00:00:00  -  Total Local Usage
	32474  -  Run Bytes Sent By Job
	1412394  -  Run Bytes Received By Job
	32474  -  Total Bytes Sent By Job
	1412394  -  Total Bytes Received By Job
	Partitionable Resources :    Usage  Request Allocated Assigned
	   Cpus                 :     0.99       11        11 
	   Disk (KB)            :  1437     8388608   8389632 
	   GPUs                 :     0           1         1 "GPU-0d3184cb"
	   GpusMemory (MB)      :   573                       
	   Memory (MB)          :  1030       33000     33000 
	   TimeExecute (s)      :   849                       
	   TimeSlotBusy (s)     :   851                       

	Job terminated of its own accord at 2025-11-20T18:01:12Z with exit-code 0.
...
