Processing cat000092 with 6 scenarios...
Cat directory: /eos/project-e/ep-nu/evilla/sn-pointing/cat000092
======================================================================
EMCEE RECONSTRUCTION FOR cat000092
======================================================================

Loading PDF from: /eos/home-e/evilla/dune/sn-tps/neural_networks/electron_direction/three_plane_three_plane_v58_200k_lr_schedule_20251118_110931/cosine_energy_pdf.npz
PDF loaded

======================================================================
SCENARIO (EMCEE): BEST_CASE
======================================================================

Loaded 3827 matched main-track clusters across U, V, X planes
Selected 286 ES main tracks
After E > 3 MeV cut: 286 clusters
Running emcee: 64 walkers × 2000 steps...
Acceptance fraction: 12.3%
Mean direction: θ=156.13°, φ=61.68°
Uncertainties: Δθ=41.71°, Δφ=27.57°
68% credible angle: 30.09°

Angular error: 17.82°

======================================================================
SCENARIO (EMCEE): PERFECT_CT
======================================================================

Loaded 3827 matched main-track clusters across U, V, X planes
Selected 286 ES main tracks
Loading ED model from: /eos/home-e/evilla/dune/sn-tps/neural_networks/electron_direction/three_plane_three_plane_v58_200k_lr_schedule_20251118_110931/checkpoints/model_epoch_12_val_loss_0.8898.keras
Running ED inference...
After energy cut: 286 clusters
Running emcee: 64 walkers × 2000 steps...
Acceptance fraction: 8.4%
Mean direction: θ=169.63°, φ=57.45°
Uncertainties: Δθ=33.29°, Δφ=15.95°
68% credible angle: 35.93°

Angular error: 28.28°

======================================================================
SCENARIO (EMCEE): FULL_PIPELINE
======================================================================

Loaded 3827 matched main-track clusters across U, V, X planes
Using all 3827 main-track clusters
Loading CT model from: /eos/user/e/evilla/dune/sn-tps/neural_networks/charge_topology/best_model.keras

✗ full_pipeline failed: File not found: filepath=/eos/user/e/evilla/dune/sn-tps/neural_networks/charge_topology/best_model.keras. Please ensure the file is an accessible `.keras` zip file.

======================================================================
SCENARIO (EMCEE): WEIGHTED_CT
======================================================================

Loaded 3827 matched main-track clusters across U, V, X planes
Using all 3827 main-track clusters
Loading CT model from: /eos/user/e/evilla/dune/sn-tps/neural_networks/charge_topology/best_model.keras

✗ weighted_ct failed: File not found: filepath=/eos/user/e/evilla/dune/sn-tps/neural_networks/charge_topology/best_model.keras. Please ensure the file is an accessible `.keras` zip file.

======================================================================
SCENARIO (EMCEE): PERFECT_CT_E_GT_10MEV
======================================================================

Loaded 3827 matched main-track clusters across U, V, X planes
Selected 286 ES main tracks
Loading ED model from: /eos/home-e/evilla/dune/sn-tps/neural_networks/electron_direction/three_plane_three_plane_v58_200k_lr_schedule_20251118_110931/checkpoints/model_epoch_12_val_loss_0.8898.keras
Running ED inference...
Applying E > 10 MeV cut
After energy cut: 175 clusters
Running emcee: 64 walkers × 2000 steps...
Acceptance fraction: 7.5%
Mean direction: θ=163.15°, φ=57.47°
Uncertainties: Δθ=43.33°, Δφ=30.10°
68% credible angle: 31.82°

Angular error: 22.87°

======================================================================
SCENARIO (EMCEE): PERFECT_CT_E_GT_20MEV
======================================================================

Loaded 3827 matched main-track clusters across U, V, X planes
Selected 286 ES main tracks
Loading ED model from: /eos/home-e/evilla/dune/sn-tps/neural_networks/electron_direction/three_plane_three_plane_v58_200k_lr_schedule_20251118_110931/checkpoints/model_epoch_12_val_loss_0.8898.keras
Running ED inference...
Applying E > 20 MeV cut
After energy cut: 39 clusters
Running emcee: 64 walkers × 2000 steps...
Acceptance fraction: 10.4%
Mean direction: θ=178.23°, φ=67.11°
Uncertainties: Δθ=56.91°, Δφ=35.82°
68% credible angle: 38.34°

Angular error: 38.35°

✓ Saved: /eos/project-e/ep-nu/evilla/sn-pointing/cat000092/pipeline/cat000092_scenario_best_case_emcee.npz

✓ Saved: /eos/project-e/ep-nu/evilla/sn-pointing/cat000092/pipeline/cat000092_scenario_perfect_ct_emcee.npz

✓ Saved: /eos/project-e/ep-nu/evilla/sn-pointing/cat000092/pipeline/cat000092_scenario_perfect_ct_e_gt_10mev_emcee.npz

✓ Saved: /eos/project-e/ep-nu/evilla/sn-pointing/cat000092/pipeline/cat000092_scenario_perfect_ct_e_gt_20mev_emcee.npz
✓ cat000092 completed successfully
