==================================================================
Processing cat000374 with EMCEE - ALL SCENARIOS
==================================================================
======================================================================
EMCEE RECONSTRUCTION FOR cat000374
======================================================================

Loading PDF from: /eos/home-e/evilla/dune/sn-tps/neural_networks/electron_direction/three_plane_three_plane_v58_200k_lr_schedule_20251118_110931/cosine_energy_pdf.npz
PDF loaded

======================================================================
SCENARIO (EMCEE): PERFECT_CT
======================================================================

Loaded 3733 matched clusters across U, V, X planes
Selected clusters: 274
Running emcee: 64 walkers × 2000 steps...
Acceptance fraction: 7.3%
Mean direction: θ=148.19°, φ=89.08°
Uncertainties: Δθ=65.94°, Δφ=19.00°
68% credible angle: 64.00°

Angular error: 33.60°

======================================================================
SCENARIO (EMCEE): ES_MAIN_CC_SHOWER
======================================================================

Loaded 3733 matched clusters across U, V, X planes
Selected clusters: 274
Running emcee: 64 walkers × 2000 steps...
Acceptance fraction: 7.4%
Mean direction: θ=135.06°, φ=88.86°
Uncertainties: Δθ=59.01°, Δφ=17.59°
68% credible angle: 58.23°

Angular error: 20.50°

======================================================================
SCENARIO (EMCEE): ES_MAIN_CC_ALL
======================================================================

Loaded 3733 matched clusters across U, V, X planes
Selected clusters: 274
Running emcee: 64 walkers × 2000 steps...
Acceptance fraction: 7.6%
Mean direction: θ=129.44°, φ=88.79°
Uncertainties: Δθ=61.13°, Δφ=21.06°
68% credible angle: 61.77°

Angular error: 14.91°

======================================================================
SCENARIO (EMCEE): ES_ALL_CC_SHOWER
======================================================================

Loaded 3733 matched clusters across U, V, X planes
Selected clusters: 274
Running emcee: 64 walkers × 2000 steps...
Acceptance fraction: 7.8%
Mean direction: θ=139.04°, φ=86.09°
Uncertainties: Δθ=64.45°, Δφ=16.43°
68% credible angle: 58.97°

Angular error: 24.77°

======================================================================
SCENARIO (EMCEE): ES_ALL_CC_ALL
======================================================================

Loaded 3733 matched clusters across U, V, X planes
Selected clusters: 274
Running emcee: 64 walkers × 2000 steps...
Acceptance fraction: 8.1%
Mean direction: θ=135.11°, φ=86.97°
Uncertainties: Δθ=57.78°, Δφ=14.85°
68% credible angle: 58.08°

Angular error: 20.76°

======================================================================
SCENARIO (EMCEE): ALL_TRACKS_ALL_SHOWERS
======================================================================

Loaded 3733 matched clusters across U, V, X planes
Selected clusters: 3733
Running emcee: 64 walkers × 2000 steps...
Acceptance fraction: 4.9%
Mean direction: θ=-179.49°, φ=108.49°
Uncertainties: Δθ=60.61°, Δφ=22.46°
68% credible angle: 51.54°

Angular error: 67.13°

✓ Saved: /eos/project-e/ep-nu/evilla/sn-pointing/cat000374/pipeline/cat000374_scenario_perfect_ct_emcee.npz

✓ Saved: /eos/project-e/ep-nu/evilla/sn-pointing/cat000374/pipeline/cat000374_scenario_es_main_cc_shower_emcee.npz

✓ Saved: /eos/project-e/ep-nu/evilla/sn-pointing/cat000374/pipeline/cat000374_scenario_es_main_cc_all_emcee.npz

✓ Saved: /eos/project-e/ep-nu/evilla/sn-pointing/cat000374/pipeline/cat000374_scenario_es_all_cc_shower_emcee.npz

✓ Saved: /eos/project-e/ep-nu/evilla/sn-pointing/cat000374/pipeline/cat000374_scenario_es_all_cc_all_emcee.npz

✓ Saved: /eos/project-e/ep-nu/evilla/sn-pointing/cat000374/pipeline/cat000374_scenario_all_tracks_all_showers_emcee.npz
✓ cat000374 completed successfully
