Processing cat000023 with 6 scenarios...
Cat directory: /eos/project-e/ep-nu/evilla/sn-pointing/cat000023
======================================================================
EMCEE RECONSTRUCTION FOR cat000023
======================================================================

Loading PDF from: /eos/home-e/evilla/dune/sn-tps/neural_networks/electron_direction/three_plane_three_plane_v58_200k_lr_schedule_20251118_110931/cosine_energy_pdf.npz
PDF loaded

======================================================================
SCENARIO (EMCEE): BEST_CASE
======================================================================

Loaded 3856 matched main-track clusters across U, V, X planes
Selected 268 ES main tracks
After E > 3 MeV cut: 268 clusters
Running emcee: 64 walkers × 2000 steps...
Acceptance fraction: 10.2%
Mean direction: θ=117.13°, φ=60.42°
Uncertainties: Δθ=35.63°, Δφ=18.97°
68% credible angle: 31.35°

Angular error: 7.32°

======================================================================
SCENARIO (EMCEE): PERFECT_CT
======================================================================

Loaded 3856 matched main-track clusters across U, V, X planes
Selected 268 ES main tracks
Loading ED model from: /eos/home-e/evilla/dune/sn-tps/neural_networks/electron_direction/three_plane_three_plane_v58_200k_lr_schedule_20251118_110931/checkpoints/model_epoch_12_val_loss_0.8898.keras
Running ED inference...
After energy cut: 268 clusters
Running emcee: 64 walkers × 2000 steps...
Acceptance fraction: 9.6%
Mean direction: θ=140.17°, φ=51.91°
Uncertainties: Δθ=45.52°, Δφ=19.85°
68% credible angle: 44.00°

Angular error: 26.85°

======================================================================
SCENARIO (EMCEE): FULL_PIPELINE
======================================================================

Loaded 3856 matched main-track clusters across U, V, X planes
Using all 3856 main-track clusters
Loading CT model from: /eos/user/e/evilla/dune/sn-tps/neural_networks/channel_tagging/ct_volume_v52_batch_reload_20251116_101125/best_model.keras
Running CT inference...
CT selected 3477 ES candidates from 3856 clusters
  ES prob range: [0.000, 1.000]
Loading ED model from: /eos/home-e/evilla/dune/sn-tps/neural_networks/electron_direction/three_plane_three_plane_v58_200k_lr_schedule_20251118_110931/checkpoints/model_epoch_12_val_loss_0.8898.keras
Running ED inference on 3477 clusters...
After E > 3 MeV cut: 3461 clusters
Running emcee: 64 walkers × 2000 steps...
Acceptance fraction: 4.1%
Mean direction: θ=-165.10°, φ=83.69°
Uncertainties: Δθ=69.73°, Δφ=31.56°
68% credible angle: 72.85°

Angular error: 83.49°

======================================================================
SCENARIO (EMCEE): WEIGHTED_CT
======================================================================

Loaded 3856 matched main-track clusters across U, V, X planes
Using all 3856 main-track clusters
Loading CT model from: /eos/user/e/evilla/dune/sn-tps/neural_networks/channel_tagging/ct_volume_v52_batch_reload_20251116_101125/best_model.keras
Running CT inference...
CT selected 3477 ES candidates from 3856 clusters
  ES prob range: [0.000, 1.000]
Loading ED model from: /eos/home-e/evilla/dune/sn-tps/neural_networks/electron_direction/three_plane_three_plane_v58_200k_lr_schedule_20251118_110931/checkpoints/model_epoch_12_val_loss_0.8898.keras
Running ED inference on 3477 clusters...
Using CT weights (ES probabilities)
After E > 3 MeV cut: 3461 clusters
Running weighted MCMC with 3461 weights
Running emcee: 64 walkers × 2000 steps...
Acceptance fraction: 5.0%
Mean direction: θ=-153.56°, φ=80.76°
Uncertainties: Δθ=68.71°, Δφ=30.10°
68% credible angle: 81.57°

Angular error: 91.83°

======================================================================
SCENARIO (EMCEE): PERFECT_CT_E_GT_10MEV
======================================================================

Loaded 3856 matched main-track clusters across U, V, X planes
Selected 268 ES main tracks
Loading ED model from: /eos/home-e/evilla/dune/sn-tps/neural_networks/electron_direction/three_plane_three_plane_v58_200k_lr_schedule_20251118_110931/checkpoints/model_epoch_12_val_loss_0.8898.keras
Running ED inference...
Applying E > 10 MeV cut
After energy cut: 148 clusters
Running emcee: 64 walkers × 2000 steps...
Acceptance fraction: 11.0%
Mean direction: θ=124.54°, φ=55.77°
Uncertainties: Δθ=40.46°, Δφ=22.05°
68% credible angle: 43.00°

Angular error: 13.79°

======================================================================
SCENARIO (EMCEE): PERFECT_CT_E_GT_20MEV
======================================================================

Loaded 3856 matched main-track clusters across U, V, X planes
Selected 268 ES main tracks
Loading ED model from: /eos/home-e/evilla/dune/sn-tps/neural_networks/electron_direction/three_plane_three_plane_v58_200k_lr_schedule_20251118_110931/checkpoints/model_epoch_12_val_loss_0.8898.keras
Running ED inference...
Applying E > 20 MeV cut
After energy cut: 32 clusters
Running emcee: 64 walkers × 2000 steps...
Acceptance fraction: 12.9%
Mean direction: θ=151.45°, φ=47.32°
Uncertainties: Δθ=58.93°, Δφ=22.86°
68% credible angle: 52.41°

Angular error: 35.89°

✓ Saved: /eos/project-e/ep-nu/evilla/sn-pointing/cat000023/pipeline/cat000023_scenario_best_case_emcee.npz

✓ Saved: /eos/project-e/ep-nu/evilla/sn-pointing/cat000023/pipeline/cat000023_scenario_perfect_ct_emcee.npz

✓ Saved: /eos/project-e/ep-nu/evilla/sn-pointing/cat000023/pipeline/cat000023_scenario_full_pipeline_emcee.npz

✓ Saved: /eos/project-e/ep-nu/evilla/sn-pointing/cat000023/pipeline/cat000023_scenario_weighted_ct_emcee.npz

✓ Saved: /eos/project-e/ep-nu/evilla/sn-pointing/cat000023/pipeline/cat000023_scenario_perfect_ct_e_gt_10mev_emcee.npz

✓ Saved: /eos/project-e/ep-nu/evilla/sn-pointing/cat000023/pipeline/cat000023_scenario_perfect_ct_e_gt_20mev_emcee.npz
✓ cat000023 completed successfully
