000 (13791725.277.000) 11/20 10:34:58 Job submitted from host: <188.184.90.62:9618?addrs=188.184.90.62-9618+[2001-1458-201-e4--100-238]-9618&alias=bigbird16.cern.ch&noUDP&sock=schedd_5196_9a2f>
...
040 (13791725.277.000) 11/20 11:10:25 Started transferring input files
	Transferring to host: <188.185.190.103:9618?addrs=188.185.190.103-9618+[2001-1458-d03-b--100-223]-9618&alias=b9pgpun211.cern.ch&noUDP&sock=slot1_1_267829_8264_3982>
...
040 (13791725.277.000) 11/20 11:10:25 Finished transferring input files
...
001 (13791725.277.000) 11/20 11:10:26 Job executing on host: <188.185.190.103:9618?addrs=188.185.190.103-9618+[2001-1458-d03-b--100-223]-9618&alias=b9pgpun211.cern.ch&noUDP&sock=startd_1840_aa59>
	SlotName: slot1_1@b9pgpun211.cern.ch
	AvailableGPUs = { GPUs_MIG_fa199909_e391_5f04_9c86_c25ed95ff925 }
	CondorScratchDir = "/pool/condor/dir_1519121"
	Cpus = 11
	Disk = 4195292
	GPUs = 1
	GPUs_MIG_fa199909_e391_5f04_9c86_c25ed95ff925 = [ Id = "MIG-fa199909-e391-5f04-9c86-c25ed95ff925"; DeviceName = "NVIDIA H100L-2-24C MIG 2g.24gb"; DeviceUuid = "MIG-fa199909-e391-5f04-9c86-c25ed95ff925"; ComputeUnits = 32; GlobalMemoryMb = 21547 ]
	Memory = 33000
...
006 (13791725.277.000) 11/20 11:10:40 Image size of job updated: 350472
	343  -  MemoryUsage of job (MB)
	350472  -  ResidentSetSize of job (KB)
...
006 (13791725.277.000) 11/20 11:12:43 Image size of job updated: 1523468
	343  -  MemoryUsage of job (MB)
	350472  -  ResidentSetSize of job (KB)
...
040 (13791725.277.000) 11/20 11:12:43 Started transferring output files
...
040 (13791725.277.000) 11/20 11:12:43 Finished transferring output files
...
005 (13791725.277.000) 11/20 11:12:43 Job terminated.
	(1) Normal termination (return value 0)
		Usr 0 00:03:19, Sys 0 00:00:09  -  Run Remote Usage
		Usr 0 00:00:00, Sys 0 00:00:00  -  Run Local Usage
		Usr 0 00:03:19, Sys 0 00:00:09  -  Total Remote Usage
		Usr 0 00:00:00, Sys 0 00:00:00  -  Total Local Usage
	18149  -  Run Bytes Sent By Job
	1411571  -  Run Bytes Received By Job
	18149  -  Total Bytes Sent By Job
	1411571  -  Total Bytes Received By Job
	Partitionable Resources :    Usage  Request Allocated Assigned
	   Cpus                 :     0.99       11        11 
	   Disk (KB)            :  1419     4194304   4195292 
	   GPUs                 :                 1         1 "MIG-fa199909-e391-5f04-9c86-c25ed95ff925"
	   Memory (MB)          :   343       33000     33000 
	   TimeExecute (s)      :   137                       
	   TimeSlotBusy (s)     :   138                       

	Job terminated of its own accord at 2025-11-20T10:12:43Z with exit-code 0.
...
