Processing cat000102 with 6 scenarios...
Cat directory: /eos/project-e/ep-nu/evilla/sn-pointing/cat000102
======================================================================
EMCEE RECONSTRUCTION FOR cat000102
======================================================================

Loading PDF from: /eos/home-e/evilla/dune/sn-tps/neural_networks/electron_direction/three_plane_three_plane_v58_200k_lr_schedule_20251118_110931/cosine_energy_pdf.npz
PDF loaded

======================================================================
SCENARIO (EMCEE): BEST_CASE
======================================================================

Loaded 3398 matched main-track clusters across U, V, X planes
Selected 237 ES main tracks
After E > 3 MeV cut: 237 clusters
Running emcee: 64 walkers × 2000 steps...
Acceptance fraction: 15.4%
Mean direction: θ=-158.57°, φ=102.72°
Uncertainties: Δθ=28.20°, Δφ=15.48°
68% credible angle: 33.08°

Angular error: 15.16°

======================================================================
SCENARIO (EMCEE): PERFECT_CT
======================================================================

Loaded 3398 matched main-track clusters across U, V, X planes
Selected 237 ES main tracks
Loading ED model from: /eos/home-e/evilla/dune/sn-tps/neural_networks/electron_direction/three_plane_three_plane_v58_200k_lr_schedule_20251118_110931/checkpoints/model_epoch_12_val_loss_0.8898.keras
Running ED inference...
After energy cut: 237 clusters
Running emcee: 64 walkers × 2000 steps...
Acceptance fraction: 7.0%
Mean direction: θ=-154.82°, φ=100.59°
Uncertainties: Δθ=27.29°, Δφ=15.02°
68% credible angle: 29.75°

Angular error: 11.67°

======================================================================
SCENARIO (EMCEE): FULL_PIPELINE
======================================================================

Loaded 3398 matched main-track clusters across U, V, X planes
Using all 3398 main-track clusters
Loading CT model from: /eos/user/e/evilla/dune/sn-tps/neural_networks/charge_topology/best_model.keras

✗ full_pipeline failed: File not found: filepath=/eos/user/e/evilla/dune/sn-tps/neural_networks/charge_topology/best_model.keras. Please ensure the file is an accessible `.keras` zip file.

======================================================================
SCENARIO (EMCEE): WEIGHTED_CT
======================================================================

Loaded 3398 matched main-track clusters across U, V, X planes
Using all 3398 main-track clusters
Loading CT model from: /eos/user/e/evilla/dune/sn-tps/neural_networks/charge_topology/best_model.keras

✗ weighted_ct failed: File not found: filepath=/eos/user/e/evilla/dune/sn-tps/neural_networks/charge_topology/best_model.keras. Please ensure the file is an accessible `.keras` zip file.

======================================================================
SCENARIO (EMCEE): PERFECT_CT_E_GT_10MEV
======================================================================

Loaded 3398 matched main-track clusters across U, V, X planes
Selected 237 ES main tracks
Loading ED model from: /eos/home-e/evilla/dune/sn-tps/neural_networks/electron_direction/three_plane_three_plane_v58_200k_lr_schedule_20251118_110931/checkpoints/model_epoch_12_val_loss_0.8898.keras
Running ED inference...
Applying E > 10 MeV cut
After energy cut: 144 clusters
Running emcee: 64 walkers × 2000 steps...
Acceptance fraction: 11.3%
Mean direction: θ=-162.18°, φ=102.49°
Uncertainties: Δθ=26.66°, Δφ=13.15°
68% credible angle: 32.75°

Angular error: 18.69°

======================================================================
SCENARIO (EMCEE): PERFECT_CT_E_GT_20MEV
======================================================================

Loaded 3398 matched main-track clusters across U, V, X planes
Selected 237 ES main tracks
Loading ED model from: /eos/home-e/evilla/dune/sn-tps/neural_networks/electron_direction/three_plane_three_plane_v58_200k_lr_schedule_20251118_110931/checkpoints/model_epoch_12_val_loss_0.8898.keras
Running ED inference...
Applying E > 20 MeV cut
After energy cut: 32 clusters
Running emcee: 64 walkers × 2000 steps...
Acceptance fraction: 12.8%
Mean direction: θ=-170.11°, φ=95.50°
Uncertainties: Δθ=14.98°, Δφ=14.26°
68% credible angle: 20.80°

Angular error: 27.58°

✓ Saved: /eos/project-e/ep-nu/evilla/sn-pointing/cat000102/pipeline/cat000102_scenario_best_case_emcee.npz

✓ Saved: /eos/project-e/ep-nu/evilla/sn-pointing/cat000102/pipeline/cat000102_scenario_perfect_ct_emcee.npz

✓ Saved: /eos/project-e/ep-nu/evilla/sn-pointing/cat000102/pipeline/cat000102_scenario_perfect_ct_e_gt_10mev_emcee.npz

✓ Saved: /eos/project-e/ep-nu/evilla/sn-pointing/cat000102/pipeline/cat000102_scenario_perfect_ct_e_gt_20mev_emcee.npz
✓ cat000102 completed successfully
