Processing cat000500 with 6 scenarios...
Cat directory: /eos/project-e/ep-nu/evilla/sn-pointing/cat000500
======================================================================
EMCEE RECONSTRUCTION FOR cat000500
======================================================================

Loading PDF from: /eos/home-e/evilla/dune/sn-tps/neural_networks/electron_direction/three_plane_three_plane_v58_200k_lr_schedule_20251118_110931/cosine_energy_pdf.npz
PDF loaded

======================================================================
SCENARIO (EMCEE): BEST_CASE
======================================================================

Loaded 3615 matched main-track clusters across U, V, X planes
Selected 256 ES main tracks
After E > 3 MeV cut: 256 clusters
Running emcee: 64 walkers × 2000 steps...
Acceptance fraction: 13.4%
Mean direction: θ=-29.14°, φ=90.93°
Uncertainties: Δθ=54.57°, Δφ=16.56°
68% credible angle: 35.71°

Angular error: 12.43°

======================================================================
SCENARIO (EMCEE): PERFECT_CT
======================================================================

Loaded 3615 matched main-track clusters across U, V, X planes
Selected 256 ES main tracks
Loading ED model from: /eos/home-e/evilla/dune/sn-tps/neural_networks/electron_direction/three_plane_three_plane_v58_200k_lr_schedule_20251118_110931/checkpoints/model_epoch_12_val_loss_0.8898.keras
Running ED inference...
After energy cut: 256 clusters
Running emcee: 64 walkers × 2000 steps...
Acceptance fraction: 16.2%
Mean direction: θ=-17.11°, φ=98.88°
Uncertainties: Δθ=14.54°, Δφ=17.48°
68% credible angle: 26.36°

Angular error: 22.64°

======================================================================
SCENARIO (EMCEE): FULL_PIPELINE
======================================================================

Loaded 3615 matched main-track clusters across U, V, X planes
Using all 3615 main-track clusters
Loading CT model from: /eos/user/e/evilla/dune/sn-tps/neural_networks/channel_tagging/ct_volume_v52_batch_reload_20251116_101125/best_model.keras
Running CT inference...
CT selected 3276 ES candidates from 3615 clusters
  ES prob range: [0.000, 1.000]
Loading ED model from: /eos/home-e/evilla/dune/sn-tps/neural_networks/electron_direction/three_plane_three_plane_v58_200k_lr_schedule_20251118_110931/checkpoints/model_epoch_12_val_loss_0.8898.keras
Running ED inference on 3276 clusters...
After E > 3 MeV cut: 3258 clusters
Running emcee: 64 walkers × 2000 steps...
Acceptance fraction: 5.0%
Mean direction: θ=-74.25°, φ=92.78°
Uncertainties: Δθ=73.38°, Δφ=29.64°
68% credible angle: 56.74°

Angular error: 34.47°

======================================================================
SCENARIO (EMCEE): WEIGHTED_CT
======================================================================

Loaded 3615 matched main-track clusters across U, V, X planes
Using all 3615 main-track clusters
Loading CT model from: /eos/user/e/evilla/dune/sn-tps/neural_networks/channel_tagging/ct_volume_v52_batch_reload_20251116_101125/best_model.keras
Running CT inference...
CT selected 3276 ES candidates from 3615 clusters
  ES prob range: [0.000, 1.000]
Loading ED model from: /eos/home-e/evilla/dune/sn-tps/neural_networks/electron_direction/three_plane_three_plane_v58_200k_lr_schedule_20251118_110931/checkpoints/model_epoch_12_val_loss_0.8898.keras
Running ED inference on 3276 clusters...
Using CT weights (ES probabilities)
After E > 3 MeV cut: 3258 clusters
Running weighted MCMC with 3258 weights
Running emcee: 64 walkers × 2000 steps...
Acceptance fraction: 6.5%
Mean direction: θ=-78.11°, φ=101.50°
Uncertainties: Δθ=85.88°, Δφ=25.31°
68% credible angle: 112.90°

Angular error: 37.91°

======================================================================
SCENARIO (EMCEE): PERFECT_CT_E_GT_10MEV
======================================================================

Loaded 3615 matched main-track clusters across U, V, X planes
Selected 256 ES main tracks
Loading ED model from: /eos/home-e/evilla/dune/sn-tps/neural_networks/electron_direction/three_plane_three_plane_v58_200k_lr_schedule_20251118_110931/checkpoints/model_epoch_12_val_loss_0.8898.keras
Running ED inference...
Applying E > 10 MeV cut
After energy cut: 146 clusters
Running emcee: 64 walkers × 2000 steps...
Acceptance fraction: 17.4%
Mean direction: θ=-26.48°, φ=102.70°
Uncertainties: Δθ=16.75°, Δφ=12.42°
68% credible angle: 22.69°

Angular error: 14.33°

======================================================================
SCENARIO (EMCEE): PERFECT_CT_E_GT_20MEV
======================================================================

Loaded 3615 matched main-track clusters across U, V, X planes
Selected 256 ES main tracks
Loading ED model from: /eos/home-e/evilla/dune/sn-tps/neural_networks/electron_direction/three_plane_three_plane_v58_200k_lr_schedule_20251118_110931/checkpoints/model_epoch_12_val_loss_0.8898.keras
Running ED inference...
Applying E > 20 MeV cut
After energy cut: 33 clusters
Running emcee: 64 walkers × 2000 steps...
Acceptance fraction: 36.3%
Mean direction: θ=-29.79°, φ=100.27°
Uncertainties: Δθ=11.65°, Δφ=5.50°
68% credible angle: 9.16°

Angular error: 10.47°

✓ Saved: /eos/project-e/ep-nu/evilla/sn-pointing/cat000500/pipeline/cat000500_scenario_best_case_emcee.npz

✓ Saved: /eos/project-e/ep-nu/evilla/sn-pointing/cat000500/pipeline/cat000500_scenario_perfect_ct_emcee.npz

✓ Saved: /eos/project-e/ep-nu/evilla/sn-pointing/cat000500/pipeline/cat000500_scenario_full_pipeline_emcee.npz

✓ Saved: /eos/project-e/ep-nu/evilla/sn-pointing/cat000500/pipeline/cat000500_scenario_weighted_ct_emcee.npz

✓ Saved: /eos/project-e/ep-nu/evilla/sn-pointing/cat000500/pipeline/cat000500_scenario_perfect_ct_e_gt_10mev_emcee.npz

✓ Saved: /eos/project-e/ep-nu/evilla/sn-pointing/cat000500/pipeline/cat000500_scenario_perfect_ct_e_gt_20mev_emcee.npz
✓ cat000500 completed successfully
