Processing cat000193 with 6 scenarios...
Cat directory: /eos/project-e/ep-nu/evilla/sn-pointing/cat000193
======================================================================
EMCEE RECONSTRUCTION FOR cat000193
======================================================================

Loading PDF from: /eos/home-e/evilla/dune/sn-tps/neural_networks/electron_direction/three_plane_three_plane_v58_200k_lr_schedule_20251118_110931/cosine_energy_pdf.npz
PDF loaded

======================================================================
SCENARIO (EMCEE): BEST_CASE
======================================================================

Loaded 3369 matched main-track clusters across U, V, X planes
Selected 286 ES main tracks
After E > 3 MeV cut: 286 clusters
Running emcee: 64 walkers × 2000 steps...
Acceptance fraction: 9.5%
Mean direction: θ=-60.43°, φ=79.12°
Uncertainties: Δθ=50.24°, Δφ=20.05°
68% credible angle: 19.30°

Angular error: 14.51°

======================================================================
SCENARIO (EMCEE): PERFECT_CT
======================================================================

Loaded 3369 matched main-track clusters across U, V, X planes
Selected 286 ES main tracks
Loading ED model from: /eos/home-e/evilla/dune/sn-tps/neural_networks/electron_direction/three_plane_three_plane_v58_200k_lr_schedule_20251118_110931/checkpoints/model_epoch_12_val_loss_0.8898.keras
Running ED inference...
After energy cut: 286 clusters
Running emcee: 64 walkers × 2000 steps...
Acceptance fraction: 15.2%
Mean direction: θ=-55.40°, φ=61.23°
Uncertainties: Δθ=21.80°, Δφ=14.99°
68% credible angle: 25.90°

Angular error: 11.21°

======================================================================
SCENARIO (EMCEE): FULL_PIPELINE
======================================================================

Loaded 3369 matched main-track clusters across U, V, X planes
Using all 3369 main-track clusters
Loading CT model from: /eos/user/e/evilla/dune/sn-tps/neural_networks/channel_tagging/ct_volume_v52_batch_reload_20251116_101125/best_model.keras
Running CT inference...
CT selected 3076 ES candidates from 3369 clusters
  ES prob range: [0.000, 1.000]
Loading ED model from: /eos/home-e/evilla/dune/sn-tps/neural_networks/electron_direction/three_plane_three_plane_v58_200k_lr_schedule_20251118_110931/checkpoints/model_epoch_12_val_loss_0.8898.keras
Running ED inference on 3076 clusters...
After E > 3 MeV cut: 3060 clusters
Running emcee: 64 walkers × 2000 steps...
Acceptance fraction: 3.8%
Mean direction: θ=-121.01°, φ=80.46°
Uncertainties: Δθ=84.87°, Δφ=33.15°
68% credible angle: 106.06°

Angular error: 53.56°

======================================================================
SCENARIO (EMCEE): WEIGHTED_CT
======================================================================

Loaded 3369 matched main-track clusters across U, V, X planes
Using all 3369 main-track clusters
Loading CT model from: /eos/user/e/evilla/dune/sn-tps/neural_networks/channel_tagging/ct_volume_v52_batch_reload_20251116_101125/best_model.keras
Running CT inference...
CT selected 3076 ES candidates from 3369 clusters
  ES prob range: [0.000, 1.000]
Loading ED model from: /eos/home-e/evilla/dune/sn-tps/neural_networks/electron_direction/three_plane_three_plane_v58_200k_lr_schedule_20251118_110931/checkpoints/model_epoch_12_val_loss_0.8898.keras
Running ED inference on 3076 clusters...
Using CT weights (ES probabilities)
After E > 3 MeV cut: 3060 clusters
Running weighted MCMC with 3060 weights
Running emcee: 64 walkers × 2000 steps...
Acceptance fraction: 4.3%
Mean direction: θ=-111.41°, φ=83.97°
Uncertainties: Δθ=73.03°, Δφ=29.72°
68% credible angle: 60.70°

Angular error: 46.45°

======================================================================
SCENARIO (EMCEE): PERFECT_CT_E_GT_10MEV
======================================================================

Loaded 3369 matched main-track clusters across U, V, X planes
Selected 286 ES main tracks
Loading ED model from: /eos/home-e/evilla/dune/sn-tps/neural_networks/electron_direction/three_plane_three_plane_v58_200k_lr_schedule_20251118_110931/checkpoints/model_epoch_12_val_loss_0.8898.keras
Running ED inference...
Applying E > 10 MeV cut
After energy cut: 150 clusters
Running emcee: 64 walkers × 2000 steps...
Acceptance fraction: 13.9%
Mean direction: θ=-62.91°, φ=75.39°
Uncertainties: Δθ=27.48°, Δφ=15.88°
68% credible angle: 22.02°

Angular error: 10.14°

======================================================================
SCENARIO (EMCEE): PERFECT_CT_E_GT_20MEV
======================================================================

Loaded 3369 matched main-track clusters across U, V, X planes
Selected 286 ES main tracks
Loading ED model from: /eos/home-e/evilla/dune/sn-tps/neural_networks/electron_direction/three_plane_three_plane_v58_200k_lr_schedule_20251118_110931/checkpoints/model_epoch_12_val_loss_0.8898.keras
Running ED inference...
Applying E > 20 MeV cut
After energy cut: 26 clusters
Running emcee: 64 walkers × 2000 steps...
Acceptance fraction: 15.5%
Mean direction: θ=-78.31°, φ=87.26°
Uncertainties: Δθ=104.60°, Δφ=19.71°
68% credible angle: 150.63°

Angular error: 24.07°

✓ Saved: /eos/project-e/ep-nu/evilla/sn-pointing/cat000193/pipeline/cat000193_scenario_best_case_emcee.npz

✓ Saved: /eos/project-e/ep-nu/evilla/sn-pointing/cat000193/pipeline/cat000193_scenario_perfect_ct_emcee.npz

✓ Saved: /eos/project-e/ep-nu/evilla/sn-pointing/cat000193/pipeline/cat000193_scenario_full_pipeline_emcee.npz

✓ Saved: /eos/project-e/ep-nu/evilla/sn-pointing/cat000193/pipeline/cat000193_scenario_weighted_ct_emcee.npz

✓ Saved: /eos/project-e/ep-nu/evilla/sn-pointing/cat000193/pipeline/cat000193_scenario_perfect_ct_e_gt_10mev_emcee.npz

✓ Saved: /eos/project-e/ep-nu/evilla/sn-pointing/cat000193/pipeline/cat000193_scenario_perfect_ct_e_gt_20mev_emcee.npz
✓ cat000193 completed successfully
