=== Tue Nov 18 12:11:44 AM CET 2025 ===


-- Schedd: bigbird26.cern.ch : <188.185.8.79:9618?... @ 11/18/25 00:11:44
OWNER  BATCH_NAME     SUBMITTED   DONE   RUN    IDLE  TOTAL JOB_IDS
evilla ID: 9053417  11/18 00:07      _     28     93    121 9053417.0-120

Total for query: 121 jobs; 0 completed, 0 removed, 93 idle, 28 running, 0 held, 0 suspended 
Total for all users: 4627 jobs; 250 completed, 0 removed, 1493 idle, 2414 running, 470 held, 0 suspended

Running jobs: 121
Output files: 0

=== Tue Nov 18 12:16:45 AM CET 2025 ===


-- Schedd: bigbird26.cern.ch : <188.185.8.79:9618?... @ 11/18/25 00:16:45
OWNER  BATCH_NAME     SUBMITTED   DONE   RUN    IDLE  TOTAL JOB_IDS
evilla ID: 9053417  11/18 00:07      _     29     92    121 9053417.0-120

Total for query: 121 jobs; 0 completed, 0 removed, 92 idle, 29 running, 0 held, 0 suspended 
Total for all users: 4603 jobs; 250 completed, 0 removed, 254 idle, 3630 running, 469 held, 0 suspended

Running jobs: 121
Output files: 0

=== Tue Nov 18 12:21:45 AM CET 2025 ===


-- Schedd: bigbird26.cern.ch : <188.185.8.79:9618?... @ 11/18/25 00:21:45
OWNER  BATCH_NAME     SUBMITTED   DONE   RUN    IDLE  TOTAL JOB_IDS
evilla ID: 9053417  11/18 00:07      _     29     92    121 9053417.0-120

Total for query: 121 jobs; 0 completed, 0 removed, 92 idle, 29 running, 0 held, 0 suspended 
Total for all users: 3594 jobs; 250 completed, 0 removed, 265 idle, 2603 running, 476 held, 0 suspended

Running jobs: 121
Output files: 0

=== Tue Nov 18 12:26:45 AM CET 2025 ===


-- Schedd: bigbird26.cern.ch : <188.185.8.79:9618?... @ 11/18/25 00:26:45
OWNER  BATCH_NAME     SUBMITTED   DONE   RUN    IDLE  TOTAL JOB_IDS
evilla ID: 9053417  11/18 00:07      _     30     91    121 9053417.0-120

Total for query: 121 jobs; 0 completed, 0 removed, 91 idle, 30 running, 0 held, 0 suspended 
Total for all users: 4491 jobs; 250 completed, 0 removed, 1449 idle, 2315 running, 477 held, 0 suspended

Running jobs: 121
Output files: 0

=== Tue Nov 18 12:31:45 AM CET 2025 ===

-- Failed to fetch ads from: <188.185.8.79:9618?addrs=188.185.8.79-9618+[2001-1458-d00-63--100-23a]-9618&alias=bigbird26.cern.ch&noUDP&sock=schedd_3453776_a447> : bigbird26.cern.ch
SECMAN:2007:Read failure during security negotiation.
Running jobs: 0
0
Output files: 0

=== Tue Nov 18 12:37:26 AM CET 2025 ===


-- Schedd: bigbird26.cern.ch : <188.185.8.79:9618?... @ 11/18/25 00:37:26
OWNER  BATCH_NAME     SUBMITTED   DONE   RUN    IDLE  TOTAL JOB_IDS
evilla ID: 9053417  11/18 00:07      1     37     83    121 9053417.0-120

Total for query: 120 jobs; 0 completed, 0 removed, 83 idle, 37 running, 0 held, 0 suspended 
Total for all users: 9372 jobs; 250 completed, 0 removed, 4360 idle, 4292 running, 470 held, 0 suspended

Running jobs: 120
Output files: 1

=== Tue Nov 18 12:42:26 AM CET 2025 ===


-- Schedd: bigbird26.cern.ch : <188.185.8.79:9618?... @ 11/18/25 00:42:26
OWNER  BATCH_NAME     SUBMITTED   DONE   RUN    IDLE  TOTAL JOB_IDS
evilla ID: 9053417  11/18 00:07      1     44     76    121 9053417.0-120

Total for query: 120 jobs; 0 completed, 0 removed, 76 idle, 44 running, 0 held, 0 suspended 
Total for all users: 8527 jobs; 250 completed, 0 removed, 3199 idle, 4605 running, 473 held, 0 suspended

Running jobs: 120
Output files: 1

=== Tue Nov 18 12:47:26 AM CET 2025 ===


-- Schedd: bigbird26.cern.ch : <188.185.8.79:9618?... @ 11/18/25 00:47:26
OWNER  BATCH_NAME     SUBMITTED   DONE   RUN    IDLE  TOTAL JOB_IDS
evilla ID: 9053417  11/18 00:07      1     50     70    121 9053417.0-120

Total for query: 120 jobs; 0 completed, 0 removed, 70 idle, 50 running, 0 held, 0 suspended 
Total for all users: 8029 jobs; 250 completed, 0 removed, 2994 idle, 4315 running, 470 held, 0 suspended

Running jobs: 120
Output files: 1

=== Tue Nov 18 12:52:26 AM CET 2025 ===


-- Schedd: bigbird26.cern.ch : <188.185.8.79:9618?... @ 11/18/25 00:52:27
OWNER  BATCH_NAME     SUBMITTED   DONE   RUN    IDLE  TOTAL JOB_IDS
evilla ID: 9053417  11/18 00:07      3     51     67    121 9053417.0-120

Total for query: 118 jobs; 0 completed, 0 removed, 67 idle, 51 running, 0 held, 0 suspended 
Total for all users: 8060 jobs; 250 completed, 0 removed, 2982 idle, 4358 running, 470 held, 0 suspended

Running jobs: 118
Output files: 3

=== Tue Nov 18 12:57:27 AM CET 2025 ===


-- Schedd: bigbird26.cern.ch : <188.185.8.79:9618?... @ 11/18/25 00:57:27
OWNER  BATCH_NAME     SUBMITTED   DONE   RUN    IDLE  TOTAL JOB_IDS
evilla ID: 9053417  11/18 00:07      8     51     62    121 9053417.0-120

Total for query: 113 jobs; 0 completed, 0 removed, 62 idle, 51 running, 0 held, 0 suspended 
Total for all users: 7985 jobs; 52 completed, 0 removed, 2909 idle, 4555 running, 469 held, 0 suspended

Running jobs: 113
Output files: 8

=== Tue Nov 18 01:02:27 AM CET 2025 ===


-- Schedd: bigbird26.cern.ch : <188.185.8.79:9618?... @ 11/18/25 01:02:27
OWNER  BATCH_NAME     SUBMITTED   DONE   RUN    IDLE  TOTAL JOB_IDS
evilla ID: 9053417  11/18 00:07     17     51     53    121 9053417.0-120

Total for query: 104 jobs; 0 completed, 0 removed, 53 idle, 51 running, 0 held, 0 suspended 
Total for all users: 7743 jobs; 52 completed, 0 removed, 2709 idle, 4511 running, 471 held, 0 suspended

Running jobs: 104
Output files: 17

=== Tue Nov 18 01:07:27 AM CET 2025 ===


-- Schedd: bigbird26.cern.ch : <188.185.8.79:9618?... @ 11/18/25 01:07:27
OWNER  BATCH_NAME     SUBMITTED   DONE   RUN    IDLE  TOTAL JOB_IDS
evilla ID: 9053417  11/18 00:07     19     51     51    121 9053417.0-120

Total for query: 102 jobs; 0 completed, 0 removed, 51 idle, 51 running, 0 held, 0 suspended 
Total for all users: 7645 jobs; 52 completed, 0 removed, 2599 idle, 4524 running, 470 held, 0 suspended

Running jobs: 102
Output files: 19

=== Tue Nov 18 01:12:28 AM CET 2025 ===


-- Schedd: bigbird26.cern.ch : <188.185.8.79:9618?... @ 11/18/25 01:12:28
OWNER  BATCH_NAME     SUBMITTED   DONE   RUN    IDLE  TOTAL JOB_IDS
evilla ID: 9053417  11/18 00:07     32     49     40    121 9053417.1-120

Total for query: 89 jobs; 0 completed, 0 removed, 40 idle, 49 running, 0 held, 0 suspended 
Total for all users: 7453 jobs; 52 completed, 0 removed, 2583 idle, 4347 running, 471 held, 0 suspended

Running jobs: 89
Output files: 32

=== Tue Nov 18 01:17:28 AM CET 2025 ===


-- Schedd: bigbird26.cern.ch : <188.185.8.79:9618?... @ 11/18/25 01:17:28
OWNER  BATCH_NAME     SUBMITTED   DONE   RUN    IDLE  TOTAL JOB_IDS
evilla ID: 9053417  11/18 00:07     50     45     26    121 9053417.7-120

Total for query: 71 jobs; 0 completed, 0 removed, 26 idle, 45 running, 0 held, 0 suspended 
Total for all users: 7491 jobs; 52 completed, 0 removed, 2485 idle, 4485 running, 469 held, 0 suspended

Running jobs: 71
Output files: 50

=== Tue Nov 18 01:22:28 AM CET 2025 ===


-- Schedd: bigbird26.cern.ch : <188.185.8.79:9618?... @ 11/18/25 01:22:28
OWNER  BATCH_NAME     SUBMITTED   DONE   RUN    IDLE  TOTAL JOB_IDS
evilla ID: 9053417  11/18 00:07     63     40     18    121 9053417.19-120

Total for query: 58 jobs; 0 completed, 0 removed, 18 idle, 40 running, 0 held, 0 suspended 
Total for all users: 7403 jobs; 52 completed, 0 removed, 2339 idle, 4543 running, 469 held, 0 suspended

Running jobs: 58
Output files: 63

=== Tue Nov 18 01:27:28 AM CET 2025 ===


-- Schedd: bigbird26.cern.ch : <188.185.8.79:9618?... @ 11/18/25 01:27:28
OWNER  BATCH_NAME     SUBMITTED   DONE   RUN    IDLE  TOTAL JOB_IDS
evilla ID: 9053417  11/18 00:07     67     48      6    121 9053417.19-120

Total for query: 54 jobs; 0 completed, 0 removed, 6 idle, 48 running, 0 held, 0 suspended 
Total for all users: 7532 jobs; 77 completed, 0 removed, 2250 idle, 4736 running, 469 held, 0 suspended

Running jobs: 54
Output files: 67

=== Tue Nov 18 01:32:29 AM CET 2025 ===


-- Schedd: bigbird26.cern.ch : <188.185.8.79:9618?... @ 11/18/25 01:32:29
OWNER  BATCH_NAME     SUBMITTED   DONE   RUN    IDLE  TOTAL JOB_IDS
evilla ID: 9053417  11/18 00:07     78     43      _    121 9053417.44-113

Total for query: 43 jobs; 0 completed, 0 removed, 0 idle, 43 running, 0 held, 0 suspended 
Total for all users: 7536 jobs; 77 completed, 0 removed, 2199 idle, 4791 running, 469 held, 0 suspended

Running jobs: 43
Output files: 78

=== Tue Nov 18 01:37:29 AM CET 2025 ===


-- Schedd: bigbird26.cern.ch : <188.185.8.79:9618?... @ 11/18/25 01:37:29
OWNER  BATCH_NAME     SUBMITTED   DONE   RUN    IDLE  TOTAL JOB_IDS
evilla ID: 9053417  11/18 00:07     92     29      _    121 9053417.72-113

Total for query: 29 jobs; 0 completed, 0 removed, 0 idle, 29 running, 0 held, 0 suspended 
Total for all users: 7530 jobs; 77 completed, 0 removed, 2199 idle, 4785 running, 469 held, 0 suspended

Running jobs: 29
Output files: 92

=== Tue Nov 18 01:42:29 AM CET 2025 ===


-- Schedd: bigbird26.cern.ch : <188.185.8.79:9618?... @ 11/18/25 01:42:29
OWNER  BATCH_NAME     SUBMITTED   DONE   RUN    IDLE  TOTAL JOB_IDS
evilla ID: 9053417  11/18 00:07     99     22      _    121 9053417.72-113

Total for query: 22 jobs; 0 completed, 0 removed, 0 idle, 22 running, 0 held, 0 suspended 
Total for all users: 7564 jobs; 77 completed, 0 removed, 2220 idle, 4798 running, 469 held, 0 suspended

Running jobs: 22
Output files: 99

=== Tue Nov 18 01:47:29 AM CET 2025 ===


-- Schedd: bigbird26.cern.ch : <188.185.8.79:9618?... @ 11/18/25 01:47:30
OWNER  BATCH_NAME     SUBMITTED   DONE   RUN    IDLE  TOTAL JOB_IDS
evilla ID: 9053417  11/18 00:07    104     17      _    121 9053417.72-113

Total for query: 17 jobs; 0 completed, 0 removed, 0 idle, 17 running, 0 held, 0 suspended 
Total for all users: 7399 jobs; 77 completed, 0 removed, 2295 idle, 4558 running, 469 held, 0 suspended

Running jobs: 17
Output files: 104

=== Tue Nov 18 01:52:30 AM CET 2025 ===


-- Schedd: bigbird26.cern.ch : <188.185.8.79:9618?... @ 11/18/25 01:52:30
OWNER  BATCH_NAME     SUBMITTED   DONE   RUN    IDLE  TOTAL JOB_IDS
evilla ID: 9053417  11/18 00:07    109     12      _    121 9053417.82-113

Total for query: 12 jobs; 0 completed, 0 removed, 0 idle, 12 running, 0 held, 0 suspended 
Total for all users: 7343 jobs; 77 completed, 0 removed, 2252 idle, 4546 running, 468 held, 0 suspended

Running jobs: 12
Output files: 109

=== Tue Nov 18 01:57:30 AM CET 2025 ===


-- Schedd: bigbird26.cern.ch : <188.185.8.79:9618?... @ 11/18/25 01:57:30
OWNER  BATCH_NAME     SUBMITTED   DONE   RUN    IDLE  TOTAL JOB_IDS
evilla ID: 9053417  11/18 00:07    116      5      _    121 9053417.102-113

Total for query: 5 jobs; 0 completed, 0 removed, 0 idle, 5 running, 0 held, 0 suspended 
Total for all users: 7268 jobs; 77 completed, 0 removed, 1961 idle, 4762 running, 468 held, 0 suspended

Running jobs: 5
Output files: 116

=== Tue Nov 18 02:02:30 AM CET 2025 ===


-- Schedd: bigbird26.cern.ch : <188.185.8.79:9618?... @ 11/18/25 02:02:30
OWNER  BATCH_NAME     SUBMITTED   DONE   RUN    IDLE  TOTAL JOB_IDS
evilla ID: 9053417  11/18 00:07    118      3      _    121 9053417.102-112

Total for query: 3 jobs; 0 completed, 0 removed, 0 idle, 3 running, 0 held, 0 suspended 
Total for all users: 7201 jobs; 77 completed, 0 removed, 1821 idle, 4835 running, 468 held, 0 suspended

Running jobs: 3
Output files: 118

=== Tue Nov 18 02:07:30 AM CET 2025 ===


-- Schedd: bigbird26.cern.ch : <188.185.8.79:9618?... @ 11/18/25 02:07:31
OWNER  BATCH_NAME     SUBMITTED   DONE   RUN    IDLE  TOTAL JOB_IDS
evilla ID: 9053417  11/18 00:07    120      1      _    121 9053417.102

Total for query: 1 jobs; 0 completed, 0 removed, 0 idle, 1 running, 0 held, 0 suspended 
Total for all users: 7148 jobs; 77 completed, 0 removed, 1772 idle, 4831 running, 468 held, 0 suspended

Running jobs: 1
Output files: 120

=== Tue Nov 18 02:12:31 AM CET 2025 ===


-- Schedd: bigbird26.cern.ch : <188.185.8.79:9618?... @ 11/18/25 02:12:31
OWNER BATCH_NAME      SUBMITTED   DONE   RUN    IDLE   HOLD  TOTAL JOB_IDS

Total for query: 0 jobs; 0 completed, 0 removed, 0 idle, 0 running, 0 held, 0 suspended 
Total for all users: 7062 jobs; 77 completed, 0 removed, 1699 idle, 4818 running, 468 held, 0 suspended

Running jobs: 0
0
Output files: 121

=== Tue Nov 18 02:17:31 AM CET 2025 ===


-- Schedd: bigbird26.cern.ch : <188.185.8.79:9618?... @ 11/18/25 02:17:31
OWNER BATCH_NAME      SUBMITTED   DONE   RUN    IDLE   HOLD  TOTAL JOB_IDS

Total for query: 0 jobs; 0 completed, 0 removed, 0 idle, 0 running, 0 held, 0 suspended 
Total for all users: 6999 jobs; 77 completed, 0 removed, 1727 idle, 4727 running, 468 held, 0 suspended

Running jobs: 0
0
Output files: 121

=== Tue Nov 18 02:22:31 AM CET 2025 ===


-- Schedd: bigbird26.cern.ch : <188.185.8.79:9618?... @ 11/18/25 02:22:32
OWNER BATCH_NAME      SUBMITTED   DONE   RUN    IDLE   HOLD  TOTAL JOB_IDS

Total for query: 0 jobs; 0 completed, 0 removed, 0 idle, 0 running, 0 held, 0 suspended 
Total for all users: 6882 jobs; 77 completed, 0 removed, 1439 idle, 4898 running, 468 held, 0 suspended

Running jobs: 0
0
Output files: 121

=== Tue Nov 18 02:27:32 AM CET 2025 ===


-- Schedd: bigbird26.cern.ch : <188.185.8.79:9618?... @ 11/18/25 02:27:32
OWNER BATCH_NAME      SUBMITTED   DONE   RUN    IDLE   HOLD  TOTAL JOB_IDS

Total for query: 0 jobs; 0 completed, 0 removed, 0 idle, 0 running, 0 held, 0 suspended 
Total for all users: 6765 jobs; 77 completed, 0 removed, 1256 idle, 4964 running, 468 held, 0 suspended

Running jobs: 0
0
Output files: 121

=== Tue Nov 18 02:32:32 AM CET 2025 ===


-- Schedd: bigbird26.cern.ch : <188.185.8.79:9618?... @ 11/18/25 02:32:32
OWNER BATCH_NAME      SUBMITTED   DONE   RUN    IDLE   HOLD  TOTAL JOB_IDS

Total for query: 0 jobs; 0 completed, 0 removed, 0 idle, 0 running, 0 held, 0 suspended 
Total for all users: 6644 jobs; 77 completed, 0 removed, 1255 idle, 4844 running, 468 held, 0 suspended

Running jobs: 0
0
Output files: 121

=== Tue Nov 18 02:37:32 AM CET 2025 ===


-- Schedd: bigbird26.cern.ch : <188.185.8.79:9618?... @ 11/18/25 02:37:32
OWNER BATCH_NAME      SUBMITTED   DONE   RUN    IDLE   HOLD  TOTAL JOB_IDS

Total for query: 0 jobs; 0 completed, 0 removed, 0 idle, 0 running, 0 held, 0 suspended 
Total for all users: 6523 jobs; 77 completed, 0 removed, 1058 idle, 4920 running, 468 held, 0 suspended

Running jobs: 0
0
Output files: 121

=== Tue Nov 18 02:42:32 AM CET 2025 ===


-- Schedd: bigbird26.cern.ch : <188.185.8.79:9618?... @ 11/18/25 02:42:33
OWNER BATCH_NAME      SUBMITTED   DONE   RUN    IDLE   HOLD  TOTAL JOB_IDS

Total for query: 0 jobs; 0 completed, 0 removed, 0 idle, 0 running, 0 held, 0 suspended 
Total for all users: 6404 jobs; 77 completed, 0 removed, 842 idle, 5014 running, 471 held, 0 suspended

Running jobs: 0
0
Output files: 121

=== Tue Nov 18 02:47:33 AM CET 2025 ===


-- Schedd: bigbird26.cern.ch : <188.185.8.79:9618?... @ 11/18/25 02:47:33
OWNER BATCH_NAME      SUBMITTED   DONE   RUN    IDLE   HOLD  TOTAL JOB_IDS

Total for query: 0 jobs; 0 completed, 0 removed, 0 idle, 0 running, 0 held, 0 suspended 
Total for all users: 6265 jobs; 77 completed, 0 removed, 638 idle, 5081 running, 469 held, 0 suspended

Running jobs: 0
0
Output files: 121

=== Tue Nov 18 02:52:33 AM CET 2025 ===


-- Schedd: bigbird26.cern.ch : <188.185.8.79:9618?... @ 11/18/25 02:52:33
OWNER BATCH_NAME      SUBMITTED   DONE   RUN    IDLE   HOLD  TOTAL JOB_IDS

Total for query: 0 jobs; 0 completed, 0 removed, 0 idle, 0 running, 0 held, 0 suspended 
Total for all users: 6104 jobs; 77 completed, 0 removed, 552 idle, 5006 running, 469 held, 0 suspended

Running jobs: 0
0
Output files: 121

=== Tue Nov 18 02:57:33 AM CET 2025 ===


-- Schedd: bigbird26.cern.ch : <188.185.8.79:9618?... @ 11/18/25 02:57:33
OWNER BATCH_NAME      SUBMITTED   DONE   RUN    IDLE   HOLD  TOTAL JOB_IDS

Total for query: 0 jobs; 0 completed, 0 removed, 0 idle, 0 running, 0 held, 0 suspended 
Total for all users: 5895 jobs; 77 completed, 0 removed, 354 idle, 4995 running, 469 held, 0 suspended

Running jobs: 0
0
Output files: 121

=== Tue Nov 18 03:02:33 AM CET 2025 ===


-- Schedd: bigbird26.cern.ch : <188.185.8.79:9618?... @ 11/18/25 03:02:34
OWNER BATCH_NAME      SUBMITTED   DONE   RUN    IDLE   HOLD  TOTAL JOB_IDS

Total for query: 0 jobs; 0 completed, 0 removed, 0 idle, 0 running, 0 held, 0 suspended 
Total for all users: 5541 jobs; 77 completed, 0 removed, 167 idle, 4828 running, 469 held, 0 suspended

Running jobs: 0
0
Output files: 121

=== Tue Nov 18 03:07:34 AM CET 2025 ===


-- Schedd: bigbird26.cern.ch : <188.185.8.79:9618?... @ 11/18/25 03:07:34
OWNER BATCH_NAME      SUBMITTED   DONE   RUN    IDLE   HOLD  TOTAL JOB_IDS

Total for query: 0 jobs; 0 completed, 0 removed, 0 idle, 0 running, 0 held, 0 suspended 
Total for all users: 5256 jobs; 77 completed, 0 removed, 190 idle, 4520 running, 469 held, 0 suspended

Running jobs: 0
0
Output files: 121

=== Tue Nov 18 03:12:34 AM CET 2025 ===


-- Schedd: bigbird26.cern.ch : <188.185.8.79:9618?... @ 11/18/25 03:12:34
OWNER BATCH_NAME      SUBMITTED   DONE   RUN    IDLE   HOLD  TOTAL JOB_IDS

Total for query: 0 jobs; 0 completed, 0 removed, 0 idle, 0 running, 0 held, 0 suspended 
Total for all users: 5081 jobs; 77 completed, 0 removed, 173 idle, 4362 running, 469 held, 0 suspended

Running jobs: 0
0
Output files: 121

=== Tue Nov 18 03:17:34 AM CET 2025 ===


-- Schedd: bigbird26.cern.ch : <188.185.8.79:9618?... @ 11/18/25 03:17:34
OWNER BATCH_NAME      SUBMITTED   DONE   RUN    IDLE   HOLD  TOTAL JOB_IDS

Total for query: 0 jobs; 0 completed, 0 removed, 0 idle, 0 running, 0 held, 0 suspended 
Total for all users: 4795 jobs; 77 completed, 0 removed, 165 idle, 4084 running, 469 held, 0 suspended

Running jobs: 0
0
Output files: 121

=== Tue Nov 18 03:22:34 AM CET 2025 ===


-- Schedd: bigbird26.cern.ch : <188.185.8.79:9618?... @ 11/18/25 03:22:35
OWNER BATCH_NAME      SUBMITTED   DONE   RUN    IDLE   HOLD  TOTAL JOB_IDS

Total for query: 0 jobs; 0 completed, 0 removed, 0 idle, 0 running, 0 held, 0 suspended 
Total for all users: 4617 jobs; 77 completed, 0 removed, 187 idle, 3883 running, 470 held, 0 suspended

Running jobs: 0
0
Output files: 121

=== Tue Nov 18 03:27:35 AM CET 2025 ===


-- Schedd: bigbird26.cern.ch : <188.185.8.79:9618?... @ 11/18/25 03:27:35
OWNER BATCH_NAME      SUBMITTED   DONE   RUN    IDLE   HOLD  TOTAL JOB_IDS

Total for query: 0 jobs; 0 completed, 0 removed, 0 idle, 0 running, 0 held, 0 suspended 
Total for all users: 4423 jobs; 77 completed, 0 removed, 161 idle, 3716 running, 469 held, 0 suspended

Running jobs: 0
0
Output files: 121

=== Tue Nov 18 03:32:35 AM CET 2025 ===


-- Schedd: bigbird26.cern.ch : <188.185.8.79:9618?... @ 11/18/25 03:32:35
OWNER BATCH_NAME      SUBMITTED   DONE   RUN    IDLE   HOLD  TOTAL JOB_IDS

Total for query: 0 jobs; 0 completed, 0 removed, 0 idle, 0 running, 0 held, 0 suspended 
Total for all users: 4265 jobs; 77 completed, 0 removed, 173 idle, 3545 running, 470 held, 0 suspended

Running jobs: 0
0
Output files: 121

=== Tue Nov 18 03:37:35 AM CET 2025 ===


-- Schedd: bigbird26.cern.ch : <188.185.8.79:9618?... @ 11/18/25 03:37:35
OWNER BATCH_NAME      SUBMITTED   DONE   RUN    IDLE   HOLD  TOTAL JOB_IDS

Total for query: 0 jobs; 0 completed, 0 removed, 0 idle, 0 running, 0 held, 0 suspended 
Total for all users: 4183 jobs; 77 completed, 0 removed, 169 idle, 3467 running, 470 held, 0 suspended

Running jobs: 0
0
Output files: 121

=== Tue Nov 18 03:42:36 AM CET 2025 ===


-- Schedd: bigbird26.cern.ch : <188.185.8.79:9618?... @ 11/18/25 03:42:36
OWNER BATCH_NAME      SUBMITTED   DONE   RUN    IDLE   HOLD  TOTAL JOB_IDS

Total for query: 0 jobs; 0 completed, 0 removed, 0 idle, 0 running, 0 held, 0 suspended 
Total for all users: 4080 jobs; 77 completed, 0 removed, 160 idle, 3374 running, 469 held, 0 suspended

Running jobs: 0
0
Output files: 121

=== Tue Nov 18 03:47:36 AM CET 2025 ===


-- Schedd: bigbird26.cern.ch : <188.185.8.79:9618?... @ 11/18/25 03:47:36
OWNER BATCH_NAME      SUBMITTED   DONE   RUN    IDLE   HOLD  TOTAL JOB_IDS

Total for query: 0 jobs; 0 completed, 0 removed, 0 idle, 0 running, 0 held, 0 suspended 
Total for all users: 4035 jobs; 77 completed, 0 removed, 171 idle, 3318 running, 469 held, 0 suspended

Running jobs: 0
0
Output files: 121

=== Tue Nov 18 03:52:36 AM CET 2025 ===


-- Schedd: bigbird26.cern.ch : <188.185.8.79:9618?... @ 11/18/25 03:52:36
OWNER BATCH_NAME      SUBMITTED   DONE   RUN    IDLE   HOLD  TOTAL JOB_IDS

Total for query: 0 jobs; 0 completed, 0 removed, 0 idle, 0 running, 0 held, 0 suspended 
Total for all users: 3986 jobs; 77 completed, 0 removed, 150 idle, 3291 running, 468 held, 0 suspended

Running jobs: 0
0
Output files: 121

=== Tue Nov 18 03:57:37 AM CET 2025 ===


-- Schedd: bigbird26.cern.ch : <188.185.8.79:9618?... @ 11/18/25 03:57:37
OWNER BATCH_NAME      SUBMITTED   DONE   RUN    IDLE   HOLD  TOTAL JOB_IDS

Total for query: 0 jobs; 0 completed, 0 removed, 0 idle, 0 running, 0 held, 0 suspended 
Total for all users: 3921 jobs; 77 completed, 0 removed, 154 idle, 3223 running, 467 held, 0 suspended

Running jobs: 0
0
Output files: 121

=== Tue Nov 18 04:02:37 AM CET 2025 ===


-- Schedd: bigbird26.cern.ch : <188.185.8.79:9618?... @ 11/18/25 04:02:37
OWNER BATCH_NAME      SUBMITTED   DONE   RUN    IDLE   HOLD  TOTAL JOB_IDS

Total for query: 0 jobs; 0 completed, 0 removed, 0 idle, 0 running, 0 held, 0 suspended 
Total for all users: 3878 jobs; 77 completed, 0 removed, 149 idle, 3185 running, 467 held, 0 suspended

Running jobs: 0
0
Output files: 121

=== Tue Nov 18 04:07:37 AM CET 2025 ===


-- Schedd: bigbird26.cern.ch : <188.185.8.79:9618?... @ 11/18/25 04:07:37
OWNER BATCH_NAME      SUBMITTED   DONE   RUN    IDLE   HOLD  TOTAL JOB_IDS

Total for query: 0 jobs; 0 completed, 0 removed, 0 idle, 0 running, 0 held, 0 suspended 
Total for all users: 3853 jobs; 77 completed, 0 removed, 180 idle, 3129 running, 467 held, 0 suspended

Running jobs: 0
0
Output files: 121

=== Tue Nov 18 04:12:37 AM CET 2025 ===


-- Schedd: bigbird26.cern.ch : <188.185.8.79:9618?... @ 11/18/25 04:12:38
OWNER BATCH_NAME      SUBMITTED   DONE   RUN    IDLE   HOLD  TOTAL JOB_IDS

Total for query: 0 jobs; 0 completed, 0 removed, 0 idle, 0 running, 0 held, 0 suspended 
Total for all users: 3781 jobs; 77 completed, 0 removed, 177 idle, 3060 running, 467 held, 0 suspended

Running jobs: 0
0
Output files: 121

=== Tue Nov 18 04:17:38 AM CET 2025 ===


-- Schedd: bigbird26.cern.ch : <188.185.8.79:9618?... @ 11/18/25 04:17:38
OWNER BATCH_NAME      SUBMITTED   DONE   RUN    IDLE   HOLD  TOTAL JOB_IDS

Total for query: 0 jobs; 0 completed, 0 removed, 0 idle, 0 running, 0 held, 0 suspended 
Total for all users: 3748 jobs; 77 completed, 0 removed, 144 idle, 3060 running, 467 held, 0 suspended

Running jobs: 0
0
Output files: 121

=== Tue Nov 18 04:22:38 AM CET 2025 ===


-- Schedd: bigbird26.cern.ch : <188.185.8.79:9618?... @ 11/18/25 04:22:38
OWNER BATCH_NAME      SUBMITTED   DONE   RUN    IDLE   HOLD  TOTAL JOB_IDS

Total for query: 0 jobs; 0 completed, 0 removed, 0 idle, 0 running, 0 held, 0 suspended 
Total for all users: 3733 jobs; 77 completed, 0 removed, 185 idle, 3004 running, 467 held, 0 suspended

Running jobs: 0
0
Output files: 121

=== Tue Nov 18 04:27:38 AM CET 2025 ===


-- Schedd: bigbird26.cern.ch : <188.185.8.79:9618?... @ 11/18/25 04:27:38
OWNER BATCH_NAME      SUBMITTED   DONE   RUN    IDLE   HOLD  TOTAL JOB_IDS

Total for query: 0 jobs; 0 completed, 0 removed, 0 idle, 0 running, 0 held, 0 suspended 
Total for all users: 3697 jobs; 77 completed, 0 removed, 163 idle, 2990 running, 467 held, 0 suspended

Running jobs: 0
0
Output files: 121

=== Tue Nov 18 04:32:38 AM CET 2025 ===


-- Schedd: bigbird26.cern.ch : <188.185.8.79:9618?... @ 11/18/25 04:32:39
OWNER BATCH_NAME      SUBMITTED   DONE   RUN    IDLE   HOLD  TOTAL JOB_IDS

Total for query: 0 jobs; 0 completed, 0 removed, 0 idle, 0 running, 0 held, 0 suspended 
Total for all users: 3662 jobs; 77 completed, 0 removed, 147 idle, 2971 running, 467 held, 0 suspended

Running jobs: 0
0
Output files: 121

=== Tue Nov 18 04:37:39 AM CET 2025 ===


-- Schedd: bigbird26.cern.ch : <188.185.8.79:9618?... @ 11/18/25 04:37:39
OWNER BATCH_NAME      SUBMITTED   DONE   RUN    IDLE   HOLD  TOTAL JOB_IDS

Total for query: 0 jobs; 0 completed, 0 removed, 0 idle, 0 running, 0 held, 0 suspended 
Total for all users: 3628 jobs; 77 completed, 0 removed, 171 idle, 2913 running, 467 held, 0 suspended

Running jobs: 0
0
Output files: 121

=== Tue Nov 18 04:42:39 AM CET 2025 ===


-- Schedd: bigbird26.cern.ch : <188.185.8.79:9618?... @ 11/18/25 04:42:39
OWNER BATCH_NAME      SUBMITTED   DONE   RUN    IDLE   HOLD  TOTAL JOB_IDS

Total for query: 0 jobs; 0 completed, 0 removed, 0 idle, 0 running, 0 held, 0 suspended 
Total for all users: 3608 jobs; 77 completed, 0 removed, 175 idle, 2889 running, 467 held, 0 suspended

Running jobs: 0
0
Output files: 121

=== Tue Nov 18 04:47:39 AM CET 2025 ===


-- Schedd: bigbird26.cern.ch : <188.185.8.79:9618?... @ 11/18/25 04:47:39
OWNER BATCH_NAME      SUBMITTED   DONE   RUN    IDLE   HOLD  TOTAL JOB_IDS

Total for query: 0 jobs; 0 completed, 0 removed, 0 idle, 0 running, 0 held, 0 suspended 
Total for all users: 3580 jobs; 77 completed, 0 removed, 155 idle, 2881 running, 467 held, 0 suspended

Running jobs: 0
0
Output files: 121

=== Tue Nov 18 04:52:39 AM CET 2025 ===


-- Schedd: bigbird26.cern.ch : <188.185.8.79:9618?... @ 11/18/25 04:52:40
OWNER BATCH_NAME      SUBMITTED   DONE   RUN    IDLE   HOLD  TOTAL JOB_IDS

Total for query: 0 jobs; 0 completed, 0 removed, 0 idle, 0 running, 0 held, 0 suspended 
Total for all users: 3538 jobs; 77 completed, 0 removed, 142 idle, 2852 running, 467 held, 0 suspended

Running jobs: 0
0
Output files: 121

=== Tue Nov 18 04:57:40 AM CET 2025 ===


-- Schedd: bigbird26.cern.ch : <188.185.8.79:9618?... @ 11/18/25 04:57:41
OWNER BATCH_NAME      SUBMITTED   DONE   RUN    IDLE   HOLD  TOTAL JOB_IDS

Total for query: 0 jobs; 0 completed, 0 removed, 0 idle, 0 running, 0 held, 0 suspended 
Total for all users: 3530 jobs; 77 completed, 0 removed, 119 idle, 2867 running, 467 held, 0 suspended

Running jobs: 0
0
Output files: 121

=== Tue Nov 18 05:02:42 AM CET 2025 ===


-- Schedd: bigbird26.cern.ch : <188.185.8.79:9618?... @ 11/18/25 05:02:42
OWNER BATCH_NAME      SUBMITTED   DONE   RUN    IDLE   HOLD  TOTAL JOB_IDS

Total for query: 0 jobs; 0 completed, 0 removed, 0 idle, 0 running, 0 held, 0 suspended 
Total for all users: 3487 jobs; 77 completed, 0 removed, 167 idle, 2776 running, 467 held, 0 suspended

Running jobs: 0
0
Output files: 121

=== Tue Nov 18 05:07:42 AM CET 2025 ===


-- Schedd: bigbird26.cern.ch : <188.185.8.79:9618?... @ 11/18/25 05:07:42
OWNER BATCH_NAME      SUBMITTED   DONE   RUN    IDLE   HOLD  TOTAL JOB_IDS

Total for query: 0 jobs; 0 completed, 0 removed, 0 idle, 0 running, 0 held, 0 suspended 
Total for all users: 3466 jobs; 77 completed, 0 removed, 173 idle, 2749 running, 467 held, 0 suspended

Running jobs: 0
0
Output files: 121

=== Tue Nov 18 05:12:42 AM CET 2025 ===


-- Schedd: bigbird26.cern.ch : <188.185.8.79:9618?... @ 11/18/25 05:12:42
OWNER BATCH_NAME      SUBMITTED   DONE   RUN    IDLE   HOLD  TOTAL JOB_IDS

Total for query: 0 jobs; 0 completed, 0 removed, 0 idle, 0 running, 0 held, 0 suspended 
Total for all users: 3442 jobs; 77 completed, 0 removed, 171 idle, 2725 running, 469 held, 0 suspended

Running jobs: 0
0
Output files: 121

=== Tue Nov 18 05:17:42 AM CET 2025 ===


-- Schedd: bigbird26.cern.ch : <188.185.8.79:9618?... @ 11/18/25 05:17:43
OWNER BATCH_NAME      SUBMITTED   DONE   RUN    IDLE   HOLD  TOTAL JOB_IDS

Total for query: 0 jobs; 0 completed, 0 removed, 0 idle, 0 running, 0 held, 0 suspended 
Total for all users: 3321 jobs; 77 completed, 0 removed, 156 idle, 2621 running, 467 held, 0 suspended

Running jobs: 0
0
Output files: 121

=== Tue Nov 18 05:22:43 AM CET 2025 ===


-- Schedd: bigbird26.cern.ch : <188.185.8.79:9618?... @ 11/18/25 05:22:43
OWNER BATCH_NAME      SUBMITTED   DONE   RUN    IDLE   HOLD  TOTAL JOB_IDS

Total for query: 0 jobs; 0 completed, 0 removed, 0 idle, 0 running, 0 held, 0 suspended 
Total for all users: 3327 jobs; 77 completed, 0 removed, 119 idle, 2664 running, 467 held, 0 suspended

Running jobs: 0
0
Output files: 121

=== Tue Nov 18 05:27:43 AM CET 2025 ===


-- Schedd: bigbird26.cern.ch : <188.185.8.79:9618?... @ 11/18/25 05:27:43
OWNER BATCH_NAME      SUBMITTED   DONE   RUN    IDLE   HOLD  TOTAL JOB_IDS

Total for query: 0 jobs; 0 completed, 0 removed, 0 idle, 0 running, 0 held, 0 suspended 
Total for all users: 3308 jobs; 77 completed, 0 removed, 169 idle, 2595 running, 467 held, 0 suspended

Running jobs: 0
0
Output files: 121

=== Tue Nov 18 05:32:43 AM CET 2025 ===


-- Schedd: bigbird26.cern.ch : <188.185.8.79:9618?... @ 11/18/25 05:32:43
OWNER BATCH_NAME      SUBMITTED   DONE   RUN    IDLE   HOLD  TOTAL JOB_IDS

Total for query: 0 jobs; 0 completed, 0 removed, 0 idle, 0 running, 0 held, 0 suspended 
Total for all users: 3292 jobs; 77 completed, 0 removed, 155 idle, 2593 running, 467 held, 0 suspended

Running jobs: 0
0
Output files: 121

=== Tue Nov 18 05:37:43 AM CET 2025 ===


-- Schedd: bigbird26.cern.ch : <188.185.8.79:9618?... @ 11/18/25 05:37:43
OWNER BATCH_NAME      SUBMITTED   DONE   RUN    IDLE   HOLD  TOTAL JOB_IDS

Total for query: 0 jobs; 0 completed, 0 removed, 0 idle, 0 running, 0 held, 0 suspended 
Total for all users: 3270 jobs; 77 completed, 0 removed, 116 idle, 2610 running, 467 held, 0 suspended

Running jobs: 0
0
Output files: 121

=== Tue Nov 18 05:42:44 AM CET 2025 ===


-- Schedd: bigbird26.cern.ch : <188.185.8.79:9618?... @ 11/18/25 05:42:44
OWNER BATCH_NAME      SUBMITTED   DONE   RUN    IDLE   HOLD  TOTAL JOB_IDS

Total for query: 0 jobs; 0 completed, 0 removed, 0 idle, 0 running, 0 held, 0 suspended 
Total for all users: 3236 jobs; 77 completed, 0 removed, 194 idle, 2498 running, 467 held, 0 suspended

Running jobs: 0
0
Output files: 121

=== Tue Nov 18 05:47:44 AM CET 2025 ===


-- Schedd: bigbird26.cern.ch : <188.185.8.79:9618?... @ 11/18/25 05:47:44
OWNER BATCH_NAME      SUBMITTED   DONE   RUN    IDLE   HOLD  TOTAL JOB_IDS

Total for query: 0 jobs; 0 completed, 0 removed, 0 idle, 0 running, 0 held, 0 suspended 
Total for all users: 3233 jobs; 77 completed, 0 removed, 156 idle, 2534 running, 466 held, 0 suspended

Running jobs: 0
0
Output files: 121

=== Tue Nov 18 05:52:44 AM CET 2025 ===


-- Schedd: bigbird26.cern.ch : <188.185.8.79:9618?... @ 11/18/25 05:52:44
OWNER BATCH_NAME      SUBMITTED   DONE   RUN    IDLE   HOLD  TOTAL JOB_IDS

Total for query: 0 jobs; 0 completed, 0 removed, 0 idle, 0 running, 0 held, 0 suspended 
Total for all users: 3205 jobs; 77 completed, 0 removed, 118 idle, 2545 running, 465 held, 0 suspended

Running jobs: 0
0
Output files: 121

=== Tue Nov 18 05:57:45 AM CET 2025 ===


-- Schedd: bigbird26.cern.ch : <188.185.8.79:9618?... @ 11/18/25 05:57:45
OWNER BATCH_NAME      SUBMITTED   DONE   RUN    IDLE   HOLD  TOTAL JOB_IDS

Total for query: 0 jobs; 0 completed, 0 removed, 0 idle, 0 running, 0 held, 0 suspended 
Total for all users: 3195 jobs; 77 completed, 0 removed, 213 idle, 2441 running, 464 held, 0 suspended

Running jobs: 0
0
Output files: 121

=== Tue Nov 18 06:02:45 AM CET 2025 ===


-- Schedd: bigbird26.cern.ch : <188.185.8.79:9618?... @ 11/18/25 06:02:45
OWNER BATCH_NAME      SUBMITTED   DONE   RUN    IDLE   HOLD  TOTAL JOB_IDS

Total for query: 0 jobs; 0 completed, 0 removed, 0 idle, 0 running, 0 held, 0 suspended 
Total for all users: 3138 jobs; 77 completed, 0 removed, 148 idle, 2449 running, 464 held, 0 suspended

Running jobs: 0
0
Output files: 121

=== Tue Nov 18 06:07:45 AM CET 2025 ===


-- Schedd: bigbird26.cern.ch : <188.185.8.79:9618?... @ 11/18/25 06:07:45
OWNER BATCH_NAME      SUBMITTED   DONE   RUN    IDLE   HOLD  TOTAL JOB_IDS

Total for query: 0 jobs; 0 completed, 0 removed, 0 idle, 0 running, 0 held, 0 suspended 
Total for all users: 3082 jobs; 77 completed, 0 removed, 145 idle, 2397 running, 463 held, 0 suspended

Running jobs: 0
0
Output files: 121

=== Tue Nov 18 06:12:45 AM CET 2025 ===


-- Schedd: bigbird26.cern.ch : <188.185.8.79:9618?... @ 11/18/25 06:12:45
OWNER BATCH_NAME      SUBMITTED   DONE   RUN    IDLE   HOLD  TOTAL JOB_IDS

Total for query: 0 jobs; 0 completed, 0 removed, 0 idle, 0 running, 0 held, 0 suspended 
Total for all users: 3089 jobs; 77 completed, 0 removed, 123 idle, 2426 running, 463 held, 0 suspended

Running jobs: 0
0
Output files: 121

=== Tue Nov 18 06:17:46 AM CET 2025 ===


-- Schedd: bigbird26.cern.ch : <188.185.8.79:9618?... @ 11/18/25 06:17:46
OWNER BATCH_NAME      SUBMITTED   DONE   RUN    IDLE   HOLD  TOTAL JOB_IDS

Total for query: 0 jobs; 0 completed, 0 removed, 0 idle, 0 running, 0 held, 0 suspended 
Total for all users: 3082 jobs; 77 completed, 0 removed, 153 idle, 2389 running, 463 held, 0 suspended

Running jobs: 0
0
Output files: 121

=== Tue Nov 18 06:22:46 AM CET 2025 ===


-- Schedd: bigbird26.cern.ch : <188.185.8.79:9618?... @ 11/18/25 06:22:46
OWNER BATCH_NAME      SUBMITTED   DONE   RUN    IDLE   HOLD  TOTAL JOB_IDS

Total for query: 0 jobs; 0 completed, 0 removed, 0 idle, 0 running, 0 held, 0 suspended 
Total for all users: 3075 jobs; 77 completed, 0 removed, 183 idle, 2352 running, 463 held, 0 suspended

Running jobs: 0
0
Output files: 121

=== Tue Nov 18 06:27:46 AM CET 2025 ===


-- Schedd: bigbird26.cern.ch : <188.185.8.79:9618?... @ 11/18/25 06:27:46
OWNER BATCH_NAME      SUBMITTED   DONE   RUN    IDLE   HOLD  TOTAL JOB_IDS

Total for query: 0 jobs; 0 completed, 0 removed, 0 idle, 0 running, 0 held, 0 suspended 
Total for all users: 3067 jobs; 77 completed, 0 removed, 161 idle, 2365 running, 464 held, 0 suspended

Running jobs: 0
0
Output files: 121

=== Tue Nov 18 06:32:46 AM CET 2025 ===


-- Schedd: bigbird26.cern.ch : <188.185.8.79:9618?... @ 11/18/25 06:32:46
OWNER BATCH_NAME      SUBMITTED   DONE   RUN    IDLE   HOLD  TOTAL JOB_IDS

Total for query: 0 jobs; 0 completed, 0 removed, 0 idle, 0 running, 0 held, 0 suspended 
Total for all users: 3046 jobs; 77 completed, 0 removed, 152 idle, 2354 running, 463 held, 0 suspended

Running jobs: 0
0
Output files: 121

=== Tue Nov 18 06:37:47 AM CET 2025 ===


-- Schedd: bigbird26.cern.ch : <188.185.8.79:9618?... @ 11/18/25 06:37:47
OWNER BATCH_NAME      SUBMITTED   DONE   RUN    IDLE   HOLD  TOTAL JOB_IDS

Total for query: 0 jobs; 0 completed, 0 removed, 0 idle, 0 running, 0 held, 0 suspended 
Total for all users: 3019 jobs; 77 completed, 0 removed, 115 idle, 2364 running, 463 held, 0 suspended

Running jobs: 0
0
Output files: 121

=== Tue Nov 18 06:42:47 AM CET 2025 ===


-- Schedd: bigbird26.cern.ch : <188.185.8.79:9618?... @ 11/18/25 06:42:47
OWNER BATCH_NAME      SUBMITTED   DONE   RUN    IDLE   HOLD  TOTAL JOB_IDS

Total for query: 0 jobs; 0 completed, 0 removed, 0 idle, 0 running, 0 held, 0 suspended 
Total for all users: 3012 jobs; 77 completed, 0 removed, 172 idle, 2300 running, 463 held, 0 suspended

Running jobs: 0
0
Output files: 121

=== Tue Nov 18 06:47:47 AM CET 2025 ===


-- Schedd: bigbird26.cern.ch : <188.185.8.79:9618?... @ 11/18/25 06:47:47
OWNER BATCH_NAME      SUBMITTED   DONE   RUN    IDLE   HOLD  TOTAL JOB_IDS

Total for query: 0 jobs; 0 completed, 0 removed, 0 idle, 0 running, 0 held, 0 suspended 
Total for all users: 3005 jobs; 77 completed, 0 removed, 150 idle, 2315 running, 463 held, 0 suspended

Running jobs: 0
0
Output files: 121

=== Tue Nov 18 06:52:48 AM CET 2025 ===


-- Schedd: bigbird26.cern.ch : <188.185.8.79:9618?... @ 11/18/25 06:52:48
OWNER BATCH_NAME      SUBMITTED   DONE   RUN    IDLE   HOLD  TOTAL JOB_IDS

Total for query: 0 jobs; 0 completed, 0 removed, 0 idle, 0 running, 0 held, 0 suspended 
Total for all users: 3007 jobs; 77 completed, 0 removed, 139 idle, 2328 running, 463 held, 0 suspended

Running jobs: 0
0
Output files: 121

=== Tue Nov 18 06:57:48 AM CET 2025 ===


-- Schedd: bigbird26.cern.ch : <188.185.8.79:9618?... @ 11/18/25 06:57:48
OWNER BATCH_NAME      SUBMITTED   DONE   RUN    IDLE   HOLD  TOTAL JOB_IDS

Total for query: 0 jobs; 0 completed, 0 removed, 0 idle, 0 running, 0 held, 0 suspended 
Total for all users: 2982 jobs; 77 completed, 0 removed, 150 idle, 2292 running, 463 held, 0 suspended

Running jobs: 0
0
Output files: 121

=== Tue Nov 18 07:02:48 AM CET 2025 ===


-- Schedd: bigbird26.cern.ch : <188.185.8.79:9618?... @ 11/18/25 07:02:48
OWNER BATCH_NAME      SUBMITTED   DONE   RUN    IDLE   HOLD  TOTAL JOB_IDS

Total for query: 0 jobs; 0 completed, 0 removed, 0 idle, 0 running, 0 held, 0 suspended 
Total for all users: 2970 jobs; 77 completed, 0 removed, 182 idle, 2248 running, 463 held, 0 suspended

Running jobs: 0
0
Output files: 121

=== Tue Nov 18 07:07:48 AM CET 2025 ===


-- Schedd: bigbird26.cern.ch : <188.185.8.79:9618?... @ 11/18/25 07:07:48
OWNER BATCH_NAME      SUBMITTED   DONE   RUN    IDLE   HOLD  TOTAL JOB_IDS

Total for query: 0 jobs; 0 completed, 0 removed, 0 idle, 0 running, 0 held, 0 suspended 
Total for all users: 2918 jobs; 77 completed, 0 removed, 115 idle, 2263 running, 463 held, 0 suspended

Running jobs: 0
0
Output files: 121

=== Tue Nov 18 07:12:49 AM CET 2025 ===


-- Schedd: bigbird26.cern.ch : <188.185.8.79:9618?... @ 11/18/25 07:12:49
OWNER BATCH_NAME      SUBMITTED   DONE   RUN    IDLE   HOLD  TOTAL JOB_IDS

Total for query: 0 jobs; 0 completed, 0 removed, 0 idle, 0 running, 0 held, 0 suspended 
Total for all users: 2872 jobs; 77 completed, 0 removed, 152 idle, 2180 running, 463 held, 0 suspended

Running jobs: 0
0
Output files: 121

=== Tue Nov 18 07:17:49 AM CET 2025 ===


-- Schedd: bigbird26.cern.ch : <188.185.8.79:9618?... @ 11/18/25 07:17:49
OWNER BATCH_NAME      SUBMITTED   DONE   RUN    IDLE   HOLD  TOTAL JOB_IDS

Total for query: 0 jobs; 0 completed, 0 removed, 0 idle, 0 running, 0 held, 0 suspended 
Total for all users: 2814 jobs; 77 completed, 0 removed, 161 idle, 2113 running, 463 held, 0 suspended

Running jobs: 0
0
Output files: 121

=== Tue Nov 18 07:22:49 AM CET 2025 ===


-- Schedd: bigbird26.cern.ch : <188.185.8.79:9618?... @ 11/18/25 07:22:49
OWNER BATCH_NAME      SUBMITTED   DONE   RUN    IDLE   HOLD  TOTAL JOB_IDS

Total for query: 0 jobs; 0 completed, 0 removed, 0 idle, 0 running, 0 held, 0 suspended 
Total for all users: 2737 jobs; 77 completed, 0 removed, 137 idle, 2060 running, 463 held, 0 suspended

Running jobs: 0
0
Output files: 121

=== Tue Nov 18 07:27:49 AM CET 2025 ===


-- Schedd: bigbird26.cern.ch : <188.185.8.79:9618?... @ 11/18/25 07:27:50
OWNER BATCH_NAME      SUBMITTED   DONE   RUN    IDLE   HOLD  TOTAL JOB_IDS

Total for query: 0 jobs; 0 completed, 0 removed, 0 idle, 0 running, 0 held, 0 suspended 
Total for all users: 2670 jobs; 77 completed, 0 removed, 151 idle, 1979 running, 463 held, 0 suspended

Running jobs: 0
0
Output files: 121

=== Tue Nov 18 07:32:50 AM CET 2025 ===


-- Schedd: bigbird26.cern.ch : <188.185.8.79:9618?... @ 11/18/25 07:32:50
OWNER BATCH_NAME      SUBMITTED   DONE   RUN    IDLE   HOLD  TOTAL JOB_IDS

Total for query: 0 jobs; 0 completed, 0 removed, 0 idle, 0 running, 0 held, 0 suspended 
Total for all users: 2611 jobs; 77 completed, 0 removed, 147 idle, 1924 running, 463 held, 0 suspended

Running jobs: 0
0
Output files: 121

=== Tue Nov 18 07:37:50 AM CET 2025 ===


-- Schedd: bigbird26.cern.ch : <188.185.8.79:9618?... @ 11/18/25 07:37:50
OWNER BATCH_NAME      SUBMITTED   DONE   RUN    IDLE   HOLD  TOTAL JOB_IDS

Total for query: 0 jobs; 0 completed, 0 removed, 0 idle, 0 running, 0 held, 0 suspended 
Total for all users: 2541 jobs; 77 completed, 0 removed, 138 idle, 1863 running, 463 held, 0 suspended

Running jobs: 0
0
Output files: 121

=== Tue Nov 18 07:42:51 AM CET 2025 ===


-- Schedd: bigbird26.cern.ch : <188.185.8.79:9618?... @ 11/18/25 07:42:51
OWNER BATCH_NAME      SUBMITTED   DONE   RUN    IDLE   HOLD  TOTAL JOB_IDS

Total for query: 0 jobs; 0 completed, 0 removed, 0 idle, 0 running, 0 held, 0 suspended 
Total for all users: 2469 jobs; 77 completed, 0 removed, 144 idle, 1785 running, 463 held, 0 suspended

Running jobs: 0
0
Output files: 121

=== Tue Nov 18 07:47:51 AM CET 2025 ===


-- Schedd: bigbird26.cern.ch : <188.185.8.79:9618?... @ 11/18/25 07:47:51
OWNER BATCH_NAME      SUBMITTED   DONE   RUN    IDLE   HOLD  TOTAL JOB_IDS

Total for query: 0 jobs; 0 completed, 0 removed, 0 idle, 0 running, 0 held, 0 suspended 
Total for all users: 2428 jobs; 77 completed, 0 removed, 137 idle, 1751 running, 463 held, 0 suspended

Running jobs: 0
0
Output files: 121

=== Tue Nov 18 07:52:51 AM CET 2025 ===


-- Schedd: bigbird26.cern.ch : <188.185.8.79:9618?... @ 11/18/25 07:52:51
OWNER BATCH_NAME      SUBMITTED   DONE   RUN    IDLE   HOLD  TOTAL JOB_IDS

Total for query: 0 jobs; 0 completed, 0 removed, 0 idle, 0 running, 0 held, 0 suspended 
Total for all users: 2379 jobs; 77 completed, 0 removed, 141 idle, 1699 running, 462 held, 0 suspended

Running jobs: 0
0
Output files: 121

=== Tue Nov 18 07:57:51 AM CET 2025 ===


-- Schedd: bigbird26.cern.ch : <188.185.8.79:9618?... @ 11/18/25 07:57:51
OWNER BATCH_NAME      SUBMITTED   DONE   RUN    IDLE   HOLD  TOTAL JOB_IDS

Total for query: 0 jobs; 0 completed, 0 removed, 0 idle, 0 running, 0 held, 0 suspended 
Total for all users: 2327 jobs; 77 completed, 0 removed, 137 idle, 1651 running, 462 held, 0 suspended

Running jobs: 0
0
Output files: 121

=== Tue Nov 18 08:02:51 AM CET 2025 ===


-- Schedd: bigbird26.cern.ch : <188.185.8.79:9618?... @ 11/18/25 08:02:51
OWNER BATCH_NAME      SUBMITTED   DONE   RUN    IDLE   HOLD  TOTAL JOB_IDS

Total for query: 0 jobs; 0 completed, 0 removed, 0 idle, 0 running, 0 held, 0 suspended 
Total for all users: 2271 jobs; 77 completed, 0 removed, 137 idle, 1595 running, 462 held, 0 suspended

Running jobs: 0
0
Output files: 121

=== Tue Nov 18 08:07:52 AM CET 2025 ===


-- Schedd: bigbird26.cern.ch : <188.185.8.79:9618?... @ 11/18/25 08:07:52
OWNER BATCH_NAME      SUBMITTED   DONE   RUN    IDLE   HOLD  TOTAL JOB_IDS

Total for query: 0 jobs; 0 completed, 0 removed, 0 idle, 0 running, 0 held, 0 suspended 
Total for all users: 2217 jobs; 77 completed, 0 removed, 137 idle, 1541 running, 462 held, 0 suspended

Running jobs: 0
0
Output files: 121

=== Tue Nov 18 08:12:52 AM CET 2025 ===


-- Schedd: bigbird26.cern.ch : <188.185.8.79:9618?... @ 11/18/25 08:12:52
OWNER BATCH_NAME      SUBMITTED   DONE   RUN    IDLE   HOLD  TOTAL JOB_IDS

Total for query: 0 jobs; 0 completed, 0 removed, 0 idle, 0 running, 0 held, 0 suspended 
Total for all users: 2176 jobs; 77 completed, 0 removed, 150 idle, 1487 running, 462 held, 0 suspended

Running jobs: 0
0
Output files: 121

=== Tue Nov 18 08:17:52 AM CET 2025 ===


-- Schedd: bigbird26.cern.ch : <188.185.8.79:9618?... @ 11/18/25 08:17:52
OWNER BATCH_NAME      SUBMITTED   DONE   RUN    IDLE   HOLD  TOTAL JOB_IDS

Total for query: 0 jobs; 0 completed, 0 removed, 0 idle, 0 running, 0 held, 0 suspended 
Total for all users: 2138 jobs; 77 completed, 0 removed, 136 idle, 1463 running, 462 held, 0 suspended

Running jobs: 0
0
Output files: 121

=== Tue Nov 18 08:22:52 AM CET 2025 ===


-- Schedd: bigbird26.cern.ch : <188.185.8.79:9618?... @ 11/18/25 08:22:52
OWNER BATCH_NAME      SUBMITTED   DONE   RUN    IDLE   HOLD  TOTAL JOB_IDS

Total for query: 0 jobs; 0 completed, 0 removed, 0 idle, 0 running, 0 held, 0 suspended 
Total for all users: 2063 jobs; 77 completed, 0 removed, 139 idle, 1385 running, 462 held, 0 suspended

Running jobs: 0
0
Output files: 121

=== Tue Nov 18 08:27:53 AM CET 2025 ===


-- Schedd: bigbird26.cern.ch : <188.185.8.79:9618?... @ 11/18/25 08:27:53
OWNER BATCH_NAME      SUBMITTED   DONE   RUN    IDLE   HOLD  TOTAL JOB_IDS

Total for query: 0 jobs; 0 completed, 0 removed, 0 idle, 0 running, 0 held, 0 suspended 
Total for all users: 2037 jobs; 77 completed, 0 removed, 137 idle, 1361 running, 462 held, 0 suspended

Running jobs: 0
0
Output files: 121

=== Tue Nov 18 08:32:53 AM CET 2025 ===


-- Schedd: bigbird26.cern.ch : <188.185.8.79:9618?... @ 11/18/25 08:32:53
OWNER BATCH_NAME      SUBMITTED   DONE   RUN    IDLE   HOLD  TOTAL JOB_IDS

Total for query: 0 jobs; 0 completed, 0 removed, 0 idle, 0 running, 0 held, 0 suspended 
Total for all users: 2350 jobs; 77 completed, 0 removed, 188 idle, 1623 running, 462 held, 0 suspended

Running jobs: 0
0
Output files: 121

=== Tue Nov 18 08:37:53 AM CET 2025 ===


-- Schedd: bigbird26.cern.ch : <188.185.8.79:9618?... @ 11/18/25 08:37:53
OWNER BATCH_NAME      SUBMITTED   DONE   RUN    IDLE   HOLD  TOTAL JOB_IDS

Total for query: 0 jobs; 0 completed, 0 removed, 0 idle, 0 running, 0 held, 0 suspended 
Total for all users: 2687 jobs; 77 completed, 0 removed, 154 idle, 2444 running, 12 held, 0 suspended

Running jobs: 0
0
Output files: 121

=== Tue Nov 18 08:42:54 AM CET 2025 ===


-- Schedd: bigbird26.cern.ch : <188.185.8.79:9618?... @ 11/18/25 08:42:54
OWNER BATCH_NAME      SUBMITTED   DONE   RUN    IDLE   HOLD  TOTAL JOB_IDS

Total for query: 0 jobs; 0 completed, 0 removed, 0 idle, 0 running, 0 held, 0 suspended 
Total for all users: 5714 jobs; 77 completed, 0 removed, 2427 idle, 2857 running, 353 held, 0 suspended

Running jobs: 0
0
Output files: 121

=== Tue Nov 18 08:47:54 AM CET 2025 ===


-- Schedd: bigbird26.cern.ch : <188.185.8.79:9618?... @ 11/18/25 08:47:54
OWNER BATCH_NAME      SUBMITTED   DONE   RUN    IDLE   HOLD  TOTAL JOB_IDS

Total for query: 0 jobs; 0 completed, 0 removed, 0 idle, 0 running, 0 held, 0 suspended 
Total for all users: 5930 jobs; 77 completed, 0 removed, 2488 idle, 2801 running, 564 held, 0 suspended

Running jobs: 0
0
Output files: 121

=== Tue Nov 18 08:52:54 AM CET 2025 ===


-- Schedd: bigbird26.cern.ch : <188.185.8.79:9618?... @ 11/18/25 08:52:54
OWNER BATCH_NAME      SUBMITTED   DONE   RUN    IDLE   HOLD  TOTAL JOB_IDS

Total for query: 0 jobs; 0 completed, 0 removed, 0 idle, 0 running, 0 held, 0 suspended 
Total for all users: 6399 jobs; 77 completed, 0 removed, 2313 idle, 3339 running, 670 held, 0 suspended

Running jobs: 0
0
Output files: 121

=== Tue Nov 18 08:57:54 AM CET 2025 ===


-- Schedd: bigbird26.cern.ch : <188.185.8.79:9618?... @ 11/18/25 08:57:55
OWNER BATCH_NAME      SUBMITTED   DONE   RUN    IDLE   HOLD  TOTAL JOB_IDS

Total for query: 0 jobs; 0 completed, 0 removed, 0 idle, 0 running, 0 held, 0 suspended 
Total for all users: 6144 jobs; 77 completed, 0 removed, 2138 idle, 3196 running, 733 held, 0 suspended

Running jobs: 0
0
Output files: 121

=== Tue Nov 18 09:02:55 AM CET 2025 ===


-- Schedd: bigbird26.cern.ch : <188.185.8.79:9618?... @ 11/18/25 09:02:55
OWNER BATCH_NAME      SUBMITTED   DONE   RUN    IDLE   HOLD  TOTAL JOB_IDS

Total for query: 0 jobs; 0 completed, 0 removed, 0 idle, 0 running, 0 held, 0 suspended 
Total for all users: 5638 jobs; 77 completed, 0 removed, 1935 idle, 2698 running, 928 held, 0 suspended

Running jobs: 0
0
Output files: 121

=== Tue Nov 18 09:07:55 AM CET 2025 ===


-- Schedd: bigbird26.cern.ch : <188.185.8.79:9618?... @ 11/18/25 09:07:55
OWNER BATCH_NAME      SUBMITTED   DONE   RUN    IDLE   HOLD  TOTAL JOB_IDS

Total for query: 0 jobs; 0 completed, 0 removed, 0 idle, 0 running, 0 held, 0 suspended 
Total for all users: 5155 jobs; 77 completed, 0 removed, 1857 idle, 2252 running, 969 held, 0 suspended

Running jobs: 0
0
Output files: 121

=== Tue Nov 18 09:12:55 AM CET 2025 ===


-- Schedd: bigbird26.cern.ch : <188.185.8.79:9618?... @ 11/18/25 09:12:55
OWNER BATCH_NAME      SUBMITTED   DONE   RUN    IDLE   HOLD  TOTAL JOB_IDS

Total for query: 0 jobs; 0 completed, 0 removed, 0 idle, 0 running, 0 held, 0 suspended 
Total for all users: 4966 jobs; 77 completed, 0 removed, 1819 idle, 2084 running, 986 held, 0 suspended

Running jobs: 0
0
Output files: 121

=== Tue Nov 18 09:17:56 AM CET 2025 ===


-- Schedd: bigbird26.cern.ch : <188.185.8.79:9618?... @ 11/18/25 09:17:56
OWNER BATCH_NAME      SUBMITTED   DONE   RUN    IDLE   HOLD  TOTAL JOB_IDS

Total for query: 0 jobs; 0 completed, 0 removed, 0 idle, 0 running, 0 held, 0 suspended 
Total for all users: 4894 jobs; 77 completed, 0 removed, 1562 idle, 2191 running, 1064 held, 0 suspended

Running jobs: 0
0
Output files: 121

=== Tue Nov 18 09:22:56 AM CET 2025 ===


-- Schedd: bigbird26.cern.ch : <188.185.8.79:9618?... @ 11/18/25 09:22:56
OWNER BATCH_NAME      SUBMITTED   DONE   RUN    IDLE   HOLD  TOTAL JOB_IDS

Total for query: 0 jobs; 0 completed, 0 removed, 0 idle, 0 running, 0 held, 0 suspended 
Total for all users: 4814 jobs; 77 completed, 0 removed, 1588 idle, 2052 running, 1097 held, 0 suspended

Running jobs: 0
0
Output files: 121

=== Tue Nov 18 09:27:56 AM CET 2025 ===


-- Schedd: bigbird26.cern.ch : <188.185.8.79:9618?... @ 11/18/25 09:27:56
OWNER BATCH_NAME      SUBMITTED   DONE   RUN    IDLE   HOLD  TOTAL JOB_IDS

Total for query: 0 jobs; 0 completed, 0 removed, 0 idle, 0 running, 0 held, 0 suspended 
Total for all users: 4729 jobs; 77 completed, 0 removed, 1558 idle, 1997 running, 1097 held, 0 suspended

Running jobs: 0
0
Output files: 121

=== Tue Nov 18 09:32:56 AM CET 2025 ===


-- Schedd: bigbird26.cern.ch : <188.185.8.79:9618?... @ 11/18/25 09:32:56
OWNER BATCH_NAME      SUBMITTED   DONE   RUN    IDLE   HOLD  TOTAL JOB_IDS

Total for query: 0 jobs; 0 completed, 0 removed, 0 idle, 0 running, 0 held, 0 suspended 
Total for all users: 4663 jobs; 77 completed, 0 removed, 1415 idle, 2034 running, 1137 held, 0 suspended

Running jobs: 0
0
Output files: 121

=== Tue Nov 18 09:37:57 AM CET 2025 ===


-- Schedd: bigbird26.cern.ch : <188.185.8.79:9618?... @ 11/18/25 09:37:57
OWNER BATCH_NAME      SUBMITTED   DONE   RUN    IDLE   HOLD  TOTAL JOB_IDS

Total for query: 0 jobs; 0 completed, 0 removed, 0 idle, 0 running, 0 held, 0 suspended 
Total for all users: 4591 jobs; 77 completed, 0 removed, 1443 idle, 1928 running, 1143 held, 0 suspended

Running jobs: 0
0
Output files: 121

=== Tue Nov 18 09:42:57 AM CET 2025 ===


-- Schedd: bigbird26.cern.ch : <188.185.8.79:9618?... @ 11/18/25 09:42:57
OWNER BATCH_NAME      SUBMITTED   DONE   RUN    IDLE   HOLD  TOTAL JOB_IDS

Total for query: 0 jobs; 0 completed, 0 removed, 0 idle, 0 running, 0 held, 0 suspended 
Total for all users: 4556 jobs; 78 completed, 0 removed, 1417 idle, 1918 running, 1143 held, 0 suspended

Running jobs: 0
0
Output files: 121

=== Tue Nov 18 09:47:57 AM CET 2025 ===


-- Schedd: bigbird26.cern.ch : <188.185.8.79:9618?... @ 11/18/25 09:47:57
OWNER BATCH_NAME      SUBMITTED   DONE   RUN    IDLE   HOLD  TOTAL JOB_IDS

Total for query: 0 jobs; 0 completed, 0 removed, 0 idle, 0 running, 0 held, 0 suspended 
Total for all users: 5757 jobs; 77 completed, 0 removed, 2085 idle, 2421 running, 1174 held, 0 suspended

Running jobs: 0
0
Output files: 121

=== Tue Nov 18 09:52:58 AM CET 2025 ===


-- Schedd: bigbird26.cern.ch : <188.185.8.79:9618?... @ 11/18/25 09:52:58
OWNER BATCH_NAME      SUBMITTED   DONE   RUN    IDLE   HOLD  TOTAL JOB_IDS

Total for query: 0 jobs; 0 completed, 0 removed, 0 idle, 0 running, 0 held, 0 suspended 
Total for all users: 5561 jobs; 77 completed, 0 removed, 1890 idle, 2420 running, 1174 held, 0 suspended

Running jobs: 0
0
Output files: 121

=== Tue Nov 18 09:57:58 AM CET 2025 ===


-- Schedd: bigbird26.cern.ch : <188.185.8.79:9618?... @ 11/18/25 09:57:58
OWNER BATCH_NAME      SUBMITTED   DONE   RUN    IDLE   HOLD  TOTAL JOB_IDS

Total for query: 0 jobs; 0 completed, 0 removed, 0 idle, 0 running, 0 held, 0 suspended 
Total for all users: 5532 jobs; 77 completed, 0 removed, 1450 idle, 2831 running, 1174 held, 0 suspended

Running jobs: 0
0
Output files: 121

=== Tue Nov 18 10:02:58 AM CET 2025 ===


-- Schedd: bigbird26.cern.ch : <188.185.8.79:9618?... @ 11/18/25 10:02:58
OWNER BATCH_NAME      SUBMITTED   DONE   RUN    IDLE   HOLD  TOTAL JOB_IDS

Total for query: 0 jobs; 0 completed, 0 removed, 0 idle, 0 running, 0 held, 0 suspended 
Total for all users: 5520 jobs; 77 completed, 0 removed, 1322 idle, 2939 running, 1182 held, 0 suspended

Running jobs: 0
0
Output files: 121

=== Tue Nov 18 10:07:58 AM CET 2025 ===


-- Schedd: bigbird26.cern.ch : <188.185.8.79:9618?... @ 11/18/25 10:07:59
OWNER BATCH_NAME      SUBMITTED   DONE   RUN    IDLE   HOLD  TOTAL JOB_IDS

Total for query: 0 jobs; 0 completed, 0 removed, 0 idle, 0 running, 0 held, 0 suspended 
Total for all users: 5515 jobs; 77 completed, 0 removed, 1144 idle, 3043 running, 1251 held, 0 suspended

Running jobs: 0
0
Output files: 121

=== Tue Nov 18 10:12:59 AM CET 2025 ===


-- Schedd: bigbird26.cern.ch : <188.185.8.79:9618?... @ 11/18/25 10:12:59
OWNER BATCH_NAME      SUBMITTED   DONE   RUN    IDLE   HOLD  TOTAL JOB_IDS

Total for query: 0 jobs; 0 completed, 0 removed, 0 idle, 0 running, 0 held, 0 suspended 
Total for all users: 5532 jobs; 77 completed, 0 removed, 1048 idle, 3107 running, 1300 held, 0 suspended

Running jobs: 0
0
Output files: 121

=== Tue Nov 18 10:17:59 AM CET 2025 ===


-- Schedd: bigbird26.cern.ch : <188.185.8.79:9618?... @ 11/18/25 10:17:59
OWNER BATCH_NAME      SUBMITTED   DONE   RUN    IDLE   HOLD  TOTAL JOB_IDS

Total for query: 0 jobs; 0 completed, 0 removed, 0 idle, 0 running, 0 held, 0 suspended 
Total for all users: 5525 jobs; 77 completed, 0 removed, 1049 idle, 3099 running, 1300 held, 0 suspended

Running jobs: 0
0
Output files: 121

=== Tue Nov 18 10:22:59 AM CET 2025 ===


-- Schedd: bigbird26.cern.ch : <188.185.8.79:9618?... @ 11/18/25 10:22:59
OWNER BATCH_NAME      SUBMITTED   DONE   RUN    IDLE   HOLD  TOTAL JOB_IDS

Total for query: 0 jobs; 0 completed, 0 removed, 0 idle, 0 running, 0 held, 0 suspended 
Total for all users: 5519 jobs; 77 completed, 0 removed, 1050 idle, 3092 running, 1300 held, 0 suspended

Running jobs: 0
0
Output files: 121

=== Tue Nov 18 10:28:00 AM CET 2025 ===


-- Schedd: bigbird26.cern.ch : <188.185.8.79:9618?... @ 11/18/25 10:28:00
OWNER BATCH_NAME      SUBMITTED   DONE   RUN    IDLE   HOLD  TOTAL JOB_IDS

Total for query: 0 jobs; 0 completed, 0 removed, 0 idle, 0 running, 0 held, 0 suspended 
Total for all users: 5514 jobs; 77 completed, 0 removed, 928 idle, 3174 running, 1335 held, 0 suspended

Running jobs: 0
0
Output files: 121

=== Tue Nov 18 10:33:00 AM CET 2025 ===


-- Schedd: bigbird26.cern.ch : <188.185.8.79:9618?... @ 11/18/25 10:33:00
OWNER BATCH_NAME      SUBMITTED   DONE   RUN    IDLE   HOLD  TOTAL JOB_IDS

Total for query: 0 jobs; 0 completed, 0 removed, 0 idle, 0 running, 0 held, 0 suspended 
Total for all users: 5507 jobs; 77 completed, 0 removed, 850 idle, 3200 running, 1380 held, 0 suspended

Running jobs: 0
0
Output files: 121

=== Tue Nov 18 10:38:00 AM CET 2025 ===


-- Schedd: bigbird26.cern.ch : <188.185.8.79:9618?... @ 11/18/25 10:38:00
OWNER BATCH_NAME      SUBMITTED   DONE   RUN    IDLE   HOLD  TOTAL JOB_IDS

Total for query: 0 jobs; 0 completed, 0 removed, 0 idle, 0 running, 0 held, 0 suspended 
Total for all users: 5500 jobs; 77 completed, 0 removed, 851 idle, 3191 running, 1381 held, 0 suspended

Running jobs: 0
0
Output files: 121

=== Tue Nov 18 10:43:00 AM CET 2025 ===


-- Schedd: bigbird26.cern.ch : <188.185.8.79:9618?... @ 11/18/25 10:43:01
OWNER BATCH_NAME      SUBMITTED   DONE   RUN    IDLE   HOLD  TOTAL JOB_IDS

Total for query: 0 jobs; 0 completed, 0 removed, 0 idle, 0 running, 0 held, 0 suspended 
Total for all users: 5493 jobs; 77 completed, 0 removed, 715 idle, 3290 running, 1411 held, 0 suspended

Running jobs: 0
0
Output files: 121

=== Tue Nov 18 10:48:01 AM CET 2025 ===


-- Schedd: bigbird26.cern.ch : <188.185.8.79:9618?... @ 11/18/25 10:48:01
OWNER BATCH_NAME      SUBMITTED   DONE   RUN    IDLE   HOLD  TOTAL JOB_IDS

Total for query: 0 jobs; 0 completed, 0 removed, 0 idle, 0 running, 0 held, 0 suspended 
Total for all users: 5507 jobs; 77 completed, 0 removed, 124 idle, 3658 running, 1648 held, 0 suspended

Running jobs: 0
0
Output files: 121

=== Tue Nov 18 10:53:01 AM CET 2025 ===


-- Schedd: bigbird26.cern.ch : <188.185.8.79:9618?... @ 11/18/25 10:53:01
OWNER BATCH_NAME      SUBMITTED   DONE   RUN    IDLE   HOLD  TOTAL JOB_IDS

Total for query: 0 jobs; 0 completed, 0 removed, 0 idle, 0 running, 0 held, 0 suspended 
Total for all users: 5512 jobs; 77 completed, 0 removed, 136 idle, 3632 running, 1667 held, 0 suspended

Running jobs: 0
0
Output files: 121

=== Tue Nov 18 10:58:01 AM CET 2025 ===


-- Schedd: bigbird26.cern.ch : <188.185.8.79:9618?... @ 11/18/25 10:58:02
OWNER BATCH_NAME      SUBMITTED   DONE   RUN    IDLE   HOLD  TOTAL JOB_IDS

Total for query: 0 jobs; 0 completed, 0 removed, 0 idle, 0 running, 0 held, 0 suspended 
Total for all users: 5500 jobs; 77 completed, 0 removed, 132 idle, 3624 running, 1667 held, 0 suspended

Running jobs: 0
0
Output files: 121

