000 (12834987.000.000) 11/13 18:18:18 Job submitted from host: <188.185.121.235:9618?addrs=188.185.121.235-9618+[2001-1458-d00-49--100-36e]-9618&alias=bigbird22.cern.ch&noUDP&sock=schedd_232129_c3ca>
...
040 (12834987.000.000) 11/13 18:19:39 Started transferring input files
	Transferring to host: <128.142.33.32:9618?addrs=128.142.33.32-9618+[2001-1458-301-53--100-1d]-9618&alias=b9g34p0623.cern.ch&noUDP&sock=slot1_14_7655_63d0_53485>
...
040 (12834987.000.000) 11/13 18:19:39 Finished transferring input files
...
001 (12834987.000.000) 11/13 18:19:40 Job executing on host: <128.142.33.32:9618?addrs=128.142.33.32-9618+[2001-1458-301-53--100-1d]-9618&alias=b9g34p0623.cern.ch&noUDP&sock=startd_6569_5db8>
	SlotName: slot1_14@b9g34p0623.cern.ch
	CondorScratchDir = "/pool/condor/dir_1715916"
	Cpus = 4
	Disk = 2099872
	GPUs = 0
	Memory = 12000
...
006 (12834987.000.000) 11/13 18:19:54 Image size of job updated: 69524
	68  -  MemoryUsage of job (MB)
	69524  -  ResidentSetSize of job (KB)
...
006 (12834987.000.000) 11/13 18:21:01 Image size of job updated: 785476
	68  -  MemoryUsage of job (MB)
	69524  -  ResidentSetSize of job (KB)
...
040 (12834987.000.000) 11/13 18:21:01 Started transferring output files
...
040 (12834987.000.000) 11/13 18:21:01 Finished transferring output files
...
005 (12834987.000.000) 11/13 18:21:01 Job terminated.
	(1) Normal termination (return value 0)
		Usr 0 00:03:20, Sys 0 00:00:30  -  Run Remote Usage
		Usr 0 00:00:00, Sys 0 00:00:00  -  Run Local Usage
		Usr 0 00:03:20, Sys 0 00:00:30  -  Total Remote Usage
		Usr 0 00:00:00, Sys 0 00:00:00  -  Total Local Usage
	46163  -  Run Bytes Sent By Job
	864  -  Run Bytes Received By Job
	46163  -  Total Bytes Sent By Job
	864  -  Total Bytes Received By Job
	Partitionable Resources :    Usage  Request Allocated 
	   Cpus                 :     0.35        4         4 
	   Disk (KB)            :    69     2097152   2099872 
	   GPUs                 :                           0 
	   Memory (MB)          :    68       12000     12000 
	   TimeExecute (s)      :    81                       
	   TimeSlotBusy (s)     :    83                       

	Job terminated of its own accord at 2025-11-13T17:21:01Z with exit-code 0.
...
