000 (12834952.000.000) 11/13 18:10:47 Job submitted from host: <188.185.121.235:9618?addrs=188.185.121.235-9618+[2001-1458-d00-49--100-36e]-9618&alias=bigbird22.cern.ch&noUDP&sock=schedd_232129_c3ca>
...
040 (12834952.000.000) 11/13 18:11:36 Started transferring input files
	Transferring to host: <188.185.212.166:9618?addrs=188.185.212.166-9618+[2001-1458-303-19--100-22]-9618&alias=b9p26p4943.cern.ch&noUDP&sock=slot1_20_5494_c518_53425>
...
040 (12834952.000.000) 11/13 18:11:36 Finished transferring input files
...
001 (12834952.000.000) 11/13 18:11:37 Job executing on host: <188.185.212.166:9618?addrs=188.185.212.166-9618+[2001-1458-303-19--100-22]-9618&alias=b9p26p4943.cern.ch&noUDP&sock=startd_4485_ea59>
	SlotName: slot1_20@b9p26p4943.cern.ch
	CondorScratchDir = "/pool/condor/dir_3390212"
	Cpus = 4
	Disk = 2099886
	GPUs = 0
	Memory = 12000
...
006 (12834952.000.000) 11/13 18:11:51 Image size of job updated: 173332
	170  -  MemoryUsage of job (MB)
	173332  -  ResidentSetSize of job (KB)
...
006 (12834952.000.000) 11/13 18:11:58 Image size of job updated: 259504
	170  -  MemoryUsage of job (MB)
	173336  -  ResidentSetSize of job (KB)
...
040 (12834952.000.000) 11/13 18:11:58 Started transferring output files
...
040 (12834952.000.000) 11/13 18:11:58 Finished transferring output files
...
005 (12834952.000.000) 11/13 18:11:58 Job terminated.
	(1) Normal termination (return value 0)
		Usr 0 00:00:04, Sys 0 00:00:03  -  Run Remote Usage
		Usr 0 00:00:00, Sys 0 00:00:00  -  Run Local Usage
		Usr 0 00:00:04, Sys 0 00:00:03  -  Total Remote Usage
		Usr 0 00:00:00, Sys 0 00:00:00  -  Total Local Usage
	3888  -  Run Bytes Sent By Job
	806  -  Run Bytes Received By Job
	3888  -  Total Bytes Sent By Job
	806  -  Total Bytes Received By Job
	Partitionable Resources :    Usage  Request Allocated 
	   Cpus                 :        0        4         4 
	   Disk (KB)            :       59  2097152   2099886 
	   GPUs                 :                           0 
	   Memory (MB)          :      170    12000     12000 
	   TimeExecute (s)      :       21                    
	   TimeSlotBusy (s)     :       23                    

	Job terminated of its own accord at 2025-11-13T17:11:58Z with exit-code 0.
...
