=== Pipeline Job Started ===
Cluster ID: /pool/condor/dir_2485166/.job.ad
Hostname: b9g47n2286.cern.ch
Date: Sun Nov 16 04:27:16 AM CET 2025
GPU Info:
GPU 0: Tesla V100-PCIE-32GB (UUID: GPU-23ff6081-2a92-e0d9-3a17-4f1edab78f89)

Running pipeline step: full for cat000010
Additional arguments: --cat cat000010 --enable-ed --condor-flavour longlunch

Loading TensorFlow (this may take a minute on first import)...
Loading model from: /eos/user/e/evilla/dune/sn-tps/neural_networks/mt_identifier/v10_100k_nov13/mt_identifier_simple_cnn_20251113_145400
Model loaded successfully
Quick test mode: Using cat000010
  Data: /eos/user/e/evilla/dune/sn-tps/data/cat000010_volume_images
  Output: results/pipeline_cat000001
======================================================================
DATA SELECTION PIPELINE - CAT000001
======================================================================
Data directory:    /eos/user/e/evilla/dune/sn-tps/data/cat000010_volume_images
Output directory:  results/pipeline_cat000001
Plane:             X
MT model:          /eos/user/e/evilla/dune/sn-tps/neural_networks/mt_identifier/v10_100k_nov13/mt_identifier_simple_cnn_20251113_145400
CT model:          /eos/user/e/evilla/dune/sn-tps/neural_networks/channel_tagging/v40_corrected_10k/20251114_225600/best_model.keras
ED model:          /eos/user/e/evilla/dune/sn-tps/neural_networks/electron_direction/single_plane_x_hyperopt_20251109_175041/best_model.keras
======================================================================

======================================================================
STEP 1: MT INFERENCE
======================================================================

=== Pipeline Job Finished ===
Exit code: 1
Date: Sun Nov 16 04:27:38 AM CET 2025
