000 (12912183.000.000) 11/16 04:41:28 Job submitted from host: <188.185.121.235:9618?addrs=188.185.121.235-9618+[2001-1458-d00-49--100-36e]-9618&alias=bigbird22.cern.ch&noUDP&sock=schedd_232129_c3ca>
...
040 (12912183.000.000) 11/16 04:42:11 Started transferring input files
	Transferring to host: <188.184.195.62:9618?addrs=188.184.195.62-9618+[2001-1458-301-72--100-36d]-9618&alias=b9g47n7532.cern.ch&noUDP&sock=slot1_1_19803_c13e_6725>
...
040 (12912183.000.000) 11/16 04:42:11 Finished transferring input files
...
001 (12912183.000.000) 11/16 04:42:12 Job executing on host: <188.184.195.62:9618?addrs=188.184.195.62-9618+[2001-1458-301-72--100-36d]-9618&alias=b9g47n7532.cern.ch&noUDP&sock=startd_19441_7cc9>
	SlotName: slot1_1@b9g47n7532.cern.ch
	AvailableGPUs = { GPUs_GPU_79da0196 }
	CondorScratchDir = "/pool/condor/dir_2642031"
	Cpus = 4
	Disk = 5243904
	GPUs = 1
	GPUs_GPU_79da0196 = [ Id = "GPU-79da0196"; ClockMhz = 1597.0; Capability = 7.0; CoresPerCU = 64; DeviceName = "Tesla V100S-PCIE-32GB"; DeviceUuid = "79da0196-c82c-8eb2-f434-a348c03e4cd8"; ECCEnabled = true; ComputeUnits = 80; DriverVersion = 13.0; DevicePciBusId = "0000:07:00.0"; GlobalMemoryMb = 32494; MaxSupportedVersion = 13000 ]
	Memory = 12000
...
006 (12912183.000.000) 11/16 04:42:26 Image size of job updated: 200164
	196  -  MemoryUsage of job (MB)
	200164  -  ResidentSetSize of job (KB)
...
006 (12912183.000.000) 11/16 04:46:31 Image size of job updated: 13428468
	196  -  MemoryUsage of job (MB)
	200360  -  ResidentSetSize of job (KB)
...
040 (12912183.000.000) 11/16 04:46:31 Started transferring output files
...
040 (12912183.000.000) 11/16 04:46:31 Finished transferring output files
...
005 (12912183.000.000) 11/16 04:46:31 Job terminated.
	(1) Normal termination (return value 0)
		Usr 0 00:02:46, Sys 0 00:00:47  -  Run Remote Usage
		Usr 0 00:00:00, Sys 0 00:00:00  -  Run Local Usage
		Usr 0 00:02:46, Sys 0 00:00:47  -  Total Remote Usage
		Usr 0 00:00:00, Sys 0 00:00:00  -  Total Local Usage
	44836  -  Run Bytes Sent By Job
	1268  -  Run Bytes Received By Job
	44836  -  Total Bytes Sent By Job
	1268  -  Total Bytes Received By Job
	Partitionable Resources :    Usage  Request Allocated Assigned
	   Cpus                 :        0        4         4 
	   Disk (KB)            :       69  5242880   5243904 
	   GPUs                 :                 1         1 "GPU-79da0196"
	   Memory (MB)          :      196    12000     12000 
	   TimeExecute (s)      :      259                    
	   TimeSlotBusy (s)     :      261                    

	Job terminated of its own accord at 2025-11-16T03:46:31Z with exit-code 0.
...
