000 (13791041.000.000) 11/19 16:27:48 Job submitted from host: <188.184.90.62:9618?addrs=188.184.90.62-9618+[2001-1458-201-e4--100-238]-9618&alias=bigbird16.cern.ch&noUDP&sock=schedd_5196_9a2f>
...
040 (13791041.000.000) 11/19 16:32:05 Started transferring input files
	Transferring to host: <188.185.190.70:9618?addrs=188.185.190.70-9618+[2001-1458-d03-b--100-d1]-9618&alias=b9pgpun035.cern.ch&noUDP&sock=slot1_1_263595_45f8_6658>
...
040 (13791041.000.000) 11/19 16:32:05 Finished transferring input files
...
001 (13791041.000.000) 11/19 16:32:06 Job executing on host: <188.185.190.70:9618?addrs=188.185.190.70-9618+[2001-1458-d03-b--100-d1]-9618&alias=b9pgpun035.cern.ch&noUDP&sock=startd_254377_0ad4>
	SlotName: slot1_1@b9pgpun035.cern.ch
	AvailableGPUs = { GPUs_MIG_c353432c_164b_5fe9_aa9c_d517e29055c9 }
	CondorScratchDir = "/pool/condor/dir_3604983"
	Cpus = 11
	Disk = 10486762
	GPUs = 1
	GPUs_MIG_c353432c_164b_5fe9_aa9c_d517e29055c9 = [ Id = "MIG-c353432c-164b-5fe9-aa9c-d517e29055c9"; DeviceName = "NVIDIA H100L-2-24C MIG 2g.24gb"; DeviceUuid = "MIG-c353432c-164b-5fe9-aa9c-d517e29055c9"; ComputeUnits = 32; GlobalMemoryMb = 21547 ]
	Memory = 33000
...
006 (13791041.000.000) 11/19 16:32:19 Image size of job updated: 40756
	40  -  MemoryUsage of job (MB)
	40756  -  ResidentSetSize of job (KB)
...
006 (13791041.000.000) 11/19 16:37:19 Image size of job updated: 36733808
	35767  -  MemoryUsage of job (MB)
	36625008  -  ResidentSetSize of job (KB)
...
006 (13791041.000.000) 11/19 16:40:33 Image size of job updated: 36838176
	35768  -  MemoryUsage of job (MB)
	36625748  -  ResidentSetSize of job (KB)
...
040 (13791041.000.000) 11/19 16:40:34 Started transferring output files
...
040 (13791041.000.000) 11/19 16:40:34 Finished transferring output files
...
005 (13791041.000.000) 11/19 16:40:34 Job terminated.
	(1) Normal termination (return value 0)
		Usr 0 00:01:26, Sys 0 00:01:12  -  Run Remote Usage
		Usr 0 00:00:00, Sys 0 00:00:00  -  Run Local Usage
		Usr 0 00:01:26, Sys 0 00:01:12  -  Total Remote Usage
		Usr 0 00:00:00, Sys 0 00:00:00  -  Total Local Usage
	12152  -  Run Bytes Sent By Job
	806  -  Run Bytes Received By Job
	12152  -  Total Bytes Sent By Job
	806  -  Total Bytes Received By Job
	Partitionable Resources :    Usage  Request Allocated Assigned
	   Cpus                 :        0       11        11 
	   Disk (KB)            :       43 10485760  10486762 
	   GPUs                 :                 1         1 "MIG-c353432c-164b-5fe9-aa9c-d517e29055c9"
	   Memory (MB)          :    35768    33000     33000 
	   TimeExecute (s)      :      507                    
	   TimeSlotBusy (s)     :      519                    

	Job terminated of its own accord at 2025-11-19T15:40:33Z with exit-code 0.
...
