000 (13791061.000.000) 11/19 17:31:22 Job submitted from host: <188.184.90.62:9618?addrs=188.184.90.62-9618+[2001-1458-201-e4--100-238]-9618&alias=bigbird16.cern.ch&noUDP&sock=schedd_5196_9a2f>
...
040 (13791061.000.000) 11/19 17:34:19 Started transferring input files
	Transferring to host: <188.185.190.49:9618?addrs=188.185.190.49-9618+[2001-1458-d03-b--100-10d]-9618&alias=b9pgpun208.cern.ch&noUDP&sock=slot1_1_3308_8900_3620>
...
040 (13791061.000.000) 11/19 17:34:19 Finished transferring input files
...
001 (13791061.000.000) 11/19 17:34:20 Job executing on host: <188.185.190.49:9618?addrs=188.185.190.49-9618+[2001-1458-d03-b--100-10d]-9618&alias=b9pgpun208.cern.ch&noUDP&sock=startd_2698_2e9b>
	SlotName: slot1_1@b9pgpun208.cern.ch
	AvailableGPUs = { GPUs_MIG_a77cf222_9084_530d_880f_b3b2419f0fc8 }
	CondorScratchDir = "/pool/condor/dir_144442"
	Cpus = 11
	Disk = 10487632
	GPUs = 1
	GPUs_MIG_a77cf222_9084_530d_880f_b3b2419f0fc8 = [ Id = "MIG-a77cf222-9084-530d-880f-b3b2419f0fc8"; DeviceName = "NVIDIA H100L-2-24C MIG 2g.24gb"; DeviceUuid = "MIG-a77cf222-9084-530d-880f-b3b2419f0fc8"; ComputeUnits = 32; GlobalMemoryMb = 21547 ]
	Memory = 33000
...
006 (13791061.000.000) 11/19 17:34:33 Image size of job updated: 1023844
	1000  -  MemoryUsage of job (MB)
	1023844  -  ResidentSetSize of job (KB)
...
006 (13791061.000.000) 11/19 17:39:33 Image size of job updated: 38188252
	36954  -  MemoryUsage of job (MB)
	37840020  -  ResidentSetSize of job (KB)
...
006 (13791061.000.000) 11/19 17:44:34 Image size of job updated: 38191656
	36954  -  MemoryUsage of job (MB)
	37840660  -  ResidentSetSize of job (KB)
...
040 (13791061.000.000) 11/19 17:44:48 Started transferring output files
...
040 (13791061.000.000) 11/19 17:44:48 Finished transferring output files
...
005 (13791061.000.000) 11/19 17:44:49 Job terminated.
	(1) Normal termination (return value 0)
		Usr 0 00:04:20, Sys 0 00:01:30  -  Run Remote Usage
		Usr 0 00:00:00, Sys 0 00:00:00  -  Run Local Usage
		Usr 0 00:04:20, Sys 0 00:01:30  -  Total Remote Usage
		Usr 0 00:00:00, Sys 0 00:00:00  -  Total Local Usage
	12279  -  Run Bytes Sent By Job
	806  -  Run Bytes Received By Job
	12279  -  Total Bytes Sent By Job
	806  -  Total Bytes Received By Job
	Partitionable Resources :    Usage  Request Allocated Assigned
	   Cpus                 :     0.62       11        11 
	   Disk (KB)            :    43    10485760  10487632 
	   GPUs                 :                 1         1 "MIG-a77cf222-9084-530d-880f-b3b2419f0fc8"
	   Memory (MB)          : 36954       33000     33000 
	   TimeExecute (s)      :   627                       
	   TimeSlotBusy (s)     :   629                       

	Job terminated of its own accord at 2025-11-19T16:44:47Z with exit-code 0.
...
