000 (13791099.000.000) 11/19 18:03:26 Job submitted from host: <188.184.90.62:9618?addrs=188.184.90.62-9618+[2001-1458-201-e4--100-238]-9618&alias=bigbird16.cern.ch&noUDP&sock=schedd_5196_9a2f>
...
040 (13791099.000.000) 11/19 18:04:50 Started transferring input files
	Transferring to host: <188.185.190.47:9618?addrs=188.185.190.47-9618+[2001-1458-d03-b--100-171]-9618&alias=b9pgpun038.cern.ch&noUDP&sock=slot1_1_242425_17db_6809>
...
040 (13791099.000.000) 11/19 18:04:50 Finished transferring input files
...
001 (13791099.000.000) 11/19 18:04:51 Job executing on host: <188.185.190.47:9618?addrs=188.185.190.47-9618+[2001-1458-d03-b--100-171]-9618&alias=b9pgpun038.cern.ch&noUDP&sock=startd_233249_fddd>
	SlotName: slot1_1@b9pgpun038.cern.ch
	AvailableGPUs = { GPUs_OCL0 }
	CondorScratchDir = "/pool/condor/dir_2416565"
	Cpus = 11
	Disk = 10486784
	GPUs = 1
	GPUs_OCL0 = [ Id = "OCL0"; ClockMhz = 1785; DeviceName = "NVIDIA H100L-2-24C MIG 2g.24gb"; ECCEnabled = true; ComputeUnits = 32; OpenCLVersion = 3.0; GlobalMemoryMb = 24363 ]
	Memory = 33000
...
006 (13791099.000.000) 11/19 18:05:04 Image size of job updated: 41092
	41  -  MemoryUsage of job (MB)
	41092  -  ResidentSetSize of job (KB)
...
006 (13791099.000.000) 11/19 18:10:04 Image size of job updated: 37031388
	35374  -  MemoryUsage of job (MB)
	36222916  -  ResidentSetSize of job (KB)
...
006 (13791099.000.000) 11/19 18:15:05 Image size of job updated: 37642548
	36408  -  MemoryUsage of job (MB)
	37281332  -  ResidentSetSize of job (KB)
...
006 (13791099.000.000) 11/19 18:20:06 Image size of job updated: 37642548
	36408  -  MemoryUsage of job (MB)
	37281748  -  ResidentSetSize of job (KB)
...
040 (13791099.000.000) 11/19 18:21:41 Started transferring output files
...
040 (13791099.000.000) 11/19 18:21:41 Finished transferring output files
...
005 (13791099.000.000) 11/19 18:21:41 Job terminated.
	(1) Normal termination (return value 0)
		Usr 0 00:04:35, Sys 0 00:02:32  -  Run Remote Usage
		Usr 0 00:00:00, Sys 0 00:00:00  -  Run Local Usage
		Usr 0 00:04:35, Sys 0 00:02:32  -  Total Remote Usage
		Usr 0 00:00:00, Sys 0 00:00:00  -  Total Local Usage
	11902  -  Run Bytes Sent By Job
	859  -  Run Bytes Received By Job
	11902  -  Total Bytes Sent By Job
	859  -  Total Bytes Received By Job
	Partitionable Resources :    Usage  Request Allocated Assigned
	   Cpus                 :     0.22       11        11 
	   Disk (KB)            :    42    10485760  10486784 
	   GPUs                 :                 1         1 "OCL0"
	   Memory (MB)          : 36408       33000     33000 
	   TimeExecute (s)      :  1010                       
	   TimeSlotBusy (s)     :  1011                       

	Job terminated of its own accord at 2025-11-19T17:21:41Z with exit-code 0.
...
