000 (9053417.032.000) 11/18 00:08:00 Job submitted from host: <188.185.8.79:9618?addrs=188.185.8.79-9618+[2001-1458-d00-63--100-23a]-9618&alias=bigbird26.cern.ch&noUDP&sock=schedd_3453776_a447>
...
040 (9053417.032.000) 11/18 00:39:07 Started transferring input files
	Transferring to host: <188.185.190.90:9618?addrs=188.185.190.90-9618+[2001-1458-d03-b--100-83]-9618&alias=b9pgpun210.cern.ch&noUDP&sock=slot1_1_3804_0314_2430>
...
040 (9053417.032.000) 11/18 00:39:07 Finished transferring input files
...
001 (9053417.032.000) 11/18 00:39:08 Job executing on host: <188.185.190.90:9618?addrs=188.185.190.90-9618+[2001-1458-d03-b--100-83]-9618&alias=b9pgpun210.cern.ch&noUDP&sock=startd_3405_2011>
	SlotName: slot1_1@b9pgpun210.cern.ch
	AvailableGPUs = { GPUs_MIG_9ae26843_9166_5960_9b04_48cdd4d0fb04 }
	CondorScratchDir = "/pool/condor/dir_1616515"
	Cpus = 3
	Disk = 2048
	GPUs = 1
	GPUs_MIG_9ae26843_9166_5960_9b04_48cdd4d0fb04 = [ Id = "MIG-9ae26843-9166-5960-9b04-48cdd4d0fb04"; DeviceName = "NVIDIA H100L-2-24C MIG 2g.24gb"; DeviceUuid = "MIG-9ae26843-9166-5960-9b04-48cdd4d0fb04"; ComputeUnits = 32; GlobalMemoryMb = 21547 ]
	Memory = 9000
...
006 (9053417.032.000) 11/18 00:39:21 Image size of job updated: 58816
	58  -  MemoryUsage of job (MB)
	58816  -  ResidentSetSize of job (KB)
...
006 (9053417.032.000) 11/18 00:44:21 Image size of job updated: 1679956
	1641  -  MemoryUsage of job (MB)
	1679956  -  ResidentSetSize of job (KB)
...
006 (9053417.032.000) 11/18 00:49:21 Image size of job updated: 1679964
	1641  -  MemoryUsage of job (MB)
	1679956  -  ResidentSetSize of job (KB)
...
006 (9053417.032.000) 11/18 00:54:23 Image size of job updated: 1723964
	1641  -  MemoryUsage of job (MB)
	1679956  -  ResidentSetSize of job (KB)
...
006 (9053417.032.000) 11/18 00:59:23 Image size of job updated: 1736624
	1641  -  MemoryUsage of job (MB)
	1679956  -  ResidentSetSize of job (KB)
...
006 (9053417.032.000) 11/18 01:01:54 Image size of job updated: 1916984
	1641  -  MemoryUsage of job (MB)
	1679956  -  ResidentSetSize of job (KB)
...
040 (9053417.032.000) 11/18 01:01:54 Started transferring output files
...
040 (9053417.032.000) 11/18 01:01:54 Finished transferring output files
...
005 (9053417.032.000) 11/18 01:01:54 Job terminated.
	(1) Normal termination (return value 0)
		Usr 0 00:17:19, Sys 0 00:00:47  -  Run Remote Usage
		Usr 0 00:00:00, Sys 0 00:00:00  -  Run Local Usage
		Usr 0 00:17:19, Sys 0 00:00:47  -  Total Remote Usage
		Usr 0 00:00:00, Sys 0 00:00:00  -  Total Local Usage
	51564  -  Run Bytes Sent By Job
	16366  -  Run Bytes Received By Job
	51564  -  Total Bytes Sent By Job
	16366  -  Total Bytes Received By Job
	Partitionable Resources :    Usage  Request Allocated Assigned
	   Cpus                 :     0.72        3         3 
	   Disk (KB)            :    90          17      2048 
	   GPUs                 :                 1         1 "MIG-9ae26843-9166-5960-9b04-48cdd4d0fb04"
	   Memory (MB)          :  1641        9000      9000 
	   TimeExecute (s)      :  1366                       
	   TimeSlotBusy (s)     :  1367                       

	Job terminated of its own accord at 2025-11-18T00:01:54Z with exit-code 0.
...
