000 (9053417.035.000) 11/18 00:08:00 Job submitted from host: <188.185.8.79:9618?addrs=188.185.8.79-9618+[2001-1458-d00-63--100-23a]-9618&alias=bigbird26.cern.ch&noUDP&sock=schedd_3453776_a447>
...
040 (9053417.035.000) 11/18 00:42:51 Started transferring input files
	Transferring to host: <188.185.190.99:9618?addrs=188.185.190.99-9618+[2001-1458-d03-b--100-8c]-9618&alias=b9pgpun030.cern.ch&noUDP&sock=slot1_1_257793_3d4c_5485>
...
040 (9053417.035.000) 11/18 00:42:51 Finished transferring input files
...
001 (9053417.035.000) 11/18 00:42:55 Job executing on host: <188.185.190.99:9618?addrs=188.185.190.99-9618+[2001-1458-d03-b--100-8c]-9618&alias=b9pgpun030.cern.ch&noUDP&sock=startd_253307_1c7e>
	SlotName: slot1_1@b9pgpun030.cern.ch
	AvailableGPUs = { GPUs_MIG_d4ac3753_c76f_51f7_81a7_569b1bfcb6e0 }
	CondorScratchDir = "/pool/condor/dir_4036572"
	Cpus = 3
	Disk = 2048
	GPUs = 1
	GPUs_MIG_d4ac3753_c76f_51f7_81a7_569b1bfcb6e0 = [ Id = "MIG-d4ac3753-c76f-51f7-81a7-569b1bfcb6e0"; DeviceName = "NVIDIA H100L-2-24C MIG 2g.24gb"; DeviceUuid = "MIG-d4ac3753-c76f-51f7-81a7-569b1bfcb6e0"; ComputeUnits = 32; GlobalMemoryMb = 21547 ]
	Memory = 9000
...
006 (9053417.035.000) 11/18 00:43:09 Image size of job updated: 59268
	58  -  MemoryUsage of job (MB)
	59268  -  ResidentSetSize of job (KB)
...
006 (9053417.035.000) 11/18 00:48:10 Image size of job updated: 1721432
	358  -  MemoryUsage of job (MB)
	366168  -  ResidentSetSize of job (KB)
...
006 (9053417.035.000) 11/18 00:58:11 Image size of job updated: 1721432
	902  -  MemoryUsage of job (MB)
	923192  -  ResidentSetSize of job (KB)
...
006 (9053417.035.000) 11/18 01:03:11 Image size of job updated: 1721432
	1628  -  MemoryUsage of job (MB)
	1666460  -  ResidentSetSize of job (KB)
...
040 (9053417.035.000) 11/18 01:03:26 Started transferring output files
...
040 (9053417.035.000) 11/18 01:03:26 Finished transferring output files
...
005 (9053417.035.000) 11/18 01:03:26 Job terminated.
	(1) Normal termination (return value 0)
		Usr 0 00:16:34, Sys 0 00:01:36  -  Run Remote Usage
		Usr 0 00:00:00, Sys 0 00:00:00  -  Run Local Usage
		Usr 0 00:16:34, Sys 0 00:01:36  -  Total Remote Usage
		Usr 0 00:00:00, Sys 0 00:00:00  -  Total Local Usage
	51105  -  Run Bytes Sent By Job
	16366  -  Run Bytes Received By Job
	51105  -  Total Bytes Sent By Job
	16366  -  Total Bytes Received By Job
	Partitionable Resources :    Usage  Request Allocated Assigned
	   Cpus                 :     0.99        3         3 
	   Disk (KB)            :    90          17      2048 
	   GPUs                 :                 1         1 "MIG-d4ac3753-c76f-51f7-81a7-569b1bfcb6e0"
	   Memory (MB)          :  1628        9000      9000 
	   TimeExecute (s)      :  1231                       
	   TimeSlotBusy (s)     :  1235                       

	Job terminated of its own accord at 2025-11-18T00:03:26Z with exit-code 0.
...
