000 (9053417.086.000) 11/18 00:08:00 Job submitted from host: <188.185.8.79:9618?addrs=188.185.8.79-9618+[2001-1458-d00-63--100-23a]-9618&alias=bigbird26.cern.ch&noUDP&sock=schedd_3453776_a447>
...
040 (9053417.086.000) 11/18 01:14:40 Started transferring input files
	Transferring to host: <188.185.92.49:9618?addrs=188.185.92.49-9618+[2001-1458-d00-6c--100-1fe]-9618&alias=b9g57n2594.cern.ch&noUDP&sock=slot1_1_17486_3800_7971>
...
040 (9053417.086.000) 11/18 01:14:40 Finished transferring input files
...
001 (9053417.086.000) 11/18 01:14:41 Job executing on host: <188.185.92.49:9618?addrs=188.185.92.49-9618+[2001-1458-d00-6c--100-1fe]-9618&alias=b9g57n2594.cern.ch&noUDP&sock=startd_16369_59d8>
	SlotName: slot1_1@b9g57n2594.cern.ch
	AvailableGPUs = { GPUs_GPU_f9650dc5 }
	CondorScratchDir = "/pool/condor/dir_434949"
	Cpus = 3
	Disk = 2041
	GPUs = 1
	GPUs_GPU_f9650dc5 = [ Id = "GPU-f9650dc5"; ClockMhz = 1410.0; Capability = 8.0; CoresPerCU = 64; DeviceName = "NVIDIA A100-PCIE-40GB"; DeviceUuid = "f9650dc5-3e28-19ee-e3e7-01f95cfb3164"; ECCEnabled = true; ComputeUnits = 108; DriverVersion = 13.0; DevicePciBusId = "0000:06:00.0"; GlobalMemoryMb = 40441; MaxSupportedVersion = 13000 ]
	Memory = 9000
...
006 (9053417.086.000) 11/18 01:14:54 Image size of job updated: 58832
	58  -  MemoryUsage of job (MB)
	58832  -  ResidentSetSize of job (KB)
...
006 (9053417.086.000) 11/18 01:19:54 Image size of job updated: 2313828
	2260  -  MemoryUsage of job (MB)
	2313828  -  ResidentSetSize of job (KB)
...
006 (9053417.086.000) 11/18 01:24:55 Image size of job updated: 2313836
	2260  -  MemoryUsage of job (MB)
	2313828  -  ResidentSetSize of job (KB)
...
006 (9053417.086.000) 11/18 01:29:56 Image size of job updated: 2540924
	2260  -  MemoryUsage of job (MB)
	2313828  -  ResidentSetSize of job (KB)
...
040 (9053417.086.000) 11/18 01:54:50 Started transferring output files
...
040 (9053417.086.000) 11/18 01:54:50 Finished transferring output files
...
005 (9053417.086.000) 11/18 01:54:50 Job terminated.
	(1) Normal termination (return value 0)
		Usr 0 00:32:18, Sys 0 00:05:17  -  Run Remote Usage
		Usr 0 00:00:00, Sys 0 00:00:00  -  Run Local Usage
		Usr 0 00:32:18, Sys 0 00:05:17  -  Total Remote Usage
		Usr 0 00:00:00, Sys 0 00:00:00  -  Total Local Usage
	52480  -  Run Bytes Sent By Job
	16366  -  Run Bytes Received By Job
	52480  -  Total Bytes Sent By Job
	16366  -  Total Bytes Received By Job
	Partitionable Resources :    Usage  Request Allocated Assigned
	   Cpus                 :     1.00        3         3 
	   Disk (KB)            :    93          17      2041 
	   GPUs                 :     0.00        1         1 "GPU-f9650dc5"
	   GpusMemory (MB)      : 39450                       
	   Memory (MB)          :  2260        9000      9000 
	   TimeExecute (s)      :  2409                       
	   TimeSlotBusy (s)     :  2410                       

	Job terminated of its own accord at 2025-11-18T00:54:50Z with exit-code 0.
...
