000 (9053417.047.000) 11/18 00:08:00 Job submitted from host: <188.185.8.79:9618?addrs=188.185.8.79-9618+[2001-1458-d00-63--100-23a]-9618&alias=bigbird26.cern.ch&noUDP&sock=schedd_3453776_a447>
...
040 (9053417.047.000) 11/18 00:56:41 Started transferring input files
	Transferring to host: <188.185.93.169:9618?addrs=188.185.93.169-9618+[2001-1458-d00-6c--100-19e]-9618&alias=b9g57n2934.cern.ch&noUDP&sock=slot1_1_20491_835a_7500>
...
040 (9053417.047.000) 11/18 00:56:41 Finished transferring input files
...
001 (9053417.047.000) 11/18 00:56:42 Job executing on host: <188.185.93.169:9618?addrs=188.185.93.169-9618+[2001-1458-d00-6c--100-19e]-9618&alias=b9g57n2934.cern.ch&noUDP&sock=startd_20444_7646>
	SlotName: slot1_1@b9g57n2934.cern.ch
	AvailableGPUs = { GPUs_GPU_1d17f189 }
	CondorScratchDir = "/pool/condor/dir_2416732"
	Cpus = 3
	Disk = 2048
	GPUs = 1
	GPUs_GPU_1d17f189 = [ Id = "GPU-1d17f189"; ClockMhz = 1410.0; Capability = 8.0; CoresPerCU = 64; DeviceName = "NVIDIA A100-PCIE-40GB"; DeviceUuid = "1d17f189-4819-0334-33fe-0cacfb19687c"; ECCEnabled = true; ComputeUnits = 108; DriverVersion = 13.0; DevicePciBusId = "0000:06:00.0"; GlobalMemoryMb = 40441; MaxSupportedVersion = 13000 ]
	Memory = 9000
...
006 (9053417.047.000) 11/18 00:56:55 Image size of job updated: 21604
	22  -  MemoryUsage of job (MB)
	21604  -  ResidentSetSize of job (KB)
...
006 (9053417.047.000) 11/18 01:01:55 Image size of job updated: 2569620
	2292  -  MemoryUsage of job (MB)
	2346872  -  ResidentSetSize of job (KB)
...
006 (9053417.047.000) 11/18 01:26:58 Image size of job updated: 2569620
	2296  -  MemoryUsage of job (MB)
	2351072  -  ResidentSetSize of job (KB)
...
040 (9053417.047.000) 11/18 01:37:03 Started transferring output files
...
040 (9053417.047.000) 11/18 01:37:03 Finished transferring output files
...
005 (9053417.047.000) 11/18 01:37:03 Job terminated.
	(1) Normal termination (return value 0)
		Usr 0 00:31:06, Sys 0 00:05:29  -  Run Remote Usage
		Usr 0 00:00:00, Sys 0 00:00:00  -  Run Local Usage
		Usr 0 00:31:06, Sys 0 00:05:29  -  Total Remote Usage
		Usr 0 00:00:00, Sys 0 00:00:00  -  Total Local Usage
	53036  -  Run Bytes Sent By Job
	16366  -  Run Bytes Received By Job
	53036  -  Total Bytes Sent By Job
	16366  -  Total Bytes Received By Job
	Partitionable Resources :    Usage  Request Allocated Assigned
	   Cpus                 :     0.66        3         3 
	   Disk (KB)            :    92          17      2048 
	   GPUs                 :     0.00        1         1 "GPU-1d17f189"
	   GpusMemory (MB)      : 39450                       
	   Memory (MB)          :  2296        9000      9000 
	   TimeExecute (s)      :  2421                       
	   TimeSlotBusy (s)     :  2422                       

	Job terminated of its own accord at 2025-11-18T00:37:03Z with exit-code 0.
...
