000 (9053417.004.000) 11/18 00:08:00 Job submitted from host: <188.185.8.79:9618?addrs=188.185.8.79-9618+[2001-1458-d00-63--100-23a]-9618&alias=bigbird26.cern.ch&noUDP&sock=schedd_3453776_a447>
...
040 (9053417.004.000) 11/18 00:08:10 Started transferring input files
	Transferring to host: <188.185.190.102:9618?addrs=188.185.190.102-9618+[2001-1458-d03-b--100-2ca]-9618&alias=b9pgpun101.cern.ch&noUDP&sock=slot1_1_256277_148e_4779>
...
040 (9053417.004.000) 11/18 00:08:10 Finished transferring input files
...
001 (9053417.004.000) 11/18 00:08:11 Job executing on host: <188.185.190.102:9618?addrs=188.185.190.102-9618+[2001-1458-d03-b--100-2ca]-9618&alias=b9pgpun101.cern.ch&noUDP&sock=startd_236364_9f60>
	SlotName: slot1_1@b9pgpun101.cern.ch
	AvailableGPUs = { GPUs_MIG_8b3dd414_f1d0_5e9f_ac91_7095c232a71a }
	CondorScratchDir = "/pool/condor/dir_1692588"
	Cpus = 3
	Disk = 2048
	GPUs = 1
	GPUs_MIG_8b3dd414_f1d0_5e9f_ac91_7095c232a71a = [ Id = "MIG-8b3dd414-f1d0-5e9f-ac91-7095c232a71a"; DeviceName = "NVIDIA H100L-1-12C MIG 1g.12gb"; DeviceUuid = "MIG-8b3dd414-f1d0-5e9f-ac91-7095c232a71a"; ComputeUnits = 16; GlobalMemoryMb = 10564 ]
	Memory = 9000
...
006 (9053417.004.000) 11/18 00:08:24 Image size of job updated: 59216
	58  -  MemoryUsage of job (MB)
	59216  -  ResidentSetSize of job (KB)
...
006 (9053417.004.000) 11/18 00:13:24 Image size of job updated: 59292
	58  -  MemoryUsage of job (MB)
	59292  -  ResidentSetSize of job (KB)
...
006 (9053417.004.000) 11/18 00:18:25 Image size of job updated: 242752
	238  -  MemoryUsage of job (MB)
	242752  -  ResidentSetSize of job (KB)
...
006 (9053417.004.000) 11/18 00:23:26 Image size of job updated: 695004
	679  -  MemoryUsage of job (MB)
	695004  -  ResidentSetSize of job (KB)
...
006 (9053417.004.000) 11/18 00:28:26 Image size of job updated: 948216
	926  -  MemoryUsage of job (MB)
	948216  -  ResidentSetSize of job (KB)
...
006 (9053417.004.000) 11/18 00:33:27 Image size of job updated: 994708
	972  -  MemoryUsage of job (MB)
	994708  -  ResidentSetSize of job (KB)
...
006 (9053417.004.000) 11/18 00:38:28 Image size of job updated: 1353044
	1260  -  MemoryUsage of job (MB)
	1289228  -  ResidentSetSize of job (KB)
...
006 (9053417.004.000) 11/18 00:43:28 Image size of job updated: 1571160
	1260  -  MemoryUsage of job (MB)
	1289228  -  ResidentSetSize of job (KB)
...
006 (9053417.004.000) 11/18 00:48:28 Image size of job updated: 1653092
	1260  -  MemoryUsage of job (MB)
	1289228  -  ResidentSetSize of job (KB)
...
006 (9053417.004.000) 11/18 00:53:29 Image size of job updated: 1698596
	1260  -  MemoryUsage of job (MB)
	1289228  -  ResidentSetSize of job (KB)
...
040 (9053417.004.000) 11/18 00:58:08 Started transferring output files
...
040 (9053417.004.000) 11/18 00:58:08 Finished transferring output files
...
005 (9053417.004.000) 11/18 00:58:08 Job terminated.
	(1) Normal termination (return value 0)
		Usr 0 00:16:53, Sys 0 00:00:58  -  Run Remote Usage
		Usr 0 00:00:00, Sys 0 00:00:00  -  Run Local Usage
		Usr 0 00:16:53, Sys 0 00:00:58  -  Total Remote Usage
		Usr 0 00:00:00, Sys 0 00:00:00  -  Total Local Usage
	54221  -  Run Bytes Sent By Job
	16366  -  Run Bytes Received By Job
	54221  -  Total Bytes Sent By Job
	16366  -  Total Bytes Received By Job
	Partitionable Resources :    Usage  Request Allocated Assigned
	   Cpus                 :     0.99        3         3 
	   Disk (KB)            :    93          17      2048 
	   GPUs                 :                 1         1 "MIG-8b3dd414-f1d0-5e9f-ac91-7095c232a71a"
	   Memory (MB)          :  1260        9000      9000 
	   TimeExecute (s)      :  2997                       
	   TimeSlotBusy (s)     :  2998                       

	Job terminated of its own accord at 2025-11-17T23:58:08Z with exit-code 0.
...
