000 (9053417.111.000) 11/18 00:08:00 Job submitted from host: <188.185.8.79:9618?addrs=188.185.8.79-9618+[2001-1458-d00-63--100-23a]-9618&alias=bigbird26.cern.ch&noUDP&sock=schedd_3453776_a447>
...
040 (9053417.111.000) 11/18 01:26:51 Started transferring input files
	Transferring to host: <188.185.190.45:9618?addrs=188.185.190.45-9618+[2001-1458-d03-b--100-3]-9618&alias=b9pgpun039.cern.ch&noUDP&sock=slot1_1_9018_bf28_744>
...
040 (9053417.111.000) 11/18 01:26:51 Finished transferring input files
...
001 (9053417.111.000) 11/18 01:26:52 Job executing on host: <188.185.190.45:9618?addrs=188.185.190.45-9618+[2001-1458-d03-b--100-3]-9618&alias=b9pgpun039.cern.ch&noUDP&sock=startd_8971_f034>
	SlotName: slot1_1@b9pgpun039.cern.ch
	AvailableGPUs = { GPUs_MIG_c4c8740b_3bd8_539e_820b_5c5c83032322 }
	CondorScratchDir = "/pool/condor/dir_2116952"
	Cpus = 3
	Disk = 2049
	GPUs = 1
	GPUs_MIG_c4c8740b_3bd8_539e_820b_5c5c83032322 = [ Id = "MIG-c4c8740b-3bd8-539e-820b-5c5c83032322"; DeviceName = "NVIDIA H100L-2-24C MIG 2g.24gb"; DeviceUuid = "MIG-c4c8740b-3bd8-539e-820b-5c5c83032322"; ComputeUnits = 32; GlobalMemoryMb = 21547 ]
	Memory = 9000
...
006 (9053417.111.000) 11/18 01:27:05 Image size of job updated: 55196
	54  -  MemoryUsage of job (MB)
	55196  -  ResidentSetSize of job (KB)
...
006 (9053417.111.000) 11/18 01:32:05 Image size of job updated: 1891236
	379  -  MemoryUsage of job (MB)
	387600  -  ResidentSetSize of job (KB)
...
006 (9053417.111.000) 11/18 01:37:06 Image size of job updated: 2016044
	1667  -  MemoryUsage of job (MB)
	1706740  -  ResidentSetSize of job (KB)
...
040 (9053417.111.000) 11/18 01:45:23 Started transferring output files
...
040 (9053417.111.000) 11/18 01:45:23 Finished transferring output files
...
005 (9053417.111.000) 11/18 01:45:23 Job terminated.
	(1) Normal termination (return value 0)
		Usr 0 00:16:00, Sys 0 00:00:44  -  Run Remote Usage
		Usr 0 00:00:00, Sys 0 00:00:00  -  Run Local Usage
		Usr 0 00:16:00, Sys 0 00:00:44  -  Total Remote Usage
		Usr 0 00:00:00, Sys 0 00:00:00  -  Total Local Usage
	51579  -  Run Bytes Sent By Job
	16366  -  Run Bytes Received By Job
	51579  -  Total Bytes Sent By Job
	16366  -  Total Bytes Received By Job
	Partitionable Resources :    Usage  Request Allocated Assigned
	   Cpus                 :     1.00        3         3 
	   Disk (KB)            :    91          17      2049 
	   GPUs                 :                 1         1 "MIG-c4c8740b-3bd8-539e-820b-5c5c83032322"
	   Memory (MB)          :  1667        9000      9000 
	   TimeExecute (s)      :  1111                       
	   TimeSlotBusy (s)     :  1112                       

	Job terminated of its own accord at 2025-11-18T00:45:23Z with exit-code 0.
...
