000 (9053417.107.000) 11/18 00:08:00 Job submitted from host: <188.185.8.79:9618?addrs=188.185.8.79-9618+[2001-1458-d00-63--100-23a]-9618&alias=bigbird26.cern.ch&noUDP&sock=schedd_3453776_a447>
...
040 (9053417.107.000) 11/18 01:24:48 Started transferring input files
	Transferring to host: <188.185.238.10:9618?addrs=188.185.238.10-9618+[2001-1458-303-28--100-6]-9618&alias=b9pgpun002.cern.ch&noUDP&sock=slot1_2_1939520_0c0f_139>
...
040 (9053417.107.000) 11/18 01:24:48 Finished transferring input files
...
001 (9053417.107.000) 11/18 01:24:49 Job executing on host: <188.185.238.10:9618?addrs=188.185.238.10-9618+[2001-1458-303-28--100-6]-9618&alias=b9pgpun002.cern.ch&noUDP&sock=startd_1939478_2ae8>
	SlotName: slot1_2@b9pgpun002.cern.ch
	AvailableGPUs = { GPUs_GPU_195dba93 }
	CondorScratchDir = "/pool/condor/dir_2273412"
	Cpus = 3
	Disk = 7236
	GPUs = 1
	GPUs_GPU_195dba93 = [ Id = "GPU-195dba93"; ClockMhz = 1785.0; Capability = 9.0; CoresPerCU = 128; DeviceName = "NVIDIA H100 NVL"; DeviceUuid = "195dba93-e951-b119-dea3-1f3b18bdda48"; ECCEnabled = true; ComputeUnits = 132; DriverVersion = 13.0; DevicePciBusId = "0000:3B:00.0"; GlobalMemoryMb = 95320; MaxSupportedVersion = 13000 ]
	Memory = 9000
...
006 (9053417.107.000) 11/18 01:25:02 Image size of job updated: 232348
	227  -  MemoryUsage of job (MB)
	232348  -  ResidentSetSize of job (KB)
...
006 (9053417.107.000) 11/18 01:30:02 Image size of job updated: 4194484
	4050  -  MemoryUsage of job (MB)
	4146284  -  ResidentSetSize of job (KB)
...
006 (9053417.107.000) 11/18 01:39:54 Image size of job updated: 4359024
	4050  -  MemoryUsage of job (MB)
	4146284  -  ResidentSetSize of job (KB)
...
040 (9053417.107.000) 11/18 01:39:54 Started transferring output files
...
040 (9053417.107.000) 11/18 01:39:54 Finished transferring output files
...
005 (9053417.107.000) 11/18 01:39:54 Job terminated.
	(1) Normal termination (return value 0)
		Usr 0 00:12:51, Sys 0 00:00:42  -  Run Remote Usage
		Usr 0 00:00:00, Sys 0 00:00:00  -  Run Local Usage
		Usr 0 00:12:51, Sys 0 00:00:42  -  Total Remote Usage
		Usr 0 00:00:00, Sys 0 00:00:00  -  Total Local Usage
	51496  -  Run Bytes Sent By Job
	16366  -  Run Bytes Received By Job
	51496  -  Total Bytes Sent By Job
	16366  -  Total Bytes Received By Job
	Partitionable Resources :    Usage  Request Allocated Assigned
	   Cpus                 :     1.00        3         3 
	   Disk (KB)            :    91          17      7236 
	   GPUs                 :     0.00        1         1 "GPU-195dba93"
	   GpusMemory (MB)      : 94178                       
	   Memory (MB)          :  4050        9000      9000 
	   TimeExecute (s)      :   905                       
	   TimeSlotBusy (s)     :   906                       

	Job terminated of its own accord at 2025-11-18T00:39:54Z with exit-code 0.
...
