000 (9053417.064.000) 11/18 00:08:00 Job submitted from host: <188.185.8.79:9618?addrs=188.185.8.79-9618+[2001-1458-d00-63--100-23a]-9618&alias=bigbird26.cern.ch&noUDP&sock=schedd_3453776_a447>
...
040 (9053417.064.000) 11/18 01:00:15 Started transferring input files
	Transferring to host: <188.185.238.12:9618?addrs=188.185.238.12-9618+[2001-1458-303-28--100-8]-9618&alias=b9pgpun001.cern.ch&noUDP&sock=slot1_2_17145_f412_8895>
...
040 (9053417.064.000) 11/18 01:00:15 Finished transferring input files
...
001 (9053417.064.000) 11/18 01:00:16 Job executing on host: <188.185.238.12:9618?addrs=188.185.238.12-9618+[2001-1458-303-28--100-8]-9618&alias=b9pgpun001.cern.ch&noUDP&sock=startd_16419_a594>
	SlotName: slot1_2@b9pgpun001.cern.ch
	AvailableGPUs = { GPUs_GPU_8b6364bc }
	CondorScratchDir = "/pool/condor/dir_2321926"
	Cpus = 3
	Disk = 7205
	GPUs = 1
	GPUs_GPU_8b6364bc = [ Id = "GPU-8b6364bc"; ClockMhz = 1785.0; Capability = 9.0; CoresPerCU = 128; DeviceName = "NVIDIA H100 NVL"; DeviceUuid = "8b6364bc-045c-d99d-b867-6ceb39f9bcba"; ECCEnabled = true; ComputeUnits = 132; DriverVersion = 13.0; DevicePciBusId = "0000:3B:00.0"; GlobalMemoryMb = 95320; MaxSupportedVersion = 13000 ]
	Memory = 9000
...
006 (9053417.064.000) 11/18 01:00:29 Image size of job updated: 120900
	119  -  MemoryUsage of job (MB)
	120900  -  ResidentSetSize of job (KB)
...
006 (9053417.064.000) 11/18 01:05:29 Image size of job updated: 4212028
	4114  -  MemoryUsage of job (MB)
	4212028  -  ResidentSetSize of job (KB)
...
006 (9053417.064.000) 11/18 01:09:22 Image size of job updated: 4672260
	4114  -  MemoryUsage of job (MB)
	4212028  -  ResidentSetSize of job (KB)
...
040 (9053417.064.000) 11/18 01:09:22 Started transferring output files
...
040 (9053417.064.000) 11/18 01:09:23 Finished transferring output files
...
005 (9053417.064.000) 11/18 01:09:25 Job terminated.
	(1) Normal termination (return value 0)
		Usr 0 00:07:48, Sys 0 00:00:25  -  Run Remote Usage
		Usr 0 00:00:00, Sys 0 00:00:00  -  Run Local Usage
		Usr 0 00:07:48, Sys 0 00:00:25  -  Total Remote Usage
		Usr 0 00:00:00, Sys 0 00:00:00  -  Total Local Usage
	36096  -  Run Bytes Sent By Job
	16366  -  Run Bytes Received By Job
	36096  -  Total Bytes Sent By Job
	16366  -  Total Bytes Received By Job
	Partitionable Resources :    Usage  Request Allocated Assigned
	   Cpus                 :        0        3         3 
	   Disk (KB)            :       77       17      7205 
	   GPUs                 :        0        1         1 "GPU-8b6364bc"
	   Memory (MB)          :     4114     9000      9000 
	   TimeExecute (s)      :      546                    
	   TimeSlotBusy (s)     :      549                    

	Job terminated of its own accord at 2025-11-18T00:09:22Z with exit-code 0.
...
