000 (9053417.051.000) 11/18 00:08:00 Job submitted from host: <188.185.8.79:9618?addrs=188.185.8.79-9618+[2001-1458-d00-63--100-23a]-9618&alias=bigbird26.cern.ch&noUDP&sock=schedd_3453776_a447>
...
040 (9053417.051.000) 11/18 00:56:53 Started transferring input files
	Transferring to host: <188.185.92.156:9618?addrs=188.185.92.156-9618+[2001-1458-d00-6c--100-10]-9618&alias=b9g57n5454.cern.ch&noUDP&sock=slot1_1_17749_86ab_7495>
...
040 (9053417.051.000) 11/18 00:56:53 Finished transferring input files
...
001 (9053417.051.000) 11/18 00:56:54 Job executing on host: <188.185.92.156:9618?addrs=188.185.92.156-9618+[2001-1458-d00-6c--100-10]-9618&alias=b9g57n5454.cern.ch&noUDP&sock=startd_17014_c46e>
	SlotName: slot1_1@b9g57n5454.cern.ch
	AvailableGPUs = { GPUs_GPU_d2642622 }
	CondorScratchDir = "/pool/condor/dir_2454906"
	Cpus = 3
	Disk = 2048
	GPUs = 1
	GPUs_GPU_d2642622 = [ Id = "GPU-d2642622"; ClockMhz = 1410.0; Capability = 8.0; CoresPerCU = 64; DeviceName = "NVIDIA A100-PCIE-40GB"; DeviceUuid = "d2642622-6ee9-8711-70c1-34935a235a2a"; ECCEnabled = true; ComputeUnits = 108; DriverVersion = 13.0; DevicePciBusId = "0000:06:00.0"; GlobalMemoryMb = 40441; MaxSupportedVersion = 13000 ]
	Memory = 9000
...
006 (9053417.051.000) 11/18 00:57:08 Image size of job updated: 21884
	22  -  MemoryUsage of job (MB)
	21884  -  ResidentSetSize of job (KB)
...
006 (9053417.051.000) 11/18 01:02:09 Image size of job updated: 2206492
	2155  -  MemoryUsage of job (MB)
	2206492  -  ResidentSetSize of job (KB)
...
006 (9053417.051.000) 11/18 01:07:10 Image size of job updated: 2206500
	2155  -  MemoryUsage of job (MB)
	2206492  -  ResidentSetSize of job (KB)
...
006 (9053417.051.000) 11/18 01:12:10 Image size of job updated: 2565984
	2199  -  MemoryUsage of job (MB)
	2251144  -  ResidentSetSize of job (KB)
...
006 (9053417.051.000) 11/18 01:17:11 Image size of job updated: 2565984
	2228  -  MemoryUsage of job (MB)
	2281128  -  ResidentSetSize of job (KB)
...
006 (9053417.051.000) 11/18 01:36:12 Image size of job updated: 2566600
	2228  -  MemoryUsage of job (MB)
	2281128  -  ResidentSetSize of job (KB)
...
040 (9053417.051.000) 11/18 01:36:12 Started transferring output files
...
040 (9053417.051.000) 11/18 01:36:12 Finished transferring output files
...
005 (9053417.051.000) 11/18 01:36:12 Job terminated.
	(1) Normal termination (return value 0)
		Usr 0 00:30:49, Sys 0 00:05:09  -  Run Remote Usage
		Usr 0 00:00:00, Sys 0 00:00:00  -  Run Local Usage
		Usr 0 00:30:49, Sys 0 00:05:09  -  Total Remote Usage
		Usr 0 00:00:00, Sys 0 00:00:00  -  Total Local Usage
	52492  -  Run Bytes Sent By Job
	16366  -  Run Bytes Received By Job
	52492  -  Total Bytes Sent By Job
	16366  -  Total Bytes Received By Job
	Partitionable Resources :    Usage  Request Allocated Assigned
	   Cpus                 :     1.00        3         3 
	   Disk (KB)            :    92          17      2048 
	   GPUs                 :     0.00        1         1 "GPU-d2642622"
	   GpusMemory (MB)      : 39450                       
	   Memory (MB)          :  2228        9000      9000 
	   TimeExecute (s)      :  2358                       
	   TimeSlotBusy (s)     :  2359                       

	Job terminated of its own accord at 2025-11-18T00:36:12Z with exit-code 0.
...
