000 (9053417.065.000) 11/18 00:08:00 Job submitted from host: <188.185.8.79:9618?addrs=188.185.8.79-9618+[2001-1458-d00-63--100-23a]-9618&alias=bigbird26.cern.ch&noUDP&sock=schedd_3453776_a447>
...
040 (9053417.065.000) 11/18 01:01:39 Started transferring input files
	Transferring to host: <188.185.190.49:9618?addrs=188.185.190.49-9618+[2001-1458-d03-b--100-10d]-9618&alias=b9pgpun208.cern.ch&noUDP&sock=slot1_1_3308_8900_2433>
...
040 (9053417.065.000) 11/18 01:01:39 Finished transferring input files
...
001 (9053417.065.000) 11/18 01:01:40 Job executing on host: <188.185.190.49:9618?addrs=188.185.190.49-9618+[2001-1458-d03-b--100-10d]-9618&alias=b9pgpun208.cern.ch&noUDP&sock=startd_2698_2e9b>
	SlotName: slot1_1@b9pgpun208.cern.ch
	AvailableGPUs = { GPUs_MIG_a77cf222_9084_530d_880f_b3b2419f0fc8 }
	CondorScratchDir = "/pool/condor/dir_992559"
	Cpus = 3
	Disk = 2031
	GPUs = 1
	GPUs_MIG_a77cf222_9084_530d_880f_b3b2419f0fc8 = [ Id = "MIG-a77cf222-9084-530d-880f-b3b2419f0fc8"; DeviceName = "NVIDIA H100L-2-24C MIG 2g.24gb"; DeviceUuid = "MIG-a77cf222-9084-530d-880f-b3b2419f0fc8"; ComputeUnits = 32; GlobalMemoryMb = 21547 ]
	Memory = 9000
...
006 (9053417.065.000) 11/18 01:01:53 Image size of job updated: 58888
	58  -  MemoryUsage of job (MB)
	58888  -  ResidentSetSize of job (KB)
...
006 (9053417.065.000) 11/18 01:06:53 Image size of job updated: 1678168
	356  -  MemoryUsage of job (MB)
	364516  -  ResidentSetSize of job (KB)
...
006 (9053417.065.000) 11/18 01:11:54 Image size of job updated: 1678168
	1617  -  MemoryUsage of job (MB)
	1655080  -  ResidentSetSize of job (KB)
...
006 (9053417.065.000) 11/18 01:16:55 Image size of job updated: 1724268
	1684  -  MemoryUsage of job (MB)
	1724268  -  ResidentSetSize of job (KB)
...
006 (9053417.065.000) 11/18 01:21:06 Image size of job updated: 2253760
	1684  -  MemoryUsage of job (MB)
	1724268  -  ResidentSetSize of job (KB)
...
040 (9053417.065.000) 11/18 01:21:06 Started transferring output files
...
040 (9053417.065.000) 11/18 01:21:06 Finished transferring output files
...
005 (9053417.065.000) 11/18 01:21:06 Job terminated.
	(1) Normal termination (return value 0)
		Usr 0 00:16:56, Sys 0 00:00:42  -  Run Remote Usage
		Usr 0 00:00:00, Sys 0 00:00:00  -  Run Local Usage
		Usr 0 00:16:56, Sys 0 00:00:42  -  Total Remote Usage
		Usr 0 00:00:00, Sys 0 00:00:00  -  Total Local Usage
	51568  -  Run Bytes Sent By Job
	16366  -  Run Bytes Received By Job
	51568  -  Total Bytes Sent By Job
	16366  -  Total Bytes Received By Job
	Partitionable Resources :    Usage  Request Allocated Assigned
	   Cpus                 :     0.12        3         3 
	   Disk (KB)            :    91          17      2031 
	   GPUs                 :                 1         1 "MIG-a77cf222-9084-530d-880f-b3b2419f0fc8"
	   Memory (MB)          :  1684        9000      9000 
	   TimeExecute (s)      :  1166                       
	   TimeSlotBusy (s)     :  1167                       

	Job terminated of its own accord at 2025-11-18T00:21:06Z with exit-code 0.
...
