000 (9053417.007.000) 11/18 00:08:00 Job submitted from host: <188.185.8.79:9618?addrs=188.185.8.79-9618+[2001-1458-d00-63--100-23a]-9618&alias=bigbird26.cern.ch&noUDP&sock=schedd_3453776_a447>
...
040 (9053417.007.000) 11/18 00:08:11 Started transferring input files
	Transferring to host: <188.184.195.24:9618?addrs=188.184.195.24-9618+[2001-1458-301-72--100-1fb]-9618&alias=b9g47n2453.cern.ch&noUDP&sock=slot1_2_14481_eca6_7524>
...
040 (9053417.007.000) 11/18 00:08:11 Finished transferring input files
...
001 (9053417.007.000) 11/18 00:08:12 Job executing on host: <188.184.195.24:9618?addrs=188.184.195.24-9618+[2001-1458-301-72--100-1fb]-9618&alias=b9g47n2453.cern.ch&noUDP&sock=startd_13914_6cd7>
	SlotName: slot1_2@b9g47n2453.cern.ch
	AvailableGPUs = { GPUs_GPU_6b601e6e }
	CondorScratchDir = "/pool/condor/dir_1252518"
	Cpus = 3
	Disk = 2048
	GPUs = 1
	GPUs_GPU_6b601e6e = [ Id = "GPU-6b601e6e"; ClockMhz = 1590.0; Capability = 7.5; CoresPerCU = 64; DeviceName = "Tesla T4"; DeviceUuid = "6b601e6e-7e29-a9d9-068f-792579d884bc"; ECCEnabled = true; ComputeUnits = 40; DriverVersion = 13.0; DevicePciBusId = "0000:07:00.0"; GlobalMemoryMb = 14913; MaxSupportedVersion = 13000 ]
	Memory = 9000
...
006 (9053417.007.000) 11/18 00:08:25 Image size of job updated: 20240
	20  -  MemoryUsage of job (MB)
	20240  -  ResidentSetSize of job (KB)
...
006 (9053417.007.000) 11/18 00:13:25 Image size of job updated: 58860
	58  -  MemoryUsage of job (MB)
	58860  -  ResidentSetSize of job (KB)
...
006 (9053417.007.000) 11/18 00:18:26 Image size of job updated: 58896
	58  -  MemoryUsage of job (MB)
	58896  -  ResidentSetSize of job (KB)
...
006 (9053417.007.000) 11/18 00:23:27 Image size of job updated: 700312
	673  -  MemoryUsage of job (MB)
	688544  -  ResidentSetSize of job (KB)
...
006 (9053417.007.000) 11/18 00:28:27 Image size of job updated: 939272
	918  -  MemoryUsage of job (MB)
	939272  -  ResidentSetSize of job (KB)
...
006 (9053417.007.000) 11/18 00:33:28 Image size of job updated: 953852
	918  -  MemoryUsage of job (MB)
	939272  -  ResidentSetSize of job (KB)
...
006 (9053417.007.000) 11/18 00:38:29 Image size of job updated: 1752880
	1235  -  MemoryUsage of job (MB)
	1264436  -  ResidentSetSize of job (KB)
...
006 (9053417.007.000) 11/18 00:48:30 Image size of job updated: 1752880
	1284  -  MemoryUsage of job (MB)
	1314008  -  ResidentSetSize of job (KB)
...
006 (9053417.007.000) 11/18 00:58:31 Image size of job updated: 1758100
	1295  -  MemoryUsage of job (MB)
	1325820  -  ResidentSetSize of job (KB)
...
006 (9053417.007.000) 11/18 01:03:31 Image size of job updated: 1890204
	1295  -  MemoryUsage of job (MB)
	1325820  -  ResidentSetSize of job (KB)
...
006 (9053417.007.000) 11/18 01:18:32 Image size of job updated: 1890204
	1319  -  MemoryUsage of job (MB)
	1350352  -  ResidentSetSize of job (KB)
...
040 (9053417.007.000) 11/18 01:21:55 Started transferring output files
...
040 (9053417.007.000) 11/18 01:21:55 Finished transferring output files
...
005 (9053417.007.000) 11/18 01:21:55 Job terminated.
	(1) Normal termination (return value 0)
		Usr 0 00:43:33, Sys 0 00:01:30  -  Run Remote Usage
		Usr 0 00:00:00, Sys 0 00:00:00  -  Run Local Usage
		Usr 0 00:43:33, Sys 0 00:01:30  -  Total Remote Usage
		Usr 0 00:00:00, Sys 0 00:00:00  -  Total Local Usage
	50406  -  Run Bytes Sent By Job
	16366  -  Run Bytes Received By Job
	50406  -  Total Bytes Sent By Job
	16366  -  Total Bytes Received By Job
	Partitionable Resources :    Usage  Request Allocated Assigned
	   Cpus                 :     0.99        3         3 
	   Disk (KB)            :    90          17      2048 
	   GPUs                 :     0.00        1         1 "GPU-6b601e6e"
	   GpusMemory (MB)      : 14333                       
	   Memory (MB)          :  1319        9000      9000 
	   TimeExecute (s)      :  4423                       
	   TimeSlotBusy (s)     :  4424                       

	Job terminated of its own accord at 2025-11-18T00:21:55Z with exit-code 0.
...
