000 (9053417.070.000) 11/18 00:08:00 Job submitted from host: <188.185.8.79:9618?addrs=188.185.8.79-9618+[2001-1458-d00-63--100-23a]-9618&alias=bigbird26.cern.ch&noUDP&sock=schedd_3453776_a447>
...
040 (9053417.070.000) 11/18 01:07:43 Started transferring input files
	Transferring to host: <188.185.190.70:9618?addrs=188.185.190.70-9618+[2001-1458-d03-b--100-d1]-9618&alias=b9pgpun035.cern.ch&noUDP&sock=slot1_1_263595_45f8_5504>
...
040 (9053417.070.000) 11/18 01:07:43 Finished transferring input files
...
001 (9053417.070.000) 11/18 01:07:44 Job executing on host: <188.185.190.70:9618?addrs=188.185.190.70-9618+[2001-1458-d03-b--100-d1]-9618&alias=b9pgpun035.cern.ch&noUDP&sock=startd_254377_0ad4>
	SlotName: slot1_1@b9pgpun035.cern.ch
	AvailableGPUs = { GPUs_MIG_c353432c_164b_5fe9_aa9c_d517e29055c9 }
	CondorScratchDir = "/pool/condor/dir_61910"
	Cpus = 3
	Disk = 2039
	GPUs = 1
	GPUs_MIG_c353432c_164b_5fe9_aa9c_d517e29055c9 = [ Id = "MIG-c353432c-164b-5fe9-aa9c-d517e29055c9"; DeviceName = "NVIDIA H100L-2-24C MIG 2g.24gb"; DeviceUuid = "MIG-c353432c-164b-5fe9-aa9c-d517e29055c9"; ComputeUnits = 32; GlobalMemoryMb = 21547 ]
	Memory = 9000
...
006 (9053417.070.000) 11/18 01:07:58 Image size of job updated: 59232
	58  -  MemoryUsage of job (MB)
	59232  -  ResidentSetSize of job (KB)
...
006 (9053417.070.000) 11/18 01:12:59 Image size of job updated: 1633928
	386  -  MemoryUsage of job (MB)
	394508  -  ResidentSetSize of job (KB)
...
006 (9053417.070.000) 11/18 01:18:00 Image size of job updated: 1948120
	1526  -  MemoryUsage of job (MB)
	1561904  -  ResidentSetSize of job (KB)
...
006 (9053417.070.000) 11/18 01:23:00 Image size of job updated: 1948120
	1541  -  MemoryUsage of job (MB)
	1577012  -  ResidentSetSize of job (KB)
...
040 (9053417.070.000) 11/18 01:27:08 Started transferring output files
...
040 (9053417.070.000) 11/18 01:27:08 Finished transferring output files
...
005 (9053417.070.000) 11/18 01:27:08 Job terminated.
	(1) Normal termination (return value 0)
		Usr 0 00:16:49, Sys 0 00:00:42  -  Run Remote Usage
		Usr 0 00:00:00, Sys 0 00:00:00  -  Run Local Usage
		Usr 0 00:16:49, Sys 0 00:00:42  -  Total Remote Usage
		Usr 0 00:00:00, Sys 0 00:00:00  -  Total Local Usage
	51568  -  Run Bytes Sent By Job
	16366  -  Run Bytes Received By Job
	51568  -  Total Bytes Sent By Job
	16366  -  Total Bytes Received By Job
	Partitionable Resources :    Usage  Request Allocated Assigned
	   Cpus                 :     0.99        3         3 
	   Disk (KB)            :    91          17      2039 
	   GPUs                 :                 1         1 "MIG-c353432c-164b-5fe9-aa9c-d517e29055c9"
	   Memory (MB)          :  1541        9000      9000 
	   TimeExecute (s)      :  1164                       
	   TimeSlotBusy (s)     :  1165                       

	Job terminated of its own accord at 2025-11-18T00:27:08Z with exit-code 0.
...
