000 (9053417.039.000) 11/18 00:08:00 Job submitted from host: <188.185.8.79:9618?addrs=188.185.8.79-9618+[2001-1458-d00-63--100-23a]-9618&alias=bigbird26.cern.ch&noUDP&sock=schedd_3453776_a447>
...
040 (9053417.039.000) 11/18 00:48:09 Started transferring input files
	Transferring to host: <188.185.190.23:9618?addrs=188.185.190.23-9618&alias=b9pgpun207.cern.ch&noUDP&sock=slot1_1_4083_97bf_2450>
...
040 (9053417.039.000) 11/18 00:48:09 Finished transferring input files
...
001 (9053417.039.000) 11/18 00:48:10 Job executing on host: <188.185.190.23:9618?addrs=188.185.190.23-9618&alias=b9pgpun207.cern.ch&noUDP&sock=startd_3478_327a>
	SlotName: slot1_1@b9pgpun207.cern.ch
	AvailableGPUs = { GPUs_MIG_4d9b3513_d6da_57e7_a0c7_9a60d8efc097 }
	CondorScratchDir = "/pool/condor/dir_1645653"
	Cpus = 3
	Disk = 2049
	GPUs = 1
	GPUs_MIG_4d9b3513_d6da_57e7_a0c7_9a60d8efc097 = [ Id = "MIG-4d9b3513-d6da-57e7-a0c7-9a60d8efc097"; DeviceName = "NVIDIA H100L-2-24C MIG 2g.24gb"; DeviceUuid = "MIG-4d9b3513-d6da-57e7-a0c7-9a60d8efc097"; ComputeUnits = 32; GlobalMemoryMb = 21547 ]
	Memory = 9000
...
006 (9053417.039.000) 11/18 00:48:23 Image size of job updated: 58888
	58  -  MemoryUsage of job (MB)
	58888  -  ResidentSetSize of job (KB)
...
006 (9053417.039.000) 11/18 00:53:23 Image size of job updated: 1710156
	372  -  MemoryUsage of job (MB)
	380792  -  ResidentSetSize of job (KB)
...
006 (9053417.039.000) 11/18 00:58:24 Image size of job updated: 1865780
	1823  -  MemoryUsage of job (MB)
	1865780  -  ResidentSetSize of job (KB)
...
006 (9053417.039.000) 11/18 01:03:25 Image size of job updated: 1868304
	1825  -  MemoryUsage of job (MB)
	1868048  -  ResidentSetSize of job (KB)
...
040 (9053417.039.000) 11/18 01:07:51 Started transferring output files
...
040 (9053417.039.000) 11/18 01:07:51 Finished transferring output files
...
005 (9053417.039.000) 11/18 01:07:51 Job terminated.
	(1) Normal termination (return value 0)
		Usr 0 00:16:35, Sys 0 00:00:46  -  Run Remote Usage
		Usr 0 00:00:00, Sys 0 00:00:00  -  Run Local Usage
		Usr 0 00:16:35, Sys 0 00:00:46  -  Total Remote Usage
		Usr 0 00:00:00, Sys 0 00:00:00  -  Total Local Usage
	52668  -  Run Bytes Sent By Job
	16366  -  Run Bytes Received By Job
	52668  -  Total Bytes Sent By Job
	16366  -  Total Bytes Received By Job
	Partitionable Resources :    Usage  Request Allocated Assigned
	   Cpus                 :     1.00        3         3 
	   Disk (KB)            :    91          17      2049 
	   GPUs                 :                 1         1 "MIG-4d9b3513-d6da-57e7-a0c7-9a60d8efc097"
	   Memory (MB)          :  1825        9000      9000 
	   TimeExecute (s)      :  1181                       
	   TimeSlotBusy (s)     :  1182                       

	Job terminated of its own accord at 2025-11-18T00:07:51Z with exit-code 0.
...
