000 (9053417.014.000) 11/18 00:08:00 Job submitted from host: <188.185.8.79:9618?addrs=188.185.8.79-9618+[2001-1458-d00-63--100-23a]-9618&alias=bigbird26.cern.ch&noUDP&sock=schedd_3453776_a447>
...
040 (9053417.014.000) 11/18 00:08:14 Started transferring input files
	Transferring to host: <188.185.92.229:9618?addrs=188.185.92.229-9618+[2001-1458-d00-6c--100-241]-9618&alias=b9g57n1136.cern.ch&noUDP&sock=slot1_1_19366_d94d_5127>
...
040 (9053417.014.000) 11/18 00:08:14 Finished transferring input files
...
001 (9053417.014.000) 11/18 00:08:15 Job executing on host: <188.185.92.229:9618?addrs=188.185.92.229-9618+[2001-1458-d00-6c--100-241]-9618&alias=b9g57n1136.cern.ch&noUDP&sock=startd_18488_cf07>
	SlotName: slot1_1@b9g57n1136.cern.ch
	AvailableGPUs = { GPUs_GPU_9576d3f1 }
	CondorScratchDir = "/pool/condor/dir_1597918"
	Cpus = 3
	Disk = 2048
	GPUs = 1
	GPUs_GPU_9576d3f1 = [ Id = "GPU-9576d3f1"; ClockMhz = 1410.0; Capability = 8.0; CoresPerCU = 64; DeviceName = "NVIDIA A100-PCIE-40GB"; DeviceUuid = "9576d3f1-d05d-7c3b-136d-333dbbe9c5a1"; ECCEnabled = true; ComputeUnits = 108; DriverVersion = 13.0; DevicePciBusId = "0000:06:00.0"; GlobalMemoryMb = 40441; MaxSupportedVersion = 13000 ]
	Memory = 9000
...
006 (9053417.014.000) 11/18 00:08:28 Image size of job updated: 1028
	1  -  MemoryUsage of job (MB)
	568  -  ResidentSetSize of job (KB)
...
006 (9053417.014.000) 11/18 00:13:28 Image size of job updated: 70196
	69  -  MemoryUsage of job (MB)
	70196  -  ResidentSetSize of job (KB)
...
006 (9053417.014.000) 11/18 00:18:29 Image size of job updated: 199932
	196  -  MemoryUsage of job (MB)
	199932  -  ResidentSetSize of job (KB)
...
006 (9053417.014.000) 11/18 00:23:30 Image size of job updated: 650752
	636  -  MemoryUsage of job (MB)
	650752  -  ResidentSetSize of job (KB)
...
006 (9053417.014.000) 11/18 00:28:30 Image size of job updated: 883200
	863  -  MemoryUsage of job (MB)
	883200  -  ResidentSetSize of job (KB)
...
006 (9053417.014.000) 11/18 00:33:31 Image size of job updated: 896724
	863  -  MemoryUsage of job (MB)
	883200  -  ResidentSetSize of job (KB)
...
006 (9053417.014.000) 11/18 00:38:32 Image size of job updated: 2341836
	863  -  MemoryUsage of job (MB)
	883200  -  ResidentSetSize of job (KB)
...
006 (9053417.014.000) 11/18 00:48:33 Image size of job updated: 2344540
	863  -  MemoryUsage of job (MB)
	883200  -  ResidentSetSize of job (KB)
...
006 (9053417.014.000) 11/18 00:53:34 Image size of job updated: 2344540
	2279  -  MemoryUsage of job (MB)
	2333384  -  ResidentSetSize of job (KB)
...
006 (9053417.014.000) 11/18 01:03:35 Image size of job updated: 2463032
	2279  -  MemoryUsage of job (MB)
	2333384  -  ResidentSetSize of job (KB)
...
006 (9053417.014.000) 11/18 01:11:20 Image size of job updated: 2511680
	2279  -  MemoryUsage of job (MB)
	2333384  -  ResidentSetSize of job (KB)
...
040 (9053417.014.000) 11/18 01:11:20 Started transferring output files
...
040 (9053417.014.000) 11/18 01:11:20 Finished transferring output files
...
005 (9053417.014.000) 11/18 01:11:20 Job terminated.
	(1) Normal termination (return value 0)
		Usr 0 00:30:55, Sys 0 00:04:59  -  Run Remote Usage
		Usr 0 00:00:00, Sys 0 00:00:00  -  Run Local Usage
		Usr 0 00:30:55, Sys 0 00:04:59  -  Total Remote Usage
		Usr 0 00:00:00, Sys 0 00:00:00  -  Total Local Usage
	55504  -  Run Bytes Sent By Job
	16366  -  Run Bytes Received By Job
	55504  -  Total Bytes Sent By Job
	16366  -  Total Bytes Received By Job
	Partitionable Resources :    Usage  Request Allocated Assigned
	   Cpus                 :     0.68        3         3 
	   Disk (KB)            :    95          17      2048 
	   GPUs                 :     0.00        1         1 "GPU-9576d3f1"
	   GpusMemory (MB)      : 39450                       
	   Memory (MB)          :  2279        9000      9000 
	   TimeExecute (s)      :  3785                       
	   TimeSlotBusy (s)     :  3786                       

	Job terminated of its own accord at 2025-11-18T00:11:20Z with exit-code 0.
...
