000 (9053417.038.000) 11/18 00:08:00 Job submitted from host: <188.185.8.79:9618?addrs=188.185.8.79-9618+[2001-1458-d00-63--100-23a]-9618&alias=bigbird26.cern.ch&noUDP&sock=schedd_3453776_a447>
...
040 (9053417.038.000) 11/18 00:48:09 Started transferring input files
	Transferring to host: <188.185.190.70:9618?addrs=188.185.190.70-9618+[2001-1458-d03-b--100-d1]-9618&alias=b9pgpun035.cern.ch&noUDP&sock=slot1_1_263595_45f8_5491>
...
040 (9053417.038.000) 11/18 00:48:09 Finished transferring input files
...
001 (9053417.038.000) 11/18 00:48:10 Job executing on host: <188.185.190.70:9618?addrs=188.185.190.70-9618+[2001-1458-d03-b--100-d1]-9618&alias=b9pgpun035.cern.ch&noUDP&sock=startd_254377_0ad4>
	SlotName: slot1_1@b9pgpun035.cern.ch
	AvailableGPUs = { GPUs_MIG_c353432c_164b_5fe9_aa9c_d517e29055c9 }
	CondorScratchDir = "/pool/condor/dir_58948"
	Cpus = 3
	Disk = 2048
	GPUs = 1
	GPUs_MIG_c353432c_164b_5fe9_aa9c_d517e29055c9 = [ Id = "MIG-c353432c-164b-5fe9-aa9c-d517e29055c9"; DeviceName = "NVIDIA H100L-2-24C MIG 2g.24gb"; DeviceUuid = "MIG-c353432c-164b-5fe9-aa9c-d517e29055c9"; ComputeUnits = 32; GlobalMemoryMb = 21547 ]
	Memory = 9000
...
006 (9053417.038.000) 11/18 00:48:23 Image size of job updated: 59260
	58  -  MemoryUsage of job (MB)
	59260  -  ResidentSetSize of job (KB)
...
006 (9053417.038.000) 11/18 00:53:23 Image size of job updated: 1943076
	382  -  MemoryUsage of job (MB)
	390232  -  ResidentSetSize of job (KB)
...
006 (9053417.038.000) 11/18 00:58:24 Image size of job updated: 1943076
	1627  -  MemoryUsage of job (MB)
	1665928  -  ResidentSetSize of job (KB)
...
006 (9053417.038.000) 11/18 01:03:25 Image size of job updated: 1943076
	1689  -  MemoryUsage of job (MB)
	1728600  -  ResidentSetSize of job (KB)
...
006 (9053417.038.000) 11/18 01:07:43 Image size of job updated: 1948992
	1689  -  MemoryUsage of job (MB)
	1728600  -  ResidentSetSize of job (KB)
...
040 (9053417.038.000) 11/18 01:07:43 Started transferring output files
...
040 (9053417.038.000) 11/18 01:07:43 Finished transferring output files
...
005 (9053417.038.000) 11/18 01:07:43 Job terminated.
	(1) Normal termination (return value 0)
		Usr 0 00:16:36, Sys 0 00:00:45  -  Run Remote Usage
		Usr 0 00:00:00, Sys 0 00:00:00  -  Run Local Usage
		Usr 0 00:16:36, Sys 0 00:00:45  -  Total Remote Usage
		Usr 0 00:00:00, Sys 0 00:00:00  -  Total Local Usage
	53200  -  Run Bytes Sent By Job
	16366  -  Run Bytes Received By Job
	53200  -  Total Bytes Sent By Job
	16366  -  Total Bytes Received By Job
	Partitionable Resources :    Usage  Request Allocated Assigned
	   Cpus                 :     1.04        3         3 
	   Disk (KB)            :    92          17      2048 
	   GPUs                 :                 1         1 "MIG-c353432c-164b-5fe9-aa9c-d517e29055c9"
	   Memory (MB)          :  1689        9000      9000 
	   TimeExecute (s)      :  1173                       
	   TimeSlotBusy (s)     :  1174                       

	Job terminated of its own accord at 2025-11-18T00:07:43Z with exit-code 0.
...
