000 (9053417.090.000) 11/18 00:08:00 Job submitted from host: <188.185.8.79:9618?addrs=188.185.8.79-9618+[2001-1458-d00-63--100-23a]-9618&alias=bigbird26.cern.ch&noUDP&sock=schedd_3453776_a447>
...
040 (9053417.090.000) 11/18 01:15:39 Started transferring input files
	Transferring to host: <188.185.190.50:9618?addrs=188.185.190.50-9618+[2001-1458-d03-b--100-2]-9618&alias=b9pgpun209.cern.ch&noUDP&sock=slot1_1_194506_d29f_2312>
...
040 (9053417.090.000) 11/18 01:15:39 Finished transferring input files
...
001 (9053417.090.000) 11/18 01:15:40 Job executing on host: <188.185.190.50:9618?addrs=188.185.190.50-9618+[2001-1458-d03-b--100-2]-9618&alias=b9pgpun209.cern.ch&noUDP&sock=startd_194465_64c1>
	SlotName: slot1_1@b9pgpun209.cern.ch
	AvailableGPUs = { GPUs_MIG_333cf4a6_cc7f_5fc5_b22c_fa01a2a9344a }
	CondorScratchDir = "/pool/condor/dir_1857718"
	Cpus = 3
	Disk = 2033
	GPUs = 1
	GPUs_MIG_333cf4a6_cc7f_5fc5_b22c_fa01a2a9344a = [ Id = "MIG-333cf4a6-cc7f-5fc5-b22c-fa01a2a9344a"; DeviceName = "NVIDIA H100L-2-24C MIG 2g.24gb"; DeviceUuid = "MIG-333cf4a6-cc7f-5fc5-b22c-fa01a2a9344a"; ComputeUnits = 32; GlobalMemoryMb = 21547 ]
	Memory = 9000
...
006 (9053417.090.000) 11/18 01:15:54 Image size of job updated: 191288
	187  -  MemoryUsage of job (MB)
	191288  -  ResidentSetSize of job (KB)
...
006 (9053417.090.000) 11/18 01:20:55 Image size of job updated: 1602708
	362  -  MemoryUsage of job (MB)
	369684  -  ResidentSetSize of job (KB)
...
006 (9053417.090.000) 11/18 01:25:56 Image size of job updated: 1914112
	1586  -  MemoryUsage of job (MB)
	1623248  -  ResidentSetSize of job (KB)
...
040 (9053417.090.000) 11/18 01:34:53 Started transferring output files
...
040 (9053417.090.000) 11/18 01:34:53 Finished transferring output files
...
005 (9053417.090.000) 11/18 01:34:53 Job terminated.
	(1) Normal termination (return value 0)
		Usr 0 00:16:46, Sys 0 00:00:44  -  Run Remote Usage
		Usr 0 00:00:00, Sys 0 00:00:00  -  Run Local Usage
		Usr 0 00:16:46, Sys 0 00:00:44  -  Total Remote Usage
		Usr 0 00:00:00, Sys 0 00:00:00  -  Total Local Usage
	51568  -  Run Bytes Sent By Job
	16366  -  Run Bytes Received By Job
	51568  -  Total Bytes Sent By Job
	16366  -  Total Bytes Received By Job
	Partitionable Resources :    Usage  Request Allocated Assigned
	   Cpus                 :     0.48        3         3 
	   Disk (KB)            :    91          17      2033 
	   GPUs                 :                 1         1 "MIG-333cf4a6-cc7f-5fc5-b22c-fa01a2a9344a"
	   Memory (MB)          :  1586        9000      9000 
	   TimeExecute (s)      :  1153                       
	   TimeSlotBusy (s)     :  1154                       

	Job terminated of its own accord at 2025-11-18T00:34:53Z with exit-code 0.
...
