000 (9053417.071.000) 11/18 00:08:00 Job submitted from host: <188.185.8.79:9618?addrs=188.185.8.79-9618+[2001-1458-d00-63--100-23a]-9618&alias=bigbird26.cern.ch&noUDP&sock=schedd_3453776_a447>
...
040 (9053417.071.000) 11/18 01:07:52 Started transferring input files
	Transferring to host: <188.185.190.23:9618?addrs=188.185.190.23-9618&alias=b9pgpun207.cern.ch&noUDP&sock=slot1_1_4083_97bf_2463>
...
040 (9053417.071.000) 11/18 01:07:52 Finished transferring input files
...
001 (9053417.071.000) 11/18 01:07:53 Job executing on host: <188.185.190.23:9618?addrs=188.185.190.23-9618&alias=b9pgpun207.cern.ch&noUDP&sock=startd_3478_327a>
	SlotName: slot1_1@b9pgpun207.cern.ch
	AvailableGPUs = { GPUs_MIG_4d9b3513_d6da_57e7_a0c7_9a60d8efc097 }
	CondorScratchDir = "/pool/condor/dir_1651085"
	Cpus = 3
	Disk = 2039
	GPUs = 1
	GPUs_MIG_4d9b3513_d6da_57e7_a0c7_9a60d8efc097 = [ Id = "MIG-4d9b3513-d6da-57e7-a0c7-9a60d8efc097"; DeviceName = "NVIDIA H100L-2-24C MIG 2g.24gb"; DeviceUuid = "MIG-4d9b3513-d6da-57e7-a0c7-9a60d8efc097"; ComputeUnits = 32; GlobalMemoryMb = 21547 ]
	Memory = 9000
...
006 (9053417.071.000) 11/18 01:08:06 Image size of job updated: 58896
	58  -  MemoryUsage of job (MB)
	58896  -  ResidentSetSize of job (KB)
...
006 (9053417.071.000) 11/18 01:13:06 Image size of job updated: 1871844
	376  -  MemoryUsage of job (MB)
	384560  -  ResidentSetSize of job (KB)
...
006 (9053417.071.000) 11/18 01:18:07 Image size of job updated: 2128240
	1553  -  MemoryUsage of job (MB)
	1589788  -  ResidentSetSize of job (KB)
...
006 (9053417.071.000) 11/18 01:23:08 Image size of job updated: 2169572
	1618  -  MemoryUsage of job (MB)
	1656820  -  ResidentSetSize of job (KB)
...
040 (9053417.071.000) 11/18 01:27:49 Started transferring output files
...
040 (9053417.071.000) 11/18 01:27:49 Finished transferring output files
...
005 (9053417.071.000) 11/18 01:27:49 Job terminated.
	(1) Normal termination (return value 0)
		Usr 0 00:17:19, Sys 0 00:00:45  -  Run Remote Usage
		Usr 0 00:00:00, Sys 0 00:00:00  -  Run Local Usage
		Usr 0 00:17:19, Sys 0 00:00:45  -  Total Remote Usage
		Usr 0 00:00:00, Sys 0 00:00:00  -  Total Local Usage
	51572  -  Run Bytes Sent By Job
	16366  -  Run Bytes Received By Job
	51572  -  Total Bytes Sent By Job
	16366  -  Total Bytes Received By Job
	Partitionable Resources :    Usage  Request Allocated Assigned
	   Cpus                 :     1.00        3         3 
	   Disk (KB)            :    91          17      2039 
	   GPUs                 :                 1         1 "MIG-4d9b3513-d6da-57e7-a0c7-9a60d8efc097"
	   Memory (MB)          :  1618        9000      9000 
	   TimeExecute (s)      :  1196                       
	   TimeSlotBusy (s)     :  1197                       

	Job terminated of its own accord at 2025-11-18T00:27:49Z with exit-code 0.
...
