000 (9053417.022.000) 11/18 00:08:00 Job submitted from host: <188.185.8.79:9618?addrs=188.185.8.79-9618+[2001-1458-d00-63--100-23a]-9618&alias=bigbird26.cern.ch&noUDP&sock=schedd_3453776_a447>
...
040 (9053417.022.000) 11/18 00:08:16 Started transferring input files
	Transferring to host: <188.185.190.94:9618?addrs=188.185.190.94-9618+[2001-1458-d03-b--100-15]-9618&alias=b9pgpun004.cern.ch&noUDP&sock=slot1_2_24573_a6c0_7495>
...
040 (9053417.022.000) 11/18 00:08:16 Finished transferring input files
...
001 (9053417.022.000) 11/18 00:08:17 Job executing on host: <188.185.190.94:9618?addrs=188.185.190.94-9618+[2001-1458-d03-b--100-15]-9618&alias=b9pgpun004.cern.ch&noUDP&sock=startd_24526_5fde>
	SlotName: slot1_2@b9pgpun004.cern.ch
	AvailableGPUs = { GPUs_GPU_76f72c0d }
	CondorScratchDir = "/pool/condor/dir_1196588"
	Cpus = 3
	Disk = 3578
	GPUs = 1
	GPUs_GPU_76f72c0d = [ Id = "GPU-76f72c0d"; ClockMhz = 1785.0; Capability = 9.0; CoresPerCU = 128; DeviceName = "NVIDIA H100 NVL"; DeviceUuid = "76f72c0d-56fe-10ae-ad99-9fde1e23639d"; ECCEnabled = true; ComputeUnits = 132; DriverVersion = 13.0; DevicePciBusId = "0000:07:00.0"; GlobalMemoryMb = 95320; MaxSupportedVersion = 13000 ]
	Memory = 9000
...
006 (9053417.022.000) 11/18 00:08:30 Image size of job updated: 59204
	58  -  MemoryUsage of job (MB)
	59204  -  ResidentSetSize of job (KB)
...
006 (9053417.022.000) 11/18 00:13:30 Image size of job updated: 59280
	58  -  MemoryUsage of job (MB)
	59280  -  ResidentSetSize of job (KB)
...
006 (9053417.022.000) 11/18 00:18:31 Image size of job updated: 198760
	195  -  MemoryUsage of job (MB)
	198760  -  ResidentSetSize of job (KB)
...
006 (9053417.022.000) 11/18 00:23:32 Image size of job updated: 676300
	652  -  MemoryUsage of job (MB)
	666792  -  ResidentSetSize of job (KB)
...
006 (9053417.022.000) 11/18 00:28:32 Image size of job updated: 922556
	901  -  MemoryUsage of job (MB)
	922556  -  ResidentSetSize of job (KB)
...
006 (9053417.022.000) 11/18 00:33:33 Image size of job updated: 4208624
	901  -  MemoryUsage of job (MB)
	922556  -  ResidentSetSize of job (KB)
...
006 (9053417.022.000) 11/18 00:38:34 Image size of job updated: 4208624
	933  -  MemoryUsage of job (MB)
	955348  -  ResidentSetSize of job (KB)
...
006 (9053417.022.000) 11/18 00:48:35 Image size of job updated: 4208624
	4092  -  MemoryUsage of job (MB)
	4190172  -  ResidentSetSize of job (KB)
...
006 (9053417.022.000) 11/18 00:52:15 Image size of job updated: 4332784
	4092  -  MemoryUsage of job (MB)
	4190172  -  ResidentSetSize of job (KB)
...
040 (9053417.022.000) 11/18 00:52:15 Started transferring output files
...
040 (9053417.022.000) 11/18 00:52:15 Finished transferring output files
...
005 (9053417.022.000) 11/18 00:52:15 Job terminated.
	(1) Normal termination (return value 0)
		Usr 0 00:14:20, Sys 0 00:01:00  -  Run Remote Usage
		Usr 0 00:00:00, Sys 0 00:00:00  -  Run Local Usage
		Usr 0 00:14:20, Sys 0 00:01:00  -  Total Remote Usage
		Usr 0 00:00:00, Sys 0 00:00:00  -  Total Local Usage
	44221  -  Run Bytes Sent By Job
	16366  -  Run Bytes Received By Job
	44221  -  Total Bytes Sent By Job
	16366  -  Total Bytes Received By Job
	Partitionable Resources :    Usage  Request Allocated Assigned
	   Cpus                 :     1.00        3         3 
	   Disk (KB)            :   115          17      3578 
	   GPUs                 :     0.00        1         1 "GPU-76f72c0d"
	   GpusMemory (MB)      : 94178                       
	   Memory (MB)          :  4092        9000      9000 
	   TimeExecute (s)      :  2638                       
	   TimeSlotBusy (s)     :  2639                       

	Job terminated of its own accord at 2025-11-17T23:52:15Z with exit-code 0.
...
