000 (9053109.094.000) 11/18 00:02:17 Job submitted from host: <188.185.8.79:9618?addrs=188.185.8.79-9618+[2001-1458-d00-63--100-23a]-9618&alias=bigbird26.cern.ch&noUDP&sock=schedd_3453776_a447>
...
040 (9053109.094.000) 11/18 00:07:03 Started transferring input files
	Transferring to host: <188.184.195.44:9618?addrs=188.184.195.44-9618+[2001-1458-301-72--100-51]-9618&alias=b9g47n4365.cern.ch&noUDP&sock=slot1_1_16409_5ff4_8530>
...
040 (9053109.094.000) 11/18 00:07:03 Finished transferring input files
...
001 (9053109.094.000) 11/18 00:07:04 Job executing on host: <188.184.195.44:9618?addrs=188.184.195.44-9618+[2001-1458-301-72--100-51]-9618&alias=b9g47n4365.cern.ch&noUDP&sock=startd_15351_166f>
	SlotName: slot1_1@b9g47n4365.cern.ch
	AvailableGPUs = { GPUs_GPU_85a4a9af }
	CondorScratchDir = "/pool/condor/dir_3036718"
	Cpus = 3
	Disk = 2048
	GPUs = 1
	GPUs_GPU_85a4a9af = [ Id = "GPU-85a4a9af"; ClockMhz = 1597.0; Capability = 7.0; CoresPerCU = 64; DeviceName = "Tesla V100S-PCIE-32GB"; DeviceUuid = "85a4a9af-34fa-d34e-ff49-a574a53d2c85"; ECCEnabled = true; ComputeUnits = 80; DriverVersion = 13.0; DevicePciBusId = "0000:07:00.0"; GlobalMemoryMb = 32494; MaxSupportedVersion = 13000 ]
	Memory = 9000
...
006 (9053109.094.000) 11/18 00:07:09 Image size of job updated: 44
	0  -  MemoryUsage of job (MB)
	0  -  ResidentSetSize of job (KB)
...
040 (9053109.094.000) 11/18 00:07:09 Started transferring output files
...
040 (9053109.094.000) 11/18 00:07:09 Finished transferring output files
...
005 (9053109.094.000) 11/18 00:07:09 Job terminated.
	(1) Normal termination (return value 1)
		Usr 0 00:00:00, Sys 0 00:00:00  -  Run Remote Usage
		Usr 0 00:00:00, Sys 0 00:00:00  -  Run Local Usage
		Usr 0 00:00:00, Sys 0 00:00:00  -  Total Remote Usage
		Usr 0 00:00:00, Sys 0 00:00:00  -  Total Local Usage
	375  -  Run Bytes Sent By Job
	16365  -  Run Bytes Received By Job
	375  -  Total Bytes Sent By Job
	16365  -  Total Bytes Received By Job
	Partitionable Resources :    Usage  Request Allocated Assigned
	   Cpus                 :                 3         3 
	   Disk (KB)            :       37       17      2048 
	   GPUs                 :                 1         1 "GPU-85a4a9af"
	   Memory (MB)          :        0     9000      9000 
	   TimeExecute (s)      :        5                    
	   TimeSlotBusy (s)     :        7                    

	Job terminated of its own accord at 2025-11-17T23:07:09Z with exit-code 1.
...
