000 (9053417.077.000) 11/18 00:08:00 Job submitted from host: <188.185.8.79:9618?addrs=188.185.8.79-9618+[2001-1458-d00-63--100-23a]-9618&alias=bigbird26.cern.ch&noUDP&sock=schedd_3453776_a447>
...
040 (9053417.077.000) 11/18 01:11:21 Started transferring input files
	Transferring to host: <188.185.92.229:9618?addrs=188.185.92.229-9618+[2001-1458-d00-6c--100-241]-9618&alias=b9g57n1136.cern.ch&noUDP&sock=slot1_1_19366_d94d_5156>
...
040 (9053417.077.000) 11/18 01:11:21 Finished transferring input files
...
001 (9053417.077.000) 11/18 01:11:22 Job executing on host: <188.185.92.229:9618?addrs=188.185.92.229-9618+[2001-1458-d00-6c--100-241]-9618&alias=b9g57n1136.cern.ch&noUDP&sock=startd_18488_cf07>
	SlotName: slot1_1@b9g57n1136.cern.ch
	AvailableGPUs = { GPUs_GPU_9576d3f1 }
	CondorScratchDir = "/pool/condor/dir_1605337"
	Cpus = 3
	Disk = 2036
	GPUs = 1
	GPUs_GPU_9576d3f1 = [ Id = "GPU-9576d3f1"; ClockMhz = 1410.0; Capability = 8.0; CoresPerCU = 64; DeviceName = "NVIDIA A100-PCIE-40GB"; DeviceUuid = "9576d3f1-d05d-7c3b-136d-333dbbe9c5a1"; ECCEnabled = true; ComputeUnits = 108; DriverVersion = 13.0; DevicePciBusId = "0000:06:00.0"; GlobalMemoryMb = 40441; MaxSupportedVersion = 13000 ]
	Memory = 9000
...
006 (9053417.077.000) 11/18 01:11:36 Image size of job updated: 58856
	58  -  MemoryUsage of job (MB)
	58856  -  ResidentSetSize of job (KB)
...
006 (9053417.077.000) 11/18 01:16:37 Image size of job updated: 2332172
	2278  -  MemoryUsage of job (MB)
	2332172  -  ResidentSetSize of job (KB)
...
006 (9053417.077.000) 11/18 01:21:38 Image size of job updated: 2332180
	2278  -  MemoryUsage of job (MB)
	2332172  -  ResidentSetSize of job (KB)
...
006 (9053417.077.000) 11/18 01:26:38 Image size of job updated: 2498332
	2278  -  MemoryUsage of job (MB)
	2332172  -  ResidentSetSize of job (KB)
...
006 (9053417.077.000) 11/18 01:31:38 Image size of job updated: 2566252
	2300  -  MemoryUsage of job (MB)
	2354452  -  ResidentSetSize of job (KB)
...
040 (9053417.077.000) 11/18 01:49:48 Started transferring output files
...
040 (9053417.077.000) 11/18 01:49:48 Finished transferring output files
...
005 (9053417.077.000) 11/18 01:49:48 Job terminated.
	(1) Normal termination (return value 0)
		Usr 0 00:30:26, Sys 0 00:05:02  -  Run Remote Usage
		Usr 0 00:00:00, Sys 0 00:00:00  -  Run Local Usage
		Usr 0 00:30:26, Sys 0 00:05:02  -  Total Remote Usage
		Usr 0 00:00:00, Sys 0 00:00:00  -  Total Local Usage
	52488  -  Run Bytes Sent By Job
	16366  -  Run Bytes Received By Job
	52488  -  Total Bytes Sent By Job
	16366  -  Total Bytes Received By Job
	Partitionable Resources :    Usage  Request Allocated Assigned
	   Cpus                 :     0.14        3         3 
	   Disk (KB)            :    93          17      2036 
	   GPUs                 :     0.01        1         1 "GPU-9576d3f1"
	   GpusMemory (MB)      : 39450                       
	   Memory (MB)          :  2300        9000      9000 
	   TimeExecute (s)      :  2306                       
	   TimeSlotBusy (s)     :  2307                       

	Job terminated of its own accord at 2025-11-18T00:49:48Z with exit-code 0.
...
