000 (9053417.067.000) 11/18 00:08:00 Job submitted from host: <188.185.8.79:9618?addrs=188.185.8.79-9618+[2001-1458-d00-63--100-23a]-9618&alias=bigbird26.cern.ch&noUDP&sock=schedd_3453776_a447>
...
040 (9053417.067.000) 11/18 01:02:12 Started transferring input files
	Transferring to host: <188.185.190.55:9618?addrs=188.185.190.55-9618+[2001-1458-d03-b--100-2b5]-9618&alias=b9pgpun205.cern.ch&noUDP&sock=slot1_1_5355_d4f3_2439>
...
040 (9053417.067.000) 11/18 01:02:12 Finished transferring input files
...
001 (9053417.067.000) 11/18 01:02:13 Job executing on host: <188.185.190.55:9618?addrs=188.185.190.55-9618+[2001-1458-d03-b--100-2b5]-9618&alias=b9pgpun205.cern.ch&noUDP&sock=startd_5309_1c63>
	SlotName: slot1_1@b9pgpun205.cern.ch
	AvailableGPUs = { GPUs_MIG_7e1695e9_d813_5373_88d1_d8666fb0f835 }
	CondorScratchDir = "/pool/condor/dir_1465509"
	Cpus = 3
	Disk = 2040
	GPUs = 1
	GPUs_MIG_7e1695e9_d813_5373_88d1_d8666fb0f835 = [ Id = "MIG-7e1695e9-d813-5373-88d1-d8666fb0f835"; DeviceName = "NVIDIA H100L-2-24C MIG 2g.24gb"; DeviceUuid = "MIG-7e1695e9-d813-5373-88d1-d8666fb0f835"; ComputeUnits = 32; GlobalMemoryMb = 21547 ]
	Memory = 9000
...
006 (9053417.067.000) 11/18 01:02:26 Image size of job updated: 58932
	58  -  MemoryUsage of job (MB)
	58932  -  ResidentSetSize of job (KB)
...
006 (9053417.067.000) 11/18 01:07:26 Image size of job updated: 1701736
	360  -  MemoryUsage of job (MB)
	367800  -  ResidentSetSize of job (KB)
...
006 (9053417.067.000) 11/18 01:12:27 Image size of job updated: 1806736
	1607  -  MemoryUsage of job (MB)
	1644892  -  ResidentSetSize of job (KB)
...
040 (9053417.067.000) 11/18 01:21:47 Started transferring output files
...
040 (9053417.067.000) 11/18 01:21:47 Finished transferring output files
...
005 (9053417.067.000) 11/18 01:21:47 Job terminated.
	(1) Normal termination (return value 0)
		Usr 0 00:16:39, Sys 0 00:00:48  -  Run Remote Usage
		Usr 0 00:00:00, Sys 0 00:00:00  -  Run Local Usage
		Usr 0 00:16:39, Sys 0 00:00:48  -  Total Remote Usage
		Usr 0 00:00:00, Sys 0 00:00:00  -  Total Local Usage
	51568  -  Run Bytes Sent By Job
	16366  -  Run Bytes Received By Job
	51568  -  Total Bytes Sent By Job
	16366  -  Total Bytes Received By Job
	Partitionable Resources :    Usage  Request Allocated Assigned
	   Cpus                 :     0.04        3         3 
	   Disk (KB)            :    91          17      2040 
	   GPUs                 :                 1         1 "MIG-7e1695e9-d813-5373-88d1-d8666fb0f835"
	   Memory (MB)          :  1607        9000      9000 
	   TimeExecute (s)      :  1174                       
	   TimeSlotBusy (s)     :  1175                       

	Job terminated of its own accord at 2025-11-18T00:21:47Z with exit-code 0.
...
