000 (9053417.110.000) 11/18 00:08:00 Job submitted from host: <188.185.8.79:9618?addrs=188.185.8.79-9618+[2001-1458-d00-63--100-23a]-9618&alias=bigbird26.cern.ch&noUDP&sock=schedd_3453776_a447>
...
040 (9053417.110.000) 11/18 01:26:05 Started transferring input files
	Transferring to host: <188.184.195.72:9618?addrs=188.184.195.72-9618+[2001-1458-301-72--100-3bf]-9618&alias=b9g47n6462.cern.ch&noUDP&sock=slot1_1_18519_0f8a_7905>
...
040 (9053417.110.000) 11/18 01:26:05 Finished transferring input files
...
001 (9053417.110.000) 11/18 01:26:06 Job executing on host: <188.184.195.72:9618?addrs=188.184.195.72-9618+[2001-1458-301-72--100-3bf]-9618&alias=b9g47n6462.cern.ch&noUDP&sock=startd_17580_ff09>
	SlotName: slot1_1@b9g47n6462.cern.ch
	AvailableGPUs = { GPUs_GPU_097ed6ab }
	CondorScratchDir = "/pool/condor/dir_3293947"
	Cpus = 3
	Disk = 2064
	GPUs = 1
	GPUs_GPU_097ed6ab = [ Id = "GPU-097ed6ab"; ClockMhz = 1590.0; Capability = 7.5; CoresPerCU = 64; DeviceName = "Tesla T4"; DeviceUuid = "097ed6ab-2e6f-8d98-37a3-6ad09a369fc4"; ECCEnabled = true; ComputeUnits = 40; DriverVersion = 13.0; DevicePciBusId = "0000:07:00.0"; GlobalMemoryMb = 14913; MaxSupportedVersion = 13000 ]
	Memory = 9000
...
006 (9053417.110.000) 11/18 01:26:19 Image size of job updated: 58792
	58  -  MemoryUsage of job (MB)
	58792  -  ResidentSetSize of job (KB)
...
006 (9053417.110.000) 11/18 01:31:19 Image size of job updated: 1304852
	1275  -  MemoryUsage of job (MB)
	1304852  -  ResidentSetSize of job (KB)
...
006 (9053417.110.000) 11/18 01:36:20 Image size of job updated: 1733968
	1275  -  MemoryUsage of job (MB)
	1304852  -  ResidentSetSize of job (KB)
...
006 (9053417.110.000) 11/18 01:41:20 Image size of job updated: 1733968
	1328  -  MemoryUsage of job (MB)
	1359624  -  ResidentSetSize of job (KB)
...
006 (9053417.110.000) 11/18 01:46:20 Image size of job updated: 2143068
	1372  -  MemoryUsage of job (MB)
	1404556  -  ResidentSetSize of job (KB)
...
040 (9053417.110.000) 11/18 02:03:39 Started transferring output files
...
040 (9053417.110.000) 11/18 02:03:39 Finished transferring output files
...
005 (9053417.110.000) 11/18 02:03:39 Job terminated.
	(1) Normal termination (return value 0)
		Usr 0 00:33:09, Sys 0 00:00:58  -  Run Remote Usage
		Usr 0 00:00:00, Sys 0 00:00:00  -  Run Local Usage
		Usr 0 00:33:09, Sys 0 00:00:58  -  Total Remote Usage
		Usr 0 00:00:00, Sys 0 00:00:00  -  Total Local Usage
	49116  -  Run Bytes Sent By Job
	16366  -  Run Bytes Received By Job
	49116  -  Total Bytes Sent By Job
	16366  -  Total Bytes Received By Job
	Partitionable Resources :    Usage  Request Allocated Assigned
	   Cpus                 :     0.99        3         3 
	   Disk (KB)            :    89          17      2064 
	   GPUs                 :     0.00        1         1 "GPU-097ed6ab"
	   GpusMemory (MB)      : 14333                       
	   Memory (MB)          :  1372        9000      9000 
	   TimeExecute (s)      :  2253                       
	   TimeSlotBusy (s)     :  2255                       

	Job terminated of its own accord at 2025-11-18T01:03:39Z with exit-code 0.
...
