000 (9053417.046.000) 11/18 00:08:00 Job submitted from host: <188.185.8.79:9618?addrs=188.185.8.79-9618+[2001-1458-d00-63--100-23a]-9618&alias=bigbird26.cern.ch&noUDP&sock=schedd_3453776_a447>
...
040 (9053417.046.000) 11/18 00:56:41 Started transferring input files
	Transferring to host: <188.185.190.58:9618?addrs=188.185.190.58-9618+[2001-1458-d03-b--100-198]-9618&alias=b9pgpun203.cern.ch&noUDP&sock=slot1_1_3631_1e2d_2456>
...
040 (9053417.046.000) 11/18 00:56:41 Finished transferring input files
...
001 (9053417.046.000) 11/18 00:56:42 Job executing on host: <188.185.190.58:9618?addrs=188.185.190.58-9618+[2001-1458-d03-b--100-198]-9618&alias=b9pgpun203.cern.ch&noUDP&sock=startd_2775_ff66>
	SlotName: slot1_1@b9pgpun203.cern.ch
	AvailableGPUs = { GPUs_MIG_b40c26bf_6eb1_567e_af53_6f2fba821803 }
	CondorScratchDir = "/pool/condor/dir_1413944"
	Cpus = 3
	Disk = 2048
	GPUs = 1
	GPUs_MIG_b40c26bf_6eb1_567e_af53_6f2fba821803 = [ Id = "MIG-b40c26bf-6eb1-567e-af53-6f2fba821803"; DeviceName = "NVIDIA H100L-2-24C MIG 2g.24gb"; DeviceUuid = "MIG-b40c26bf-6eb1-567e-af53-6f2fba821803"; ComputeUnits = 32; GlobalMemoryMb = 21547 ]
	Memory = 9000
...
006 (9053417.046.000) 11/18 00:56:55 Image size of job updated: 58868
	58  -  MemoryUsage of job (MB)
	58868  -  ResidentSetSize of job (KB)
...
006 (9053417.046.000) 11/18 01:01:55 Image size of job updated: 1709224
	364  -  MemoryUsage of job (MB)
	372488  -  ResidentSetSize of job (KB)
...
006 (9053417.046.000) 11/18 01:06:56 Image size of job updated: 1962424
	364  -  MemoryUsage of job (MB)
	372488  -  ResidentSetSize of job (KB)
...
006 (9053417.046.000) 11/18 01:11:57 Image size of job updated: 1962424
	1628  -  MemoryUsage of job (MB)
	1666248  -  ResidentSetSize of job (KB)
...
040 (9053417.046.000) 11/18 01:13:03 Started transferring output files
...
040 (9053417.046.000) 11/18 01:13:03 Finished transferring output files
...
005 (9053417.046.000) 11/18 01:13:03 Job terminated.
	(1) Normal termination (return value 0)
		Usr 0 00:13:49, Sys 0 00:00:40  -  Run Remote Usage
		Usr 0 00:00:00, Sys 0 00:00:00  -  Run Local Usage
		Usr 0 00:13:49, Sys 0 00:00:40  -  Total Remote Usage
		Usr 0 00:00:00, Sys 0 00:00:00  -  Total Local Usage
	44417  -  Run Bytes Sent By Job
	16366  -  Run Bytes Received By Job
	44417  -  Total Bytes Sent By Job
	16366  -  Total Bytes Received By Job
	Partitionable Resources :    Usage  Request Allocated Assigned
	   Cpus                 :     1.00        3         3 
	   Disk (KB)            :    83          17      2048 
	   GPUs                 :                 1         1 "MIG-b40c26bf-6eb1-567e-af53-6f2fba821803"
	   Memory (MB)          :  1628        9000      9000 
	   TimeExecute (s)      :   981                       
	   TimeSlotBusy (s)     :   982                       

	Job terminated of its own accord at 2025-11-18T00:13:03Z with exit-code 0.
...
