000 (9053417.003.000) 11/18 00:08:00 Job submitted from host: <188.185.8.79:9618?addrs=188.185.8.79-9618+[2001-1458-d00-63--100-23a]-9618&alias=bigbird26.cern.ch&noUDP&sock=schedd_3453776_a447>
...
040 (9053417.003.000) 11/18 00:08:10 Started transferring input files
	Transferring to host: <188.185.190.54:9618?addrs=188.185.190.54-9618+[2001-1458-d03-b--100-80]-9618&alias=b9pgpun102.cern.ch&noUDP&sock=slot1_1_45660_59ba_5207>
...
040 (9053417.003.000) 11/18 00:08:10 Finished transferring input files
...
001 (9053417.003.000) 11/18 00:08:11 Job executing on host: <188.185.190.54:9618?addrs=188.185.190.54-9618+[2001-1458-d03-b--100-80]-9618&alias=b9pgpun102.cern.ch&noUDP&sock=startd_45621_ca35>
	SlotName: slot1_1@b9pgpun102.cern.ch
	AvailableGPUs = { GPUs_MIG_92ed3cba_5e32_5358_b8ff_22847c25ec3d }
	CondorScratchDir = "/pool/condor/dir_1724359"
	Cpus = 3
	Disk = 2049
	GPUs = 1
	GPUs_MIG_92ed3cba_5e32_5358_b8ff_22847c25ec3d = [ Id = "MIG-92ed3cba-5e32-5358-b8ff-22847c25ec3d"; DeviceName = "NVIDIA H100L-1-12C MIG 1g.12gb"; DeviceUuid = "MIG-92ed3cba-5e32-5358-b8ff-22847c25ec3d"; ComputeUnits = 16; GlobalMemoryMb = 10564 ]
	Memory = 9000
...
006 (9053417.003.000) 11/18 00:08:24 Image size of job updated: 59212
	58  -  MemoryUsage of job (MB)
	59212  -  ResidentSetSize of job (KB)
...
006 (9053417.003.000) 11/18 00:13:24 Image size of job updated: 59288
	58  -  MemoryUsage of job (MB)
	59288  -  ResidentSetSize of job (KB)
...
006 (9053417.003.000) 11/18 00:18:25 Image size of job updated: 244264
	239  -  MemoryUsage of job (MB)
	244264  -  ResidentSetSize of job (KB)
...
006 (9053417.003.000) 11/18 00:23:26 Image size of job updated: 725096
	709  -  MemoryUsage of job (MB)
	725096  -  ResidentSetSize of job (KB)
...
006 (9053417.003.000) 11/18 00:28:26 Image size of job updated: 982580
	960  -  MemoryUsage of job (MB)
	982580  -  ResidentSetSize of job (KB)
...
006 (9053417.003.000) 11/18 00:33:26 Image size of job updated: 1668332
	960  -  MemoryUsage of job (MB)
	982580  -  ResidentSetSize of job (KB)
...
006 (9053417.003.000) 11/18 00:48:28 Image size of job updated: 1668332
	1182  -  MemoryUsage of job (MB)
	1210168  -  ResidentSetSize of job (KB)
...
006 (9053417.003.000) 11/18 00:53:28 Image size of job updated: 1668332
	1198  -  MemoryUsage of job (MB)
	1226648  -  ResidentSetSize of job (KB)
...
040 (9053417.003.000) 11/18 00:57:28 Started transferring output files
...
040 (9053417.003.000) 11/18 00:57:28 Finished transferring output files
...
005 (9053417.003.000) 11/18 00:57:28 Job terminated.
	(1) Normal termination (return value 0)
		Usr 0 00:16:01, Sys 0 00:00:52  -  Run Remote Usage
		Usr 0 00:00:00, Sys 0 00:00:00  -  Run Local Usage
		Usr 0 00:16:01, Sys 0 00:00:52  -  Total Remote Usage
		Usr 0 00:00:00, Sys 0 00:00:00  -  Total Local Usage
	52341  -  Run Bytes Sent By Job
	16366  -  Run Bytes Received By Job
	52341  -  Total Bytes Sent By Job
	16366  -  Total Bytes Received By Job
	Partitionable Resources :    Usage  Request Allocated Assigned
	   Cpus                 :     0.10        3         3 
	   Disk (KB)            :    91          17      2049 
	   GPUs                 :                 1         1 "MIG-92ed3cba-5e32-5358-b8ff-22847c25ec3d"
	   Memory (MB)          :  1198        9000      9000 
	   TimeExecute (s)      :  2957                       
	   TimeSlotBusy (s)     :  2958                       

	Job terminated of its own accord at 2025-11-17T23:57:28Z with exit-code 0.
...
