000 (9053417.045.000) 11/18 00:08:00 Job submitted from host: <188.185.8.79:9618?addrs=188.185.8.79-9618+[2001-1458-d00-63--100-23a]-9618&alias=bigbird26.cern.ch&noUDP&sock=schedd_3453776_a447>
...
040 (9053417.045.000) 11/18 00:56:40 Started transferring input files
	Transferring to host: <188.185.190.22:9618?addrs=188.185.190.22-9618+[2001-1458-d03-b--100-82]-9618&alias=b9pgpun032.cern.ch&noUDP&sock=slot1_1_260364_bdd5_7464>
...
040 (9053417.045.000) 11/18 00:56:40 Finished transferring input files
...
001 (9053417.045.000) 11/18 00:56:41 Job executing on host: <188.185.190.22:9618?addrs=188.185.190.22-9618+[2001-1458-d03-b--100-82]-9618&alias=b9pgpun032.cern.ch&noUDP&sock=startd_254650_4c2f>
	SlotName: slot1_1@b9pgpun032.cern.ch
	AvailableGPUs = { GPUs_MIG_10819267_cb2b_50db_8d37_3de01d2f3533 }
	CondorScratchDir = "/pool/condor/dir_783309"
	Cpus = 3
	Disk = 2048
	GPUs = 1
	GPUs_MIG_10819267_cb2b_50db_8d37_3de01d2f3533 = [ Id = "MIG-10819267-cb2b-50db-8d37-3de01d2f3533"; DeviceName = "NVIDIA H100L-2-24C MIG 2g.24gb"; DeviceUuid = "MIG-10819267-cb2b-50db-8d37-3de01d2f3533"; ComputeUnits = 32; GlobalMemoryMb = 21547 ]
	Memory = 9000
...
006 (9053417.045.000) 11/18 00:56:54 Image size of job updated: 58872
	58  -  MemoryUsage of job (MB)
	58872  -  ResidentSetSize of job (KB)
...
006 (9053417.045.000) 11/18 01:01:54 Image size of job updated: 1757620
	376  -  MemoryUsage of job (MB)
	384540  -  ResidentSetSize of job (KB)
...
006 (9053417.045.000) 11/18 01:06:55 Image size of job updated: 2170280
	376  -  MemoryUsage of job (MB)
	384540  -  ResidentSetSize of job (KB)
...
006 (9053417.045.000) 11/18 01:11:56 Image size of job updated: 2170280
	1671  -  MemoryUsage of job (MB)
	1710544  -  ResidentSetSize of job (KB)
...
040 (9053417.045.000) 11/18 01:16:47 Started transferring output files
...
040 (9053417.045.000) 11/18 01:16:47 Finished transferring output files
...
005 (9053417.045.000) 11/18 01:16:47 Job terminated.
	(1) Normal termination (return value 0)
		Usr 0 00:16:53, Sys 0 00:00:47  -  Run Remote Usage
		Usr 0 00:00:00, Sys 0 00:00:00  -  Run Local Usage
		Usr 0 00:16:53, Sys 0 00:00:47  -  Total Remote Usage
		Usr 0 00:00:00, Sys 0 00:00:00  -  Total Local Usage
	52116  -  Run Bytes Sent By Job
	16366  -  Run Bytes Received By Job
	52116  -  Total Bytes Sent By Job
	16366  -  Total Bytes Received By Job
	Partitionable Resources :    Usage  Request Allocated Assigned
	   Cpus                 :     0.16        3         3 
	   Disk (KB)            :    91          17      2048 
	   GPUs                 :                 1         1 "MIG-10819267-cb2b-50db-8d37-3de01d2f3533"
	   Memory (MB)          :  1671        9000      9000 
	   TimeExecute (s)      :  1206                       
	   TimeSlotBusy (s)     :  1208                       

	Job terminated of its own accord at 2025-11-18T00:16:47Z with exit-code 0.
...
