000 (9053417.050.000) 11/18 00:08:00 Job submitted from host: <188.185.8.79:9618?addrs=188.185.8.79-9618+[2001-1458-d00-63--100-23a]-9618&alias=bigbird26.cern.ch&noUDP&sock=schedd_3453776_a447>
...
040 (9053417.050.000) 11/18 00:56:50 Started transferring input files
	Transferring to host: <188.184.195.60:9618?addrs=188.184.195.60-9618+[2001-1458-301-72--100-40b]-9618&alias=b9g47n8368.cern.ch&noUDP&sock=slot1_1_17911_ab71_7920>
...
040 (9053417.050.000) 11/18 00:56:50 Finished transferring input files
...
001 (9053417.050.000) 11/18 00:56:51 Job executing on host: <188.184.195.60:9618?addrs=188.184.195.60-9618+[2001-1458-301-72--100-40b]-9618&alias=b9g47n8368.cern.ch&noUDP&sock=startd_17076_4b4d>
	SlotName: slot1_1@b9g47n8368.cern.ch
	AvailableGPUs = { GPUs_GPU_0d3184cb }
	CondorScratchDir = "/pool/condor/dir_2867600"
	Cpus = 3
	Disk = 2055
	GPUs = 1
	GPUs_GPU_0d3184cb = [ Id = "GPU-0d3184cb"; ClockMhz = 1590.0; Capability = 7.5; CoresPerCU = 64; DeviceName = "Tesla T4"; DeviceUuid = "0d3184cb-044b-6a85-e661-54a626111c00"; ECCEnabled = true; ComputeUnits = 40; DriverVersion = 13.0; DevicePciBusId = "0000:07:00.0"; GlobalMemoryMb = 14913; MaxSupportedVersion = 13000 ]
	Memory = 9000
...
006 (9053417.050.000) 11/18 00:57:04 Image size of job updated: 58812
	58  -  MemoryUsage of job (MB)
	58812  -  ResidentSetSize of job (KB)
...
006 (9053417.050.000) 11/18 01:02:04 Image size of job updated: 1385540
	1227  -  MemoryUsage of job (MB)
	1256092  -  ResidentSetSize of job (KB)
...
006 (9053417.050.000) 11/18 01:07:05 Image size of job updated: 1741272
	1227  -  MemoryUsage of job (MB)
	1256092  -  ResidentSetSize of job (KB)
...
006 (9053417.050.000) 11/18 01:17:05 Image size of job updated: 1829608
	1237  -  MemoryUsage of job (MB)
	1266020  -  ResidentSetSize of job (KB)
...
006 (9053417.050.000) 11/18 01:27:07 Image size of job updated: 1937392
	1237  -  MemoryUsage of job (MB)
	1266020  -  ResidentSetSize of job (KB)
...
040 (9053417.050.000) 11/18 01:34:07 Started transferring output files
...
040 (9053417.050.000) 11/18 01:34:07 Finished transferring output files
...
005 (9053417.050.000) 11/18 01:34:07 Job terminated.
	(1) Normal termination (return value 0)
		Usr 0 00:32:55, Sys 0 00:01:00  -  Run Remote Usage
		Usr 0 00:00:00, Sys 0 00:00:00  -  Run Local Usage
		Usr 0 00:32:55, Sys 0 00:01:00  -  Total Remote Usage
		Usr 0 00:00:00, Sys 0 00:00:00  -  Total Local Usage
	49105  -  Run Bytes Sent By Job
	16366  -  Run Bytes Received By Job
	49105  -  Total Bytes Sent By Job
	16366  -  Total Bytes Received By Job
	Partitionable Resources :    Usage  Request Allocated Assigned
	   Cpus                 :     0.99        3         3 
	   Disk (KB)            :    89          17      2055 
	   GPUs                 :     0.00        1         1 "GPU-0d3184cb"
	   GpusMemory (MB)      : 14333                       
	   Memory (MB)          :  1237        9000      9000 
	   TimeExecute (s)      :  2236                       
	   TimeSlotBusy (s)     :  2237                       

	Job terminated of its own accord at 2025-11-18T00:34:07Z with exit-code 0.
...
