000 (9053109.081.000) 11/18 00:02:17 Job submitted from host: <188.185.8.79:9618?addrs=188.185.8.79-9618+[2001-1458-d00-63--100-23a]-9618&alias=bigbird26.cern.ch&noUDP&sock=schedd_3453776_a447>
...
040 (9053109.081.000) 11/18 00:06:07 Started transferring input files
	Transferring to host: <188.184.195.72:9618?addrs=188.184.195.72-9618+[2001-1458-301-72--100-3bf]-9618&alias=b9g47n6462.cern.ch&noUDP&sock=slot1_1_18519_0f8a_7866>
...
040 (9053109.081.000) 11/18 00:06:07 Finished transferring input files
...
001 (9053109.081.000) 11/18 00:06:08 Job executing on host: <188.184.195.72:9618?addrs=188.184.195.72-9618+[2001-1458-301-72--100-3bf]-9618&alias=b9g47n6462.cern.ch&noUDP&sock=startd_17580_ff09>
	SlotName: slot1_1@b9g47n6462.cern.ch
	AvailableGPUs = { GPUs_GPU_097ed6ab }
	CondorScratchDir = "/pool/condor/dir_3150217"
	Cpus = 3
	Disk = 2064
	GPUs = 1
	GPUs_GPU_097ed6ab = [ Id = "GPU-097ed6ab"; ClockMhz = 1590.0; Capability = 7.5; CoresPerCU = 64; DeviceName = "Tesla T4"; DeviceUuid = "097ed6ab-2e6f-8d98-37a3-6ad09a369fc4"; ECCEnabled = true; ComputeUnits = 40; DriverVersion = 13.0; DevicePciBusId = "0000:07:00.0"; GlobalMemoryMb = 14913; MaxSupportedVersion = 13000 ]
	Memory = 9000
...
006 (9053109.081.000) 11/18 00:06:13 Image size of job updated: 36
	0  -  MemoryUsage of job (MB)
	0  -  ResidentSetSize of job (KB)
...
040 (9053109.081.000) 11/18 00:06:13 Started transferring output files
...
040 (9053109.081.000) 11/18 00:06:13 Finished transferring output files
...
005 (9053109.081.000) 11/18 00:06:13 Job terminated.
	(1) Normal termination (return value 1)
		Usr 0 00:00:00, Sys 0 00:00:00  -  Run Remote Usage
		Usr 0 00:00:00, Sys 0 00:00:00  -  Run Local Usage
		Usr 0 00:00:00, Sys 0 00:00:00  -  Total Remote Usage
		Usr 0 00:00:00, Sys 0 00:00:00  -  Total Local Usage
	375  -  Run Bytes Sent By Job
	16365  -  Run Bytes Received By Job
	375  -  Total Bytes Sent By Job
	16365  -  Total Bytes Received By Job
	Partitionable Resources :    Usage  Request Allocated Assigned
	   Cpus                 :        0        3         3 
	   Disk (KB)            :       46       17      2064 
	   GPUs                 :        0        1         1 "GPU-097ed6ab"
	   Memory (MB)          :        0     9000      9000 
	   TimeExecute (s)      :        5                    
	   TimeSlotBusy (s)     :        6                    

	Job terminated of its own accord at 2025-11-17T23:06:13Z with exit-code 1.
...
