000 (9053109.087.000) 11/18 00:02:17 Job submitted from host: <188.185.8.79:9618?addrs=188.185.8.79-9618+[2001-1458-d00-63--100-23a]-9618&alias=bigbird26.cern.ch&noUDP&sock=schedd_3453776_a447>
...
040 (9053109.087.000) 11/18 00:06:10 Started transferring input files
	Transferring to host: <188.185.190.49:9618?addrs=188.185.190.49-9618+[2001-1458-d03-b--100-10d]-9618&alias=b9pgpun208.cern.ch&noUDP&sock=slot1_1_3308_8900_2409>
...
040 (9053109.087.000) 11/18 00:06:10 Finished transferring input files
...
001 (9053109.087.000) 11/18 00:06:11 Job executing on host: <188.185.190.49:9618?addrs=188.185.190.49-9618+[2001-1458-d03-b--100-10d]-9618&alias=b9pgpun208.cern.ch&noUDP&sock=startd_2698_2e9b>
	SlotName: slot1_1@b9pgpun208.cern.ch
	AvailableGPUs = { GPUs_MIG_a77cf222_9084_530d_880f_b3b2419f0fc8 }
	CondorScratchDir = "/pool/condor/dir_889892"
	Cpus = 3
	Disk = 2048
	GPUs = 1
	GPUs_MIG_a77cf222_9084_530d_880f_b3b2419f0fc8 = [ Id = "MIG-a77cf222-9084-530d-880f-b3b2419f0fc8"; DeviceName = "NVIDIA H100L-2-24C MIG 2g.24gb"; DeviceUuid = "MIG-a77cf222-9084-530d-880f-b3b2419f0fc8"; ComputeUnits = 32; GlobalMemoryMb = 21547 ]
	Memory = 9000
...
006 (9053109.087.000) 11/18 00:06:16 Image size of job updated: 52
	0  -  MemoryUsage of job (MB)
	0  -  ResidentSetSize of job (KB)
...
040 (9053109.087.000) 11/18 00:06:16 Started transferring output files
...
040 (9053109.087.000) 11/18 00:06:16 Finished transferring output files
...
005 (9053109.087.000) 11/18 00:06:16 Job terminated.
	(1) Normal termination (return value 1)
		Usr 0 00:00:00, Sys 0 00:00:00  -  Run Remote Usage
		Usr 0 00:00:00, Sys 0 00:00:00  -  Run Local Usage
		Usr 0 00:00:00, Sys 0 00:00:00  -  Total Remote Usage
		Usr 0 00:00:00, Sys 0 00:00:00  -  Total Local Usage
	374  -  Run Bytes Sent By Job
	16365  -  Run Bytes Received By Job
	374  -  Total Bytes Sent By Job
	16365  -  Total Bytes Received By Job
	Partitionable Resources :    Usage  Request Allocated Assigned
	   Cpus                 :        0        3         3 
	   Disk (KB)            :       45       17      2048 
	   GPUs                 :                 1         1 "MIG-a77cf222-9084-530d-880f-b3b2419f0fc8"
	   Memory (MB)          :        0     9000      9000 
	   TimeExecute (s)      :        5                    
	   TimeSlotBusy (s)     :        6                    

	Job terminated of its own accord at 2025-11-17T23:06:16Z with exit-code 1.
...
