000 (9053417.006.000) 11/18 00:08:00 Job submitted from host: <188.185.8.79:9618?addrs=188.185.8.79-9618+[2001-1458-d00-63--100-23a]-9618&alias=bigbird26.cern.ch&noUDP&sock=schedd_3453776_a447>
...
040 (9053417.006.000) 11/18 00:08:11 Started transferring input files
	Transferring to host: <188.185.190.77:9618?addrs=188.185.190.77-9618+[2001-1458-d03-b--100-175]-9618&alias=b9pgpun018.cern.ch&noUDP&sock=slot1_1_4847_e65e_2387>
...
040 (9053417.006.000) 11/18 00:08:11 Finished transferring input files
...
001 (9053417.006.000) 11/18 00:08:12 Job executing on host: <188.185.190.77:9618?addrs=188.185.190.77-9618+[2001-1458-d03-b--100-175]-9618&alias=b9pgpun018.cern.ch&noUDP&sock=startd_4801_aa47>
	SlotName: slot1_1@b9pgpun018.cern.ch
	AvailableGPUs = { GPUs_MIG_fce1d39d_c82f_5c4a_a3dd_a2d30ee9c9f3 }
	CondorScratchDir = "/pool/condor/dir_751612"
	Cpus = 3
	Disk = 2049
	GPUs = 1
	GPUs_MIG_fce1d39d_c82f_5c4a_a3dd_a2d30ee9c9f3 = [ Id = "MIG-fce1d39d-c82f-5c4a-a3dd-a2d30ee9c9f3"; DeviceName = "NVIDIA H100L-1-12C MIG 1g.12gb"; DeviceUuid = "MIG-fce1d39d-c82f-5c4a-a3dd-a2d30ee9c9f3"; ComputeUnits = 16; GlobalMemoryMb = 10564 ]
	Memory = 9000
...
006 (9053417.006.000) 11/18 00:08:25 Image size of job updated: 19752
	20  -  MemoryUsage of job (MB)
	19752  -  ResidentSetSize of job (KB)
...
006 (9053417.006.000) 11/18 00:13:25 Image size of job updated: 55168
	54  -  MemoryUsage of job (MB)
	55168  -  ResidentSetSize of job (KB)
...
006 (9053417.006.000) 11/18 00:18:26 Image size of job updated: 217328
	213  -  MemoryUsage of job (MB)
	217328  -  ResidentSetSize of job (KB)
...
006 (9053417.006.000) 11/18 00:23:27 Image size of job updated: 720936
	705  -  MemoryUsage of job (MB)
	720936  -  ResidentSetSize of job (KB)
...
006 (9053417.006.000) 11/18 00:28:27 Image size of job updated: 721292
	705  -  MemoryUsage of job (MB)
	721292  -  ResidentSetSize of job (KB)
...
006 (9053417.006.000) 11/18 00:33:27 Image size of job updated: 960752
	939  -  MemoryUsage of job (MB)
	960752  -  ResidentSetSize of job (KB)
...
006 (9053417.006.000) 11/18 00:38:28 Image size of job updated: 1363920
	939  -  MemoryUsage of job (MB)
	960752  -  ResidentSetSize of job (KB)
...
006 (9053417.006.000) 11/18 00:43:29 Image size of job updated: 1566412
	939  -  MemoryUsage of job (MB)
	960752  -  ResidentSetSize of job (KB)
...
006 (9053417.006.000) 11/18 00:48:29 Image size of job updated: 1566412
	1008  -  MemoryUsage of job (MB)
	1031960  -  ResidentSetSize of job (KB)
...
006 (9053417.006.000) 11/18 00:53:29 Image size of job updated: 1566412
	1191  -  MemoryUsage of job (MB)
	1219220  -  ResidentSetSize of job (KB)
...
006 (9053417.006.000) 11/18 00:58:03 Image size of job updated: 1837700
	1191  -  MemoryUsage of job (MB)
	1219220  -  ResidentSetSize of job (KB)
...
040 (9053417.006.000) 11/18 00:58:03 Started transferring output files
...
040 (9053417.006.000) 11/18 00:58:03 Finished transferring output files
...
005 (9053417.006.000) 11/18 00:58:03 Job terminated.
	(1) Normal termination (return value 0)
		Usr 0 00:16:28, Sys 0 00:00:51  -  Run Remote Usage
		Usr 0 00:00:00, Sys 0 00:00:00  -  Run Local Usage
		Usr 0 00:16:28, Sys 0 00:00:51  -  Total Remote Usage
		Usr 0 00:00:00, Sys 0 00:00:00  -  Total Local Usage
	53449  -  Run Bytes Sent By Job
	16366  -  Run Bytes Received By Job
	53449  -  Total Bytes Sent By Job
	16366  -  Total Bytes Received By Job
	Partitionable Resources :    Usage  Request Allocated Assigned
	   Cpus                 :     0.20        3         3 
	   Disk (KB)            :   149          17      2049 
	   GPUs                 :                 1         1 "MIG-fce1d39d-c82f-5c4a-a3dd-a2d30ee9c9f3"
	   Memory (MB)          :  1191        9000      9000 
	   TimeExecute (s)      :  2991                       
	   TimeSlotBusy (s)     :  2992                       

	Job terminated of its own accord at 2025-11-17T23:58:03Z with exit-code 0.
...
