000 (9053417.012.000) 11/18 00:08:00 Job submitted from host: <188.185.8.79:9618?addrs=188.185.8.79-9618+[2001-1458-d00-63--100-23a]-9618&alias=bigbird26.cern.ch&noUDP&sock=schedd_3453776_a447>
...
040 (9053417.012.000) 11/18 00:08:13 Started transferring input files
	Transferring to host: <188.185.93.208:9618?addrs=188.185.93.208-9618+[2001-1458-d00-6c--100-e9]-9618&alias=b9g57n3665.cern.ch&noUDP&sock=slot1_1_3730_df51_8046>
...
040 (9053417.012.000) 11/18 00:08:13 Finished transferring input files
...
001 (9053417.012.000) 11/18 00:08:14 Job executing on host: <188.185.93.208:9618?addrs=188.185.93.208-9618+[2001-1458-d00-6c--100-e9]-9618&alias=b9g57n3665.cern.ch&noUDP&sock=startd_3378_9b02>
	SlotName: slot1_1@b9g57n3665.cern.ch
	AvailableGPUs = { GPUs_GPU_836178fb }
	CondorScratchDir = "/pool/condor/dir_1867261"
	Cpus = 3
	Disk = 2048
	GPUs = 1
	GPUs_GPU_836178fb = [ Id = "GPU-836178fb"; ClockMhz = 1410.0; Capability = 8.0; CoresPerCU = 64; DeviceName = "NVIDIA A100-PCIE-40GB"; DeviceUuid = "836178fb-b193-b354-8ad9-dc95f395b443"; ECCEnabled = true; ComputeUnits = 108; DriverVersion = 13.0; DevicePciBusId = "0000:06:00.0"; GlobalMemoryMb = 40441; MaxSupportedVersion = 13000 ]
	Memory = 9000
...
006 (9053417.012.000) 11/18 00:08:28 Image size of job updated: 42284
	42  -  MemoryUsage of job (MB)
	42284  -  ResidentSetSize of job (KB)
...
006 (9053417.012.000) 11/18 00:13:29 Image size of job updated: 58900
	58  -  MemoryUsage of job (MB)
	58900  -  ResidentSetSize of job (KB)
...
006 (9053417.012.000) 11/18 00:18:30 Image size of job updated: 152948
	150  -  MemoryUsage of job (MB)
	152948  -  ResidentSetSize of job (KB)
...
006 (9053417.012.000) 11/18 00:23:30 Image size of job updated: 692900
	677  -  MemoryUsage of job (MB)
	692900  -  ResidentSetSize of job (KB)
...
006 (9053417.012.000) 11/18 00:28:30 Image size of job updated: 955724
	934  -  MemoryUsage of job (MB)
	955724  -  ResidentSetSize of job (KB)
...
006 (9053417.012.000) 11/18 00:33:31 Image size of job updated: 955732
	934  -  MemoryUsage of job (MB)
	955724  -  ResidentSetSize of job (KB)
...
006 (9053417.012.000) 11/18 00:38:31 Image size of job updated: 2516884
	934  -  MemoryUsage of job (MB)
	955724  -  ResidentSetSize of job (KB)
...
006 (9053417.012.000) 11/18 00:48:32 Image size of job updated: 2516884
	2187  -  MemoryUsage of job (MB)
	2239116  -  ResidentSetSize of job (KB)
...
006 (9053417.012.000) 11/18 01:03:33 Image size of job updated: 2516884
	2231  -  MemoryUsage of job (MB)
	2284388  -  ResidentSetSize of job (KB)
...
040 (9053417.012.000) 11/18 01:13:37 Started transferring output files
...
040 (9053417.012.000) 11/18 01:13:37 Finished transferring output files
...
005 (9053417.012.000) 11/18 01:13:37 Job terminated.
	(1) Normal termination (return value 0)
		Usr 0 00:31:39, Sys 0 00:05:24  -  Run Remote Usage
		Usr 0 00:00:00, Sys 0 00:00:00  -  Run Local Usage
		Usr 0 00:31:39, Sys 0 00:05:24  -  Total Remote Usage
		Usr 0 00:00:00, Sys 0 00:00:00  -  Total Local Usage
	53632  -  Run Bytes Sent By Job
	16366  -  Run Bytes Received By Job
	53632  -  Total Bytes Sent By Job
	16366  -  Total Bytes Received By Job
	Partitionable Resources :    Usage  Request Allocated Assigned
	   Cpus                 :     1.00        3         3 
	   Disk (KB)            :    93          17      2048 
	   GPUs                 :     0.00        1         1 "GPU-836178fb"
	   GpusMemory (MB)      : 39450                       
	   Memory (MB)          :  2231        9000      9000 
	   TimeExecute (s)      :  3923                       
	   TimeSlotBusy (s)     :  3924                       

	Job terminated of its own accord at 2025-11-18T00:13:37Z with exit-code 0.
...
