000 (9053417.099.000) 11/18 00:08:00 Job submitted from host: <188.185.8.79:9618?addrs=188.185.8.79-9618+[2001-1458-d00-63--100-23a]-9618&alias=bigbird26.cern.ch&noUDP&sock=schedd_3453776_a447>
...
040 (9053417.099.000) 11/18 01:20:38 Started transferring input files
	Transferring to host: <188.185.190.102:9618?addrs=188.185.190.102-9618+[2001-1458-d03-b--100-2ca]-9618&alias=b9pgpun101.cern.ch&noUDP&sock=slot1_1_256277_148e_4816>
...
040 (9053417.099.000) 11/18 01:20:38 Finished transferring input files
...
001 (9053417.099.000) 11/18 01:20:39 Job executing on host: <188.185.190.102:9618?addrs=188.185.190.102-9618+[2001-1458-d03-b--100-2ca]-9618&alias=b9pgpun101.cern.ch&noUDP&sock=startd_236364_9f60>
	SlotName: slot1_1@b9pgpun101.cern.ch
	AvailableGPUs = { GPUs_MIG_8b3dd414_f1d0_5e9f_ac91_7095c232a71a }
	CondorScratchDir = "/pool/condor/dir_1699820"
	Cpus = 3
	Disk = 2049
	GPUs = 1
	GPUs_MIG_8b3dd414_f1d0_5e9f_ac91_7095c232a71a = [ Id = "MIG-8b3dd414-f1d0-5e9f-ac91-7095c232a71a"; DeviceName = "NVIDIA H100L-1-12C MIG 1g.12gb"; DeviceUuid = "MIG-8b3dd414-f1d0-5e9f-ac91-7095c232a71a"; ComputeUnits = 16; GlobalMemoryMb = 10564 ]
	Memory = 9000
...
006 (9053417.099.000) 11/18 01:20:52 Image size of job updated: 68988
	68  -  MemoryUsage of job (MB)
	68988  -  ResidentSetSize of job (KB)
...
006 (9053417.099.000) 11/18 01:25:52 Image size of job updated: 1637492
	325  -  MemoryUsage of job (MB)
	332744  -  ResidentSetSize of job (KB)
...
006 (9053417.099.000) 11/18 01:30:53 Image size of job updated: 1637492
	1220  -  MemoryUsage of job (MB)
	1248796  -  ResidentSetSize of job (KB)
...
006 (9053417.099.000) 11/18 01:35:54 Image size of job updated: 1637492
	1277  -  MemoryUsage of job (MB)
	1307272  -  ResidentSetSize of job (KB)
...
006 (9053417.099.000) 11/18 01:40:06 Image size of job updated: 1912944
	1277  -  MemoryUsage of job (MB)
	1307272  -  ResidentSetSize of job (KB)
...
040 (9053417.099.000) 11/18 01:40:06 Started transferring output files
...
040 (9053417.099.000) 11/18 01:40:06 Finished transferring output files
...
005 (9053417.099.000) 11/18 01:40:06 Job terminated.
	(1) Normal termination (return value 0)
		Usr 0 00:16:33, Sys 0 00:00:50  -  Run Remote Usage
		Usr 0 00:00:00, Sys 0 00:00:00  -  Run Local Usage
		Usr 0 00:16:33, Sys 0 00:00:50  -  Total Remote Usage
		Usr 0 00:00:00, Sys 0 00:00:00  -  Total Local Usage
	51568  -  Run Bytes Sent By Job
	16366  -  Run Bytes Received By Job
	51568  -  Total Bytes Sent By Job
	16366  -  Total Bytes Received By Job
	Partitionable Resources :    Usage  Request Allocated Assigned
	   Cpus                 :     0.99        3         3 
	   Disk (KB)            :    90          17      2049 
	   GPUs                 :                 1         1 "MIG-8b3dd414-f1d0-5e9f-ac91-7095c232a71a"
	   Memory (MB)          :  1277        9000      9000 
	   TimeExecute (s)      :  1167                       
	   TimeSlotBusy (s)     :  1168                       

	Job terminated of its own accord at 2025-11-18T00:40:06Z with exit-code 0.
...
