000 (9053417.104.000) 11/18 00:08:00 Job submitted from host: <188.185.8.79:9618?addrs=188.185.8.79-9618+[2001-1458-d00-63--100-23a]-9618&alias=bigbird26.cern.ch&noUDP&sock=schedd_3453776_a447>
...
040 (9053417.104.000) 11/18 01:22:36 Started transferring input files
	Transferring to host: <188.185.190.90:9618?addrs=188.185.190.90-9618+[2001-1458-d03-b--100-83]-9618&alias=b9pgpun210.cern.ch&noUDP&sock=slot1_1_3804_0314_2453>
...
040 (9053417.104.000) 11/18 01:22:36 Finished transferring input files
...
001 (9053417.104.000) 11/18 01:22:37 Job executing on host: <188.185.190.90:9618?addrs=188.185.190.90-9618+[2001-1458-d03-b--100-83]-9618&alias=b9pgpun210.cern.ch&noUDP&sock=startd_3405_2011>
	SlotName: slot1_1@b9pgpun210.cern.ch
	AvailableGPUs = { GPUs_MIG_9ae26843_9166_5960_9b04_48cdd4d0fb04 }
	CondorScratchDir = "/pool/condor/dir_1624132"
	Cpus = 3
	Disk = 2049
	GPUs = 1
	GPUs_MIG_9ae26843_9166_5960_9b04_48cdd4d0fb04 = [ Id = "MIG-9ae26843-9166-5960-9b04-48cdd4d0fb04"; DeviceName = "NVIDIA H100L-2-24C MIG 2g.24gb"; DeviceUuid = "MIG-9ae26843-9166-5960-9b04-48cdd4d0fb04"; ComputeUnits = 32; GlobalMemoryMb = 21547 ]
	Memory = 9000
...
006 (9053417.104.000) 11/18 01:22:50 Image size of job updated: 58904
	58  -  MemoryUsage of job (MB)
	58904  -  ResidentSetSize of job (KB)
...
006 (9053417.104.000) 11/18 01:27:50 Image size of job updated: 1728920
	368  -  MemoryUsage of job (MB)
	375812  -  ResidentSetSize of job (KB)
...
006 (9053417.104.000) 11/18 01:32:51 Image size of job updated: 1728920
	1649  -  MemoryUsage of job (MB)
	1688028  -  ResidentSetSize of job (KB)
...
040 (9053417.104.000) 11/18 01:42:36 Started transferring output files
...
040 (9053417.104.000) 11/18 01:42:36 Finished transferring output files
...
005 (9053417.104.000) 11/18 01:42:36 Job terminated.
	(1) Normal termination (return value 0)
		Usr 0 00:17:13, Sys 0 00:00:46  -  Run Remote Usage
		Usr 0 00:00:00, Sys 0 00:00:00  -  Run Local Usage
		Usr 0 00:17:13, Sys 0 00:00:46  -  Total Remote Usage
		Usr 0 00:00:00, Sys 0 00:00:00  -  Total Local Usage
	51583  -  Run Bytes Sent By Job
	16366  -  Run Bytes Received By Job
	51583  -  Total Bytes Sent By Job
	16366  -  Total Bytes Received By Job
	Partitionable Resources :    Usage  Request Allocated Assigned
	   Cpus                 :     0.99        3         3 
	   Disk (KB)            :    90          17      2049 
	   GPUs                 :                 1         1 "MIG-9ae26843-9166-5960-9b04-48cdd4d0fb04"
	   Memory (MB)          :  1649        9000      9000 
	   TimeExecute (s)      :  1199                       
	   TimeSlotBusy (s)     :  1200                       

	Job terminated of its own accord at 2025-11-18T00:42:36Z with exit-code 0.
...
