000 (9053417.029.000) 11/18 00:08:00 Job submitted from host: <188.185.8.79:9618?addrs=188.185.8.79-9618+[2001-1458-d00-63--100-23a]-9618&alias=bigbird26.cern.ch&noUDP&sock=schedd_3453776_a447>
...
040 (9053417.029.000) 11/18 00:24:00 Started transferring input files
	Transferring to host: <188.185.92.203:9618?addrs=188.185.92.203-9618+[2001-1458-d00-6c--100-2c0]-9618&alias=b9g57n2077.cern.ch&noUDP&sock=slot1_1_5407_7875_7975>
...
040 (9053417.029.000) 11/18 00:24:00 Finished transferring input files
...
001 (9053417.029.000) 11/18 00:24:01 Job executing on host: <188.185.92.203:9618?addrs=188.185.92.203-9618+[2001-1458-d00-6c--100-2c0]-9618&alias=b9g57n2077.cern.ch&noUDP&sock=startd_5289_647e>
	SlotName: slot1_1@b9g57n2077.cern.ch
	AvailableGPUs = { GPUs_GPU_f7b29eb4 }
	CondorScratchDir = "/pool/condor/dir_1333413"
	Cpus = 3
	Disk = 2049
	GPUs = 1
	GPUs_GPU_f7b29eb4 = [ Id = "GPU-f7b29eb4"; ClockMhz = 1410.0; Capability = 8.0; CoresPerCU = 64; DeviceName = "NVIDIA A100-PCIE-40GB"; DeviceUuid = "f7b29eb4-a8a4-2aa2-9117-94b506dacb04"; ECCEnabled = true; ComputeUnits = 108; DriverVersion = 13.0; DevicePciBusId = "0000:06:00.0"; GlobalMemoryMb = 40441; MaxSupportedVersion = 13000 ]
	Memory = 9000
...
006 (9053417.029.000) 11/18 00:24:14 Image size of job updated: 21796
	22  -  MemoryUsage of job (MB)
	21796  -  ResidentSetSize of job (KB)
...
006 (9053417.029.000) 11/18 00:29:14 Image size of job updated: 312672
	306  -  MemoryUsage of job (MB)
	312672  -  ResidentSetSize of job (KB)
...
006 (9053417.029.000) 11/18 00:34:15 Image size of job updated: 636676
	622  -  MemoryUsage of job (MB)
	636676  -  ResidentSetSize of job (KB)
...
006 (9053417.029.000) 11/18 00:39:15 Image size of job updated: 873020
	853  -  MemoryUsage of job (MB)
	873020  -  ResidentSetSize of job (KB)
...
006 (9053417.029.000) 11/18 00:44:15 Image size of job updated: 902560
	853  -  MemoryUsage of job (MB)
	873020  -  ResidentSetSize of job (KB)
...
006 (9053417.029.000) 11/18 00:49:16 Image size of job updated: 2315448
	950  -  MemoryUsage of job (MB)
	972616  -  ResidentSetSize of job (KB)
...
006 (9053417.029.000) 11/18 00:54:16 Image size of job updated: 2315448
	2157  -  MemoryUsage of job (MB)
	2207896  -  ResidentSetSize of job (KB)
...
006 (9053417.029.000) 11/18 01:04:17 Image size of job updated: 2315448
	2204  -  MemoryUsage of job (MB)
	2256388  -  ResidentSetSize of job (KB)
...
006 (9053417.029.000) 11/18 01:09:17 Image size of job updated: 2315448
	2226  -  MemoryUsage of job (MB)
	2278860  -  ResidentSetSize of job (KB)
...
006 (9053417.029.000) 11/18 01:19:18 Image size of job updated: 2826476
	2243  -  MemoryUsage of job (MB)
	2296144  -  ResidentSetSize of job (KB)
...
040 (9053417.029.000) 11/18 01:20:35 Started transferring output files
...
040 (9053417.029.000) 11/18 01:20:35 Finished transferring output files
...
005 (9053417.029.000) 11/18 01:20:35 Job terminated.
	(1) Normal termination (return value 0)
		Usr 0 00:31:09, Sys 0 00:05:18  -  Run Remote Usage
		Usr 0 00:00:00, Sys 0 00:00:00  -  Run Local Usage
		Usr 0 00:31:09, Sys 0 00:05:18  -  Total Remote Usage
		Usr 0 00:00:00, Sys 0 00:00:00  -  Total Local Usage
	54504  -  Run Bytes Sent By Job
	16366  -  Run Bytes Received By Job
	54504  -  Total Bytes Sent By Job
	16366  -  Total Bytes Received By Job
	Partitionable Resources :    Usage  Request Allocated Assigned
	   Cpus                 :     1.00        3         3 
	   Disk (KB)            :    94          17      2049 
	   GPUs                 :     0.00        1         1 "GPU-f7b29eb4"
	   GpusMemory (MB)      : 39450                       
	   Memory (MB)          :  2243        9000      9000 
	   TimeExecute (s)      :  3394                       
	   TimeSlotBusy (s)     :  3396                       

	Job terminated of its own accord at 2025-11-18T00:20:35Z with exit-code 0.
...
