
============================================================
Analyzing cat000020
============================================================

Found 108 NPZ files in:
  /eos/project-e/ep-nu/public/sn-pointing/cat000020/cat000020_cluster_images_tick3_ch2_min2_tot3_e2p0/X
  Files with 'es' in name: 0
  Files with 'cc' in name: 0

Total clusters: 20516

Cluster-level statistics:
  Marley clusters: 7706 (37.6%)
  Main track clusters: 4038 (19.7%)
  ES clusters: 367 (1.8%)

Combined filters:
  Marley + Main: 4033 clusters
  Marley + Main + ES: 297 clusters
  Marley + Main + CC: 3736 clusters

Total events: 40

Event-level statistics:
  Events with main track: 40
  ES events: 40
  CC events: 0

Cluster energy statistics:
  Min: 1.74 MeV
  Max: 77.23 MeV
  Mean: 6.02 MeV
  Median: 2.48 MeV

ES cluster energies:
  Mean: 9.84 MeV
  Median: 8.64 MeV

CC cluster energies:
  Mean: 5.95 MeV
  Median: 2.47 MeV

============================================================

