000 (12923945.001.000) 11/16 19:01:16 Job submitted from host: <188.185.121.235:9618?addrs=188.185.121.235-9618+[2001-1458-d00-49--100-36e]-9618&alias=bigbird22.cern.ch&noUDP&sock=schedd_232129_c3ca>
...
040 (12923945.001.000) 11/16 19:03:37 Started transferring input files
	Transferring to host: <128.142.161.102:9618?addrs=128.142.161.102-9618+[2001-1458-301-b8--100-24]-9618&alias=b9g03p0525.cern.ch&noUDP&sock=slot1_8_3458683_cf7f_31453>
...
040 (12923945.001.000) 11/16 19:03:37 Finished transferring input files
...
001 (12923945.001.000) 11/16 19:03:38 Job executing on host: <128.142.161.102:9618?addrs=128.142.161.102-9618+[2001-1458-301-b8--100-24]-9618&alias=b9g03p0525.cern.ch&noUDP&sock=startd_4457_b5b2>
	SlotName: slot1_8@b9g03p0525.cern.ch
	CondorScratchDir = "/pool/condor/dir_147514"
	Cpus = 1
	Disk = 3793
	GPUs = 0
	Memory = 3000
...
006 (12923945.001.000) 11/16 19:03:51 Image size of job updated: 17788
	18  -  MemoryUsage of job (MB)
	17788  -  ResidentSetSize of job (KB)
...
006 (12923945.001.000) 11/16 19:03:55 Image size of job updated: 18172
	18  -  MemoryUsage of job (MB)
	17788  -  ResidentSetSize of job (KB)
...
040 (12923945.001.000) 11/16 19:03:55 Started transferring output files
...
040 (12923945.001.000) 11/16 19:03:55 Finished transferring output files
...
005 (12923945.001.000) 11/16 19:03:55 Job terminated.
	(1) Normal termination (return value 0)
		Usr 0 00:00:00, Sys 0 00:00:00  -  Run Remote Usage
		Usr 0 00:00:00, Sys 0 00:00:00  -  Run Local Usage
		Usr 0 00:00:00, Sys 0 00:00:00  -  Total Remote Usage
		Usr 0 00:00:00, Sys 0 00:00:00  -  Total Local Usage
	8288  -  Run Bytes Sent By Job
	264  -  Run Bytes Received By Job
	8288  -  Total Bytes Sent By Job
	264  -  Total Bytes Received By Job
	Partitionable Resources :    Usage  Request Allocated 
	   Cpus                 :        0        1         1 
	   Disk (KB)            :       31        1      3793 
	   GPUs                 :                           0 
	   Memory (MB)          :       18     3000      3000 
	   TimeExecute (s)      :       17                    
	   TimeSlotBusy (s)     :       19                    

	Job terminated of its own accord at 2025-11-16T18:03:55Z with exit-code 0.
...
